OpenJDK 64-Bit Server VM (25.45-b02) for linux-amd64 JRE (1.8.0_45-internal-b14), built on Apr 20 2015 00:35:04 by "buildd" with gcc 4.9.2
Memory: 4k page, physical 7659564k(7270264k free), swap 0k(0k free)
CommandLine flags: -XX:InitialHeapSize=122553024 -XX:+ManagementServer -XX:MaxHeapSize=1960848384 -XX:MaxTenuringThreshold=6 -XX:NewRatio=2 -XX:OldPLABSize=16 -XX:+PrintGC -XX:+PrintGCDateStamps -XX:+PrintGCDetails -XX:+PrintGCTimeStamps -XX:ReservedCodeCacheSize=268435456 -XX:+TieredCompilation -XX:+UseCompressedClassPointers -XX:+UseCompressedOops -XX:+UseConcMarkSweepGC -XX:+UseParNewGC 
2015-10-30T14:32:18.833+0000: 6.014: [GC (Allocation Failure) 6.014: [ParNew: 32320K->3967K(36288K), 0.0080019 secs] 32320K->7675K(116864K), 0.0081070 secs] [Times: user=0.01 sys=0.01, real=0.01 secs] 
2015-10-30T14:32:20.639+0000: 7.820: [GC (Allocation Failure) 7.823: [ParNew: 36287K->3968K(36288K), 0.0375068 secs] 39995K->12832K(116864K), 0.0407035 secs] [Times: user=0.06 sys=0.00, real=0.04 secs] 
2015-10-30T14:32:20.806+0000: 7.986: [GC (Allocation Failure) 7.986: [ParNew: 36288K->3968K(36288K), 0.0388309 secs] 45152K->18942K(116864K), 0.0389082 secs] [Times: user=0.05 sys=0.00, real=0.03 secs] 
2015-10-30T14:32:20.946+0000: 8.127: [GC (Allocation Failure) 8.127: [ParNew: 36288K->3968K(36288K), 0.0224782 secs] 51262K->24462K(116864K), 0.0225721 secs] [Times: user=0.04 sys=0.01, real=0.02 secs] 
2015-10-30T14:32:21.046+0000: 8.227: [GC (Allocation Failure) 8.227: [ParNew: 36288K->3968K(36288K), 0.0492276 secs] 56782K->30968K(116864K), 0.0493101 secs] [Times: user=0.06 sys=0.00, real=0.04 secs] 
2015-10-30T14:32:21.240+0000: 8.420: [GC (Allocation Failure) 8.420: [ParNew: 36288K->3968K(36288K), 0.0575117 secs] 63288K->36293K(116864K), 0.0576011 secs] [Times: user=0.09 sys=0.00, real=0.06 secs] 
2015-10-30T14:32:21.374+0000: 8.555: [GC (Allocation Failure) 8.555: [ParNew: 36288K->3968K(36288K), 0.0496871 secs] 68613K->42072K(116864K), 0.0497710 secs] [Times: user=0.12 sys=0.01, real=0.05 secs] 
2015-10-30T14:32:21.474+0000: 8.654: [GC (Allocation Failure) 8.654: [ParNew: 36288K->3968K(36288K), 0.0442728 secs] 74392K->47848K(116864K), 0.0443589 secs] [Times: user=0.07 sys=0.01, real=0.05 secs] 
2015-10-30T14:32:21.525+0000: 8.706: [GC (CMS Initial Mark) [1 CMS-initial-mark: 43880K(80576K)] 47864K(116864K), 0.0081593 secs] [Times: user=0.01 sys=0.00, real=0.00 secs] 
2015-10-30T14:32:21.534+0000: 8.714: [CMS-concurrent-mark-start]
2015-10-30T14:32:21.620+0000: 8.800: [GC (Allocation Failure) 8.800: [ParNew: 36288K->3968K(36288K), 0.0625218 secs] 80168K->54527K(116864K), 0.0626079 secs] [Times: user=0.12 sys=0.00, real=0.06 secs] 
2015-10-30T14:32:21.797+0000: 8.978: [GC (Allocation Failure) 8.978: [ParNew: 36288K->3968K(36288K), 0.0479817 secs] 86847K->61647K(116864K), 0.0480730 secs] [Times: user=0.08 sys=0.00, real=0.05 secs] 
2015-10-30T14:32:21.940+0000: 9.120: [CMS-concurrent-mark: 0.265/0.406 secs] [Times: user=0.84 sys=0.02, real=0.41 secs] 
2015-10-30T14:32:21.940+0000: 9.120: [CMS-concurrent-preclean-start]
2015-10-30T14:32:21.943+0000: 9.124: [GC (Allocation Failure) 9.124: [ParNew: 36288K->3968K(36288K), 0.0598886 secs] 93967K->68539K(116864K), 0.0599614 secs] [Times: user=0.11 sys=0.00, real=0.06 secs] 
2015-10-30T14:32:22.046+0000: 9.227: [CMS-concurrent-preclean: 0.045/0.106 secs] [Times: user=0.21 sys=0.00, real=0.11 secs] 
2015-10-30T14:32:22.046+0000: 9.227: [CMS-concurrent-abortable-preclean-start]
2015-10-30T14:32:22.080+0000: 9.261: [GC (Allocation Failure) 9.261: [ParNew: 36288K->3968K(36288K), 0.0587697 secs] 100859K->74868K(116864K), 0.0588540 secs] [Times: user=0.09 sys=0.00, real=0.06 secs] 
2015-10-30T14:32:22.172+0000: 9.352: [CMS-concurrent-abortable-preclean: 0.057/0.125 secs] [Times: user=0.24 sys=0.00, real=0.12 secs] 
2015-10-30T14:32:22.172+0000: 9.352: [GC (CMS Final Remark) [YG occupancy: 17532 K (36288 K)]9.352: [Rescan (parallel) , 0.0172865 secs]9.370: [weak refs processing, 0.0000273 secs]9.370: [class unloading, 0.0033604 secs]9.373: [scrub symbol table, 0.0038473 secs]9.377: [scrub string table, 0.0005288 secs][1 CMS-remark: 70900K(80576K)] 88433K(116864K), 0.0258111 secs] [Times: user=0.04 sys=0.01, real=0.03 secs] 
2015-10-30T14:32:22.201+0000: 9.382: [CMS-concurrent-sweep-start]
2015-10-30T14:32:22.233+0000: 9.414: [GC (Allocation Failure) 9.414: [ParNew: 36288K->3968K(36288K), 0.0509303 secs] 101354K->75778K(116864K), 0.0510123 secs] [Times: user=0.09 sys=0.00, real=0.05 secs] 
2015-10-30T14:32:22.307+0000: 9.487: [CMS-concurrent-sweep: 0.050/0.106 secs] [Times: user=0.19 sys=0.00, real=0.11 secs] 
2015-10-30T14:32:22.307+0000: 9.488: [CMS-concurrent-reset-start]
2015-10-30T14:32:22.314+0000: 9.495: [CMS-concurrent-reset: 0.007/0.007 secs] [Times: user=0.02 sys=0.00, real=0.00 secs] 
2015-10-30T14:32:22.340+0000: 9.520: [GC (Allocation Failure) 9.520: [ParNew: 36288K->3966K(36288K), 0.0506542 secs] 108098K->85429K(155976K), 0.0507399 secs] [Times: user=0.10 sys=0.01, real=0.05 secs] 
2015-10-30T14:32:22.393+0000: 9.574: [GC (CMS Initial Mark) [1 CMS-initial-mark: 81463K(119688K)] 86724K(155976K), 0.0030932 secs] [Times: user=0.01 sys=0.00, real=0.00 secs] 
2015-10-30T14:32:22.396+0000: 9.577: [CMS-concurrent-mark-start]
2015-10-30T14:32:22.469+0000: 9.650: [GC (Allocation Failure) 9.650: [ParNew: 36286K->3968K(36288K), 0.0782370 secs] 117749K->93288K(155976K), 0.0783261 secs] [Times: user=0.17 sys=0.00, real=0.08 secs] 
2015-10-30T14:32:22.772+0000: 9.953: [CMS-concurrent-mark: 0.317/0.376 secs] [Times: user=0.71 sys=0.00, real=0.38 secs] 
2015-10-30T14:32:22.772+0000: 9.953: [CMS-concurrent-preclean-start]
2015-10-30T14:32:22.792+0000: 9.973: [CMS-concurrent-preclean: 0.019/0.020 secs] [Times: user=0.02 sys=0.01, real=0.02 secs] 
2015-10-30T14:32:22.792+0000: 9.973: [CMS-concurrent-abortable-preclean-start]
2015-10-30T14:32:22.924+0000: 10.105: [GC (Allocation Failure) 10.105: [ParNew: 36288K->3968K(36288K), 0.0193051 secs] 125608K->100392K(155976K), 0.0193695 secs] [Times: user=0.06 sys=0.00, real=0.02 secs] 
2015-10-30T14:32:23.837+0000: 11.018: [CMS-concurrent-abortable-preclean: 0.396/1.045 secs] [Times: user=1.24 sys=0.04, real=1.05 secs] 
2015-10-30T14:32:23.838+0000: 11.018: [GC (CMS Final Remark) [YG occupancy: 28074 K (36288 K)]11.018: [Rescan (parallel) , 0.0099346 secs]11.028: [weak refs processing, 0.0000158 secs]11.028: [class unloading, 0.0026495 secs]11.031: [scrub symbol table, 0.0036028 secs]11.034: [scrub string table, 0.0004213 secs][1 CMS-remark: 96424K(119688K)] 124498K(155976K), 0.0168870 secs] [Times: user=0.03 sys=0.00, real=0.01 secs] 
2015-10-30T14:32:23.855+0000: 11.035: [CMS-concurrent-sweep-start]
2015-10-30T14:32:23.880+0000: 11.060: [CMS-concurrent-sweep: 0.025/0.025 secs] [Times: user=0.02 sys=0.00, real=0.03 secs] 
2015-10-30T14:32:23.880+0000: 11.060: [CMS-concurrent-reset-start]
2015-10-30T14:32:23.882+0000: 11.063: [CMS-concurrent-reset: 0.002/0.002 secs] [Times: user=0.01 sys=0.00, real=0.00 secs] 
2015-10-30T14:32:24.401+0000: 11.582: [GC (Allocation Failure) 11.582: [ParNew: 36288K->3968K(36288K), 0.0286213 secs] 131745K->108595K(195384K), 0.0287071 secs] [Times: user=0.05 sys=0.01, real=0.03 secs] 
2015-10-30T14:32:26.521+0000: 13.702: [GC (Allocation Failure) 13.702: [ParNew: 36288K->3968K(36288K), 0.0118748 secs] 140915K->113301K(195384K), 0.0119539 secs] [Times: user=0.02 sys=0.00, real=0.01 secs] 
2015-10-30T14:32:27.084+0000: 14.265: [GC (Allocation Failure) 14.265: [ParNew: 36288K->3968K(36288K), 0.0176619 secs] 145621K->120403K(195384K), 0.0177485 secs] [Times: user=0.03 sys=0.01, real=0.02 secs] 
2015-10-30T14:32:27.833+0000: 15.014: [GC (Allocation Failure) 15.014: [ParNew: 36288K->3968K(36288K), 0.0231428 secs] 152723K->128394K(195384K), 0.0232500 secs] [Times: user=0.04 sys=0.00, real=0.02 secs] 
2015-10-30T14:32:27.857+0000: 15.038: [GC (CMS Initial Mark) [1 CMS-initial-mark: 124426K(159096K)] 128697K(195384K), 0.0027915 secs] [Times: user=0.00 sys=0.00, real=0.00 secs] 
2015-10-30T14:32:27.860+0000: 15.041: [CMS-concurrent-mark-start]
2015-10-30T14:32:27.924+0000: 15.105: [CMS-concurrent-mark: 0.063/0.064 secs] [Times: user=0.12 sys=0.01, real=0.06 secs] 
2015-10-30T14:32:27.925+0000: 15.105: [CMS-concurrent-preclean-start]
2015-10-30T14:32:27.930+0000: 15.110: [CMS-concurrent-preclean: 0.003/0.005 secs] [Times: user=0.01 sys=0.00, real=0.01 secs] 
2015-10-30T14:32:27.930+0000: 15.110: [CMS-concurrent-abortable-preclean-start]
2015-10-30T14:32:28.136+0000: 15.317: [CMS-concurrent-abortable-preclean: 0.131/0.206 secs] [Times: user=0.53 sys=0.03, real=0.20 secs] 
2015-10-30T14:32:28.136+0000: 15.317: [GC (CMS Final Remark) [YG occupancy: 21377 K (36288 K)]15.317: [Rescan (parallel) , 0.0062802 secs]15.323: [weak refs processing, 0.1309297 secs]15.454: [class unloading, 0.0056946 secs]15.460: [scrub symbol table, 0.0074826 secs]15.467: [scrub string table, 0.0006476 secs][1 CMS-remark: 124426K(159096K)] 145803K(195384K), 0.1521476 secs] [Times: user=0.16 sys=0.00, real=0.16 secs] 
2015-10-30T14:32:28.289+0000: 15.469: [CMS-concurrent-sweep-start]
2015-10-30T14:32:28.342+0000: 15.523: [CMS-concurrent-sweep: 0.050/0.054 secs] [Times: user=0.19 sys=0.02, real=0.05 secs] 
2015-10-30T14:32:28.343+0000: 15.523: [CMS-concurrent-reset-start]
2015-10-30T14:32:28.345+0000: 15.525: [CMS-concurrent-reset: 0.002/0.002 secs] [Times: user=0.01 sys=0.00, real=0.00 secs] 
2015-10-30T14:32:28.493+0000: 15.673: [GC (Allocation Failure) 15.673: [ParNew: 36288K->3967K(36288K), 0.0119338 secs] 145920K->120208K(219012K), 0.0120258 secs] [Times: user=0.04 sys=0.00, real=0.01 secs] 
2015-10-30T14:32:28.808+0000: 15.989: [GC (Allocation Failure) 15.989: [ParNew: 36287K->3968K(36288K), 0.0126871 secs] 152528K->126194K(219012K), 0.0127662 secs] [Times: user=0.05 sys=0.00, real=0.01 secs] 
2015-10-30T14:32:29.117+0000: 16.298: [GC (Allocation Failure) 16.298: [ParNew: 36288K->3921K(36288K), 0.0054609 secs] 158514K->129297K(219012K), 0.0055312 secs] [Times: user=0.02 sys=0.00, real=0.00 secs] 
2015-10-30T14:32:29.344+0000: 16.524: [GC (Allocation Failure) 16.525: [ParNew: 36241K->2057K(36288K), 0.0062655 secs] 161617K->128890K(219012K), 0.0063415 secs] [Times: user=0.02 sys=0.00, real=0.01 secs] 
2015-10-30T14:32:29.618+0000: 16.799: [GC (Allocation Failure) 16.799: [ParNew: 34377K->2375K(36288K), 0.0072400 secs] 161210K->129209K(219012K), 0.0073229 secs] [Times: user=0.01 sys=0.00, real=0.01 secs] 
2015-10-30T14:32:57.796+0000: 44.976: [GC (Allocation Failure) 44.976: [ParNew: 34695K->3967K(36288K), 0.0040119 secs] 161529K->131682K(219012K), 0.0040824 secs] [Times: user=0.01 sys=0.00, real=0.01 secs] 
2015-10-30T14:34:57.793+0000: 164.974: [GC (Allocation Failure) 164.974: [ParNew: 36287K->1483K(36288K), 0.0042383 secs] 164002K->131844K(219012K), 0.0043116 secs] [Times: user=0.02 sys=0.00, real=0.01 secs] 
2015-10-30T14:36:47.801+0000: 274.982: [GC (Allocation Failure) 274.982: [ParNew: 33803K->2196K(36288K), 0.0021667 secs] 164164K->132557K(219012K), 0.0022457 secs] [Times: user=0.01 sys=0.00, real=0.00 secs] 
2015-10-30T14:38:56.881+0000: 404.062: [GC (Allocation Failure) 404.062: [ParNew: 34461K->2230K(36288K), 0.0021982 secs] 164822K->132591K(219012K), 0.0022619 secs] [Times: user=0.01 sys=0.00, real=0.00 secs] 
2015-10-30T14:40:57.803+0000: 524.983: [GC (Allocation Failure) 524.983: [ParNew: 34550K->2173K(36288K), 0.0022152 secs] 164911K->132534K(219012K), 0.0022817 secs] [Times: user=0.01 sys=0.00, real=0.00 secs] 
2015-10-30T14:43:07.794+0000: 654.975: [GC (Allocation Failure) 654.975: [ParNew: 34493K->2584K(36288K), 0.0028105 secs] 164854K->132945K(219012K), 0.0028677 secs] [Times: user=0.00 sys=0.00, real=0.00 secs] 
2015-10-30T14:45:17.792+0000: 784.973: [GC (Allocation Failure) 784.973: [ParNew: 34904K->2957K(36288K), 0.0023751 secs] 165265K->133318K(219012K), 0.0024447 secs] [Times: user=0.01 sys=0.00, real=0.00 secs] 
2015-10-30T14:47:27.792+0000: 914.972: [GC (Allocation Failure) 914.972: [ParNew: 35277K->1702K(36288K), 0.0026160 secs] 165638K->132856K(219012K), 0.0026715 secs] [Times: user=0.01 sys=0.00, real=0.00 secs] 
2015-10-30T14:49:27.791+0000: 1034.971: [GC (Allocation Failure) 1034.971: [ParNew: 34022K->1055K(36288K), 0.0023656 secs] 165176K->132817K(219012K), 0.0024320 secs] [Times: user=0.01 sys=0.00, real=0.00 secs] 
2015-10-30T14:51:22.117+0000: 1149.297: [GC (Allocation Failure) 1149.297: [ParNew: 33331K->902K(36288K), 0.0022047 secs] 165094K->132905K(219012K), 0.0022732 secs] [Times: user=0.01 sys=0.00, real=0.01 secs] 
2015-10-30T14:53:27.792+0000: 1274.972: [GC (Allocation Failure) 1274.973: [ParNew: 33222K->851K(36288K), 0.0022661 secs] 165225K->132877K(219012K), 0.0023314 secs] [Times: user=0.01 sys=0.00, real=0.00 secs] 
2015-10-30T14:55:27.793+0000: 1394.973: [GC (Allocation Failure) 1394.973: [ParNew: 33171K->956K(36288K), 0.0022392 secs] 165197K->133015K(219012K), 0.0022960 secs] [Times: user=0.01 sys=0.00, real=0.00 secs] 
2015-10-30T14:57:27.791+0000: 1514.972: [GC (Allocation Failure) 1514.972: [ParNew: 33276K->954K(36288K), 0.0022987 secs] 165335K->133039K(219012K), 0.0023726 secs] [Times: user=0.00 sys=0.00, real=0.00 secs] 
2015-10-30T14:59:37.260+0000: 1644.441: [GC (Allocation Failure) 1644.441: [ParNew: 33274K->995K(36288K), 0.0026781 secs] 165359K->133101K(219012K), 0.0027409 secs] [Times: user=0.01 sys=0.00, real=0.00 secs] 
2015-10-30T15:01:42.300+0000: 1769.480: [GC (Allocation Failure) 1769.480: [ParNew: 33274K->979K(36288K), 0.0028521 secs] 165379K->133363K(219012K), 0.0029162 secs] [Times: user=0.01 sys=0.00, real=0.00 secs] 
2015-10-30T15:03:47.792+0000: 1894.973: [GC (Allocation Failure) 1894.973: [ParNew: 33299K->700K(36288K), 0.0024005 secs] 165683K->133135K(219012K), 0.0024645 secs] [Times: user=0.01 sys=0.00, real=0.00 secs] 
2015-10-30T15:05:57.791+0000: 2024.972: [GC (Allocation Failure) 2024.972: [ParNew: 33020K->676K(36288K), 0.0024621 secs] 165455K->133131K(219012K), 0.0025341 secs] [Times: user=0.01 sys=0.00, real=0.00 secs] 
2015-10-30T15:08:07.415+0000: 2154.596: [GC (Allocation Failure) 2154.596: [ParNew: 32951K->776K(36288K), 0.0024926 secs] 165406K->133495K(219012K), 0.0025581 secs] [Times: user=0.01 sys=0.00, real=0.01 secs] 
2015-10-30T15:10:12.453+0000: 2279.634: [GC (Allocation Failure) 2279.634: [ParNew: 33096K->765K(36288K), 0.0024915 secs] 165815K->133568K(219012K), 0.0025516 secs] [Times: user=0.01 sys=0.01, real=0.00 secs] 
2015-10-30T15:12:24.089+0000: 2411.269: [GC (Allocation Failure) 2411.269: [ParNew: 33085K->627K(36288K), 0.0024117 secs] 165888K->133456K(219012K), 0.0024783 secs] [Times: user=0.01 sys=0.00, real=0.00 secs] 
2015-10-30T15:14:32.532+0000: 2539.712: [GC (Allocation Failure) 2539.712: [ParNew: 32883K->564K(36288K), 0.0023971 secs] 165713K->133414K(219012K), 0.0024612 secs] [Times: user=0.01 sys=0.00, real=0.00 secs] 
2015-10-30T15:16:37.792+0000: 2664.973: [GC (Allocation Failure) 2664.973: [ParNew: 32884K->595K(36288K), 0.0025663 secs] 165734K->133470K(219012K), 0.0026319 secs] [Times: user=0.01 sys=0.00, real=0.00 secs] 
2015-10-30T15:18:37.791+0000: 2784.972: [GC (Allocation Failure) 2784.972: [ParNew: 32915K->885K(36288K), 0.0024939 secs] 165790K->133791K(219012K), 0.0025588 secs] [Times: user=0.01 sys=0.00, real=0.00 secs] 
2015-10-30T15:20:37.640+0000: 2904.820: [GC (Allocation Failure) 2904.820: [ParNew: 33205K->780K(36288K), 0.0024463 secs] 166111K->133915K(219012K), 0.0025128 secs] [Times: user=0.01 sys=0.00, real=0.00 secs] 
2015-10-30T15:21:53.645+0000: 2980.825: [GC (Allocation Failure) 2980.825: [ParNew: 33100K->2189K(36288K), 0.0026155 secs] 166235K->135345K(219012K), 0.0026769 secs] [Times: user=0.01 sys=0.00, real=0.01 secs] 
2015-10-30T15:22:37.791+0000: 3024.971: [GC (Allocation Failure) 3024.972: [ParNew: 34509K->1195K(36288K), 0.0027246 secs] 167665K->134718K(219012K), 0.0027892 secs] [Times: user=0.01 sys=0.00, real=0.00 secs] 
2015-10-30T15:23:54.959+0000: 3102.140: [GC (Allocation Failure) 3102.140: [ParNew: 33515K->3968K(36288K), 0.0095230 secs] 167038K->145146K(219012K), 0.0096195 secs] [Times: user=0.03 sys=0.00, real=0.01 secs] 
2015-10-30T15:23:55.056+0000: 3102.236: [GC (Allocation Failure) 3102.236: [ParNew: 36288K->3968K(36288K), 0.0129242 secs] 177466K->154130K(219012K), 0.0130094 secs] [Times: user=0.04 sys=0.00, real=0.02 secs] 
2015-10-30T15:23:55.137+0000: 3102.318: [GC (Allocation Failure) 3102.318: [ParNew: 36288K->2993K(36288K), 0.0082627 secs] 186450K->157006K(219012K), 0.0083543 secs] [Times: user=0.02 sys=0.00, real=0.01 secs] 
2015-10-30T15:23:55.198+0000: 3102.378: [GC (Allocation Failure) 3102.378: [ParNew: 35313K->2314K(36288K), 0.0044878 secs] 189326K->156326K(219012K), 0.0045508 secs] [Times: user=0.01 sys=0.00, real=0.00 secs] 
2015-10-30T15:23:55.246+0000: 3102.426: [GC (Allocation Failure) 3102.426: [ParNew: 34634K->3391K(36288K), 0.0047794 secs] 188646K->157404K(219012K), 0.0048404 secs] [Times: user=0.02 sys=0.00, real=0.00 secs] 
2015-10-30T15:23:55.288+0000: 3102.468: [GC (Allocation Failure) 3102.468: [ParNew: 35711K->2646K(36288K), 0.0071225 secs] 189724K->157644K(219012K), 0.0071975 secs] [Times: user=0.02 sys=0.00, real=0.00 secs] 
2015-10-30T15:23:55.329+0000: 3102.510: [GC (Allocation Failure) 3102.510: [ParNew: 34966K->2040K(36288K), 0.0081921 secs] 189964K->157714K(219012K), 0.0082710 secs] [Times: user=0.04 sys=0.00, real=0.01 secs] 
2015-10-30T15:23:55.373+0000: 3102.554: [GC (Allocation Failure) 3102.554: [ParNew: 34360K->2432K(36288K), 0.0055506 secs] 190034K->158106K(219012K), 0.0056324 secs] [Times: user=0.02 sys=0.00, real=0.01 secs] 
2015-10-30T15:23:55.423+0000: 3102.603: [GC (Allocation Failure) 3102.603: [ParNew: 34752K->2838K(36288K), 0.0074563 secs] 190426K->158513K(219012K), 0.0075354 secs] [Times: user=0.03 sys=0.00, real=0.01 secs] 
2015-10-30T15:23:55.499+0000: 3102.679: [GC (Allocation Failure) 3102.680: [ParNew: 35158K->3944K(36288K), 0.0333899 secs] 190833K->162694K(219012K), 0.0334863 secs] [Times: user=0.10 sys=0.00, real=0.03 secs] 
2015-10-30T15:24:04.835+0000: 3112.015: [GC (Allocation Failure) 3112.015: [ParNew: 36224K->3806K(36288K), 0.0062970 secs] 194974K->167014K(219012K), 0.0063838 secs] [Times: user=0.01 sys=0.00, real=0.01 secs] 
2015-10-30T15:24:04.894+0000: 3112.075: [GC (Allocation Failure) 3112.075: [ParNew: 36126K->3968K(36288K), 0.0203433 secs] 199334K->178857K(219012K), 0.0204405 secs] [Times: user=0.06 sys=0.00, real=0.02 secs] 
2015-10-30T15:24:04.915+0000: 3112.096: [GC (CMS Initial Mark) [1 CMS-initial-mark: 174889K(182724K)] 178908K(219012K), 0.0018525 secs] [Times: user=0.00 sys=0.00, real=0.00 secs] 
2015-10-30T15:24:04.917+0000: 3112.097: [CMS-concurrent-mark-start]
2015-10-30T15:24:04.969+0000: 3112.149: [GC (Allocation Failure) 3112.149: [ParNew: 36288K->3567K(36288K), 0.0073307 secs] 211177K->182310K(219012K), 0.0074186 secs] [Times: user=0.02 sys=0.00, real=0.00 secs] 
2015-10-30T15:24:04.998+0000: 3112.178: [CMS-concurrent-mark: 0.073/0.081 secs] [Times: user=0.30 sys=0.00, real=0.09 secs] 
2015-10-30T15:24:04.998+0000: 3112.178: [CMS-concurrent-preclean-start]
2015-10-30T15:24:05.000+0000: 3112.180: [CMS-concurrent-preclean: 0.002/0.002 secs] [Times: user=0.00 sys=0.00, real=0.00 secs] 
2015-10-30T15:24:05.000+0000: 3112.180: [CMS-concurrent-abortable-preclean-start]
2015-10-30T15:24:05.041+0000: 3112.222: [GC (Allocation Failure) 3112.222: [ParNew: 35887K->1974K(36288K), 0.0037948 secs] 214630K->180717K(219012K), 0.0038584 secs] [Times: user=0.00 sys=0.00, real=0.01 secs] 
2015-10-30T15:24:05.082+0000: 3112.262: [CMS-concurrent-abortable-preclean: 0.047/0.082 secs] [Times: user=0.32 sys=0.00, real=0.08 secs] 
2015-10-30T15:24:05.082+0000: 3112.263: [GC (CMS Final Remark) [YG occupancy: 30636 K (36288 K)]3112.263: [Rescan (parallel) , 0.0181585 secs]3112.281: [weak refs processing, 0.0002790 secs]3112.281: [class unloading, 0.0163391 secs]3112.298: [scrub symbol table, 0.0069280 secs]3112.305: [scrub string table, 0.0007796 secs][1 CMS-remark: 178743K(182724K)] 209380K(219012K), 0.0444072 secs] [Times: user=0.10 sys=0.00, real=0.05 secs] 
2015-10-30T15:24:05.127+0000: 3112.307: [CMS-concurrent-sweep-start]
2015-10-30T15:24:05.137+0000: 3112.317: [GC (Allocation Failure) 3112.317: [ParNew: 34294K->2802K(36288K), 0.0030154 secs] 202850K->171358K(219012K), 0.0030721 secs] [Times: user=0.00 sys=0.00, real=0.01 secs] 
2015-10-30T15:24:05.184+0000: 3112.364: [GC (Allocation Failure) 3112.364: [ParNew: 35122K->3338K(36288K), 0.0062242 secs] 159360K->128303K(219012K), 0.0063206 secs] [Times: user=0.02 sys=0.00, real=0.01 secs] 
2015-10-30T15:24:05.218+0000: 3112.399: [GC (Allocation Failure) 3112.399: [ParNew: 35658K->3276K(36288K), 0.0053700 secs] 139356K->107702K(219012K), 0.0054429 secs] [Times: user=0.00 sys=0.00, real=0.00 secs] 
2015-10-30T15:24:05.246+0000: 3112.427: [GC (Allocation Failure) 3112.427: [ParNew: 35596K->2909K(36288K), 0.0037076 secs] 132916K->100229K(219012K), 0.0037721 secs] [Times: user=0.00 sys=0.00, real=0.00 secs] 
2015-10-30T15:24:05.273+0000: 3112.454: [GC (Allocation Failure) 3112.454: [ParNew: 35229K->2995K(36288K), 0.0039983 secs] 121016K->89378K(219012K), 0.0040661 secs] [Times: user=0.00 sys=0.00, real=0.01 secs] 
2015-10-30T15:24:05.323+0000: 3112.503: [CMS-concurrent-sweep: 0.161/0.196 secs] [Times: user=0.77 sys=0.00, real=0.19 secs] 
2015-10-30T15:24:05.323+0000: 3112.503: [CMS-concurrent-reset-start]
2015-10-30T15:24:05.325+0000: 3112.506: [GC (Allocation Failure) 3112.506: [ParNew: 35314K->3968K(36288K), 0.0043471 secs] 72281K->49566K(224332K), 0.0044306 secs] [Times: user=0.00 sys=0.00, real=0.00 secs] 
2015-10-30T15:24:05.330+0000: 3112.511: [CMS-concurrent-reset: 0.003/0.007 secs] [Times: user=0.00 sys=0.00, real=0.01 secs] 
2015-10-30T15:24:18.225+0000: 3125.405: [GC (Allocation Failure) 3125.405: [ParNew: 36288K->3968K(36288K), 0.0047877 secs] 81886K->58722K(224332K), 0.0048789 secs] [Times: user=0.00 sys=0.00, real=0.01 secs] 
2015-10-30T15:24:18.275+0000: 3125.456: [GC (Allocation Failure) 3125.456: [ParNew: 36288K->3968K(36288K), 0.0125342 secs] 91042K->70814K(224332K), 0.0126242 secs] [Times: user=0.04 sys=0.00, real=0.02 secs] 
2015-10-30T15:24:18.314+0000: 3125.494: [GC (Allocation Failure) 3125.494: [ParNew: 36288K->2572K(36288K), 0.0086313 secs] 103134K->73112K(224332K), 0.0087111 secs] [Times: user=0.03 sys=0.00, real=0.01 secs] 
2015-10-30T15:24:18.347+0000: 3125.527: [GC (Allocation Failure) 3125.527: [ParNew: 34892K->1944K(36288K), 0.0037658 secs] 105432K->72484K(224332K), 0.0038272 secs] [Times: user=0.00 sys=0.00, real=0.00 secs] 
2015-10-30T15:24:18.379+0000: 3125.559: [GC (Allocation Failure) 3125.559: [ParNew: 34264K->3087K(36288K), 0.0047878 secs] 104804K->73627K(224332K), 0.0048457 secs] [Times: user=0.00 sys=0.00, real=0.00 secs] 
2015-10-30T15:24:18.413+0000: 3125.594: [GC (Allocation Failure) 3125.594: [ParNew: 35407K->2629K(36288K), 0.0043675 secs] 105947K->73966K(224332K), 0.0044302 secs] [Times: user=0.00 sys=0.00, real=0.01 secs] 
2015-10-30T15:24:18.438+0000: 3125.619: [GC (Allocation Failure) 3125.619: [ParNew: 34949K->3909K(36288K), 0.0030516 secs] 106286K->75246K(224332K), 0.0031129 secs] [Times: user=0.00 sys=0.00, real=0.00 secs] 
2015-10-30T15:24:18.465+0000: 3125.646: [GC (Allocation Failure) 3125.646: [ParNew: 36229K->2842K(36288K), 0.0037443 secs] 107566K->74881K(224332K), 0.0038227 secs] [Times: user=0.00 sys=0.00, real=0.00 secs] 
2015-10-30T15:24:18.489+0000: 3125.670: [GC (Allocation Failure) 3125.670: [ParNew: 35162K->2658K(36288K), 0.0032617 secs] 107201K->75278K(224332K), 0.0033206 secs] [Times: user=0.00 sys=0.00, real=0.00 secs] 
2015-10-30T15:24:18.525+0000: 3125.705: [GC (Allocation Failure) 3125.705: [ParNew: 33079K->2353K(36288K), 0.0085974 secs] 105698K->80290K(229652K), 0.0086993 secs] [Times: user=0.02 sys=0.00, real=0.01 secs] 
2015-10-30T15:24:28.252+0000: 3135.433: [GC (Allocation Failure) 3135.433: [ParNew: 34673K->3968K(36288K), 0.0090555 secs] 112610K->95657K(229652K), 0.0091525 secs] [Times: user=0.04 sys=0.00, real=0.01 secs] 
2015-10-30T15:24:28.299+0000: 3135.479: [GC (Allocation Failure) 3135.479: [ParNew: 36288K->3968K(36288K), 0.0087382 secs] 127977K->102780K(229652K), 0.0088265 secs] [Times: user=0.03 sys=0.00, real=0.01 secs] 
2015-10-30T15:24:28.339+0000: 3135.520: [GC (Allocation Failure) 3135.520: [ParNew: 36288K->3684K(36288K), 0.0048433 secs] 135100K->106238K(229652K), 0.0049222 secs] [Times: user=0.02 sys=0.00, real=0.00 secs] 
2015-10-30T15:24:28.365+0000: 3135.545: [GC (Allocation Failure) 3135.546: [ParNew: 36004K->2268K(36288K), 0.0028464 secs] 138558K->104822K(229652K), 0.0029250 secs] [Times: user=0.00 sys=0.00, real=0.01 secs] 
2015-10-30T15:24:28.393+0000: 3135.574: [GC (Allocation Failure) 3135.574: [ParNew: 34588K->3164K(36288K), 0.0037014 secs] 137142K->105718K(229652K), 0.0037745 secs] [Times: user=0.02 sys=0.00, real=0.00 secs] 
2015-10-30T15:24:28.421+0000: 3135.602: [GC (Allocation Failure) 3135.602: [ParNew: 35484K->3284K(36288K), 0.0039812 secs] 138038K->106583K(229652K), 0.0040495 secs] [Times: user=0.01 sys=0.00, real=0.01 secs] 
2015-10-30T15:24:28.447+0000: 3135.628: [GC (Allocation Failure) 3135.628: [ParNew: 35604K->2720K(36288K), 0.0039503 secs] 138903K->106716K(229652K), 0.0040169 secs] [Times: user=0.02 sys=0.00, real=0.00 secs] 
2015-10-30T15:24:28.473+0000: 3135.653: [GC (Allocation Failure) 3135.653: [ParNew: 35040K->2542K(36288K), 0.0029657 secs] 139036K->106538K(229652K), 0.0030335 secs] [Times: user=0.01 sys=0.00, real=0.00 secs] 
2015-10-30T15:24:28.495+0000: 3135.676: [GC (Allocation Failure) 3135.676: [ParNew: 34862K->2836K(36288K), 0.0039950 secs] 138858K->107414K(229652K), 0.0040718 secs] [Times: user=0.02 sys=0.00, real=0.01 secs] 
2015-10-30T15:24:28.528+0000: 3135.709: [GC (Allocation Failure) 3135.709: [ParNew: 34402K->2407K(36288K), 0.0142521 secs] 138980K->120279K(242952K), 0.0143433 secs] [Times: user=0.01 sys=0.00, real=0.01 secs] 
2015-10-30T15:24:28.543+0000: 3135.724: [GC (CMS Initial Mark) [1 CMS-initial-mark: 117872K(206664K)] 122947K(242952K), 0.0038946 secs] [Times: user=0.01 sys=0.00, real=0.01 secs] 
2015-10-30T15:24:28.547+0000: 3135.728: [CMS-concurrent-mark-start]
2015-10-30T15:24:28.591+0000: 3135.771: [CMS-concurrent-mark: 0.044/0.044 secs] [Times: user=0.12 sys=0.00, real=0.04 secs] 
2015-10-30T15:24:28.591+0000: 3135.772: [CMS-concurrent-preclean-start]
2015-10-30T15:24:28.593+0000: 3135.773: [CMS-concurrent-preclean: 0.002/0.002 secs] [Times: user=0.00 sys=0.00, real=0.00 secs] 
2015-10-30T15:24:28.593+0000: 3135.773: [CMS-concurrent-abortable-preclean-start]
2015-10-30T15:24:33.273+0000: 3140.454: [GC (Allocation Failure) 3140.454: [ParNew: 34727K->3968K(36288K), 0.0191652 secs] 152599K->137799K(242952K), 0.0192488 secs] [Times: user=0.07 sys=0.00, real=0.02 secs] 
2015-10-30T15:24:33.329+0000: 3140.509: [CMS-concurrent-abortable-preclean: 0.733/4.736 secs] [Times: user=1.13 sys=0.00, real=4.74 secs] 
2015-10-30T15:24:33.333+0000: 3140.514: [GC (CMS Final Remark) [YG occupancy: 34803 K (36288 K)]3140.514: [Rescan (parallel) , 0.0201512 secs]3140.534: [weak refs processing, 0.0000187 secs]3140.534: [class unloading, 0.0119093 secs]3140.546: [scrub symbol table, 0.0066031 secs]3140.553: [scrub string table, 0.0007091 secs][1 CMS-remark: 133831K(206664K)] 168634K(242952K), 0.0405964 secs] [Times: user=0.10 sys=0.00, real=0.04 secs] 
2015-10-30T15:24:33.374+0000: 3140.555: [CMS-concurrent-sweep-start]
2015-10-30T15:24:33.377+0000: 3140.557: [GC (Allocation Failure) 3140.557: [ParNew: 36288K->2554K(36288K), 0.0048733 secs] 168600K->138636K(242952K), 0.0049204 secs] [Times: user=0.02 sys=0.00, real=0.01 secs] 
2015-10-30T15:24:33.408+0000: 3140.589: [GC (Allocation Failure) 3140.589: [ParNew: 34874K->1773K(36288K), 0.0044729 secs] 166901K->133799K(242952K), 0.0045390 secs] [Times: user=0.01 sys=0.00, real=0.00 secs] 
2015-10-30T15:24:33.449+0000: 3140.629: [GC (Allocation Failure) 3140.629: [ParNew: 34093K->2916K(36288K), 0.0030222 secs] 158907K->127731K(242952K), 0.0030707 secs] [Times: user=0.01 sys=0.00, real=0.00 secs] 
2015-10-30T15:24:33.480+0000: 3140.661: [GC (Allocation Failure) 3140.661: [ParNew: 35236K->2599K(36288K), 0.0052092 secs] 156179K->124397K(242952K), 0.0052726 secs] [Times: user=0.02 sys=0.00, real=0.01 secs] 
2015-10-30T15:24:33.517+0000: 3140.697: [GC (Allocation Failure) 3140.697: [ParNew: 34919K->3650K(36288K), 0.0095531 secs] 152646K->122068K(242952K), 0.0096201 secs] [Times: user=0.02 sys=0.00, real=0.02 secs] 
2015-10-30T15:24:33.559+0000: 3140.739: [GC (Allocation Failure) 3140.739: [ParNew: 35970K->2859K(36288K), 0.0164655 secs] 145004K->112531K(242952K), 0.0165461 secs] [Times: user=0.04 sys=0.00, real=0.01 secs] 
2015-10-30T15:24:33.613+0000: 3140.793: [GC (Allocation Failure) 3140.793: [ParNew: 35179K->2848K(36288K), 0.0031755 secs] 135507K->103176K(242952K), 0.0032352 secs] [Times: user=0.00 sys=0.00, real=0.00 secs] 
2015-10-30T15:24:33.646+0000: 3140.826: [GC (Allocation Failure) 3140.826: [ParNew: 35115K->3968K(36288K), 0.0034803 secs] 114054K->85102K(242952K), 0.0035489 secs] [Times: user=0.00 sys=0.00, real=0.00 secs] 
2015-10-30T15:24:33.653+0000: 3140.834: [CMS-concurrent-sweep: 0.201/0.279 secs] [Times: user=0.90 sys=0.00, real=0.28 secs] 
2015-10-30T15:24:33.653+0000: 3140.834: [CMS-concurrent-reset-start]
2015-10-30T15:24:33.656+0000: 3140.836: [CMS-concurrent-reset: 0.003/0.003 secs] [Times: user=0.00 sys=0.00, real=0.00 secs] 
2015-10-30T15:24:43.260+0000: 3150.441: [GC (Allocation Failure) 3150.441: [ParNew: 36242K->3968K(36288K), 0.0051736 secs] 101645K->74114K(242952K), 0.0052468 secs] [Times: user=0.01 sys=0.00, real=0.01 secs] 
2015-10-30T15:24:43.311+0000: 3150.491: [GC (Allocation Failure) 3150.491: [ParNew: 36288K->3968K(36288K), 0.0142879 secs] 106434K->85794K(242952K), 0.0143657 secs] [Times: user=0.06 sys=0.00, real=0.02 secs] 
2015-10-30T15:24:43.351+0000: 3150.532: [GC (Allocation Failure) 3150.532: [ParNew: 36288K->3158K(36288K), 0.0045280 secs] 118114K->88666K(242952K), 0.0045904 secs] [Times: user=0.02 sys=0.00, real=0.00 secs] 
2015-10-30T15:24:43.382+0000: 3150.563: [GC (Allocation Failure) 3150.563: [ParNew: 35478K->2082K(36288K), 0.0027984 secs] 120986K->87591K(242952K), 0.0028601 secs] [Times: user=0.00 sys=0.00, real=0.01 secs] 
2015-10-30T15:24:43.406+0000: 3150.587: [GC (Allocation Failure) 3150.587: [ParNew: 34402K->2871K(36288K), 0.0031968 secs] 119911K->88379K(242952K), 0.0032453 secs] [Times: user=0.00 sys=0.00, real=0.00 secs] 
2015-10-30T15:24:43.429+0000: 3150.610: [GC (Allocation Failure) 3150.610: [ParNew: 35191K->3430K(36288K), 0.0045743 secs] 120699K->89768K(242952K), 0.0046332 secs] [Times: user=0.00 sys=0.00, real=0.00 secs] 
2015-10-30T15:24:43.453+0000: 3150.633: [GC (Allocation Failure) 3150.633: [ParNew: 35750K->3112K(36288K), 0.0051259 secs] 122088K->90161K(242952K), 0.0051943 secs] [Times: user=0.00 sys=0.00, real=0.01 secs] 
2015-10-30T15:24:43.481+0000: 3150.662: [GC (Allocation Failure) 3150.662: [ParNew: 35432K->3039K(36288K), 0.0048917 secs] 122481K->90690K(242952K), 0.0049617 secs] [Times: user=0.02 sys=0.00, real=0.01 secs] 
2015-10-30T15:24:43.504+0000: 3150.684: [GC (Allocation Failure) 3150.684: [ParNew: 35359K->2622K(36288K), 0.0031694 secs] 123010K->90273K(242952K), 0.0032339 secs] [Times: user=0.00 sys=0.00, real=0.01 secs] 
2015-10-30T15:24:43.556+0000: 3150.736: [GC (Allocation Failure) 3150.736: [ParNew: 31309K->3968K(36288K), 0.0057704 secs] 118961K->99997K(242952K), 0.0058537 secs] [Times: user=0.00 sys=0.00, real=0.01 secs] 
2015-10-30T15:24:43.563+0000: 3150.743: [GC (CMS Initial Mark) [1 CMS-initial-mark: 96029K(206664K)] 105317K(242952K), 0.0018493 secs] [Times: user=0.02 sys=0.00, real=0.00 secs] 
2015-10-30T15:24:43.565+0000: 3150.745: [CMS-concurrent-mark-start]
2015-10-30T15:24:43.597+0000: 3150.777: [CMS-concurrent-mark: 0.032/0.032 secs] [Times: user=0.07 sys=0.00, real=0.03 secs] 
2015-10-30T15:24:43.597+0000: 3150.777: [CMS-concurrent-preclean-start]
2015-10-30T15:24:43.598+0000: 3150.778: [CMS-concurrent-preclean: 0.001/0.001 secs] [Times: user=0.00 sys=0.00, real=0.01 secs] 
2015-10-30T15:24:43.598+0000: 3150.779: [CMS-concurrent-abortable-preclean-start]
 CMS: abort preclean due to time 2015-10-30T15:24:48.623+0000: 3155.803: [CMS-concurrent-abortable-preclean: 0.628/5.024 secs] [Times: user=0.71 sys=0.00, real=5.02 secs] 
2015-10-30T15:24:48.623+0000: 3155.803: [GC (CMS Final Remark) [YG occupancy: 26610 K (36288 K)]3155.804: [Rescan (parallel) , 0.0022209 secs]3155.807: [weak refs processing, 0.0000164 secs]3155.807: [class unloading, 0.0120274 secs]3155.819: [scrub symbol table, 0.0065722 secs]3155.825: [scrub string table, 0.0007053 secs][1 CMS-remark: 96029K(206664K)] 122639K(242952K), 0.0238249 secs] [Times: user=0.03 sys=0.00, real=0.03 secs] 
2015-10-30T15:24:48.647+0000: 3155.827: [CMS-concurrent-sweep-start]
2015-10-30T15:24:48.685+0000: 3155.866: [CMS-concurrent-sweep: 0.038/0.038 secs] [Times: user=0.04 sys=0.00, real=0.04 secs] 
2015-10-30T15:24:48.685+0000: 3155.866: [CMS-concurrent-reset-start]
2015-10-30T15:24:48.688+0000: 3155.868: [CMS-concurrent-reset: 0.002/0.002 secs] [Times: user=0.00 sys=0.00, real=0.00 secs] 
2015-10-30T15:24:50.687+0000: 3157.867: [GC (CMS Initial Mark) [1 CMS-initial-mark: 32935K(206664K)] 59573K(242952K), 0.0025964 secs] [Times: user=0.00 sys=0.00, real=0.00 secs] 
2015-10-30T15:24:50.690+0000: 3157.870: [CMS-concurrent-mark-start]
2015-10-30T15:24:50.718+0000: 3157.899: [CMS-concurrent-mark: 0.029/0.029 secs] [Times: user=0.04 sys=0.00, real=0.03 secs] 
2015-10-30T15:24:50.718+0000: 3157.899: [CMS-concurrent-preclean-start]
2015-10-30T15:24:50.720+0000: 3157.900: [CMS-concurrent-preclean: 0.001/0.001 secs] [Times: user=0.00 sys=0.00, real=0.00 secs] 
2015-10-30T15:24:50.720+0000: 3157.900: [CMS-concurrent-abortable-preclean-start]
2015-10-30T15:24:53.246+0000: 3160.427: [GC (Allocation Failure) 3160.427: [ParNew: 36288K->3968K(36288K), 0.0068397 secs] 69223K->45822K(242952K), 0.0069173 secs] [Times: user=0.00 sys=0.00, real=0.00 secs] 
2015-10-30T15:24:53.297+0000: 3160.478: [GC (Allocation Failure) 3160.478: [ParNew: 36288K->3968K(36288K), 0.0135994 secs] 78142K->58236K(242952K), 0.0136837 secs] [Times: user=0.05 sys=0.00, real=0.01 secs] 
2015-10-30T15:24:53.345+0000: 3160.526: [GC (Allocation Failure) 3160.526: [ParNew: 36288K->3060K(36288K), 0.0047153 secs] 90556K->60891K(242952K), 0.0047815 secs] [Times: user=0.00 sys=0.00, real=0.00 secs] 
2015-10-30T15:24:53.356+0000: 3160.537: [CMS-concurrent-abortable-preclean: 0.361/2.637 secs] [Times: user=0.71 sys=0.00, real=2.63 secs] 
2015-10-30T15:24:53.357+0000: 3160.538: [GC (CMS Final Remark) [YG occupancy: 15206 K (36288 K)]3160.538: [Rescan (parallel) , 0.0077885 secs]3160.546: [weak refs processing, 0.0000161 secs]3160.546: [class unloading, 0.0120677 secs]3160.558: [scrub symbol table, 0.0066164 secs]3160.564: [scrub string table, 0.0006998 secs][1 CMS-remark: 57830K(206664K)] 73036K(242952K), 0.0283621 secs] [Times: user=0.06 sys=0.00, real=0.03 secs] 
2015-10-30T15:24:53.386+0000: 3160.566: [CMS-concurrent-sweep-start]
2015-10-30T15:24:53.404+0000: 3160.584: [GC (Allocation Failure) 3160.584: [ParNew: 35380K->2007K(36288K), 0.0039065 secs] 93185K->59812K(242952K), 0.0039732 secs] [Times: user=0.00 sys=0.00, real=0.01 secs] 
2015-10-30T15:24:53.427+0000: 3160.607: [CMS-concurrent-sweep: 0.037/0.041 secs] [Times: user=0.16 sys=0.00, real=0.04 secs] 
2015-10-30T15:24:53.427+0000: 3160.607: [CMS-concurrent-reset-start]
2015-10-30T15:24:53.430+0000: 3160.610: [CMS-concurrent-reset: 0.003/0.003 secs] [Times: user=0.00 sys=0.00, real=0.00 secs] 
2015-10-30T15:24:53.434+0000: 3160.615: [GC (Allocation Failure) 3160.615: [ParNew: 34327K->2963K(36288K), 0.0033752 secs] 87149K->55785K(242952K), 0.0034233 secs] [Times: user=0.00 sys=0.00, real=0.01 secs] 
2015-10-30T15:24:53.465+0000: 3160.646: [GC (Allocation Failure) 3160.646: [ParNew: 35283K->2561K(36288K), 0.0047266 secs] 88105K->56157K(242952K), 0.0047826 secs] [Times: user=0.00 sys=0.00, real=0.00 secs] 
2015-10-30T15:24:53.493+0000: 3160.674: [GC (Allocation Failure) 3160.674: [ParNew: 34881K->3908K(36288K), 0.0030201 secs] 88477K->57504K(242952K), 0.0030864 secs] [Times: user=0.00 sys=0.00, real=0.00 secs] 
2015-10-30T15:24:53.521+0000: 3160.702: [GC (Allocation Failure) 3160.702: [ParNew: 36228K->3443K(36288K), 0.0045430 secs] 89824K->57802K(242952K), 0.0046013 secs] [Times: user=0.00 sys=0.00, real=0.01 secs] 
2015-10-30T15:24:53.552+0000: 3160.733: [GC (Allocation Failure) 3160.733: [ParNew: 35763K->2623K(36288K), 0.0057087 secs] 90122K->56982K(242952K), 0.0057667 secs] [Times: user=0.00 sys=0.00, real=0.01 secs] 
2015-10-30T15:24:53.598+0000: 3160.778: [GC (Allocation Failure) 3160.778: [ParNew: 30001K->3064K(36288K), 0.0047463 secs] 84360K->63300K(242952K), 0.0048266 secs] [Times: user=0.00 sys=0.00, real=0.00 secs] 
2015-10-30T15:24:53.604+0000: 3160.784: [GC (CMS Initial Mark) [1 CMS-initial-mark: 60236K(206664K)] 71295K(242952K), 0.0019325 secs] [Times: user=0.00 sys=0.00, real=0.01 secs] 
2015-10-30T15:24:53.606+0000: 3160.786: [CMS-concurrent-mark-start]
2015-10-30T15:24:53.649+0000: 3160.830: [CMS-concurrent-mark: 0.043/0.043 secs] [Times: user=0.15 sys=0.00, real=0.04 secs] 
2015-10-30T15:24:53.649+0000: 3160.830: [CMS-concurrent-preclean-start]
2015-10-30T15:24:53.651+0000: 3160.831: [CMS-concurrent-preclean: 0.002/0.002 secs] [Times: user=0.00 sys=0.00, real=0.00 secs] 
2015-10-30T15:24:53.651+0000: 3160.831: [CMS-concurrent-abortable-preclean-start]
 CMS: abort preclean due to time 2015-10-30T15:24:58.766+0000: 3165.947: [CMS-concurrent-abortable-preclean: 0.813/5.115 secs] [Times: user=0.92 sys=0.00, real=5.12 secs] 
2015-10-30T15:24:58.766+0000: 3165.947: [GC (CMS Final Remark) [YG occupancy: 20527 K (36288 K)]3165.948: [Rescan (parallel) , 0.0046660 secs]3165.953: [weak refs processing, 0.0000187 secs]3165.953: [class unloading, 0.0123242 secs]3165.965: [scrub symbol table, 0.0065916 secs]3165.972: [scrub string table, 0.0006965 secs][1 CMS-remark: 60236K(206664K)] 80763K(242952K), 0.0270600 secs] [Times: user=0.00 sys=0.00, real=0.02 secs] 
2015-10-30T15:24:58.794+0000: 3165.974: [CMS-concurrent-sweep-start]
2015-10-30T15:24:58.825+0000: 3166.005: [CMS-concurrent-sweep: 0.031/0.031 secs] [Times: user=0.07 sys=0.00, real=0.03 secs] 
2015-10-30T15:24:58.825+0000: 3166.005: [CMS-concurrent-reset-start]
2015-10-30T15:24:58.827+0000: 3166.008: [CMS-concurrent-reset: 0.002/0.002 secs] [Times: user=0.00 sys=0.00, real=0.01 secs] 
2015-10-30T15:25:00.827+0000: 3168.007: [GC (CMS Initial Mark) [1 CMS-initial-mark: 34805K(206664K)] 55365K(242952K), 0.0024795 secs] [Times: user=0.00 sys=0.00, real=0.00 secs] 
2015-10-30T15:25:00.829+0000: 3168.010: [CMS-concurrent-mark-start]
2015-10-30T15:25:00.857+0000: 3168.037: [CMS-concurrent-mark: 0.028/0.028 secs] [Times: user=0.04 sys=0.00, real=0.02 secs] 
2015-10-30T15:25:00.857+0000: 3168.037: [CMS-concurrent-preclean-start]
2015-10-30T15:25:00.858+0000: 3168.039: [CMS-concurrent-preclean: 0.001/0.001 secs] [Times: user=0.00 sys=0.00, real=0.01 secs] 
2015-10-30T15:25:00.858+0000: 3168.039: [CMS-concurrent-abortable-preclean-start]
2015-10-30T15:25:03.266+0000: 3170.446: [GC (Allocation Failure) 3170.446: [ParNew: 35372K->3968K(36288K), 0.0098127 secs] 70178K->52149K(242952K), 0.0099079 secs] [Times: user=0.00 sys=0.00, real=0.00 secs] 
2015-10-30T15:25:03.307+0000: 3170.487: [GC (Allocation Failure) 3170.488: [ParNew: 36288K->3968K(36288K), 0.0100069 secs] 84469K->60514K(242952K), 0.0101070 secs] [Times: user=0.00 sys=0.00, real=0.01 secs] 
2015-10-30T15:25:03.326+0000: 3170.507: [CMS-concurrent-abortable-preclean: 0.407/2.468 secs] [Times: user=0.64 sys=0.00, real=2.47 secs] 
2015-10-30T15:25:03.327+0000: 3170.507: [GC (CMS Final Remark) [YG occupancy: 12843 K (36288 K)]3170.507: [Rescan (parallel) , 0.0069727 secs]3170.514: [weak refs processing, 0.0000179 secs]3170.514: [class unloading, 0.0122316 secs]3170.526: [scrub symbol table, 0.0066216 secs]3170.533: [scrub string table, 0.0007116 secs][1 CMS-remark: 56546K(206664K)] 69390K(242952K), 0.0277444 secs] [Times: user=0.05 sys=0.00, real=0.02 secs] 
2015-10-30T15:25:03.354+0000: 3170.535: [CMS-concurrent-sweep-start]
2015-10-30T15:25:03.379+0000: 3170.559: [GC (Allocation Failure) 3170.559: [ParNew: 36288K->3672K(36288K), 0.0054651 secs] 92795K->63812K(242952K), 0.0055356 secs] [Times: user=0.00 sys=0.00, real=0.00 secs] 
2015-10-30T15:25:03.400+0000: 3170.580: [CMS-concurrent-sweep: 0.039/0.046 secs] [Times: user=0.17 sys=0.00, real=0.05 secs] 
2015-10-30T15:25:03.400+0000: 3170.581: [CMS-concurrent-reset-start]
2015-10-30T15:25:03.403+0000: 3170.583: [CMS-concurrent-reset: 0.002/0.002 secs] [Times: user=0.00 sys=0.00, real=0.00 secs] 
2015-10-30T15:25:03.413+0000: 3170.594: [GC (Allocation Failure) 3170.594: [ParNew: 35992K->2257K(36288K), 0.0027275 secs] 94613K->60878K(242952K), 0.0027998 secs] [Times: user=0.00 sys=0.00, real=0.00 secs] 
2015-10-30T15:25:03.440+0000: 3170.621: [GC (Allocation Failure) 3170.621: [ParNew: 34577K->3494K(36288K), 0.0047096 secs] 93198K->62115K(242952K), 0.0047751 secs] [Times: user=0.00 sys=0.00, real=0.00 secs] 
2015-10-30T15:25:03.469+0000: 3170.649: [GC (Allocation Failure) 3170.649: [ParNew: 35814K->3313K(36288K), 0.0053715 secs] 94435K->62714K(242952K), 0.0054368 secs] [Times: user=0.00 sys=0.00, real=0.00 secs] 
2015-10-30T15:25:03.491+0000: 3170.672: [GC (Allocation Failure) 3170.672: [ParNew: 35633K->2567K(36288K), 0.0043870 secs] 95034K->62667K(242952K), 0.0044518 secs] [Times: user=0.00 sys=0.00, real=0.00 secs] 
2015-10-30T15:25:03.513+0000: 3170.694: [GC (Allocation Failure) 3170.694: [ParNew: 34887K->3171K(36288K), 0.0027758 secs] 94987K->63271K(242952K), 0.0028355 secs] [Times: user=0.00 sys=0.00, real=0.00 secs] 
2015-10-30T15:25:03.534+0000: 3170.714: [GC (Allocation Failure) 3170.714: [ParNew: 35491K->2518K(36288K), 0.0044866 secs] 95591K->63186K(242952K), 0.0045508 secs] [Times: user=0.00 sys=0.00, real=0.01 secs] 
2015-10-30T15:25:03.574+0000: 3170.755: [GC (Allocation Failure) 3170.755: [ParNew: 32697K->2822K(36288K), 0.0108852 secs] 93365K->76785K(242952K), 0.0109654 secs] [Times: user=0.00 sys=0.00, real=0.02 secs] 
2015-10-30T15:25:03.586+0000: 3170.766: [GC (CMS Initial Mark) [1 CMS-initial-mark: 73962K(206664K)] 79458K(242952K), 0.0028210 secs] [Times: user=0.00 sys=0.00, real=0.00 secs] 
2015-10-30T15:25:03.589+0000: 3170.769: [CMS-concurrent-mark-start]
2015-10-30T15:25:03.633+0000: 3170.814: [CMS-concurrent-mark: 0.044/0.044 secs] [Times: user=0.11 sys=0.00, real=0.04 secs] 
2015-10-30T15:25:03.633+0000: 3170.814: [CMS-concurrent-preclean-start]
2015-10-30T15:25:03.635+0000: 3170.815: [CMS-concurrent-preclean: 0.002/0.002 secs] [Times: user=0.00 sys=0.00, real=0.00 secs] 
2015-10-30T15:25:03.635+0000: 3170.815: [CMS-concurrent-abortable-preclean-start]
 CMS: abort preclean due to time 2015-10-30T15:25:08.748+0000: 3175.929: [CMS-concurrent-abortable-preclean: 0.808/5.113 secs] [Times: user=0.90 sys=0.00, real=5.12 secs] 
2015-10-30T15:25:08.749+0000: 3175.929: [GC (CMS Final Remark) [YG occupancy: 12312 K (36288 K)]3175.929: [Rescan (parallel) , 0.0021590 secs]3175.931: [weak refs processing, 0.0000210 secs]3175.931: [class unloading, 0.0123918 secs]3175.944: [scrub symbol table, 0.0066170 secs]3175.950: [scrub string table, 0.0006987 secs][1 CMS-remark: 73962K(206664K)] 86275K(242952K), 0.0230608 secs] [Times: user=0.00 sys=0.00, real=0.02 secs] 
2015-10-30T15:25:08.772+0000: 3175.952: [CMS-concurrent-sweep-start]
2015-10-30T15:25:08.814+0000: 3175.994: [CMS-concurrent-sweep: 0.042/0.042 secs] [Times: user=0.08 sys=0.00, real=0.04 secs] 
2015-10-30T15:25:08.814+0000: 3175.994: [CMS-concurrent-reset-start]
2015-10-30T15:25:08.816+0000: 3175.996: [CMS-concurrent-reset: 0.002/0.002 secs] [Times: user=0.00 sys=0.00, real=0.00 secs] 
2015-10-30T15:25:10.816+0000: 3177.996: [GC (CMS Initial Mark) [1 CMS-initial-mark: 42335K(206664K)] 54679K(242952K), 0.0023229 secs] [Times: user=0.00 sys=0.00, real=0.01 secs] 
2015-10-30T15:25:10.818+0000: 3177.998: [CMS-concurrent-mark-start]
2015-10-30T15:25:10.846+0000: 3178.027: [CMS-concurrent-mark: 0.028/0.028 secs] [Times: user=0.05 sys=0.00, real=0.03 secs] 
2015-10-30T15:25:10.846+0000: 3178.027: [CMS-concurrent-preclean-start]
2015-10-30T15:25:10.848+0000: 3178.028: [CMS-concurrent-preclean: 0.001/0.001 secs] [Times: user=0.00 sys=0.00, real=0.00 secs] 
2015-10-30T15:25:10.848+0000: 3178.028: [CMS-concurrent-abortable-preclean-start]
2015-10-30T15:25:13.256+0000: 3180.437: [GC (Allocation Failure) 3180.437: [ParNew: 35142K->3968K(36288K), 0.0199840 secs] 77478K->66793K(242952K), 0.0200778 secs] [Times: user=0.06 sys=0.00, real=0.02 secs] 
2015-10-30T15:25:13.307+0000: 3180.487: [CMS-concurrent-abortable-preclean: 0.372/2.459 secs] [Times: user=0.58 sys=0.00, real=2.46 secs] 
2015-10-30T15:25:13.307+0000: 3180.488: [GC (CMS Final Remark) [YG occupancy: 29163 K (36288 K)]3180.488: [Rescan (parallel) , 0.0157094 secs]3180.504: [weak refs processing, 0.0000188 secs]3180.504: [class unloading, 0.0119815 secs]3180.516: [scrub symbol table, 0.0066189 secs]3180.522: [scrub string table, 0.0006981 secs][1 CMS-remark: 62825K(206664K)] 91988K(242952K), 0.0362069 secs] [Times: user=0.09 sys=0.00, real=0.03 secs] 
2015-10-30T15:25:13.344+0000: 3180.524: [CMS-concurrent-sweep-start]
2015-10-30T15:25:13.349+0000: 3180.530: [GC (Allocation Failure) 3180.530: [ParNew: 36288K->1725K(36288K), 0.0035123 secs] 99110K->68116K(242952K), 0.0035625 secs] [Times: user=0.00 sys=0.00, real=0.00 secs] 
2015-10-30T15:25:13.371+0000: 3180.552: [GC (Allocation Failure) 3180.552: [ParNew: 34045K->2730K(36288K), 0.0030889 secs] 99743K->68428K(242952K), 0.0031495 secs] [Times: user=0.00 sys=0.00, real=0.00 secs] 
2015-10-30T15:25:13.384+0000: 3180.565: [CMS-concurrent-sweep: 0.033/0.040 secs] [Times: user=0.14 sys=0.00, real=0.04 secs] 
2015-10-30T15:25:13.384+0000: 3180.565: [CMS-concurrent-reset-start]
2015-10-30T15:25:13.387+0000: 3180.567: [CMS-concurrent-reset: 0.003/0.003 secs] [Times: user=0.00 sys=0.00, real=0.01 secs] 
2015-10-30T15:25:13.395+0000: 3180.576: [GC (Allocation Failure) 3180.576: [ParNew: 35050K->3908K(36288K), 0.0034022 secs] 91906K->60764K(242952K), 0.0034527 secs] [Times: user=0.05 sys=0.00, real=0.01 secs] 
2015-10-30T15:25:13.414+0000: 3180.595: [GC (Allocation Failure) 3180.595: [ParNew: 36228K->2892K(36288K), 0.0042411 secs] 93084K->60729K(242952K), 0.0043041 secs] [Times: user=0.00 sys=0.00, real=0.01 secs] 
2015-10-30T15:25:13.438+0000: 3180.618: [GC (Allocation Failure) 3180.618: [ParNew: 35212K->2751K(36288K), 0.0048289 secs] 93049K->61338K(242952K), 0.0049022 secs] [Times: user=0.00 sys=0.00, real=0.00 secs] 
2015-10-30T15:25:13.460+0000: 3180.640: [GC (Allocation Failure) 3180.641: [ParNew: 35071K->2724K(36288K), 0.0050255 secs] 93658K->61923K(242952K), 0.0051089 secs] [Times: user=0.00 sys=0.00, real=0.01 secs] 
2015-10-30T15:25:13.479+0000: 3180.659: [GC (Allocation Failure) 3180.659: [ParNew: 35044K->2806K(36288K), 0.0031635 secs] 94243K->62005K(242952K), 0.0032198 secs] [Times: user=0.00 sys=0.00, real=0.00 secs] 
2015-10-30T15:25:13.503+0000: 3180.683: [GC (Allocation Failure) 3180.683: [ParNew: 34878K->3968K(36288K), 0.0034941 secs] 94077K->64288K(242952K), 0.0035547 secs] [Times: user=0.00 sys=0.00, real=0.01 secs] 
2015-10-30T15:25:23.236+0000: 3190.416: [GC (Allocation Failure) 3190.416: [ParNew: 36288K->3482K(36288K), 0.0059992 secs] 96608K->68523K(242952K), 0.0060799 secs] [Times: user=0.00 sys=0.00, real=0.01 secs] 
2015-10-30T15:25:23.285+0000: 3190.466: [GC (Allocation Failure) 3190.466: [ParNew: 35802K->3968K(36288K), 0.0133082 secs] 100843K->79289K(242952K), 0.0133857 secs] [Times: user=0.05 sys=0.00, real=0.01 secs] 
2015-10-30T15:25:23.317+0000: 3190.498: [GC (Allocation Failure) 3190.498: [ParNew: 36288K->2559K(36288K), 0.0050504 secs] 111609K->81561K(242952K), 0.0051230 secs] [Times: user=0.00 sys=0.00, real=0.00 secs] 
2015-10-30T15:25:23.343+0000: 3190.523: [GC (Allocation Failure) 3190.523: [ParNew: 34879K->2077K(36288K), 0.0036152 secs] 113881K->81078K(242952K), 0.0036839 secs] [Times: user=0.00 sys=0.00, real=0.01 secs] 
2015-10-30T15:25:23.366+0000: 3190.547: [GC (Allocation Failure) 3190.547: [ParNew: 34397K->3010K(36288K), 0.0033286 secs] 113398K->82011K(242952K), 0.0033774 secs] [Times: user=0.00 sys=0.00, real=0.00 secs] 
2015-10-30T15:25:23.389+0000: 3190.569: [GC (Allocation Failure) 3190.569: [ParNew: 35330K->2522K(36288K), 0.0050045 secs] 114331K->82357K(242952K), 0.0050682 secs] [Times: user=0.00 sys=0.00, real=0.00 secs] 
2015-10-30T15:25:23.409+0000: 3190.590: [GC (Allocation Failure) 3190.590: [ParNew: 34842K->3203K(36288K), 0.0048208 secs] 114677K->83764K(242952K), 0.0048819 secs] [Times: user=0.00 sys=0.00, real=0.00 secs] 
2015-10-30T15:25:23.433+0000: 3190.614: [GC (Allocation Failure) 3190.614: [ParNew: 35523K->3322K(36288K), 0.0044409 secs] 116084K->84474K(242952K), 0.0045031 secs] [Times: user=0.00 sys=0.00, real=0.01 secs] 
2015-10-30T15:25:23.453+0000: 3190.634: [GC (Allocation Failure) 3190.634: [ParNew: 35642K->2140K(36288K), 0.0033066 secs] 116794K->83797K(242952K), 0.0033793 secs] [Times: user=0.00 sys=0.00, real=0.00 secs] 
2015-10-30T15:25:23.480+0000: 3190.660: [GC (Allocation Failure) 3190.660: [ParNew: 29923K->3968K(36288K), 0.0025031 secs] 111580K->88696K(242952K), 0.0025692 secs] [Times: user=0.00 sys=0.00, real=0.00 secs] 
2015-10-30T15:25:23.483+0000: 3190.664: [GC (CMS Initial Mark) [1 CMS-initial-mark: 84728K(206664K)] 94014K(242952K), 0.0016455 secs] [Times: user=0.00 sys=0.00, real=0.00 secs] 
2015-10-30T15:25:23.485+0000: 3190.665: [CMS-concurrent-mark-start]
2015-10-30T15:25:23.514+0000: 3190.694: [CMS-concurrent-mark: 0.029/0.029 secs] [Times: user=0.08 sys=0.00, real=0.03 secs] 
2015-10-30T15:25:23.514+0000: 3190.694: [CMS-concurrent-preclean-start]
2015-10-30T15:25:23.515+0000: 3190.696: [CMS-concurrent-preclean: 0.001/0.001 secs] [Times: user=0.00 sys=0.00, real=0.00 secs] 
2015-10-30T15:25:23.515+0000: 3190.696: [CMS-concurrent-abortable-preclean-start]
 CMS: abort preclean due to time 2015-10-30T15:25:28.521+0000: 3195.702: [CMS-concurrent-abortable-preclean: 0.690/5.006 secs] [Times: user=0.81 sys=0.00, real=5.01 secs] 
2015-10-30T15:25:28.522+0000: 3195.702: [GC (CMS Final Remark) [YG occupancy: 31947 K (36288 K)]3195.718: [Rescan (parallel) , 0.0028464 secs]3195.721: [weak refs processing, 0.0000177 secs]3195.721: [class unloading, 0.0123609 secs]3195.733: [scrub symbol table, 0.0068081 secs]3195.740: [scrub string table, 0.0007113 secs][1 CMS-remark: 84728K(206664K)] 116676K(242952K), 0.0397368 secs] [Times: user=0.00 sys=0.00, real=0.04 secs] 
2015-10-30T15:25:28.562+0000: 3195.742: [CMS-concurrent-sweep-start]
2015-10-30T15:25:28.596+0000: 3195.776: [CMS-concurrent-sweep: 0.034/0.034 secs] [Times: user=0.07 sys=0.00, real=0.03 secs] 
2015-10-30T15:25:28.596+0000: 3195.776: [CMS-concurrent-reset-start]
2015-10-30T15:25:28.598+0000: 3195.779: [CMS-concurrent-reset: 0.002/0.002 secs] [Times: user=0.00 sys=0.00, real=0.01 secs] 
2015-10-30T15:25:30.598+0000: 3197.778: [GC (CMS Initial Mark) [1 CMS-initial-mark: 31066K(206664K)] 63046K(242952K), 0.0025701 secs] [Times: user=0.00 sys=0.00, real=0.00 secs] 
2015-10-30T15:25:30.600+0000: 3197.781: [CMS-concurrent-mark-start]
2015-10-30T15:25:30.628+0000: 3197.809: [CMS-concurrent-mark: 0.028/0.028 secs] [Times: user=0.04 sys=0.00, real=0.03 secs] 
2015-10-30T15:25:30.628+0000: 3197.809: [CMS-concurrent-preclean-start]
2015-10-30T15:25:30.630+0000: 3197.810: [CMS-concurrent-preclean: 0.001/0.001 secs] [Times: user=0.00 sys=0.00, real=0.00 secs] 
2015-10-30T15:25:30.630+0000: 3197.810: [CMS-concurrent-abortable-preclean-start]
2015-10-30T15:25:33.284+0000: 3200.465: [GC (Allocation Failure) 3200.465: [ParNew: 36234K->3968K(36288K), 0.0057069 secs] 67300K->39851K(242952K), 0.0057743 secs] [Times: user=0.00 sys=0.00, real=0.01 secs] 
2015-10-30T15:25:33.331+0000: 3200.512: [GC (Allocation Failure) 3200.512: [ParNew: 36288K->3968K(36288K), 0.0144052 secs] 72171K->52319K(242952K), 0.0144830 secs] [Times: user=0.06 sys=0.00, real=0.02 secs] 
2015-10-30T15:25:33.375+0000: 3200.556: [CMS-concurrent-abortable-preclean: 0.388/2.746 secs] [Times: user=0.61 sys=0.00, real=2.74 secs] 
2015-10-30T15:25:33.376+0000: 3200.556: [GC (CMS Final Remark) [YG occupancy: 36046 K (36288 K)]3200.556: [Rescan (parallel) , 0.0216455 secs]3200.578: [weak refs processing, 0.0000198 secs]3200.578: [class unloading, 0.0124007 secs]3200.590: [scrub symbol table, 0.0065698 secs]3200.597: [scrub string table, 0.0007066 secs][1 CMS-remark: 48351K(206664K)] 84398K(242952K), 0.0425225 secs] [Times: user=0.11 sys=0.00, real=0.05 secs] 
2015-10-30T15:25:33.418+0000: 3200.599: [CMS-concurrent-sweep-start]
2015-10-30T15:25:33.419+0000: 3200.600: [GC (Allocation Failure) 3200.600: [ParNew: 36288K->2830K(36288K), 0.0046369 secs] 84639K->54893K(242952K), 0.0046829 secs] [Times: user=0.00 sys=0.00, real=0.00 secs] 
2015-10-30T15:25:33.451+0000: 3200.632: [CMS-concurrent-sweep: 0.028/0.033 secs] [Times: user=0.13 sys=0.00, real=0.03 secs] 
2015-10-30T15:25:33.451+0000: 3200.632: [CMS-concurrent-reset-start]
2015-10-30T15:25:33.452+0000: 3200.632: [GC (Allocation Failure) 3200.632: [ParNew: 35150K->1890K(36288K), 0.0028286 secs] 83522K->50263K(242952K), 0.0028714 secs] [Times: user=0.00 sys=0.00, real=0.00 secs] 
2015-10-30T15:25:33.457+0000: 3200.637: [CMS-concurrent-reset: 0.003/0.006 secs] [Times: user=0.00 sys=0.00, real=0.00 secs] 
2015-10-30T15:25:33.473+0000: 3200.654: [GC (Allocation Failure) 3200.654: [ParNew: 34210K->2544K(36288K), 0.0036009 secs] 82583K->50916K(242952K), 0.0036525 secs] [Times: user=0.00 sys=0.00, real=0.00 secs] 
2015-10-30T15:25:33.497+0000: 3200.678: [GC (Allocation Failure) 3200.678: [ParNew: 34864K->2420K(36288K), 0.0047425 secs] 83236K->51612K(242952K), 0.0047976 secs] [Times: user=0.00 sys=0.00, real=0.00 secs] 
2015-10-30T15:25:33.516+0000: 3200.697: [GC (Allocation Failure) 3200.697: [ParNew: 34740K->3166K(36288K), 0.0046863 secs] 83932K->53072K(242952K), 0.0047484 secs] [Times: user=0.00 sys=0.00, real=0.01 secs] 
2015-10-30T15:25:33.539+0000: 3200.720: [GC (Allocation Failure) 3200.720: [ParNew: 35486K->2862K(36288K), 0.0169283 secs] 85392K->53393K(242952K), 0.0170138 secs] [Times: user=0.00 sys=0.00, real=0.01 secs] 
2015-10-30T15:25:33.573+0000: 3200.753: [GC (Allocation Failure) 3200.753: [ParNew: 35182K->2402K(36288K), 0.0024747 secs] 85713K->52933K(242952K), 0.0025328 secs] [Times: user=0.00 sys=0.00, real=0.00 secs] 
2015-10-30T15:25:33.611+0000: 3200.791: [GC (Allocation Failure) 3200.791: [ParNew: 34623K->3968K(36288K), 0.0041774 secs] 85154K->63120K(242952K), 0.0042549 secs] [Times: user=0.00 sys=0.00, real=0.00 secs] 
2015-10-30T15:25:33.616+0000: 3200.797: [GC (CMS Initial Mark) [1 CMS-initial-mark: 59152K(206664K)] 68438K(242952K), 0.0014693 secs] [Times: user=0.00 sys=0.00, real=0.01 secs] 
2015-10-30T15:25:33.618+0000: 3200.798: [CMS-concurrent-mark-start]
2015-10-30T15:25:33.647+0000: 3200.828: [CMS-concurrent-mark: 0.029/0.029 secs] [Times: user=0.11 sys=0.00, real=0.03 secs] 
2015-10-30T15:25:33.647+0000: 3200.828: [CMS-concurrent-preclean-start]
2015-10-30T15:25:33.648+0000: 3200.829: [CMS-concurrent-preclean: 0.001/0.001 secs] [Times: user=0.00 sys=0.00, real=0.00 secs] 
2015-10-30T15:25:33.649+0000: 3200.829: [CMS-concurrent-abortable-preclean-start]
 CMS: abort preclean due to time 2015-10-30T15:25:38.718+0000: 3205.898: [CMS-concurrent-abortable-preclean: 0.535/5.069 secs] [Times: user=0.77 sys=0.00, real=5.07 secs] 
2015-10-30T15:25:38.718+0000: 3205.899: [GC (CMS Final Remark) [YG occupancy: 26546 K (36288 K)]3205.899: [Rescan (parallel) , 0.0019644 secs]3205.901: [weak refs processing, 0.0000301 secs]3205.901: [class unloading, 0.0119347 secs]3205.913: [scrub symbol table, 0.0065997 secs]3205.919: [scrub string table, 0.0006978 secs][1 CMS-remark: 59152K(206664K)] 85698K(242952K), 0.0224015 secs] [Times: user=0.00 sys=0.00, real=0.02 secs] 
2015-10-30T15:25:38.741+0000: 3205.921: [CMS-concurrent-sweep-start]
2015-10-30T15:25:38.770+0000: 3205.951: [CMS-concurrent-sweep: 0.029/0.029 secs] [Times: user=0.06 sys=0.00, real=0.03 secs] 
2015-10-30T15:25:38.770+0000: 3205.951: [CMS-concurrent-reset-start]
2015-10-30T15:25:38.773+0000: 3205.953: [CMS-concurrent-reset: 0.002/0.002 secs] [Times: user=0.00 sys=0.00, real=0.00 secs] 
2015-10-30T15:25:40.772+0000: 3207.953: [GC (CMS Initial Mark) [1 CMS-initial-mark: 32302K(206664K)] 59020K(242952K), 0.0022187 secs] [Times: user=0.00 sys=0.00, real=0.00 secs] 
2015-10-30T15:25:40.775+0000: 3207.955: [CMS-concurrent-mark-start]
2015-10-30T15:25:40.804+0000: 3207.984: [CMS-concurrent-mark: 0.029/0.029 secs] [Times: user=0.05 sys=0.00, real=0.03 secs] 
2015-10-30T15:25:40.804+0000: 3207.984: [CMS-concurrent-preclean-start]
2015-10-30T15:25:40.805+0000: 3207.986: [CMS-concurrent-preclean: 0.001/0.001 secs] [Times: user=0.00 sys=0.00, real=0.01 secs] 
2015-10-30T15:25:40.805+0000: 3207.986: [CMS-concurrent-abortable-preclean-start]
2015-10-30T15:25:43.253+0000: 3210.433: [GC (Allocation Failure) 3210.433: [ParNew: 36288K->3968K(36288K), 0.0058736 secs] 68590K->45255K(242952K), 0.0059572 secs] [Times: user=0.00 sys=0.00, real=0.01 secs] 
2015-10-30T15:25:43.298+0000: 3210.478: [GC (Allocation Failure) 3210.479: [ParNew: 36288K->3968K(36288K), 0.0144464 secs] 77575K->55611K(242952K), 0.0145377 secs] [Times: user=0.05 sys=0.00, real=0.01 secs] 
2015-10-30T15:25:43.340+0000: 3210.521: [GC (Allocation Failure) 3210.521: [ParNew: 36288K->3394K(36288K), 0.0052170 secs] 87931K->58776K(242952K), 0.0052865 secs] [Times: user=0.00 sys=0.00, real=0.01 secs] 
2015-10-30T15:25:43.361+0000: 3210.541: [CMS-concurrent-abortable-preclean: 0.333/2.556 secs] [Times: user=0.65 sys=0.00, real=2.55 secs] 
2015-10-30T15:25:43.361+0000: 3210.542: [GC (CMS Final Remark) [YG occupancy: 20588 K (36288 K)]3210.542: [Rescan (parallel) , 0.0116005 secs]3210.553: [weak refs processing, 0.0000173 secs]3210.553: [class unloading, 0.0120022 secs]3210.565: [scrub symbol table, 0.0066199 secs]3210.572: [scrub string table, 0.0007027 secs][1 CMS-remark: 55381K(206664K)] 75969K(242952K), 0.0321315 secs] [Times: user=0.07 sys=0.00, real=0.03 secs] 
2015-10-30T15:25:43.394+0000: 3210.574: [CMS-concurrent-sweep-start]
2015-10-30T15:25:43.402+0000: 3210.583: [GC (Allocation Failure) 3210.583: [ParNew: 35714K->2155K(36288K), 0.0027876 secs] 90665K->57105K(242952K), 0.0028443 secs] [Times: user=0.04 sys=0.00, real=0.00 secs] 
2015-10-30T15:25:43.422+0000: 3210.602: [CMS-concurrent-sweep: 0.025/0.028 secs] [Times: user=0.10 sys=0.00, real=0.03 secs] 
2015-10-30T15:25:43.422+0000: 3210.602: [CMS-concurrent-reset-start]
2015-10-30T15:25:43.423+0000: 3210.603: [GC (Allocation Failure) 3210.603: [ParNew: 34475K->3545K(36288K), 0.0040754 secs] 85714K->54784K(242952K), 0.0041191 secs] [Times: user=0.00 sys=0.00, real=0.01 secs] 
2015-10-30T15:25:43.429+0000: 3210.609: [CMS-concurrent-reset: 0.003/0.007 secs] [Times: user=0.00 sys=0.00, real=0.01 secs] 
2015-10-30T15:25:43.445+0000: 3210.626: [GC (Allocation Failure) 3210.626: [ParNew: 35865K->3582K(36288K), 0.0045373 secs] 87104K->55598K(242952K), 0.0045951 secs] [Times: user=0.00 sys=0.00, real=0.00 secs] 
2015-10-30T15:25:43.465+0000: 3210.646: [GC (Allocation Failure) 3210.646: [ParNew: 35902K->3045K(36288K), 0.0047615 secs] 87918K->55781K(242952K), 0.0048242 secs] [Times: user=0.00 sys=0.00, real=0.00 secs] 
2015-10-30T15:25:43.484+0000: 3210.665: [GC (Allocation Failure) 3210.665: [ParNew: 35365K->3091K(36288K), 0.0038655 secs] 88101K->56433K(242952K), 0.0039277 secs] [Times: user=0.00 sys=0.00, real=0.01 secs] 
2015-10-30T15:25:43.500+0000: 3210.681: [GC (Allocation Failure) 3210.681: [ParNew: 35411K->2229K(36288K), 0.0028057 secs] 88753K->55571K(242952K), 0.0028646 secs] [Times: user=0.00 sys=0.00, real=0.00 secs] 
2015-10-30T15:25:43.525+0000: 3210.705: [GC (Allocation Failure) 3210.705: [ParNew: 33988K->3201K(36288K), 0.0031643 secs] 87330K->61861K(242952K), 0.0032388 secs] [Times: user=0.00 sys=0.00, real=0.01 secs] 
2015-10-30T15:25:43.529+0000: 3210.710: [GC (CMS Initial Mark) [1 CMS-initial-mark: 58660K(206664K)] 69838K(242952K), 0.0020342 secs] [Times: user=0.00 sys=0.00, real=0.00 secs] 
2015-10-30T15:25:43.531+0000: 3210.712: [CMS-concurrent-mark-start]
2015-10-30T15:25:43.562+0000: 3210.743: [CMS-concurrent-mark: 0.031/0.031 secs] [Times: user=0.07 sys=0.00, real=0.03 secs] 
2015-10-30T15:25:43.562+0000: 3210.743: [CMS-concurrent-preclean-start]
2015-10-30T15:25:43.564+0000: 3210.744: [CMS-concurrent-preclean: 0.002/0.002 secs] [Times: user=0.00 sys=0.00, real=0.00 secs] 
2015-10-30T15:25:43.564+0000: 3210.744: [CMS-concurrent-abortable-preclean-start]
 CMS: abort preclean due to time 2015-10-30T15:25:48.650+0000: 3215.830: [CMS-concurrent-abortable-preclean: 0.853/5.086 secs] [Times: user=0.95 sys=0.00, real=5.09 secs] 
2015-10-30T15:25:48.650+0000: 3215.831: [GC (CMS Final Remark) [YG occupancy: 20525 K (36288 K)]3215.831: [Rescan (parallel) , 0.0023453 secs]3215.833: [weak refs processing, 0.0000164 secs]3215.833: [class unloading, 0.0121438 secs]3215.845: [scrub symbol table, 0.0066089 secs]3215.852: [scrub string table, 0.0007009 secs][1 CMS-remark: 58660K(206664K)] 79185K(242952K), 0.0230249 secs] [Times: user=0.02 sys=0.00, real=0.02 secs] 
2015-10-30T15:25:48.673+0000: 3215.854: [CMS-concurrent-sweep-start]
2015-10-30T15:25:48.696+0000: 3215.877: [CMS-concurrent-sweep: 0.023/0.023 secs] [Times: user=0.03 sys=0.00, real=0.02 secs] 
2015-10-30T15:25:48.696+0000: 3215.877: [CMS-concurrent-reset-start]
2015-10-30T15:25:48.699+0000: 3215.879: [CMS-concurrent-reset: 0.002/0.002 secs] [Times: user=0.00 sys=0.00, real=0.01 secs] 
2015-10-30T15:25:50.699+0000: 3217.880: [GC (CMS Initial Mark) [1 CMS-initial-mark: 34896K(206664K)] 55450K(242952K), 0.0024969 secs] [Times: user=0.00 sys=0.00, real=0.00 secs] 
2015-10-30T15:25:50.702+0000: 3217.882: [CMS-concurrent-mark-start]
2015-10-30T15:25:50.729+0000: 3217.910: [CMS-concurrent-mark: 0.028/0.028 secs] [Times: user=0.05 sys=0.00, real=0.03 secs] 
2015-10-30T15:25:50.729+0000: 3217.910: [CMS-concurrent-preclean-start]
2015-10-30T15:25:50.731+0000: 3217.911: [CMS-concurrent-preclean: 0.001/0.001 secs] [Times: user=0.00 sys=0.00, real=0.00 secs] 
2015-10-30T15:25:50.731+0000: 3217.911: [CMS-concurrent-abortable-preclean-start]
2015-10-30T15:25:53.268+0000: 3220.449: [GC (Allocation Failure) 3220.449: [ParNew: 35521K->3968K(36288K), 0.0108625 secs] 70418K->52348K(242952K), 0.0109525 secs] [Times: user=0.04 sys=0.00, real=0.01 secs] 
2015-10-30T15:25:53.310+0000: 3220.491: [GC (Allocation Failure) 3220.491: [ParNew: 36288K->3968K(36288K), 0.0098535 secs] 84668K->59560K(242952K), 0.0099400 secs] [Times: user=0.04 sys=0.00, real=0.01 secs] 
2015-10-30T15:25:53.320+0000: 3220.501: [CMS-concurrent-abortable-preclean: 0.411/2.590 secs] [Times: user=0.59 sys=0.00, real=2.59 secs] 
2015-10-30T15:25:53.321+0000: 3220.501: [GC (CMS Final Remark) [YG occupancy: 4249 K (36288 K)]3220.501: [Rescan (parallel) , 0.0046308 secs]3220.506: [weak refs processing, 0.0000130 secs]3220.506: [class unloading, 0.0123705 secs]3220.518: [scrub symbol table, 0.0065929 secs]3220.525: [scrub string table, 0.0006978 secs][1 CMS-remark: 55592K(206664K)] 59841K(242952K), 0.0254790 secs] [Times: user=0.04 sys=0.00, real=0.03 secs] 
2015-10-30T15:25:53.346+0000: 3220.527: [CMS-concurrent-sweep-start]
2015-10-30T15:25:53.364+0000: 3220.545: [GC (Allocation Failure) 3220.545: [ParNew: 36288K->3580K(36288K), 0.0049594 secs] 91477K->62410K(242952K), 0.0050246 secs] [Times: user=0.00 sys=0.00, real=0.01 secs] 
2015-10-30T15:25:53.381+0000: 3220.562: [CMS-concurrent-sweep: 0.029/0.035 secs] [Times: user=0.13 sys=0.00, real=0.03 secs] 
2015-10-30T15:25:53.381+0000: 3220.562: [CMS-concurrent-reset-start]
2015-10-30T15:25:53.384+0000: 3220.564: [CMS-concurrent-reset: 0.003/0.003 secs] [Times: user=0.00 sys=0.00, real=0.00 secs] 
2015-10-30T15:25:53.388+0000: 3220.568: [GC (Allocation Failure) 3220.568: [ParNew: 35900K->2224K(36288K), 0.0028167 secs] 93195K->59519K(242952K), 0.0028608 secs] [Times: user=0.04 sys=0.00, real=0.00 secs] 
2015-10-30T15:25:53.409+0000: 3220.589: [GC (Allocation Failure) 3220.589: [ParNew: 34544K->3230K(36288K), 0.0031202 secs] 91839K->60525K(242952K), 0.0031772 secs] [Times: user=0.00 sys=0.00, real=0.00 secs] 
2015-10-30T15:25:53.429+0000: 3220.609: [GC (Allocation Failure) 3220.609: [ParNew: 35550K->2866K(36288K), 0.0038425 secs] 92845K->60926K(242952K), 0.0038985 secs] [Times: user=0.00 sys=0.00, real=0.00 secs] 
2015-10-30T15:25:53.449+0000: 3220.630: [GC (Allocation Failure) 3220.630: [ParNew: 35186K->3968K(36288K), 0.0031076 secs] 93246K->62027K(242952K), 0.0031653 secs] [Times: user=0.00 sys=0.00, real=0.00 secs] 
2015-10-30T15:25:53.465+0000: 3220.645: [GC (Allocation Failure) 3220.645: [ParNew: 36288K->2956K(36288K), 0.0038143 secs] 94347K->61692K(242952K), 0.0038740 secs] [Times: user=0.00 sys=0.00, real=0.01 secs] 
2015-10-30T15:25:53.480+0000: 3220.661: [GC (Allocation Failure) 3220.661: [ParNew: 35276K->3242K(36288K), 0.0039891 secs] 94012K->62595K(242952K), 0.0040491 secs] [Times: user=0.00 sys=0.00, real=0.00 secs] 
2015-10-30T15:25:53.506+0000: 3220.686: [GC (Allocation Failure) 3220.686: [ParNew: 29684K->2788K(36288K), 0.0027250 secs] 89037K->67459K(242952K), 0.0028126 secs] [Times: user=0.00 sys=0.00, real=0.00 secs] 
2015-10-30T15:25:53.510+0000: 3220.690: [GC (CMS Initial Mark) [1 CMS-initial-mark: 64670K(206664K)] 75435K(242952K), 0.0018450 secs] [Times: user=0.00 sys=0.00, real=0.00 secs] 
2015-10-30T15:25:53.512+0000: 3220.692: [CMS-concurrent-mark-start]
2015-10-30T15:25:53.540+0000: 3220.721: [CMS-concurrent-mark: 0.029/0.029 secs] [Times: user=0.08 sys=0.00, real=0.03 secs] 
2015-10-30T15:25:53.540+0000: 3220.721: [CMS-concurrent-preclean-start]
2015-10-30T15:25:53.542+0000: 3220.722: [CMS-concurrent-preclean: 0.001/0.001 secs] [Times: user=0.00 sys=0.00, real=0.00 secs] 
2015-10-30T15:25:53.542+0000: 3220.722: [CMS-concurrent-abortable-preclean-start]
 CMS: abort preclean due to time 2015-10-30T15:25:58.643+0000: 3225.823: [CMS-concurrent-abortable-preclean: 0.769/5.101 secs] [Times: user=0.86 sys=0.00, real=5.10 secs] 
2015-10-30T15:25:58.643+0000: 3225.823: [GC (CMS Final Remark) [YG occupancy: 20069 K (36288 K)]3225.823: [Rescan (parallel) , 0.0025937 secs]3225.826: [weak refs processing, 0.0000160 secs]3225.826: [class unloading, 0.0120384 secs]3225.838: [scrub symbol table, 0.0065979 secs]3225.845: [scrub string table, 0.0007147 secs][1 CMS-remark: 64670K(206664K)] 84739K(242952K), 0.0231707 secs] [Times: user=0.03 sys=0.00, real=0.03 secs] 
2015-10-30T15:25:58.666+0000: 3225.847: [CMS-concurrent-sweep-start]
2015-10-30T15:25:58.687+0000: 3225.867: [CMS-concurrent-sweep: 0.020/0.020 secs] [Times: user=0.02 sys=0.00, real=0.02 secs] 
2015-10-30T15:25:58.687+0000: 3225.867: [CMS-concurrent-reset-start]
2015-10-30T15:25:58.689+0000: 3225.869: [CMS-concurrent-reset: 0.002/0.002 secs] [Times: user=0.00 sys=0.00, real=0.00 secs] 
2015-10-30T15:26:00.689+0000: 3227.869: [GC (CMS Initial Mark) [1 CMS-initial-mark: 34986K(206664K)] 55081K(242952K), 0.0026875 secs] [Times: user=0.00 sys=0.00, real=0.00 secs] 
2015-10-30T15:26:00.691+0000: 3227.872: [CMS-concurrent-mark-start]
2015-10-30T15:26:00.720+0000: 3227.900: [CMS-concurrent-mark: 0.028/0.028 secs] [Times: user=0.05 sys=0.00, real=0.03 secs] 
2015-10-30T15:26:00.720+0000: 3227.900: [CMS-concurrent-preclean-start]
2015-10-30T15:26:00.721+0000: 3227.902: [CMS-concurrent-preclean: 0.001/0.001 secs] [Times: user=0.00 sys=0.00, real=0.00 secs] 
2015-10-30T15:26:00.721+0000: 3227.902: [CMS-concurrent-abortable-preclean-start]
2015-10-30T15:26:03.261+0000: 3230.441: [GC (Allocation Failure) 3230.441: [ParNew: 35108K->3968K(36288K), 0.0098549 secs] 70095K->52337K(242952K), 0.0099487 secs] [Times: user=0.03 sys=0.00, real=0.01 secs] 
2015-10-30T15:26:03.301+0000: 3230.482: [CMS-concurrent-abortable-preclean: 0.435/2.580 secs] [Times: user=0.57 sys=0.00, real=2.58 secs] 
2015-10-30T15:26:03.305+0000: 3230.486: [GC (CMS Final Remark) [YG occupancy: 27730 K (36288 K)]3230.486: [Rescan (parallel) , 0.0123447 secs]3230.498: [weak refs processing, 0.0000196 secs]3230.498: [class unloading, 0.0125129 secs]3230.511: [scrub symbol table, 0.0066313 secs]3230.517: [scrub string table, 0.0007151 secs][1 CMS-remark: 48369K(206664K)] 76100K(242952K), 0.0334244 secs] [Times: user=0.07 sys=0.00, real=0.03 secs] 
2015-10-30T15:26:03.339+0000: 3230.519: [CMS-concurrent-sweep-start]
2015-10-30T15:26:03.345+0000: 3230.525: [GC (Allocation Failure) 3230.525: [ParNew: 36288K->3968K(36288K), 0.0081346 secs] 84485K->58811K(242952K), 0.0082149 secs] [Times: user=0.03 sys=0.00, real=0.01 secs] 
2015-10-30T15:26:03.367+0000: 3230.548: [CMS-concurrent-sweep: 0.020/0.028 secs] [Times: user=0.10 sys=0.00, real=0.03 secs] 
2015-10-30T15:26:03.367+0000: 3230.548: [CMS-concurrent-reset-start]
2015-10-30T15:26:03.370+0000: 3230.551: [CMS-concurrent-reset: 0.003/0.003 secs] [Times: user=0.00 sys=0.00, real=0.00 secs] 
2015-10-30T15:26:03.373+0000: 3230.554: [GC (Allocation Failure) 3230.554: [ParNew: 36288K->3714K(36288K), 0.0053637 secs] 89359K->60471K(242952K), 0.0054198 secs] [Times: user=0.02 sys=0.00, real=0.01 secs] 
2015-10-30T15:26:03.393+0000: 3230.574: [GC (Allocation Failure) 3230.574: [ParNew: 36034K->2332K(36288K), 0.0024826 secs] 92791K->59090K(242952K), 0.0025613 secs] [Times: user=0.00 sys=0.00, real=0.00 secs] 
2015-10-30T15:26:03.413+0000: 3230.594: [GC (Allocation Failure) 3230.594: [ParNew: 34652K->3602K(36288K), 0.0032086 secs] 91410K->60359K(242952K), 0.0032708 secs] [Times: user=0.01 sys=0.00, real=0.00 secs] 
2015-10-30T15:26:03.432+0000: 3230.612: [GC (Allocation Failure) 3230.612: [ParNew: 35922K->2880K(36288K), 0.0038080 secs] 92679K->60413K(242952K), 0.0038694 secs] [Times: user=0.02 sys=0.00, real=0.00 secs] 
2015-10-30T15:26:03.449+0000: 3230.630: [GC (Allocation Failure) 3230.630: [ParNew: 35200K->3968K(36288K), 0.0036353 secs] 92733K->61500K(242952K), 0.0036977 secs] [Times: user=0.01 sys=0.00, real=0.00 secs] 
2015-10-30T15:26:03.466+0000: 3230.647: [GC (Allocation Failure) 3230.647: [ParNew: 36288K->3444K(36288K), 0.0044967 secs] 93820K->62259K(242952K), 0.0045718 secs] [Times: user=0.02 sys=0.00, real=0.00 secs] 
2015-10-30T15:26:03.485+0000: 3230.666: [GC (Allocation Failure) 3230.666: [ParNew: 35764K->2201K(36288K), 0.0027909 secs] 94579K->61017K(242952K), 0.0028482 secs] [Times: user=0.01 sys=0.00, real=0.00 secs] 
2015-10-30T15:26:03.510+0000: 3230.690: [GC (Allocation Failure) 3230.690: [ParNew: 28369K->3590K(36288K), 0.0027307 secs] 87185K->67724K(242952K), 0.0028082 secs] [Times: user=0.01 sys=0.00, real=0.00 secs] 
2015-10-30T15:26:03.514+0000: 3230.694: [GC (CMS Initial Mark) [1 CMS-initial-mark: 64133K(206664K)] 75701K(242952K), 0.0016999 secs] [Times: user=0.00 sys=0.00, real=0.00 secs] 
2015-10-30T15:26:03.516+0000: 3230.696: [CMS-concurrent-mark-start]
2015-10-30T15:26:03.545+0000: 3230.725: [CMS-concurrent-mark: 0.029/0.029 secs] [Times: user=0.07 sys=0.00, real=0.03 secs] 
2015-10-30T15:26:03.545+0000: 3230.725: [CMS-concurrent-preclean-start]
2015-10-30T15:26:03.546+0000: 3230.727: [CMS-concurrent-preclean: 0.001/0.001 secs] [Times: user=0.00 sys=0.00, real=0.01 secs] 
2015-10-30T15:26:03.546+0000: 3230.727: [CMS-concurrent-abortable-preclean-start]
 CMS: abort preclean due to time 2015-10-30T15:26:08.654+0000: 3235.835: [CMS-concurrent-abortable-preclean: 0.806/5.108 secs] [Times: user=0.91 sys=0.00, real=5.10 secs] 
2015-10-30T15:26:08.655+0000: 3235.835: [GC (CMS Final Remark) [YG occupancy: 20861 K (36288 K)]3235.836: [Rescan (parallel) , 0.0022523 secs]3235.838: [weak refs processing, 0.0000165 secs]3235.838: [class unloading, 0.0122069 secs]3235.850: [scrub symbol table, 0.0066085 secs]3235.857: [scrub string table, 0.0007094 secs][1 CMS-remark: 64133K(206664K)] 84994K(242952K), 0.0236661 secs] [Times: user=0.03 sys=0.00, real=0.03 secs] 
2015-10-30T15:26:08.679+0000: 3235.859: [CMS-concurrent-sweep-start]
2015-10-30T15:26:08.697+0000: 3235.878: [CMS-concurrent-sweep: 0.019/0.019 secs] [Times: user=0.02 sys=0.00, real=0.02 secs] 
2015-10-30T15:26:08.697+0000: 3235.878: [CMS-concurrent-reset-start]
2015-10-30T15:26:08.700+0000: 3235.880: [CMS-concurrent-reset: 0.002/0.002 secs] [Times: user=0.00 sys=0.00, real=0.00 secs] 
2015-10-30T15:26:10.700+0000: 3237.880: [GC (CMS Initial Mark) [1 CMS-initial-mark: 34985K(206664K)] 55875K(242952K), 0.0024832 secs] [Times: user=0.00 sys=0.00, real=0.00 secs] 
2015-10-30T15:26:10.702+0000: 3237.883: [CMS-concurrent-mark-start]
2015-10-30T15:26:10.731+0000: 3237.911: [CMS-concurrent-mark: 0.029/0.029 secs] [Times: user=0.04 sys=0.00, real=0.03 secs] 
2015-10-30T15:26:10.731+0000: 3237.911: [CMS-concurrent-preclean-start]
2015-10-30T15:26:10.732+0000: 3237.913: [CMS-concurrent-preclean: 0.001/0.001 secs] [Times: user=0.00 sys=0.00, real=0.00 secs] 
2015-10-30T15:26:10.732+0000: 3237.913: [CMS-concurrent-abortable-preclean-start]
2015-10-30T15:26:13.279+0000: 3240.460: [GC (Allocation Failure) 3240.460: [ParNew: 35910K->3968K(36288K), 0.0103384 secs] 70896K->52422K(242952K), 0.0104291 secs] [Times: user=0.04 sys=0.00, real=0.01 secs] 
2015-10-30T15:26:13.333+0000: 3240.514: [GC (Allocation Failure) 3240.514: [ParNew: 36288K->3968K(36288K), 0.0095463 secs] 84742K->59577K(242952K), 0.0096278 secs] [Times: user=0.04 sys=0.00, real=0.01 secs] 
2015-10-30T15:26:13.343+0000: 3240.524: [CMS-concurrent-abortable-preclean: 0.406/2.611 secs] [Times: user=0.61 sys=0.00, real=2.61 secs] 
2015-10-30T15:26:13.343+0000: 3240.524: [GC (CMS Final Remark) [YG occupancy: 4046 K (36288 K)]3240.524: [Rescan (parallel) , 0.0043849 secs]3240.528: [weak refs processing, 0.0000118 secs]3240.528: [class unloading, 0.0121254 secs]3240.540: [scrub symbol table, 0.0066129 secs]3240.547: [scrub string table, 0.0006963 secs][1 CMS-remark: 55609K(206664K)] 59655K(242952K), 0.0249945 secs] [Times: user=0.04 sys=0.00, real=0.03 secs] 
2015-10-30T15:26:13.369+0000: 3240.549: [CMS-concurrent-sweep-start]
2015-10-30T15:26:13.387+0000: 3240.568: [GC (Allocation Failure) 3240.568: [ParNew: 36288K->3132K(36288K), 0.0053741 secs] 91791K->62350K(242952K), 0.0054414 secs] [Times: user=0.02 sys=0.00, real=0.00 secs] 
2015-10-30T15:26:13.395+0000: 3240.576: [CMS-concurrent-sweep: 0.021/0.027 secs] [Times: user=0.09 sys=0.00, real=0.02 secs] 
2015-10-30T15:26:13.395+0000: 3240.576: [CMS-concurrent-reset-start]
2015-10-30T15:26:13.398+0000: 3240.578: [CMS-concurrent-reset: 0.003/0.003 secs] [Times: user=0.02 sys=0.00, real=0.01 secs] 
2015-10-30T15:26:13.408+0000: 3240.588: [GC (Allocation Failure) 3240.588: [ParNew: 35452K->2063K(36288K), 0.0025113 secs] 94669K->61280K(242952K), 0.0025678 secs] [Times: user=0.00 sys=0.00, real=0.00 secs] 
2015-10-30T15:26:13.424+0000: 3240.604: [GC (Allocation Failure) 3240.604: [ParNew: 34383K->2945K(36288K), 0.0032030 secs] 93600K->62162K(242952K), 0.0032572 secs] [Times: user=0.00 sys=0.00, real=0.01 secs] 
2015-10-30T15:26:13.442+0000: 3240.623: [GC (Allocation Failure) 3240.623: [ParNew: 35265K->3223K(36288K), 0.0041978 secs] 94482K->63223K(242952K), 0.0042587 secs] [Times: user=0.00 sys=0.00, real=0.01 secs] 
2015-10-30T15:26:13.459+0000: 3240.640: [GC (Allocation Failure) 3240.640: [ParNew: 35543K->3756K(36288K), 0.0035996 secs] 95543K->63756K(242952K), 0.0036642 secs] [Times: user=0.02 sys=0.00, real=0.00 secs] 
2015-10-30T15:26:13.477+0000: 3240.658: [GC (Allocation Failure) 3240.658: [ParNew: 36076K->3170K(36288K), 0.0052267 secs] 96076K->64412K(242952K), 0.0052859 secs] [Times: user=0.02 sys=0.00, real=0.00 secs] 
2015-10-30T15:26:13.497+0000: 3240.678: [GC (Allocation Failure) 3240.678: [ParNew: 35490K->2165K(36288K), 0.0029252 secs] 96732K->63407K(242952K), 0.0029825 secs] [Times: user=0.00 sys=0.00, real=0.00 secs] 
2015-10-30T15:26:13.521+0000: 3240.701: [GC (Allocation Failure) 3240.702: [ParNew: 28168K->3281K(36288K), 0.0029642 secs] 89410K->69840K(242952K), 0.0030399 secs] [Times: user=0.00 sys=0.00, real=0.00 secs] 
2015-10-30T15:26:13.525+0000: 3240.706: [GC (CMS Initial Mark) [1 CMS-initial-mark: 66559K(206664K)] 77817K(242952K), 0.0017058 secs] [Times: user=0.02 sys=0.00, real=0.00 secs] 
2015-10-30T15:26:13.527+0000: 3240.707: [CMS-concurrent-mark-start]
2015-10-30T15:26:13.570+0000: 3240.751: [CMS-concurrent-mark: 0.043/0.043 secs] [Times: user=0.09 sys=0.00, real=0.04 secs] 
2015-10-30T15:26:13.570+0000: 3240.751: [CMS-concurrent-preclean-start]
2015-10-30T15:26:13.572+0000: 3240.753: [CMS-concurrent-preclean: 0.002/0.002 secs] [Times: user=0.00 sys=0.00, real=0.00 secs] 
2015-10-30T15:26:13.572+0000: 3240.753: [CMS-concurrent-abortable-preclean-start]
 CMS: abort preclean due to time 2015-10-30T15:26:18.644+0000: 3245.824: [CMS-concurrent-abortable-preclean: 0.770/5.072 secs] [Times: user=0.87 sys=0.00, real=5.07 secs] 
2015-10-30T15:26:18.644+0000: 3245.825: [GC (CMS Final Remark) [YG occupancy: 20671 K (36288 K)]3245.825: [Rescan (parallel) , 0.0022320 secs]3245.827: [weak refs processing, 0.0000163 secs]3245.827: [class unloading, 0.0119155 secs]3245.839: [scrub symbol table, 0.0065844 secs]3245.845: [scrub string table, 0.0007048 secs][1 CMS-remark: 66559K(206664K)] 87231K(242952K), 0.0226103 secs] [Times: user=0.03 sys=0.00, real=0.03 secs] 
2015-10-30T15:26:18.667+0000: 3245.847: [CMS-concurrent-sweep-start]
2015-10-30T15:26:18.686+0000: 3245.867: [CMS-concurrent-sweep: 0.019/0.019 secs] [Times: user=0.02 sys=0.00, real=0.02 secs] 
2015-10-30T15:26:18.686+0000: 3245.867: [CMS-concurrent-reset-start]
2015-10-30T15:26:18.689+0000: 3245.869: [CMS-concurrent-reset: 0.002/0.002 secs] [Times: user=0.00 sys=0.00, real=0.00 secs] 
2015-10-30T15:26:20.688+0000: 3247.869: [GC (CMS Initial Mark) [1 CMS-initial-mark: 36416K(206664K)] 57121K(242952K), 0.0027546 secs] [Times: user=0.02 sys=0.00, real=0.00 secs] 
2015-10-30T15:26:20.691+0000: 3247.872: [CMS-concurrent-mark-start]
2015-10-30T15:26:20.719+0000: 3247.900: [CMS-concurrent-mark: 0.028/0.028 secs] [Times: user=0.03 sys=0.00, real=0.03 secs] 
2015-10-30T15:26:20.719+0000: 3247.900: [CMS-concurrent-preclean-start]
2015-10-30T15:26:20.720+0000: 3247.901: [CMS-concurrent-preclean: 0.001/0.001 secs] [Times: user=0.00 sys=0.00, real=0.00 secs] 
2015-10-30T15:26:20.720+0000: 3247.901: [CMS-concurrent-abortable-preclean-start]
2015-10-30T15:26:23.232+0000: 3250.413: [GC (Allocation Failure) 3250.413: [ParNew: 35601K->3968K(36288K), 0.0114472 secs] 72017K->54284K(242952K), 0.0115420 secs] [Times: user=0.04 sys=0.00, real=0.01 secs] 
2015-10-30T15:26:23.277+0000: 3250.458: [GC (Allocation Failure) 3250.458: [ParNew: 36288K->3968K(36288K), 0.0106659 secs] 86604K->61983K(242952K), 0.0107609 secs] [Times: user=0.03 sys=0.00, real=0.02 secs] 
2015-10-30T15:26:23.288+0000: 3250.468: [CMS-concurrent-abortable-preclean: 0.425/2.567 secs] [Times: user=0.59 sys=0.00, real=2.57 secs] 
2015-10-30T15:26:23.288+0000: 3250.469: [GC (CMS Final Remark) [YG occupancy: 4264 K (36288 K)]3250.469: [Rescan (parallel) , 0.0042054 secs]3250.473: [weak refs processing, 0.0000124 secs]3250.473: [class unloading, 0.0121415 secs]3250.485: [scrub symbol table, 0.0066219 secs]3250.492: [scrub string table, 0.0007010 secs][1 CMS-remark: 58015K(206664K)] 62279K(242952K), 0.0248555 secs] [Times: user=0.03 sys=0.00, real=0.02 secs] 
2015-10-30T15:26:23.313+0000: 3250.494: [CMS-concurrent-sweep-start]
2015-10-30T15:26:23.332+0000: 3250.512: [GC (Allocation Failure) 3250.512: [ParNew: 36288K->3658K(36288K), 0.0061884 secs] 93495K->64654K(242952K), 0.0062544 secs] [Times: user=0.02 sys=0.00, real=0.01 secs] 
2015-10-30T15:26:23.341+0000: 3250.521: [CMS-concurrent-sweep: 0.021/0.027 secs] [Times: user=0.11 sys=0.00, real=0.03 secs] 
2015-10-30T15:26:23.341+0000: 3250.521: [CMS-concurrent-reset-start]
2015-10-30T15:26:23.343+0000: 3250.524: [CMS-concurrent-reset: 0.003/0.003 secs] [Times: user=0.01 sys=0.00, real=0.00 secs] 
2015-10-30T15:26:23.354+0000: 3250.534: [GC (Allocation Failure) 3250.534: [ParNew: 35978K->2347K(36288K), 0.0028410 secs] 96225K->62594K(242952K), 0.0028978 secs] [Times: user=0.01 sys=0.00, real=0.00 secs] 
2015-10-30T15:26:23.375+0000: 3250.555: [GC (Allocation Failure) 3250.555: [ParNew: 34667K->3414K(36288K), 0.0038358 secs] 94914K->63661K(242952K), 0.0038931 secs] [Times: user=0.01 sys=0.00, real=0.01 secs] 
2015-10-30T15:26:23.397+0000: 3250.578: [GC (Allocation Failure) 3250.578: [ParNew: 35734K->2969K(36288K), 0.0055469 secs] 95981K->64002K(242952K), 0.0056085 secs] [Times: user=0.01 sys=0.00, real=0.00 secs] 
2015-10-30T15:26:23.417+0000: 3250.598: [GC (Allocation Failure) 3250.598: [ParNew: 35289K->3968K(36288K), 0.0035644 secs] 96322K->65000K(242952K), 0.0036215 secs] [Times: user=0.01 sys=0.00, real=0.00 secs] 
2015-10-30T15:26:23.437+0000: 3250.618: [GC (Allocation Failure) 3250.618: [ParNew: 36288K->3459K(36288K), 0.0046905 secs] 97320K->65159K(242952K), 0.0047532 secs] [Times: user=0.01 sys=0.00, real=0.00 secs] 
2015-10-30T15:26:23.456+0000: 3250.637: [GC (Allocation Failure) 3250.637: [ParNew: 35779K->2728K(36288K), 0.0039487 secs] 97479K->65053K(242952K), 0.0040074 secs] [Times: user=0.02 sys=0.00, real=0.01 secs] 
2015-10-30T15:26:23.482+0000: 3250.662: [GC (Allocation Failure) 3250.662: [ParNew: 28199K->2518K(36288K), 0.0034275 secs] 90524K->70160K(242952K), 0.0034993 secs] [Times: user=0.01 sys=0.01, real=0.01 secs] 
2015-10-30T15:26:23.486+0000: 3250.667: [GC (CMS Initial Mark) [1 CMS-initial-mark: 67642K(206664K)] 78137K(242952K), 0.0022671 secs] [Times: user=0.00 sys=0.00, real=0.00 secs] 
2015-10-30T15:26:23.489+0000: 3250.669: [CMS-concurrent-mark-start]
2015-10-30T15:26:23.518+0000: 3250.698: [CMS-concurrent-mark: 0.029/0.029 secs] [Times: user=0.06 sys=0.00, real=0.03 secs] 
2015-10-30T15:26:23.518+0000: 3250.698: [CMS-concurrent-preclean-start]
2015-10-30T15:26:23.519+0000: 3250.700: [CMS-concurrent-preclean: 0.001/0.001 secs] [Times: user=0.01 sys=0.00, real=0.00 secs] 
2015-10-30T15:26:23.519+0000: 3250.700: [CMS-concurrent-abortable-preclean-start]
 CMS: abort preclean due to time 2015-10-30T15:26:28.535+0000: 3255.716: [CMS-concurrent-abortable-preclean: 0.770/5.016 secs] [Times: user=0.85 sys=0.00, real=5.01 secs] 
2015-10-30T15:26:28.535+0000: 3255.716: [GC (CMS Final Remark) [YG occupancy: 19841 K (36288 K)]3255.716: [Rescan (parallel) , 0.0023439 secs]3255.718: [weak refs processing, 0.0000210 secs]3255.718: [class unloading, 0.0125969 secs]3255.731: [scrub symbol table, 0.0073032 secs]3255.738: [scrub string table, 0.0007136 secs][1 CMS-remark: 67642K(206664K)] 87484K(242952K), 0.0242313 secs] [Times: user=0.03 sys=0.00, real=0.03 secs] 
2015-10-30T15:26:28.560+0000: 3255.740: [CMS-concurrent-sweep-start]
2015-10-30T15:26:28.580+0000: 3255.760: [CMS-concurrent-sweep: 0.020/0.020 secs] [Times: user=0.03 sys=0.00, real=0.02 secs] 
2015-10-30T15:26:28.580+0000: 3255.760: [CMS-concurrent-reset-start]
2015-10-30T15:26:28.582+0000: 3255.763: [CMS-concurrent-reset: 0.002/0.002 secs] [Times: user=0.00 sys=0.00, real=0.00 secs] 
2015-10-30T15:26:30.582+0000: 3257.762: [GC (CMS Initial Mark) [1 CMS-initial-mark: 36567K(206664K)] 56439K(242952K), 0.0024446 secs] [Times: user=0.01 sys=0.00, real=0.00 secs] 
2015-10-30T15:26:30.584+0000: 3257.765: [CMS-concurrent-mark-start]
2015-10-30T15:26:30.613+0000: 3257.793: [CMS-concurrent-mark: 0.028/0.028 secs] [Times: user=0.03 sys=0.00, real=0.03 secs] 
2015-10-30T15:26:30.613+0000: 3257.793: [CMS-concurrent-preclean-start]
2015-10-30T15:26:30.614+0000: 3257.794: [CMS-concurrent-preclean: 0.001/0.001 secs] [Times: user=0.00 sys=0.00, real=0.00 secs] 
2015-10-30T15:26:30.614+0000: 3257.794: [CMS-concurrent-abortable-preclean-start]
2015-10-30T15:26:33.316+0000: 3260.496: [GC (Allocation Failure) 3260.496: [ParNew: 34838K->3968K(36288K), 0.0104820 secs] 71405K->54001K(242952K), 0.0105740 secs] [Times: user=0.04 sys=0.00, real=0.02 secs] 
2015-10-30T15:26:33.363+0000: 3260.543: [GC (Allocation Failure) 3260.543: [ParNew: 36288K->3968K(36288K), 0.0090242 secs] 86321K->61551K(242952K), 0.0091042 secs] [Times: user=0.04 sys=0.00, real=0.01 secs] 
2015-10-30T15:26:33.392+0000: 3260.572: [GC (Allocation Failure) 3260.572: [ParNew: 36288K->3648K(36288K), 0.0057052 secs] 93871K->64976K(242952K), 0.0057713 secs] [Times: user=0.02 sys=0.00, real=0.01 secs] 
2015-10-30T15:26:33.398+0000: 3260.578: [CMS-concurrent-abortable-preclean: 0.434/2.784 secs] [Times: user=0.69 sys=0.00, real=2.79 secs] 
2015-10-30T15:26:33.398+0000: 3260.578: [GC (CMS Final Remark) [YG occupancy: 3929 K (36288 K)]3260.578: [Rescan (parallel) , 0.0050866 secs]3260.583: [weak refs processing, 0.0000117 secs]3260.583: [class unloading, 0.0120676 secs]3260.595: [scrub symbol table, 0.0065851 secs]3260.602: [scrub string table, 0.0006979 secs][1 CMS-remark: 61328K(206664K)] 65257K(242952K), 0.0256127 secs] [Times: user=0.04 sys=0.00, real=0.02 secs] 
2015-10-30T15:26:33.424+0000: 3260.604: [CMS-concurrent-sweep-start]
2015-10-30T15:26:33.442+0000: 3260.622: [GC (Allocation Failure) 3260.622: [ParNew: 35968K->2242K(36288K), 0.0024088 secs] 95737K->62012K(242952K), 0.0024678 secs] [Times: user=0.00 sys=0.00, real=0.00 secs] 
2015-10-30T15:26:33.444+0000: 3260.625: [CMS-concurrent-sweep: 0.021/0.021 secs] [Times: user=0.07 sys=0.00, real=0.02 secs] 
2015-10-30T15:26:33.444+0000: 3260.625: [CMS-concurrent-reset-start]
2015-10-30T15:26:33.447+0000: 3260.627: [CMS-concurrent-reset: 0.002/0.002 secs] [Times: user=0.02 sys=0.00, real=0.01 secs] 
2015-10-30T15:26:33.461+0000: 3260.642: [GC (Allocation Failure) 3260.642: [ParNew: 34562K->2828K(36288K), 0.0030425 secs] 94332K->62597K(242952K), 0.0030968 secs] [Times: user=0.01 sys=0.00, real=0.00 secs] 
2015-10-30T15:26:33.480+0000: 3260.660: [GC (Allocation Failure) 3260.660: [ParNew: 35148K->2750K(36288K), 0.0040892 secs] 94917K->63289K(242952K), 0.0041439 secs] [Times: user=0.01 sys=0.00, real=0.00 secs] 
2015-10-30T15:26:33.497+0000: 3260.677: [GC (Allocation Failure) 3260.677: [ParNew: 35070K->3967K(36288K), 0.0034415 secs] 95609K->64506K(242952K), 0.0034997 secs] [Times: user=0.02 sys=0.00, real=0.01 secs] 
2015-10-30T15:26:33.513+0000: 3260.694: [GC (Allocation Failure) 3260.694: [ParNew: 36287K->3327K(36288K), 0.0049066 secs] 96826K->65121K(242952K), 0.0049707 secs] [Times: user=0.02 sys=0.00, real=0.01 secs] 
2015-10-30T15:26:33.531+0000: 3260.712: [GC (Allocation Failure) 3260.712: [ParNew: 35647K->2497K(36288K), 0.0026517 secs] 97441K->64291K(242952K), 0.0027098 secs] [Times: user=0.00 sys=0.00, real=0.00 secs] 
2015-10-30T15:26:33.554+0000: 3260.735: [GC (Allocation Failure) 3260.735: [ParNew: 28486K->3237K(36288K), 0.0032678 secs] 90280K->70349K(242952K), 0.0033425 secs] [Times: user=0.01 sys=0.00, real=0.01 secs] 
2015-10-30T15:26:33.559+0000: 3260.739: [GC (CMS Initial Mark) [1 CMS-initial-mark: 67111K(206664K)] 78326K(242952K), 0.0020090 secs] [Times: user=0.01 sys=0.00, real=0.00 secs] 
2015-10-30T15:26:33.561+0000: 3260.741: [CMS-concurrent-mark-start]
2015-10-30T15:26:33.601+0000: 3260.782: [CMS-concurrent-mark: 0.040/0.040 secs] [Times: user=0.08 sys=0.00, real=0.04 secs] 
2015-10-30T15:26:33.602+0000: 3260.782: [CMS-concurrent-preclean-start]
2015-10-30T15:26:33.603+0000: 3260.784: [CMS-concurrent-preclean: 0.002/0.002 secs] [Times: user=0.00 sys=0.00, real=0.00 secs] 
2015-10-30T15:26:33.603+0000: 3260.784: [CMS-concurrent-abortable-preclean-start]
 CMS: abort preclean due to time 2015-10-30T15:26:38.633+0000: 3265.814: [CMS-concurrent-abortable-preclean: 0.766/5.030 secs] [Times: user=0.84 sys=0.00, real=5.03 secs] 
2015-10-30T15:26:38.634+0000: 3265.814: [GC (CMS Final Remark) [YG occupancy: 20721 K (36288 K)]3265.815: [Rescan (parallel) , 0.0024150 secs]3265.818: [weak refs processing, 0.0000165 secs]3265.818: [class unloading, 0.0122605 secs]3265.830: [scrub symbol table, 0.0065839 secs]3265.837: [scrub string table, 0.0006989 secs][1 CMS-remark: 67111K(206664K)] 87833K(242952K), 0.0243878 secs] [Times: user=0.03 sys=0.00, real=0.03 secs] 
2015-10-30T15:26:38.658+0000: 3265.839: [CMS-concurrent-sweep-start]
2015-10-30T15:26:38.677+0000: 3265.858: [CMS-concurrent-sweep: 0.019/0.019 secs] [Times: user=0.02 sys=0.00, real=0.02 secs] 
2015-10-30T15:26:38.677+0000: 3265.858: [CMS-concurrent-reset-start]
2015-10-30T15:26:38.680+0000: 3265.860: [CMS-concurrent-reset: 0.002/0.002 secs] [Times: user=0.00 sys=0.00, real=0.00 secs] 
2015-10-30T15:26:40.680+0000: 3267.860: [GC (CMS Initial Mark) [1 CMS-initial-mark: 35985K(206664K)] 56735K(242952K), 0.0028285 secs] [Times: user=0.01 sys=0.00, real=0.00 secs] 
2015-10-30T15:26:40.683+0000: 3267.863: [CMS-concurrent-mark-start]
2015-10-30T15:26:40.712+0000: 3267.892: [CMS-concurrent-mark: 0.029/0.029 secs] [Times: user=0.03 sys=0.00, real=0.03 secs] 
2015-10-30T15:26:40.712+0000: 3267.892: [CMS-concurrent-preclean-start]
2015-10-30T15:26:40.713+0000: 3267.894: [CMS-concurrent-preclean: 0.002/0.002 secs] [Times: user=0.00 sys=0.00, real=0.00 secs] 
2015-10-30T15:26:40.713+0000: 3267.894: [CMS-concurrent-abortable-preclean-start]
2015-10-30T15:26:43.306+0000: 3270.486: [GC (Allocation Failure) 3270.486: [ParNew: 35557K->3968K(36288K), 0.0173406 secs] 71542K->53232K(242952K), 0.0174485 secs] [Times: user=0.07 sys=0.00, real=0.01 secs] 
2015-10-30T15:26:43.368+0000: 3270.549: [GC (Allocation Failure) 3270.549: [ParNew: 36288K->3968K(36288K), 0.0174962 secs] 85552K->61740K(242952K), 0.0176015 secs] [Times: user=0.07 sys=0.00, real=0.02 secs] 
2015-10-30T15:26:43.406+0000: 3270.586: [GC (Allocation Failure) 3270.586: [ParNew: 36288K->2380K(36288K), 0.0173604 secs] 94060K->63780K(242952K), 0.0174531 secs] [Times: user=0.07 sys=0.00, real=0.01 secs] 
2015-10-30T15:26:43.448+0000: 3270.629: [GC (Allocation Failure) 3270.629: [ParNew: 34700K->2074K(36288K), 0.0087295 secs] 96100K->63474K(242952K), 0.0088286 secs] [Times: user=0.03 sys=0.00, real=0.01 secs] 
2015-10-30T15:26:43.487+0000: 3270.668: [GC (Allocation Failure) 3270.668: [ParNew: 34394K->2919K(36288K), 0.0058491 secs] 95794K->64319K(242952K), 0.0059370 secs] [Times: user=0.03 sys=0.00, real=0.00 secs] 
2015-10-30T15:26:43.494+0000: 3270.674: [CMS-concurrent-abortable-preclean: 0.476/2.781 secs] [Times: user=1.23 sys=0.00, real=2.78 secs] 
2015-10-30T15:26:43.494+0000: 3270.675: [GC (CMS Final Remark) [YG occupancy: 3233 K (36288 K)]3270.675: [Rescan (parallel) , 0.0050921 secs]3270.680: [weak refs processing, 0.0000185 secs]3270.680: [class unloading, 0.0174913 secs]3270.697: [scrub symbol table, 0.0075138 secs]3270.705: [scrub string table, 0.0007143 secs][1 CMS-remark: 61399K(206664K)] 64633K(242952K), 0.0320079 secs] [Times: user=0.07 sys=0.00, real=0.04 secs] 
2015-10-30T15:26:43.526+0000: 3270.707: [CMS-concurrent-sweep-start]
2015-10-30T15:26:43.547+0000: 3270.728: [CMS-concurrent-sweep: 0.021/0.021 secs] [Times: user=0.08 sys=0.00, real=0.02 secs] 
2015-10-30T15:26:43.548+0000: 3270.728: [CMS-concurrent-reset-start]
2015-10-30T15:26:43.553+0000: 3270.734: [GC (Allocation Failure) 3270.734: [ParNew: 35239K->3348K(36288K), 0.0053095 secs] 94545K->63391K(242952K), 0.0053658 secs] [Times: user=0.02 sys=0.00, real=0.01 secs] 
2015-10-30T15:26:43.570+0000: 3270.751: [CMS-concurrent-reset: 0.017/0.023 secs] [Times: user=0.08 sys=0.00, real=0.02 secs] 
2015-10-30T15:26:43.577+0000: 3270.757: [GC (Allocation Failure) 3270.757: [ParNew: 35668K->2772K(36288K), 0.0074999 secs] 95711K->63480K(242952K), 0.0075729 secs] [Times: user=0.02 sys=0.00, real=0.01 secs] 
2015-10-30T15:26:43.604+0000: 3270.784: [GC (Allocation Failure) 3270.784: [ParNew: 35092K->2789K(36288K), 0.0053808 secs] 95800K->64048K(242952K), 0.0054403 secs] [Times: user=0.02 sys=0.00, real=0.01 secs] 
2015-10-30T15:26:43.624+0000: 3270.805: [GC (Allocation Failure) 3270.805: [ParNew: 35109K->2745K(36288K), 0.0037259 secs] 96368K->64004K(242952K), 0.0037849 secs] [Times: user=0.01 sys=0.00, real=0.01 secs] 
2015-10-30T15:26:43.651+0000: 3270.831: [GC (Allocation Failure) 3270.831: [ParNew: 29147K->2741K(36288K), 0.0161589 secs] 90406K->69318K(242952K), 0.0162378 secs] [Times: user=0.01 sys=0.00, real=0.02 secs] 
2015-10-30T15:26:43.668+0000: 3270.848: [GC (CMS Initial Mark) [1 CMS-initial-mark: 66576K(206664K)] 77309K(242952K), 0.0017976 secs] [Times: user=0.01 sys=0.00, real=0.00 secs] 
2015-10-30T15:26:43.670+0000: 3270.850: [CMS-concurrent-mark-start]
2015-10-30T15:26:43.698+0000: 3270.879: [CMS-concurrent-mark: 0.029/0.029 secs] [Times: user=0.06 sys=0.00, real=0.03 secs] 
2015-10-30T15:26:43.698+0000: 3270.879: [CMS-concurrent-preclean-start]
2015-10-30T15:26:43.700+0000: 3270.880: [CMS-concurrent-preclean: 0.001/0.001 secs] [Times: user=0.00 sys=0.00, real=0.00 secs] 
2015-10-30T15:26:43.700+0000: 3270.880: [CMS-concurrent-abortable-preclean-start]
 CMS: abort preclean due to time 2015-10-30T15:26:48.752+0000: 3275.932: [CMS-concurrent-abortable-preclean: 0.773/5.052 secs] [Times: user=0.85 sys=0.00, real=5.05 secs] 
2015-10-30T15:26:48.752+0000: 3275.933: [GC (CMS Final Remark) [YG occupancy: 20022 K (36288 K)]3275.934: [Rescan (parallel) , 0.0026125 secs]3275.936: [weak refs processing, 0.0000163 secs]3275.937: [class unloading, 0.0122801 secs]3275.949: [scrub symbol table, 0.0066196 secs]3275.955: [scrub string table, 0.0006991 secs][1 CMS-remark: 66576K(206664K)] 86599K(242952K), 0.0245054 secs] [Times: user=0.02 sys=0.00, real=0.02 secs] 
2015-10-30T15:26:48.777+0000: 3275.957: [CMS-concurrent-sweep-start]
2015-10-30T15:26:48.796+0000: 3275.976: [CMS-concurrent-sweep: 0.019/0.019 secs] [Times: user=0.02 sys=0.00, real=0.02 secs] 
2015-10-30T15:26:48.796+0000: 3275.976: [CMS-concurrent-reset-start]
2015-10-30T15:26:48.798+0000: 3275.979: [CMS-concurrent-reset: 0.002/0.002 secs] [Times: user=0.00 sys=0.00, real=0.01 secs] 
2015-10-30T15:26:50.798+0000: 3277.979: [GC (CMS Initial Mark) [1 CMS-initial-mark: 35417K(206664K)] 55477K(242952K), 0.0024055 secs] [Times: user=0.01 sys=0.00, real=0.00 secs] 
2015-10-30T15:26:50.801+0000: 3277.981: [CMS-concurrent-mark-start]
2015-10-30T15:26:50.829+0000: 3278.009: [CMS-concurrent-mark: 0.028/0.028 secs] [Times: user=0.03 sys=0.00, real=0.03 secs] 
2015-10-30T15:26:50.829+0000: 3278.009: [CMS-concurrent-preclean-start]
2015-10-30T15:26:50.830+0000: 3278.011: [CMS-concurrent-preclean: 0.001/0.001 secs] [Times: user=0.00 sys=0.00, real=0.00 secs] 
2015-10-30T15:26:50.830+0000: 3278.011: [CMS-concurrent-abortable-preclean-start]
2015-10-30T15:26:53.293+0000: 3280.474: [GC (Allocation Failure) 3280.474: [ParNew: 35061K->3968K(36288K), 0.0112777 secs] 70479K->53456K(242952K), 0.0113826 secs] [Times: user=0.04 sys=0.00, real=0.01 secs] 
2015-10-30T15:26:53.343+0000: 3280.523: [GC (Allocation Failure) 3280.523: [ParNew: 36288K->3968K(36288K), 0.0091882 secs] 85776K->60432K(242952K), 0.0092579 secs] [Times: user=0.03 sys=0.00, real=0.01 secs] 
2015-10-30T15:26:53.352+0000: 3280.533: [CMS-concurrent-abortable-preclean: 0.416/2.522 secs] [Times: user=0.66 sys=0.00, real=2.52 secs] 
2015-10-30T15:26:53.357+0000: 3280.538: [GC (CMS Final Remark) [YG occupancy: 10583 K (36288 K)]3280.538: [Rescan (parallel) , 0.0076511 secs]3280.545: [weak refs processing, 0.0000135 secs]3280.545: [class unloading, 0.0121651 secs]3280.558: [scrub symbol table, 0.0065761 secs]3280.564: [scrub string table, 0.0006972 secs][1 CMS-remark: 56464K(206664K)] 67047K(242952K), 0.0282690 secs] [Times: user=0.05 sys=0.00, real=0.03 secs] 
2015-10-30T15:26:53.386+0000: 3280.566: [CMS-concurrent-sweep-start]
2015-10-30T15:26:53.405+0000: 3280.586: [GC (Allocation Failure) 3280.586: [ParNew: 36288K->2675K(36288K), 0.0054956 secs] 91762K->61834K(242952K), 0.0055610 secs] [Times: user=0.01 sys=0.00, real=0.00 secs] 
2015-10-30T15:26:53.413+0000: 3280.593: [CMS-concurrent-sweep: 0.020/0.027 secs] [Times: user=0.09 sys=0.01, real=0.02 secs] 
2015-10-30T15:26:53.413+0000: 3280.593: [CMS-concurrent-reset-start]
2015-10-30T15:26:53.415+0000: 3280.596: [CMS-concurrent-reset: 0.003/0.003 secs] [Times: user=0.01 sys=0.00, real=0.00 secs] 
2015-10-30T15:26:53.426+0000: 3280.606: [GC (Allocation Failure) 3280.606: [ParNew: 34995K->1903K(36288K), 0.0028224 secs] 93597K->60505K(242952K), 0.0028799 secs] [Times: user=0.01 sys=0.00, real=0.00 secs] 
2015-10-30T15:26:53.447+0000: 3280.627: [GC (Allocation Failure) 3280.627: [ParNew: 34223K->3009K(36288K), 0.0035109 secs] 92825K->61611K(242952K), 0.0035744 secs] [Times: user=0.02 sys=0.00, real=0.00 secs] 
2015-10-30T15:26:53.466+0000: 3280.647: [GC (Allocation Failure) 3280.647: [ParNew: 35329K->2634K(36288K), 0.0045927 secs] 93931K->61957K(242952K), 0.0046515 secs] [Times: user=0.02 sys=0.00, real=0.00 secs] 
2015-10-30T15:26:53.485+0000: 3280.666: [GC (Allocation Failure) 3280.666: [ParNew: 34954K->3953K(36288K), 0.0040719 secs] 94277K->63275K(242952K), 0.0041318 secs] [Times: user=0.02 sys=0.00, real=0.00 secs] 
2015-10-30T15:26:53.505+0000: 3280.686: [GC (Allocation Failure) 3280.686: [ParNew: 36273K->3150K(36288K), 0.0052559 secs] 95595K->63718K(242952K), 0.0053160 secs] [Times: user=0.02 sys=0.00, real=0.00 secs] 
2015-10-30T15:26:53.523+0000: 3280.704: [GC (Allocation Failure) 3280.704: [ParNew: 35470K->2118K(36288K), 0.0027818 secs] 96038K->62686K(242952K), 0.0028407 secs] [Times: user=0.01 sys=0.00, real=0.01 secs] 
2015-10-30T15:26:53.546+0000: 3280.726: [GC (Allocation Failure) 3280.726: [ParNew: 26771K->3199K(36288K), 0.0027572 secs] 87339K->69085K(242952K), 0.0028283 secs] [Times: user=0.01 sys=0.00, real=0.00 secs] 
2015-10-30T15:26:53.550+0000: 3280.730: [GC (CMS Initial Mark) [1 CMS-initial-mark: 65886K(206664K)] 77062K(242952K), 0.0016685 secs] [Times: user=0.01 sys=0.00, real=0.00 secs] 
2015-10-30T15:26:53.552+0000: 3280.732: [CMS-concurrent-mark-start]
2015-10-30T15:26:53.581+0000: 3280.761: [CMS-concurrent-mark: 0.029/0.029 secs] [Times: user=0.06 sys=0.00, real=0.03 secs] 
2015-10-30T15:26:53.581+0000: 3280.761: [CMS-concurrent-preclean-start]
2015-10-30T15:26:53.582+0000: 3280.763: [CMS-concurrent-preclean: 0.001/0.001 secs] [Times: user=0.00 sys=0.00, real=0.00 secs] 
2015-10-30T15:26:53.582+0000: 3280.763: [CMS-concurrent-abortable-preclean-start]
 CMS: abort preclean due to time 2015-10-30T15:26:58.621+0000: 3285.802: [CMS-concurrent-abortable-preclean: 0.767/5.039 secs] [Times: user=0.87 sys=0.00, real=5.04 secs] 
2015-10-30T15:26:58.622+0000: 3285.802: [GC (CMS Final Remark) [YG occupancy: 20526 K (36288 K)]3285.802: [Rescan (parallel) , 0.0021550 secs]3285.804: [weak refs processing, 0.0000165 secs]3285.804: [class unloading, 0.0123329 secs]3285.817: [scrub symbol table, 0.0066298 secs]3285.823: [scrub string table, 0.0006985 secs][1 CMS-remark: 65886K(206664K)] 86412K(242952K), 0.0230055 secs] [Times: user=0.02 sys=0.00, real=0.02 secs] 
2015-10-30T15:26:58.645+0000: 3285.825: [CMS-concurrent-sweep-start]
2015-10-30T15:26:58.664+0000: 3285.845: [CMS-concurrent-sweep: 0.019/0.019 secs] [Times: user=0.02 sys=0.00, real=0.02 secs] 
2015-10-30T15:26:58.664+0000: 3285.845: [CMS-concurrent-reset-start]
2015-10-30T15:26:58.667+0000: 3285.847: [CMS-concurrent-reset: 0.002/0.002 secs] [Times: user=0.00 sys=0.00, real=0.01 secs] 
2015-10-30T15:27:00.666+0000: 3287.846: [GC (CMS Initial Mark) [1 CMS-initial-mark: 34188K(206664K)] 54953K(242952K), 0.0024422 secs] [Times: user=0.01 sys=0.00, real=0.00 secs] 
2015-10-30T15:27:00.668+0000: 3287.849: [CMS-concurrent-mark-start]
2015-10-30T15:27:00.697+0000: 3287.877: [CMS-concurrent-mark: 0.028/0.028 secs] [Times: user=0.03 sys=0.00, real=0.02 secs] 
2015-10-30T15:27:00.697+0000: 3287.877: [CMS-concurrent-preclean-start]
2015-10-30T15:27:00.698+0000: 3287.878: [CMS-concurrent-preclean: 0.001/0.001 secs] [Times: user=0.00 sys=0.00, real=0.01 secs] 
2015-10-30T15:27:00.698+0000: 3287.878: [CMS-concurrent-abortable-preclean-start]
2015-10-30T15:27:03.266+0000: 3290.446: [GC (Allocation Failure) 3290.446: [ParNew: 35519K->3968K(36288K), 0.0115556 secs] 69707K->51379K(242952K), 0.0116533 secs] [Times: user=0.04 sys=0.00, real=0.01 secs] 
2015-10-30T15:27:03.306+0000: 3290.486: [GC (Allocation Failure) 3290.486: [ParNew: 36288K->3968K(36288K), 0.0087736 secs] 83699K->59771K(242952K), 0.0088665 secs] [Times: user=0.03 sys=0.00, real=0.00 secs] 
2015-10-30T15:27:03.315+0000: 3290.495: [CMS-concurrent-abortable-preclean: 0.421/2.617 secs] [Times: user=0.61 sys=0.00, real=2.61 secs] 
2015-10-30T15:27:03.315+0000: 3290.495: [GC (CMS Final Remark) [YG occupancy: 4268 K (36288 K)]3290.495: [Rescan (parallel) , 0.0039890 secs]3290.499: [weak refs processing, 0.0000150 secs]3290.499: [class unloading, 0.0125755 secs]3290.512: [scrub symbol table, 0.0073674 secs]3290.519: [scrub string table, 0.0007196 secs][1 CMS-remark: 55803K(206664K)] 60071K(242952K), 0.0259617 secs] [Times: user=0.04 sys=0.00, real=0.03 secs] 
2015-10-30T15:27:03.341+0000: 3290.522: [CMS-concurrent-sweep-start]
2015-10-30T15:27:03.365+0000: 3290.545: [GC (Allocation Failure) 3290.545: [ParNew: 36288K->3551K(36288K), 0.0062794 secs] 92052K->63001K(242952K), 0.0063673 secs] [Times: user=0.03 sys=0.00, real=0.01 secs] 
2015-10-30T15:27:03.381+0000: 3290.561: [CMS-concurrent-sweep: 0.033/0.040 secs] [Times: user=0.15 sys=0.00, real=0.04 secs] 
2015-10-30T15:27:03.381+0000: 3290.562: [CMS-concurrent-reset-start]
2015-10-30T15:27:03.384+0000: 3290.564: [CMS-concurrent-reset: 0.003/0.003 secs] [Times: user=0.02 sys=0.00, real=0.00 secs] 
2015-10-30T15:27:03.393+0000: 3290.574: [GC (Allocation Failure) 3290.574: [ParNew: 35871K->1963K(36288K), 0.0031383 secs] 95256K->61348K(242952K), 0.0032021 secs] [Times: user=0.01 sys=0.00, real=0.00 secs] 
2015-10-30T15:27:03.412+0000: 3290.593: [GC (Allocation Failure) 3290.593: [ParNew: 34283K->3057K(36288K), 0.0033672 secs] 93668K->62442K(242952K), 0.0034353 secs] [Times: user=0.02 sys=0.00, real=0.00 secs] 
2015-10-30T15:27:03.433+0000: 3290.614: [GC (Allocation Failure) 3290.614: [ParNew: 35377K->3579K(36288K), 0.0045638 secs] 94762K->63779K(242952K), 0.0046401 secs] [Times: user=0.02 sys=0.00, real=0.01 secs] 
2015-10-30T15:27:03.453+0000: 3290.634: [GC (Allocation Failure) 3290.634: [ParNew: 35899K->2812K(36288K), 0.0043900 secs] 96099K->63694K(242952K), 0.0044633 secs] [Times: user=0.01 sys=0.00, real=0.01 secs] 
2015-10-30T15:27:03.473+0000: 3290.654: [GC (Allocation Failure) 3290.654: [ParNew: 35132K->2415K(36288K), 0.0035222 secs] 96014K->63889K(242952K), 0.0035861 secs] [Times: user=0.01 sys=0.00, real=0.00 secs] 
2015-10-30T15:27:03.489+0000: 3290.670: [GC (Allocation Failure) 3290.670: [ParNew: 34735K->2484K(36288K), 0.0023823 secs] 96209K->63958K(242952K), 0.0024428 secs] [Times: user=0.01 sys=0.00, real=0.00 secs] 
2015-10-30T15:27:03.512+0000: 3290.693: [GC (Allocation Failure) 3290.693: [ParNew: 29046K->3365K(36288K), 0.0029230 secs] 90521K->70158K(242952K), 0.0030031 secs] [Times: user=0.01 sys=0.00, real=0.00 secs] 
2015-10-30T15:27:03.516+0000: 3290.697: [GC (CMS Initial Mark) [1 CMS-initial-mark: 66792K(206664K)] 78134K(242952K), 0.0019643 secs] [Times: user=0.01 sys=0.00, real=0.01 secs] 
2015-10-30T15:27:03.518+0000: 3290.699: [CMS-concurrent-mark-start]
2015-10-30T15:27:03.548+0000: 3290.729: [CMS-concurrent-mark: 0.030/0.030 secs] [Times: user=0.06 sys=0.00, real=0.03 secs] 
2015-10-30T15:27:03.548+0000: 3290.729: [CMS-concurrent-preclean-start]
2015-10-30T15:27:03.550+0000: 3290.730: [CMS-concurrent-preclean: 0.001/0.001 secs] [Times: user=0.00 sys=0.00, real=0.00 secs] 
2015-10-30T15:27:03.550+0000: 3290.730: [CMS-concurrent-abortable-preclean-start]
 CMS: abort preclean due to time 2015-10-30T15:27:08.666+0000: 3295.847: [CMS-concurrent-abortable-preclean: 0.809/5.116 secs] [Times: user=0.90 sys=0.00, real=5.12 secs] 
2015-10-30T15:27:08.666+0000: 3295.847: [GC (CMS Final Remark) [YG occupancy: 20841 K (36288 K)]3295.847: [Rescan (parallel) , 0.0027298 secs]3295.850: [weak refs processing, 0.0000206 secs]3295.850: [class unloading, 0.0134077 secs]3295.863: [scrub symbol table, 0.0100594 secs]3295.873: [scrub string table, 0.0007474 secs][1 CMS-remark: 66792K(206664K)] 87633K(242952K), 0.0282167 secs] [Times: user=0.03 sys=0.00, real=0.02 secs] 
2015-10-30T15:27:08.695+0000: 3295.875: [CMS-concurrent-sweep-start]
2015-10-30T15:27:08.714+0000: 3295.895: [CMS-concurrent-sweep: 0.020/0.020 secs] [Times: user=0.03 sys=0.00, real=0.02 secs] 
2015-10-30T15:27:08.715+0000: 3295.895: [CMS-concurrent-reset-start]
2015-10-30T15:27:08.717+0000: 3295.897: [CMS-concurrent-reset: 0.002/0.002 secs] [Times: user=0.00 sys=0.00, real=0.00 secs] 
2015-10-30T15:27:10.717+0000: 3297.897: [GC (CMS Initial Mark) [1 CMS-initial-mark: 36050K(206664K)] 56922K(242952K), 0.0024653 secs] [Times: user=0.01 sys=0.00, real=0.01 secs] 
2015-10-30T15:27:10.719+0000: 3297.900: [CMS-concurrent-mark-start]
2015-10-30T15:27:10.748+0000: 3297.929: [CMS-concurrent-mark: 0.029/0.029 secs] [Times: user=0.03 sys=0.00, real=0.03 secs] 
2015-10-30T15:27:10.748+0000: 3297.929: [CMS-concurrent-preclean-start]
2015-10-30T15:27:10.750+0000: 3297.930: [CMS-concurrent-preclean: 0.002/0.002 secs] [Times: user=0.00 sys=0.00, real=0.00 secs] 
2015-10-30T15:27:10.750+0000: 3297.930: [CMS-concurrent-abortable-preclean-start]
2015-10-30T15:27:13.365+0000: 3300.546: [GC (Allocation Failure) 3300.546: [ParNew: 35685K->3968K(36288K), 0.0109274 secs] 71736K->53854K(242952K), 0.0110216 secs] [Times: user=0.04 sys=0.00, real=0.00 secs] 
2015-10-30T15:27:13.403+0000: 3300.584: [CMS-concurrent-abortable-preclean: 0.412/2.653 secs] [Times: user=0.56 sys=0.00, real=2.65 secs] 
2015-10-30T15:27:13.404+0000: 3300.584: [GC (CMS Final Remark) [YG occupancy: 36288 K (36288 K)]3300.584: [Rescan (parallel) , 0.0169303 secs]3300.601: [weak refs processing, 0.0000196 secs]3300.601: [class unloading, 0.0122371 secs]3300.613: [scrub symbol table, 0.0067387 secs]3300.620: [scrub string table, 0.0007100 secs][1 CMS-remark: 49886K(206664K)] 86174K(242952K), 0.0378708 secs] [Times: user=0.09 sys=0.00, real=0.04 secs] 
2015-10-30T15:27:13.442+0000: 3300.622: [CMS-concurrent-sweep-start]
2015-10-30T15:27:13.442+0000: 3300.623: [GC (Allocation Failure) 3300.623: [ParNew: 36288K->3968K(36288K), 0.0076423 secs] 86174K->60955K(242952K), 0.0077094 secs] [Times: user=0.03 sys=0.00, real=0.01 secs] 
2015-10-30T15:27:13.466+0000: 3300.647: [CMS-concurrent-sweep: 0.017/0.025 secs] [Times: user=0.09 sys=0.00, real=0.03 secs] 
2015-10-30T15:27:13.466+0000: 3300.647: [CMS-concurrent-reset-start]
2015-10-30T15:27:13.469+0000: 3300.649: [CMS-concurrent-reset: 0.003/0.003 secs] [Times: user=0.01 sys=0.00, real=0.00 secs] 
2015-10-30T15:27:13.470+0000: 3300.651: [GC (Allocation Failure) 3300.651: [ParNew: 36288K->3397K(36288K), 0.0050639 secs] 91715K->62616K(242952K), 0.0051236 secs] [Times: user=0.02 sys=0.00, real=0.00 secs] 
2015-10-30T15:27:13.493+0000: 3300.674: [GC (Allocation Failure) 3300.674: [ParNew: 35717K->2198K(36288K), 0.0023780 secs] 94936K->61417K(242952K), 0.0024520 secs] [Times: user=0.01 sys=0.00, real=0.00 secs] 
2015-10-30T15:27:13.509+0000: 3300.690: [GC (Allocation Failure) 3300.690: [ParNew: 34518K->2999K(36288K), 0.0036915 secs] 93737K->62218K(242952K), 0.0037544 secs] [Times: user=0.01 sys=0.00, real=0.00 secs] 
2015-10-30T15:27:13.529+0000: 3300.710: [GC (Allocation Failure) 3300.710: [ParNew: 35319K->2714K(36288K), 0.0046291 secs] 94538K->62702K(242952K), 0.0047107 secs] [Times: user=0.01 sys=0.01, real=0.00 secs] 
2015-10-30T15:27:13.547+0000: 3300.728: [GC (Allocation Failure) 3300.728: [ParNew: 35034K->3968K(36288K), 0.0042409 secs] 95022K->63956K(242952K), 0.0043115 secs] [Times: user=0.02 sys=0.00, real=0.00 secs] 
2015-10-30T15:27:13.564+0000: 3300.744: [GC (Allocation Failure) 3300.744: [ParNew: 36288K->3325K(36288K), 0.0055035 secs] 96276K->64542K(242952K), 0.0055714 secs] [Times: user=0.02 sys=0.00, real=0.01 secs] 
2015-10-30T15:27:13.585+0000: 3300.766: [GC (Allocation Failure) 3300.766: [ParNew: 35645K->1844K(36288K), 0.0079855 secs] 96862K->63061K(242952K), 0.0080497 secs] [Times: user=0.02 sys=0.00, real=0.00 secs] 
2015-10-30T15:27:13.618+0000: 3300.799: [GC (Allocation Failure) 3300.799: [ParNew: 27062K->2887K(36288K), 0.0027875 secs] 88279K->69421K(242952K), 0.0028673 secs] [Times: user=0.01 sys=0.00, real=0.00 secs] 
2015-10-30T15:27:13.622+0000: 3300.803: [GC (CMS Initial Mark) [1 CMS-initial-mark: 66534K(206664K)] 77464K(242952K), 0.0020557 secs] [Times: user=0.00 sys=0.00, real=0.00 secs] 
2015-10-30T15:27:13.624+0000: 3300.805: [CMS-concurrent-mark-start]
2015-10-30T15:27:13.668+0000: 3300.849: [CMS-concurrent-mark: 0.044/0.044 secs] [Times: user=0.09 sys=0.00, real=0.05 secs] 
2015-10-30T15:27:13.668+0000: 3300.849: [CMS-concurrent-preclean-start]
2015-10-30T15:27:13.670+0000: 3300.851: [CMS-concurrent-preclean: 0.002/0.002 secs] [Times: user=0.00 sys=0.00, real=0.00 secs] 
2015-10-30T15:27:13.670+0000: 3300.851: [CMS-concurrent-abortable-preclean-start]
 CMS: abort preclean due to time 2015-10-30T15:27:18.765+0000: 3305.945: [CMS-concurrent-abortable-preclean: 0.810/5.095 secs] [Times: user=0.91 sys=0.00, real=5.09 secs] 
2015-10-30T15:27:18.765+0000: 3305.945: [GC (CMS Final Remark) [YG occupancy: 20231 K (36288 K)]3305.945: [Rescan (parallel) , 0.0022010 secs]3305.948: [weak refs processing, 0.0000165 secs]3305.948: [class unloading, 0.0127759 secs]3305.961: [scrub symbol table, 0.0066567 secs]3305.967: [scrub string table, 0.0007118 secs][1 CMS-remark: 66534K(206664K)] 86766K(242952K), 0.0235736 secs] [Times: user=0.03 sys=0.00, real=0.03 secs] 
2015-10-30T15:27:18.789+0000: 3305.969: [CMS-concurrent-sweep-start]
2015-10-30T15:27:18.808+0000: 3305.988: [CMS-concurrent-sweep: 0.019/0.019 secs] [Times: user=0.02 sys=0.00, real=0.02 secs] 
2015-10-30T15:27:18.808+0000: 3305.988: [CMS-concurrent-reset-start]
2015-10-30T15:27:18.810+0000: 3305.991: [CMS-concurrent-reset: 0.002/0.002 secs] [Times: user=0.00 sys=0.00, real=0.00 secs] 
2015-10-30T15:27:20.810+0000: 3307.990: [GC (CMS Initial Mark) [1 CMS-initial-mark: 36196K(206664K)] 56458K(242952K), 0.0023976 secs] [Times: user=0.01 sys=0.00, real=0.00 secs] 
2015-10-30T15:27:20.812+0000: 3307.993: [CMS-concurrent-mark-start]
2015-10-30T15:27:20.841+0000: 3308.021: [CMS-concurrent-mark: 0.028/0.028 secs] [Times: user=0.03 sys=0.00, real=0.03 secs] 
2015-10-30T15:27:20.841+0000: 3308.021: [CMS-concurrent-preclean-start]
2015-10-30T15:27:20.842+0000: 3308.023: [CMS-concurrent-preclean: 0.001/0.001 secs] [Times: user=0.00 sys=0.00, real=0.00 secs] 
2015-10-30T15:27:20.842+0000: 3308.023: [CMS-concurrent-abortable-preclean-start]
2015-10-30T15:27:23.287+0000: 3310.467: [GC (Allocation Failure) 3310.468: [ParNew: 35207K->3968K(36288K), 0.0117070 secs] 71403K->54116K(242952K), 0.0118025 secs] [Times: user=0.04 sys=0.00, real=0.01 secs] 
2015-10-30T15:27:23.330+0000: 3310.510: [GC (Allocation Failure) 3310.510: [ParNew: 36288K->3968K(36288K), 0.0080105 secs] 86436K->60614K(242952K), 0.0080977 secs] [Times: user=0.03 sys=0.00, real=0.01 secs] 
2015-10-30T15:27:23.357+0000: 3310.538: [GC (Allocation Failure) 3310.538: [ParNew: 36288K->3605K(36288K), 0.0061276 secs] 92934K->64113K(242952K), 0.0061940 secs] [Times: user=0.02 sys=0.00, real=0.00 secs] 
2015-10-30T15:27:23.364+0000: 3310.544: [CMS-concurrent-abortable-preclean: 0.403/2.521 secs] [Times: user=0.66 sys=0.00, real=2.52 secs] 
2015-10-30T15:27:23.364+0000: 3310.544: [GC (CMS Final Remark) [YG occupancy: 3816 K (36288 K)]3310.544: [Rescan (parallel) , 0.0067342 secs]3310.551: [weak refs processing, 0.0000230 secs]3310.551: [class unloading, 0.0121756 secs]3310.563: [scrub symbol table, 0.0066137 secs]3310.570: [scrub string table, 0.0006989 secs][1 CMS-remark: 60508K(206664K)] 64324K(242952K), 0.0274144 secs] [Times: user=0.04 sys=0.00, real=0.03 secs] 
2015-10-30T15:27:23.391+0000: 3310.572: [CMS-concurrent-sweep-start]
2015-10-30T15:27:23.410+0000: 3310.590: [CMS-concurrent-sweep: 0.019/0.019 secs] [Times: user=0.07 sys=0.00, real=0.02 secs] 
2015-10-30T15:27:23.410+0000: 3310.591: [CMS-concurrent-reset-start]
2015-10-30T15:27:23.412+0000: 3310.592: [GC (Allocation Failure) 3310.593: [ParNew: 35925K->2218K(36288K), 0.0025610 secs] 94885K->61178K(242952K), 0.0026053 secs] [Times: user=0.01 sys=0.00, real=0.00 secs] 
2015-10-30T15:27:23.415+0000: 3310.596: [CMS-concurrent-reset: 0.003/0.005 secs] [Times: user=0.02 sys=0.00, real=0.00 secs] 
2015-10-30T15:27:23.430+0000: 3310.610: [GC (Allocation Failure) 3310.610: [ParNew: 34538K->2766K(36288K), 0.0030014 secs] 93498K->61727K(242952K), 0.0030572 secs] [Times: user=0.01 sys=0.00, real=0.00 secs] 
2015-10-30T15:27:23.449+0000: 3310.630: [GC (Allocation Failure) 3310.630: [ParNew: 35086K->2714K(36288K), 0.0042161 secs] 94047K->62409K(242952K), 0.0042768 secs] [Times: user=0.01 sys=0.00, real=0.00 secs] 
2015-10-30T15:27:23.469+0000: 3310.649: [GC (Allocation Failure) 3310.649: [ParNew: 35034K->3968K(36288K), 0.0034203 secs] 94729K->63662K(242952K), 0.0034820 secs] [Times: user=0.01 sys=0.00, real=0.00 secs] 
2015-10-30T15:27:23.489+0000: 3310.669: [GC (Allocation Failure) 3310.669: [ParNew: 36288K->3242K(36288K), 0.0044768 secs] 95982K->64215K(242952K), 0.0045352 secs] [Times: user=0.02 sys=0.00, real=0.00 secs] 
2015-10-30T15:27:23.509+0000: 3310.689: [GC (Allocation Failure) 3310.689: [ParNew: 35562K->2391K(36288K), 0.0024205 secs] 96535K->63365K(242952K), 0.0024791 secs] [Times: user=0.01 sys=0.00, real=0.00 secs] 
2015-10-30T15:27:23.539+0000: 3310.720: [GC (Allocation Failure) 3310.720: [ParNew: 34709K->2387K(36288K), 0.0037718 secs] 95683K->76656K(242952K), 0.0038573 secs] [Times: user=0.01 sys=0.00, real=0.00 secs] 
2015-10-30T15:27:23.544+0000: 3310.724: [GC (CMS Initial Mark) [1 CMS-initial-mark: 74268K(206664K)] 79323K(242952K), 0.0018687 secs] [Times: user=0.01 sys=0.00, real=0.01 secs] 
2015-10-30T15:27:23.546+0000: 3310.726: [CMS-concurrent-mark-start]
2015-10-30T15:27:23.589+0000: 3310.769: [CMS-concurrent-mark: 0.043/0.043 secs] [Times: user=0.09 sys=0.00, real=0.04 secs] 
2015-10-30T15:27:23.589+0000: 3310.769: [CMS-concurrent-preclean-start]
2015-10-30T15:27:23.590+0000: 3310.771: [CMS-concurrent-preclean: 0.002/0.002 secs] [Times: user=0.00 sys=0.00, real=0.00 secs] 
2015-10-30T15:27:23.590+0000: 3310.771: [CMS-concurrent-abortable-preclean-start]
 CMS: abort preclean due to time 2015-10-30T15:27:28.625+0000: 3315.805: [CMS-concurrent-abortable-preclean: 0.746/5.034 secs] [Times: user=0.83 sys=0.02, real=5.03 secs] 
2015-10-30T15:27:28.625+0000: 3315.806: [GC (CMS Final Remark) [YG occupancy: 11892 K (36288 K)]3315.806: [Rescan (parallel) , 0.0021198 secs]3315.808: [weak refs processing, 0.0000301 secs]3315.808: [class unloading, 0.0123895 secs]3315.820: [scrub symbol table, 0.0066754 secs]3315.827: [scrub string table, 0.0007095 secs][1 CMS-remark: 74268K(206664K)] 86161K(242952K), 0.0231406 secs] [Times: user=0.03 sys=0.00, real=0.02 secs] 
2015-10-30T15:27:28.648+0000: 3315.829: [CMS-concurrent-sweep-start]
2015-10-30T15:27:28.668+0000: 3315.848: [CMS-concurrent-sweep: 0.019/0.019 secs] [Times: user=0.02 sys=0.00, real=0.02 secs] 
2015-10-30T15:27:28.668+0000: 3315.848: [CMS-concurrent-reset-start]
2015-10-30T15:27:28.670+0000: 3315.851: [CMS-concurrent-reset: 0.002/0.002 secs] [Times: user=0.00 sys=0.00, real=0.00 secs] 
2015-10-30T15:27:30.670+0000: 3317.850: [GC (CMS Initial Mark) [1 CMS-initial-mark: 44231K(206664K)] 56255K(242952K), 0.0026326 secs] [Times: user=0.01 sys=0.00, real=0.00 secs] 
2015-10-30T15:27:30.673+0000: 3317.853: [CMS-concurrent-mark-start]
2015-10-30T15:27:30.701+0000: 3317.881: [CMS-concurrent-mark: 0.028/0.028 secs] [Times: user=0.03 sys=0.00, real=0.03 secs] 
2015-10-30T15:27:30.701+0000: 3317.881: [CMS-concurrent-preclean-start]
2015-10-30T15:27:30.702+0000: 3317.883: [CMS-concurrent-preclean: 0.001/0.001 secs] [Times: user=0.00 sys=0.00, real=0.00 secs] 
2015-10-30T15:27:30.702+0000: 3317.883: [CMS-concurrent-abortable-preclean-start]
2015-10-30T15:27:33.433+0000: 3320.614: [GC (Allocation Failure) 3320.614: [ParNew: 34707K->3968K(36288K), 0.0179614 secs] 78939K->67800K(242952K), 0.0180566 secs] [Times: user=0.06 sys=0.00, real=0.02 secs] 
2015-10-30T15:27:33.475+0000: 3320.656: [GC (Allocation Failure) 3320.656: [ParNew: 36288K->2868K(36288K), 0.0040538 secs] 100120K->70692K(242952K), 0.0041141 secs] [Times: user=0.02 sys=0.00, real=0.01 secs] 
2015-10-30T15:27:33.488+0000: 3320.669: [CMS-concurrent-abortable-preclean: 0.429/2.786 secs] [Times: user=0.65 sys=0.00, real=2.79 secs] 
2015-10-30T15:27:33.493+0000: 3320.674: [GC (CMS Final Remark) [YG occupancy: 20212 K (36288 K)]3320.674: [Rescan (parallel) , 0.0113413 secs]3320.685: [weak refs processing, 0.0000176 secs]3320.685: [class unloading, 0.0121019 secs]3320.697: [scrub symbol table, 0.0066048 secs]3320.704: [scrub string table, 0.0006987 secs][1 CMS-remark: 67824K(206664K)] 88036K(242952K), 0.0319477 secs] [Times: user=0.06 sys=0.00, real=0.04 secs] 
2015-10-30T15:27:33.533+0000: 3320.714: [CMS-concurrent-sweep-start]
2015-10-30T15:27:33.535+0000: 3320.715: [GC (Allocation Failure) 3320.715: [ParNew: 35188K->1876K(36288K), 0.0040972 secs] 102980K->71507K(242952K), 0.0041504 secs] [Times: user=0.01 sys=0.00, real=0.01 secs] 
2015-10-30T15:27:33.559+0000: 3320.739: [GC (Allocation Failure) 3320.739: [ParNew: 34196K->2110K(36288K), 0.0026327 secs] 103459K->71373K(242952K), 0.0026819 secs] [Times: user=0.01 sys=0.00, real=0.00 secs] 
2015-10-30T15:27:33.574+0000: 3320.755: [CMS-concurrent-sweep: 0.034/0.041 secs] [Times: user=0.16 sys=0.00, real=0.04 secs] 
2015-10-30T15:27:33.574+0000: 3320.755: [CMS-concurrent-reset-start]
2015-10-30T15:27:33.577+0000: 3320.757: [CMS-concurrent-reset: 0.003/0.003 secs] [Times: user=0.01 sys=0.00, real=0.00 secs] 
2015-10-30T15:27:33.583+0000: 3320.763: [GC (Allocation Failure) 3320.763: [ParNew: 34430K->2596K(36288K), 0.0032361 secs] 94553K->62719K(242952K), 0.0032822 secs] [Times: user=0.01 sys=0.00, real=0.01 secs] 
2015-10-30T15:27:33.605+0000: 3320.786: [GC (Allocation Failure) 3320.786: [ParNew: 34916K->3066K(36288K), 0.0060079 secs] 95039K->63916K(242952K), 0.0060727 secs] [Times: user=0.01 sys=0.00, real=0.00 secs] 
2015-10-30T15:27:33.625+0000: 3320.805: [GC (Allocation Failure) 3320.805: [ParNew: 35386K->3278K(36288K), 0.0039147 secs] 96236K->64802K(242952K), 0.0039765 secs] [Times: user=0.02 sys=0.00, real=0.01 secs] 
2015-10-30T15:27:33.645+0000: 3320.826: [GC (Allocation Failure) 3320.826: [ParNew: 35598K->2512K(36288K), 0.0033416 secs] 97122K->64036K(242952K), 0.0034005 secs] [Times: user=0.01 sys=0.00, real=0.00 secs] 
2015-10-30T15:27:33.667+0000: 3320.848: [GC (Allocation Failure) 3320.848: [ParNew: 34832K->2256K(36288K), 0.0037155 secs] 96356K->64344K(242952K), 0.0037760 secs] [Times: user=0.01 sys=0.00, real=0.00 secs] 
2015-10-30T15:27:33.711+0000: 3320.891: [GC (Allocation Failure) 3320.891: [ParNew: 34468K->3968K(36288K), 0.0033114 secs] 96555K->69588K(242952K), 0.0033804 secs] [Times: user=0.01 sys=0.00, real=0.00 secs] 
2015-10-30T15:27:33.714+0000: 3320.895: [GC (CMS Initial Mark) [1 CMS-initial-mark: 65620K(206664K)] 69716K(242952K), 0.0015472 secs] [Times: user=0.01 sys=0.00, real=0.00 secs] 
2015-10-30T15:27:33.716+0000: 3320.897: [CMS-concurrent-mark-start]
2015-10-30T15:27:33.745+0000: 3320.925: [CMS-concurrent-mark: 0.029/0.029 secs] [Times: user=0.06 sys=0.00, real=0.03 secs] 
2015-10-30T15:27:33.745+0000: 3320.925: [CMS-concurrent-preclean-start]
2015-10-30T15:27:33.746+0000: 3320.927: [CMS-concurrent-preclean: 0.001/0.001 secs] [Times: user=0.00 sys=0.00, real=0.01 secs] 
2015-10-30T15:27:33.747+0000: 3320.927: [GC (CMS Final Remark) [YG occupancy: 4583 K (36288 K)]3320.927: [Rescan (parallel) , 0.0035162 secs]3320.931: [weak refs processing, 0.0000208 secs]3320.931: [class unloading, 0.0120024 secs]3320.943: [scrub symbol table, 0.0065413 secs]3320.949: [scrub string table, 0.0007108 secs][1 CMS-remark: 65620K(206664K)] 70204K(242952K), 0.0239516 secs] [Times: user=0.04 sys=0.00, real=0.02 secs] 
2015-10-30T15:27:33.771+0000: 3320.951: [CMS-concurrent-sweep-start]
2015-10-30T15:27:33.790+0000: 3320.971: [CMS-concurrent-sweep: 0.020/0.020 secs] [Times: user=0.03 sys=0.00, real=0.02 secs] 
2015-10-30T15:27:33.790+0000: 3320.971: [CMS-concurrent-reset-start]
2015-10-30T15:27:33.793+0000: 3320.973: [CMS-concurrent-reset: 0.002/0.002 secs] [Times: user=0.00 sys=0.00, real=0.00 secs] 
2015-10-30T15:27:43.304+0000: 3330.485: [GC (Allocation Failure) 3330.485: [ParNew: 36288K->3968K(36288K), 0.0127204 secs] 71382K->49867K(242952K), 0.0128012 secs] [Times: user=0.04 sys=0.00, real=0.01 secs] 
2015-10-30T15:27:43.337+0000: 3330.518: [GC (Allocation Failure) 3330.518: [ParNew: 36288K->2597K(36288K), 0.0040794 secs] 82187K->52242K(242952K), 0.0041372 secs] [Times: user=0.01 sys=0.00, real=0.00 secs] 
2015-10-30T15:27:43.360+0000: 3330.541: [GC (Allocation Failure) 3330.541: [ParNew: 34917K->2213K(36288K), 0.0040832 secs] 84562K->51858K(242952K), 0.0041578 secs] [Times: user=0.01 sys=0.00, real=0.00 secs] 
2015-10-30T15:27:43.380+0000: 3330.560: [GC (Allocation Failure) 3330.560: [ParNew: 34533K->3083K(36288K), 0.0031632 secs] 84178K->52728K(242952K), 0.0032147 secs] [Times: user=0.01 sys=0.00, real=0.00 secs] 
2015-10-30T15:27:43.401+0000: 3330.582: [GC (Allocation Failure) 3330.582: [ParNew: 35403K->3100K(36288K), 0.0066095 secs] 85048K->53564K(242952K), 0.0066692 secs] [Times: user=0.02 sys=0.00, real=0.01 secs] 
2015-10-30T15:27:43.429+0000: 3330.609: [GC (Allocation Failure) 3330.609: [ParNew: 35420K->3968K(36288K), 0.0074274 secs] 85884K->55150K(242952K), 0.0074984 secs] [Times: user=0.03 sys=0.00, real=0.00 secs] 
2015-10-30T15:27:43.453+0000: 3330.634: [GC (Allocation Failure) 3330.634: [ParNew: 36288K->2790K(36288K), 0.0041728 secs] 87470K->54577K(242952K), 0.0042338 secs] [Times: user=0.02 sys=0.00, real=0.01 secs] 
2015-10-30T15:27:43.473+0000: 3330.654: [GC (Allocation Failure) 3330.654: [ParNew: 35110K->3038K(36288K), 0.0030494 secs] 86897K->54826K(242952K), 0.0031029 secs] [Times: user=0.01 sys=0.00, real=0.00 secs] 
2015-10-30T15:27:43.503+0000: 3330.684: [GC (Allocation Failure) 3330.684: [ParNew: 34935K->3968K(36288K), 0.0029623 secs] 86722K->58384K(242952K), 0.0030246 secs] [Times: user=0.01 sys=0.00, real=0.01 secs] 
2015-10-30T15:27:53.320+0000: 3340.500: [GC (Allocation Failure) 3340.500: [ParNew: 36109K->3968K(36288K), 0.0048559 secs] 90525K->63727K(242952K), 0.0049333 secs] [Times: user=0.02 sys=0.00, real=0.00 secs] 
2015-10-30T15:27:53.364+0000: 3340.545: [GC (Allocation Failure) 3340.545: [ParNew: 36288K->3968K(36288K), 0.0130416 secs] 96047K->74995K(242952K), 0.0131225 secs] [Times: user=0.04 sys=0.00, real=0.02 secs] 
2015-10-30T15:27:53.395+0000: 3340.575: [GC (Allocation Failure) 3340.576: [ParNew: 36288K->3522K(36288K), 0.0049079 secs] 107315K->78321K(242952K), 0.0049703 secs] [Times: user=0.01 sys=0.00, real=0.01 secs] 
2015-10-30T15:27:53.417+0000: 3340.598: [GC (Allocation Failure) 3340.598: [ParNew: 35842K->2188K(36288K), 0.0025062 secs] 110641K->76987K(242952K), 0.0025661 secs] [Times: user=0.01 sys=0.00, real=0.00 secs] 
2015-10-30T15:27:53.437+0000: 3340.618: [GC (Allocation Failure) 3340.618: [ParNew: 34508K->2893K(36288K), 0.0028037 secs] 109307K->77693K(242952K), 0.0028531 secs] [Times: user=0.01 sys=0.00, real=0.00 secs] 
2015-10-30T15:27:53.457+0000: 3340.637: [GC (Allocation Failure) 3340.637: [ParNew: 35213K->3365K(36288K), 0.0043442 secs] 110013K->78984K(242952K), 0.0043945 secs] [Times: user=0.01 sys=0.00, real=0.01 secs] 
2015-10-30T15:27:53.477+0000: 3340.658: [GC (Allocation Failure) 3340.658: [ParNew: 35685K->3169K(36288K), 0.0040204 secs] 111304K->79495K(242952K), 0.0040832 secs] [Times: user=0.01 sys=0.00, real=0.00 secs] 
2015-10-30T15:27:53.499+0000: 3340.679: [GC (Allocation Failure) 3340.680: [ParNew: 35489K->2728K(36288K), 0.0038231 secs] 111815K->79661K(242952K), 0.0038851 secs] [Times: user=0.01 sys=0.00, real=0.00 secs] 
2015-10-30T15:27:53.517+0000: 3340.698: [GC (Allocation Failure) 3340.698: [ParNew: 35048K->2200K(36288K), 0.0031372 secs] 111981K->79132K(242952K), 0.0031978 secs] [Times: user=0.01 sys=0.00, real=0.00 secs] 
2015-10-30T15:27:53.548+0000: 3340.728: [GC (Allocation Failure) 3340.728: [ParNew: 34320K->3968K(36288K), 0.0036926 secs] 111252K->89439K(242952K), 0.0037699 secs] [Times: user=0.01 sys=0.00, real=0.00 secs] 
2015-10-30T15:27:53.553+0000: 3340.733: [GC (CMS Initial Mark) [1 CMS-initial-mark: 85471K(206664K)] 94759K(242952K), 0.0017930 secs] [Times: user=0.00 sys=0.00, real=0.00 secs] 
2015-10-30T15:27:53.555+0000: 3340.735: [CMS-concurrent-mark-start]
2015-10-30T15:27:53.597+0000: 3340.777: [CMS-concurrent-mark: 0.042/0.042 secs] [Times: user=0.09 sys=0.00, real=0.04 secs] 
2015-10-30T15:27:53.597+0000: 3340.777: [CMS-concurrent-preclean-start]
2015-10-30T15:27:53.599+0000: 3340.779: [CMS-concurrent-preclean: 0.002/0.002 secs] [Times: user=0.00 sys=0.00, real=0.01 secs] 
2015-10-30T15:27:53.599+0000: 3340.779: [CMS-concurrent-abortable-preclean-start]
 CMS: abort preclean due to time 2015-10-30T15:27:58.642+0000: 3345.822: [CMS-concurrent-abortable-preclean: 0.775/5.043 secs] [Times: user=0.85 sys=0.01, real=5.04 secs] 
2015-10-30T15:27:58.642+0000: 3345.823: [GC (CMS Final Remark) [YG occupancy: 26574 K (36288 K)]3345.824: [Rescan (parallel) , 0.0022019 secs]3345.826: [weak refs processing, 0.0000185 secs]3345.826: [class unloading, 0.0124275 secs]3345.839: [scrub symbol table, 0.0066492 secs]3345.846: [scrub string table, 0.0007044 secs][1 CMS-remark: 85471K(206664K)] 112045K(242952K), 0.0248442 secs] [Times: user=0.03 sys=0.00, real=0.03 secs] 
2015-10-30T15:27:58.667+0000: 3345.848: [CMS-concurrent-sweep-start]
2015-10-30T15:27:58.695+0000: 3345.876: [CMS-concurrent-sweep: 0.028/0.028 secs] [Times: user=0.02 sys=0.00, real=0.02 secs] 
2015-10-30T15:27:58.695+0000: 3345.876: [CMS-concurrent-reset-start]
2015-10-30T15:27:58.698+0000: 3345.878: [CMS-concurrent-reset: 0.002/0.002 secs] [Times: user=0.01 sys=0.00, real=0.01 secs] 
2015-10-30T15:28:00.698+0000: 3347.878: [GC (CMS Initial Mark) [1 CMS-initial-mark: 36398K(206664K)] 63252K(242952K), 0.0027643 secs] [Times: user=0.01 sys=0.00, real=0.00 secs] 
2015-10-30T15:28:00.701+0000: 3347.881: [CMS-concurrent-mark-start]
2015-10-30T15:28:00.728+0000: 3347.909: [CMS-concurrent-mark: 0.028/0.028 secs] [Times: user=0.02 sys=0.00, real=0.03 secs] 
2015-10-30T15:28:00.728+0000: 3347.909: [CMS-concurrent-preclean-start]
2015-10-30T15:28:00.730+0000: 3347.910: [CMS-concurrent-preclean: 0.001/0.001 secs] [Times: user=0.01 sys=0.00, real=0.00 secs] 
2015-10-30T15:28:00.730+0000: 3347.910: [CMS-concurrent-abortable-preclean-start]
2015-10-30T15:28:03.278+0000: 3350.459: [GC (Allocation Failure) 3350.459: [ParNew: 36288K->3968K(36288K), 0.0071264 secs] 72686K->50095K(242952K), 0.0072246 secs] [Times: user=0.02 sys=0.00, real=0.01 secs] 
2015-10-30T15:28:03.320+0000: 3350.501: [GC (Allocation Failure) 3350.501: [ParNew: 36288K->3968K(36288K), 0.0137590 secs] 82415K->61748K(242952K), 0.0138446 secs] [Times: user=0.05 sys=0.00, real=0.01 secs] 
2015-10-30T15:28:03.358+0000: 3350.539: [GC (Allocation Failure) 3350.539: [ParNew: 36288K->3605K(36288K), 0.0047177 secs] 94068K->65104K(242952K), 0.0047848 secs] [Times: user=0.02 sys=0.00, real=0.00 secs] 
2015-10-30T15:28:03.381+0000: 3350.561: [GC (Allocation Failure) 3350.561: [ParNew: 35925K->2183K(36288K), 0.0024443 secs] 97424K->63682K(242952K), 0.0025049 secs] [Times: user=0.01 sys=0.00, real=0.00 secs] 
2015-10-30T15:28:03.396+0000: 3350.576: [CMS-concurrent-abortable-preclean: 0.458/2.666 secs] [Times: user=0.82 sys=0.00, real=2.66 secs] 
2015-10-30T15:28:03.401+0000: 3350.582: [GC (CMS Final Remark) [YG occupancy: 23996 K (36288 K)]3350.582: [Rescan (parallel) , 0.0149436 secs]3350.597: [weak refs processing, 0.0000189 secs]3350.597: [class unloading, 0.0122163 secs]3350.609: [scrub symbol table, 0.0066526 secs]3350.616: [scrub string table, 0.0007075 secs][1 CMS-remark: 61499K(206664K)] 85496K(242952K), 0.0357444 secs] [Times: user=0.08 sys=0.00, real=0.03 secs] 
2015-10-30T15:28:03.437+0000: 3350.618: [CMS-concurrent-sweep-start]
2015-10-30T15:28:03.444+0000: 3350.625: [GC (Allocation Failure) 3350.625: [ParNew: 34503K->2792K(36288K), 0.0031450 secs] 95970K->64258K(242952K), 0.0032045 secs] [Times: user=0.01 sys=0.00, real=0.01 secs] 
2015-10-30T15:28:03.465+0000: 3350.645: [GC (Allocation Failure) 3350.645: [ParNew: 35112K->2536K(36288K), 0.0040000 secs] 92544K->60711K(242952K), 0.0040617 secs] [Times: user=0.01 sys=0.00, real=0.01 secs] 
2015-10-30T15:28:03.484+0000: 3350.664: [GC (Allocation Failure) 3350.664: [ParNew: 34856K->3933K(36288K), 0.0035917 secs] 92140K->61217K(242952K), 0.0036562 secs] [Times: user=0.01 sys=0.00, real=0.01 secs] 
2015-10-30T15:28:03.490+0000: 3350.671: [CMS-concurrent-sweep: 0.039/0.053 secs] [Times: user=0.20 sys=0.01, real=0.05 secs] 
2015-10-30T15:28:03.490+0000: 3350.671: [CMS-concurrent-reset-start]
2015-10-30T15:28:03.493+0000: 3350.673: [CMS-concurrent-reset: 0.003/0.003 secs] [Times: user=0.01 sys=0.00, real=0.00 secs] 
2015-10-30T15:28:03.503+0000: 3350.683: [GC (Allocation Failure) 3350.683: [ParNew: 36253K->3377K(36288K), 0.0048228 secs] 93354K->61826K(242952K), 0.0048832 secs] [Times: user=0.01 sys=0.00, real=0.01 secs] 
2015-10-30T15:28:03.521+0000: 3350.702: [GC (Allocation Failure) 3350.702: [ParNew: 35697K->2177K(36288K), 0.0026659 secs] 94146K->60626K(242952K), 0.0027248 secs] [Times: user=0.00 sys=0.00, real=0.00 secs] 
2015-10-30T15:28:03.548+0000: 3350.728: [GC (Allocation Failure) 3350.728: [ParNew: 31907K->3460K(36288K), 0.0030057 secs] 90356K->67227K(242952K), 0.0030792 secs] [Times: user=0.01 sys=0.00, real=0.00 secs] 
2015-10-30T15:28:03.552+0000: 3350.732: [GC (CMS Initial Mark) [1 CMS-initial-mark: 63767K(206664K)] 75206K(242952K), 0.0017528 secs] [Times: user=0.01 sys=0.00, real=0.00 secs] 
2015-10-30T15:28:03.554+0000: 3350.734: [CMS-concurrent-mark-start]
2015-10-30T15:28:03.582+0000: 3350.763: [CMS-concurrent-mark: 0.028/0.028 secs] [Times: user=0.06 sys=0.00, real=0.03 secs] 
2015-10-30T15:28:03.582+0000: 3350.763: [CMS-concurrent-preclean-start]
2015-10-30T15:28:03.584+0000: 3350.764: [CMS-concurrent-preclean: 0.001/0.001 secs] [Times: user=0.00 sys=0.00, real=0.00 secs] 
2015-10-30T15:28:03.584+0000: 3350.764: [CMS-concurrent-abortable-preclean-start]
 CMS: abort preclean due to time 2015-10-30T15:28:08.635+0000: 3355.816: [CMS-concurrent-abortable-preclean: 0.837/5.052 secs] [Times: user=1.03 sys=0.00, real=5.05 secs] 
2015-10-30T15:28:08.635+0000: 3355.816: [GC (CMS Final Remark) [YG occupancy: 21860 K (36288 K)]3355.816: [Rescan (parallel) , 0.0025119 secs]3355.818: [weak refs processing, 0.0000166 secs]3355.818: [class unloading, 0.0122422 secs]3355.831: [scrub symbol table, 0.0065821 secs]3355.837: [scrub string table, 0.0007146 secs][1 CMS-remark: 63767K(206664K)] 85627K(242952K), 0.0232702 secs] [Times: user=0.03 sys=0.00, real=0.03 secs] 
2015-10-30T15:28:08.659+0000: 3355.839: [CMS-concurrent-sweep-start]
2015-10-30T15:28:08.685+0000: 3355.865: [CMS-concurrent-sweep: 0.026/0.026 secs] [Times: user=0.03 sys=0.00, real=0.02 secs] 
2015-10-30T15:28:08.685+0000: 3355.865: [CMS-concurrent-reset-start]
2015-10-30T15:28:08.687+0000: 3355.868: [CMS-concurrent-reset: 0.002/0.002 secs] [Times: user=0.00 sys=0.00, real=0.01 secs] 
2015-10-30T15:28:10.686+0000: 3357.867: [GC (CMS Initial Mark) [1 CMS-initial-mark: 36439K(206664K)] 58339K(242952K), 0.0029688 secs] [Times: user=0.01 sys=0.00, real=0.00 secs] 
2015-10-30T15:28:10.689+0000: 3357.870: [CMS-concurrent-mark-start]
2015-10-30T15:28:10.718+0000: 3357.898: [CMS-concurrent-mark: 0.028/0.028 secs] [Times: user=0.03 sys=0.00, real=0.03 secs] 
2015-10-30T15:28:10.718+0000: 3357.898: [CMS-concurrent-preclean-start]
2015-10-30T15:28:10.719+0000: 3357.899: [CMS-concurrent-preclean: 0.001/0.001 secs] [Times: user=0.00 sys=0.00, real=0.00 secs] 
2015-10-30T15:28:10.719+0000: 3357.900: [CMS-concurrent-abortable-preclean-start]
2015-10-30T15:28:13.263+0000: 3360.443: [GC (Allocation Failure) 3360.443: [ParNew: 35780K->3968K(36288K), 0.0108260 secs] 72219K->53547K(242952K), 0.0109149 secs] [Times: user=0.04 sys=0.00, real=0.01 secs] 
2015-10-30T15:28:13.296+0000: 3360.477: [CMS-concurrent-abortable-preclean: 0.404/2.577 secs] [Times: user=0.55 sys=0.00, real=2.57 secs] 
2015-10-30T15:28:13.305+0000: 3360.486: [GC (CMS Final Remark) [YG occupancy: 29457 K (36288 K)]3360.486: [Rescan (parallel) , 0.0126919 secs]3360.499: [weak refs processing, 0.0000182 secs]3360.499: [class unloading, 0.0122324 secs]3360.511: [scrub symbol table, 0.0065856 secs]3360.517: [scrub string table, 0.0007143 secs][1 CMS-remark: 49579K(206664K)] 79036K(242952K), 0.0334214 secs] [Times: user=0.07 sys=0.00, real=0.03 secs] 
2015-10-30T15:28:13.342+0000: 3360.522: [CMS-concurrent-sweep-start]
2015-10-30T15:28:13.342+0000: 3360.523: [GC (Allocation Failure) 3360.523: [ParNew: 36288K->3968K(36288K), 0.0086867 secs] 85867K->59897K(242952K), 0.0087502 secs] [Times: user=0.03 sys=0.00, real=0.01 secs] 
2015-10-30T15:28:13.377+0000: 3360.558: [GC (Allocation Failure) 3360.558: [ParNew: 36288K->3468K(36288K), 0.0054489 secs] 91031K->62117K(242952K), 0.0055136 secs] [Times: user=0.02 sys=0.00, real=0.00 secs] 
2015-10-30T15:28:13.385+0000: 3360.565: [CMS-concurrent-sweep: 0.037/0.043 secs] [Times: user=0.16 sys=0.00, real=0.04 secs] 
2015-10-30T15:28:13.385+0000: 3360.565: [CMS-concurrent-reset-start]
2015-10-30T15:28:13.388+0000: 3360.568: [CMS-concurrent-reset: 0.003/0.003 secs] [Times: user=0.01 sys=0.00, real=0.01 secs] 
2015-10-30T15:28:13.405+0000: 3360.586: [GC (Allocation Failure) 3360.586: [ParNew: 35788K->2457K(36288K), 0.0047227 secs] 94094K->60764K(242952K), 0.0047860 secs] [Times: user=0.01 sys=0.00, real=0.00 secs] 
2015-10-30T15:28:13.428+0000: 3360.609: [GC (Allocation Failure) 3360.609: [ParNew: 34777K->3576K(36288K), 0.0037748 secs] 93084K->61883K(242952K), 0.0038336 secs] [Times: user=0.02 sys=0.00, real=0.00 secs] 
2015-10-30T15:28:13.449+0000: 3360.629: [GC (Allocation Failure) 3360.629: [ParNew: 35896K->2900K(36288K), 0.0050527 secs] 94203K->62025K(242952K), 0.0051084 secs] [Times: user=0.02 sys=0.00, real=0.00 secs] 
2015-10-30T15:28:13.468+0000: 3360.648: [GC (Allocation Failure) 3360.648: [ParNew: 35220K->3968K(36288K), 0.0042530 secs] 94345K->63092K(242952K), 0.0043125 secs] [Times: user=0.01 sys=0.00, real=0.00 secs] 
2015-10-30T15:28:13.486+0000: 3360.666: [GC (Allocation Failure) 3360.666: [ParNew: 36288K->3501K(36288K), 0.0050521 secs] 95412K->63837K(242952K), 0.0051113 secs] [Times: user=0.02 sys=0.00, real=0.00 secs] 
2015-10-30T15:28:13.504+0000: 3360.685: [GC (Allocation Failure) 3360.685: [ParNew: 35821K->2595K(36288K), 0.0027569 secs] 96157K->62931K(242952K), 0.0028165 secs] [Times: user=0.01 sys=0.00, real=0.01 secs] 
2015-10-30T15:28:13.531+0000: 3360.711: [GC (Allocation Failure) 3360.711: [ParNew: 28582K->3211K(36288K), 0.0027445 secs] 88918K->68864K(242952K), 0.0028310 secs] [Times: user=0.01 sys=0.00, real=0.00 secs] 
2015-10-30T15:28:13.535+0000: 3360.715: [GC (CMS Initial Mark) [1 CMS-initial-mark: 65653K(206664K)] 76841K(242952K), 0.0018766 secs] [Times: user=0.01 sys=0.00, real=0.00 secs] 
2015-10-30T15:28:13.537+0000: 3360.717: [CMS-concurrent-mark-start]
2015-10-30T15:28:13.566+0000: 3360.747: [CMS-concurrent-mark: 0.029/0.029 secs] [Times: user=0.06 sys=0.00, real=0.04 secs] 
2015-10-30T15:28:13.566+0000: 3360.747: [CMS-concurrent-preclean-start]
2015-10-30T15:28:13.568+0000: 3360.748: [CMS-concurrent-preclean: 0.001/0.001 secs] [Times: user=0.00 sys=0.00, real=0.00 secs] 
2015-10-30T15:28:13.568+0000: 3360.748: [CMS-concurrent-abortable-preclean-start]
 CMS: abort preclean due to time 2015-10-30T15:28:18.644+0000: 3365.824: [CMS-concurrent-abortable-preclean: 0.805/5.076 secs] [Times: user=0.89 sys=0.00, real=5.07 secs] 
2015-10-30T15:28:18.644+0000: 3365.824: [GC (CMS Final Remark) [YG occupancy: 20570 K (36288 K)]3365.824: [Rescan (parallel) , 0.0023815 secs]3365.827: [weak refs processing, 0.0000171 secs]3365.827: [class unloading, 0.0124396 secs]3365.839: [scrub symbol table, 0.0066143 secs]3365.846: [scrub string table, 0.0007032 secs][1 CMS-remark: 65653K(206664K)] 86224K(242952K), 0.0233332 secs] [Times: user=0.02 sys=0.00, real=0.03 secs] 
2015-10-30T15:28:18.667+0000: 3365.848: [CMS-concurrent-sweep-start]
2015-10-30T15:28:18.698+0000: 3365.878: [CMS-concurrent-sweep: 0.030/0.030 secs] [Times: user=0.03 sys=0.00, real=0.03 secs] 
2015-10-30T15:28:18.698+0000: 3365.878: [CMS-concurrent-reset-start]
2015-10-30T15:28:18.700+0000: 3365.880: [CMS-concurrent-reset: 0.002/0.002 secs] [Times: user=0.01 sys=0.00, real=0.00 secs] 
2015-10-30T15:28:20.699+0000: 3367.880: [GC (CMS Initial Mark) [1 CMS-initial-mark: 35081K(206664K)] 55693K(242952K), 0.0025422 secs] [Times: user=0.00 sys=0.00, real=0.00 secs] 
2015-10-30T15:28:20.702+0000: 3367.882: [CMS-concurrent-mark-start]
2015-10-30T15:28:20.730+0000: 3367.910: [CMS-concurrent-mark: 0.028/0.028 secs] [Times: user=0.03 sys=0.00, real=0.03 secs] 
2015-10-30T15:28:20.730+0000: 3367.910: [CMS-concurrent-preclean-start]
2015-10-30T15:28:20.731+0000: 3367.912: [CMS-concurrent-preclean: 0.001/0.001 secs] [Times: user=0.00 sys=0.00, real=0.00 secs] 
2015-10-30T15:28:20.731+0000: 3367.912: [CMS-concurrent-abortable-preclean-start]
2015-10-30T15:28:23.303+0000: 3370.483: [GC (Allocation Failure) 3370.483: [ParNew: 35531K->3968K(36288K), 0.0113520 secs] 70612K->52825K(242952K), 0.0114419 secs] [Times: user=0.04 sys=0.00, real=0.01 secs] 
2015-10-30T15:28:23.343+0000: 3370.524: [GC (Allocation Failure) 3370.524: [ParNew: 36288K->3968K(36288K), 0.0084100 secs] 85145K->58991K(242952K), 0.0084951 secs] [Times: user=0.03 sys=0.00, real=0.01 secs] 
2015-10-30T15:28:23.352+0000: 3370.532: [CMS-concurrent-abortable-preclean: 0.428/2.621 secs] [Times: user=0.61 sys=0.00, real=2.62 secs] 
2015-10-30T15:28:23.353+0000: 3370.534: [GC (CMS Final Remark) [YG occupancy: 4238 K (36288 K)]3370.534: [Rescan (parallel) , 0.0046484 secs]3370.538: [weak refs processing, 0.0000122 secs]3370.538: [class unloading, 0.0124580 secs]3370.551: [scrub symbol table, 0.0066219 secs]3370.557: [scrub string table, 0.0007149 secs][1 CMS-remark: 55023K(206664K)] 59262K(242952K), 0.0256254 secs] [Times: user=0.04 sys=0.00, real=0.03 secs] 
2015-10-30T15:28:23.379+0000: 3370.559: [CMS-concurrent-sweep-start]
2015-10-30T15:28:23.399+0000: 3370.579: [GC (Allocation Failure) 3370.579: [ParNew: 36288K->3671K(36288K), 0.0058720 secs] 91208K->62502K(242952K), 0.0059412 secs] [Times: user=0.02 sys=0.00, real=0.00 secs] 
2015-10-30T15:28:23.408+0000: 3370.589: [CMS-concurrent-sweep: 0.022/0.029 secs] [Times: user=0.11 sys=0.00, real=0.03 secs] 
2015-10-30T15:28:23.408+0000: 3370.589: [CMS-concurrent-reset-start]
2015-10-30T15:28:23.411+0000: 3370.591: [CMS-concurrent-reset: 0.003/0.003 secs] [Times: user=0.01 sys=0.00, real=0.00 secs] 
2015-10-30T15:28:23.420+0000: 3370.601: [GC (Allocation Failure) 3370.601: [ParNew: 35991K->1996K(36288K), 0.0030536 secs] 94820K->60825K(242952K), 0.0031406 secs] [Times: user=0.01 sys=0.00, real=0.00 secs] 
2015-10-30T15:28:23.438+0000: 3370.618: [GC (Allocation Failure) 3370.618: [ParNew: 34316K->3591K(36288K), 0.0035737 secs] 93145K->62419K(242952K), 0.0036340 secs] [Times: user=0.01 sys=0.00, real=0.00 secs] 
2015-10-30T15:28:23.458+0000: 3370.639: [GC (Allocation Failure) 3370.639: [ParNew: 35911K->2797K(36288K), 0.0039686 secs] 94739K->62355K(242952K), 0.0040292 secs] [Times: user=0.01 sys=0.00, real=0.00 secs] 
2015-10-30T15:28:23.477+0000: 3370.658: [GC (Allocation Failure) 3370.658: [ParNew: 35117K->3519K(36288K), 0.0040574 secs] 94675K->63077K(242952K), 0.0041206 secs] [Times: user=0.01 sys=0.00, real=0.00 secs] 
2015-10-30T15:28:23.495+0000: 3370.676: [GC (Allocation Failure) 3370.676: [ParNew: 35839K->3314K(36288K), 0.0047871 secs] 95397K->64132K(242952K), 0.0048447 secs] [Times: user=0.02 sys=0.00, real=0.01 secs] 
2015-10-30T15:28:23.514+0000: 3370.694: [GC (Allocation Failure) 3370.694: [ParNew: 35634K->2455K(36288K), 0.0024253 secs] 96452K->63273K(242952K), 0.0024820 secs] [Times: user=0.01 sys=0.00, real=0.00 secs] 
2015-10-30T15:28:23.544+0000: 3370.724: [GC (Allocation Failure) 3370.724: [ParNew: 34528K->3207K(36288K), 0.0033333 secs] 95346K->77320K(242952K), 0.0034165 secs] [Times: user=0.02 sys=0.00, real=0.01 secs] 
2015-10-30T15:28:23.548+0000: 3370.728: [GC (CMS Initial Mark) [1 CMS-initial-mark: 74112K(206664K)] 79987K(242952K), 0.0017700 secs] [Times: user=0.00 sys=0.00, real=0.00 secs] 
2015-10-30T15:28:23.550+0000: 3370.730: [CMS-concurrent-mark-start]
2015-10-30T15:28:23.579+0000: 3370.759: [CMS-concurrent-mark: 0.029/0.029 secs] [Times: user=0.06 sys=0.00, real=0.03 secs] 
2015-10-30T15:28:23.579+0000: 3370.759: [CMS-concurrent-preclean-start]
2015-10-30T15:28:23.580+0000: 3370.760: [CMS-concurrent-preclean: 0.001/0.001 secs] [Times: user=0.00 sys=0.00, real=0.00 secs] 
2015-10-30T15:28:23.580+0000: 3370.761: [CMS-concurrent-abortable-preclean-start]
 CMS: abort preclean due to time 2015-10-30T15:28:28.660+0000: 3375.840: [CMS-concurrent-abortable-preclean: 0.775/5.080 secs] [Times: user=0.86 sys=0.00, real=5.08 secs] 
2015-10-30T15:28:28.660+0000: 3375.841: [GC (CMS Final Remark) [YG occupancy: 12730 K (36288 K)]3375.861: [Rescan (parallel) , 0.0038337 secs]3375.865: [weak refs processing, 0.0000174 secs]3375.865: [class unloading, 0.0125486 secs]3375.878: [scrub symbol table, 0.0066193 secs]3375.884: [scrub string table, 0.0007089 secs][1 CMS-remark: 74112K(206664K)] 86842K(242952K), 0.0456478 secs] [Times: user=0.04 sys=0.00, real=0.05 secs] 
2015-10-30T15:28:28.706+0000: 3375.886: [CMS-concurrent-sweep-start]
2015-10-30T15:28:28.727+0000: 3375.907: [CMS-concurrent-sweep: 0.021/0.021 secs] [Times: user=0.02 sys=0.00, real=0.02 secs] 
2015-10-30T15:28:28.727+0000: 3375.907: [CMS-concurrent-reset-start]
2015-10-30T15:28:28.729+0000: 3375.910: [CMS-concurrent-reset: 0.002/0.002 secs] [Times: user=0.00 sys=0.00, real=0.00 secs] 
2015-10-30T15:28:30.729+0000: 3377.909: [GC (CMS Initial Mark) [1 CMS-initial-mark: 44581K(206664K)] 57358K(242952K), 0.0024156 secs] [Times: user=0.00 sys=0.00, real=0.00 secs] 
2015-10-30T15:28:30.731+0000: 3377.912: [CMS-concurrent-mark-start]
2015-10-30T15:28:30.760+0000: 3377.940: [CMS-concurrent-mark: 0.029/0.029 secs] [Times: user=0.03 sys=0.00, real=0.03 secs] 
2015-10-30T15:28:30.760+0000: 3377.940: [CMS-concurrent-preclean-start]
2015-10-30T15:28:30.761+0000: 3377.942: [CMS-concurrent-preclean: 0.001/0.001 secs] [Times: user=0.00 sys=0.00, real=0.00 secs] 
2015-10-30T15:28:30.761+0000: 3377.942: [CMS-concurrent-abortable-preclean-start]
2015-10-30T15:28:33.348+0000: 3380.529: [GC (Allocation Failure) 3380.529: [ParNew: 35527K->3968K(36288K), 0.0188318 secs] 80108K->68172K(242952K), 0.0189287 secs] [Times: user=0.07 sys=0.00, real=0.02 secs] 
2015-10-30T15:28:33.389+0000: 3380.569: [CMS-concurrent-abortable-preclean: 0.403/2.627 secs] [Times: user=0.62 sys=0.00, real=2.63 secs] 
2015-10-30T15:28:33.392+0000: 3380.572: [GC (CMS Final Remark) [YG occupancy: 33211 K (36288 K)]3380.572: [Rescan (parallel) , 0.0175114 secs]3380.590: [weak refs processing, 0.0000190 secs]3380.590: [class unloading, 0.0121319 secs]3380.602: [scrub symbol table, 0.0066418 secs]3380.609: [scrub string table, 0.0007087 secs][1 CMS-remark: 64204K(206664K)] 97416K(242952K), 0.0383074 secs] [Times: user=0.09 sys=0.00, real=0.04 secs] 
2015-10-30T15:28:33.431+0000: 3380.611: [CMS-concurrent-sweep-start]
2015-10-30T15:28:33.433+0000: 3380.614: [GC (Allocation Failure) 3380.614: [ParNew: 36288K->2715K(36288K), 0.0034913 secs] 100428K->69881K(242952K), 0.0035416 secs] [Times: user=0.01 sys=0.00, real=0.00 secs] 
2015-10-30T15:28:33.457+0000: 3380.638: [GC (Allocation Failure) 3380.638: [ParNew: 35035K->1898K(36288K), 0.0042647 secs] 92068K->60668K(242952K), 0.0043263 secs] [Times: user=0.02 sys=0.00, real=0.00 secs] 
2015-10-30T15:28:33.462+0000: 3380.643: [CMS-concurrent-sweep: 0.028/0.032 secs] [Times: user=0.12 sys=0.00, real=0.03 secs] 
2015-10-30T15:28:33.462+0000: 3380.643: [CMS-concurrent-reset-start]
2015-10-30T15:28:33.465+0000: 3380.645: [CMS-concurrent-reset: 0.002/0.002 secs] [Times: user=0.00 sys=0.00, real=0.00 secs] 
2015-10-30T15:28:33.478+0000: 3380.658: [GC (Allocation Failure) 3380.658: [ParNew: 34218K->1948K(36288K), 0.0030544 secs] 92988K->60718K(242952K), 0.0031015 secs] [Times: user=0.01 sys=0.00, real=0.00 secs] 
2015-10-30T15:28:33.494+0000: 3380.675: [GC (Allocation Failure) 3380.675: [ParNew: 34268K->2829K(36288K), 0.0029331 secs] 93038K->61599K(242952K), 0.0029935 secs] [Times: user=0.01 sys=0.00, real=0.01 secs] 
2015-10-30T15:28:33.513+0000: 3380.694: [GC (Allocation Failure) 3380.694: [ParNew: 35149K->2565K(36288K), 0.0038595 secs] 93919K->62101K(242952K), 0.0039188 secs] [Times: user=0.01 sys=0.00, real=0.01 secs] 
2015-10-30T15:28:33.533+0000: 3380.714: [GC (Allocation Failure) 3380.714: [ParNew: 34885K->3968K(36288K), 0.0031514 secs] 94421K->63504K(242952K), 0.0032102 secs] [Times: user=0.01 sys=0.00, real=0.00 secs] 
2015-10-30T15:28:33.550+0000: 3380.730: [GC (Allocation Failure) 3380.730: [ParNew: 36288K->2908K(36288K), 0.0038947 secs] 95824K->63087K(242952K), 0.0039520 secs] [Times: user=0.02 sys=0.00, real=0.00 secs] 
2015-10-30T15:28:33.567+0000: 3380.747: [GC (Allocation Failure) 3380.747: [ParNew: 35228K->3539K(36288K), 0.0028218 secs] 95407K->63717K(242952K), 0.0028816 secs] [Times: user=0.01 sys=0.00, real=0.00 secs] 
2015-10-30T15:28:33.644+0000: 3380.824: [GC (Allocation Failure) 3380.824: [ParNew: 35395K->3968K(36288K), 0.0043925 secs] 95574K->68478K(242952K), 0.0044608 secs] [Times: user=0.02 sys=0.00, real=0.01 secs] 
2015-10-30T15:28:33.649+0000: 3380.829: [GC (CMS Initial Mark) [1 CMS-initial-mark: 64510K(206664K)] 68990K(242952K), 0.0014998 secs] [Times: user=0.00 sys=0.00, real=0.00 secs] 
2015-10-30T15:28:33.650+0000: 3380.831: [CMS-concurrent-mark-start]
2015-10-30T15:28:33.680+0000: 3380.860: [CMS-concurrent-mark: 0.030/0.030 secs] [Times: user=0.05 sys=0.00, real=0.03 secs] 
2015-10-30T15:28:33.680+0000: 3380.860: [CMS-concurrent-preclean-start]
2015-10-30T15:28:33.681+0000: 3380.862: [CMS-concurrent-preclean: 0.001/0.001 secs] [Times: user=0.00 sys=0.00, real=0.00 secs] 
2015-10-30T15:28:33.681+0000: 3380.862: [GC (CMS Final Remark) [YG occupancy: 5642 K (36288 K)]3380.862: [Rescan (parallel) , 0.0013623 secs]3380.863: [weak refs processing, 0.0000157 secs]3380.863: [class unloading, 0.0120374 secs]3380.875: [scrub symbol table, 0.0066296 secs]3380.882: [scrub string table, 0.0007029 secs][1 CMS-remark: 64510K(206664K)] 70153K(242952K), 0.0219103 secs] [Times: user=0.03 sys=0.00, real=0.02 secs] 
2015-10-30T15:28:33.703+0000: 3380.884: [CMS-concurrent-sweep-start]
2015-10-30T15:28:33.723+0000: 3380.903: [CMS-concurrent-sweep: 0.019/0.019 secs] [Times: user=0.02 sys=0.00, real=0.02 secs] 
2015-10-30T15:28:33.723+0000: 3380.903: [CMS-concurrent-reset-start]
2015-10-30T15:28:33.725+0000: 3380.905: [CMS-concurrent-reset: 0.002/0.002 secs] [Times: user=0.00 sys=0.00, real=0.00 secs] 
2015-10-30T15:28:43.283+0000: 3390.463: [GC (Allocation Failure) 3390.464: [ParNew: 36288K->3968K(36288K), 0.0142038 secs] 71189K->50000K(242952K), 0.0142818 secs] [Times: user=0.05 sys=0.00, real=0.02 secs] 
2015-10-30T15:28:43.316+0000: 3390.496: [GC (Allocation Failure) 3390.496: [ParNew: 36288K->2857K(36288K), 0.0046302 secs] 82320K->52690K(242952K), 0.0046861 secs] [Times: user=0.02 sys=0.00, real=0.01 secs] 
2015-10-30T15:28:43.337+0000: 3390.517: [GC (Allocation Failure) 3390.517: [ParNew: 35177K->2111K(36288K), 0.0029505 secs] 85010K->51944K(242952K), 0.0030116 secs] [Times: user=0.01 sys=0.00, real=0.01 secs] 
2015-10-30T15:28:43.357+0000: 3390.538: [GC (Allocation Failure) 3390.538: [ParNew: 34431K->3016K(36288K), 0.0033916 secs] 84264K->52849K(242952K), 0.0034403 secs] [Times: user=0.01 sys=0.00, real=0.00 secs] 
2015-10-30T15:28:43.379+0000: 3390.560: [GC (Allocation Failure) 3390.560: [ParNew: 35336K->3086K(36288K), 0.0049554 secs] 85169K->53731K(242952K), 0.0050052 secs] [Times: user=0.02 sys=0.00, real=0.00 secs] 
2015-10-30T15:28:43.401+0000: 3390.582: [GC (Allocation Failure) 3390.582: [ParNew: 35406K->3798K(36288K), 0.0048175 secs] 86051K->55129K(242952K), 0.0048763 secs] [Times: user=0.01 sys=0.00, real=0.01 secs] 
2015-10-30T15:28:43.421+0000: 3390.602: [GC (Allocation Failure) 3390.602: [ParNew: 36118K->3472K(36288K), 0.0045155 secs] 87449K->55445K(242952K), 0.0045735 secs] [Times: user=0.01 sys=0.00, real=0.01 secs] 
2015-10-30T15:28:43.441+0000: 3390.622: [GC (Allocation Failure) 3390.622: [ParNew: 35792K->2478K(36288K), 0.0031974 secs] 87765K->54451K(242952K), 0.0032559 secs] [Times: user=0.01 sys=0.00, real=0.00 secs] 
2015-10-30T15:28:43.471+0000: 3390.652: [GC (Allocation Failure) 3390.652: [ParNew: 34740K->3968K(36288K), 0.0045127 secs] 86713K->58102K(242952K), 0.0045749 secs] [Times: user=0.02 sys=0.00, real=0.00 secs] 
2015-10-30T15:28:53.447+0000: 3400.627: [GC (Allocation Failure) 3400.627: [ParNew: 36259K->3968K(36288K), 0.0048064 secs] 90394K->62078K(242952K), 0.0048788 secs] [Times: user=0.02 sys=0.00, real=0.00 secs] 
2015-10-30T15:28:53.492+0000: 3400.673: [GC (Allocation Failure) 3400.673: [ParNew: 36288K->3968K(36288K), 0.0176843 secs] 94398K->74878K(242952K), 0.0177596 secs] [Times: user=0.04 sys=0.00, real=0.02 secs] 
2015-10-30T15:28:53.537+0000: 3400.718: [GC (Allocation Failure) 3400.718: [ParNew: 36288K->2664K(36288K), 0.0056463 secs] 107198K->77327K(242952K), 0.0057110 secs] [Times: user=0.02 sys=0.00, real=0.00 secs] 
2015-10-30T15:28:53.569+0000: 3400.750: [GC (Allocation Failure) 3400.750: [ParNew: 34984K->1906K(36288K), 0.0042229 secs] 109647K->76569K(242952K), 0.0042826 secs] [Times: user=0.01 sys=0.00, real=0.00 secs] 
2015-10-30T15:28:53.597+0000: 3400.778: [GC (Allocation Failure) 3400.778: [ParNew: 34226K->3308K(36288K), 0.0046548 secs] 108889K->77970K(242952K), 0.0047110 secs] [Times: user=0.02 sys=0.00, real=0.00 secs] 
2015-10-30T15:28:53.617+0000: 3400.797: [GC (Allocation Failure) 3400.797: [ParNew: 35628K->3660K(36288K), 0.0084787 secs] 110290K->79233K(242952K), 0.0085410 secs] [Times: user=0.02 sys=0.00, real=0.02 secs] 
2015-10-30T15:28:53.645+0000: 3400.825: [GC (Allocation Failure) 3400.825: [ParNew: 35980K->2838K(36288K), 0.0052409 secs] 111553K->79101K(242952K), 0.0053039 secs] [Times: user=0.02 sys=0.00, real=0.01 secs] 
2015-10-30T15:28:53.664+0000: 3400.845: [GC (Allocation Failure) 3400.845: [ParNew: 35158K->2373K(36288K), 0.0049639 secs] 111421K->79247K(242952K), 0.0050237 secs] [Times: user=0.01 sys=0.00, real=0.01 secs] 
2015-10-30T15:28:53.682+0000: 3400.863: [GC (Allocation Failure) 3400.863: [ParNew: 34693K->2536K(36288K), 0.0037512 secs] 111567K->79904K(242952K), 0.0038080 secs] [Times: user=0.01 sys=0.00, real=0.01 secs] 
2015-10-30T15:28:53.712+0000: 3400.893: [GC (Allocation Failure) 3400.893: [ParNew: 30222K->3968K(36288K), 0.0032017 secs] 107590K->84242K(242952K), 0.0032698 secs] [Times: user=0.02 sys=0.00, real=0.00 secs] 
2015-10-30T15:29:03.277+0000: 3410.458: [GC (Allocation Failure) 3410.458: [ParNew: 36265K->3968K(36288K), 0.0038343 secs] 116539K->88939K(242952K), 0.0039329 secs] [Times: user=0.02 sys=0.00, real=0.00 secs] 
2015-10-30T15:29:03.324+0000: 3410.504: [GC (Allocation Failure) 3410.504: [ParNew: 36288K->3968K(36288K), 0.0140195 secs] 121259K->101600K(242952K), 0.0141062 secs] [Times: user=0.04 sys=0.00, real=0.02 secs] 
2015-10-30T15:29:03.361+0000: 3410.542: [GC (Allocation Failure) 3410.542: [ParNew: 36288K->3035K(36288K), 0.0058781 secs] 133920K->104445K(242952K), 0.0059620 secs] [Times: user=0.02 sys=0.00, real=0.01 secs] 
2015-10-30T15:29:03.389+0000: 3410.569: [GC (Allocation Failure) 3410.569: [ParNew: 35355K->1975K(36288K), 0.0035010 secs] 136765K->103385K(242952K), 0.0035677 secs] [Times: user=0.01 sys=0.00, real=0.00 secs] 
2015-10-30T15:29:03.411+0000: 3410.591: [GC (Allocation Failure) 3410.591: [ParNew: 34295K->3375K(36288K), 0.0050705 secs] 135705K->104785K(242952K), 0.0051425 secs] [Times: user=0.01 sys=0.00, real=0.00 secs] 
2015-10-30T15:29:03.434+0000: 3410.615: [GC (Allocation Failure) 3410.615: [ParNew: 35695K->3011K(36288K), 0.0052186 secs] 137105K->105254K(242952K), 0.0052841 secs] [Times: user=0.02 sys=0.00, real=0.01 secs] 
2015-10-30T15:29:03.454+0000: 3410.634: [GC (Allocation Failure) 3410.634: [ParNew: 35331K->3786K(36288K), 0.0051350 secs] 137574K->106735K(242952K), 0.0052057 secs] [Times: user=0.02 sys=0.00, real=0.01 secs] 
2015-10-30T15:29:03.473+0000: 3410.654: [GC (Allocation Failure) 3410.654: [ParNew: 36106K->2354K(36288K), 0.0040310 secs] 139055K->105902K(242952K), 0.0041061 secs] [Times: user=0.01 sys=0.00, real=0.01 secs] 
2015-10-30T15:29:03.493+0000: 3410.674: [GC (Allocation Failure) 3410.674: [ParNew: 34674K->1886K(36288K), 0.0028497 secs] 138222K->105434K(242952K), 0.0029102 secs] [Times: user=0.01 sys=0.00, real=0.00 secs] 
2015-10-30T15:29:03.522+0000: 3410.702: [GC (Allocation Failure) 3410.702: [ParNew: 32453K->3968K(36288K), 0.0038176 secs] 136001K->115975K(242952K), 0.0039036 secs] [Times: user=0.01 sys=0.00, real=0.01 secs] 
2015-10-30T15:29:03.527+0000: 3410.707: [GC (CMS Initial Mark) [1 CMS-initial-mark: 112007K(206664K)] 121293K(242952K), 0.0021209 secs] [Times: user=0.00 sys=0.00, real=0.00 secs] 
2015-10-30T15:29:03.529+0000: 3410.709: [CMS-concurrent-mark-start]
2015-10-30T15:29:03.573+0000: 3410.753: [CMS-concurrent-mark: 0.044/0.044 secs] [Times: user=0.09 sys=0.00, real=0.04 secs] 
2015-10-30T15:29:03.573+0000: 3410.753: [CMS-concurrent-preclean-start]
2015-10-30T15:29:03.574+0000: 3410.755: [CMS-concurrent-preclean: 0.002/0.002 secs] [Times: user=0.01 sys=0.00, real=0.00 secs] 
2015-10-30T15:29:03.574+0000: 3410.755: [CMS-concurrent-abortable-preclean-start]
 CMS: abort preclean due to time 2015-10-30T15:29:08.655+0000: 3415.836: [CMS-concurrent-abortable-preclean: 0.855/5.081 secs] [Times: user=0.95 sys=0.00, real=5.08 secs] 
2015-10-30T15:29:08.656+0000: 3415.836: [GC (CMS Final Remark) [YG occupancy: 26689 K (36288 K)]3415.838: [Rescan (parallel) , 0.0023317 secs]3415.840: [weak refs processing, 0.0000185 secs]3415.840: [class unloading, 0.0129574 secs]3415.853: [scrub symbol table, 0.0069241 secs]3415.860: [scrub string table, 0.0007162 secs][1 CMS-remark: 112007K(206664K)] 138697K(242952K), 0.0259244 secs] [Times: user=0.03 sys=0.01, real=0.03 secs] 
2015-10-30T15:29:08.682+0000: 3415.862: [CMS-concurrent-sweep-start]
2015-10-30T15:29:08.724+0000: 3415.904: [CMS-concurrent-sweep: 0.042/0.042 secs] [Times: user=0.04 sys=0.00, real=0.04 secs] 
2015-10-30T15:29:08.724+0000: 3415.904: [CMS-concurrent-reset-start]
2015-10-30T15:29:08.726+0000: 3415.907: [CMS-concurrent-reset: 0.002/0.002 secs] [Times: user=0.01 sys=0.00, real=0.01 secs] 
2015-10-30T15:29:10.726+0000: 3417.906: [GC (CMS Initial Mark) [1 CMS-initial-mark: 37072K(206664K)] 63795K(242952K), 0.0024039 secs] [Times: user=0.00 sys=0.00, real=0.00 secs] 
2015-10-30T15:29:10.728+0000: 3417.909: [CMS-concurrent-mark-start]
2015-10-30T15:29:10.756+0000: 3417.936: [CMS-concurrent-mark: 0.028/0.028 secs] [Times: user=0.03 sys=0.00, real=0.02 secs] 
2015-10-30T15:29:10.756+0000: 3417.936: [CMS-concurrent-preclean-start]
2015-10-30T15:29:10.757+0000: 3417.938: [CMS-concurrent-preclean: 0.001/0.001 secs] [Times: user=0.00 sys=0.00, real=0.01 secs] 
2015-10-30T15:29:10.757+0000: 3417.938: [CMS-concurrent-abortable-preclean-start]
2015-10-30T15:29:13.342+0000: 3420.523: [GC (Allocation Failure) 3420.523: [ParNew: 36288K->3968K(36288K), 0.0076428 secs] 73360K->50823K(242952K), 0.0077277 secs] [Times: user=0.03 sys=0.00, real=0.01 secs] 
2015-10-30T15:29:13.383+0000: 3420.563: [GC (Allocation Failure) 3420.563: [ParNew: 36288K->3968K(36288K), 0.0128139 secs] 83143K->62551K(242952K), 0.0128942 secs] [Times: user=0.05 sys=0.00, real=0.01 secs] 
2015-10-30T15:29:13.414+0000: 3420.595: [GC (Allocation Failure) 3420.595: [ParNew: 36288K->3592K(36288K), 0.0052627 secs] 94871K->66130K(242952K), 0.0053241 secs] [Times: user=0.02 sys=0.00, real=0.01 secs] 
2015-10-30T15:29:13.436+0000: 3420.617: [GC (Allocation Failure) 3420.617: [ParNew: 35912K->2258K(36288K), 0.0025551 secs] 98450K->64795K(242952K), 0.0026139 secs] [Times: user=0.01 sys=0.00, real=0.01 secs] 
2015-10-30T15:29:13.446+0000: 3420.626: [CMS-concurrent-abortable-preclean: 0.462/2.688 secs] [Times: user=0.79 sys=0.00, real=2.69 secs] 
2015-10-30T15:29:13.449+0000: 3420.630: [GC (CMS Final Remark) [YG occupancy: 15047 K (36288 K)]3420.630: [Rescan (parallel) , 0.0088411 secs]3420.639: [weak refs processing, 0.0000167 secs]3420.639: [class unloading, 0.0122137 secs]3420.651: [scrub symbol table, 0.0065656 secs]3420.657: [scrub string table, 0.0007145 secs][1 CMS-remark: 62537K(206664K)] 77585K(242952K), 0.0295233 secs] [Times: user=0.06 sys=0.00, real=0.03 secs] 
2015-10-30T15:29:13.479+0000: 3420.659: [CMS-concurrent-sweep-start]
2015-10-30T15:29:13.491+0000: 3420.671: [GC (Allocation Failure) 3420.671: [ParNew: 34578K->2914K(36288K), 0.0031341 secs] 94155K->62492K(242952K), 0.0031879 secs] [Times: user=0.01 sys=0.00, real=0.00 secs] 
2015-10-30T15:29:13.517+0000: 3420.698: [GC (Allocation Failure) 3420.698: [ParNew: 35234K->3404K(36288K), 0.0044516 secs] 92637K->61584K(242952K), 0.0045121 secs] [Times: user=0.01 sys=0.00, real=0.00 secs] 
2015-10-30T15:29:13.525+0000: 3420.705: [CMS-concurrent-sweep: 0.035/0.046 secs] [Times: user=0.15 sys=0.00, real=0.04 secs] 
2015-10-30T15:29:13.525+0000: 3420.706: [CMS-concurrent-reset-start]
2015-10-30T15:29:13.528+0000: 3420.708: [CMS-concurrent-reset: 0.003/0.003 secs] [Times: user=0.01 sys=0.00, real=0.01 secs] 
2015-10-30T15:29:13.539+0000: 3420.720: [GC (Allocation Failure) 3420.720: [ParNew: 35724K->2680K(36288K), 0.0042634 secs] 93446K->61113K(242952K), 0.0043237 secs] [Times: user=0.01 sys=0.00, real=0.00 secs] 
2015-10-30T15:29:13.559+0000: 3420.740: [GC (Allocation Failure) 3420.740: [ParNew: 35000K->2886K(36288K), 0.0031118 secs] 93433K->61319K(242952K), 0.0031693 secs] [Times: user=0.01 sys=0.00, real=0.00 secs] 
2015-10-30T15:29:13.577+0000: 3420.758: [GC (Allocation Failure) 3420.758: [ParNew: 35206K->2644K(36288K), 0.0037794 secs] 93639K->61657K(242952K), 0.0038383 secs] [Times: user=0.01 sys=0.00, real=0.00 secs] 
2015-10-30T15:29:13.610+0000: 3420.791: [GC (Allocation Failure) 3420.791: [ParNew: 34353K->3222K(36288K), 0.0033546 secs] 93367K->67554K(242952K), 0.0034275 secs] [Times: user=0.01 sys=0.00, real=0.00 secs] 
2015-10-30T15:29:13.615+0000: 3420.795: [GC (CMS Initial Mark) [1 CMS-initial-mark: 64331K(206664K)] 75530K(242952K), 0.0018558 secs] [Times: user=0.01 sys=0.00, real=0.00 secs] 
2015-10-30T15:29:13.617+0000: 3420.797: [CMS-concurrent-mark-start]
2015-10-30T15:29:13.653+0000: 3420.834: [CMS-concurrent-mark: 0.037/0.037 secs] [Times: user=0.11 sys=0.00, real=0.04 secs] 
2015-10-30T15:29:13.653+0000: 3420.834: [CMS-concurrent-preclean-start]
2015-10-30T15:29:13.655+0000: 3420.835: [CMS-concurrent-preclean: 0.001/0.001 secs] [Times: user=0.00 sys=0.00, real=0.00 secs] 
2015-10-30T15:29:13.655+0000: 3420.835: [CMS-concurrent-abortable-preclean-start]
 CMS: abort preclean due to time 2015-10-30T15:29:18.768+0000: 3425.949: [CMS-concurrent-abortable-preclean: 0.795/5.113 secs] [Times: user=0.91 sys=0.00, real=5.12 secs] 
2015-10-30T15:29:18.768+0000: 3425.949: [GC (CMS Final Remark) [YG occupancy: 20556 K (36288 K)]3425.949: [Rescan (parallel) , 0.0023147 secs]3425.951: [weak refs processing, 0.0000172 secs]3425.951: [class unloading, 0.0123491 secs]3425.964: [scrub symbol table, 0.0066510 secs]3425.970: [scrub string table, 0.0007136 secs][1 CMS-remark: 64331K(206664K)] 84888K(242952K), 0.0232433 secs] [Times: user=0.03 sys=0.00, real=0.02 secs] 
2015-10-30T15:29:18.792+0000: 3425.972: [CMS-concurrent-sweep-start]
2015-10-30T15:29:18.826+0000: 3426.007: [CMS-concurrent-sweep: 0.035/0.035 secs] [Times: user=0.03 sys=0.00, real=0.04 secs] 
2015-10-30T15:29:18.827+0000: 3426.007: [CMS-concurrent-reset-start]
2015-10-30T15:29:18.829+0000: 3426.009: [CMS-concurrent-reset: 0.002/0.002 secs] [Times: user=0.00 sys=0.00, real=0.00 secs] 
2015-10-30T15:29:20.829+0000: 3428.009: [GC (CMS Initial Mark) [1 CMS-initial-mark: 38546K(206664K)] 59138K(242952K), 0.0024994 secs] [Times: user=0.01 sys=0.00, real=0.00 secs] 
2015-10-30T15:29:20.831+0000: 3428.012: [CMS-concurrent-mark-start]
2015-10-30T15:29:20.859+0000: 3428.040: [CMS-concurrent-mark: 0.028/0.028 secs] [Times: user=0.03 sys=0.00, real=0.03 secs] 
2015-10-30T15:29:20.859+0000: 3428.040: [CMS-concurrent-preclean-start]
2015-10-30T15:29:20.860+0000: 3428.041: [CMS-concurrent-preclean: 0.001/0.001 secs] [Times: user=0.00 sys=0.00, real=0.00 secs] 
2015-10-30T15:29:20.860+0000: 3428.041: [CMS-concurrent-abortable-preclean-start]
2015-10-30T15:29:23.307+0000: 3430.488: [GC (Allocation Failure) 3430.488: [ParNew: 35542K->3968K(36288K), 0.0103052 secs] 74089K->56185K(242952K), 0.0103903 secs] [Times: user=0.04 sys=0.00, real=0.01 secs] 
2015-10-30T15:29:23.354+0000: 3430.534: [GC (Allocation Failure) 3430.534: [ParNew: 36288K->3968K(36288K), 0.0082278 secs] 88505K->62726K(242952K), 0.0083047 secs] [Times: user=0.03 sys=0.00, real=0.01 secs] 
2015-10-30T15:29:23.378+0000: 3430.559: [GC (Allocation Failure) 3430.559: [ParNew: 36288K->3721K(36288K), 0.0056801 secs] 95046K->66171K(242952K), 0.0057434 secs] [Times: user=0.01 sys=0.00, real=0.00 secs] 
2015-10-30T15:29:23.384+0000: 3430.564: [CMS-concurrent-abortable-preclean: 0.433/2.524 secs] [Times: user=0.66 sys=0.01, real=2.52 secs] 
2015-10-30T15:29:23.385+0000: 3430.566: [GC (CMS Final Remark) [YG occupancy: 4232 K (36288 K)]3430.566: [Rescan (parallel) , 0.0042507 secs]3430.570: [weak refs processing, 0.0000115 secs]3430.570: [class unloading, 0.0124777 secs]3430.582: [scrub symbol table, 0.0065834 secs]3430.589: [scrub string table, 0.0007130 secs][1 CMS-remark: 62449K(206664K)] 66682K(242952K), 0.0251973 secs] [Times: user=0.03 sys=0.00, real=0.02 secs] 
2015-10-30T15:29:23.411+0000: 3430.591: [CMS-concurrent-sweep-start]
2015-10-30T15:29:23.426+0000: 3430.607: [GC (Allocation Failure) 3430.607: [ParNew: 36041K->2282K(36288K), 0.0024565 secs] 98346K->64586K(242952K), 0.0025151 secs] [Times: user=0.00 sys=0.00, real=0.00 secs] 
2015-10-30T15:29:23.445+0000: 3430.626: [GC (Allocation Failure) 3430.626: [ParNew: 34602K->2971K(36288K), 0.0031897 secs] 96248K->64617K(242952K), 0.0032484 secs] [Times: user=0.01 sys=0.00, real=0.00 secs] 
2015-10-30T15:29:23.464+0000: 3430.645: [CMS-concurrent-sweep: 0.045/0.053 secs] [Times: user=0.20 sys=0.01, real=0.05 secs] 
2015-10-30T15:29:23.464+0000: 3430.645: [CMS-concurrent-reset-start]
2015-10-30T15:29:23.467+0000: 3430.647: [CMS-concurrent-reset: 0.003/0.003 secs] [Times: user=0.01 sys=0.00, real=0.01 secs] 
2015-10-30T15:29:23.469+0000: 3430.650: [GC (Allocation Failure) 3430.650: [ParNew: 35291K->2933K(36288K), 0.0039026 secs] 96191K->64609K(242952K), 0.0039505 secs] [Times: user=0.01 sys=0.00, real=0.00 secs] 
2015-10-30T15:29:23.487+0000: 3430.668: [GC (Allocation Failure) 3430.668: [ParNew: 35253K->3968K(36288K), 0.0031702 secs] 96929K->65643K(242952K), 0.0032327 secs] [Times: user=0.01 sys=0.00, real=0.00 secs] 
2015-10-30T15:29:23.505+0000: 3430.686: [GC (Allocation Failure) 3430.686: [ParNew: 36288K->3010K(36288K), 0.0038053 secs] 97963K->65380K(242952K), 0.0038646 secs] [Times: user=0.02 sys=0.00, real=0.00 secs] 
2015-10-30T15:29:23.525+0000: 3430.706: [GC (Allocation Failure) 3430.706: [ParNew: 35330K->2698K(36288K), 0.0032252 secs] 97700K->65700K(242952K), 0.0032850 secs] [Times: user=0.01 sys=0.00, real=0.00 secs] 
2015-10-30T15:29:23.563+0000: 3430.743: [GC (Allocation Failure) 3430.743: [ParNew: 29218K->2774K(36288K), 0.0026847 secs] 92220K->71094K(242952K), 0.0027553 secs] [Times: user=0.01 sys=0.00, real=0.01 secs] 
2015-10-30T15:29:23.567+0000: 3430.747: [GC (CMS Initial Mark) [1 CMS-initial-mark: 68320K(206664K)] 79071K(242952K), 0.0017768 secs] [Times: user=0.01 sys=0.00, real=0.00 secs] 
2015-10-30T15:29:23.569+0000: 3430.749: [CMS-concurrent-mark-start]
2015-10-30T15:29:23.597+0000: 3430.778: [CMS-concurrent-mark: 0.028/0.028 secs] [Times: user=0.06 sys=0.00, real=0.02 secs] 
2015-10-30T15:29:23.597+0000: 3430.778: [CMS-concurrent-preclean-start]
2015-10-30T15:29:23.598+0000: 3430.779: [CMS-concurrent-preclean: 0.001/0.001 secs] [Times: user=0.00 sys=0.00, real=0.00 secs] 
2015-10-30T15:29:23.598+0000: 3430.779: [CMS-concurrent-abortable-preclean-start]
2015-10-30T15:29:28.278+0000: 3435.458: [GC (Allocation Failure) 3435.458: [ParNew2015-10-30T15:29:28.286+0000: 3435.467: [CMS-concurrent-abortable-preclean: 0.727/4.688 secs] [Times: user=0.91 sys=0.01, real=4.69 secs] 
: 35094K->3968K(36288K), 0.0099615 secs] 103414K->84801K(242952K), 0.0100416 secs] [Times: user=0.04 sys=0.00, real=0.01 secs] 
2015-10-30T15:29:28.288+0000: 3435.469: [GC (CMS Final Remark) [YG occupancy: 4138 K (36288 K)]3435.469: [Rescan (parallel) , 0.0038231 secs]3435.473: [weak refs processing, 0.0000231 secs]3435.473: [class unloading, 0.0124574 secs]3435.485: [scrub symbol table, 0.0066736 secs]3435.492: [scrub string table, 0.0007177 secs][1 CMS-remark: 80833K(206664K)] 84971K(242952K), 0.0249045 secs] [Times: user=0.04 sys=0.00, real=0.02 secs] 
2015-10-30T15:29:28.313+0000: 3435.494: [CMS-concurrent-sweep-start]
2015-10-30T15:29:28.354+0000: 3435.534: [GC (Allocation Failure) 3435.535: [ParNew: 36288K->3968K(36288K), 0.0113961 secs] 102439K->78775K(242952K), 0.0114874 secs] [Times: user=0.04 sys=0.00, real=0.02 secs] 
2015-10-30T15:29:28.381+0000: 3435.562: [CMS-concurrent-sweep: 0.056/0.068 secs] [Times: user=0.21 sys=0.00, real=0.07 secs] 
2015-10-30T15:29:28.381+0000: 3435.562: [CMS-concurrent-reset-start]
2015-10-30T15:29:28.384+0000: 3435.564: [CMS-concurrent-reset: 0.003/0.003 secs] [Times: user=0.01 sys=0.00, real=0.00 secs] 
2015-10-30T15:29:28.390+0000: 3435.570: [GC (Allocation Failure) 3435.570: [ParNew: 36288K->3227K(36288K), 0.0058248 secs] 95167K->65878K(242952K), 0.0058902 secs] [Times: user=0.01 sys=0.00, real=0.00 secs] 
2015-10-30T15:29:28.413+0000: 3435.593: [GC (Allocation Failure) 3435.593: [ParNew: 35547K->2099K(36288K), 0.0041333 secs] 98198K->64750K(242952K), 0.0042023 secs] [Times: user=0.01 sys=0.00, real=0.00 secs] 
2015-10-30T15:29:28.434+0000: 3435.614: [GC (Allocation Failure) 3435.614: [ParNew: 34419K->3358K(36288K), 0.0040141 secs] 97070K->66009K(242952K), 0.0040801 secs] [Times: user=0.01 sys=0.00, real=0.01 secs] 
2015-10-30T15:29:28.457+0000: 3435.637: [GC (Allocation Failure) 3435.637: [ParNew: 35678K->3002K(36288K), 0.0043863 secs] 98329K->67108K(242952K), 0.0044519 secs] [Times: user=0.02 sys=0.00, real=0.01 secs] 
2015-10-30T15:29:28.478+0000: 3435.658: [GC (Allocation Failure) 3435.658: [ParNew: 35322K->2192K(36288K), 0.0025976 secs] 99428K->66298K(242952K), 0.0026732 secs] [Times: user=0.01 sys=0.00, real=0.00 secs] 
2015-10-30T15:29:28.499+0000: 3435.679: [GC (Allocation Failure) 3435.679: [ParNew: 34512K->2969K(36288K), 0.0037687 secs] 98618K->67075K(242952K), 0.0038303 secs] [Times: user=0.01 sys=0.00, real=0.00 secs] 
2015-10-30T15:29:28.517+0000: 3435.698: [GC (Allocation Failure) 3435.698: [ParNew: 35289K->2374K(36288K), 0.0031509 secs] 99395K->67054K(242952K), 0.0032109 secs] [Times: user=0.01 sys=0.00, real=0.00 secs] 
2015-10-30T15:29:28.546+0000: 3435.727: [GC (Allocation Failure) 3435.727: [ParNew: 29294K->2947K(36288K), 0.0027888 secs] 93974K->72946K(242952K), 0.0028678 secs] [Times: user=0.01 sys=0.00, real=0.00 secs] 
2015-10-30T15:29:28.550+0000: 3435.731: [GC (CMS Initial Mark) [1 CMS-initial-mark: 69998K(206664K)] 80924K(242952K), 0.0016470 secs] [Times: user=0.00 sys=0.01, real=0.00 secs] 
2015-10-30T15:29:28.552+0000: 3435.733: [CMS-concurrent-mark-start]
2015-10-30T15:29:28.596+0000: 3435.777: [CMS-concurrent-mark: 0.044/0.044 secs] [Times: user=0.09 sys=0.00, real=0.04 secs] 
2015-10-30T15:29:28.596+0000: 3435.777: [CMS-concurrent-preclean-start]
2015-10-30T15:29:28.598+0000: 3435.779: [CMS-concurrent-preclean: 0.002/0.002 secs] [Times: user=0.00 sys=0.00, real=0.01 secs] 
2015-10-30T15:29:28.598+0000: 3435.779: [CMS-concurrent-abortable-preclean-start]
2015-10-30T15:29:33.275+0000: 3440.456: [GC (Allocation Failure) 3440.456: [ParNew2015-10-30T15:29:33.279+0000: 3440.459: [CMS-concurrent-abortable-preclean: 0.744/4.681 secs] [Times: user=0.90 sys=0.00, real=4.68 secs] 
: 35267K->3968K(36288K), 0.0115166 secs] 105266K->88526K(242952K), 0.0115927 secs] [Times: user=0.04 sys=0.00, real=0.02 secs] 
2015-10-30T15:29:33.287+0000: 3440.468: [GC (CMS Final Remark) [YG occupancy: 4165 K (36288 K)]3440.468: [Rescan (parallel) , 0.0052238 secs]3440.473: [weak refs processing, 0.0000129 secs]3440.473: [class unloading, 0.0125216 secs]3440.486: [scrub symbol table, 0.0066154 secs]3440.492: [scrub string table, 0.0007130 secs][1 CMS-remark: 84558K(206664K)] 88724K(242952K), 0.0262772 secs] [Times: user=0.04 sys=0.00, real=0.02 secs] 
2015-10-30T15:29:33.314+0000: 3440.494: [CMS-concurrent-sweep-start]
2015-10-30T15:29:33.344+0000: 3440.525: [CMS-concurrent-sweep: 0.030/0.030 secs] [Times: user=0.09 sys=0.00, real=0.03 secs] 
2015-10-30T15:29:33.344+0000: 3440.525: [CMS-concurrent-reset-start]
2015-10-30T15:29:33.348+0000: 3440.529: [GC (Allocation Failure) 3440.529: [ParNew: 36288K->3968K(36288K), 0.0074723 secs] 87285K->61339K(242952K), 0.0075498 secs] [Times: user=0.03 sys=0.00, real=0.00 secs] 
2015-10-30T15:29:33.356+0000: 3440.536: [CMS-concurrent-reset: 0.003/0.012 secs] [Times: user=0.05 sys=0.00, real=0.01 secs] 
2015-10-30T15:29:33.373+0000: 3440.554: [GC (Allocation Failure) 3440.554: [ParNew: 36288K->3625K(36288K), 0.0050015 secs] 93659K->64605K(242952K), 0.0050660 secs] [Times: user=0.02 sys=0.00, real=0.01 secs] 
2015-10-30T15:29:33.395+0000: 3440.575: [GC (Allocation Failure) 3440.575: [ParNew: 35945K->2256K(36288K), 0.0027420 secs] 96925K->63235K(242952K), 0.0028031 secs] [Times: user=0.01 sys=0.00, real=0.01 secs] 
2015-10-30T15:29:33.412+0000: 3440.593: [GC (Allocation Failure) 3440.593: [ParNew: 34576K->2938K(36288K), 0.0031601 secs] 95555K->63917K(242952K), 0.0032162 secs] [Times: user=0.01 sys=0.00, real=0.00 secs] 
2015-10-30T15:29:33.431+0000: 3440.612: [GC (Allocation Failure) 3440.612: [ParNew: 35258K->3396K(36288K), 0.0041226 secs] 96237K->65183K(242952K), 0.0041819 secs] [Times: user=0.02 sys=0.00, real=0.00 secs] 
2015-10-30T15:29:33.453+0000: 3440.634: [GC (Allocation Failure) 3440.634: [ParNew: 35716K->3586K(36288K), 0.0035790 secs] 97503K->65373K(242952K), 0.0036411 secs] [Times: user=0.01 sys=0.00, real=0.00 secs] 
2015-10-30T15:29:33.472+0000: 3440.652: [GC (Allocation Failure) 3440.652: [ParNew: 35906K->3189K(36288K), 0.0054682 secs] 97693K->66265K(242952K), 0.0055282 secs] [Times: user=0.02 sys=0.00, real=0.01 secs] 
2015-10-30T15:29:33.490+0000: 3440.670: [GC (Allocation Failure) 3440.670: [ParNew: 35509K->2085K(36288K), 0.0029682 secs] 98585K->65161K(242952K), 0.0030253 secs] [Times: user=0.01 sys=0.00, real=0.00 secs] 
2015-10-30T15:29:33.525+0000: 3440.705: [GC (Allocation Failure) 3440.705: [ParNew: 26430K->2832K(36288K), 0.0032756 secs] 89506K->71226K(242952K), 0.0033485 secs] [Times: user=0.01 sys=0.00, real=0.01 secs] 
2015-10-30T15:29:33.529+0000: 3440.710: [GC (CMS Initial Mark) [1 CMS-initial-mark: 68393K(206664K)] 79203K(242952K), 0.0024509 secs] [Times: user=0.00 sys=0.00, real=0.00 secs] 
2015-10-30T15:29:33.532+0000: 3440.712: [CMS-concurrent-mark-start]
2015-10-30T15:29:33.575+0000: 3440.755: [CMS-concurrent-mark: 0.043/0.043 secs] [Times: user=0.13 sys=0.00, real=0.04 secs] 
2015-10-30T15:29:33.575+0000: 3440.755: [CMS-concurrent-preclean-start]
2015-10-30T15:29:33.576+0000: 3440.756: [CMS-concurrent-preclean: 0.001/0.001 secs] [Times: user=0.00 sys=0.00, real=0.00 secs] 
2015-10-30T15:29:33.576+0000: 3440.756: [CMS-concurrent-abortable-preclean-start]
 CMS: abort preclean due to time 2015-10-30T15:29:38.661+0000: 3445.842: [CMS-concurrent-abortable-preclean: 0.832/5.085 secs] [Times: user=0.97 sys=0.00, real=5.09 secs] 
2015-10-30T15:29:38.661+0000: 3445.842: [GC (CMS Final Remark) [YG occupancy: 21200 K (36288 K)]3445.842: [Rescan (parallel) , 0.0024876 secs]3445.844: [weak refs processing, 0.0000165 secs]3445.844: [class unloading, 0.0126112 secs]3445.857: [scrub symbol table, 0.0066237 secs]3445.864: [scrub string table, 0.0007167 secs][1 CMS-remark: 68393K(206664K)] 89593K(242952K), 0.0236490 secs] [Times: user=0.03 sys=0.00, real=0.03 secs] 
2015-10-30T15:29:38.685+0000: 3445.866: [CMS-concurrent-sweep-start]
2015-10-30T15:29:38.714+0000: 3445.895: [CMS-concurrent-sweep: 0.029/0.029 secs] [Times: user=0.03 sys=0.00, real=0.02 secs] 
2015-10-30T15:29:38.714+0000: 3445.895: [CMS-concurrent-reset-start]
2015-10-30T15:29:38.717+0000: 3445.897: [CMS-concurrent-reset: 0.002/0.002 secs] [Times: user=0.00 sys=0.00, real=0.00 secs] 
2015-10-30T15:29:40.716+0000: 3447.896: [GC (CMS Initial Mark) [1 CMS-initial-mark: 38326K(206664K)] 59978K(242952K), 0.0047519 secs] [Times: user=0.01 sys=0.00, real=0.01 secs] 
2015-10-30T15:29:40.721+0000: 3447.901: [CMS-concurrent-mark-start]
2015-10-30T15:29:40.750+0000: 3447.930: [CMS-concurrent-mark: 0.029/0.029 secs] [Times: user=0.03 sys=0.00, real=0.03 secs] 
2015-10-30T15:29:40.750+0000: 3447.930: [CMS-concurrent-preclean-start]
2015-10-30T15:29:40.751+0000: 3447.932: [CMS-concurrent-preclean: 0.001/0.001 secs] [Times: user=0.00 sys=0.00, real=0.00 secs] 
2015-10-30T15:29:40.751+0000: 3447.932: [CMS-concurrent-abortable-preclean-start]
2015-10-30T15:29:43.306+0000: 3450.487: [GC (Allocation Failure) 3450.487: [ParNew: 35152K->3968K(36288K), 0.0110912 secs] 73479K->55132K(242952K), 0.0111818 secs] [Times: user=0.03 sys=0.00, real=0.01 secs] 
2015-10-30T15:29:43.345+0000: 3450.525: [GC (Allocation Failure) 3450.525: [ParNew: 36288K->3968K(36288K), 0.0100086 secs] 87452K->63754K(242952K), 0.0100890 secs] [Times: user=0.03 sys=0.00, real=0.01 secs] 
2015-10-30T15:29:43.376+0000: 3450.556: [CMS-concurrent-abortable-preclean: 0.460/2.625 secs] [Times: user=0.70 sys=0.02, real=2.62 secs] 
2015-10-30T15:29:43.377+0000: 3450.558: [GC (CMS Final Remark) [YG occupancy: 35704 K (36288 K)]3450.558: [Rescan (parallel) , 0.0198698 secs]3450.578: [weak refs processing, 0.0000194 secs]3450.578: [class unloading, 0.0122245 secs]3450.590: [scrub symbol table, 0.0066166 secs]3450.597: [scrub string table, 0.0007137 secs][1 CMS-remark: 59786K(206664K)] 95491K(242952K), 0.0406572 secs] [Times: user=0.10 sys=0.00, real=0.04 secs] 
2015-10-30T15:29:43.419+0000: 3450.599: [GC (Allocation Failure) 3450.599: [ParNew: 36288K->3663K(36288K), 0.0052524 secs] 96074K->67197K(242952K), 0.0052984 secs] [Times: user=0.02 sys=0.00, real=0.00 secs] 
2015-10-30T15:29:43.424+0000: 3450.604: [CMS-concurrent-sweep-start]
2015-10-30T15:29:43.443+0000: 3450.624: [GC (Allocation Failure) 3450.624: [ParNew: 35983K->2282K(36288K), 0.0026915 secs] 98521K->64821K(242952K), 0.0027401 secs] [Times: user=0.01 sys=0.00, real=0.01 secs] 
2015-10-30T15:29:43.454+0000: 3450.635: [CMS-concurrent-sweep: 0.027/0.030 secs] [Times: user=0.12 sys=0.00, real=0.03 secs] 
2015-10-30T15:29:43.454+0000: 3450.635: [CMS-concurrent-reset-start]
2015-10-30T15:29:43.457+0000: 3450.637: [CMS-concurrent-reset: 0.003/0.003 secs] [Times: user=0.01 sys=0.00, real=0.00 secs] 
2015-10-30T15:29:43.464+0000: 3450.645: [GC (Allocation Failure) 3450.645: [ParNew: 34602K->3096K(36288K), 0.0033691 secs] 96598K->65091K(242952K), 0.0034147 secs] [Times: user=0.02 sys=0.00, real=0.01 secs] 
2015-10-30T15:29:43.485+0000: 3450.666: [GC (Allocation Failure) 3450.666: [ParNew: 35416K->2897K(36288K), 0.0046503 secs] 97411K->65618K(242952K), 0.0047090 secs] [Times: user=0.02 sys=0.00, real=0.00 secs] 
2015-10-30T15:29:43.504+0000: 3450.684: [GC (Allocation Failure) 3450.684: [ParNew: 35217K->3108K(36288K), 0.0046945 secs] 97938K->66545K(242952K), 0.0047561 secs] [Times: user=0.02 sys=0.00, real=0.01 secs] 
2015-10-30T15:29:43.524+0000: 3450.705: [GC (Allocation Failure) 3450.705: [ParNew: 35428K->2184K(36288K), 0.0036767 secs] 98865K->66223K(242952K), 0.0037358 secs] [Times: user=0.01 sys=0.00, real=0.01 secs] 
2015-10-30T15:29:43.541+0000: 3450.722: [GC (Allocation Failure) 3450.722: [ParNew: 34504K->2465K(36288K), 0.0028805 secs] 98543K->66504K(242952K), 0.0029393 secs] [Times: user=0.01 sys=0.01, real=0.00 secs] 
2015-10-30T15:29:43.568+0000: 3450.749: [GC (Allocation Failure) 3450.749: [ParNew: 29026K->2537K(36288K), 0.0030838 secs] 93065K->71894K(242952K), 0.0031555 secs] [Times: user=0.01 sys=0.00, real=0.00 secs] 
2015-10-30T15:29:43.573+0000: 3450.753: [GC (CMS Initial Mark) [1 CMS-initial-mark: 69357K(206664K)] 79873K(242952K), 0.0017148 secs] [Times: user=0.00 sys=0.00, real=0.00 secs] 
2015-10-30T15:29:43.574+0000: 3450.755: [CMS-concurrent-mark-start]
2015-10-30T15:29:43.604+0000: 3450.784: [CMS-concurrent-mark: 0.029/0.029 secs] [Times: user=0.07 sys=0.00, real=0.03 secs] 
2015-10-30T15:29:43.604+0000: 3450.784: [CMS-concurrent-preclean-start]
2015-10-30T15:29:43.605+0000: 3450.786: [CMS-concurrent-preclean: 0.001/0.001 secs] [Times: user=0.00 sys=0.00, real=0.01 secs] 
2015-10-30T15:29:43.605+0000: 3450.786: [CMS-concurrent-abortable-preclean-start]
2015-10-30T15:29:48.355+0000: 3455.536: [GC (Allocation Failure) 3455.536: [ParNew: 34857K->3968K(36288K), 0.0111924 secs] 104214K->87057K(242952K), 0.0112858 secs] [Times: user=0.04 sys=0.00, real=0.02 secs] 
2015-10-30T15:29:48.394+0000: 3455.574: [CMS-concurrent-abortable-preclean: 0.762/4.788 secs] [Times: user=0.95 sys=0.00, real=4.78 secs] 
2015-10-30T15:29:48.401+0000: 3455.582: [GC (CMS Final Remark) [YG occupancy: 36288 K (36288 K)]3455.582: [Rescan (parallel) , 0.0169483 secs]3455.599: [weak refs processing, 0.0000189 secs]3455.599: [class unloading, 0.0122996 secs]3455.611: [scrub symbol table, 0.0066600 secs]3455.618: [scrub string table, 0.0007189 secs][1 CMS-remark: 83089K(206664K)] 119377K(242952K), 0.0378585 secs] [Times: user=0.08 sys=0.00, real=0.04 secs] 
2015-10-30T15:29:48.439+0000: 3455.620: [CMS-concurrent-sweep-start]
2015-10-30T15:29:48.440+0000: 3455.620: [GC (Allocation Failure) 3455.620: [ParNew: 36288K->3968K(36288K), 0.0095075 secs] 119377K->94820K(242952K), 0.0095854 secs] [Times: user=0.04 sys=0.00, real=0.01 secs] 
2015-10-30T15:29:48.467+0000: 3455.647: [GC (Allocation Failure) 3455.647: [ParNew: 36288K->3477K(36288K), 0.0056273 secs] 118770K->89646K(242952K), 0.0056923 secs] [Times: user=0.02 sys=0.00, real=0.00 secs] 
2015-10-30T15:29:48.489+0000: 3455.670: [GC (Allocation Failure) 3455.670: [ParNew: 35797K->2204K(36288K), 0.0025835 secs] 116616K->83023K(242952K), 0.0026435 secs] [Times: user=0.01 sys=0.00, real=0.00 secs] 
2015-10-30T15:29:48.506+0000: 3455.687: [GC (Allocation Failure) 3455.687: [ParNew: 34524K->2999K(36288K), 0.0035802 secs] 114940K->83415K(242952K), 0.0036386 secs] [Times: user=0.02 sys=0.00, real=0.00 secs] 
2015-10-30T15:29:48.519+0000: 3455.699: [CMS-concurrent-sweep: 0.052/0.079 secs] [Times: user=0.29 sys=0.00, real=0.08 secs] 
2015-10-30T15:29:48.519+0000: 3455.699: [CMS-concurrent-reset-start]
2015-10-30T15:29:48.521+0000: 3455.702: [CMS-concurrent-reset: 0.003/0.003 secs] [Times: user=0.01 sys=0.00, real=0.00 secs] 
2015-10-30T15:29:48.531+0000: 3455.711: [GC (Allocation Failure) 3455.711: [ParNew: 35319K->2883K(36288K), 0.0040317 secs] 99008K->67277K(242952K), 0.0040856 secs] [Times: user=0.02 sys=0.00, real=0.00 secs] 
2015-10-30T15:29:48.549+0000: 3455.730: [GC (Allocation Failure) 3455.730: [ParNew: 35203K->3236K(36288K), 0.0041386 secs] 99597K->68296K(242952K), 0.0041986 secs] [Times: user=0.01 sys=0.00, real=0.00 secs] 
2015-10-30T15:29:48.567+0000: 3455.747: [GC (Allocation Failure) 3455.747: [ParNew: 35556K->2514K(36288K), 0.0028327 secs] 100616K->67573K(242952K), 0.0029111 secs] [Times: user=0.02 sys=0.00, real=0.00 secs] 
2015-10-30T15:29:48.585+0000: 3455.766: [GC (Allocation Failure) 3455.766: [ParNew: 34834K->2366K(36288K), 0.0034368 secs] 99893K->68003K(242952K), 0.0034943 secs] [Times: user=0.01 sys=0.00, real=0.00 secs] 
2015-10-30T15:29:48.612+0000: 3455.792: [GC (Allocation Failure) 3455.792: [ParNew: 28066K->2681K(36288K), 0.0027090 secs] 93703K->73637K(242952K), 0.0027821 secs] [Times: user=0.01 sys=0.00, real=0.00 secs] 
2015-10-30T15:29:48.616+0000: 3455.796: [GC (CMS Initial Mark) [1 CMS-initial-mark: 70955K(206664K)] 81613K(242952K), 0.0017701 secs] [Times: user=0.01 sys=0.00, real=0.01 secs] 
2015-10-30T15:29:48.618+0000: 3455.798: [CMS-concurrent-mark-start]
2015-10-30T15:29:48.648+0000: 3455.828: [CMS-concurrent-mark: 0.030/0.030 secs] [Times: user=0.06 sys=0.00, real=0.03 secs] 
2015-10-30T15:29:48.648+0000: 3455.828: [CMS-concurrent-preclean-start]
2015-10-30T15:29:48.650+0000: 3455.830: [CMS-concurrent-preclean: 0.002/0.002 secs] [Times: user=0.01 sys=0.00, real=0.00 secs] 
2015-10-30T15:29:48.650+0000: 3455.830: [CMS-concurrent-abortable-preclean-start]
2015-10-30T15:29:53.276+0000: 3460.457: [GC (Allocation Failure) 3460.457: [ParNew2015-10-30T15:29:53.285+0000: 3460.465: [CMS-concurrent-abortable-preclean: 0.730/4.635 secs] [Times: user=0.86 sys=0.00, real=4.63 secs] 
: 35001K->3968K(36288K), 0.0124296 secs] 105957K->90423K(242952K), 0.0125050 secs] [Times: user=0.05 sys=0.00, real=0.02 secs] 
2015-10-30T15:29:53.289+0000: 3460.469: [GC (CMS Final Remark) [YG occupancy: 4113 K (36288 K)]3460.469: [Rescan (parallel) , 0.0051744 secs]3460.475: [weak refs processing, 0.0000119 secs]3460.475: [class unloading, 0.0127586 secs]3460.487: [scrub symbol table, 0.0066285 secs]3460.494: [scrub string table, 0.0007142 secs][1 CMS-remark: 86455K(206664K)] 90568K(242952K), 0.0264682 secs] [Times: user=0.04 sys=0.00, real=0.02 secs] 
2015-10-30T15:29:53.316+0000: 3460.496: [CMS-concurrent-sweep-start]
2015-10-30T15:29:53.351+0000: 3460.531: [CMS-concurrent-sweep: 0.035/0.035 secs] [Times: user=0.09 sys=0.00, real=0.04 secs] 
2015-10-30T15:29:53.351+0000: 3460.531: [CMS-concurrent-reset-start]
2015-10-30T15:29:53.353+0000: 3460.533: [GC (Allocation Failure) 3460.533: [ParNew: 36288K->3968K(36288K), 0.0064306 secs] 91133K->62977K(242952K), 0.0064930 secs] [Times: user=0.02 sys=0.00, real=0.01 secs] 
2015-10-30T15:29:53.360+0000: 3460.541: [CMS-concurrent-reset: 0.003/0.009 secs] [Times: user=0.03 sys=0.00, real=0.01 secs] 
2015-10-30T15:29:53.375+0000: 3460.555: [GC (Allocation Failure) 3460.555: [ParNew: 36288K->2703K(36288K), 0.0055212 secs] 95297K->65597K(242952K), 0.0055889 secs] [Times: user=0.02 sys=0.00, real=0.01 secs] 
2015-10-30T15:29:53.397+0000: 3460.578: [GC (Allocation Failure) 3460.578: [ParNew: 35023K->2217K(36288K), 0.0023459 secs] 97917K->65111K(242952K), 0.0024179 secs] [Times: user=0.00 sys=0.00, real=0.00 secs] 
2015-10-30T15:29:53.416+0000: 3460.596: [GC (Allocation Failure) 3460.596: [ParNew: 34537K->2755K(36288K), 0.0033242 secs] 97431K->65649K(242952K), 0.0033810 secs] [Times: user=0.01 sys=0.00, real=0.01 secs] 
2015-10-30T15:29:53.435+0000: 3460.615: [GC (Allocation Failure) 3460.615: [ParNew: 35075K->2804K(36288K), 0.0037881 secs] 97969K->66426K(242952K), 0.0038445 secs] [Times: user=0.01 sys=0.00, real=0.01 secs] 
2015-10-30T15:29:53.453+0000: 3460.634: [GC (Allocation Failure) 3460.634: [ParNew: 35124K->3968K(36288K), 0.0034475 secs] 98746K->67589K(242952K), 0.0035065 secs] [Times: user=0.01 sys=0.00, real=0.00 secs] 
2015-10-30T15:29:53.470+0000: 3460.651: [GC (Allocation Failure) 3460.651: [ParNew: 36288K->3276K(36288K), 0.0041155 secs] 99909K->68209K(242952K), 0.0041746 secs] [Times: user=0.01 sys=0.00, real=0.00 secs] 
2015-10-30T15:29:53.488+0000: 3460.668: [GC (Allocation Failure) 3460.668: [ParNew: 35596K->2339K(36288K), 0.0024690 secs] 100529K->67272K(242952K), 0.0025259 secs] [Times: user=0.01 sys=0.00, real=0.00 secs] 
2015-10-30T15:29:53.527+0000: 3460.707: [GC (Allocation Failure) 3460.707: [ParNew: 33418K->2781K(36288K), 0.0036044 secs] 98350K->81008K(242952K), 0.0037128 secs] [Times: user=0.01 sys=0.00, real=0.00 secs] 
2015-10-30T15:29:53.531+0000: 3460.712: [GC (CMS Initial Mark) [1 CMS-initial-mark: 78227K(206664K)] 83678K(242952K), 0.0027289 secs] [Times: user=0.01 sys=0.00, real=0.00 secs] 
2015-10-30T15:29:53.534+0000: 3460.715: [CMS-concurrent-mark-start]
2015-10-30T15:29:53.563+0000: 3460.743: [CMS-concurrent-mark: 0.029/0.029 secs] [Times: user=0.09 sys=0.00, real=0.03 secs] 
2015-10-30T15:29:53.563+0000: 3460.743: [CMS-concurrent-preclean-start]
2015-10-30T15:29:53.564+0000: 3460.745: [CMS-concurrent-preclean: 0.001/0.001 secs] [Times: user=0.00 sys=0.00, real=0.00 secs] 
2015-10-30T15:29:53.564+0000: 3460.745: [CMS-concurrent-abortable-preclean-start]
 CMS: abort preclean due to time 2015-10-30T15:29:58.658+0000: 3465.839: [CMS-concurrent-abortable-preclean: 0.734/5.094 secs] [Times: user=0.86 sys=0.00, real=5.10 secs] 
2015-10-30T15:29:58.659+0000: 3465.839: [GC (CMS Final Remark) [YG occupancy: 12095 K (36288 K)]3465.839: [Rescan (parallel) , 0.0021601 secs]3465.841: [weak refs processing, 0.0000168 secs]3465.841: [class unloading, 0.0121679 secs]3465.853: [scrub symbol table, 0.0065857 secs]3465.860: [scrub string table, 0.0007116 secs][1 CMS-remark: 78227K(206664K)] 90323K(242952K), 0.0228325 secs] [Times: user=0.03 sys=0.00, real=0.02 secs] 
2015-10-30T15:29:58.682+0000: 3465.862: [CMS-concurrent-sweep-start]
2015-10-30T15:29:58.707+0000: 3465.887: [CMS-concurrent-sweep: 0.025/0.025 secs] [Times: user=0.02 sys=0.00, real=0.03 secs] 
2015-10-30T15:29:58.707+0000: 3465.888: [CMS-concurrent-reset-start]
2015-10-30T15:29:58.709+0000: 3465.890: [CMS-concurrent-reset: 0.002/0.002 secs] [Times: user=0.00 sys=0.00, real=0.00 secs] 
2015-10-30T15:30:00.709+0000: 3467.890: [GC (CMS Initial Mark) [1 CMS-initial-mark: 45475K(206664K)] 57630K(242952K), 0.0024327 secs] [Times: user=0.00 sys=0.00, real=0.00 secs] 
2015-10-30T15:30:00.712+0000: 3467.892: [CMS-concurrent-mark-start]
2015-10-30T15:30:00.740+0000: 3467.921: [CMS-concurrent-mark: 0.028/0.028 secs] [Times: user=0.03 sys=0.00, real=0.03 secs] 
2015-10-30T15:30:00.740+0000: 3467.921: [CMS-concurrent-preclean-start]
2015-10-30T15:30:00.742+0000: 3467.922: [CMS-concurrent-preclean: 0.001/0.001 secs] [Times: user=0.00 sys=0.00, real=0.00 secs] 
2015-10-30T15:30:00.742+0000: 3467.922: [CMS-concurrent-abortable-preclean-start]
2015-10-30T15:30:03.324+0000: 3470.505: [GC (Allocation Failure) 3470.505: [ParNew2015-10-30T15:30:03.330+0000: 3470.511: [CMS-concurrent-abortable-preclean: 0.385/2.589 secs] [Times: user=0.48 sys=0.00, real=2.59 secs] 
: 35101K->3968K(36288K), 0.0198756 secs] 80577K->69891K(242952K), 0.0199689 secs] [Times: user=0.07 sys=0.00, real=0.02 secs] 
2015-10-30T15:30:03.345+0000: 3470.525: [GC (CMS Final Remark) [YG occupancy: 4201 K (36288 K)]3470.525: [Rescan (parallel) , 0.0065950 secs]3470.532: [weak refs processing, 0.0000167 secs]3470.532: [class unloading, 0.0129201 secs]3470.545: [scrub symbol table, 0.0066534 secs]3470.552: [scrub string table, 0.0007174 secs][1 CMS-remark: 65923K(206664K)] 70125K(242952K), 0.0281485 secs] [Times: user=0.05 sys=0.00, real=0.03 secs] 
2015-10-30T15:30:03.373+0000: 3470.554: [CMS-concurrent-sweep-start]
2015-10-30T15:30:03.395+0000: 3470.576: [GC (Allocation Failure) 3470.576: [ParNew: 36288K->1342K(36288K), 0.0034597 secs] 101792K->70659K(242952K), 0.0035311 secs] [Times: user=0.02 sys=0.00, real=0.01 secs] 
2015-10-30T15:30:03.405+0000: 3470.585: [CMS-concurrent-sweep: 0.028/0.032 secs] [Times: user=0.11 sys=0.00, real=0.03 secs] 
2015-10-30T15:30:03.405+0000: 3470.585: [CMS-concurrent-reset-start]
2015-10-30T15:30:03.408+0000: 3470.588: [CMS-concurrent-reset: 0.003/0.003 secs] [Times: user=0.01 sys=0.00, real=0.01 secs] 
2015-10-30T15:30:03.421+0000: 3470.602: [GC (Allocation Failure) 3470.602: [ParNew: 33662K->2220K(36288K), 0.0043183 secs] 94781K->63339K(242952K), 0.0043801 secs] [Times: user=0.01 sys=0.00, real=0.01 secs] 
2015-10-30T15:30:03.440+0000: 3470.621: [GC (Allocation Failure) 3470.621: [ParNew: 34540K->3188K(36288K), 0.0031338 secs] 95659K->64308K(242952K), 0.0032066 secs] [Times: user=0.01 sys=0.00, real=0.00 secs] 
2015-10-30T15:30:03.461+0000: 3470.642: [GC (Allocation Failure) 3470.642: [ParNew: 35508K->2776K(36288K), 0.0043297 secs] 96628K->64798K(242952K), 0.0043971 secs] [Times: user=0.01 sys=0.00, real=0.01 secs] 
2015-10-30T15:30:03.480+0000: 3470.661: [GC (Allocation Failure) 3470.661: [ParNew: 35096K->3267K(36288K), 0.0044066 secs] 97118K->65997K(242952K), 0.0044775 secs] [Times: user=0.02 sys=0.00, real=0.00 secs] 
2015-10-30T15:30:03.498+0000: 3470.679: [GC (Allocation Failure) 3470.679: [ParNew: 35587K->2274K(36288K), 0.0037931 secs] 98317K->65631K(242952K), 0.0038577 secs] [Times: user=0.02 sys=0.00, real=0.00 secs] 
2015-10-30T15:30:03.517+0000: 3470.698: [GC (Allocation Failure) 3470.698: [ParNew: 34594K->2922K(36288K), 0.0027914 secs] 97951K->66278K(242952K), 0.0028532 secs] [Times: user=0.01 sys=0.00, real=0.00 secs] 
2015-10-30T15:30:03.536+0000: 3470.716: [GC (Allocation Failure) 3470.716: [ParNew: 34755K->3451K(36288K), 0.0029317 secs] 98112K->66807K(242952K), 0.0029942 secs] [Times: user=0.01 sys=0.00, real=0.01 secs] 
2015-10-30T15:30:03.625+0000: 3470.805: [GC (Allocation Failure) 3470.805: [ParNew: 35454K->3077K(36288K), 0.0034648 secs] 98810K->69712K(242952K), 0.0035318 secs] [Times: user=0.01 sys=0.00, real=0.01 secs] 
2015-10-30T15:30:13.341+0000: 3480.522: [GC (Allocation Failure) 3480.522: [ParNew: 35397K->3968K(36288K), 0.0180183 secs] 102032K->83846K(242952K), 0.0181022 secs] [Times: user=0.07 sys=0.00, real=0.02 secs] 
2015-10-30T15:30:13.376+0000: 3480.556: [GC (Allocation Failure) 3480.556: [ParNew: 36288K->2817K(36288K), 0.0046549 secs] 116166K->86395K(242952K), 0.0047191 secs] [Times: user=0.02 sys=0.00, real=0.01 secs] 
2015-10-30T15:30:13.397+0000: 3480.578: [GC (Allocation Failure) 3480.578: [ParNew: 35137K->2143K(36288K), 0.0027440 secs] 118715K->85721K(242952K), 0.0028065 secs] [Times: user=0.01 sys=0.00, real=0.00 secs] 
2015-10-30T15:30:13.416+0000: 3480.597: [GC (Allocation Failure) 3480.597: [ParNew: 34463K->3093K(36288K), 0.0035773 secs] 118041K->86671K(242952K), 0.0036305 secs] [Times: user=0.01 sys=0.00, real=0.01 secs] 
2015-10-30T15:30:13.437+0000: 3480.618: [GC (Allocation Failure) 3480.618: [ParNew: 35413K->2726K(36288K), 0.0051808 secs] 118991K->87103K(242952K), 0.0052625 secs] [Times: user=0.02 sys=0.00, real=0.00 secs] 
2015-10-30T15:30:13.457+0000: 3480.637: [GC (Allocation Failure) 3480.637: [ParNew: 35046K->3139K(36288K), 0.0047126 secs] 119423K->88187K(242952K), 0.0047998 secs] [Times: user=0.02 sys=0.00, real=0.01 secs] 
2015-10-30T15:30:13.475+0000: 3480.656: [GC (Allocation Failure) 3480.656: [ParNew: 35459K->3324K(36288K), 0.0043946 secs] 120507K->88998K(242952K), 0.0044677 secs] [Times: user=0.02 sys=0.00, real=0.01 secs] 
2015-10-30T15:30:13.493+0000: 3480.674: [GC (Allocation Failure) 3480.674: [ParNew: 35644K->2482K(36288K), 0.0031919 secs] 121318K->88155K(242952K), 0.0032536 secs] [Times: user=0.01 sys=0.00, real=0.00 secs] 
2015-10-30T15:30:13.522+0000: 3480.703: [GC (Allocation Failure) 3480.703: [ParNew: 34802K->3968K(36288K), 0.0034995 secs] 120475K->91811K(242952K), 0.0035746 secs] [Times: user=0.01 sys=0.00, real=0.01 secs] 
2015-10-30T15:30:13.526+0000: 3480.707: [GC (CMS Initial Mark) [1 CMS-initial-mark: 87843K(206664K)] 91853K(242952K), 0.0017023 secs] [Times: user=0.01 sys=0.00, real=0.00 secs] 
2015-10-30T15:30:13.528+0000: 3480.708: [CMS-concurrent-mark-start]
2015-10-30T15:30:13.557+0000: 3480.738: [CMS-concurrent-mark: 0.029/0.029 secs] [Times: user=0.06 sys=0.00, real=0.03 secs] 
2015-10-30T15:30:13.557+0000: 3480.738: [CMS-concurrent-preclean-start]
2015-10-30T15:30:13.559+0000: 3480.739: [CMS-concurrent-preclean: 0.001/0.001 secs] [Times: user=0.00 sys=0.00, real=0.00 secs] 
2015-10-30T15:30:13.559+0000: 3480.739: [CMS-concurrent-abortable-preclean-start]
 CMS: abort preclean due to time 2015-10-30T15:30:18.568+0000: 3485.749: [CMS-concurrent-abortable-preclean: 0.916/5.009 secs] [Times: user=1.02 sys=0.00, real=5.01 secs] 
2015-10-30T15:30:18.568+0000: 3485.749: [GC (CMS Final Remark) [YG occupancy: 33286 K (36288 K)]3485.749: [Rescan (parallel) , 0.0024963 secs]3485.751: [weak refs processing, 0.0000173 secs]3485.751: [class unloading, 0.0128223 secs]3485.764: [scrub symbol table, 0.0066246 secs]3485.771: [scrub string table, 0.0007225 secs][1 CMS-remark: 87843K(206664K)] 121129K(242952K), 0.0238931 secs] [Times: user=0.03 sys=0.00, real=0.02 secs] 
2015-10-30T15:30:18.592+0000: 3485.773: [CMS-concurrent-sweep-start]
2015-10-30T15:30:18.622+0000: 3485.802: [CMS-concurrent-sweep: 0.029/0.029 secs] [Times: user=0.03 sys=0.00, real=0.03 secs] 
2015-10-30T15:30:18.622+0000: 3485.802: [CMS-concurrent-reset-start]
2015-10-30T15:30:18.624+0000: 3485.805: [CMS-concurrent-reset: 0.002/0.002 secs] [Times: user=0.00 sys=0.00, real=0.00 secs] 
2015-10-30T15:30:23.293+0000: 3490.474: [GC (Allocation Failure) 3490.474: [ParNew: 36218K->3968K(36288K), 0.0059108 secs] 71616K->44063K(242952K), 0.0059900 secs] [Times: user=0.02 sys=0.00, real=0.01 secs] 
2015-10-30T15:30:23.342+0000: 3490.522: [GC (Allocation Failure) 3490.522: [ParNew: 36288K->3968K(36288K), 0.0142287 secs] 76383K->55731K(242952K), 0.0143036 secs] [Times: user=0.05 sys=0.00, real=0.01 secs] 
2015-10-30T15:30:23.377+0000: 3490.558: [GC (Allocation Failure) 3490.558: [ParNew: 36288K->3083K(36288K), 0.0051841 secs] 88051K->58604K(242952K), 0.0052514 secs] [Times: user=0.02 sys=0.00, real=0.00 secs] 
2015-10-30T15:30:23.397+0000: 3490.578: [GC (Allocation Failure) 3490.578: [ParNew: 35403K->2017K(36288K), 0.0028373 secs] 90924K->57538K(242952K), 0.0028965 secs] [Times: user=0.01 sys=0.00, real=0.00 secs] 
2015-10-30T15:30:23.417+0000: 3490.598: [GC (Allocation Failure) 3490.598: [ParNew: 34337K->2858K(36288K), 0.0029551 secs] 89858K->58379K(242952K), 0.0030053 secs] [Times: user=0.01 sys=0.00, real=0.00 secs] 
2015-10-30T15:30:23.437+0000: 3490.618: [GC (Allocation Failure) 3490.618: [ParNew: 35178K->2989K(36288K), 0.0046922 secs] 90699K->59289K(242952K), 0.0047433 secs] [Times: user=0.01 sys=0.00, real=0.00 secs] 
2015-10-30T15:30:23.458+0000: 3490.638: [GC (Allocation Failure) 3490.638: [ParNew: 35309K->3054K(36288K), 0.0046904 secs] 91609K->60067K(242952K), 0.0047529 secs] [Times: user=0.02 sys=0.00, real=0.00 secs] 
2015-10-30T15:30:23.477+0000: 3490.658: [GC (Allocation Failure) 3490.658: [ParNew: 35374K->2669K(36288K), 0.0040736 secs] 92387K->60274K(242952K), 0.0041346 secs] [Times: user=0.02 sys=0.00, real=0.00 secs] 
2015-10-30T15:30:23.497+0000: 3490.678: [GC (Allocation Failure) 3490.678: [ParNew: 34989K->2235K(36288K), 0.0028923 secs] 92594K->59841K(242952K), 0.0029507 secs] [Times: user=0.01 sys=0.00, real=0.00 secs] 
2015-10-30T15:30:23.530+0000: 3490.711: [GC (Allocation Failure) 3490.711: [ParNew: 33853K->3968K(36288K), 0.0041534 secs] 91459K->69933K(242952K), 0.0042354 secs] [Times: user=0.01 sys=0.00, real=0.00 secs] 
2015-10-30T15:30:23.536+0000: 3490.716: [GC (CMS Initial Mark) [1 CMS-initial-mark: 65965K(206664K)] 75251K(242952K), 0.0018009 secs] [Times: user=0.01 sys=0.00, real=0.01 secs] 
2015-10-30T15:30:23.537+0000: 3490.718: [CMS-concurrent-mark-start]
2015-10-30T15:30:23.567+0000: 3490.747: [CMS-concurrent-mark: 0.029/0.029 secs] [Times: user=0.06 sys=0.00, real=0.03 secs] 
2015-10-30T15:30:23.567+0000: 3490.747: [CMS-concurrent-preclean-start]
2015-10-30T15:30:23.568+0000: 3490.749: [CMS-concurrent-preclean: 0.001/0.001 secs] [Times: user=0.00 sys=0.00, real=0.00 secs] 
2015-10-30T15:30:23.568+0000: 3490.749: [CMS-concurrent-abortable-preclean-start]
 CMS: abort preclean due to time 2015-10-30T15:30:28.657+0000: 3495.838: [CMS-concurrent-abortable-preclean: 0.707/5.089 secs] [Times: user=0.80 sys=0.01, real=5.09 secs] 
2015-10-30T15:30:28.659+0000: 3495.839: [GC (CMS Final Remark) [YG occupancy: 26644 K (36288 K)]3495.839: [Rescan (parallel) , 0.0021209 secs]3495.842: [weak refs processing, 0.0000167 secs]3495.842: [class unloading, 0.0125719 secs]3495.854: [scrub symbol table, 0.0066634 secs]3495.861: [scrub string table, 0.0007366 secs][1 CMS-remark: 65965K(206664K)] 92609K(242952K), 0.0233753 secs] [Times: user=0.03 sys=0.00, real=0.02 secs] 
2015-10-30T15:30:28.683+0000: 3495.863: [CMS-concurrent-sweep-start]
2015-10-30T15:30:28.709+0000: 3495.890: [CMS-concurrent-sweep: 0.027/0.027 secs] [Times: user=0.02 sys=0.00, real=0.03 secs] 
2015-10-30T15:30:28.709+0000: 3495.890: [CMS-concurrent-reset-start]
2015-10-30T15:30:28.712+0000: 3495.892: [CMS-concurrent-reset: 0.002/0.002 secs] [Times: user=0.01 sys=0.00, real=0.00 secs] 
2015-10-30T15:30:30.712+0000: 3497.892: [GC (CMS Initial Mark) [1 CMS-initial-mark: 36579K(206664K)] 63281K(242952K), 0.0023494 secs] [Times: user=0.01 sys=0.00, real=0.00 secs] 
2015-10-30T15:30:30.714+0000: 3497.894: [CMS-concurrent-mark-start]
2015-10-30T15:30:30.743+0000: 3497.923: [CMS-concurrent-mark: 0.029/0.029 secs] [Times: user=0.03 sys=0.00, real=0.03 secs] 
2015-10-30T15:30:30.743+0000: 3497.923: [CMS-concurrent-preclean-start]
2015-10-30T15:30:30.744+0000: 3497.925: [CMS-concurrent-preclean: 0.001/0.001 secs] [Times: user=0.00 sys=0.00, real=0.00 secs] 
2015-10-30T15:30:30.744+0000: 3497.925: [CMS-concurrent-abortable-preclean-start]
2015-10-30T15:30:33.317+0000: 3500.497: [GC (Allocation Failure) 3500.497: [ParNew: 36288K->3968K(36288K), 0.0062574 secs] 72867K->49746K(242952K), 0.0063400 secs] [Times: user=0.02 sys=0.00, real=0.01 secs] 
2015-10-30T15:30:33.360+0000: 3500.540: [GC (Allocation Failure) 3500.540: [ParNew: 36288K->3968K(36288K), 0.0122184 secs] 82066K->59975K(242952K), 0.0123008 secs] [Times: user=0.04 sys=0.00, real=0.01 secs] 
2015-10-30T15:30:33.391+0000: 3500.572: [GC (Allocation Failure) 3500.572: [ParNew: 36288K->3459K(36288K), 0.0052018 secs] 92295K->63210K(242952K), 0.0052676 secs] [Times: user=0.02 sys=0.00, real=0.00 secs] 
2015-10-30T15:30:33.414+0000: 3500.595: [GC (Allocation Failure) 3500.595: [ParNew: 35779K->2206K(36288K), 0.0024430 secs] 95530K->61956K(242952K), 0.0025040 secs] [Times: user=0.00 sys=0.00, real=0.00 secs] 
2015-10-30T15:30:33.419+0000: 3500.600: [CMS-concurrent-abortable-preclean: 0.395/2.675 secs] [Times: user=0.76 sys=0.00, real=2.68 secs] 
2015-10-30T15:30:33.421+0000: 3500.602: [GC (CMS Final Remark) [YG occupancy: 7288 K (36288 K)]3500.602: [Rescan (parallel) , 0.0047390 secs]3500.606: [weak refs processing, 0.0000148 secs]3500.606: [class unloading, 0.0123661 secs]3500.619: [scrub symbol table, 0.0065919 secs]3500.625: [scrub string table, 0.0007232 secs][1 CMS-remark: 59750K(206664K)] 67039K(242952K), 0.0256183 secs] [Times: user=0.03 sys=0.00, real=0.03 secs] 
2015-10-30T15:30:33.449+0000: 3500.630: [CMS-concurrent-sweep-start]
2015-10-30T15:30:33.463+0000: 3500.644: [GC (Allocation Failure) 3500.644: [ParNew: 34526K->3291K(36288K), 0.0036477 secs] 91649K->60415K(242952K), 0.0036991 secs] [Times: user=0.01 sys=0.00, real=0.01 secs] 
2015-10-30T15:30:33.480+0000: 3500.660: [CMS-concurrent-sweep: 0.027/0.031 secs] [Times: user=0.11 sys=0.00, real=0.03 secs] 
2015-10-30T15:30:33.480+0000: 3500.660: [CMS-concurrent-reset-start]
2015-10-30T15:30:33.483+0000: 3500.663: [CMS-concurrent-reset: 0.003/0.003 secs] [Times: user=0.01 sys=0.00, real=0.00 secs] 
2015-10-30T15:30:33.489+0000: 3500.669: [GC (Allocation Failure) 3500.669: [ParNew: 35611K->3478K(36288K), 0.0047375 secs] 92179K->60831K(242952K), 0.0047826 secs] [Times: user=0.01 sys=0.00, real=0.00 secs] 
2015-10-30T15:30:33.507+0000: 3500.687: [GC (Allocation Failure) 3500.687: [ParNew: 35798K->3020K(36288K), 0.0044452 secs] 93151K->61089K(242952K), 0.0045048 secs] [Times: user=0.02 sys=0.00, real=0.00 secs] 
2015-10-30T15:30:33.529+0000: 3500.709: [GC (Allocation Failure) 3500.710: [ParNew: 35340K->3537K(36288K), 0.0033236 secs] 93409K->61605K(242952K), 0.0033806 secs] [Times: user=0.02 sys=0.00, real=0.00 secs] 
2015-10-30T15:30:33.549+0000: 3500.729: [GC (Allocation Failure) 3500.729: [ParNew: 35857K->2658K(36288K), 0.0041071 secs] 93925K->61299K(242952K), 0.0041844 secs] [Times: user=0.01 sys=0.00, real=0.00 secs] 
2015-10-30T15:30:33.577+0000: 3500.758: [GC (Allocation Failure) 3500.758: [ParNew: 33744K->2686K(36288K), 0.0031201 secs] 92386K->66646K(242952K), 0.0032040 secs] [Times: user=0.01 sys=0.00, real=0.00 secs] 
2015-10-30T15:30:33.582+0000: 3500.762: [GC (CMS Initial Mark) [1 CMS-initial-mark: 63959K(206664K)] 74627K(242952K), 0.0019750 secs] [Times: user=0.00 sys=0.00, real=0.00 secs] 
2015-10-30T15:30:33.584+0000: 3500.764: [CMS-concurrent-mark-start]
2015-10-30T15:30:33.613+0000: 3500.793: [CMS-concurrent-mark: 0.029/0.029 secs] [Times: user=0.06 sys=0.00, real=0.03 secs] 
2015-10-30T15:30:33.613+0000: 3500.793: [CMS-concurrent-preclean-start]
2015-10-30T15:30:33.614+0000: 3500.795: [CMS-concurrent-preclean: 0.001/0.001 secs] [Times: user=0.01 sys=0.00, real=0.00 secs] 
2015-10-30T15:30:33.614+0000: 3500.795: [CMS-concurrent-abortable-preclean-start]
 CMS: abort preclean due to time 2015-10-30T15:30:38.662+0000: 3505.842: [CMS-concurrent-abortable-preclean: 0.808/5.048 secs] [Times: user=0.89 sys=0.00, real=5.05 secs] 
2015-10-30T15:30:38.662+0000: 3505.843: [GC (CMS Final Remark) [YG occupancy: 19977 K (36288 K)]3505.844: [Rescan (parallel) , 0.0024451 secs]3505.846: [weak refs processing, 0.0000182 secs]3505.846: [class unloading, 0.0125762 secs]3505.859: [scrub symbol table, 0.0066198 secs]3505.866: [scrub string table, 0.0007151 secs][1 CMS-remark: 63959K(206664K)] 83937K(242952K), 0.0247887 secs] [Times: user=0.03 sys=0.00, real=0.03 secs] 
2015-10-30T15:30:38.687+0000: 3505.868: [CMS-concurrent-sweep-start]
2015-10-30T15:30:38.718+0000: 3505.899: [CMS-concurrent-sweep: 0.031/0.031 secs] [Times: user=0.03 sys=0.00, real=0.03 secs] 
2015-10-30T15:30:38.718+0000: 3505.899: [CMS-concurrent-reset-start]
2015-10-30T15:30:38.721+0000: 3505.901: [CMS-concurrent-reset: 0.002/0.002 secs] [Times: user=0.00 sys=0.00, real=0.00 secs] 
2015-10-30T15:30:40.721+0000: 3507.901: [GC (CMS Initial Mark) [1 CMS-initial-mark: 39792K(206664K)] 59807K(242952K), 0.0025213 secs] [Times: user=0.01 sys=0.00, real=0.00 secs] 
2015-10-30T15:30:40.723+0000: 3507.904: [CMS-concurrent-mark-start]
2015-10-30T15:30:40.751+0000: 3507.931: [CMS-concurrent-mark: 0.028/0.028 secs] [Times: user=0.03 sys=0.00, real=0.03 secs] 
2015-10-30T15:30:40.751+0000: 3507.931: [CMS-concurrent-preclean-start]
2015-10-30T15:30:40.752+0000: 3507.933: [CMS-concurrent-preclean: 0.001/0.001 secs] [Times: user=0.00 sys=0.00, real=0.00 secs] 
2015-10-30T15:30:40.752+0000: 3507.933: [CMS-concurrent-abortable-preclean-start]
2015-10-30T15:30:43.326+0000: 3510.506: [GC (Allocation Failure) 3510.506: [ParNew: 35006K->3968K(36288K), 0.0120164 secs] 74799K->57847K(242952K), 0.0121109 secs] [Times: user=0.04 sys=0.00, real=0.01 secs] 
2015-10-30T15:30:43.367+0000: 3510.547: [GC (Allocation Failure) 3510.547: [ParNew: 36288K->3968K(36288K), 0.0088374 secs] 90167K->64556K(242952K), 0.0089189 secs] [Times: user=0.03 sys=0.00, real=0.00 secs] 
2015-10-30T15:30:43.393+0000: 3510.574: [GC (Allocation Failure) 3510.574: [ParNew: 36288K->2753K(36288K), 0.0066372 secs] 96876K->67125K(242952K), 0.0067030 secs] [Times: user=0.02 sys=0.00, real=0.01 secs] 
2015-10-30T15:30:43.400+0000: 3510.581: [CMS-concurrent-abortable-preclean: 0.431/2.648 secs] [Times: user=0.68 sys=0.01, real=2.65 secs] 
2015-10-30T15:30:43.401+0000: 3510.582: [GC (CMS Final Remark) [YG occupancy: 3261 K (36288 K)]3510.582: [Rescan (parallel) , 0.0057230 secs]3510.587: [weak refs processing, 0.0000126 secs]3510.587: [class unloading, 0.0124717 secs]3510.600: [scrub symbol table, 0.0066507 secs]3510.607: [scrub string table, 0.0007204 secs][1 CMS-remark: 64371K(206664K)] 67633K(242952K), 0.0267892 secs] [Times: user=0.04 sys=0.00, real=0.03 secs] 
2015-10-30T15:30:43.428+0000: 3510.609: [CMS-concurrent-sweep-start]
2015-10-30T15:30:43.446+0000: 3510.627: [GC (Allocation Failure) 3510.627: [ParNew: 35073K->1987K(36288K), 0.0030405 secs] 98198K->65112K(242952K), 0.0030990 secs] [Times: user=0.01 sys=0.00, real=0.00 secs] 
2015-10-30T15:30:43.455+0000: 3510.636: [CMS-concurrent-sweep: 0.024/0.027 secs] [Times: user=0.10 sys=0.00, real=0.02 secs] 
2015-10-30T15:30:43.456+0000: 3510.636: [CMS-concurrent-reset-start]
2015-10-30T15:30:43.458+0000: 3510.639: [CMS-concurrent-reset: 0.003/0.003 secs] [Times: user=0.01 sys=0.00, real=0.01 secs] 
2015-10-30T15:30:43.467+0000: 3510.647: [GC (Allocation Failure) 3510.647: [ParNew: 34307K->2502K(36288K), 0.0035586 secs] 96583K->64779K(242952K), 0.0036143 secs] [Times: user=0.01 sys=0.00, real=0.00 secs] 
2015-10-30T15:30:43.484+0000: 3510.665: [GC (Allocation Failure) 3510.665: [ParNew: 34822K->3005K(36288K), 0.0041234 secs] 97099K->66013K(242952K), 0.0041854 secs] [Times: user=0.02 sys=0.00, real=0.01 secs] 
2015-10-30T15:30:43.505+0000: 3510.686: [GC (Allocation Failure) 3510.686: [ParNew: 35325K->3954K(36288K), 0.0040778 secs] 98333K->66962K(242952K), 0.0041399 secs] [Times: user=0.02 sys=0.00, real=0.00 secs] 
2015-10-30T15:30:43.526+0000: 3510.706: [GC (Allocation Failure) 3510.706: [ParNew: 36274K->2928K(36288K), 0.0038162 secs] 99282K->66632K(242952K), 0.0038756 secs] [Times: user=0.02 sys=0.00, real=0.00 secs] 
2015-10-30T15:30:43.545+0000: 3510.726: [GC (Allocation Failure) 3510.726: [ParNew: 35248K->2664K(36288K), 0.0033739 secs] 98952K->67000K(242952K), 0.0034333 secs] [Times: user=0.02 sys=0.00, real=0.00 secs] 
2015-10-30T15:30:43.573+0000: 3510.754: [GC (Allocation Failure) 3510.754: [ParNew: 28035K->2267K(36288K), 0.0026695 secs] 92371K->71921K(242952K), 0.0027397 secs] [Times: user=0.01 sys=0.00, real=0.00 secs] 
2015-10-30T15:30:43.577+0000: 3510.758: [GC (CMS Initial Mark) [1 CMS-initial-mark: 69654K(206664K)] 79898K(242952K), 0.0016477 secs] [Times: user=0.01 sys=0.00, real=0.01 secs] 
2015-10-30T15:30:43.579+0000: 3510.759: [CMS-concurrent-mark-start]
2015-10-30T15:30:43.608+0000: 3510.789: [CMS-concurrent-mark: 0.029/0.029 secs] [Times: user=0.06 sys=0.00, real=0.03 secs] 
2015-10-30T15:30:43.608+0000: 3510.789: [CMS-concurrent-preclean-start]
2015-10-30T15:30:43.610+0000: 3510.790: [CMS-concurrent-preclean: 0.001/0.001 secs] [Times: user=0.00 sys=0.00, real=0.00 secs] 
2015-10-30T15:30:43.610+0000: 3510.790: [CMS-concurrent-abortable-preclean-start]
 CMS: abort preclean due to time 2015-10-30T15:30:48.635+0000: 3515.816: [CMS-concurrent-abortable-preclean: 0.747/5.026 secs] [Times: user=0.82 sys=0.00, real=5.02 secs] 
2015-10-30T15:30:48.636+0000: 3515.816: [GC (CMS Final Remark) [YG occupancy: 19470 K (36288 K)]3515.816: [Rescan (parallel) , 0.0021697 secs]3515.818: [weak refs processing, 0.0000171 secs]3515.818: [class unloading, 0.0125820 secs]3515.831: [scrub symbol table, 0.0065611 secs]3515.838: [scrub string table, 0.0007119 secs][1 CMS-remark: 69654K(206664K)] 89125K(242952K), 0.0232406 secs] [Times: user=0.03 sys=0.00, real=0.03 secs] 
2015-10-30T15:30:48.659+0000: 3515.840: [CMS-concurrent-sweep-start]
2015-10-30T15:30:48.683+0000: 3515.863: [CMS-concurrent-sweep: 0.023/0.023 secs] [Times: user=0.02 sys=0.00, real=0.02 secs] 
2015-10-30T15:30:48.683+0000: 3515.863: [CMS-concurrent-reset-start]
2015-10-30T15:30:48.685+0000: 3515.865: [CMS-concurrent-reset: 0.002/0.002 secs] [Times: user=0.00 sys=0.00, real=0.00 secs] 
2015-10-30T15:30:50.685+0000: 3517.865: [GC (CMS Initial Mark) [1 CMS-initial-mark: 39544K(206664K)] 59065K(242952K), 0.0025908 secs] [Times: user=0.01 sys=0.00, real=0.01 secs] 
2015-10-30T15:30:50.688+0000: 3517.868: [CMS-concurrent-mark-start]
2015-10-30T15:30:50.718+0000: 3517.898: [CMS-concurrent-mark: 0.030/0.030 secs] [Times: user=0.03 sys=0.00, real=0.03 secs] 
2015-10-30T15:30:50.718+0000: 3517.898: [CMS-concurrent-preclean-start]
2015-10-30T15:30:50.719+0000: 3517.900: [CMS-concurrent-preclean: 0.002/0.002 secs] [Times: user=0.00 sys=0.00, real=0.00 secs] 
2015-10-30T15:30:50.719+0000: 3517.900: [CMS-concurrent-abortable-preclean-start]
2015-10-30T15:30:53.375+0000: 3520.555: [GC (Allocation Failure) 3520.555: [ParNew: 34587K->3968K(36288K), 0.0130052 secs] 74131K->57271K(242952K), 0.0130963 secs] [Times: user=0.04 sys=0.00, real=0.02 secs] 
2015-10-30T15:30:53.416+0000: 3520.597: [CMS-concurrent-abortable-preclean: 0.392/2.697 secs] [Times: user=0.57 sys=0.00, real=2.69 secs] 
2015-10-30T15:30:53.417+0000: 3520.597: [GC (CMS Final Remark) [YG occupancy: 32480 K (36288 K)]3520.597: [Rescan (parallel) , 0.0147037 secs]3520.612: [weak refs processing, 0.0000186 secs]3520.612: [class unloading, 0.0122838 secs]3520.624: [scrub symbol table, 0.0066117 secs]3520.631: [scrub string table, 0.0007109 secs][1 CMS-remark: 53303K(206664K)] 85783K(242952K), 0.0355454 secs] [Times: user=0.08 sys=0.00, real=0.04 secs] 
2015-10-30T15:30:53.452+0000: 3520.633: [CMS-concurrent-sweep-start]
2015-10-30T15:30:53.455+0000: 3520.636: [GC (Allocation Failure) 3520.636: [ParNew: 36288K->3968K(36288K), 0.0080851 secs] 89590K->63768K(242952K), 0.0081444 secs] [Times: user=0.03 sys=0.00, real=0.01 secs] 
2015-10-30T15:30:53.483+0000: 3520.663: [GC (Allocation Failure) 3520.663: [ParNew: 36288K->3581K(36288K), 0.0059126 secs] 94660K->65741K(242952K), 0.0059793 secs] [Times: user=0.02 sys=0.00, real=0.01 secs] 
2015-10-30T15:30:53.491+0000: 3520.671: [CMS-concurrent-sweep: 0.023/0.038 secs] [Times: user=0.14 sys=0.00, real=0.04 secs] 
2015-10-30T15:30:53.491+0000: 3520.671: [CMS-concurrent-reset-start]
2015-10-30T15:30:53.493+0000: 3520.674: [CMS-concurrent-reset: 0.003/0.003 secs] [Times: user=0.01 sys=0.00, real=0.00 secs] 
2015-10-30T15:30:53.505+0000: 3520.686: [GC (Allocation Failure) 3520.686: [ParNew: 35901K->1969K(36288K), 0.0032383 secs] 97938K->64006K(242952K), 0.0032938 secs] [Times: user=0.01 sys=0.00, real=0.00 secs] 
2015-10-30T15:30:53.525+0000: 3520.706: [GC (Allocation Failure) 3520.706: [ParNew: 34289K->3252K(36288K), 0.0035075 secs] 96326K->65289K(242952K), 0.0035604 secs] [Times: user=0.02 sys=0.00, real=0.00 secs] 
2015-10-30T15:30:53.549+0000: 3520.729: [GC (Allocation Failure) 3520.729: [ParNew: 35572K->2817K(36288K), 0.0044594 secs] 97609K->65608K(242952K), 0.0045144 secs] [Times: user=0.02 sys=0.01, real=0.00 secs] 
2015-10-30T15:30:53.568+0000: 3520.748: [GC (Allocation Failure) 3520.748: [ParNew: 35137K->3968K(36288K), 0.0043428 secs] 97928K->66758K(242952K), 0.0044018 secs] [Times: user=0.02 sys=0.00, real=0.00 secs] 
2015-10-30T15:30:53.585+0000: 3520.766: [GC (Allocation Failure) 3520.766: [ParNew: 36288K->3470K(36288K), 0.0046739 secs] 99078K->67502K(242952K), 0.0047337 secs] [Times: user=0.02 sys=0.00, real=0.00 secs] 
2015-10-30T15:30:53.604+0000: 3520.785: [GC (Allocation Failure) 3520.785: [ParNew: 35790K->2485K(36288K), 0.0031379 secs] 99822K->66517K(242952K), 0.0031913 secs] [Times: user=0.01 sys=0.00, real=0.01 secs] 
2015-10-30T15:30:53.632+0000: 3520.812: [GC (Allocation Failure) 3520.812: [ParNew: 27640K->3272K(36288K), 0.0028720 secs] 91672K->72622K(242952K), 0.0029410 secs] [Times: user=0.01 sys=0.00, real=0.00 secs] 
2015-10-30T15:30:53.636+0000: 3520.816: [GC (CMS Initial Mark) [1 CMS-initial-mark: 69349K(206664K)] 80598K(242952K), 0.0019073 secs] [Times: user=0.01 sys=0.00, real=0.01 secs] 
2015-10-30T15:30:53.638+0000: 3520.818: [CMS-concurrent-mark-start]
2015-10-30T15:30:53.667+0000: 3520.847: [CMS-concurrent-mark: 0.029/0.029 secs] [Times: user=0.05 sys=0.00, real=0.03 secs] 
2015-10-30T15:30:53.667+0000: 3520.847: [CMS-concurrent-preclean-start]
2015-10-30T15:30:53.668+0000: 3520.849: [CMS-concurrent-preclean: 0.001/0.001 secs] [Times: user=0.01 sys=0.00, real=0.00 secs] 
2015-10-30T15:30:53.668+0000: 3520.849: [CMS-concurrent-abortable-preclean-start]
 CMS: abort preclean due to time 2015-10-30T15:30:58.772+0000: 3525.952: [CMS-concurrent-abortable-preclean: 0.785/5.104 secs] [Times: user=0.86 sys=0.01, real=5.10 secs] 
2015-10-30T15:30:58.772+0000: 3525.953: [GC (CMS Final Remark) [YG occupancy: 20549 K (36288 K)]3525.954: [Rescan (parallel) , 0.0032089 secs]3525.957: [weak refs processing, 0.0000166 secs]3525.957: [class unloading, 0.0123202 secs]3525.969: [scrub symbol table, 0.0066094 secs]3525.976: [scrub string table, 0.0007123 secs][1 CMS-remark: 69349K(206664K)] 89899K(242952K), 0.0251794 secs] [Times: user=0.03 sys=0.00, real=0.03 secs] 
2015-10-30T15:30:58.797+0000: 3525.978: [CMS-concurrent-sweep-start]
2015-10-30T15:30:58.823+0000: 3526.003: [CMS-concurrent-sweep: 0.025/0.025 secs] [Times: user=0.03 sys=0.00, real=0.02 secs] 
2015-10-30T15:30:58.823+0000: 3526.003: [CMS-concurrent-reset-start]
2015-10-30T15:30:58.825+0000: 3526.006: [CMS-concurrent-reset: 0.002/0.002 secs] [Times: user=0.00 sys=0.00, real=0.01 secs] 
2015-10-30T15:31:00.825+0000: 3528.006: [GC (CMS Initial Mark) [1 CMS-initial-mark: 38162K(206664K)] 58744K(242952K), 0.0023489 secs] [Times: user=0.01 sys=0.00, real=0.00 secs] 
2015-10-30T15:31:00.828+0000: 3528.008: [CMS-concurrent-mark-start]
2015-10-30T15:31:00.857+0000: 3528.037: [CMS-concurrent-mark: 0.029/0.029 secs] [Times: user=0.03 sys=0.00, real=0.02 secs] 
2015-10-30T15:31:00.857+0000: 3528.037: [CMS-concurrent-preclean-start]
2015-10-30T15:31:00.858+0000: 3528.038: [CMS-concurrent-preclean: 0.001/0.001 secs] [Times: user=0.00 sys=0.00, real=0.01 secs] 
2015-10-30T15:31:00.858+0000: 3528.038: [CMS-concurrent-abortable-preclean-start]
2015-10-30T15:31:03.320+0000: 3530.501: [GC (Allocation Failure) 3530.501: [ParNew2015-10-30T15:31:03.330+0000: 3530.511: [CMS-concurrent-abortable-preclean: 0.389/2.472 secs] [Times: user=0.49 sys=0.00, real=2.47 secs] 
: 35592K->3968K(36288K), 0.0124896 secs] 73755K->56061K(242952K), 0.0125596 secs] [Times: user=0.04 sys=0.00, real=0.01 secs] 
2015-10-30T15:31:03.333+0000: 3530.514: [GC (CMS Final Remark) [YG occupancy: 4135 K (36288 K)]3530.514: [Rescan (parallel) , 0.0048462 secs]3530.518: [weak refs processing, 0.0000120 secs]3530.518: [class unloading, 0.0124214 secs]3530.531: [scrub symbol table, 0.0065698 secs]3530.538: [scrub string table, 0.0007272 secs][1 CMS-remark: 52093K(206664K)] 56228K(242952K), 0.0257691 secs] [Times: user=0.04 sys=0.00, real=0.03 secs] 
2015-10-30T15:31:03.359+0000: 3530.540: [CMS-concurrent-sweep-start]
2015-10-30T15:31:03.372+0000: 3530.552: [CMS-concurrent-sweep: 0.013/0.013 secs] [Times: user=0.03 sys=0.00, real=0.01 secs] 
2015-10-30T15:31:03.372+0000: 3530.552: [CMS-concurrent-reset-start]
2015-10-30T15:31:03.374+0000: 3530.555: [CMS-concurrent-reset: 0.002/0.002 secs] [Times: user=0.00 sys=0.00, real=0.00 secs] 
2015-10-30T15:31:03.387+0000: 3530.567: [GC (Allocation Failure) 3530.567: [ParNew: 36288K->3968K(36288K), 0.0066833 secs] 86830K->61295K(242952K), 0.0067641 secs] [Times: user=0.02 sys=0.00, real=0.00 secs] 
2015-10-30T15:31:03.413+0000: 3530.594: [GC (Allocation Failure) 3530.594: [ParNew: 36288K->2362K(36288K), 0.0067812 secs] 93615K->63590K(242952K), 0.0068499 secs] [Times: user=0.02 sys=0.00, real=0.01 secs] 
2015-10-30T15:31:03.436+0000: 3530.616: [GC (Allocation Failure) 3530.616: [ParNew: 34682K->1980K(36288K), 0.0024613 secs] 95910K->63208K(242952K), 0.0025225 secs] [Times: user=0.01 sys=0.00, real=0.01 secs] 
2015-10-30T15:31:03.457+0000: 3530.638: [GC (Allocation Failure) 3530.638: [ParNew: 34300K->3038K(36288K), 0.0042375 secs] 95528K->64266K(242952K), 0.0042995 secs] [Times: user=0.01 sys=0.00, real=0.00 secs] 
2015-10-30T15:31:03.481+0000: 3530.662: [GC (Allocation Failure) 3530.662: [ParNew: 35358K->3321K(36288K), 0.0046485 secs] 96586K->65295K(242952K), 0.0047102 secs] [Times: user=0.01 sys=0.00, real=0.01 secs] 
2015-10-30T15:31:03.501+0000: 3530.682: [GC (Allocation Failure) 3530.682: [ParNew: 35641K->2637K(36288K), 0.0038793 secs] 97615K->65300K(242952K), 0.0039427 secs] [Times: user=0.01 sys=0.00, real=0.01 secs] 
2015-10-30T15:31:03.521+0000: 3530.702: [GC (Allocation Failure) 3530.702: [ParNew: 34957K->3826K(36288K), 0.0027905 secs] 97620K->66489K(242952K), 0.0028503 secs] [Times: user=0.01 sys=0.00, real=0.00 secs] 
2015-10-30T15:31:03.539+0000: 3530.719: [GC (Allocation Failure) 3530.719: [ParNew: 36146K->2171K(36288K), 0.0034924 secs] 98809K->65435K(242952K), 0.0035511 secs] [Times: user=0.01 sys=0.00, real=0.00 secs] 
2015-10-30T15:31:03.566+0000: 3530.746: [GC (Allocation Failure) 3530.746: [ParNew: 26739K->2868K(36288K), 0.0027378 secs] 90004K->71450K(242952K), 0.0028069 secs] [Times: user=0.01 sys=0.00, real=0.00 secs] 
2015-10-30T15:31:03.570+0000: 3530.750: [GC (CMS Initial Mark) [1 CMS-initial-mark: 68582K(206664K)] 79427K(242952K), 0.0016308 secs] [Times: user=0.01 sys=0.00, real=0.00 secs] 
2015-10-30T15:31:03.572+0000: 3530.752: [CMS-concurrent-mark-start]
2015-10-30T15:31:03.611+0000: 3530.791: [CMS-concurrent-mark: 0.039/0.039 secs] [Times: user=0.08 sys=0.00, real=0.04 secs] 
2015-10-30T15:31:03.611+0000: 3530.791: [CMS-concurrent-preclean-start]
2015-10-30T15:31:03.612+0000: 3530.792: [CMS-concurrent-preclean: 0.001/0.001 secs] [Times: user=0.00 sys=0.00, real=0.00 secs] 
2015-10-30T15:31:03.612+0000: 3530.792: [CMS-concurrent-abortable-preclean-start]
 CMS: abort preclean due to time 2015-10-30T15:31:08.644+0000: 3535.824: [CMS-concurrent-abortable-preclean: 0.794/5.032 secs] [Times: user=0.88 sys=0.00, real=5.03 secs] 
2015-10-30T15:31:08.644+0000: 3535.824: [GC (CMS Final Remark) [YG occupancy: 20394 K (36288 K)]3535.824: [Rescan (parallel) , 0.0024304 secs]3535.827: [weak refs processing, 0.0000159 secs]3535.827: [class unloading, 0.0125763 secs]3535.839: [scrub symbol table, 0.0066184 secs]3535.846: [scrub string table, 0.0007140 secs][1 CMS-remark: 68582K(206664K)] 88977K(242952K), 0.0235676 secs] [Times: user=0.03 sys=0.00, real=0.03 secs] 
2015-10-30T15:31:08.668+0000: 3535.848: [CMS-concurrent-sweep-start]
2015-10-30T15:31:08.687+0000: 3535.868: [CMS-concurrent-sweep: 0.020/0.020 secs] [Times: user=0.02 sys=0.00, real=0.02 secs] 
2015-10-30T15:31:08.687+0000: 3535.868: [CMS-concurrent-reset-start]
2015-10-30T15:31:08.690+0000: 3535.870: [CMS-concurrent-reset: 0.002/0.002 secs] [Times: user=0.00 sys=0.00, real=0.00 secs] 
2015-10-30T15:31:10.689+0000: 3537.870: [GC (CMS Initial Mark) [1 CMS-initial-mark: 38229K(206664K)] 58661K(242952K), 0.0024389 secs] [Times: user=0.01 sys=0.00, real=0.00 secs] 
2015-10-30T15:31:10.692+0000: 3537.872: [CMS-concurrent-mark-start]
2015-10-30T15:31:10.720+0000: 3537.901: [CMS-concurrent-mark: 0.028/0.028 secs] [Times: user=0.03 sys=0.00, real=0.03 secs] 
2015-10-30T15:31:10.720+0000: 3537.901: [CMS-concurrent-preclean-start]
2015-10-30T15:31:10.722+0000: 3537.902: [CMS-concurrent-preclean: 0.001/0.002 secs] [Times: user=0.00 sys=0.00, real=0.00 secs] 
2015-10-30T15:31:10.722+0000: 3537.902: [CMS-concurrent-abortable-preclean-start]
2015-10-30T15:31:13.290+0000: 3540.471: [GC (Allocation Failure) 3540.471: [ParNew: 35188K->3968K(36288K), 0.0122935 secs] 73418K->55897K(242952K), 0.0123812 secs] [Times: user=0.05 sys=0.00, real=0.01 secs] 
2015-10-30T15:31:13.331+0000: 3540.512: [GC (Allocation Failure) 3540.512: [ParNew: 36288K->3968K(36288K), 0.0088506 secs] 88217K->63006K(242952K), 0.0089297 secs] [Times: user=0.03 sys=0.00, real=0.01 secs] 
2015-10-30T15:31:13.340+0000: 3540.521: [CMS-concurrent-abortable-preclean: 0.389/2.618 secs] [Times: user=0.59 sys=0.00, real=2.62 secs] 
2015-10-30T15:31:13.341+0000: 3540.522: [GC (CMS Final Remark) [YG occupancy: 4500 K (36288 K)]3540.522: [Rescan (parallel) , 0.0036034 secs]3540.525: [weak refs processing, 0.0000115 secs]3540.525: [class unloading, 0.0123888 secs]3540.538: [scrub symbol table, 0.0065694 secs]3540.544: [scrub string table, 0.0007087 secs][1 CMS-remark: 59038K(206664K)] 63539K(242952K), 0.0244751 secs] [Times: user=0.03 sys=0.00, real=0.03 secs] 
2015-10-30T15:31:13.366+0000: 3540.546: [CMS-concurrent-sweep-start]
2015-10-30T15:31:13.385+0000: 3540.566: [GC (Allocation Failure) 3540.566: [ParNew: 36288K->3247K(36288K), 0.0063308 secs] 94535K->65365K(242952K), 0.0063929 secs] [Times: user=0.03 sys=0.00, real=0.00 secs] 
2015-10-30T15:31:13.395+0000: 3540.575: [CMS-concurrent-sweep: 0.021/0.029 secs] [Times: user=0.11 sys=0.00, real=0.02 secs] 
2015-10-30T15:31:13.395+0000: 3540.575: [CMS-concurrent-reset-start]
2015-10-30T15:31:13.397+0000: 3540.578: [CMS-concurrent-reset: 0.003/0.003 secs] [Times: user=0.01 sys=0.00, real=0.01 secs] 
2015-10-30T15:31:13.407+0000: 3540.588: [GC (Allocation Failure) 3540.588: [ParNew: 35567K->2160K(36288K), 0.0029554 secs] 96916K->63509K(242952K), 0.0030101 secs] [Times: user=0.01 sys=0.00, real=0.00 secs] 
2015-10-30T15:31:13.424+0000: 3540.605: [GC (Allocation Failure) 3540.605: [ParNew: 34480K->3352K(36288K), 0.0037664 secs] 95829K->64701K(242952K), 0.0038244 secs] [Times: user=0.02 sys=0.00, real=0.01 secs] 
2015-10-30T15:31:13.445+0000: 3540.626: [GC (Allocation Failure) 3540.626: [ParNew: 35672K->3459K(36288K), 0.0046062 secs] 97021K->65545K(242952K), 0.0046607 secs] [Times: user=0.02 sys=0.00, real=0.00 secs] 
2015-10-30T15:31:13.465+0000: 3540.646: [GC (Allocation Failure) 3540.646: [ParNew: 35779K->2933K(36288K), 0.0039099 secs] 97865K->65020K(242952K), 0.0039706 secs] [Times: user=0.01 sys=0.00, real=0.00 secs] 
2015-10-30T15:31:13.483+0000: 3540.664: [GC (Allocation Failure) 3540.664: [ParNew: 35253K->2710K(36288K), 0.0045052 secs] 97340K->65502K(242952K), 0.0045645 secs] [Times: user=0.02 sys=0.00, real=0.01 secs] 
2015-10-30T15:31:13.501+0000: 3540.682: [GC (Allocation Failure) 3540.682: [ParNew: 35030K->3546K(36288K), 0.0033130 secs] 97822K->66338K(242952K), 0.0033708 secs] [Times: user=0.01 sys=0.00, real=0.00 secs] 
2015-10-30T15:31:13.528+0000: 3540.709: [GC (Allocation Failure) 3540.709: [ParNew: 28245K->3238K(36288K), 0.0036696 secs] 91037K->71931K(242952K), 0.0037486 secs] [Times: user=0.01 sys=0.00, real=0.00 secs] 
2015-10-30T15:31:13.533+0000: 3540.714: [GC (CMS Initial Mark) [1 CMS-initial-mark: 68692K(206664K)] 79910K(242952K), 0.0017008 secs] [Times: user=0.01 sys=0.00, real=0.00 secs] 
2015-10-30T15:31:13.535+0000: 3540.716: [CMS-concurrent-mark-start]
2015-10-30T15:31:13.579+0000: 3540.760: [CMS-concurrent-mark: 0.044/0.044 secs] [Times: user=0.09 sys=0.00, real=0.05 secs] 
2015-10-30T15:31:13.579+0000: 3540.760: [CMS-concurrent-preclean-start]
2015-10-30T15:31:13.581+0000: 3540.762: [CMS-concurrent-preclean: 0.002/0.002 secs] [Times: user=0.00 sys=0.00, real=0.00 secs] 
2015-10-30T15:31:13.581+0000: 3540.762: [CMS-concurrent-abortable-preclean-start]
 CMS: abort preclean due to time 2015-10-30T15:31:18.645+0000: 3545.825: [CMS-concurrent-abortable-preclean: 0.756/5.064 secs] [Times: user=0.89 sys=0.01, real=5.06 secs] 
2015-10-30T15:31:18.645+0000: 3545.825: [GC (CMS Final Remark) [YG occupancy: 20585 K (36288 K)]3545.825: [Rescan (parallel) , 0.0021923 secs]3545.828: [weak refs processing, 0.0000168 secs]3545.828: [class unloading, 0.0122337 secs]3545.840: [scrub symbol table, 0.0065926 secs]3545.846: [scrub string table, 0.0007122 secs][1 CMS-remark: 68692K(206664K)] 89278K(242952K), 0.0229350 secs] [Times: user=0.03 sys=0.00, real=0.03 secs] 
2015-10-30T15:31:18.668+0000: 3545.848: [CMS-concurrent-sweep-start]
2015-10-30T15:31:18.689+0000: 3545.869: [CMS-concurrent-sweep: 0.021/0.021 secs] [Times: user=0.02 sys=0.00, real=0.02 secs] 
2015-10-30T15:31:18.689+0000: 3545.869: [CMS-concurrent-reset-start]
2015-10-30T15:31:18.691+0000: 3545.872: [CMS-concurrent-reset: 0.002/0.002 secs] [Times: user=0.01 sys=0.00, real=0.00 secs] 
2015-10-30T15:31:20.691+0000: 3547.871: [GC (CMS Initial Mark) [1 CMS-initial-mark: 36750K(206664K)] 57365K(242952K), 0.0024479 secs] [Times: user=0.00 sys=0.00, real=0.00 secs] 
2015-10-30T15:31:20.693+0000: 3547.874: [CMS-concurrent-mark-start]
2015-10-30T15:31:20.722+0000: 3547.902: [CMS-concurrent-mark: 0.028/0.028 secs] [Times: user=0.03 sys=0.00, real=0.03 secs] 
2015-10-30T15:31:20.722+0000: 3547.902: [CMS-concurrent-preclean-start]
2015-10-30T15:31:20.723+0000: 3547.903: [CMS-concurrent-preclean: 0.001/0.001 secs] [Times: user=0.00 sys=0.00, real=0.00 secs] 
2015-10-30T15:31:20.723+0000: 3547.903: [CMS-concurrent-abortable-preclean-start]
2015-10-30T15:31:23.323+0000: 3550.504: [GC (Allocation Failure) 3550.504: [ParNew: 35558K->3968K(36288K), 0.0098503 secs] 72309K->54006K(242952K), 0.0099519 secs] [Times: user=0.04 sys=0.00, real=0.01 secs] 
2015-10-30T15:31:23.369+0000: 3550.549: [GC (Allocation Failure) 3550.549: [ParNew: 36288K->3968K(36288K), 0.0106392 secs] 86326K->62218K(242952K), 0.0107228 secs] [Times: user=0.04 sys=0.00, real=0.01 secs] 
2015-10-30T15:31:23.394+0000: 3550.575: [CMS-concurrent-abortable-preclean: 0.420/2.671 secs] [Times: user=0.67 sys=0.00, real=2.67 secs] 
2015-10-30T15:31:23.397+0000: 3550.578: [GC (CMS Final Remark) [YG occupancy: 28261 K (36288 K)]3550.578: [Rescan (parallel) , 0.0157290 secs]3550.594: [weak refs processing, 0.0000360 secs]3550.594: [class unloading, 0.0123031 secs]3550.606: [scrub symbol table, 0.0065951 secs]3550.612: [scrub string table, 0.0007082 secs][1 CMS-remark: 58250K(206664K)] 86512K(242952K), 0.0365884 secs] [Times: user=0.08 sys=0.00, real=0.03 secs] 
2015-10-30T15:31:23.434+0000: 3550.614: [CMS-concurrent-sweep-start]
2015-10-30T15:31:23.439+0000: 3550.619: [GC (Allocation Failure) 3550.619: [ParNew: 36288K->3682K(36288K), 0.0057358 secs] 94537K->65590K(242952K), 0.0057895 secs] [Times: user=0.02 sys=0.00, real=0.00 secs] 
2015-10-30T15:31:23.461+0000: 3550.642: [GC (Allocation Failure) 3550.642: [ParNew: 36002K->2335K(36288K), 0.0027769 secs] 97846K->64178K(242952K), 0.0028384 secs] [Times: user=0.01 sys=0.00, real=0.00 secs] 
2015-10-30T15:31:23.472+0000: 3550.653: [CMS-concurrent-sweep: 0.029/0.038 secs] [Times: user=0.14 sys=0.00, real=0.04 secs] 
2015-10-30T15:31:23.472+0000: 3550.653: [CMS-concurrent-reset-start]
2015-10-30T15:31:23.481+0000: 3550.661: [GC (Allocation Failure) 3550.661: [ParNew: 34655K->3197K(36288K), 0.0037784 secs] 96460K->65002K(242952K), 0.0038381 secs] [Times: user=0.01 sys=0.00, real=0.00 secs] 
2015-10-30T15:31:23.485+0000: 3550.666: [CMS-concurrent-reset: 0.008/0.013 secs] [Times: user=0.05 sys=0.00, real=0.02 secs] 
2015-10-30T15:31:23.505+0000: 3550.686: [GC (Allocation Failure) 3550.686: [ParNew: 35517K->3405K(36288K), 0.0050128 secs] 97322K->65955K(242952K), 0.0050722 secs] [Times: user=0.01 sys=0.00, real=0.00 secs] 
2015-10-30T15:31:23.524+0000: 3550.705: [GC (Allocation Failure) 3550.705: [ParNew: 35725K->3311K(36288K), 0.0052749 secs] 98275K->66529K(242952K), 0.0053356 secs] [Times: user=0.02 sys=0.00, real=0.01 secs] 
2015-10-30T15:31:23.545+0000: 3550.726: [GC (Allocation Failure) 3550.726: [ParNew: 35631K->2465K(36288K), 0.0041532 secs] 98849K->66855K(242952K), 0.0042148 secs] [Times: user=0.02 sys=0.00, real=0.00 secs] 
2015-10-30T15:31:23.563+0000: 3550.743: [GC (Allocation Failure) 3550.744: [ParNew: 34785K->1480K(36288K), 0.0024220 secs] 99175K->65869K(242952K), 0.0024799 secs] [Times: user=0.01 sys=0.00, real=0.01 secs] 
2015-10-30T15:31:23.590+0000: 3550.770: [GC (Allocation Failure) 3550.770: [ParNew: 27318K->1963K(36288K), 0.0030490 secs] 91707K->71671K(242952K), 0.0031184 secs] [Times: user=0.00 sys=0.00, real=0.00 secs] 
2015-10-30T15:31:23.594+0000: 3550.774: [GC (CMS Initial Mark) [1 CMS-initial-mark: 69707K(206664K)] 79648K(242952K), 0.0015449 secs] [Times: user=0.00 sys=0.00, real=0.00 secs] 
2015-10-30T15:31:23.596+0000: 3550.776: [CMS-concurrent-mark-start]
2015-10-30T15:31:23.625+0000: 3550.806: [CMS-concurrent-mark: 0.030/0.030 secs] [Times: user=0.06 sys=0.00, real=0.04 secs] 
2015-10-30T15:31:23.625+0000: 3550.806: [CMS-concurrent-preclean-start]
2015-10-30T15:31:23.627+0000: 3550.807: [CMS-concurrent-preclean: 0.001/0.001 secs] [Times: user=0.00 sys=0.00, real=0.00 secs] 
2015-10-30T15:31:23.627+0000: 3550.807: [CMS-concurrent-abortable-preclean-start]
 CMS: abort preclean due to time 2015-10-30T15:31:28.637+0000: 3555.817: [CMS-concurrent-abortable-preclean: 0.593/5.010 secs] [Times: user=0.67 sys=0.00, real=5.00 secs] 
2015-10-30T15:31:28.637+0000: 3555.818: [GC (CMS Final Remark) [YG occupancy: 19411 K (36288 K)]3555.818: [Rescan (parallel) , 0.0019886 secs]3555.820: [weak refs processing, 0.0000212 secs]3555.820: [class unloading, 0.0127928 secs]3555.832: [scrub symbol table, 0.0066263 secs]3555.839: [scrub string table, 0.0007187 secs][1 CMS-remark: 69707K(206664K)] 89119K(242952K), 0.0233794 secs] [Times: user=0.03 sys=0.00, real=0.02 secs] 
2015-10-30T15:31:28.661+0000: 3555.841: [CMS-concurrent-sweep-start]
2015-10-30T15:31:28.682+0000: 3555.862: [CMS-concurrent-sweep: 0.021/0.021 secs] [Times: user=0.03 sys=0.00, real=0.02 secs] 
2015-10-30T15:31:28.682+0000: 3555.862: [CMS-concurrent-reset-start]
2015-10-30T15:31:28.684+0000: 3555.865: [CMS-concurrent-reset: 0.002/0.002 secs] [Times: user=0.00 sys=0.00, real=0.00 secs] 
2015-10-30T15:31:30.684+0000: 3557.864: [GC (CMS Initial Mark) [1 CMS-initial-mark: 38462K(206664K)] 57916K(242952K), 0.0026083 secs] [Times: user=0.01 sys=0.00, real=0.01 secs] 
2015-10-30T15:31:30.687+0000: 3557.867: [CMS-concurrent-mark-start]
2015-10-30T15:31:30.716+0000: 3557.896: [CMS-concurrent-mark: 0.029/0.029 secs] [Times: user=0.03 sys=0.00, real=0.02 secs] 
2015-10-30T15:31:30.716+0000: 3557.896: [CMS-concurrent-preclean-start]
2015-10-30T15:31:30.717+0000: 3557.897: [CMS-concurrent-preclean: 0.001/0.001 secs] [Times: user=0.00 sys=0.00, real=0.00 secs] 
2015-10-30T15:31:30.717+0000: 3557.897: [CMS-concurrent-abortable-preclean-start]
2015-10-30T15:31:33.327+0000: 3560.508: [GC (Allocation Failure) 3560.508: [ParNew: 34283K->3968K(36288K), 0.0115318 secs] 72745K->55869K(242952K), 0.0116194 secs] [Times: user=0.05 sys=0.00, real=0.01 secs] 
2015-10-30T15:31:33.366+0000: 3560.546: [GC (Allocation Failure) 3560.546: [ParNew: 36288K->3968K(36288K), 0.0088083 secs] 88189K->63326K(242952K), 0.0088886 secs] [Times: user=0.04 sys=0.00, real=0.00 secs] 
2015-10-30T15:31:33.375+0000: 3560.555: [CMS-concurrent-abortable-preclean: 0.322/2.658 secs] [Times: user=0.50 sys=0.00, real=2.66 secs] 
2015-10-30T15:31:33.377+0000: 3560.558: [GC (CMS Final Remark) [YG occupancy: 4363 K (36288 K)]3560.558: [Rescan (parallel) , 0.0040388 secs]3560.562: [weak refs processing, 0.0000115 secs]3560.562: [class unloading, 0.0126694 secs]3560.574: [scrub symbol table, 0.0066096 secs]3560.581: [scrub string table, 0.0007219 secs][1 CMS-remark: 59358K(206664K)] 63722K(242952K), 0.0252362 secs] [Times: user=0.03 sys=0.00, real=0.02 secs] 
2015-10-30T15:31:33.404+0000: 3560.584: [CMS-concurrent-sweep-start]
2015-10-30T15:31:33.423+0000: 3560.603: [GC (Allocation Failure) 3560.603: [ParNew: 36288K->2279K(36288K), 0.0058131 secs] 95384K->65053K(242952K), 0.0058821 secs] [Times: user=0.02 sys=0.00, real=0.01 secs] 
2015-10-30T15:31:33.439+0000: 3560.619: [CMS-concurrent-sweep: 0.029/0.035 secs] [Times: user=0.11 sys=0.00, real=0.04 secs] 
2015-10-30T15:31:33.439+0000: 3560.619: [CMS-concurrent-reset-start]
2015-10-30T15:31:33.441+0000: 3560.622: [CMS-concurrent-reset: 0.003/0.003 secs] [Times: user=0.01 sys=0.00, real=0.00 secs] 
2015-10-30T15:31:33.449+0000: 3560.630: [GC (Allocation Failure) 3560.630: [ParNew: 34599K->1953K(36288K), 0.0030361 secs] 96078K->63431K(242952K), 0.0030836 secs] [Times: user=0.01 sys=0.00, real=0.00 secs] 
2015-10-30T15:31:33.467+0000: 3560.647: [GC (Allocation Failure) 3560.647: [ParNew: 34273K->2867K(36288K), 0.0031410 secs] 95751K->64345K(242952K), 0.0031961 secs] [Times: user=0.02 sys=0.00, real=0.00 secs] 
2015-10-30T15:31:33.489+0000: 3560.669: [GC (Allocation Failure) 3560.669: [ParNew: 35187K->2787K(36288K), 0.0039850 secs] 96665K->64994K(242952K), 0.0040432 secs] [Times: user=0.02 sys=0.00, real=0.00 secs] 
2015-10-30T15:31:33.509+0000: 3560.690: [GC (Allocation Failure) 3560.690: [ParNew: 35107K->3968K(36288K), 0.0039168 secs] 97314K->66174K(242952K), 0.0039740 secs] [Times: user=0.01 sys=0.00, real=0.00 secs] 
2015-10-30T15:31:33.529+0000: 3560.709: [GC (Allocation Failure) 3560.709: [ParNew: 36288K->3223K(36288K), 0.0058247 secs] 98494K->66716K(242952K), 0.0058834 secs] [Times: user=0.01 sys=0.00, real=0.00 secs] 
2015-10-30T15:31:33.549+0000: 3560.730: [GC (Allocation Failure) 3560.730: [ParNew: 35543K->2371K(36288K), 0.0022768 secs] 99036K->65864K(242952K), 0.0023331 secs] [Times: user=0.01 sys=0.00, real=0.00 secs] 
2015-10-30T15:31:33.574+0000: 3560.754: [GC (Allocation Failure) 3560.754: [ParNew: 26940K->3389K(36288K), 0.0026774 secs] 90433K->72200K(242952K), 0.0027545 secs] [Times: user=0.01 sys=0.00, real=0.00 secs] 
2015-10-30T15:31:33.578+0000: 3560.758: [GC (CMS Initial Mark) [1 CMS-initial-mark: 68811K(206664K)] 80177K(242952K), 0.0017755 secs] [Times: user=0.00 sys=0.00, real=0.00 secs] 
2015-10-30T15:31:33.580+0000: 3560.760: [CMS-concurrent-mark-start]
2015-10-30T15:31:33.624+0000: 3560.804: [CMS-concurrent-mark: 0.044/0.044 secs] [Times: user=0.09 sys=0.00, real=0.04 secs] 
2015-10-30T15:31:33.624+0000: 3560.804: [CMS-concurrent-preclean-start]
2015-10-30T15:31:33.625+0000: 3560.806: [CMS-concurrent-preclean: 0.002/0.002 secs] [Times: user=0.01 sys=0.00, real=0.01 secs] 
2015-10-30T15:31:33.625+0000: 3560.806: [CMS-concurrent-abortable-preclean-start]
 CMS: abort preclean due to time 2015-10-30T15:31:38.718+0000: 3565.898: [CMS-concurrent-abortable-preclean: 0.759/5.093 secs] [Times: user=0.83 sys=0.00, real=5.09 secs] 
2015-10-30T15:31:38.718+0000: 3565.899: [GC (CMS Final Remark) [YG occupancy: 20874 K (36288 K)]3565.900: [Rescan (parallel) , 0.0023605 secs]3565.902: [weak refs processing, 0.0000162 secs]3565.902: [class unloading, 0.0122935 secs]3565.915: [scrub symbol table, 0.0066268 secs]3565.921: [scrub string table, 0.0007252 secs][1 CMS-remark: 68811K(206664K)] 89685K(242952K), 0.0244610 secs] [Times: user=0.03 sys=0.00, real=0.02 secs] 
2015-10-30T15:31:38.743+0000: 3565.923: [CMS-concurrent-sweep-start]
2015-10-30T15:31:38.764+0000: 3565.944: [CMS-concurrent-sweep: 0.021/0.021 secs] [Times: user=0.02 sys=0.00, real=0.02 secs] 
2015-10-30T15:31:38.764+0000: 3565.944: [CMS-concurrent-reset-start]
2015-10-30T15:31:38.766+0000: 3565.946: [CMS-concurrent-reset: 0.002/0.002 secs] [Times: user=0.01 sys=0.00, real=0.01 secs] 
2015-10-30T15:31:40.766+0000: 3567.946: [GC (CMS Initial Mark) [1 CMS-initial-mark: 38070K(206664K)] 58992K(242952K), 0.0024049 secs] [Times: user=0.01 sys=0.00, real=0.00 secs] 
2015-10-30T15:31:40.768+0000: 3567.949: [CMS-concurrent-mark-start]
2015-10-30T15:31:40.797+0000: 3567.977: [CMS-concurrent-mark: 0.028/0.028 secs] [Times: user=0.03 sys=0.00, real=0.02 secs] 
2015-10-30T15:31:40.797+0000: 3567.977: [CMS-concurrent-preclean-start]
2015-10-30T15:31:40.798+0000: 3567.978: [CMS-concurrent-preclean: 0.001/0.001 secs] [Times: user=0.00 sys=0.00, real=0.01 secs] 
2015-10-30T15:31:40.798+0000: 3567.978: [CMS-concurrent-abortable-preclean-start]
2015-10-30T15:31:43.319+0000: 3570.499: [GC (Allocation Failure) 3570.499: [ParNew: 35709K->3968K(36288K), 0.0118719 secs] 73779K->55248K(242952K), 0.0119615 secs] [Times: user=0.05 sys=0.00, real=0.01 secs] 
2015-10-30T15:31:43.365+0000: 3570.546: [GC (Allocation Failure) 3570.546: [ParNew: 36288K->3968K(36288K), 0.0094291 secs] 87568K->62425K(242952K), 0.0095059 secs] [Times: user=0.04 sys=0.00, real=0.00 secs] 
2015-10-30T15:31:43.375+0000: 3570.556: [CMS-concurrent-abortable-preclean: 0.410/2.577 secs] [Times: user=0.59 sys=0.01, real=2.57 secs] 
2015-10-30T15:31:43.376+0000: 3570.556: [GC (CMS Final Remark) [YG occupancy: 4939 K (36288 K)]3570.556: [Rescan (parallel) , 0.0043602 secs]3570.561: [weak refs processing, 0.0000116 secs]3570.561: [class unloading, 0.0124467 secs]3570.573: [scrub symbol table, 0.0066337 secs]3570.580: [scrub string table, 0.0007156 secs][1 CMS-remark: 58457K(206664K)] 63397K(242952K), 0.0253534 secs] [Times: user=0.04 sys=0.00, real=0.03 secs] 
2015-10-30T15:31:43.401+0000: 3570.582: [CMS-concurrent-sweep-start]
2015-10-30T15:31:43.420+0000: 3570.600: [GC (Allocation Failure) 3570.600: [ParNew: 36288K->3421K(36288K), 0.0056100 secs] 93030K->63927K(242952K), 0.0056770 secs] [Times: user=0.03 sys=0.00, real=0.01 secs] 
2015-10-30T15:31:43.427+0000: 3570.608: [CMS-concurrent-sweep: 0.020/0.026 secs] [Times: user=0.09 sys=0.00, real=0.03 secs] 
2015-10-30T15:31:43.427+0000: 3570.608: [CMS-concurrent-reset-start]
2015-10-30T15:31:43.430+0000: 3570.610: [CMS-concurrent-reset: 0.003/0.003 secs] [Times: user=0.01 sys=0.00, real=0.00 secs] 
2015-10-30T15:31:43.441+0000: 3570.622: [GC (Allocation Failure) 3570.622: [ParNew: 35741K->1939K(36288K), 0.0029414 secs] 95872K->62070K(242952K), 0.0029971 secs] [Times: user=0.00 sys=0.00, real=0.00 secs] 
2015-10-30T15:31:43.458+0000: 3570.639: [GC (Allocation Failure) 3570.639: [ParNew: 34259K->3280K(36288K), 0.0037773 secs] 94390K->63411K(242952K), 0.0038316 secs] [Times: user=0.01 sys=0.00, real=0.00 secs] 
2015-10-30T15:31:43.479+0000: 3570.659: [GC (Allocation Failure) 3570.659: [ParNew: 35600K->2892K(36288K), 0.0045177 secs] 95731K->63800K(242952K), 0.0045766 secs] [Times: user=0.02 sys=0.00, real=0.00 secs] 
2015-10-30T15:31:43.497+0000: 3570.678: [GC (Allocation Failure) 3570.678: [ParNew: 35212K->3185K(36288K), 0.0044771 secs] 96120K->64790K(242952K), 0.0045528 secs] [Times: user=0.02 sys=0.00, real=0.00 secs] 
2015-10-30T15:31:43.515+0000: 3570.696: [GC (Allocation Failure) 3570.696: [ParNew: 35505K->2656K(36288K), 0.0034014 secs] 97110K->64821K(242952K), 0.0034595 secs] [Times: user=0.01 sys=0.00, real=0.01 secs] 
2015-10-30T15:31:43.533+0000: 3570.714: [GC (Allocation Failure) 3570.714: [ParNew: 34976K->2244K(36288K), 0.0023690 secs] 97141K->64409K(242952K), 0.0024245 secs] [Times: user=0.01 sys=0.00, real=0.00 secs] 
2015-10-30T15:31:43.562+0000: 3570.742: [GC (Allocation Failure) 3570.742: [ParNew: 28482K->3132K(36288K), 0.0027112 secs] 90647K->70615K(242952K), 0.0027786 secs] [Times: user=0.01 sys=0.00, real=0.00 secs] 
2015-10-30T15:31:43.566+0000: 3570.746: [GC (CMS Initial Mark) [1 CMS-initial-mark: 67483K(206664K)] 78592K(242952K), 0.0018588 secs] [Times: user=0.01 sys=0.00, real=0.00 secs] 
2015-10-30T15:31:43.567+0000: 3570.748: [CMS-concurrent-mark-start]
2015-10-30T15:31:43.612+0000: 3570.792: [CMS-concurrent-mark: 0.044/0.044 secs] [Times: user=0.09 sys=0.00, real=0.04 secs] 
2015-10-30T15:31:43.612+0000: 3570.792: [CMS-concurrent-preclean-start]
2015-10-30T15:31:43.613+0000: 3570.794: [CMS-concurrent-preclean: 0.002/0.002 secs] [Times: user=0.00 sys=0.00, real=0.00 secs] 
2015-10-30T15:31:43.613+0000: 3570.794: [CMS-concurrent-abortable-preclean-start]
 CMS: abort preclean due to time 2015-10-30T15:31:48.631+0000: 3575.812: [CMS-concurrent-abortable-preclean: 0.763/5.018 secs] [Times: user=0.84 sys=0.00, real=5.02 secs] 
2015-10-30T15:31:48.631+0000: 3575.812: [GC (CMS Final Remark) [YG occupancy: 20545 K (36288 K)]3575.812: [Rescan (parallel) , 0.0021895 secs]3575.814: [weak refs processing, 0.0000160 secs]3575.814: [class unloading, 0.0123401 secs]3575.826: [scrub symbol table, 0.0065957 secs]3575.833: [scrub string table, 0.0007251 secs][1 CMS-remark: 67483K(206664K)] 88029K(242952K), 0.0230593 secs] [Times: user=0.03 sys=0.00, real=0.02 secs] 
2015-10-30T15:31:48.655+0000: 3575.835: [CMS-concurrent-sweep-start]
2015-10-30T15:31:48.675+0000: 3575.855: [CMS-concurrent-sweep: 0.020/0.020 secs] [Times: user=0.02 sys=0.00, real=0.02 secs] 
2015-10-30T15:31:48.675+0000: 3575.855: [CMS-concurrent-reset-start]
2015-10-30T15:31:48.677+0000: 3575.857: [CMS-concurrent-reset: 0.002/0.002 secs] [Times: user=0.00 sys=0.00, real=0.00 secs] 
2015-10-30T15:31:50.677+0000: 3577.857: [GC (CMS Initial Mark) [1 CMS-initial-mark: 37863K(206664K)] 58448K(242952K), 0.0024539 secs] [Times: user=0.01 sys=0.00, real=0.01 secs] 
2015-10-30T15:31:50.680+0000: 3577.860: [CMS-concurrent-mark-start]
2015-10-30T15:31:50.708+0000: 3577.888: [CMS-concurrent-mark: 0.028/0.028 secs] [Times: user=0.03 sys=0.00, real=0.03 secs] 
2015-10-30T15:31:50.708+0000: 3577.888: [CMS-concurrent-preclean-start]
2015-10-30T15:31:50.709+0000: 3577.890: [CMS-concurrent-preclean: 0.001/0.001 secs] [Times: user=0.00 sys=0.00, real=0.00 secs] 
2015-10-30T15:31:50.709+0000: 3577.890: [CMS-concurrent-abortable-preclean-start]
2015-10-30T15:31:53.335+0000: 3580.516: [GC (Allocation Failure) 3580.516: [ParNew: 35442K->3968K(36288K), 0.0128878 secs] 73305K->55207K(242952K), 0.0129710 secs] [Times: user=0.04 sys=0.00, real=0.02 secs] 
2015-10-30T15:31:53.371+0000: 3580.552: [CMS-concurrent-abortable-preclean: 0.440/2.662 secs] [Times: user=0.61 sys=0.00, real=2.66 secs] 
2015-10-30T15:31:53.381+0000: 3580.561: [GC (CMS Final Remark) [YG occupancy: 36288 K (36288 K)]3580.561: [Rescan (parallel) , 0.0230940 secs]3580.584: [weak refs processing, 0.0000319 secs]3580.584: [class unloading, 0.0123884 secs]3580.597: [scrub symbol table, 0.0066104 secs]3580.604: [scrub string table, 0.0007162 secs][1 CMS-remark: 51239K(206664K)] 87527K(242952K), 0.0440789 secs] [Times: user=0.11 sys=0.00, real=0.04 secs] 
2015-10-30T15:31:53.425+0000: 3580.606: [GC (Allocation Failure) 3580.606: [ParNew: 36288K->3968K(36288K), 0.0111820 secs] 87527K->62931K(242952K), 0.0112480 secs] [Times: user=0.05 sys=0.00, real=0.00 secs] 
2015-10-30T15:31:53.437+0000: 3580.617: [CMS-concurrent-sweep-start]
2015-10-30T15:31:53.460+0000: 3580.640: [CMS-concurrent-sweep: 0.023/0.023 secs] [Times: user=0.09 sys=0.00, real=0.03 secs] 
2015-10-30T15:31:53.460+0000: 3580.640: [CMS-concurrent-reset-start]
2015-10-30T15:31:53.463+0000: 3580.643: [CMS-concurrent-reset: 0.003/0.003 secs] [Times: user=0.01 sys=0.00, real=0.00 secs] 
2015-10-30T15:31:53.463+0000: 3580.644: [GC (Allocation Failure) 3580.644: [ParNew: 36288K->3567K(36288K), 0.0070060 secs] 93700K->64807K(242952K), 0.0070564 secs] [Times: user=0.02 sys=0.00, real=0.01 secs] 
2015-10-30T15:31:53.495+0000: 3580.676: [GC (Allocation Failure) 3580.676: [ParNew: 35887K->1879K(36288K), 0.0034161 secs] 97127K->63119K(242952K), 0.0034763 secs] [Times: user=0.02 sys=0.00, real=0.01 secs] 
2015-10-30T15:31:53.517+0000: 3580.698: [GC (Allocation Failure) 3580.698: [ParNew: 34199K->2919K(36288K), 0.0035997 secs] 95439K->64159K(242952K), 0.0036520 secs] [Times: user=0.02 sys=0.00, real=0.00 secs] 
2015-10-30T15:31:53.541+0000: 3580.722: [GC (Allocation Failure) 3580.722: [ParNew: 35239K->2804K(36288K), 0.0041588 secs] 96479K->64784K(242952K), 0.0042141 secs] [Times: user=0.02 sys=0.00, real=0.01 secs] 
2015-10-30T15:31:53.560+0000: 3580.740: [GC (Allocation Failure) 3580.740: [ParNew: 35124K->3919K(36288K), 0.0031435 secs] 97104K->65900K(242952K), 0.0032013 secs] [Times: user=0.02 sys=0.00, real=0.00 secs] 
2015-10-30T15:31:53.577+0000: 3580.758: [GC (Allocation Failure) 3580.758: [ParNew: 36239K->3569K(36288K), 0.0040291 secs] 98220K->66247K(242952K), 0.0040988 secs] [Times: user=0.01 sys=0.00, real=0.01 secs] 
2015-10-30T15:31:53.597+0000: 3580.778: [GC (Allocation Failure) 3580.778: [ParNew: 35889K->2056K(36288K), 0.0037865 secs] 98567K->65278K(242952K), 0.0038580 secs] [Times: user=0.01 sys=0.00, real=0.00 secs] 
2015-10-30T15:31:53.622+0000: 3580.802: [GC (Allocation Failure) 3580.802: [ParNew: 27911K->3647K(36288K), 0.0027183 secs] 91133K->72186K(242952K), 0.0027893 secs] [Times: user=0.01 sys=0.00, real=0.00 secs] 
2015-10-30T15:31:53.626+0000: 3580.806: [GC (CMS Initial Mark) [1 CMS-initial-mark: 68539K(206664K)] 80163K(242952K), 0.0016040 secs] [Times: user=0.00 sys=0.00, real=0.00 secs] 
2015-10-30T15:31:53.628+0000: 3580.808: [CMS-concurrent-mark-start]
2015-10-30T15:31:53.671+0000: 3580.851: [CMS-concurrent-mark: 0.043/0.043 secs] [Times: user=0.09 sys=0.00, real=0.04 secs] 
2015-10-30T15:31:53.671+0000: 3580.851: [CMS-concurrent-preclean-start]
2015-10-30T15:31:53.673+0000: 3580.853: [CMS-concurrent-preclean: 0.002/0.002 secs] [Times: user=0.00 sys=0.00, real=0.00 secs] 
2015-10-30T15:31:53.673+0000: 3580.853: [CMS-concurrent-abortable-preclean-start]
 CMS: abort preclean due to time 2015-10-30T15:31:58.678+0000: 3585.858: [CMS-concurrent-abortable-preclean: 0.783/5.005 secs] [Times: user=0.86 sys=0.01, real=5.01 secs] 
2015-10-30T15:31:58.678+0000: 3585.858: [GC (CMS Final Remark) [YG occupancy: 20983 K (36288 K)]3585.858: [Rescan (parallel) , 0.0021529 secs]3585.861: [weak refs processing, 0.0000319 secs]3585.861: [class unloading, 0.0126662 secs]3585.873: [scrub symbol table, 0.0067054 secs]3585.880: [scrub string table, 0.0007130 secs][1 CMS-remark: 68539K(206664K)] 89523K(242952K), 0.0235286 secs] [Times: user=0.02 sys=0.00, real=0.02 secs] 
2015-10-30T15:31:58.702+0000: 3585.882: [CMS-concurrent-sweep-start]
2015-10-30T15:31:58.721+0000: 3585.901: [CMS-concurrent-sweep: 0.019/0.019 secs] [Times: user=0.01 sys=0.00, real=0.02 secs] 
2015-10-30T15:31:58.721+0000: 3585.901: [CMS-concurrent-reset-start]
2015-10-30T15:31:58.723+0000: 3585.903: [CMS-concurrent-reset: 0.002/0.002 secs] [Times: user=0.01 sys=0.00, real=0.00 secs] 
2015-10-30T15:32:00.722+0000: 3587.903: [GC (CMS Initial Mark) [1 CMS-initial-mark: 37858K(206664K)] 58912K(242952K), 0.0024014 secs] [Times: user=0.00 sys=0.00, real=0.00 secs] 
2015-10-30T15:32:00.725+0000: 3587.905: [CMS-concurrent-mark-start]
2015-10-30T15:32:00.753+0000: 3587.934: [CMS-concurrent-mark: 0.028/0.028 secs] [Times: user=0.03 sys=0.00, real=0.03 secs] 
2015-10-30T15:32:00.753+0000: 3587.934: [CMS-concurrent-preclean-start]
2015-10-30T15:32:00.755+0000: 3587.935: [CMS-concurrent-preclean: 0.001/0.001 secs] [Times: user=0.00 sys=0.00, real=0.00 secs] 
2015-10-30T15:32:00.755+0000: 3587.935: [CMS-concurrent-abortable-preclean-start]
2015-10-30T15:32:03.327+0000: 3590.508: [GC (Allocation Failure) 3590.508: [ParNew: 35967K->3968K(36288K), 0.0121408 secs] 73825K->55566K(242952K), 0.0122350 secs] [Times: user=0.03 sys=0.00, real=0.01 secs] 
2015-10-30T15:32:03.369+0000: 3590.550: [CMS-concurrent-abortable-preclean: 0.455/2.615 secs] [Times: user=0.59 sys=0.00, real=2.62 secs] 
2015-10-30T15:32:03.371+0000: 3590.551: [GC (CMS Final Remark) [YG occupancy: 27876 K (36288 K)]3590.551: [Rescan (parallel) , 0.0122765 secs]3590.564: [weak refs processing, 0.0000190 secs]3590.564: [class unloading, 0.0126359 secs]3590.576: [scrub symbol table, 0.0066139 secs]3590.583: [scrub string table, 0.0007147 secs][1 CMS-remark: 51598K(206664K)] 79474K(242952K), 0.0334859 secs] [Times: user=0.07 sys=0.00, real=0.03 secs] 
2015-10-30T15:32:03.404+0000: 3590.585: [CMS-concurrent-sweep-start]
2015-10-30T15:32:03.411+0000: 3590.592: [GC (Allocation Failure) 3590.592: [ParNew: 36288K->3968K(36288K), 0.0091589 secs] 87859K->62622K(242952K), 0.0092380 secs] [Times: user=0.02 sys=0.00, real=0.01 secs] 
2015-10-30T15:32:03.436+0000: 3590.616: [CMS-concurrent-sweep: 0.021/0.031 secs] [Times: user=0.11 sys=0.00, real=0.03 secs] 
2015-10-30T15:32:03.436+0000: 3590.616: [CMS-concurrent-reset-start]
2015-10-30T15:32:03.438+0000: 3590.619: [CMS-concurrent-reset: 0.003/0.003 secs] [Times: user=0.01 sys=0.00, real=0.01 secs] 
2015-10-30T15:32:03.441+0000: 3590.621: [GC (Allocation Failure) 3590.621: [ParNew: 36288K->3421K(36288K), 0.0052775 secs] 94865K->65780K(242952K), 0.0053317 secs] [Times: user=0.02 sys=0.00, real=0.01 secs] 
2015-10-30T15:32:03.461+0000: 3590.642: [GC (Allocation Failure) 3590.642: [ParNew: 35741K->2165K(36288K), 0.0024429 secs] 98100K->64524K(242952K), 0.0025015 secs] [Times: user=0.01 sys=0.00, real=0.00 secs] 
2015-10-30T15:32:03.478+0000: 3590.659: [GC (Allocation Failure) 3590.659: [ParNew: 34485K->2811K(36288K), 0.0030993 secs] 96844K->65170K(242952K), 0.0031622 secs] [Times: user=0.01 sys=0.00, real=0.00 secs] 
2015-10-30T15:32:03.498+0000: 3590.678: [GC (Allocation Failure) 3590.678: [ParNew: 35131K->3263K(36288K), 0.0038060 secs] 97490K->66355K(242952K), 0.0038663 secs] [Times: user=0.01 sys=0.00, real=0.00 secs] 
2015-10-30T15:32:03.517+0000: 3590.698: [GC (Allocation Failure) 3590.698: [ParNew: 35583K->3752K(36288K), 0.0039747 secs] 98675K->66843K(242952K), 0.0040369 secs] [Times: user=0.01 sys=0.00, real=0.00 secs] 
2015-10-30T15:32:03.535+0000: 3590.715: [GC (Allocation Failure) 3590.715: [ParNew: 36072K->3161K(36288K), 0.0043418 secs] 99163K->67509K(242952K), 0.0044066 secs] [Times: user=0.01 sys=0.00, real=0.01 secs] 
2015-10-30T15:32:03.553+0000: 3590.733: [GC (Allocation Failure) 3590.733: [ParNew: 35481K->2366K(36288K), 0.0024660 secs] 99829K->66713K(242952K), 0.0025270 secs] [Times: user=0.01 sys=0.00, real=0.00 secs] 
2015-10-30T15:32:03.582+0000: 3590.762: [GC (Allocation Failure) 3590.762: [ParNew: 27370K->2791K(36288K), 0.0031533 secs] 91718K->72456K(242952K), 0.0032314 secs] [Times: user=0.01 sys=0.00, real=0.01 secs] 
2015-10-30T15:32:03.586+0000: 3590.767: [GC (CMS Initial Mark) [1 CMS-initial-mark: 69665K(206664K)] 80433K(242952K), 0.0019302 secs] [Times: user=0.01 sys=0.00, real=0.00 secs] 
2015-10-30T15:32:03.588+0000: 3590.769: [CMS-concurrent-mark-start]
2015-10-30T15:32:03.618+0000: 3590.798: [CMS-concurrent-mark: 0.030/0.030 secs] [Times: user=0.06 sys=0.00, real=0.03 secs] 
2015-10-30T15:32:03.618+0000: 3590.798: [CMS-concurrent-preclean-start]
2015-10-30T15:32:03.619+0000: 3590.800: [CMS-concurrent-preclean: 0.001/0.001 secs] [Times: user=0.00 sys=0.00, real=0.00 secs] 
2015-10-30T15:32:03.619+0000: 3590.800: [CMS-concurrent-abortable-preclean-start]
 CMS: abort preclean due to time 2015-10-30T15:32:08.641+0000: 3595.822: [CMS-concurrent-abortable-preclean: 0.791/5.022 secs] [Times: user=0.87 sys=0.00, real=5.02 secs] 
2015-10-30T15:32:08.641+0000: 3595.822: [GC (CMS Final Remark) [YG occupancy: 20281 K (36288 K)]3595.822: [Rescan (parallel) , 0.0023517 secs]3595.824: [weak refs processing, 0.0000163 secs]3595.824: [class unloading, 0.0125392 secs]3595.837: [scrub symbol table, 0.0066355 secs]3595.843: [scrub string table, 0.0007240 secs][1 CMS-remark: 69665K(206664K)] 89946K(242952K), 0.0234952 secs] [Times: user=0.03 sys=0.00, real=0.02 secs] 
2015-10-30T15:32:08.665+0000: 3595.845: [CMS-concurrent-sweep-start]
2015-10-30T15:32:08.684+0000: 3595.865: [CMS-concurrent-sweep: 0.019/0.019 secs] [Times: user=0.02 sys=0.00, real=0.02 secs] 
2015-10-30T15:32:08.684+0000: 3595.865: [CMS-concurrent-reset-start]
2015-10-30T15:32:08.687+0000: 3595.867: [CMS-concurrent-reset: 0.002/0.002 secs] [Times: user=0.00 sys=0.00, real=0.01 secs] 
2015-10-30T15:32:10.687+0000: 3597.867: [GC (CMS Initial Mark) [1 CMS-initial-mark: 39483K(206664K)] 59789K(242952K), 0.0023986 secs] [Times: user=0.01 sys=0.00, real=0.00 secs] 
2015-10-30T15:32:10.689+0000: 3597.869: [CMS-concurrent-mark-start]
2015-10-30T15:32:10.718+0000: 3597.898: [CMS-concurrent-mark: 0.029/0.029 secs] [Times: user=0.03 sys=0.00, real=0.03 secs] 
2015-10-30T15:32:10.718+0000: 3597.898: [CMS-concurrent-preclean-start]
2015-10-30T15:32:10.719+0000: 3597.900: [CMS-concurrent-preclean: 0.001/0.001 secs] [Times: user=0.00 sys=0.00, real=0.00 secs] 
2015-10-30T15:32:10.719+0000: 3597.900: [CMS-concurrent-abortable-preclean-start]
 CMS: abort preclean due to time 2015-10-30T15:32:15.757+0000: 3602.937: [CMS-concurrent-abortable-preclean: 0.761/5.037 secs] [Times: user=0.83 sys=0.00, real=5.03 secs] 
2015-10-30T15:32:15.757+0000: 3602.937: [GC (CMS Final Remark) [YG occupancy: 23012 K (36288 K)]3602.937: [Rescan (parallel) , 0.0035403 secs]3602.941: [weak refs processing, 0.0000172 secs]3602.941: [class unloading, 0.0125101 secs]3602.954: [scrub symbol table, 0.0066221 secs]3602.960: [scrub string table, 0.0007237 secs][1 CMS-remark: 39483K(206664K)] 62495K(242952K), 0.0246438 secs] [Times: user=0.03 sys=0.00, real=0.03 secs] 
2015-10-30T15:32:15.782+0000: 3602.962: [CMS-concurrent-sweep-start]
2015-10-30T15:32:15.802+0000: 3602.982: [CMS-concurrent-sweep: 0.020/0.020 secs] [Times: user=0.02 sys=0.00, real=0.02 secs] 
2015-10-30T15:32:15.802+0000: 3602.982: [CMS-concurrent-reset-start]
2015-10-30T15:32:15.804+0000: 3602.985: [CMS-concurrent-reset: 0.002/0.002 secs] [Times: user=0.00 sys=0.00, real=0.00 secs] 
2015-10-30T15:32:17.804+0000: 3604.985: [GC (CMS Initial Mark) [1 CMS-initial-mark: 37922K(206664K)] 63317K(242952K), 0.0041218 secs] [Times: user=0.02 sys=0.00, real=0.01 secs] 
2015-10-30T15:32:17.808+0000: 3604.989: [CMS-concurrent-mark-start]
2015-10-30T15:32:17.838+0000: 3605.018: [CMS-concurrent-mark: 0.029/0.029 secs] [Times: user=0.03 sys=0.00, real=0.03 secs] 
2015-10-30T15:32:17.838+0000: 3605.018: [CMS-concurrent-preclean-start]
2015-10-30T15:32:17.840+0000: 3605.020: [CMS-concurrent-preclean: 0.002/0.002 secs] [Times: user=0.00 sys=0.00, real=0.00 secs] 
2015-10-30T15:32:17.840+0000: 3605.020: [CMS-concurrent-abortable-preclean-start]
 CMS: abort preclean due to time 2015-10-30T15:32:22.881+0000: 3610.061: [CMS-concurrent-abortable-preclean: 0.722/5.041 secs] [Times: user=0.75 sys=0.00, real=5.04 secs] 
2015-10-30T15:32:22.881+0000: 3610.062: [GC (CMS Final Remark) [YG occupancy: 26498 K (36288 K)]3610.062: [Rescan (parallel) , 0.0043254 secs]3610.066: [weak refs processing, 0.0000222 secs]3610.066: [class unloading, 0.0126567 secs]3610.079: [scrub symbol table, 0.0066002 secs]3610.085: [scrub string table, 0.0007222 secs][1 CMS-remark: 37922K(206664K)] 64420K(242952K), 0.0255263 secs] [Times: user=0.04 sys=0.00, real=0.03 secs] 
2015-10-30T15:32:22.907+0000: 3610.087: [CMS-concurrent-sweep-start]
2015-10-30T15:32:22.920+0000: 3610.101: [CMS-concurrent-sweep: 0.014/0.014 secs] [Times: user=0.01 sys=0.00, real=0.01 secs] 
2015-10-30T15:32:22.920+0000: 3610.101: [CMS-concurrent-reset-start]
2015-10-30T15:32:22.923+0000: 3610.103: [CMS-concurrent-reset: 0.002/0.002 secs] [Times: user=0.00 sys=0.00, real=0.00 secs] 
2015-10-30T15:32:23.334+0000: 3610.515: [GC (Allocation Failure) 3610.515: [ParNew: 35111K->3968K(36288K), 0.0032789 secs] 73030K->49177K(242952K), 0.0033515 secs] [Times: user=0.02 sys=0.00, real=0.01 secs] 
2015-10-30T15:32:23.377+0000: 3610.557: [GC (Allocation Failure) 3610.557: [ParNew: 36288K->3968K(36288K), 0.0145342 secs] 81497K->60711K(242952K), 0.0146143 secs] [Times: user=0.05 sys=0.00, real=0.02 secs] 
2015-10-30T15:32:23.417+0000: 3610.598: [GC (Allocation Failure) 3610.598: [ParNew: 36288K->2711K(36288K), 0.0064235 secs] 93031K->63256K(242952K), 0.0064904 secs] [Times: user=0.02 sys=0.00, real=0.00 secs] 
2015-10-30T15:32:23.445+0000: 3610.626: [GC (Allocation Failure) 3610.626: [ParNew: 35031K->2648K(36288K), 0.0029868 secs] 95576K->63193K(242952K), 0.0030533 secs] [Times: user=0.01 sys=0.01, real=0.00 secs] 
2015-10-30T15:32:23.464+0000: 3610.645: [GC (Allocation Failure) 3610.645: [ParNew: 34968K->3244K(36288K), 0.0045579 secs] 95513K->63789K(242952K), 0.0046104 secs] [Times: user=0.02 sys=0.00, real=0.01 secs] 
2015-10-30T15:32:23.485+0000: 3610.665: [GC (Allocation Failure) 3610.665: [ParNew: 35564K->3576K(36288K), 0.0054692 secs] 96109K->64989K(242952K), 0.0055209 secs] [Times: user=0.01 sys=0.00, real=0.01 secs] 
2015-10-30T15:32:23.505+0000: 3610.686: [GC (Allocation Failure) 3610.686: [ParNew: 35896K->3038K(36288K), 0.0051797 secs] 97309K->65112K(242952K), 0.0052397 secs] [Times: user=0.01 sys=0.00, real=0.00 secs] 
2015-10-30T15:32:23.524+0000: 3610.704: [GC (Allocation Failure) 3610.704: [ParNew: 35358K->2598K(36288K), 0.0034282 secs] 97432K->65273K(242952K), 0.0034873 secs] [Times: user=0.01 sys=0.00, real=0.01 secs] 
2015-10-30T15:32:23.541+0000: 3610.721: [GC (Allocation Failure) 3610.721: [ParNew: 34918K->2608K(36288K), 0.0027841 secs] 97593K->65283K(242952K), 0.0028429 secs] [Times: user=0.01 sys=0.00, real=0.00 secs] 
2015-10-30T15:32:23.567+0000: 3610.747: [GC (Allocation Failure) 3610.747: [ParNew: 34029K->3080K(36288K), 0.0033876 secs] 96704K->71074K(242952K), 0.0034580 secs] [Times: user=0.01 sys=0.00, real=0.00 secs] 
2015-10-30T15:32:23.572+0000: 3610.752: [GC (CMS Initial Mark) [1 CMS-initial-mark: 67993K(206664K)] 79054K(242952K), 0.0020686 secs] [Times: user=0.01 sys=0.00, real=0.00 secs] 
2015-10-30T15:32:23.574+0000: 3610.754: [CMS-concurrent-mark-start]
2015-10-30T15:32:23.602+0000: 3610.782: [CMS-concurrent-mark: 0.028/0.028 secs] [Times: user=0.05 sys=0.00, real=0.03 secs] 
2015-10-30T15:32:23.602+0000: 3610.783: [CMS-concurrent-preclean-start]
2015-10-30T15:32:23.603+0000: 3610.784: [CMS-concurrent-preclean: 0.001/0.001 secs] [Times: user=0.01 sys=0.00, real=0.00 secs] 
2015-10-30T15:32:23.603+0000: 3610.784: [CMS-concurrent-abortable-preclean-start]
 CMS: abort preclean due to time 2015-10-30T15:32:28.667+0000: 3615.847: [CMS-concurrent-abortable-preclean: 0.821/5.063 secs] [Times: user=0.91 sys=0.00, real=5.07 secs] 
2015-10-30T15:32:28.667+0000: 3615.848: [GC (CMS Final Remark) [YG occupancy: 21088 K (36288 K)]3615.848: [Rescan (parallel) , 0.0023710 secs]3615.850: [weak refs processing, 0.0000164 secs]3615.850: [class unloading, 0.0129949 secs]3615.863: [scrub symbol table, 0.0066728 secs]3615.870: [scrub string table, 0.0007226 secs][1 CMS-remark: 67993K(206664K)] 89081K(242952K), 0.0240017 secs] [Times: user=0.03 sys=0.01, real=0.02 secs] 
2015-10-30T15:32:28.691+0000: 3615.872: [CMS-concurrent-sweep-start]
2015-10-30T15:32:28.710+0000: 3615.891: [CMS-concurrent-sweep: 0.019/0.019 secs] [Times: user=0.02 sys=0.00, real=0.02 secs] 
2015-10-30T15:32:28.710+0000: 3615.891: [CMS-concurrent-reset-start]
2015-10-30T15:32:28.713+0000: 3615.893: [CMS-concurrent-reset: 0.002/0.002 secs] [Times: user=0.00 sys=0.00, real=0.00 secs] 
2015-10-30T15:32:30.713+0000: 3617.893: [GC (CMS Initial Mark) [1 CMS-initial-mark: 38328K(206664K)] 59450K(242952K), 0.0028744 secs] [Times: user=0.01 sys=0.00, real=0.00 secs] 
2015-10-30T15:32:30.716+0000: 3617.896: [CMS-concurrent-mark-start]
2015-10-30T15:32:30.744+0000: 3617.924: [CMS-concurrent-mark: 0.028/0.028 secs] [Times: user=0.03 sys=0.00, real=0.03 secs] 
2015-10-30T15:32:30.744+0000: 3617.924: [CMS-concurrent-preclean-start]
2015-10-30T15:32:30.745+0000: 3617.926: [CMS-concurrent-preclean: 0.001/0.001 secs] [Times: user=0.00 sys=0.00, real=0.01 secs] 
2015-10-30T15:32:30.745+0000: 3617.926: [CMS-concurrent-abortable-preclean-start]
2015-10-30T15:32:33.337+0000: 3620.518: [GC (Allocation Failure) 3620.518: [ParNew2015-10-30T15:32:33.346+0000: 3620.527: [CMS-concurrent-abortable-preclean: 0.398/2.601 secs] [Times: user=0.48 sys=0.00, real=2.60 secs] 
: 35400K->3968K(36288K), 0.0108011 secs] 73729K->55497K(242952K), 0.0108820 secs] [Times: user=0.04 sys=0.00, real=0.01 secs] 
2015-10-30T15:32:33.349+0000: 3620.530: [GC (CMS Final Remark) [YG occupancy: 4504 K (36288 K)]3620.530: [Rescan (parallel) , 0.0041891 secs]3620.534: [weak refs processing, 0.0000120 secs]3620.534: [class unloading, 0.0124677 secs]3620.546: [scrub symbol table, 0.0066177 secs]3620.553: [scrub string table, 0.0007412 secs][1 CMS-remark: 51529K(206664K)] 56033K(242952K), 0.0252237 secs] [Times: user=0.04 sys=0.00, real=0.02 secs] 
2015-10-30T15:32:33.375+0000: 3620.556: [CMS-concurrent-sweep-start]
2015-10-30T15:32:33.396+0000: 3620.577: [CMS-concurrent-sweep: 0.021/0.021 secs] [Times: user=0.04 sys=0.00, real=0.02 secs] 
2015-10-30T15:32:33.396+0000: 3620.577: [CMS-concurrent-reset-start]
2015-10-30T15:32:33.410+0000: 3620.590: [CMS-concurrent-reset: 0.014/0.014 secs] [Times: user=0.05 sys=0.00, real=0.02 secs] 
2015-10-30T15:32:33.413+0000: 3620.594: [GC (Allocation Failure) 3620.594: [ParNew: 36288K->3968K(36288K), 0.0086073 secs] 87743K->61952K(242952K), 0.0086730 secs] [Times: user=0.03 sys=0.00, real=0.01 secs] 
2015-10-30T15:32:33.442+0000: 3620.623: [GC (Allocation Failure) 3620.623: [ParNew: 36288K->2716K(36288K), 0.0061697 secs] 94272K->64427K(242952K), 0.0062365 secs] [Times: user=0.02 sys=0.00, real=0.01 secs] 
2015-10-30T15:32:33.469+0000: 3620.649: [GC (Allocation Failure) 3620.649: [ParNew: 35036K->2281K(36288K), 0.0026515 secs] 96747K->63992K(242952K), 0.0027130 secs] [Times: user=0.01 sys=0.00, real=0.00 secs] 
2015-10-30T15:32:33.497+0000: 3620.678: [GC (Allocation Failure) 3620.678: [ParNew: 34601K->3083K(36288K), 0.0031471 secs] 96312K->64794K(242952K), 0.0032064 secs] [Times: user=0.01 sys=0.00, real=0.00 secs] 
2015-10-30T15:32:33.530+0000: 3620.711: [GC (Allocation Failure) 3620.711: [ParNew: 35403K->3388K(36288K), 0.0054659 secs] 97114K->65839K(242952K), 0.0055385 secs] [Times: user=0.02 sys=0.00, real=0.00 secs] 
2015-10-30T15:32:33.562+0000: 3620.743: [GC (Allocation Failure) 3620.743: [ParNew: 35708K->3681K(36288K), 0.0048820 secs] 98159K->66832K(242952K), 0.0049467 secs] [Times: user=0.01 sys=0.00, real=0.01 secs] 
2015-10-30T15:32:33.585+0000: 3620.766: [GC (Allocation Failure) 3620.766: [ParNew: 36001K->2991K(36288K), 0.0031089 secs] 99152K->66142K(242952K), 0.0031702 secs] [Times: user=0.01 sys=0.00, real=0.00 secs] 
2015-10-30T15:32:33.613+0000: 3620.794: [GC (Allocation Failure) 3620.794: [ParNew: 35311K->3110K(36288K), 0.0049489 secs] 98462K->66777K(242952K), 0.0050165 secs] [Times: user=0.01 sys=0.00, real=0.01 secs] 
2015-10-30T15:32:33.646+0000: 3620.827: [GC (Allocation Failure) 3620.827: [ParNew: 29847K->2638K(36288K), 0.0040458 secs] 93515K->71623K(242952K), 0.0041209 secs] [Times: user=0.01 sys=0.00, real=0.00 secs] 
2015-10-30T15:32:33.652+0000: 3620.832: [GC (CMS Initial Mark) [1 CMS-initial-mark: 68985K(206664K)] 79613K(242952K), 0.0030812 secs] [Times: user=0.01 sys=0.00, real=0.00 secs] 
2015-10-30T15:32:33.655+0000: 3620.835: [CMS-concurrent-mark-start]
2015-10-30T15:32:33.697+0000: 3620.878: [CMS-concurrent-mark: 0.043/0.043 secs] [Times: user=0.17 sys=0.00, real=0.05 secs] 
2015-10-30T15:32:33.697+0000: 3620.878: [CMS-concurrent-preclean-start]
2015-10-30T15:32:33.699+0000: 3620.880: [CMS-concurrent-preclean: 0.002/0.002 secs] [Times: user=0.00 sys=0.00, real=0.00 secs] 
2015-10-30T15:32:33.699+0000: 3620.880: [CMS-concurrent-abortable-preclean-start]
 CMS: abort preclean due to time 2015-10-30T15:32:38.784+0000: 3625.964: [CMS-concurrent-abortable-preclean: 0.819/5.084 secs] [Times: user=1.31 sys=0.00, real=5.08 secs] 
2015-10-30T15:32:38.784+0000: 3625.964: [GC (CMS Final Remark) [YG occupancy: 19874 K (36288 K)]3625.964: [Rescan (parallel) , 0.0022677 secs]3625.967: [weak refs processing, 0.0000158 secs]3625.967: [class unloading, 0.0129753 secs]3625.980: [scrub symbol table, 0.0066543 secs]3625.986: [scrub string table, 0.0007197 secs][1 CMS-remark: 68985K(206664K)] 88859K(242952K), 0.0238661 secs] [Times: user=0.02 sys=0.01, real=0.03 secs] 
2015-10-30T15:32:38.808+0000: 3625.988: [CMS-concurrent-sweep-start]
2015-10-30T15:32:38.828+0000: 3626.008: [CMS-concurrent-sweep: 0.020/0.020 secs] [Times: user=0.02 sys=0.00, real=0.02 secs] 
2015-10-30T15:32:38.828+0000: 3626.008: [CMS-concurrent-reset-start]
2015-10-30T15:32:38.830+0000: 3626.011: [CMS-concurrent-reset: 0.002/0.002 secs] [Times: user=0.00 sys=0.00, real=0.00 secs] 
2015-10-30T15:32:40.830+0000: 3628.011: [GC (CMS Initial Mark) [1 CMS-initial-mark: 38859K(206664K)] 58793K(242952K), 0.0024578 secs] [Times: user=0.01 sys=0.00, real=0.00 secs] 
2015-10-30T15:32:40.833+0000: 3628.013: [CMS-concurrent-mark-start]
2015-10-30T15:32:40.861+0000: 3628.041: [CMS-concurrent-mark: 0.028/0.028 secs] [Times: user=0.03 sys=0.00, real=0.03 secs] 
2015-10-30T15:32:40.861+0000: 3628.041: [CMS-concurrent-preclean-start]
2015-10-30T15:32:40.862+0000: 3628.043: [CMS-concurrent-preclean: 0.001/0.001 secs] [Times: user=0.00 sys=0.00, real=0.00 secs] 
2015-10-30T15:32:40.862+0000: 3628.043: [CMS-concurrent-abortable-preclean-start]
2015-10-30T15:32:43.377+0000: 3630.557: [GC (Allocation Failure) 3630.557: [ParNew: 34958K->3968K(36288K), 0.0126271 secs] 73817K->56802K(242952K), 0.0127097 secs] [Times: user=0.03 sys=0.00, real=0.02 secs] 
2015-10-30T15:32:43.411+0000: 3630.591: [CMS-concurrent-abortable-preclean: 0.383/2.548 secs] [Times: user=0.50 sys=0.00, real=2.55 secs] 
2015-10-30T15:32:43.413+0000: 3630.594: [GC (CMS Final Remark) [YG occupancy: 23605 K (36288 K)]3630.594: [Rescan (parallel) , 0.0099228 secs]3630.604: [weak refs processing, 0.0000187 secs]3630.604: [class unloading, 0.0126007 secs]3630.616: [scrub symbol table, 0.0066087 secs]3630.623: [scrub string table, 0.0007138 secs][1 CMS-remark: 52834K(206664K)] 76440K(242952K), 0.0311067 secs] [Times: user=0.06 sys=0.00, real=0.03 secs] 
2015-10-30T15:32:43.445+0000: 3630.625: [CMS-concurrent-sweep-start]
2015-10-30T15:32:43.452+0000: 3630.633: [GC (Allocation Failure) 3630.633: [ParNew: 36288K->3968K(36288K), 0.0073621 secs] 88984K->63265K(242952K), 0.0074353 secs] [Times: user=0.03 sys=0.00, real=0.01 secs] 
2015-10-30T15:32:43.474+0000: 3630.655: [CMS-concurrent-sweep: 0.022/0.030 secs] [Times: user=0.11 sys=0.00, real=0.03 secs] 
2015-10-30T15:32:43.474+0000: 3630.655: [CMS-concurrent-reset-start]
2015-10-30T15:32:43.479+0000: 3630.660: [GC (Allocation Failure) 3630.660: [ParNew: 36288K->2534K(36288K), 0.0053236 secs] 95240K->65228K(242952K), 0.0053875 secs] [Times: user=0.02 sys=0.00, real=0.00 secs] 
2015-10-30T15:32:43.485+0000: 3630.666: [CMS-concurrent-reset: 0.005/0.011 secs] [Times: user=0.04 sys=0.00, real=0.02 secs] 
2015-10-30T15:32:43.517+0000: 3630.698: [GC (Allocation Failure) 3630.698: [ParNew: 34854K->2119K(36288K), 0.0032532 secs] 97548K->64813K(242952K), 0.0033025 secs] [Times: user=0.01 sys=0.00, real=0.00 secs] 
2015-10-30T15:32:43.541+0000: 3630.722: [GC (Allocation Failure) 3630.722: [ParNew: 34439K->3054K(36288K), 0.0034074 secs] 97133K->65748K(242952K), 0.0034623 secs] [Times: user=0.02 sys=0.00, real=0.00 secs] 
2015-10-30T15:32:43.563+0000: 3630.744: [GC (Allocation Failure) 3630.744: [ParNew: 35374K->3968K(36288K), 0.0068053 secs] 98068K->67431K(242952K), 0.0068733 secs] [Times: user=0.02 sys=0.00, real=0.01 secs] 
2015-10-30T15:32:43.596+0000: 3630.776: [GC (Allocation Failure) 3630.777: [ParNew: 36288K->3612K(36288K), 0.0047031 secs] 99751K->67822K(242952K), 0.0047648 secs] [Times: user=0.02 sys=0.00, real=0.01 secs] 
2015-10-30T15:32:43.619+0000: 3630.800: [GC (Allocation Failure) 3630.800: [ParNew: 35932K->2818K(36288K), 0.0055711 secs] 100142K->67780K(242952K), 0.0056475 secs] [Times: user=0.02 sys=0.00, real=0.00 secs] 
2015-10-30T15:32:43.641+0000: 3630.822: [GC (Allocation Failure) 3630.822: [ParNew: 35138K->2089K(36288K), 0.0029825 secs] 100100K->67051K(242952K), 0.0030391 secs] [Times: user=0.01 sys=0.00, real=0.00 secs] 
2015-10-30T15:32:43.669+0000: 3630.849: [GC (Allocation Failure) 3630.849: [ParNew: 26823K->2749K(36288K), 0.0030979 secs] 91785K->73029K(242952K), 0.0031663 secs] [Times: user=0.01 sys=0.00, real=0.00 secs] 
2015-10-30T15:32:43.673+0000: 3630.853: [GC (CMS Initial Mark) [1 CMS-initial-mark: 70279K(206664K)] 81005K(242952K), 0.0017642 secs] [Times: user=0.01 sys=0.00, real=0.00 secs] 
2015-10-30T15:32:43.675+0000: 3630.855: [CMS-concurrent-mark-start]
2015-10-30T15:32:43.704+0000: 3630.885: [CMS-concurrent-mark: 0.030/0.030 secs] [Times: user=0.06 sys=0.00, real=0.03 secs] 
2015-10-30T15:32:43.704+0000: 3630.885: [CMS-concurrent-preclean-start]
2015-10-30T15:32:43.706+0000: 3630.886: [CMS-concurrent-preclean: 0.001/0.001 secs] [Times: user=0.00 sys=0.00, real=0.01 secs] 
2015-10-30T15:32:43.706+0000: 3630.886: [CMS-concurrent-abortable-preclean-start]
 CMS: abort preclean due to time 2015-10-30T15:32:48.755+0000: 3635.936: [CMS-concurrent-abortable-preclean: 0.720/5.050 secs] [Times: user=0.80 sys=0.01, real=5.04 secs] 
2015-10-30T15:32:48.756+0000: 3635.936: [GC (CMS Final Remark) [YG occupancy: 20043 K (36288 K)]3635.936: [Rescan (parallel) , 0.0024648 secs]3635.939: [weak refs processing, 0.0000165 secs]3635.939: [class unloading, 0.0124818 secs]3635.951: [scrub symbol table, 0.0066503 secs]3635.958: [scrub string table, 0.0007194 secs][1 CMS-remark: 70279K(206664K)] 90323K(242952K), 0.0235464 secs] [Times: user=0.03 sys=0.00, real=0.03 secs] 
2015-10-30T15:32:48.779+0000: 3635.960: [CMS-concurrent-sweep-start]
2015-10-30T15:32:48.798+0000: 3635.979: [CMS-concurrent-sweep: 0.019/0.019 secs] [Times: user=0.01 sys=0.00, real=0.02 secs] 
2015-10-30T15:32:48.798+0000: 3635.979: [CMS-concurrent-reset-start]
2015-10-30T15:32:48.801+0000: 3635.981: [CMS-concurrent-reset: 0.002/0.002 secs] [Times: user=0.01 sys=0.00, real=0.00 secs] 
2015-10-30T15:32:50.800+0000: 3637.981: [GC (CMS Initial Mark) [1 CMS-initial-mark: 40208K(206664K)] 60310K(242952K), 0.0027041 secs] [Times: user=0.00 sys=0.00, real=0.00 secs] 
2015-10-30T15:32:50.803+0000: 3637.984: [CMS-concurrent-mark-start]
2015-10-30T15:32:50.832+0000: 3638.012: [CMS-concurrent-mark: 0.029/0.029 secs] [Times: user=0.03 sys=0.00, real=0.03 secs] 
2015-10-30T15:32:50.832+0000: 3638.012: [CMS-concurrent-preclean-start]
2015-10-30T15:32:50.833+0000: 3638.014: [CMS-concurrent-preclean: 0.001/0.001 secs] [Times: user=0.00 sys=0.00, real=0.00 secs] 
2015-10-30T15:32:50.833+0000: 3638.014: [CMS-concurrent-abortable-preclean-start]
2015-10-30T15:32:53.340+0000: 3640.520: [GC (Allocation Failure) 3640.520: [ParNew: 35069K->3968K(36288K), 0.0112456 secs] 75278K->57987K(242952K), 0.0113321 secs] [Times: user=0.03 sys=0.00, real=0.01 secs] 
2015-10-30T15:32:53.387+0000: 3640.567: [GC (Allocation Failure) 3640.568: [ParNew: 36288K->3968K(36288K), 0.0099963 secs] 90307K->65439K(242952K), 0.0100943 secs] [Times: user=0.03 sys=0.00, real=0.01 secs] 
2015-10-30T15:32:53.397+0000: 3640.578: [CMS-concurrent-abortable-preclean: 0.394/2.564 secs] [Times: user=0.58 sys=0.00, real=2.57 secs] 
2015-10-30T15:32:53.401+0000: 3640.582: [GC (CMS Final Remark) [YG occupancy: 11810 K (36288 K)]3640.582: [Rescan (parallel) , 0.0079124 secs]3640.590: [weak refs processing, 0.0000146 secs]3640.590: [class unloading, 0.0125191 secs]3640.602: [scrub symbol table, 0.0066058 secs]3640.609: [scrub string table, 0.0007240 secs][1 CMS-remark: 61471K(206664K)] 73281K(242952K), 0.0289803 secs] [Times: user=0.06 sys=0.00, real=0.03 secs] 
2015-10-30T15:32:53.430+0000: 3640.611: [CMS-concurrent-sweep-start]
2015-10-30T15:32:53.448+0000: 3640.629: [GC (Allocation Failure) 3640.629: [ParNew: 36288K->3476K(36288K), 0.0054864 secs] 96541K->67531K(242952K), 0.0055504 secs] [Times: user=0.02 sys=0.00, real=0.00 secs] 
2015-10-30T15:32:53.456+0000: 3640.636: [CMS-concurrent-sweep: 0.018/0.025 secs] [Times: user=0.08 sys=0.00, real=0.02 secs] 
2015-10-30T15:32:53.456+0000: 3640.636: [CMS-concurrent-reset-start]
2015-10-30T15:32:53.458+0000: 3640.639: [CMS-concurrent-reset: 0.003/0.003 secs] [Times: user=0.00 sys=0.00, real=0.01 secs] 
2015-10-30T15:32:53.470+0000: 3640.651: [GC (Allocation Failure) 3640.651: [ParNew: 35796K->1907K(36288K), 0.0029423 secs] 99518K->65629K(242952K), 0.0030004 secs] [Times: user=0.01 sys=0.00, real=0.00 secs] 
2015-10-30T15:32:53.487+0000: 3640.668: [GC (Allocation Failure) 3640.668: [ParNew: 34227K->3121K(36288K), 0.0030819 secs] 97949K->66842K(242952K), 0.0031336 secs] [Times: user=0.01 sys=0.00, real=0.00 secs] 
2015-10-30T15:32:53.508+0000: 3640.688: [GC (Allocation Failure) 3640.688: [ParNew: 35441K->2751K(36288K), 0.0041651 secs] 99162K->67197K(242952K), 0.0042232 secs] [Times: user=0.01 sys=0.00, real=0.00 secs] 
2015-10-30T15:32:53.529+0000: 3640.710: [GC (Allocation Failure) 3640.710: [ParNew: 35071K->3132K(36288K), 0.0049121 secs] 99517K->68258K(242952K), 0.0049742 secs] [Times: user=0.01 sys=0.00, real=0.00 secs] 
2015-10-30T15:32:53.548+0000: 3640.728: [GC (Allocation Failure) 3640.729: [ParNew: 35452K->3029K(36288K), 0.0033274 secs] 100578K->68743K(242952K), 0.0033858 secs] [Times: user=0.01 sys=0.00, real=0.00 secs] 
2015-10-30T15:32:53.569+0000: 3640.749: [GC (Allocation Failure) 3640.749: [ParNew: 35349K->2031K(36288K), 0.0029517 secs] 101063K->67746K(242952K), 0.0030091 secs] [Times: user=0.01 sys=0.00, real=0.00 secs] 
2015-10-30T15:32:53.595+0000: 3640.776: [GC (Allocation Failure) 3640.776: [ParNew: 26927K->3198K(36288K), 0.0030142 secs] 92642K->74230K(242952K), 0.0030846 secs] [Times: user=0.01 sys=0.00, real=0.01 secs] 
2015-10-30T15:32:53.599+0000: 3640.780: [GC (CMS Initial Mark) [1 CMS-initial-mark: 71032K(206664K)] 82207K(242952K), 0.0017303 secs] [Times: user=0.00 sys=0.00, real=0.00 secs] 
2015-10-30T15:32:53.601+0000: 3640.782: [CMS-concurrent-mark-start]
2015-10-30T15:32:53.630+0000: 3640.811: [CMS-concurrent-mark: 0.029/0.029 secs] [Times: user=0.06 sys=0.00, real=0.03 secs] 
2015-10-30T15:32:53.631+0000: 3640.811: [CMS-concurrent-preclean-start]
2015-10-30T15:32:53.632+0000: 3640.812: [CMS-concurrent-preclean: 0.001/0.001 secs] [Times: user=0.01 sys=0.00, real=0.00 secs] 
2015-10-30T15:32:53.632+0000: 3640.812: [CMS-concurrent-abortable-preclean-start]
 CMS: abort preclean due to time 2015-10-30T15:32:58.651+0000: 3645.832: [CMS-concurrent-abortable-preclean: 0.768/5.019 secs] [Times: user=0.84 sys=0.01, real=5.02 secs] 
2015-10-30T15:32:58.652+0000: 3645.832: [GC (CMS Final Remark) [YG occupancy: 20661 K (36288 K)]3645.832: [Rescan (parallel) , 0.0021910 secs]3645.834: [weak refs processing, 0.0000190 secs]3645.834: [class unloading, 0.0127021 secs]3645.847: [scrub symbol table, 0.0066708 secs]3645.854: [scrub string table, 0.0007193 secs][1 CMS-remark: 71032K(206664K)] 91693K(242952K), 0.0235117 secs] [Times: user=0.03 sys=0.00, real=0.02 secs] 
2015-10-30T15:32:58.675+0000: 3645.856: [CMS-concurrent-sweep-start]
2015-10-30T15:32:58.696+0000: 3645.876: [CMS-concurrent-sweep: 0.020/0.020 secs] [Times: user=0.02 sys=0.00, real=0.02 secs] 
2015-10-30T15:32:58.696+0000: 3645.876: [CMS-concurrent-reset-start]
2015-10-30T15:32:58.698+0000: 3645.878: [CMS-concurrent-reset: 0.002/0.002 secs] [Times: user=0.00 sys=0.00, real=0.01 secs] 
2015-10-30T15:33:00.698+0000: 3647.878: [GC (CMS Initial Mark) [1 CMS-initial-mark: 39666K(206664K)] 60592K(242952K), 0.0024796 secs] [Times: user=0.00 sys=0.00, real=0.00 secs] 
2015-10-30T15:33:00.701+0000: 3647.881: [CMS-concurrent-mark-start]
2015-10-30T15:33:00.729+0000: 3647.909: [CMS-concurrent-mark: 0.028/0.028 secs] [Times: user=0.03 sys=0.00, real=0.03 secs] 
2015-10-30T15:33:00.729+0000: 3647.909: [CMS-concurrent-preclean-start]
2015-10-30T15:33:00.730+0000: 3647.911: [CMS-concurrent-preclean: 0.001/0.001 secs] [Times: user=0.00 sys=0.00, real=0.00 secs] 
2015-10-30T15:33:00.730+0000: 3647.911: [CMS-concurrent-abortable-preclean-start]
 CMS: abort preclean due to time 2015-10-30T15:33:05.793+0000: 3652.973: [CMS-concurrent-abortable-preclean: 0.778/5.063 secs] [Times: user=0.85 sys=0.00, real=5.06 secs] 
2015-10-30T15:33:05.793+0000: 3652.974: [GC (CMS Final Remark) [YG occupancy: 22547 K (36288 K)]3652.974: [Rescan (parallel) , 0.0026745 secs]3652.976: [weak refs processing, 0.0000202 secs]3652.976: [class unloading, 0.0128842 secs]3652.989: [scrub symbol table, 0.0068709 secs]3652.996: [scrub string table, 0.0007307 secs][1 CMS-remark: 39666K(206664K)] 62213K(242952K), 0.0244852 secs] [Times: user=0.03 sys=0.00, real=0.03 secs] 
2015-10-30T15:33:05.818+0000: 3652.998: [CMS-concurrent-sweep-start]
2015-10-30T15:33:05.838+0000: 3653.018: [CMS-concurrent-sweep: 0.020/0.020 secs] [Times: user=0.02 sys=0.00, real=0.02 secs] 
2015-10-30T15:33:05.838+0000: 3653.018: [CMS-concurrent-reset-start]
2015-10-30T15:33:05.840+0000: 3653.021: [CMS-concurrent-reset: 0.003/0.003 secs] [Times: user=0.00 sys=0.00, real=0.00 secs] 
2015-10-30T15:33:07.840+0000: 3655.021: [GC (CMS Initial Mark) [1 CMS-initial-mark: 38109K(206664K)] 62034K(242952K), 0.0034335 secs] [Times: user=0.01 sys=0.00, real=0.00 secs] 
2015-10-30T15:33:07.844+0000: 3655.024: [CMS-concurrent-mark-start]
2015-10-30T15:33:07.875+0000: 3655.055: [CMS-concurrent-mark: 0.031/0.031 secs] [Times: user=0.03 sys=0.00, real=0.03 secs] 
2015-10-30T15:33:07.875+0000: 3655.055: [CMS-concurrent-preclean-start]
2015-10-30T15:33:07.877+0000: 3655.057: [CMS-concurrent-preclean: 0.002/0.002 secs] [Times: user=0.01 sys=0.00, real=0.00 secs] 
2015-10-30T15:33:07.877+0000: 3655.057: [CMS-concurrent-abortable-preclean-start]
 CMS: abort preclean due to time 2015-10-30T15:33:12.953+0000: 3660.133: [CMS-concurrent-abortable-preclean: 0.762/5.076 secs] [Times: user=0.81 sys=0.00, real=5.08 secs] 
2015-10-30T15:33:12.953+0000: 3660.134: [GC (CMS Final Remark) [YG occupancy: 24959 K (36288 K)]3660.134: [Rescan (parallel) , 0.0037197 secs]3660.137: [weak refs processing, 0.0000237 secs]3660.138: [class unloading, 0.0130337 secs]3660.151: [scrub symbol table, 0.0071091 secs]3660.158: [scrub string table, 0.0007300 secs][1 CMS-remark: 38109K(206664K)] 63069K(242952K), 0.0259278 secs] [Times: user=0.03 sys=0.00, real=0.03 secs] 
2015-10-30T15:33:12.979+0000: 3660.160: [CMS-concurrent-sweep-start]
2015-10-30T15:33:12.994+0000: 3660.174: [CMS-concurrent-sweep: 0.014/0.014 secs] [Times: user=0.02 sys=0.00, real=0.01 secs] 
2015-10-30T15:33:12.994+0000: 3660.174: [CMS-concurrent-reset-start]
2015-10-30T15:33:12.996+0000: 3660.177: [CMS-concurrent-reset: 0.002/0.002 secs] [Times: user=0.00 sys=0.00, real=0.00 secs] 
2015-10-30T15:33:13.341+0000: 3660.522: [GC (Allocation Failure) 3660.522: [ParNew: 35499K->3968K(36288K), 0.0046521 secs] 72909K->50129K(242952K), 0.0047518 secs] [Times: user=0.02 sys=0.00, real=0.01 secs] 
2015-10-30T15:33:13.380+0000: 3660.560: [GC (Allocation Failure) 3660.560: [ParNew: 36288K->3968K(36288K), 0.0140407 secs] 82449K->60363K(242952K), 0.0141351 secs] [Times: user=0.05 sys=0.00, real=0.01 secs] 
2015-10-30T15:33:13.417+0000: 3660.598: [GC (Allocation Failure) 3660.598: [ParNew: 36288K->3210K(36288K), 0.0166814 secs] 92683K->63348K(242952K), 0.0167697 secs] [Times: user=0.05 sys=0.00, real=0.01 secs] 
2015-10-30T15:33:13.453+0000: 3660.634: [GC (Allocation Failure) 3660.634: [ParNew: 35530K->2274K(36288K), 0.0032784 secs] 95668K->62413K(242952K), 0.0033469 secs] [Times: user=0.01 sys=0.00, real=0.00 secs] 
2015-10-30T15:33:13.472+0000: 3660.652: [GC (Allocation Failure) 3660.652: [ParNew: 34594K->3565K(36288K), 0.0035308 secs] 94733K->63703K(242952K), 0.0036030 secs] [Times: user=0.01 sys=0.00, real=0.00 secs] 
2015-10-30T15:33:13.490+0000: 3660.671: [GC (Allocation Failure) 3660.671: [ParNew: 35885K->3122K(36288K), 0.0047516 secs] 96023K->64762K(242952K), 0.0048267 secs] [Times: user=0.02 sys=0.00, real=0.00 secs] 
2015-10-30T15:33:13.510+0000: 3660.691: [GC (Allocation Failure) 3660.691: [ParNew: 35442K->2792K(36288K), 0.0031054 secs] 97082K->64433K(242952K), 0.0031915 secs] [Times: user=0.01 sys=0.00, real=0.00 secs] 
2015-10-30T15:33:13.529+0000: 3660.710: [GC (Allocation Failure) 3660.710: [ParNew: 35112K->2428K(36288K), 0.0035268 secs] 96753K->64696K(242952K), 0.0035995 secs] [Times: user=0.01 sys=0.00, real=0.00 secs] 
2015-10-30T15:33:13.546+0000: 3660.727: [GC (Allocation Failure) 3660.727: [ParNew: 34748K->2087K(36288K), 0.0028706 secs] 97016K->64355K(242952K), 0.0029371 secs] [Times: user=0.01 sys=0.00, real=0.00 secs] 
2015-10-30T15:33:13.576+0000: 3660.756: [GC (Allocation Failure) 3660.757: [ParNew: 31468K->3353K(36288K), 0.0030766 secs] 93735K->70939K(242952K), 0.0031636 secs] [Times: user=0.01 sys=0.00, real=0.01 secs] 
2015-10-30T15:33:13.580+0000: 3660.761: [GC (CMS Initial Mark) [1 CMS-initial-mark: 67585K(206664K)] 78918K(242952K), 0.0018653 secs] [Times: user=0.00 sys=0.00, real=0.00 secs] 
2015-10-30T15:33:13.582+0000: 3660.763: [CMS-concurrent-mark-start]
2015-10-30T15:33:13.627+0000: 3660.808: [CMS-concurrent-mark: 0.045/0.045 secs] [Times: user=0.09 sys=0.00, real=0.05 secs] 
2015-10-30T15:33:13.627+0000: 3660.808: [CMS-concurrent-preclean-start]
2015-10-30T15:33:13.629+0000: 3660.809: [CMS-concurrent-preclean: 0.002/0.002 secs] [Times: user=0.01 sys=0.00, real=0.00 secs] 
2015-10-30T15:33:13.629+0000: 3660.809: [CMS-concurrent-abortable-preclean-start]
 CMS: abort preclean due to time 2015-10-30T15:33:18.667+0000: 3665.847: [CMS-concurrent-abortable-preclean: 0.820/5.038 secs] [Times: user=0.93 sys=0.00, real=5.04 secs] 
2015-10-30T15:33:18.667+0000: 3665.848: [GC (CMS Final Remark) [YG occupancy: 20987 K (36288 K)]3665.848: [Rescan (parallel) , 0.0022916 secs]3665.850: [weak refs processing, 0.0000166 secs]3665.850: [class unloading, 0.0127434 secs]3665.863: [scrub symbol table, 0.0067618 secs]3665.870: [scrub string table, 0.0007274 secs][1 CMS-remark: 67585K(206664K)] 88573K(242952K), 0.0237991 secs] [Times: user=0.03 sys=0.00, real=0.02 secs] 
2015-10-30T15:33:18.691+0000: 3665.872: [CMS-concurrent-sweep-start]
2015-10-30T15:33:18.710+0000: 3665.890: [CMS-concurrent-sweep: 0.019/0.019 secs] [Times: user=0.02 sys=0.00, real=0.02 secs] 
2015-10-30T15:33:18.710+0000: 3665.891: [CMS-concurrent-reset-start]
2015-10-30T15:33:18.713+0000: 3665.893: [CMS-concurrent-reset: 0.002/0.002 secs] [Times: user=0.01 sys=0.00, real=0.00 secs] 
2015-10-30T15:33:20.713+0000: 3667.893: [GC (CMS Initial Mark) [1 CMS-initial-mark: 37931K(206664K)] 58966K(242952K), 0.0025080 secs] [Times: user=0.01 sys=0.00, real=0.00 secs] 
2015-10-30T15:33:20.715+0000: 3667.896: [CMS-concurrent-mark-start]
2015-10-30T15:33:20.744+0000: 3667.925: [CMS-concurrent-mark: 0.029/0.029 secs] [Times: user=0.03 sys=0.00, real=0.03 secs] 
2015-10-30T15:33:20.745+0000: 3667.925: [CMS-concurrent-preclean-start]
2015-10-30T15:33:20.746+0000: 3667.927: [CMS-concurrent-preclean: 0.002/0.002 secs] [Times: user=0.00 sys=0.00, real=0.01 secs] 
2015-10-30T15:33:20.746+0000: 3667.927: [CMS-concurrent-abortable-preclean-start]
2015-10-30T15:33:23.341+0000: 3670.522: [GC (Allocation Failure) 3670.522: [ParNew: 35645K->3968K(36288K), 0.0122718 secs] 73576K->55025K(242952K), 0.0123738 secs] [Times: user=0.04 sys=0.00, real=0.01 secs] 
2015-10-30T15:33:23.393+0000: 3670.574: [GC (Allocation Failure) 3670.574: [ParNew: 36288K->3968K(36288K), 0.0100968 secs] 87345K->63655K(242952K), 0.0101917 secs] [Times: user=0.04 sys=0.00, real=0.01 secs] 
2015-10-30T15:33:23.410+0000: 3670.590: [CMS-concurrent-abortable-preclean: 0.453/2.663 secs] [Times: user=0.67 sys=0.00, real=2.66 secs] 
2015-10-30T15:33:23.411+0000: 3670.591: [GC (CMS Final Remark) [YG occupancy: 19066 K (36288 K)]3670.591: [Rescan (parallel) , 0.0140087 secs]3670.605: [weak refs processing, 0.0000177 secs]3670.605: [class unloading, 0.0129068 secs]3670.618: [scrub symbol table, 0.0066889 secs]3670.625: [scrub string table, 0.0007385 secs][1 CMS-remark: 59687K(206664K)] 78754K(242952K), 0.0356387 secs] [Times: user=0.07 sys=0.00, real=0.04 secs] 
2015-10-30T15:33:23.449+0000: 3670.630: [CMS-concurrent-sweep-start]
2015-10-30T15:33:23.457+0000: 3670.637: [GC (Allocation Failure) 3670.637: [ParNew: 36288K->2747K(36288K), 0.0051662 secs] 95933K->65922K(242952K), 0.0052622 secs] [Times: user=0.02 sys=0.00, real=0.01 secs] 
2015-10-30T15:33:23.477+0000: 3670.658: [GC (Allocation Failure) 3670.658: [ParNew: 35067K->2047K(36288K), 0.0025086 secs] 98215K->65194K(242952K), 0.0025720 secs] [Times: user=0.01 sys=0.00, real=0.00 secs] 
2015-10-30T15:33:23.488+0000: 3670.668: [CMS-concurrent-sweep: 0.029/0.039 secs] [Times: user=0.14 sys=0.00, real=0.04 secs] 
2015-10-30T15:33:23.488+0000: 3670.669: [CMS-concurrent-reset-start]
2015-10-30T15:33:23.491+0000: 3670.671: [CMS-concurrent-reset: 0.003/0.003 secs] [Times: user=0.00 sys=0.00, real=0.00 secs] 
2015-10-30T15:33:23.501+0000: 3670.682: [GC (Allocation Failure) 3670.682: [ParNew: 34367K->3447K(36288K), 0.0037625 secs] 97475K->66555K(242952K), 0.0038252 secs] [Times: user=0.02 sys=0.00, real=0.01 secs] 
2015-10-30T15:33:23.521+0000: 3670.701: [GC (Allocation Failure) 3670.701: [ParNew: 35767K->2813K(36288K), 0.0040816 secs] 98875K->66680K(242952K), 0.0041703 secs] [Times: user=0.01 sys=0.00, real=0.01 secs] 
2015-10-30T15:33:23.539+0000: 3670.719: [GC (Allocation Failure) 3670.719: [ParNew: 35133K->3968K(36288K), 0.0038213 secs] 99000K->67834K(242952K), 0.0038914 secs] [Times: user=0.02 sys=0.00, real=0.00 secs] 
2015-10-30T15:33:23.557+0000: 3670.738: [GC (Allocation Failure) 3670.738: [ParNew: 36288K->3314K(36288K), 0.0044241 secs] 100154K->68461K(242952K), 0.0044900 secs] [Times: user=0.02 sys=0.00, real=0.00 secs] 
2015-10-30T15:33:23.575+0000: 3670.756: [GC (Allocation Failure) 3670.756: [ParNew: 35634K->2189K(36288K), 0.0026695 secs] 100781K->67335K(242952K), 0.0027297 secs] [Times: user=0.00 sys=0.00, real=0.01 secs] 
2015-10-30T15:33:23.600+0000: 3670.781: [GC (Allocation Failure) 3670.781: [ParNew: 28551K->3571K(36288K), 0.0028436 secs] 93698K->74035K(242952K), 0.0029158 secs] [Times: user=0.01 sys=0.00, real=0.00 secs] 
2015-10-30T15:33:23.604+0000: 3670.785: [GC (CMS Initial Mark) [1 CMS-initial-mark: 70464K(206664K)] 82016K(242952K), 0.0019004 secs] [Times: user=0.00 sys=0.00, real=0.01 secs] 
2015-10-30T15:33:23.606+0000: 3670.787: [CMS-concurrent-mark-start]
2015-10-30T15:33:23.651+0000: 3670.831: [CMS-concurrent-mark: 0.044/0.044 secs] [Times: user=0.09 sys=0.00, real=0.04 secs] 
2015-10-30T15:33:23.651+0000: 3670.831: [CMS-concurrent-preclean-start]
2015-10-30T15:33:23.653+0000: 3670.833: [CMS-concurrent-preclean: 0.002/0.002 secs] [Times: user=0.01 sys=0.00, real=0.00 secs] 
2015-10-30T15:33:23.653+0000: 3670.833: [CMS-concurrent-abortable-preclean-start]
 CMS: abort preclean due to time 2015-10-30T15:33:28.769+0000: 3675.950: [CMS-concurrent-abortable-preclean: 0.807/5.116 secs] [Times: user=0.91 sys=0.00, real=5.12 secs] 
2015-10-30T15:33:28.769+0000: 3675.950: [GC (CMS Final Remark) [YG occupancy: 20973 K (36288 K)]3675.950: [Rescan (parallel) , 0.0033241 secs]3675.953: [weak refs processing, 0.0000177 secs]3675.953: [class unloading, 0.0131643 secs]3675.966: [scrub symbol table, 0.0073849 secs]3675.974: [scrub string table, 0.0007333 secs][1 CMS-remark: 70464K(206664K)] 91438K(242952K), 0.0259225 secs] [Times: user=0.03 sys=0.00, real=0.02 secs] 
2015-10-30T15:33:28.796+0000: 3675.976: [CMS-concurrent-sweep-start]
2015-10-30T15:33:28.818+0000: 3675.998: [CMS-concurrent-sweep: 0.022/0.022 secs] [Times: user=0.02 sys=0.00, real=0.03 secs] 
2015-10-30T15:33:28.818+0000: 3675.998: [CMS-concurrent-reset-start]
2015-10-30T15:33:28.820+0000: 3676.001: [CMS-concurrent-reset: 0.002/0.002 secs] [Times: user=0.01 sys=0.00, real=0.00 secs] 
2015-10-30T15:33:30.820+0000: 3678.000: [GC (CMS Initial Mark) [1 CMS-initial-mark: 39373K(206664K)] 60377K(242952K), 0.0027794 secs] [Times: user=0.00 sys=0.00, real=0.00 secs] 
2015-10-30T15:33:30.822+0000: 3678.003: [CMS-concurrent-mark-start]
2015-10-30T15:33:30.851+0000: 3678.032: [CMS-concurrent-mark: 0.029/0.029 secs] [Times: user=0.03 sys=0.00, real=0.03 secs] 
2015-10-30T15:33:30.851+0000: 3678.032: [CMS-concurrent-preclean-start]
2015-10-30T15:33:30.853+0000: 3678.033: [CMS-concurrent-preclean: 0.002/0.002 secs] [Times: user=0.00 sys=0.00, real=0.00 secs] 
2015-10-30T15:33:30.853+0000: 3678.033: [CMS-concurrent-abortable-preclean-start]
2015-10-30T15:33:33.322+0000: 3680.503: [GC (Allocation Failure) 3680.503: [ParNew2015-10-30T15:33:33.336+0000: 3680.516: [CMS-concurrent-abortable-preclean: 0.379/2.483 secs] [Times: user=0.52 sys=0.00, real=2.48 secs] 
: 35891K->3968K(36288K), 0.0208261 secs] 75264K->56931K(242952K), 0.0209093 secs] [Times: user=0.08 sys=0.00, real=0.02 secs] 
2015-10-30T15:33:33.343+0000: 3680.524: [GC (CMS Final Remark) [YG occupancy: 4115 K (36288 K)]3680.524: [Rescan (parallel) , 0.0051462 secs]3680.529: [weak refs processing, 0.0000158 secs]3680.529: [class unloading, 0.0131877 secs]3680.542: [scrub symbol table, 0.0073499 secs]3680.550: [scrub string table, 0.0007480 secs][1 CMS-remark: 52963K(206664K)] 57079K(242952K), 0.0278224 secs] [Times: user=0.04 sys=0.00, real=0.03 secs] 
2015-10-30T15:33:33.371+0000: 3680.552: [CMS-concurrent-sweep-start]
2015-10-30T15:33:33.389+0000: 3680.570: [CMS-concurrent-sweep: 0.016/0.018 secs] [Times: user=0.05 sys=0.00, real=0.02 secs] 
2015-10-30T15:33:33.389+0000: 3680.570: [CMS-concurrent-reset-start]
2015-10-30T15:33:33.400+0000: 3680.581: [GC (Allocation Failure) 3680.581: [ParNew: 36288K->3968K(36288K), 0.0076443 secs] 87692K->62970K(242952K), 0.0077382 secs] [Times: user=0.02 sys=0.00, real=0.01 secs] 
2015-10-30T15:33:33.409+0000: 3680.589: [CMS-concurrent-reset: 0.011/0.019 secs] [Times: user=0.07 sys=0.00, real=0.02 secs] 
2015-10-30T15:33:33.425+0000: 3680.606: [GC (Allocation Failure) 3680.606: [ParNew: 36288K->2777K(36288K), 0.0060859 secs] 95290K->65585K(242952K), 0.0061707 secs] [Times: user=0.02 sys=0.00, real=0.00 secs] 
2015-10-30T15:33:33.447+0000: 3680.628: [GC (Allocation Failure) 3680.628: [ParNew: 35097K->2232K(36288K), 0.0025382 secs] 97905K->65040K(242952K), 0.0026042 secs] [Times: user=0.01 sys=0.00, real=0.00 secs] 
2015-10-30T15:33:33.465+0000: 3680.646: [GC (Allocation Failure) 3680.646: [ParNew: 34552K->2849K(36288K), 0.0031260 secs] 97360K->65657K(242952K), 0.0032000 secs] [Times: user=0.01 sys=0.00, real=0.00 secs] 
2015-10-30T15:33:33.486+0000: 3680.666: [GC (Allocation Failure) 3680.666: [ParNew: 35169K->2750K(36288K), 0.0041918 secs] 97977K->66339K(242952K), 0.0042599 secs] [Times: user=0.02 sys=0.00, real=0.00 secs] 
2015-10-30T15:33:33.505+0000: 3680.686: [GC (Allocation Failure) 3680.686: [ParNew: 35070K->3968K(36288K), 0.0038770 secs] 98659K->67556K(242952K), 0.0039491 secs] [Times: user=0.02 sys=0.00, real=0.00 secs] 
2015-10-30T15:33:33.525+0000: 3680.706: [GC (Allocation Failure) 3680.706: [ParNew: 36288K->3556K(36288K), 0.0050914 secs] 99876K->68406K(242952K), 0.0051731 secs] [Times: user=0.02 sys=0.00, real=0.00 secs] 
2015-10-30T15:33:33.545+0000: 3680.726: [GC (Allocation Failure) 3680.726: [ParNew: 35876K->1656K(36288K), 0.0027378 secs] 100726K->66506K(242952K), 0.0027974 secs] [Times: user=0.01 sys=0.00, real=0.00 secs] 
2015-10-30T15:33:33.572+0000: 3680.753: [GC (Allocation Failure) 3680.753: [ParNew: 26997K->3567K(36288K), 0.0029088 secs] 91847K->73735K(242952K), 0.0029885 secs] [Times: user=0.01 sys=0.00, real=0.00 secs] 
2015-10-30T15:33:33.576+0000: 3680.757: [GC (CMS Initial Mark) [1 CMS-initial-mark: 70167K(206664K)] 81712K(242952K), 0.0020134 secs] [Times: user=0.01 sys=0.00, real=0.01 secs] 
2015-10-30T15:33:33.579+0000: 3680.759: [CMS-concurrent-mark-start]
2015-10-30T15:33:33.608+0000: 3680.789: [CMS-concurrent-mark: 0.030/0.030 secs] [Times: user=0.06 sys=0.00, real=0.03 secs] 
2015-10-30T15:33:33.609+0000: 3680.789: [CMS-concurrent-preclean-start]
2015-10-30T15:33:33.610+0000: 3680.790: [CMS-concurrent-preclean: 0.002/0.002 secs] [Times: user=0.00 sys=0.00, real=0.00 secs] 
2015-10-30T15:33:33.610+0000: 3680.790: [CMS-concurrent-abortable-preclean-start]
 CMS: abort preclean due to time 2015-10-30T15:33:38.649+0000: 3685.829: [CMS-concurrent-abortable-preclean: 0.795/5.039 secs] [Times: user=0.88 sys=0.00, real=5.04 secs] 
2015-10-30T15:33:38.649+0000: 3685.830: [GC (CMS Final Remark) [YG occupancy: 21025 K (36288 K)]3685.830: [Rescan (parallel) , 0.0021718 secs]3685.832: [weak refs processing, 0.0000166 secs]3685.832: [class unloading, 0.0128257 secs]3685.845: [scrub symbol table, 0.0067430 secs]3685.851: [scrub string table, 0.0007242 secs][1 CMS-remark: 70167K(206664K)] 91193K(242952K), 0.0237331 secs] [Times: user=0.03 sys=0.00, real=0.02 secs] 
2015-10-30T15:33:38.673+0000: 3685.853: [CMS-concurrent-sweep-start]
2015-10-30T15:33:38.692+0000: 3685.873: [CMS-concurrent-sweep: 0.019/0.019 secs] [Times: user=0.02 sys=0.00, real=0.02 secs] 
2015-10-30T15:33:38.693+0000: 3685.873: [CMS-concurrent-reset-start]
2015-10-30T15:33:38.695+0000: 3685.875: [CMS-concurrent-reset: 0.002/0.002 secs] [Times: user=0.01 sys=0.00, real=0.00 secs] 
2015-10-30T15:33:40.694+0000: 3687.875: [GC (CMS Initial Mark) [1 CMS-initial-mark: 39826K(206664K)] 60880K(242952K), 0.0024956 secs] [Times: user=0.01 sys=0.00, real=0.00 secs] 
2015-10-30T15:33:40.697+0000: 3687.877: [CMS-concurrent-mark-start]
2015-10-30T15:33:40.726+0000: 3687.907: [CMS-concurrent-mark: 0.029/0.029 secs] [Times: user=0.03 sys=0.00, real=0.04 secs] 
2015-10-30T15:33:40.726+0000: 3687.907: [CMS-concurrent-preclean-start]
2015-10-30T15:33:40.728+0000: 3687.908: [CMS-concurrent-preclean: 0.002/0.002 secs] [Times: user=0.00 sys=0.00, real=0.00 secs] 
2015-10-30T15:33:40.728+0000: 3687.908: [CMS-concurrent-abortable-preclean-start]
2015-10-30T15:33:43.353+0000: 3690.533: [GC (Allocation Failure) 3690.534: [ParNew: 35887K->3968K(36288K), 0.0118362 secs] 75714K->57632K(242952K), 0.0119336 secs] [Times: user=0.04 sys=0.00, real=0.01 secs] 
2015-10-30T15:33:43.392+0000: 3690.573: [GC (Allocation Failure) 3690.573: [ParNew: 36288K->3968K(36288K), 0.0085711 secs] 89952K->64157K(242952K), 0.0086640 secs] [Times: user=0.03 sys=0.01, real=0.01 secs] 
2015-10-30T15:33:43.412+0000: 3690.593: [CMS-concurrent-abortable-preclean: 0.428/2.684 secs] [Times: user=0.64 sys=0.01, real=2.68 secs] 
2015-10-30T15:33:43.418+0000: 3690.598: [GC (CMS Final Remark) [YG occupancy: 36288 K (36288 K)]3690.598: [Rescan (parallel) , 0.0220564 secs]3690.620: [weak refs processing, 0.0000198 secs]3690.620: [class unloading, 0.0130467 secs]3690.633: [scrub symbol table, 0.0070632 secs]3690.640: [scrub string table, 0.0007402 secs][1 CMS-remark: 60189K(206664K)] 96477K(242952K), 0.0442685 secs] [Times: user=0.10 sys=0.00, real=0.04 secs] 
2015-10-30T15:33:43.462+0000: 3690.642: [CMS-concurrent-sweep-start]
2015-10-30T15:33:43.462+0000: 3690.643: [GC (Allocation Failure) 3690.643: [ParNew: 36288K->3410K(36288K), 0.0055219 secs] 96477K->67248K(242952K), 0.0055860 secs] [Times: user=0.02 sys=0.00, real=0.01 secs] 
2015-10-30T15:33:43.489+0000: 3690.669: [CMS-concurrent-sweep: 0.021/0.027 secs] [Times: user=0.10 sys=0.00, real=0.03 secs] 
2015-10-30T15:33:43.489+0000: 3690.669: [CMS-concurrent-reset-start]
2015-10-30T15:33:43.493+0000: 3690.674: [GC (Allocation Failure) 3690.674: [ParNew: 35730K->2131K(36288K), 0.0032638 secs] 98011K->64412K(242952K), 0.0033247 secs] [Times: user=0.01 sys=0.00, real=0.00 secs] 
2015-10-30T15:33:43.499+0000: 3690.680: [CMS-concurrent-reset: 0.003/0.010 secs] [Times: user=0.02 sys=0.00, real=0.01 secs] 
2015-10-30T15:33:43.513+0000: 3690.693: [GC (Allocation Failure) 3690.693: [ParNew: 34451K->2959K(36288K), 0.0031993 secs] 96732K->65240K(242952K), 0.0032701 secs] [Times: user=0.01 sys=0.00, real=0.00 secs] 
2015-10-30T15:33:43.537+0000: 3690.718: [GC (Allocation Failure) 3690.718: [ParNew: 35279K->2766K(36288K), 0.0046143 secs] 97560K->65782K(242952K), 0.0046945 secs] [Times: user=0.02 sys=0.00, real=0.00 secs] 
2015-10-30T15:33:43.556+0000: 3690.737: [GC (Allocation Failure) 3690.737: [ParNew: 35086K->3580K(36288K), 0.0050565 secs] 98102K->67307K(242952K), 0.0051393 secs] [Times: user=0.02 sys=0.00, real=0.01 secs] 
2015-10-30T15:33:43.575+0000: 3690.756: [GC (Allocation Failure) 3690.756: [ParNew: 35900K->2812K(36288K), 0.0034407 secs] 99627K->67089K(242952K), 0.0035184 secs] [Times: user=0.01 sys=0.00, real=0.01 secs] 
2015-10-30T15:33:43.593+0000: 3690.774: [GC (Allocation Failure) 3690.774: [ParNew: 35132K->2219K(36288K), 0.0025791 secs] 99409K->66495K(242952K), 0.0026485 secs] [Times: user=0.01 sys=0.00, real=0.00 secs] 
2015-10-30T15:33:43.619+0000: 3690.799: [GC (Allocation Failure) 3690.799: [ParNew: 27395K->3238K(36288K), 0.0030412 secs] 91672K->72832K(242952K), 0.0031219 secs] [Times: user=0.01 sys=0.00, real=0.00 secs] 
2015-10-30T15:33:43.623+0000: 3690.804: [GC (CMS Initial Mark) [1 CMS-initial-mark: 69594K(206664K)] 80809K(242952K), 0.0018076 secs] [Times: user=0.00 sys=0.00, real=0.00 secs] 
2015-10-30T15:33:43.625+0000: 3690.806: [CMS-concurrent-mark-start]
2015-10-30T15:33:43.671+0000: 3690.852: [CMS-concurrent-mark: 0.046/0.046 secs] [Times: user=0.10 sys=0.00, real=0.04 secs] 
2015-10-30T15:33:43.671+0000: 3690.852: [CMS-concurrent-preclean-start]
2015-10-30T15:33:43.673+0000: 3690.854: [CMS-concurrent-preclean: 0.002/0.002 secs] [Times: user=0.00 sys=0.00, real=0.00 secs] 
2015-10-30T15:33:43.673+0000: 3690.854: [CMS-concurrent-abortable-preclean-start]
 CMS: abort preclean due to time 2015-10-30T15:33:48.786+0000: 3695.966: [CMS-concurrent-abortable-preclean: 0.815/5.112 secs] [Times: user=0.92 sys=0.00, real=5.12 secs] 
2015-10-30T15:33:48.786+0000: 3695.966: [GC (CMS Final Remark) [YG occupancy: 20584 K (36288 K)]3695.966: [Rescan (parallel) , 0.0021657 secs]3695.969: [weak refs processing, 0.0000298 secs]3695.969: [class unloading, 0.0128871 secs]3695.981: [scrub symbol table, 0.0067110 secs]3695.988: [scrub string table, 0.0007274 secs][1 CMS-remark: 69594K(206664K)] 90179K(242952K), 0.0238428 secs] [Times: user=0.03 sys=0.00, real=0.02 secs] 
2015-10-30T15:33:48.810+0000: 3695.990: [CMS-concurrent-sweep-start]
2015-10-30T15:33:48.830+0000: 3696.011: [CMS-concurrent-sweep: 0.020/0.020 secs] [Times: user=0.02 sys=0.00, real=0.02 secs] 
2015-10-30T15:33:48.830+0000: 3696.011: [CMS-concurrent-reset-start]
2015-10-30T15:33:48.833+0000: 3696.013: [CMS-concurrent-reset: 0.002/0.002 secs] [Times: user=0.00 sys=0.00, real=0.00 secs] 
2015-10-30T15:33:50.832+0000: 3698.013: [GC (CMS Initial Mark) [1 CMS-initial-mark: 38066K(206664K)] 58700K(242952K), 0.0024186 secs] [Times: user=0.01 sys=0.00, real=0.00 secs] 
2015-10-30T15:33:50.835+0000: 3698.015: [CMS-concurrent-mark-start]
2015-10-30T15:33:50.864+0000: 3698.045: [CMS-concurrent-mark: 0.030/0.030 secs] [Times: user=0.03 sys=0.00, real=0.03 secs] 
2015-10-30T15:33:50.865+0000: 3698.045: [CMS-concurrent-preclean-start]
2015-10-30T15:33:50.866+0000: 3698.047: [CMS-concurrent-preclean: 0.002/0.002 secs] [Times: user=0.00 sys=0.00, real=0.01 secs] 
2015-10-30T15:33:50.866+0000: 3698.047: [CMS-concurrent-abortable-preclean-start]
2015-10-30T15:33:53.461+0000: 3700.642: [GC (Allocation Failure) 3700.642: [ParNew2015-10-30T15:33:53.463+0000: 3700.644: [CMS-concurrent-abortable-preclean: 0.392/2.597 secs] [Times: user=0.46 sys=0.00, real=2.59 secs] 
: 35547K->3968K(36288K), 0.0111438 secs] 73613K->55289K(242952K), 0.0112529 secs] [Times: user=0.03 sys=0.01, real=0.01 secs] 
2015-10-30T15:33:53.473+0000: 3700.653: [GC (CMS Final Remark) [YG occupancy: 4103 K (36288 K)]3700.653: [Rescan (parallel) , 0.0041727 secs]3700.658: [weak refs processing, 0.0000165 secs]3700.658: [class unloading, 0.0130987 secs]3700.671: [scrub symbol table, 0.0068511 secs]3700.678: [scrub string table, 0.0007355 secs][1 CMS-remark: 51321K(206664K)] 55425K(242952K), 0.0261872 secs] [Times: user=0.03 sys=0.00, real=0.03 secs] 
2015-10-30T15:33:53.499+0000: 3700.680: [CMS-concurrent-sweep-start]
2015-10-30T15:33:53.514+0000: 3700.694: [CMS-concurrent-sweep: 0.014/0.014 secs] [Times: user=0.03 sys=0.00, real=0.01 secs] 
2015-10-30T15:33:53.514+0000: 3700.694: [CMS-concurrent-reset-start]
2015-10-30T15:33:53.516+0000: 3700.697: [CMS-concurrent-reset: 0.002/0.002 secs] [Times: user=0.01 sys=0.00, real=0.00 secs] 
2015-10-30T15:33:53.529+0000: 3700.710: [GC (Allocation Failure) 3700.710: [ParNew: 36288K->3968K(36288K), 0.0080581 secs] 85518K->61146K(242952K), 0.0081570 secs] [Times: user=0.03 sys=0.00, real=0.01 secs] 
2015-10-30T15:33:53.553+0000: 3700.734: [GC (Allocation Failure) 3700.734: [ParNew: 36288K->2877K(36288K), 0.0062599 secs] 93466K->63860K(242952K), 0.0063492 secs] [Times: user=0.02 sys=0.00, real=0.01 secs] 
2015-10-30T15:33:53.577+0000: 3700.758: [GC (Allocation Failure) 3700.758: [ParNew: 35197K->1841K(36288K), 0.0023691 secs] 96180K->62825K(242952K), 0.0024319 secs] [Times: user=0.01 sys=0.00, real=0.00 secs] 
2015-10-30T15:33:53.597+0000: 3700.778: [GC (Allocation Failure) 3700.778: [ParNew: 34161K->3240K(36288K), 0.0032098 secs] 95145K->64224K(242952K), 0.0032886 secs] [Times: user=0.02 sys=0.00, real=0.00 secs] 
2015-10-30T15:33:53.621+0000: 3700.802: [GC (Allocation Failure) 3700.802: [ParNew: 35560K->2743K(36288K), 0.0040011 secs] 96544K->64517K(242952K), 0.0040705 secs] [Times: user=0.01 sys=0.00, real=0.01 secs] 
2015-10-30T15:33:53.641+0000: 3700.822: [GC (Allocation Failure) 3700.822: [ParNew: 35063K->3968K(36288K), 0.0030975 secs] 96837K->65741K(242952K), 0.0031704 secs] [Times: user=0.01 sys=0.00, real=0.00 secs] 
2015-10-30T15:33:53.660+0000: 3700.841: [GC (Allocation Failure) 3700.841: [ParNew: 36288K->2775K(36288K), 0.0053037 secs] 98061K->65234K(242952K), 0.0053856 secs] [Times: user=0.01 sys=0.01, real=0.01 secs] 
2015-10-30T15:33:53.684+0000: 3700.864: [GC (Allocation Failure) 3700.864: [ParNew: 35095K->2379K(36288K), 0.0041435 secs] 97554K->65398K(242952K), 0.0042258 secs] [Times: user=0.02 sys=0.00, real=0.01 secs] 
2015-10-30T15:33:53.718+0000: 3700.898: [GC (Allocation Failure) 3700.898: [ParNew: 28593K->2709K(36288K), 0.0032891 secs] 91612K->71046K(242952K), 0.0033724 secs] [Times: user=0.02 sys=0.00, real=0.00 secs] 
2015-10-30T15:33:53.722+0000: 3700.903: [GC (CMS Initial Mark) [1 CMS-initial-mark: 68336K(206664K)] 79025K(242952K), 0.0019678 secs] [Times: user=0.00 sys=0.00, real=0.00 secs] 
2015-10-30T15:33:53.724+0000: 3700.905: [CMS-concurrent-mark-start]
2015-10-30T15:33:53.761+0000: 3700.941: [CMS-concurrent-mark: 0.036/0.036 secs] [Times: user=0.07 sys=0.00, real=0.04 secs] 
2015-10-30T15:33:53.761+0000: 3700.941: [CMS-concurrent-preclean-start]
2015-10-30T15:33:53.762+0000: 3700.943: [CMS-concurrent-preclean: 0.002/0.002 secs] [Times: user=0.01 sys=0.00, real=0.00 secs] 
2015-10-30T15:33:53.762+0000: 3700.943: [CMS-concurrent-abortable-preclean-start]
 CMS: abort preclean due to time 2015-10-30T15:33:58.785+0000: 3705.966: [CMS-concurrent-abortable-preclean: 0.813/5.023 secs] [Times: user=0.90 sys=0.00, real=5.03 secs] 
2015-10-30T15:33:58.786+0000: 3705.966: [GC (CMS Final Remark) [YG occupancy: 20112 K (36288 K)]3705.966: [Rescan (parallel) , 0.0021781 secs]3705.968: [weak refs processing, 0.0000224 secs]3705.968: [class unloading, 0.0133332 secs]3705.982: [scrub symbol table, 0.0069686 secs]3705.989: [scrub string table, 0.0007381 secs][1 CMS-remark: 68336K(206664K)] 88449K(242952K), 0.0245354 secs] [Times: user=0.04 sys=0.00, real=0.02 secs] 
2015-10-30T15:33:58.810+0000: 3705.991: [CMS-concurrent-sweep-start]
2015-10-30T15:33:58.830+0000: 3706.011: [CMS-concurrent-sweep: 0.020/0.020 secs] [Times: user=0.02 sys=0.00, real=0.02 secs] 
2015-10-30T15:33:58.830+0000: 3706.011: [CMS-concurrent-reset-start]
2015-10-30T15:33:58.833+0000: 3706.013: [CMS-concurrent-reset: 0.002/0.002 secs] [Times: user=0.00 sys=0.00, real=0.00 secs] 
2015-10-30T15:34:00.833+0000: 3708.013: [GC (CMS Initial Mark) [1 CMS-initial-mark: 37883K(206664K)] 58046K(242952K), 0.0024550 secs] [Times: user=0.01 sys=0.00, real=0.00 secs] 
2015-10-30T15:34:00.835+0000: 3708.016: [CMS-concurrent-mark-start]
2015-10-30T15:34:00.865+0000: 3708.046: [CMS-concurrent-mark: 0.030/0.030 secs] [Times: user=0.03 sys=0.00, real=0.04 secs] 
2015-10-30T15:34:00.865+0000: 3708.046: [CMS-concurrent-preclean-start]
2015-10-30T15:34:00.867+0000: 3708.048: [CMS-concurrent-preclean: 0.002/0.002 secs] [Times: user=0.00 sys=0.00, real=0.00 secs] 
2015-10-30T15:34:00.867+0000: 3708.048: [CMS-concurrent-abortable-preclean-start]
2015-10-30T15:34:03.320+0000: 3710.501: [GC (Allocation Failure) 3710.501: [ParNew: 35029K->3968K(36288K), 0.0112133 secs] 72913K->55321K(242952K), 0.0113396 secs] [Times: user=0.04 sys=0.00, real=0.01 secs] 
2015-10-30T15:34:03.365+0000: 3710.546: [GC (Allocation Failure) 3710.546: [ParNew: 36288K->3968K(36288K), 0.0096880 secs] 87641K->61269K(242952K), 0.0097835 secs] [Times: user=0.04 sys=0.00, real=0.00 secs] 
2015-10-30T15:34:03.375+0000: 3710.556: [CMS-concurrent-abortable-preclean: 0.393/2.508 secs] [Times: user=0.58 sys=0.00, real=2.50 secs] 
2015-10-30T15:34:03.375+0000: 3710.556: [GC (CMS Final Remark) [YG occupancy: 4099 K (36288 K)]3710.556: [Rescan (parallel) , 0.0042294 secs]3710.560: [weak refs processing, 0.0000156 secs]3710.560: [class unloading, 0.0131734 secs]3710.573: [scrub symbol table, 0.0078678 secs]3710.581: [scrub string table, 0.0007640 secs][1 CMS-remark: 57301K(206664K)] 61400K(242952K), 0.0273933 secs] [Times: user=0.04 sys=0.00, real=0.03 secs] 
2015-10-30T15:34:03.403+0000: 3710.584: [CMS-concurrent-sweep-start]
2015-10-30T15:34:03.421+0000: 3710.602: [GC (Allocation Failure) 3710.602: [ParNew: 36288K->3618K(36288K), 0.0056301 secs] 92258K->63296K(242952K), 0.0057195 secs] [Times: user=0.01 sys=0.01, real=0.01 secs] 
2015-10-30T15:34:03.432+0000: 3710.612: [CMS-concurrent-sweep: 0.023/0.029 secs] [Times: user=0.10 sys=0.01, real=0.03 secs] 
2015-10-30T15:34:03.432+0000: 3710.612: [CMS-concurrent-reset-start]
2015-10-30T15:34:03.435+0000: 3710.615: [CMS-concurrent-reset: 0.003/0.003 secs] [Times: user=0.02 sys=0.00, real=0.00 secs] 
2015-10-30T15:34:03.443+0000: 3710.624: [GC (Allocation Failure) 3710.624: [ParNew: 35938K->2305K(36288K), 0.0088295 secs] 95395K->61761K(242952K), 0.0089177 secs] [Times: user=0.02 sys=0.00, real=0.01 secs] 
2015-10-30T15:34:03.473+0000: 3710.654: [GC (Allocation Failure) 3710.654: [ParNew: 34625K->3098K(36288K), 0.0031409 secs] 94081K->62555K(242952K), 0.0032130 secs] [Times: user=0.01 sys=0.00, real=0.00 secs] 
2015-10-30T15:34:03.493+0000: 3710.674: [GC (Allocation Failure) 3710.674: [ParNew: 35418K->2719K(36288K), 0.0041412 secs] 94875K->62930K(242952K), 0.0042188 secs] [Times: user=0.02 sys=0.00, real=0.01 secs] 
2015-10-30T15:34:03.512+0000: 3710.692: [GC (Allocation Failure) 3710.692: [ParNew: 35039K->3241K(36288K), 0.0043458 secs] 95250K->64154K(242952K), 0.0044289 secs] [Times: user=0.02 sys=0.00, real=0.00 secs] 
2015-10-30T15:34:03.529+0000: 3710.710: [GC (Allocation Failure) 3710.710: [ParNew: 35561K->2406K(36288K), 0.0041084 secs] 96474K->63931K(242952K), 0.0041880 secs] [Times: user=0.01 sys=0.00, real=0.00 secs] 
2015-10-30T15:34:03.549+0000: 3710.730: [GC (Allocation Failure) 3710.730: [ParNew: 34726K->2605K(36288K), 0.0025458 secs] 96251K->64131K(242952K), 0.0026202 secs] [Times: user=0.01 sys=0.00, real=0.00 secs] 
2015-10-30T15:34:03.574+0000: 3710.754: [GC (Allocation Failure) 3710.754: [ParNew: 28387K->2647K(36288K), 0.0029186 secs] 89913K->69490K(242952K), 0.0030059 secs] [Times: user=0.01 sys=0.00, real=0.00 secs] 
2015-10-30T15:34:03.578+0000: 3710.758: [GC (CMS Initial Mark) [1 CMS-initial-mark: 66843K(206664K)] 77467K(242952K), 0.0017725 secs] [Times: user=0.01 sys=0.00, real=0.00 secs] 
2015-10-30T15:34:03.580+0000: 3710.760: [CMS-concurrent-mark-start]
2015-10-30T15:34:03.625+0000: 3710.806: [CMS-concurrent-mark: 0.045/0.045 secs] [Times: user=0.09 sys=0.00, real=0.05 secs] 
2015-10-30T15:34:03.625+0000: 3710.806: [CMS-concurrent-preclean-start]
2015-10-30T15:34:03.627+0000: 3710.808: [CMS-concurrent-preclean: 0.002/0.002 secs] [Times: user=0.00 sys=0.00, real=0.00 secs] 
2015-10-30T15:34:03.627+0000: 3710.808: [CMS-concurrent-abortable-preclean-start]
2015-10-30T15:34:08.353+0000: 3715.533: [GC (Allocation Failure) 3715.534: [ParNew: 34967K->3968K(36288K), 0.0115049 secs] 101810K->84532K(242952K), 0.0116032 secs] [Times: user=0.04 sys=0.00, real=0.01 secs] 
2015-10-30T15:34:08.393+0000: 3715.573: [CMS-concurrent-abortable-preclean: 0.782/4.765 secs] [Times: user=1.00 sys=0.00, real=4.76 secs] 
2015-10-30T15:34:08.394+0000: 3715.574: [GC (CMS Final Remark) [YG occupancy: 26856 K (36288 K)]3715.574: [Rescan (parallel) , 0.0116154 secs]3715.586: [weak refs processing, 0.0000204 secs]3715.586: [class unloading, 0.0130087 secs]3715.599: [scrub symbol table, 0.0068398 secs]3715.606: [scrub string table, 0.0007266 secs][1 CMS-remark: 80564K(206664K)] 107421K(242952K), 0.0335451 secs] [Times: user=0.06 sys=0.00, real=0.04 secs] 
2015-10-30T15:34:08.427+0000: 3715.608: [CMS-concurrent-sweep-start]
2015-10-30T15:34:08.434+0000: 3715.615: [GC (Allocation Failure) 3715.615: [ParNew: 36288K->3968K(36288K), 0.0089236 secs] 112387K->87527K(242952K), 0.0090175 secs] [Times: user=0.03 sys=0.00, real=0.01 secs] 
2015-10-30T15:34:08.469+0000: 3715.649: [CMS-concurrent-sweep: 0.032/0.042 secs] [Times: user=0.14 sys=0.00, real=0.04 secs] 
2015-10-30T15:34:08.469+0000: 3715.649: [CMS-concurrent-reset-start]
2015-10-30T15:34:08.473+0000: 3715.654: [GC (Allocation Failure) 3715.654: [ParNew: 36288K->3158K(36288K), 0.0060065 secs] 94448K->65047K(242952K), 0.0060933 secs] [Times: user=0.02 sys=0.00, real=0.01 secs] 
2015-10-30T15:34:08.480+0000: 3715.661: [CMS-concurrent-reset: 0.003/0.011 secs] [Times: user=0.04 sys=0.01, real=0.01 secs] 
2015-10-30T15:34:08.494+0000: 3715.674: [GC (Allocation Failure) 3715.675: [ParNew: 35478K->2286K(36288K), 0.0029990 secs] 97367K->64175K(242952K), 0.0030649 secs] [Times: user=0.01 sys=0.00, real=0.00 secs] 
2015-10-30T15:34:08.511+0000: 3715.692: [GC (Allocation Failure) 3715.692: [ParNew: 34606K->2908K(36288K), 0.0034877 secs] 96495K->64797K(242952K), 0.0035597 secs] [Times: user=0.01 sys=0.00, real=0.00 secs] 
2015-10-30T15:34:08.532+0000: 3715.713: [GC (Allocation Failure) 3715.713: [ParNew: 35228K->2846K(36288K), 0.0041076 secs] 97117K->65511K(242952K), 0.0041778 secs] [Times: user=0.02 sys=0.00, real=0.00 secs] 
2015-10-30T15:34:08.551+0000: 3715.731: [GC (Allocation Failure) 3715.731: [ParNew: 35166K->3868K(36288K), 0.0044241 secs] 97831K->67202K(242952K), 0.0044967 secs] [Times: user=0.02 sys=0.00, real=0.00 secs] 
2015-10-30T15:34:08.568+0000: 3715.749: [GC (Allocation Failure) 3715.749: [ParNew: 36188K->2838K(36288K), 0.0034525 secs] 99522K->66734K(242952K), 0.0035243 secs] [Times: user=0.01 sys=0.00, real=0.00 secs] 
2015-10-30T15:34:08.585+0000: 3715.766: [GC (Allocation Failure) 3715.766: [ParNew: 35158K->2281K(36288K), 0.0025244 secs] 99054K->66177K(242952K), 0.0025922 secs] [Times: user=0.01 sys=0.00, real=0.00 secs] 
2015-10-30T15:34:08.611+0000: 3715.791: [GC (Allocation Failure) 3715.792: [ParNew: 27518K->3299K(36288K), 0.0027499 secs] 91414K->72513K(242952K), 0.0028303 secs] [Times: user=0.01 sys=0.00, real=0.00 secs] 
2015-10-30T15:34:08.615+0000: 3715.795: [GC (CMS Initial Mark) [1 CMS-initial-mark: 69213K(206664K)] 80490K(242952K), 0.0021058 secs] [Times: user=0.01 sys=0.00, real=0.01 secs] 
2015-10-30T15:34:08.617+0000: 3715.798: [CMS-concurrent-mark-start]
2015-10-30T15:34:08.647+0000: 3715.828: [CMS-concurrent-mark: 0.030/0.030 secs] [Times: user=0.06 sys=0.00, real=0.03 secs] 
2015-10-30T15:34:08.647+0000: 3715.828: [CMS-concurrent-preclean-start]
2015-10-30T15:34:08.649+0000: 3715.829: [CMS-concurrent-preclean: 0.002/0.002 secs] [Times: user=0.00 sys=0.00, real=0.00 secs] 
2015-10-30T15:34:08.649+0000: 3715.829: [CMS-concurrent-abortable-preclean-start]
 CMS: abort preclean due to time 2015-10-30T15:34:13.676+0000: 3720.856: [CMS-concurrent-abortable-preclean: 0.790/5.027 secs] [Times: user=0.87 sys=0.01, real=5.02 secs] 
2015-10-30T15:34:13.676+0000: 3720.856: [GC (CMS Final Remark) [YG occupancy: 19426 K (36288 K)]3720.856: [Rescan (parallel) , 0.0021607 secs]3720.859: [weak refs processing, 0.0000222 secs]3720.859: [class unloading, 0.0132329 secs]3720.872: [scrub symbol table, 0.0067841 secs]3720.879: [scrub string table, 0.0007306 secs][1 CMS-remark: 69213K(206664K)] 88639K(242952K), 0.0242251 secs] [Times: user=0.02 sys=0.00, real=0.03 secs] 
2015-10-30T15:34:13.700+0000: 3720.881: [CMS-concurrent-sweep-start]
2015-10-30T15:34:13.730+0000: 3720.910: [CMS-concurrent-sweep: 0.030/0.030 secs] [Times: user=0.03 sys=0.00, real=0.03 secs] 
2015-10-30T15:34:13.730+0000: 3720.910: [CMS-concurrent-reset-start]
2015-10-30T15:34:13.732+0000: 3720.913: [CMS-concurrent-reset: 0.002/0.002 secs] [Times: user=0.01 sys=0.00, real=0.00 secs] 
2015-10-30T15:34:15.732+0000: 3722.912: [GC (CMS Initial Mark) [1 CMS-initial-mark: 38329K(206664K)] 57794K(242952K), 0.0019212 secs] [Times: user=0.01 sys=0.00, real=0.00 secs] 
2015-10-30T15:34:15.734+0000: 3722.914: [CMS-concurrent-mark-start]
2015-10-30T15:34:15.765+0000: 3722.945: [CMS-concurrent-mark: 0.031/0.031 secs] [Times: user=0.03 sys=0.00, real=0.03 secs] 
2015-10-30T15:34:15.765+0000: 3722.946: [CMS-concurrent-preclean-start]
2015-10-30T15:34:15.767+0000: 3722.947: [CMS-concurrent-preclean: 0.002/0.002 secs] [Times: user=0.00 sys=0.00, real=0.01 secs] 
2015-10-30T15:34:15.767+0000: 3722.947: [CMS-concurrent-abortable-preclean-start]
2015-10-30T15:34:18.387+0000: 3725.567: [GC (Allocation Failure) 3725.567: [ParNew: 35619K->3968K(36288K), 0.0118169 secs] 73948K->56256K(242952K), 0.0119151 secs] [Times: user=0.04 sys=0.00, real=0.01 secs] 
2015-10-30T15:34:18.428+0000: 3725.608: [CMS-concurrent-abortable-preclean: 0.420/2.661 secs] [Times: user=0.58 sys=0.00, real=2.66 secs] 
2015-10-30T15:34:18.428+0000: 3725.608: [GC (CMS Final Remark) [YG occupancy: 25797 K (36288 K)]3725.608: [Rescan (parallel) , 0.0110267 secs]3725.619: [weak refs processing, 0.0000196 secs]3725.619: [class unloading, 0.0130621 secs]3725.633: [scrub symbol table, 0.0071822 secs]3725.640: [scrub string table, 0.0007382 secs][1 CMS-remark: 52288K(206664K)] 78086K(242952K), 0.0333720 secs] [Times: user=0.06 sys=0.00, real=0.03 secs] 
2015-10-30T15:34:18.465+0000: 3725.646: [CMS-concurrent-sweep-start]
2015-10-30T15:34:18.468+0000: 3725.648: [GC (Allocation Failure) 3725.648: [ParNew: 36288K->3968K(36288K), 0.0077770 secs] 88411K->62209K(242952K), 0.0078582 secs] [Times: user=0.03 sys=0.00, real=0.00 secs] 
2015-10-30T15:34:18.495+0000: 3725.676: [GC (Allocation Failure) 3725.676: [ParNew: 36288K->3503K(36288K), 0.0058175 secs] 93704K->64723K(242952K), 0.0059040 secs] [Times: user=0.02 sys=0.00, real=0.01 secs] 
2015-10-30T15:34:18.508+0000: 3725.688: [CMS-concurrent-sweep: 0.028/0.043 secs] [Times: user=0.14 sys=0.00, real=0.04 secs] 
2015-10-30T15:34:18.508+0000: 3725.688: [CMS-concurrent-reset-start]
2015-10-30T15:34:18.510+0000: 3725.691: [CMS-concurrent-reset: 0.003/0.003 secs] [Times: user=0.01 sys=0.00, real=0.00 secs] 
2015-10-30T15:34:18.524+0000: 3725.705: [GC (Allocation Failure) 3725.705: [ParNew: 35823K->2147K(36288K), 0.0029314 secs] 96483K->62807K(242952K), 0.0029981 secs] [Times: user=0.01 sys=0.00, real=0.01 secs] 
2015-10-30T15:34:18.549+0000: 3725.730: [GC (Allocation Failure) 3725.730: [ParNew: 34467K->2960K(36288K), 0.0033209 secs] 95127K->63620K(242952K), 0.0033892 secs] [Times: user=0.01 sys=0.00, real=0.00 secs] 
2015-10-30T15:34:18.572+0000: 3725.752: [GC (Allocation Failure) 3725.752: [ParNew: 35280K->2962K(36288K), 0.0041950 secs] 95940K->64372K(242952K), 0.0042735 secs] [Times: user=0.02 sys=0.00, real=0.00 secs] 
2015-10-30T15:34:18.591+0000: 3725.771: [GC (Allocation Failure) 3725.771: [ParNew: 35282K->3804K(36288K), 0.0045046 secs] 96692K->65919K(242952K), 0.0045779 secs] [Times: user=0.02 sys=0.00, real=0.00 secs] 
2015-10-30T15:34:18.611+0000: 3725.792: [GC (Allocation Failure) 3725.792: [ParNew: 36124K->2432K(36288K), 0.0035493 secs] 98239K->65126K(242952K), 0.0036142 secs] [Times: user=0.01 sys=0.00, real=0.00 secs] 
2015-10-30T15:34:18.628+0000: 3725.808: [GC (Allocation Failure) 3725.808: [ParNew: 34752K->2147K(36288K), 0.0024832 secs] 97446K->64841K(242952K), 0.0025449 secs] [Times: user=0.01 sys=0.00, real=0.00 secs] 
2015-10-30T15:34:18.657+0000: 3725.838: [GC (Allocation Failure) 3725.838: [ParNew: 27200K->2579K(36288K), 0.0029715 secs] 89894K->70591K(242952K), 0.0030750 secs] [Times: user=0.01 sys=0.00, real=0.01 secs] 
2015-10-30T15:34:18.661+0000: 3725.842: [GC (CMS Initial Mark) [1 CMS-initial-mark: 68011K(206664K)] 78569K(242952K), 0.0018122 secs] [Times: user=0.01 sys=0.00, real=0.00 secs] 
2015-10-30T15:34:18.663+0000: 3725.844: [CMS-concurrent-mark-start]
2015-10-30T15:34:18.694+0000: 3725.875: [CMS-concurrent-mark: 0.031/0.031 secs] [Times: user=0.06 sys=0.00, real=0.03 secs] 
2015-10-30T15:34:18.694+0000: 3725.875: [CMS-concurrent-preclean-start]
2015-10-30T15:34:18.696+0000: 3725.876: [CMS-concurrent-preclean: 0.002/0.002 secs] [Times: user=0.00 sys=0.00, real=0.00 secs] 
2015-10-30T15:34:18.696+0000: 3725.876: [CMS-concurrent-abortable-preclean-start]
 CMS: abort preclean due to time 2015-10-30T15:34:23.697+0000: 3730.877: [CMS-concurrent-abortable-preclean: 0.744/5.001 secs] [Times: user=0.82 sys=0.01, real=5.00 secs] 
2015-10-30T15:34:23.697+0000: 3730.878: [GC (CMS Final Remark) [YG occupancy: 18591 K (36288 K)]3730.878: [Rescan (parallel) , 0.0019286 secs]3730.879: [weak refs processing, 0.0000168 secs]3730.879: [class unloading, 0.0135940 secs]3730.893: [scrub symbol table, 0.0069738 secs]3730.900: [scrub string table, 0.0007481 secs][1 CMS-remark: 68011K(206664K)] 86603K(242952K), 0.0245687 secs] [Times: user=0.02 sys=0.01, real=0.03 secs] 
2015-10-30T15:34:23.722+0000: 3730.902: [CMS-concurrent-sweep-start]
2015-10-30T15:34:23.743+0000: 3730.923: [CMS-concurrent-sweep: 0.021/0.021 secs] [Times: user=0.02 sys=0.00, real=0.02 secs] 
2015-10-30T15:34:23.743+0000: 3730.923: [CMS-concurrent-reset-start]
2015-10-30T15:34:23.745+0000: 3730.926: [CMS-concurrent-reset: 0.002/0.002 secs] [Times: user=0.00 sys=0.00, real=0.01 secs] 
2015-10-30T15:34:25.745+0000: 3732.926: [GC (CMS Initial Mark) [1 CMS-initial-mark: 38523K(206664K)] 57162K(242952K), 0.0020486 secs] [Times: user=0.01 sys=0.00, real=0.00 secs] 
2015-10-30T15:34:25.748+0000: 3732.928: [CMS-concurrent-mark-start]
2015-10-30T15:34:25.778+0000: 3732.959: [CMS-concurrent-mark: 0.031/0.031 secs] [Times: user=0.03 sys=0.00, real=0.03 secs] 
2015-10-30T15:34:25.778+0000: 3732.959: [CMS-concurrent-preclean-start]
2015-10-30T15:34:25.780+0000: 3732.960: [CMS-concurrent-preclean: 0.002/0.002 secs] [Times: user=0.00 sys=0.00, real=0.00 secs] 
2015-10-30T15:34:25.780+0000: 3732.960: [CMS-concurrent-abortable-preclean-start]
2015-10-30T15:34:28.329+0000: 3735.510: [GC (Allocation Failure) 3735.510: [ParNew: 34882K->3966K(36288K), 0.0126163 secs] 73406K->56324K(242952K), 0.0127251 secs] [Times: user=0.04 sys=0.00, real=0.01 secs] 
2015-10-30T15:34:28.370+0000: 3735.551: [CMS-concurrent-abortable-preclean: 0.420/2.590 secs] [Times: user=0.59 sys=0.00, real=2.59 secs] 
2015-10-30T15:34:28.370+0000: 3735.551: [GC (CMS Final Remark) [YG occupancy: 25877 K (36288 K)]3735.551: [Rescan (parallel) , 0.0120828 secs]3735.563: [weak refs processing, 0.0000207 secs]3735.563: [class unloading, 0.0131054 secs]3735.576: [scrub symbol table, 0.0072299 secs]3735.583: [scrub string table, 0.0007379 secs][1 CMS-remark: 52357K(206664K)] 78234K(242952K), 0.0344845 secs] [Times: user=0.07 sys=0.00, real=0.03 secs] 
2015-10-30T15:34:28.405+0000: 3735.586: [CMS-concurrent-sweep-start]
2015-10-30T15:34:28.412+0000: 3735.592: [GC (Allocation Failure) 3735.592: [ParNew: 36286K->3968K(36288K), 0.0077166 secs] 87947K->62617K(242952K), 0.0078020 secs] [Times: user=0.03 sys=0.00, real=0.01 secs] 
2015-10-30T15:34:28.433+0000: 3735.614: [CMS-concurrent-sweep: 0.020/0.028 secs] [Times: user=0.11 sys=0.00, real=0.02 secs] 
2015-10-30T15:34:28.433+0000: 3735.614: [CMS-concurrent-reset-start]
2015-10-30T15:34:28.436+0000: 3735.616: [CMS-concurrent-reset: 0.003/0.003 secs] [Times: user=0.01 sys=0.00, real=0.00 secs] 
2015-10-30T15:34:28.438+0000: 3735.619: [GC (Allocation Failure) 3735.619: [ParNew: 36288K->3273K(36288K), 0.0056908 secs] 93549K->64309K(242952K), 0.0057586 secs] [Times: user=0.02 sys=0.00, real=0.00 secs] 
2015-10-30T15:34:28.459+0000: 3735.639: [GC (Allocation Failure) 3735.639: [ParNew: 35593K->2084K(36288K), 0.0026048 secs] 96629K->63119K(242952K), 0.0026805 secs] [Times: user=0.01 sys=0.00, real=0.00 secs] 
2015-10-30T15:34:28.479+0000: 3735.660: [GC (Allocation Failure) 3735.660: [ParNew: 34404K->3119K(36288K), 0.0038463 secs] 95439K->64155K(242952K), 0.0039225 secs] [Times: user=0.02 sys=0.00, real=0.00 secs] 
2015-10-30T15:34:28.505+0000: 3735.686: [GC (Allocation Failure) 3735.686: [ParNew: 35439K->2676K(36288K), 0.0053204 secs] 96475K->64434K(242952K), 0.0054141 secs] [Times: user=0.01 sys=0.00, real=0.00 secs] 
2015-10-30T15:34:28.528+0000: 3735.709: [GC (Allocation Failure) 3735.709: [ParNew: 34996K->3968K(36288K), 0.0038949 secs] 96754K->65725K(242952K), 0.0039701 secs] [Times: user=0.02 sys=0.00, real=0.00 secs] 
2015-10-30T15:34:28.552+0000: 3735.732: [GC (Allocation Failure) 3735.732: [ParNew: 36288K->2418K(36288K), 0.0064539 secs] 98045K->64898K(242952K), 0.0065364 secs] [Times: user=0.03 sys=0.00, real=0.01 secs] 
2015-10-30T15:34:28.577+0000: 3735.758: [GC (Allocation Failure) 3735.758: [ParNew: 34738K->3148K(36288K), 0.0043571 secs] 97218K->66189K(242952K), 0.0044430 secs] [Times: user=0.01 sys=0.00, real=0.00 secs] 
2015-10-30T15:34:28.609+0000: 3735.789: [GC (Allocation Failure) 3735.789: [ParNew: 28240K->2834K(36288K), 0.0032128 secs] 91281K->71193K(242952K), 0.0033026 secs] [Times: user=0.01 sys=0.00, real=0.00 secs] 
2015-10-30T15:34:28.613+0000: 3735.794: [GC (CMS Initial Mark) [1 CMS-initial-mark: 68358K(206664K)] 79169K(242952K), 0.0017323 secs] [Times: user=0.00 sys=0.00, real=0.00 secs] 
2015-10-30T15:34:28.615+0000: 3735.795: [CMS-concurrent-mark-start]
2015-10-30T15:34:28.661+0000: 3735.842: [CMS-concurrent-mark: 0.046/0.046 secs] [Times: user=0.10 sys=0.00, real=0.05 secs] 
2015-10-30T15:34:28.661+0000: 3735.842: [CMS-concurrent-preclean-start]
2015-10-30T15:34:28.663+0000: 3735.844: [CMS-concurrent-preclean: 0.002/0.002 secs] [Times: user=0.00 sys=0.00, real=0.00 secs] 
2015-10-30T15:34:28.663+0000: 3735.844: [CMS-concurrent-abortable-preclean-start]
2015-10-30T15:34:33.366+0000: 3740.547: [GC (Allocation Failure) 3740.547: [ParNew: 35154K->3968K(36288K), 0.0156349 secs] 103513K->87715K(242952K), 0.0157370 secs] [Times: user=0.06 sys=0.00, real=0.01 secs] 
2015-10-30T15:34:33.409+0000: 3740.589: [CMS-concurrent-abortable-preclean: 0.767/4.745 secs] [Times: user=0.98 sys=0.02, real=4.75 secs] 
2015-10-30T15:34:33.411+0000: 3740.592: [GC (CMS Final Remark) [YG occupancy: 35158 K (36288 K)]3740.592: [Rescan (parallel) , 0.0168540 secs]3740.609: [weak refs processing, 0.0000194 secs]3740.609: [class unloading, 0.0129965 secs]3740.622: [scrub symbol table, 0.0066548 secs]3740.628: [scrub string table, 0.0007290 secs][1 CMS-remark: 83747K(206664K)] 118905K(242952K), 0.0385601 secs] [Times: user=0.09 sys=0.00, real=0.04 secs] 
2015-10-30T15:34:33.451+0000: 3740.631: [GC (Allocation Failure) 3740.631: [ParNew: 36288K->3968K(36288K), 0.0066299 secs] 120035K->93708K(242952K), 0.0066962 secs] [Times: user=0.03 sys=0.00, real=0.01 secs] 
2015-10-30T15:34:33.458+0000: 3740.638: [CMS-concurrent-sweep-start]
2015-10-30T15:34:33.477+0000: 3740.657: [GC (Allocation Failure) 3740.657: [ParNew: 36288K->2879K(36288K), 0.0057417 secs] 114559K->84915K(242952K), 0.0058115 secs] [Times: user=0.02 sys=0.00, real=0.01 secs] 
2015-10-30T15:34:33.501+0000: 3740.682: [GC (Allocation Failure) 3740.682: [ParNew: 35199K->2079K(36288K), 0.0024924 secs] 107604K->74484K(242952K), 0.0025525 secs] [Times: user=0.01 sys=0.00, real=0.00 secs] 
2015-10-30T15:34:33.505+0000: 3740.686: [CMS-concurrent-sweep: 0.037/0.048 secs] [Times: user=0.17 sys=0.00, real=0.05 secs] 
2015-10-30T15:34:33.505+0000: 3740.686: [CMS-concurrent-reset-start]
2015-10-30T15:34:33.508+0000: 3740.689: [CMS-concurrent-reset: 0.003/0.003 secs] [Times: user=0.01 sys=0.00, real=0.00 secs] 
2015-10-30T15:34:33.521+0000: 3740.702: [GC (Allocation Failure) 3740.702: [ParNew: 34399K->3216K(36288K), 0.0034100 secs] 97596K->66412K(242952K), 0.0034763 secs] [Times: user=0.01 sys=0.00, real=0.00 secs] 
2015-10-30T15:34:33.541+0000: 3740.722: [GC (Allocation Failure) 3740.722: [ParNew: 35536K->2951K(36288K), 0.0038177 secs] 98732K->66900K(242952K), 0.0038753 secs] [Times: user=0.02 sys=0.00, real=0.01 secs] 
2015-10-30T15:34:33.561+0000: 3740.742: [GC (Allocation Failure) 3740.742: [ParNew: 35271K->3968K(36288K), 0.0040211 secs] 99220K->67917K(242952K), 0.0040801 secs] [Times: user=0.01 sys=0.00, real=0.01 secs] 
2015-10-30T15:34:33.581+0000: 3740.762: [GC (Allocation Failure) 3740.762: [ParNew: 36288K->3243K(36288K), 0.0045892 secs] 100237K->68458K(242952K), 0.0046660 secs] [Times: user=0.02 sys=0.00, real=0.01 secs] 
2015-10-30T15:34:33.599+0000: 3740.779: [GC (Allocation Failure) 3740.780: [ParNew: 35563K->2422K(36288K), 0.0024149 secs] 100778K->67636K(242952K), 0.0024731 secs] [Times: user=0.01 sys=0.00, real=0.00 secs] 
2015-10-30T15:34:33.625+0000: 3740.805: [GC (Allocation Failure) 3740.805: [ParNew: 29664K->3396K(36288K), 0.0026920 secs] 94879K->73928K(242952K), 0.0027655 secs] [Times: user=0.01 sys=0.00, real=0.01 secs] 
2015-10-30T15:34:33.629+0000: 3740.809: [GC (CMS Initial Mark) [1 CMS-initial-mark: 70532K(206664K)] 81905K(242952K), 0.0020655 secs] [Times: user=0.00 sys=0.00, real=0.00 secs] 
2015-10-30T15:34:33.631+0000: 3740.811: [CMS-concurrent-mark-start]
2015-10-30T15:34:33.660+0000: 3740.840: [CMS-concurrent-mark: 0.029/0.029 secs] [Times: user=0.06 sys=0.00, real=0.03 secs] 
2015-10-30T15:34:33.660+0000: 3740.840: [CMS-concurrent-preclean-start]
2015-10-30T15:34:33.661+0000: 3740.841: [CMS-concurrent-preclean: 0.001/0.001 secs] [Times: user=0.00 sys=0.00, real=0.00 secs] 
2015-10-30T15:34:33.661+0000: 3740.841: [CMS-concurrent-abortable-preclean-start]
2015-10-30T15:34:38.367+0000: 3745.548: [GC (Allocation Failure) 3745.548: [ParNew: 35716K->3968K(36288K), 0.0330579 secs] 106248K->88371K(242952K), 0.0331649 secs] [Times: user=0.04 sys=0.00, real=0.03 secs] 
2015-10-30T15:34:38.429+0000: 3745.609: [GC (Allocation Failure) 3745.609: [ParNew: 36288K->3968K(36288K), 0.0086005 secs] 120691K->95823K(242952K), 0.0086929 secs] [Times: user=0.03 sys=0.00, real=0.01 secs] 
2015-10-30T15:34:38.438+0000: 3745.618: [CMS-concurrent-abortable-preclean: 0.750/4.777 secs] [Times: user=0.98 sys=0.01, real=4.78 secs] 
2015-10-30T15:34:38.439+0000: 3745.619: [GC (CMS Final Remark) [YG occupancy: 4492 K (36288 K)]3745.619: [Rescan (parallel) , 0.0041393 secs]3745.624: [weak refs processing, 0.0000142 secs]3745.624: [class unloading, 0.0129622 secs]3745.637: [scrub symbol table, 0.0067908 secs]3745.643: [scrub string table, 0.0007338 secs][1 CMS-remark: 91855K(206664K)] 96347K(242952K), 0.0259359 secs] [Times: user=0.04 sys=0.00, real=0.02 secs] 
2015-10-30T15:34:38.465+0000: 3745.645: [CMS-concurrent-sweep-start]
2015-10-30T15:34:38.489+0000: 3745.669: [GC (Allocation Failure) 3745.669: [ParNew: 36288K->2904K(36288K), 0.0066882 secs] 115032K->85290K(242952K), 0.0067665 secs] [Times: user=0.03 sys=0.00, real=0.00 secs] 
2015-10-30T15:34:38.509+0000: 3745.690: [CMS-concurrent-sweep: 0.036/0.044 secs] [Times: user=0.16 sys=0.00, real=0.05 secs] 
2015-10-30T15:34:38.509+0000: 3745.690: [CMS-concurrent-reset-start]
2015-10-30T15:34:38.512+0000: 3745.693: [CMS-concurrent-reset: 0.003/0.003 secs] [Times: user=0.01 sys=0.00, real=0.00 secs] 
2015-10-30T15:34:38.517+0000: 3745.698: [GC (Allocation Failure) 3745.698: [ParNew: 35224K->2010K(36288K), 0.0027983 secs] 98427K->65213K(242952K), 0.0028571 secs] [Times: user=0.01 sys=0.00, real=0.00 secs] 
2015-10-30T15:34:38.537+0000: 3745.718: [GC (Allocation Failure) 3745.718: [ParNew: 34330K->3210K(36288K), 0.0032539 secs] 97533K->66412K(242952K), 0.0033062 secs] [Times: user=0.02 sys=0.00, real=0.00 secs] 
2015-10-30T15:34:38.555+0000: 3745.735: [GC (Allocation Failure) 3745.735: [ParNew: 35530K->2719K(36288K), 0.0040639 secs] 98732K->66681K(242952K), 0.0041353 secs] [Times: user=0.02 sys=0.00, real=0.01 secs] 
2015-10-30T15:34:38.573+0000: 3745.753: [GC (Allocation Failure) 3745.753: [ParNew: 35039K->3148K(36288K), 0.0043803 secs] 99001K->67830K(242952K), 0.0044534 secs] [Times: user=0.02 sys=0.00, real=0.00 secs] 
2015-10-30T15:34:38.590+0000: 3745.770: [GC (Allocation Failure) 3745.770: [ParNew: 35468K->2909K(36288K), 0.0032680 secs] 100150K->68164K(242952K), 0.0033344 secs] [Times: user=0.02 sys=0.00, real=0.00 secs] 
2015-10-30T15:34:38.609+0000: 3745.790: [GC (Allocation Failure) 3745.790: [ParNew: 35229K->1988K(36288K), 0.0025452 secs] 100484K->67242K(242952K), 0.0026121 secs] [Times: user=0.01 sys=0.00, real=0.00 secs] 
2015-10-30T15:34:38.637+0000: 3745.818: [GC (Allocation Failure) 3745.818: [ParNew: 31747K->3138K(36288K), 0.0027463 secs] 97001K->73711K(242952K), 0.0028421 secs] [Times: user=0.01 sys=0.01, real=0.01 secs] 
2015-10-30T15:34:38.641+0000: 3745.822: [GC (CMS Initial Mark) [1 CMS-initial-mark: 70572K(206664K)] 81689K(242952K), 0.0017003 secs] [Times: user=0.00 sys=0.00, real=0.00 secs] 
2015-10-30T15:34:38.643+0000: 3745.823: [CMS-concurrent-mark-start]
2015-10-30T15:34:38.689+0000: 3745.870: [CMS-concurrent-mark: 0.046/0.046 secs] [Times: user=0.10 sys=0.00, real=0.05 secs] 
2015-10-30T15:34:38.689+0000: 3745.870: [CMS-concurrent-preclean-start]
2015-10-30T15:34:38.691+0000: 3745.872: [CMS-concurrent-preclean: 0.002/0.002 secs] [Times: user=0.00 sys=0.00, real=0.00 secs] 
2015-10-30T15:34:38.691+0000: 3745.872: [CMS-concurrent-abortable-preclean-start]
 CMS: abort preclean due to time 2015-10-30T15:34:43.806+0000: 3750.987: [CMS-concurrent-abortable-preclean: 0.783/5.115 secs] [Times: user=0.88 sys=0.00, real=5.12 secs] 
2015-10-30T15:34:43.806+0000: 3750.987: [GC (CMS Final Remark) [YG occupancy: 19389 K (36288 K)]3750.987: [Rescan (parallel) , 0.0017636 secs]3750.989: [weak refs processing, 0.0000162 secs]3750.989: [class unloading, 0.0130515 secs]3751.002: [scrub symbol table, 0.0066606 secs]3751.008: [scrub string table, 0.0007312 secs][1 CMS-remark: 70572K(206664K)] 89962K(242952K), 0.0235090 secs] [Times: user=0.03 sys=0.00, real=0.02 secs] 
2015-10-30T15:34:43.830+0000: 3751.011: [CMS-concurrent-sweep-start]
2015-10-30T15:34:43.861+0000: 3751.042: [CMS-concurrent-sweep: 0.031/0.031 secs] [Times: user=0.04 sys=0.00, real=0.03 secs] 
2015-10-30T15:34:43.861+0000: 3751.042: [CMS-concurrent-reset-start]
2015-10-30T15:34:43.864+0000: 3751.044: [CMS-concurrent-reset: 0.002/0.002 secs] [Times: user=0.00 sys=0.00, real=0.00 secs] 
2015-10-30T15:34:45.864+0000: 3753.044: [GC (CMS Initial Mark) [1 CMS-initial-mark: 39423K(206664K)] 58876K(242952K), 0.0019886 secs] [Times: user=0.00 sys=0.00, real=0.01 secs] 
2015-10-30T15:34:45.866+0000: 3753.046: [CMS-concurrent-mark-start]
2015-10-30T15:34:45.896+0000: 3753.077: [CMS-concurrent-mark: 0.030/0.030 secs] [Times: user=0.03 sys=0.00, real=0.02 secs] 
2015-10-30T15:34:45.896+0000: 3753.077: [CMS-concurrent-preclean-start]
2015-10-30T15:34:45.898+0000: 3753.078: [CMS-concurrent-preclean: 0.002/0.002 secs] [Times: user=0.00 sys=0.00, real=0.01 secs] 
2015-10-30T15:34:45.898+0000: 3753.078: [CMS-concurrent-abortable-preclean-start]
2015-10-30T15:34:48.379+0000: 3755.559: [GC (Allocation Failure) 3755.559: [ParNew: 35458K->3968K(36288K), 0.0113211 secs] 74882K->56635K(242952K), 0.0114210 secs] [Times: user=0.04 sys=0.00, real=0.01 secs] 
2015-10-30T15:34:48.418+0000: 3755.598: [GC (Allocation Failure) 3755.599: [ParNew: 36288K->3968K(36288K), 0.0100082 secs] 88955K->64901K(242952K), 0.0100973 secs] [Times: user=0.03 sys=0.00, real=0.01 secs] 
2015-10-30T15:34:48.449+0000: 3755.629: [GC (Allocation Failure) 3755.629: [ParNew: 36288K->3133K(36288K), 0.0055061 secs] 97221K->67758K(242952K), 0.0055882 secs] [Times: user=0.02 sys=0.00, real=0.00 secs] 
2015-10-30T15:34:48.477+0000: 3755.658: [GC (Allocation Failure) 3755.658: [ParNew: 35453K->2033K(36288K), 0.0028948 secs] 100078K->66658K(242952K), 0.0029434 secs] [Times: user=0.01 sys=0.00, real=0.00 secs] 
2015-10-30T15:34:48.481+0000: 3755.661: [CMS-concurrent-abortable-preclean: 0.461/2.583 secs] [Times: user=0.85 sys=0.00, real=2.58 secs] 
2015-10-30T15:34:48.494+0000: 3755.675: [GC (CMS Final Remark) [YG occupancy: 31659 K (36288 K)]3755.675: [Rescan (parallel) , 0.0194902 secs]3755.694: [weak refs processing, 0.0000196 secs]3755.694: [class unloading, 0.0128140 secs]3755.707: [scrub symbol table, 0.0066813 secs]3755.714: [scrub string table, 0.0007242 secs][1 CMS-remark: 64625K(206664K)] 96284K(242952K), 0.0410202 secs] [Times: user=0.10 sys=0.00, real=0.04 secs] 
2015-10-30T15:34:48.535+0000: 3755.716: [CMS-concurrent-sweep-start]
2015-10-30T15:34:48.537+0000: 3755.718: [GC (Allocation Failure) 3755.718: [ParNew: 34353K->3406K(36288K), 0.0038127 secs] 98917K->67970K(242952K), 0.0038624 secs] [Times: user=0.02 sys=0.00, real=0.00 secs] 
2015-10-30T15:34:48.561+0000: 3755.742: [GC (Allocation Failure) 3755.742: [ParNew: 35726K->2930K(36288K), 0.0049838 secs] 99243K->67212K(242952K), 0.0050528 secs] [Times: user=0.01 sys=0.00, real=0.01 secs] 
2015-10-30T15:34:48.569+0000: 3755.749: [CMS-concurrent-sweep: 0.022/0.033 secs] [Times: user=0.11 sys=0.00, real=0.04 secs] 
2015-10-30T15:34:48.569+0000: 3755.749: [CMS-concurrent-reset-start]
2015-10-30T15:34:48.571+0000: 3755.752: [CMS-concurrent-reset: 0.003/0.003 secs] [Times: user=0.01 sys=0.00, real=0.00 secs] 
2015-10-30T15:34:48.581+0000: 3755.762: [GC (Allocation Failure) 3755.762: [ParNew: 35250K->2691K(36288K), 0.0046831 secs] 99089K->67269K(242952K), 0.0047496 secs] [Times: user=0.02 sys=0.00, real=0.01 secs] 
2015-10-30T15:34:48.601+0000: 3755.782: [GC (Allocation Failure) 3755.782: [ParNew: 35011K->3446K(36288K), 0.0032287 secs] 99589K->68024K(242952K), 0.0032902 secs] [Times: user=0.01 sys=0.00, real=0.00 secs] 
2015-10-30T15:34:48.618+0000: 3755.798: [GC (Allocation Failure) 3755.798: [ParNew: 35766K->2046K(36288K), 0.0038244 secs] 100344K->67160K(242952K), 0.0038957 secs] [Times: user=0.01 sys=0.00, real=0.00 secs] 
2015-10-30T15:34:48.647+0000: 3755.827: [GC (Allocation Failure) 3755.827: [ParNew: 32592K->2638K(36288K), 0.0033365 secs] 97705K->73070K(242952K), 0.0034142 secs] [Times: user=0.01 sys=0.00, real=0.00 secs] 
2015-10-30T15:34:48.651+0000: 3755.832: [GC (CMS Initial Mark) [1 CMS-initial-mark: 70431K(206664K)] 81048K(242952K), 0.0020539 secs] [Times: user=0.00 sys=0.00, real=0.00 secs] 
2015-10-30T15:34:48.653+0000: 3755.834: [CMS-concurrent-mark-start]
2015-10-30T15:34:48.684+0000: 3755.865: [CMS-concurrent-mark: 0.031/0.031 secs] [Times: user=0.06 sys=0.00, real=0.03 secs] 
2015-10-30T15:34:48.684+0000: 3755.865: [CMS-concurrent-preclean-start]
2015-10-30T15:34:48.686+0000: 3755.866: [CMS-concurrent-preclean: 0.001/0.001 secs] [Times: user=0.01 sys=0.00, real=0.01 secs] 
2015-10-30T15:34:48.686+0000: 3755.866: [CMS-concurrent-abortable-preclean-start]
 CMS: abort preclean due to time 2015-10-30T15:34:53.716+0000: 3760.897: [CMS-concurrent-abortable-preclean: 0.780/5.031 secs] [Times: user=0.86 sys=0.01, real=5.02 secs] 
2015-10-30T15:34:53.717+0000: 3760.897: [GC (CMS Final Remark) [YG occupancy: 18654 K (36288 K)]3760.897: [Rescan (parallel) , 0.0016975 secs]3760.899: [weak refs processing, 0.0000162 secs]3760.899: [class unloading, 0.0134175 secs]3760.912: [scrub symbol table, 0.0067181 secs]3760.919: [scrub string table, 0.0007256 secs][1 CMS-remark: 70431K(206664K)] 89085K(242952K), 0.0238489 secs] [Times: user=0.03 sys=0.00, real=0.03 secs] 
2015-10-30T15:34:53.741+0000: 3760.921: [CMS-concurrent-sweep-start]
2015-10-30T15:34:53.764+0000: 3760.944: [CMS-concurrent-sweep: 0.023/0.023 secs] [Times: user=0.02 sys=0.00, real=0.02 secs] 
2015-10-30T15:34:53.764+0000: 3760.944: [CMS-concurrent-reset-start]
2015-10-30T15:34:53.766+0000: 3760.947: [CMS-concurrent-reset: 0.002/0.002 secs] [Times: user=0.00 sys=0.00, real=0.01 secs] 
2015-10-30T15:34:55.766+0000: 3762.946: [GC (CMS Initial Mark) [1 CMS-initial-mark: 39339K(206664K)] 58041K(242952K), 0.0020503 secs] [Times: user=0.00 sys=0.00, real=0.00 secs] 
2015-10-30T15:34:55.768+0000: 3762.948: [CMS-concurrent-mark-start]
2015-10-30T15:34:55.798+0000: 3762.979: [CMS-concurrent-mark: 0.030/0.030 secs] [Times: user=0.04 sys=0.00, real=0.03 secs] 
2015-10-30T15:34:55.798+0000: 3762.979: [CMS-concurrent-preclean-start]
2015-10-30T15:34:55.800+0000: 3762.981: [CMS-concurrent-preclean: 0.002/0.002 secs] [Times: user=0.00 sys=0.00, real=0.00 secs] 
2015-10-30T15:34:55.800+0000: 3762.981: [CMS-concurrent-abortable-preclean-start]
2015-10-30T15:34:58.372+0000: 3765.553: [GC (Allocation Failure) 3765.553: [ParNew: 34958K->3968K(36288K), 0.0111556 secs] 74298K->56685K(242952K), 0.0112541 secs] [Times: user=0.04 sys=0.00, real=0.01 secs] 
2015-10-30T15:34:58.411+0000: 3765.591: [GC (Allocation Failure) 3765.591: [ParNew: 36288K->3968K(36288K), 0.0106604 secs] 89005K->64882K(242952K), 0.0107562 secs] [Times: user=0.04 sys=0.00, real=0.01 secs] 
2015-10-30T15:34:58.439+0000: 3765.620: [GC (Allocation Failure) 3765.620: [ParNew: 36288K->3644K(36288K), 0.0058874 secs] 97202K->68259K(242952K), 0.0059742 secs] [Times: user=0.02 sys=0.00, real=0.00 secs] 
2015-10-30T15:34:58.463+0000: 3765.643: [CMS-concurrent-abortable-preclean: 0.448/2.663 secs] [Times: user=0.76 sys=0.00, real=2.66 secs] 
2015-10-30T15:34:58.465+0000: 3765.646: [GC (CMS Final Remark) [YG occupancy: 35094 K (36288 K)]3765.646: [Rescan (parallel) , 0.0200971 secs]3765.666: [weak refs processing, 0.0000195 secs]3765.666: [class unloading, 0.0129937 secs]3765.679: [scrub symbol table, 0.0085192 secs]3765.688: [scrub string table, 0.0007351 secs][1 CMS-remark: 64614K(206664K)] 99708K(242952K), 0.0436646 secs] [Times: user=0.11 sys=0.00, real=0.04 secs] 
2015-10-30T15:34:58.509+0000: 3765.690: [CMS-concurrent-sweep-start]
2015-10-30T15:34:58.510+0000: 3765.690: [GC (Allocation Failure) 3765.690: [ParNew: 35964K->2032K(36288K), 0.0030662 secs] 100579K->66647K(242952K), 0.0031171 secs] [Times: user=0.01 sys=0.00, real=0.00 secs] 
2015-10-30T15:34:58.532+0000: 3765.713: [GC (Allocation Failure) 3765.713: [ParNew: 34352K->3244K(36288K), 0.0039602 secs] 97940K->66832K(242952K), 0.0040362 secs] [Times: user=0.01 sys=0.00, real=0.00 secs] 
2015-10-30T15:34:58.539+0000: 3765.719: [CMS-concurrent-sweep: 0.022/0.030 secs] [Times: user=0.10 sys=0.00, real=0.03 secs] 
2015-10-30T15:34:58.539+0000: 3765.720: [CMS-concurrent-reset-start]
2015-10-30T15:34:58.542+0000: 3765.722: [CMS-concurrent-reset: 0.003/0.003 secs] [Times: user=0.01 sys=0.00, real=0.00 secs] 
2015-10-30T15:34:58.553+0000: 3765.734: [GC (Allocation Failure) 3765.734: [ParNew: 35564K->2954K(36288K), 0.0043683 secs] 98628K->66781K(242952K), 0.0044447 secs] [Times: user=0.02 sys=0.00, real=0.01 secs] 
2015-10-30T15:34:58.571+0000: 3765.752: [GC (Allocation Failure) 3765.752: [ParNew: 35274K->3968K(36288K), 0.0039709 secs] 99101K->67796K(242952K), 0.0040480 secs] [Times: user=0.01 sys=0.00, real=0.00 secs] 
2015-10-30T15:34:58.589+0000: 3765.769: [GC (Allocation Failure) 3765.769: [ParNew: 36288K->2794K(36288K), 0.0054423 secs] 100116K->67938K(242952K), 0.0055204 secs] [Times: user=0.02 sys=0.00, real=0.00 secs] 
2015-10-30T15:34:58.607+0000: 3765.788: [GC (Allocation Failure) 3765.788: [ParNew: 35114K->2562K(36288K), 0.0024576 secs] 100258K->67706K(242952K), 0.0025201 secs] [Times: user=0.01 sys=0.00, real=0.00 secs] 
2015-10-30T15:34:58.636+0000: 3765.816: [GC (Allocation Failure) 3765.816: [ParNew: 33288K->3152K(36288K), 0.0028739 secs] 98432K->73614K(242952K), 0.0029563 secs] [Times: user=0.01 sys=0.00, real=0.01 secs] 
2015-10-30T15:34:58.640+0000: 3765.820: [GC (CMS Initial Mark) [1 CMS-initial-mark: 70461K(206664K)] 81593K(242952K), 0.0019673 secs] [Times: user=0.01 sys=0.00, real=0.00 secs] 
2015-10-30T15:34:58.642+0000: 3765.822: [CMS-concurrent-mark-start]
2015-10-30T15:34:58.672+0000: 3765.853: [CMS-concurrent-mark: 0.030/0.030 secs] [Times: user=0.06 sys=0.00, real=0.03 secs] 
2015-10-30T15:34:58.672+0000: 3765.853: [CMS-concurrent-preclean-start]
2015-10-30T15:34:58.674+0000: 3765.854: [CMS-concurrent-preclean: 0.001/0.001 secs] [Times: user=0.00 sys=0.00, real=0.00 secs] 
2015-10-30T15:34:58.674+0000: 3765.854: [CMS-concurrent-abortable-preclean-start]
 CMS: abort preclean due to time 2015-10-30T15:35:03.680+0000: 3770.861: [CMS-concurrent-abortable-preclean: 0.751/5.007 secs] [Times: user=0.84 sys=0.00, real=5.01 secs] 
2015-10-30T15:35:03.681+0000: 3770.861: [GC (CMS Final Remark) [YG occupancy: 19219 K (36288 K)]3770.861: [Rescan (parallel) , 0.0022964 secs]3770.863: [weak refs processing, 0.0000166 secs]3770.863: [class unloading, 0.0130169 secs]3770.876: [scrub symbol table, 0.0069611 secs]3770.883: [scrub string table, 0.0007313 secs][1 CMS-remark: 70461K(206664K)] 89681K(242952K), 0.0243276 secs] [Times: user=0.03 sys=0.00, real=0.02 secs] 
2015-10-30T15:35:03.705+0000: 3770.886: [CMS-concurrent-sweep-start]
2015-10-30T15:35:03.727+0000: 3770.907: [CMS-concurrent-sweep: 0.021/0.021 secs] [Times: user=0.03 sys=0.00, real=0.02 secs] 
2015-10-30T15:35:03.727+0000: 3770.907: [CMS-concurrent-reset-start]
2015-10-30T15:35:03.729+0000: 3770.910: [CMS-concurrent-reset: 0.003/0.003 secs] [Times: user=0.00 sys=0.00, real=0.00 secs] 
2015-10-30T15:35:05.729+0000: 3772.910: [GC (CMS Initial Mark) [1 CMS-initial-mark: 37924K(206664K)] 57210K(242952K), 0.0019357 secs] [Times: user=0.01 sys=0.00, real=0.00 secs] 
2015-10-30T15:35:05.731+0000: 3772.912: [CMS-concurrent-mark-start]
2015-10-30T15:35:05.761+0000: 3772.942: [CMS-concurrent-mark: 0.030/0.030 secs] [Times: user=0.03 sys=0.00, real=0.03 secs] 
2015-10-30T15:35:05.761+0000: 3772.942: [CMS-concurrent-preclean-start]
2015-10-30T15:35:05.763+0000: 3772.943: [CMS-concurrent-preclean: 0.002/0.002 secs] [Times: user=0.00 sys=0.00, real=0.00 secs] 
2015-10-30T15:35:05.763+0000: 3772.943: [CMS-concurrent-abortable-preclean-start]
2015-10-30T15:35:08.368+0000: 3775.548: [GC (Allocation Failure) 3775.548: [ParNew: 35472K->3968K(36288K), 0.0121514 secs] 73397K->55727K(242952K), 0.0122527 secs] [Times: user=0.04 sys=0.00, real=0.01 secs] 
2015-10-30T15:35:08.413+0000: 3775.594: [GC (Allocation Failure) 3775.594: [ParNew: 36288K->3968K(36288K), 0.0096075 secs] 88047K->63265K(242952K), 0.0096986 secs] [Times: user=0.03 sys=0.00, real=0.01 secs] 
2015-10-30T15:35:08.423+0000: 3775.604: [CMS-concurrent-abortable-preclean: 0.436/2.660 secs] [Times: user=0.63 sys=0.00, real=2.66 secs] 
2015-10-30T15:35:08.424+0000: 3775.604: [GC (CMS Final Remark) [YG occupancy: 5052 K (36288 K)]3775.604: [Rescan (parallel) , 0.0046869 secs]3775.609: [weak refs processing, 0.0000172 secs]3775.609: [class unloading, 0.0130612 secs]3775.622: [scrub symbol table, 0.0067657 secs]3775.629: [scrub string table, 0.0007507 secs][1 CMS-remark: 59297K(206664K)] 64349K(242952K), 0.0265976 secs] [Times: user=0.04 sys=0.00, real=0.03 secs] 
2015-10-30T15:35:08.451+0000: 3775.631: [CMS-concurrent-sweep-start]
2015-10-30T15:35:08.473+0000: 3775.654: [GC (Allocation Failure) 3775.654: [ParNew: 36288K->3307K(36288K), 0.0055181 secs] 94495K->65247K(242952K), 0.0055982 secs] [Times: user=0.02 sys=0.00, real=0.01 secs] 
2015-10-30T15:35:08.483+0000: 3775.664: [CMS-concurrent-sweep: 0.022/0.033 secs] [Times: user=0.10 sys=0.00, real=0.03 secs] 
2015-10-30T15:35:08.483+0000: 3775.664: [CMS-concurrent-reset-start]
2015-10-30T15:35:08.486+0000: 3775.666: [CMS-concurrent-reset: 0.003/0.003 secs] [Times: user=0.01 sys=0.00, real=0.01 secs] 
2015-10-30T15:35:08.497+0000: 3775.678: [GC (Allocation Failure) 3775.678: [ParNew: 35627K->2046K(36288K), 0.0025515 secs] 97102K->63520K(242952K), 0.0026152 secs] [Times: user=0.01 sys=0.00, real=0.00 secs] 
2015-10-30T15:35:08.516+0000: 3775.697: [GC (Allocation Failure) 3775.697: [ParNew: 34366K->2795K(36288K), 0.0035844 secs] 95840K->64270K(242952K), 0.0036525 secs] [Times: user=0.01 sys=0.00, real=0.01 secs] 
2015-10-30T15:35:08.539+0000: 3775.720: [GC (Allocation Failure) 3775.720: [ParNew: 35115K->2846K(36288K), 0.0047940 secs] 96590K->65062K(242952K), 0.0048721 secs] [Times: user=0.01 sys=0.00, real=0.00 secs] 
2015-10-30T15:35:08.558+0000: 3775.739: [GC (Allocation Failure) 3775.739: [ParNew: 35166K->3810K(36288K), 0.0034207 secs] 97382K->66027K(242952K), 0.0034898 secs] [Times: user=0.01 sys=0.00, real=0.00 secs] 
2015-10-30T15:35:08.581+0000: 3775.762: [GC (Allocation Failure) 3775.762: [ParNew: 36130K->3131K(36288K), 0.0059511 secs] 98347K->66571K(242952K), 0.0060274 secs] [Times: user=0.02 sys=0.00, real=0.01 secs] 
2015-10-30T15:35:08.605+0000: 3775.785: [GC (Allocation Failure) 3775.785: [ParNew: 35451K->1823K(36288K), 0.0032525 secs] 98891K->65263K(242952K), 0.0033326 secs] [Times: user=0.01 sys=0.00, real=0.01 secs] 
2015-10-30T15:35:08.638+0000: 3775.819: [GC (Allocation Failure) 3775.819: [ParNew: 31536K->3152K(36288K), 0.0029499 secs] 94976K->71910K(242952K), 0.0030447 secs] [Times: user=0.01 sys=0.00, real=0.00 secs] 
2015-10-30T15:35:08.643+0000: 3775.823: [GC (CMS Initial Mark) [1 CMS-initial-mark: 68757K(206664K)] 79889K(242952K), 0.0018004 secs] [Times: user=0.01 sys=0.00, real=0.00 secs] 
2015-10-30T15:35:08.644+0000: 3775.825: [CMS-concurrent-mark-start]
2015-10-30T15:35:08.676+0000: 3775.856: [CMS-concurrent-mark: 0.031/0.031 secs] [Times: user=0.06 sys=0.00, real=0.03 secs] 
2015-10-30T15:35:08.676+0000: 3775.856: [CMS-concurrent-preclean-start]
2015-10-30T15:35:08.677+0000: 3775.858: [CMS-concurrent-preclean: 0.002/0.002 secs] [Times: user=0.00 sys=0.00, real=0.01 secs] 
2015-10-30T15:35:08.677+0000: 3775.858: [CMS-concurrent-abortable-preclean-start]
 CMS: abort preclean due to time 2015-10-30T15:35:13.708+0000: 3780.889: [CMS-concurrent-abortable-preclean: 0.777/5.031 secs] [Times: user=0.87 sys=0.00, real=5.03 secs] 
2015-10-30T15:35:13.709+0000: 3780.889: [GC (CMS Final Remark) [YG occupancy: 19153 K (36288 K)]3780.889: [Rescan (parallel) , 0.0017020 secs]3780.891: [weak refs processing, 0.0000175 secs]3780.891: [class unloading, 0.0132780 secs]3780.904: [scrub symbol table, 0.0067150 secs]3780.911: [scrub string table, 0.0007293 secs][1 CMS-remark: 68757K(206664K)] 87911K(242952K), 0.0237683 secs] [Times: user=0.02 sys=0.00, real=0.02 secs] 
2015-10-30T15:35:13.733+0000: 3780.913: [CMS-concurrent-sweep-start]
2015-10-30T15:35:13.754+0000: 3780.934: [CMS-concurrent-sweep: 0.021/0.021 secs] [Times: user=0.03 sys=0.00, real=0.02 secs] 
2015-10-30T15:35:13.754+0000: 3780.934: [CMS-concurrent-reset-start]
2015-10-30T15:35:13.756+0000: 3780.937: [CMS-concurrent-reset: 0.002/0.002 secs] [Times: user=0.00 sys=0.00, real=0.00 secs] 
2015-10-30T15:35:15.756+0000: 3782.937: [GC (CMS Initial Mark) [1 CMS-initial-mark: 38007K(206664K)] 57204K(242952K), 0.0019199 secs] [Times: user=0.00 sys=0.00, real=0.01 secs] 
2015-10-30T15:35:15.758+0000: 3782.939: [CMS-concurrent-mark-start]
2015-10-30T15:35:15.789+0000: 3782.969: [CMS-concurrent-mark: 0.030/0.030 secs] [Times: user=0.03 sys=0.00, real=0.03 secs] 
2015-10-30T15:35:15.789+0000: 3782.969: [CMS-concurrent-preclean-start]
2015-10-30T15:35:15.790+0000: 3782.971: [CMS-concurrent-preclean: 0.002/0.002 secs] [Times: user=0.00 sys=0.00, real=0.00 secs] 
2015-10-30T15:35:15.790+0000: 3782.971: [CMS-concurrent-abortable-preclean-start]
2015-10-30T15:35:18.345+0000: 3785.526: [GC (Allocation Failure) 3785.526: [ParNew: 35472K->3968K(36288K), 0.0113070 secs] 73480K->55336K(242952K), 0.0114041 secs] [Times: user=0.04 sys=0.00, real=0.00 secs] 
2015-10-30T15:35:18.386+0000: 3785.567: [GC (Allocation Failure) 3785.567: [ParNew: 36288K->3968K(36288K), 0.0102271 secs] 87656K->63218K(242952K), 0.0103139 secs] [Times: user=0.04 sys=0.00, real=0.00 secs] 
2015-10-30T15:35:18.397+0000: 3785.577: [CMS-concurrent-abortable-preclean: 0.420/2.607 secs] [Times: user=0.63 sys=0.00, real=2.60 secs] 
2015-10-30T15:35:18.398+0000: 3785.579: [GC (CMS Final Remark) [YG occupancy: 6034 K (36288 K)]3785.579: [Rescan (parallel) , 0.0052100 secs]3785.584: [weak refs processing, 0.0000182 secs]3785.584: [class unloading, 0.0130019 secs]3785.597: [scrub symbol table, 0.0070221 secs]3785.604: [scrub string table, 0.0007325 secs][1 CMS-remark: 59250K(206664K)] 65284K(242952K), 0.0273046 secs] [Times: user=0.04 sys=0.00, real=0.03 secs] 
2015-10-30T15:35:18.426+0000: 3785.606: [CMS-concurrent-sweep-start]
2015-10-30T15:35:18.444+0000: 3785.624: [GC (Allocation Failure) 3785.624: [ParNew: 36288K->3207K(36288K), 0.0057233 secs] 94574K->65178K(242952K), 0.0058059 secs] [Times: user=0.02 sys=0.00, real=0.01 secs] 
2015-10-30T15:35:18.456+0000: 3785.637: [CMS-concurrent-sweep: 0.025/0.031 secs] [Times: user=0.12 sys=0.00, real=0.02 secs] 
2015-10-30T15:35:18.457+0000: 3785.637: [CMS-concurrent-reset-start]
2015-10-30T15:35:18.459+0000: 3785.640: [CMS-concurrent-reset: 0.003/0.003 secs] [Times: user=0.01 sys=0.00, real=0.01 secs] 
2015-10-30T15:35:18.466+0000: 3785.647: [GC (Allocation Failure) 3785.647: [ParNew: 35527K->2321K(36288K), 0.0025912 secs] 96914K->63708K(242952K), 0.0026609 secs] [Times: user=0.01 sys=0.00, real=0.00 secs] 
2015-10-30T15:35:18.483+0000: 3785.664: [GC (Allocation Failure) 3785.664: [ParNew: 34641K->3293K(36288K), 0.0035107 secs] 96028K->64680K(242952K), 0.0035997 secs] [Times: user=0.01 sys=0.00, real=0.01 secs] 
2015-10-30T15:35:18.504+0000: 3785.684: [GC (Allocation Failure) 3785.684: [ParNew: 35613K->2877K(36288K), 0.0042277 secs] 97000K->65048K(242952K), 0.0043033 secs] [Times: user=0.01 sys=0.00, real=0.01 secs] 
2015-10-30T15:35:18.523+0000: 3785.704: [GC (Allocation Failure) 3785.704: [ParNew: 35197K->3542K(36288K), 0.0047471 secs] 97368K->65714K(242952K), 0.0048295 secs] [Times: user=0.02 sys=0.00, real=0.01 secs] 
2015-10-30T15:35:18.543+0000: 3785.723: [GC (Allocation Failure) 3785.723: [ParNew: 35862K->3312K(36288K), 0.0055160 secs] 98034K->66762K(242952K), 0.0055917 secs] [Times: user=0.02 sys=0.00, real=0.01 secs] 
2015-10-30T15:35:18.562+0000: 3785.742: [GC (Allocation Failure) 3785.742: [ParNew: 35632K->2161K(36288K), 0.0023926 secs] 99082K->65611K(242952K), 0.0024557 secs] [Times: user=0.01 sys=0.00, real=0.00 secs] 
2015-10-30T15:35:18.587+0000: 3785.767: [GC (Allocation Failure) 3785.767: [ParNew: 32374K->3162K(36288K), 0.0030922 secs] 95824K->71930K(242952K), 0.0031742 secs] [Times: user=0.01 sys=0.00, real=0.00 secs] 
2015-10-30T15:35:18.591+0000: 3785.772: [GC (CMS Initial Mark) [1 CMS-initial-mark: 68767K(206664K)] 79909K(242952K), 0.0017897 secs] [Times: user=0.00 sys=0.00, real=0.00 secs] 
2015-10-30T15:35:18.593+0000: 3785.773: [CMS-concurrent-mark-start]
2015-10-30T15:35:18.623+0000: 3785.803: [CMS-concurrent-mark: 0.030/0.030 secs] [Times: user=0.06 sys=0.00, real=0.03 secs] 
2015-10-30T15:35:18.623+0000: 3785.804: [CMS-concurrent-preclean-start]
2015-10-30T15:35:18.625+0000: 3785.805: [CMS-concurrent-preclean: 0.001/0.001 secs] [Times: user=0.00 sys=0.00, real=0.00 secs] 
2015-10-30T15:35:18.625+0000: 3785.805: [CMS-concurrent-abortable-preclean-start]
 CMS: abort preclean due to time 2015-10-30T15:35:23.656+0000: 3790.836: [CMS-concurrent-abortable-preclean: 0.775/5.031 secs] [Times: user=0.87 sys=0.00, real=5.03 secs] 
2015-10-30T15:35:23.656+0000: 3790.837: [GC (CMS Final Remark) [YG occupancy: 19271 K (36288 K)]3790.837: [Rescan (parallel) , 0.0021294 secs]3790.839: [weak refs processing, 0.0000167 secs]3790.839: [class unloading, 0.0134091 secs]3790.852: [scrub symbol table, 0.0068392 secs]3790.859: [scrub string table, 0.0007281 secs][1 CMS-remark: 68767K(206664K)] 88039K(242952K), 0.0243966 secs] [Times: user=0.03 sys=0.00, real=0.03 secs] 
2015-10-30T15:35:23.681+0000: 3790.861: [CMS-concurrent-sweep-start]
2015-10-30T15:35:23.702+0000: 3790.882: [CMS-concurrent-sweep: 0.021/0.021 secs] [Times: user=0.02 sys=0.00, real=0.02 secs] 
2015-10-30T15:35:23.702+0000: 3790.882: [CMS-concurrent-reset-start]
2015-10-30T15:35:23.704+0000: 3790.884: [CMS-concurrent-reset: 0.002/0.002 secs] [Times: user=0.00 sys=0.00, real=0.00 secs] 
2015-10-30T15:35:25.704+0000: 3792.885: [GC (CMS Initial Mark) [1 CMS-initial-mark: 36965K(206664K)] 56280K(242952K), 0.0020026 secs] [Times: user=0.00 sys=0.00, real=0.01 secs] 
2015-10-30T15:35:25.706+0000: 3792.887: [CMS-concurrent-mark-start]
2015-10-30T15:35:25.736+0000: 3792.917: [CMS-concurrent-mark: 0.030/0.030 secs] [Times: user=0.03 sys=0.00, real=0.02 secs] 
2015-10-30T15:35:25.736+0000: 3792.917: [CMS-concurrent-preclean-start]
2015-10-30T15:35:25.738+0000: 3792.918: [CMS-concurrent-preclean: 0.002/0.002 secs] [Times: user=0.01 sys=0.00, real=0.01 secs] 
2015-10-30T15:35:25.738+0000: 3792.918: [CMS-concurrent-abortable-preclean-start]
2015-10-30T15:35:28.379+0000: 3795.560: [GC (Allocation Failure) 3795.560: [ParNew: 35469K->3968K(36288K), 0.0107874 secs] 72434K->54278K(242952K), 0.0108870 secs] [Times: user=0.04 sys=0.00, real=0.01 secs] 
2015-10-30T15:35:28.417+0000: 3795.598: [CMS-concurrent-abortable-preclean: 0.458/2.679 secs] [Times: user=0.66 sys=0.01, real=2.68 secs] 
2015-10-30T15:35:28.421+0000: 3795.602: [GC (CMS Final Remark) [YG occupancy: 20877 K (36288 K)]3795.602: [Rescan (parallel) , 0.0081250 secs]3795.610: [weak refs processing, 0.0000203 secs]3795.610: [class unloading, 0.0132288 secs]3795.623: [scrub symbol table, 0.0072911 secs]3795.631: [scrub string table, 0.0007356 secs][1 CMS-remark: 50310K(206664K)] 71188K(242952K), 0.0307707 secs] [Times: user=0.06 sys=0.00, real=0.03 secs] 
2015-10-30T15:35:28.452+0000: 3795.633: [CMS-concurrent-sweep-start]
2015-10-30T15:35:28.463+0000: 3795.643: [GC (Allocation Failure) 3795.643: [ParNew: 36288K->3968K(36288K), 0.0090008 secs] 86569K->61271K(242952K), 0.0090936 secs] [Times: user=0.03 sys=0.00, real=0.01 secs] 
2015-10-30T15:35:28.483+0000: 3795.663: [CMS-concurrent-sweep: 0.021/0.030 secs] [Times: user=0.11 sys=0.00, real=0.03 secs] 
2015-10-30T15:35:28.483+0000: 3795.663: [CMS-concurrent-reset-start]
2015-10-30T15:35:28.486+0000: 3795.666: [CMS-concurrent-reset: 0.003/0.003 secs] [Times: user=0.01 sys=0.00, real=0.01 secs] 
2015-10-30T15:35:28.493+0000: 3795.674: [GC (Allocation Failure) 3795.674: [ParNew: 36288K->2643K(36288K), 0.0056630 secs] 93524K->63515K(242952K), 0.0057506 secs] [Times: user=0.02 sys=0.00, real=0.01 secs] 
2015-10-30T15:35:28.517+0000: 3795.698: [GC (Allocation Failure) 3795.698: [ParNew: 34963K->2184K(36288K), 0.0025611 secs] 95835K->63056K(242952K), 0.0026376 secs] [Times: user=0.01 sys=0.00, real=0.00 secs] 
2015-10-30T15:35:28.542+0000: 3795.722: [GC (Allocation Failure) 3795.723: [ParNew: 34504K->2813K(36288K), 0.0054171 secs] 95376K->63685K(242952K), 0.0055096 secs] [Times: user=0.02 sys=0.00, real=0.01 secs] 
2015-10-30T15:35:28.577+0000: 3795.758: [GC (Allocation Failure) 3795.758: [ParNew: 35133K->3368K(36288K), 0.0124416 secs] 96005K->64949K(242952K), 0.0125391 secs] [Times: user=0.02 sys=0.00, real=0.01 secs] 
2015-10-30T15:35:28.611+0000: 3795.792: [GC (Allocation Failure) 3795.792: [ParNew: 35688K->2182K(36288K), 0.0090561 secs] 97269K->64438K(242952K), 0.0091531 secs] [Times: user=0.02 sys=0.00, real=0.01 secs] 
2015-10-30T15:35:28.634+0000: 3795.814: [GC (Allocation Failure) 3795.814: [ParNew: 34502K->3968K(36288K), 0.0031644 secs] 96758K->66224K(242952K), 0.0032536 secs] [Times: user=0.01 sys=0.00, real=0.00 secs] 
2015-10-30T15:35:28.650+0000: 3795.831: [GC (Allocation Failure) 3795.831: [ParNew: 36288K->2925K(36288K), 0.0038192 secs] 98544K->65750K(242952K), 0.0039141 secs] [Times: user=0.01 sys=0.00, real=0.00 secs] 
2015-10-30T15:35:28.680+0000: 3795.860: [GC (Allocation Failure) 3795.860: [ParNew: 33598K->2887K(36288K), 0.0029745 secs] 96423K->71030K(242952K), 0.0030607 secs] [Times: user=0.01 sys=0.00, real=0.00 secs] 
2015-10-30T15:35:28.684+0000: 3795.864: [GC (CMS Initial Mark) [1 CMS-initial-mark: 68142K(206664K)] 79007K(242952K), 0.0017352 secs] [Times: user=0.01 sys=0.00, real=0.01 secs] 
2015-10-30T15:35:28.686+0000: 3795.866: [CMS-concurrent-mark-start]
2015-10-30T15:35:28.717+0000: 3795.898: [CMS-concurrent-mark: 0.032/0.032 secs] [Times: user=0.06 sys=0.00, real=0.03 secs] 
2015-10-30T15:35:28.717+0000: 3795.898: [CMS-concurrent-preclean-start]
2015-10-30T15:35:28.719+0000: 3795.899: [CMS-concurrent-preclean: 0.001/0.001 secs] [Times: user=0.01 sys=0.00, real=0.00 secs] 
2015-10-30T15:35:28.719+0000: 3795.899: [CMS-concurrent-abortable-preclean-start]
 CMS: abort preclean due to time 2015-10-30T15:35:33.750+0000: 3800.930: [CMS-concurrent-abortable-preclean: 0.783/5.031 secs] [Times: user=0.86 sys=0.00, real=5.03 secs] 
2015-10-30T15:35:33.750+0000: 3800.930: [GC (CMS Final Remark) [YG occupancy: 19182 K (36288 K)]3800.930: [Rescan (parallel) , 0.0017682 secs]3800.932: [weak refs processing, 0.0000171 secs]3800.932: [class unloading, 0.0136570 secs]3800.946: [scrub symbol table, 0.0068047 secs]3800.953: [scrub string table, 0.0007321 secs][1 CMS-remark: 68142K(206664K)] 87325K(242952K), 0.0243325 secs] [Times: user=0.03 sys=0.00, real=0.02 secs] 
2015-10-30T15:35:33.774+0000: 3800.955: [CMS-concurrent-sweep-start]
2015-10-30T15:35:33.794+0000: 3800.975: [CMS-concurrent-sweep: 0.020/0.020 secs] [Times: user=0.02 sys=0.00, real=0.02 secs] 
2015-10-30T15:35:33.794+0000: 3800.975: [CMS-concurrent-reset-start]
2015-10-30T15:35:33.797+0000: 3800.977: [CMS-concurrent-reset: 0.002/0.002 secs] [Times: user=0.00 sys=0.00, real=0.00 secs] 
2015-10-30T15:35:35.796+0000: 3802.977: [GC (CMS Initial Mark) [1 CMS-initial-mark: 38382K(206664K)] 57594K(242952K), 0.0021340 secs] [Times: user=0.01 sys=0.00, real=0.01 secs] 
2015-10-30T15:35:35.798+0000: 3802.979: [CMS-concurrent-mark-start]
2015-10-30T15:35:35.828+0000: 3803.009: [CMS-concurrent-mark: 0.030/0.030 secs] [Times: user=0.03 sys=0.00, real=0.03 secs] 
2015-10-30T15:35:35.828+0000: 3803.009: [CMS-concurrent-preclean-start]
2015-10-30T15:35:35.830+0000: 3803.010: [CMS-concurrent-preclean: 0.002/0.002 secs] [Times: user=0.00 sys=0.00, real=0.00 secs] 
2015-10-30T15:35:35.830+0000: 3803.010: [CMS-concurrent-abortable-preclean-start]
2015-10-30T15:35:38.377+0000: 3805.558: [GC (Allocation Failure) 3805.558: [ParNew: 35207K->3968K(36288K), 0.0114282 secs] 73590K->55663K(242952K), 0.0115362 secs] [Times: user=0.03 sys=0.01, real=0.01 secs] 
2015-10-30T15:35:38.419+0000: 3805.599: [GC (Allocation Failure) 3805.599: [ParNew: 36288K->3968K(36288K), 0.0106215 secs] 87983K->63864K(242952K), 0.0107133 secs] [Times: user=0.04 sys=0.00, real=0.01 secs] 
2015-10-30T15:35:38.445+0000: 3805.625: [GC (Allocation Failure) 3805.625: [ParNew: 36288K->3522K(36288K), 0.0064814 secs] 96184K->67228K(242952K), 0.0065746 secs] [Times: user=0.02 sys=0.00, real=0.01 secs] 
2015-10-30T15:35:38.451+0000: 3805.632: [CMS-concurrent-abortable-preclean: 0.432/2.621 secs] [Times: user=0.70 sys=0.01, real=2.62 secs] 
2015-10-30T15:35:38.452+0000: 3805.632: [GC (CMS Final Remark) [YG occupancy: 4045 K (36288 K)]3805.632: [Rescan (parallel) , 0.0060665 secs]3805.638: [weak refs processing, 0.0000165 secs]3805.638: [class unloading, 0.0131504 secs]3805.651: [scrub symbol table, 0.0067468 secs]3805.658: [scrub string table, 0.0007312 secs][1 CMS-remark: 63706K(206664K)] 67751K(242952K), 0.0280122 secs] [Times: user=0.05 sys=0.00, real=0.03 secs] 
2015-10-30T15:35:38.480+0000: 3805.660: [CMS-concurrent-sweep-start]
2015-10-30T15:35:38.497+0000: 3805.677: [GC (Allocation Failure) 3805.677: [ParNew: 35842K->2174K(36288K), 0.0024610 secs] 98524K->64856K(242952K), 0.0025226 secs] [Times: user=0.01 sys=0.00, real=0.01 secs] 
2015-10-30T15:35:38.510+0000: 3805.691: [CMS-concurrent-sweep: 0.028/0.030 secs] [Times: user=0.12 sys=0.00, real=0.03 secs] 
2015-10-30T15:35:38.510+0000: 3805.691: [CMS-concurrent-reset-start]
2015-10-30T15:35:38.513+0000: 3805.693: [CMS-concurrent-reset: 0.003/0.003 secs] [Times: user=0.01 sys=0.00, real=0.00 secs] 
2015-10-30T15:35:38.517+0000: 3805.698: [GC (Allocation Failure) 3805.698: [ParNew: 34494K->3217K(36288K), 0.0033937 secs] 96115K->64838K(242952K), 0.0034611 secs] [Times: user=0.02 sys=0.00, real=0.00 secs] 
2015-10-30T15:35:38.539+0000: 3805.720: [GC (Allocation Failure) 3805.720: [ParNew: 35537K->2931K(36288K), 0.0048476 secs] 97158K->65311K(242952K), 0.0049186 secs] [Times: user=0.01 sys=0.00, real=0.00 secs] 
2015-10-30T15:35:38.559+0000: 3805.740: [GC (Allocation Failure) 3805.740: [ParNew: 35251K->3527K(36288K), 0.0038406 secs] 97631K->65907K(242952K), 0.0039119 secs] [Times: user=0.01 sys=0.00, real=0.00 secs] 
2015-10-30T15:35:38.577+0000: 3805.757: [GC (Allocation Failure) 3805.757: [ParNew: 35847K->3276K(36288K), 0.0045640 secs] 98227K->66960K(242952K), 0.0046453 secs] [Times: user=0.02 sys=0.00, real=0.01 secs] 
2015-10-30T15:35:38.597+0000: 3805.778: [GC (Allocation Failure) 3805.778: [ParNew: 35596K->2433K(36288K), 0.0027473 secs] 99280K->66117K(242952K), 0.0028099 secs] [Times: user=0.01 sys=0.00, real=0.00 secs] 
2015-10-30T15:35:38.627+0000: 3805.808: [GC (Allocation Failure) 3805.808: [ParNew: 32525K->3471K(36288K), 0.0029874 secs] 96209K->72473K(242952K), 0.0030678 secs] [Times: user=0.01 sys=0.00, real=0.00 secs] 
2015-10-30T15:35:38.632+0000: 3805.812: [GC (CMS Initial Mark) [1 CMS-initial-mark: 69001K(206664K)] 80452K(242952K), 0.0021561 secs] [Times: user=0.00 sys=0.00, real=0.00 secs] 
2015-10-30T15:35:38.634+0000: 3805.814: [CMS-concurrent-mark-start]
2015-10-30T15:35:38.664+0000: 3805.845: [CMS-concurrent-mark: 0.030/0.030 secs] [Times: user=0.06 sys=0.00, real=0.03 secs] 
2015-10-30T15:35:38.664+0000: 3805.845: [CMS-concurrent-preclean-start]
2015-10-30T15:35:38.666+0000: 3805.846: [CMS-concurrent-preclean: 0.001/0.002 secs] [Times: user=0.01 sys=0.00, real=0.01 secs] 
2015-10-30T15:35:38.666+0000: 3805.846: [CMS-concurrent-abortable-preclean-start]
 CMS: abort preclean due to time 2015-10-30T15:35:43.690+0000: 3810.870: [CMS-concurrent-abortable-preclean: 0.797/5.024 secs] [Times: user=0.88 sys=0.00, real=5.02 secs] 
2015-10-30T15:35:43.690+0000: 3810.871: [GC (CMS Final Remark) [YG occupancy: 19683 K (36288 K)]3810.871: [Rescan (parallel) , 0.0017126 secs]3810.872: [weak refs processing, 0.0000166 secs]3810.872: [class unloading, 0.0131940 secs]3810.886: [scrub symbol table, 0.0068452 secs]3810.892: [scrub string table, 0.0007338 secs][1 CMS-remark: 69001K(206664K)] 88685K(242952K), 0.0238008 secs] [Times: user=0.03 sys=0.00, real=0.02 secs] 
2015-10-30T15:35:43.714+0000: 3810.894: [CMS-concurrent-sweep-start]
2015-10-30T15:35:43.734+0000: 3810.915: [CMS-concurrent-sweep: 0.020/0.020 secs] [Times: user=0.02 sys=0.00, real=0.02 secs] 
2015-10-30T15:35:43.735+0000: 3810.915: [CMS-concurrent-reset-start]
2015-10-30T15:35:43.737+0000: 3810.917: [CMS-concurrent-reset: 0.002/0.002 secs] [Times: user=0.00 sys=0.00, real=0.00 secs] 
2015-10-30T15:35:45.737+0000: 3812.917: [GC (CMS Initial Mark) [1 CMS-initial-mark: 38364K(206664K)] 58082K(242952K), 0.0019096 secs] [Times: user=0.00 sys=0.00, real=0.01 secs] 
2015-10-30T15:35:45.739+0000: 3812.919: [CMS-concurrent-mark-start]
2015-10-30T15:35:45.768+0000: 3812.949: [CMS-concurrent-mark: 0.030/0.030 secs] [Times: user=0.03 sys=0.00, real=0.03 secs] 
2015-10-30T15:35:45.768+0000: 3812.949: [CMS-concurrent-preclean-start]
2015-10-30T15:35:45.770+0000: 3812.951: [CMS-concurrent-preclean: 0.002/0.002 secs] [Times: user=0.00 sys=0.00, real=0.00 secs] 
2015-10-30T15:35:45.770+0000: 3812.951: [CMS-concurrent-abortable-preclean-start]
2015-10-30T15:35:48.352+0000: 3815.533: [GC (Allocation Failure) 3815.533: [ParNew: 35791K->3968K(36288K), 0.0116156 secs] 74156K->56063K(242952K), 0.0117151 secs] [Times: user=0.04 sys=0.00, real=0.01 secs] 
2015-10-30T15:35:48.392+0000: 3815.572: [GC (Allocation Failure) 3815.572: [ParNew: 36288K->3968K(36288K), 0.0086416 secs] 88383K->62528K(242952K), 0.0087322 secs] [Times: user=0.03 sys=0.00, real=0.01 secs] 
2015-10-30T15:35:48.400+0000: 3815.581: [CMS-concurrent-abortable-preclean: 0.435/2.630 secs] [Times: user=0.62 sys=0.00, real=2.63 secs] 
2015-10-30T15:35:48.405+0000: 3815.586: [GC (CMS Final Remark) [YG occupancy: 7015 K (36288 K)]3815.586: [Rescan (parallel) , 0.0057532 secs]3815.592: [weak refs processing, 0.0000171 secs]3815.592: [class unloading, 0.0132560 secs]3815.605: [scrub symbol table, 0.0067978 secs]3815.612: [scrub string table, 0.0007295 secs][1 CMS-remark: 58560K(206664K)] 65575K(242952K), 0.0278728 secs] [Times: user=0.04 sys=0.00, real=0.02 secs] 
2015-10-30T15:35:48.433+0000: 3815.614: [CMS-concurrent-sweep-start]
2015-10-30T15:35:48.453+0000: 3815.633: [GC (Allocation Failure) 3815.633: [ParNew: 36288K->3480K(36288K), 0.0057899 secs] 93989K->64989K(242952K), 0.0058803 secs] [Times: user=0.02 sys=0.00, real=0.01 secs] 
2015-10-30T15:35:48.463+0000: 3815.644: [CMS-concurrent-sweep: 0.022/0.030 secs] [Times: user=0.10 sys=0.00, real=0.03 secs] 
2015-10-30T15:35:48.463+0000: 3815.644: [CMS-concurrent-reset-start]
2015-10-30T15:35:48.466+0000: 3815.646: [CMS-concurrent-reset: 0.003/0.003 secs] [Times: user=0.01 sys=0.00, real=0.01 secs] 
2015-10-30T15:35:48.475+0000: 3815.655: [GC (Allocation Failure) 3815.655: [ParNew: 35800K->2171K(36288K), 0.0029327 secs] 96618K->62988K(242952K), 0.0030013 secs] [Times: user=0.01 sys=0.00, real=0.01 secs] 
2015-10-30T15:35:48.493+0000: 3815.674: [GC (Allocation Failure) 3815.674: [ParNew: 34491K->3233K(36288K), 0.0031739 secs] 95308K->64051K(242952K), 0.0032421 secs] [Times: user=0.02 sys=0.00, real=0.00 secs] 
2015-10-30T15:35:48.513+0000: 3815.694: [GC (Allocation Failure) 3815.694: [ParNew: 35553K->2759K(36288K), 0.0039246 secs] 96371K->64311K(242952K), 0.0040022 secs] [Times: user=0.01 sys=0.01, real=0.01 secs] 
2015-10-30T15:35:48.533+0000: 3815.714: [GC (Allocation Failure) 3815.714: [ParNew: 35079K->3968K(36288K), 0.0036490 secs] 96631K->65519K(242952K), 0.0037264 secs] [Times: user=0.02 sys=0.00, real=0.01 secs] 
2015-10-30T15:35:48.553+0000: 3815.733: [GC (Allocation Failure) 3815.733: [ParNew: 36288K->3252K(36288K), 0.0051451 secs] 97839K->66015K(242952K), 0.0052196 secs] [Times: user=0.02 sys=0.00, real=0.01 secs] 
2015-10-30T15:35:48.572+0000: 3815.753: [GC (Allocation Failure) 3815.753: [ParNew: 35572K->2427K(36288K), 0.0031888 secs] 98335K->65190K(242952K), 0.0032501 secs] [Times: user=0.01 sys=0.00, real=0.00 secs] 
2015-10-30T15:35:48.598+0000: 3815.779: [GC (Allocation Failure) 3815.779: [ParNew: 31830K->3469K(36288K), 0.0028427 secs] 94594K->71551K(242952K), 0.0029261 secs] [Times: user=0.01 sys=0.00, real=0.00 secs] 
2015-10-30T15:35:48.602+0000: 3815.783: [GC (CMS Initial Mark) [1 CMS-initial-mark: 68081K(206664K)] 79532K(242952K), 0.0018157 secs] [Times: user=0.01 sys=0.00, real=0.00 secs] 
2015-10-30T15:35:48.604+0000: 3815.785: [CMS-concurrent-mark-start]
2015-10-30T15:35:48.634+0000: 3815.815: [CMS-concurrent-mark: 0.030/0.030 secs] [Times: user=0.06 sys=0.00, real=0.03 secs] 
2015-10-30T15:35:48.634+0000: 3815.815: [CMS-concurrent-preclean-start]
2015-10-30T15:35:48.636+0000: 3815.816: [CMS-concurrent-preclean: 0.001/0.001 secs] [Times: user=0.00 sys=0.00, real=0.00 secs] 
2015-10-30T15:35:48.636+0000: 3815.816: [CMS-concurrent-abortable-preclean-start]
 CMS: abort preclean due to time 2015-10-30T15:35:53.655+0000: 3820.835: [CMS-concurrent-abortable-preclean: 0.764/5.019 secs] [Times: user=0.84 sys=0.01, real=5.02 secs] 
2015-10-30T15:35:53.655+0000: 3820.835: [GC (CMS Final Remark) [YG occupancy: 19541 K (36288 K)]3820.835: [Rescan (parallel) , 0.0017185 secs]3820.837: [weak refs processing, 0.0000166 secs]3820.837: [class unloading, 0.0131535 secs]3820.850: [scrub symbol table, 0.0068493 secs]3820.857: [scrub string table, 0.0007566 secs][1 CMS-remark: 68081K(206664K)] 87622K(242952K), 0.0238006 secs] [Times: user=0.02 sys=0.00, real=0.03 secs] 
2015-10-30T15:35:53.679+0000: 3820.859: [CMS-concurrent-sweep-start]
2015-10-30T15:35:53.700+0000: 3820.880: [CMS-concurrent-sweep: 0.021/0.021 secs] [Times: user=0.02 sys=0.00, real=0.02 secs] 
2015-10-30T15:35:53.700+0000: 3820.880: [CMS-concurrent-reset-start]
2015-10-30T15:35:53.702+0000: 3820.883: [CMS-concurrent-reset: 0.002/0.002 secs] [Times: user=0.01 sys=0.00, real=0.00 secs] 
2015-10-30T15:35:55.701+0000: 3822.882: [GC (CMS Initial Mark) [1 CMS-initial-mark: 38013K(206664K)] 57598K(242952K), 0.0020552 secs] [Times: user=0.01 sys=0.00, real=0.00 secs] 
2015-10-30T15:35:55.704+0000: 3822.884: [CMS-concurrent-mark-start]
2015-10-30T15:35:55.734+0000: 3822.914: [CMS-concurrent-mark: 0.030/0.030 secs] [Times: user=0.03 sys=0.00, real=0.03 secs] 
2015-10-30T15:35:55.734+0000: 3822.914: [CMS-concurrent-preclean-start]
2015-10-30T15:35:55.735+0000: 3822.916: [CMS-concurrent-preclean: 0.002/0.002 secs] [Times: user=0.00 sys=0.00, real=0.00 secs] 
2015-10-30T15:35:55.735+0000: 3822.916: [CMS-concurrent-abortable-preclean-start]
2015-10-30T15:35:58.376+0000: 3825.557: [GC (Allocation Failure) 3825.557: [ParNew: 35789K->3968K(36288K), 0.0126516 secs] 73803K->55309K(242952K), 0.0127528 secs] [Times: user=0.05 sys=0.00, real=0.02 secs] 
2015-10-30T15:35:58.416+0000: 3825.597: [GC (Allocation Failure) 3825.597: [ParNew: 36288K->3968K(36288K), 0.0130461 secs] 87629K->63614K(242952K), 0.0131399 secs] [Times: user=0.04 sys=0.00, real=0.02 secs] 
2015-10-30T15:35:58.449+0000: 3825.630: [GC (Allocation Failure) 3825.630: [ParNew: 36288K->2831K(36288K), 0.0064107 secs] 95934K->66178K(242952K), 0.0065072 secs] [Times: user=0.02 sys=0.00, real=0.00 secs] 
2015-10-30T15:35:58.456+0000: 3825.636: [CMS-concurrent-abortable-preclean: 0.461/2.720 secs] [Times: user=0.74 sys=0.00, real=2.72 secs] 
2015-10-30T15:35:58.456+0000: 3825.637: [GC (CMS Final Remark) [YG occupancy: 3148 K (36288 K)]3825.637: [Rescan (parallel) , 0.0051946 secs]3825.642: [weak refs processing, 0.0000158 secs]3825.642: [class unloading, 0.0133051 secs]3825.655: [scrub symbol table, 0.0071920 secs]3825.662: [scrub string table, 0.0007347 secs][1 CMS-remark: 63347K(206664K)] 66495K(242952K), 0.0277404 secs] [Times: user=0.05 sys=0.00, real=0.03 secs] 
2015-10-30T15:35:58.484+0000: 3825.665: [CMS-concurrent-sweep-start]
2015-10-30T15:35:58.505+0000: 3825.686: [GC (Allocation Failure) 3825.686: [ParNew: 35151K->2039K(36288K), 0.0025231 secs] 97236K->64124K(242952K), 0.0025863 secs] [Times: user=0.01 sys=0.00, real=0.00 secs] 
2015-10-30T15:35:58.510+0000: 3825.691: [CMS-concurrent-sweep: 0.020/0.026 secs] [Times: user=0.08 sys=0.00, real=0.03 secs] 
2015-10-30T15:35:58.510+0000: 3825.691: [CMS-concurrent-reset-start]
2015-10-30T15:35:58.513+0000: 3825.693: [CMS-concurrent-reset: 0.003/0.003 secs] [Times: user=0.01 sys=0.00, real=0.00 secs] 
2015-10-30T15:35:58.525+0000: 3825.706: [GC (Allocation Failure) 3825.706: [ParNew: 34359K->2801K(36288K), 0.0033028 secs] 96156K->64598K(242952K), 0.0033868 secs] [Times: user=0.02 sys=0.00, real=0.00 secs] 
2015-10-30T15:35:58.546+0000: 3825.727: [GC (Allocation Failure) 3825.727: [ParNew: 35121K->2763K(36288K), 0.0042637 secs] 96918K->65322K(242952K), 0.0043392 secs] [Times: user=0.01 sys=0.00, real=0.00 secs] 
2015-10-30T15:35:58.569+0000: 3825.750: [GC (Allocation Failure) 3825.750: [ParNew: 35083K->3968K(36288K), 0.0038715 secs] 97642K->66527K(242952K), 0.0039484 secs] [Times: user=0.01 sys=0.00, real=0.00 secs] 
2015-10-30T15:35:58.589+0000: 3825.769: [GC (Allocation Failure) 3825.769: [ParNew: 36288K->3517K(36288K), 0.0052566 secs] 98847K->67310K(242952K), 0.0053363 secs] [Times: user=0.01 sys=0.00, real=0.00 secs] 
2015-10-30T15:35:58.609+0000: 3825.789: [GC (Allocation Failure) 3825.789: [ParNew: 35837K->2590K(36288K), 0.0028261 secs] 99630K->66383K(242952K), 0.0028904 secs] [Times: user=0.01 sys=0.00, real=0.00 secs] 
2015-10-30T15:35:58.637+0000: 3825.817: [GC (Allocation Failure) 3825.817: [ParNew: 33004K->3631K(36288K), 0.0029289 secs] 96796K->72742K(242952K), 0.0030185 secs] [Times: user=0.01 sys=0.00, real=0.01 secs] 
2015-10-30T15:35:58.641+0000: 3825.821: [GC (CMS Initial Mark) [1 CMS-initial-mark: 69110K(206664K)] 80720K(242952K), 0.0018049 secs] [Times: user=0.01 sys=0.00, real=0.00 secs] 
2015-10-30T15:35:58.643+0000: 3825.823: [CMS-concurrent-mark-start]
2015-10-30T15:35:58.673+0000: 3825.854: [CMS-concurrent-mark: 0.031/0.031 secs] [Times: user=0.06 sys=0.00, real=0.03 secs] 
2015-10-30T15:35:58.673+0000: 3825.854: [CMS-concurrent-preclean-start]
2015-10-30T15:35:58.675+0000: 3825.855: [CMS-concurrent-preclean: 0.001/0.001 secs] [Times: user=0.00 sys=0.00, real=0.00 secs] 
2015-10-30T15:35:58.675+0000: 3825.855: [CMS-concurrent-abortable-preclean-start]
 CMS: abort preclean due to time 2015-10-30T15:36:03.696+0000: 3830.877: [CMS-concurrent-abortable-preclean: 0.775/5.021 secs] [Times: user=0.86 sys=0.00, real=5.02 secs] 
2015-10-30T15:36:03.696+0000: 3830.877: [GC (CMS Final Remark) [YG occupancy: 19713 K (36288 K)]3830.877: [Rescan (parallel) , 0.0023809 secs]3830.879: [weak refs processing, 0.0000169 secs]3830.879: [class unloading, 0.0136907 secs]3830.893: [scrub symbol table, 0.0070729 secs]3830.900: [scrub string table, 0.0007363 secs][1 CMS-remark: 69110K(206664K)] 88823K(242952K), 0.0252323 secs] [Times: user=0.03 sys=0.00, real=0.03 secs] 
2015-10-30T15:36:03.722+0000: 3830.902: [CMS-concurrent-sweep-start]
2015-10-30T15:36:03.742+0000: 3830.923: [CMS-concurrent-sweep: 0.020/0.020 secs] [Times: user=0.02 sys=0.00, real=0.02 secs] 
2015-10-30T15:36:03.742+0000: 3830.923: [CMS-concurrent-reset-start]
2015-10-30T15:36:03.745+0000: 3830.925: [CMS-concurrent-reset: 0.002/0.002 secs] [Times: user=0.01 sys=0.00, real=0.00 secs] 
2015-10-30T15:36:05.745+0000: 3832.925: [GC (CMS Initial Mark) [1 CMS-initial-mark: 38370K(206664K)] 58163K(242952K), 0.0018924 secs] [Times: user=0.00 sys=0.00, real=0.01 secs] 
2015-10-30T15:36:05.747+0000: 3832.927: [CMS-concurrent-mark-start]
2015-10-30T15:36:05.777+0000: 3832.957: [CMS-concurrent-mark: 0.030/0.030 secs] [Times: user=0.03 sys=0.00, real=0.02 secs] 
2015-10-30T15:36:05.777+0000: 3832.957: [CMS-concurrent-preclean-start]
2015-10-30T15:36:05.779+0000: 3832.959: [CMS-concurrent-preclean: 0.002/0.002 secs] [Times: user=0.00 sys=0.00, real=0.01 secs] 
2015-10-30T15:36:05.779+0000: 3832.959: [CMS-concurrent-abortable-preclean-start]
2015-10-30T15:36:08.380+0000: 3835.560: [GC (Allocation Failure) 3835.561: [ParNew: 35951K->3968K(36288K), 0.0126946 secs] 74322K->55750K(242952K), 0.0128030 secs] [Times: user=0.04 sys=0.00, real=0.01 secs] 
2015-10-30T15:36:08.421+0000: 3835.602: [GC (Allocation Failure) 3835.602: [ParNew: 36288K->3968K(36288K), 0.0101909 secs] 88070K->64115K(242952K), 0.0102845 secs] [Times: user=0.03 sys=0.00, real=0.01 secs] 
2015-10-30T15:36:08.450+0000: 3835.630: [GC (Allocation Failure) 3835.630: [ParNew: 36288K->2940K(36288K), 0.0055646 secs] 96435K->66739K(242952K), 0.0056546 secs] [Times: user=0.02 sys=0.00, real=0.00 secs] 
2015-10-30T15:36:08.473+0000: 3835.653: [CMS-concurrent-abortable-preclean: 0.477/2.694 secs] [Times: user=0.83 sys=0.00, real=2.69 secs] 
2015-10-30T15:36:08.473+0000: 3835.654: [GC (CMS Final Remark) [YG occupancy: 31695 K (36288 K)]3835.654: [Rescan (parallel) , 0.0187392 secs]3835.672: [weak refs processing, 0.0000319 secs]3835.672: [class unloading, 0.0132520 secs]3835.686: [scrub symbol table, 0.0073104 secs]3835.693: [scrub string table, 0.0007592 secs][1 CMS-remark: 63798K(206664K)] 95494K(242952K), 0.0414688 secs] [Times: user=0.09 sys=0.00, real=0.04 secs] 
2015-10-30T15:36:08.515+0000: 3835.695: [CMS-concurrent-sweep-start]
2015-10-30T15:36:08.517+0000: 3835.698: [GC (Allocation Failure) 3835.698: [ParNew: 35260K->1897K(36288K), 0.0028873 secs] 99058K->65695K(242952K), 0.0029606 secs] [Times: user=0.01 sys=0.01, real=0.01 secs] 
2015-10-30T15:36:08.541+0000: 3835.722: [GC (Allocation Failure) 3835.722: [ParNew: 34217K->3151K(36288K), 0.0037872 secs] 97739K->66673K(242952K), 0.0038813 secs] [Times: user=0.02 sys=0.00, real=0.01 secs] 
2015-10-30T15:36:08.547+0000: 3835.727: [CMS-concurrent-sweep: 0.021/0.032 secs] [Times: user=0.10 sys=0.01, real=0.04 secs] 
2015-10-30T15:36:08.547+0000: 3835.727: [CMS-concurrent-reset-start]
2015-10-30T15:36:08.549+0000: 3835.730: [CMS-concurrent-reset: 0.003/0.003 secs] [Times: user=0.01 sys=0.00, real=0.00 secs] 
2015-10-30T15:36:08.568+0000: 3835.748: [GC (Allocation Failure) 3835.748: [ParNew: 35471K->3351K(36288K), 0.0059868 secs] 98784K->67399K(242952K), 0.0060876 secs] [Times: user=0.02 sys=0.00, real=0.00 secs] 
2015-10-30T15:36:08.593+0000: 3835.774: [GC (Allocation Failure) 3835.774: [ParNew: 35671K->3222K(36288K), 0.0048837 secs] 99719K->67933K(242952K), 0.0049593 secs] [Times: user=0.02 sys=0.00, real=0.01 secs] 
2015-10-30T15:36:08.612+0000: 3835.792: [GC (Allocation Failure) 3835.792: [ParNew: 35542K->2525K(36288K), 0.0032643 secs] 100253K->67235K(242952K), 0.0033437 secs] [Times: user=0.01 sys=0.00, real=0.00 secs] 
2015-10-30T15:36:08.629+0000: 3835.810: [GC (Allocation Failure) 3835.810: [ParNew: 34845K->2576K(36288K), 0.0039121 secs] 99555K->67888K(242952K), 0.0039804 secs] [Times: user=0.02 sys=0.00, real=0.00 secs] 
2015-10-30T15:36:08.659+0000: 3835.840: [GC (Allocation Failure) 3835.840: [ParNew: 33165K->2647K(36288K), 0.0033134 secs] 98477K->73277K(242952K), 0.0033984 secs] [Times: user=0.01 sys=0.00, real=0.00 secs] 
2015-10-30T15:36:08.664+0000: 3835.844: [GC (CMS Initial Mark) [1 CMS-initial-mark: 70630K(206664K)] 81254K(242952K), 0.0020163 secs] [Times: user=0.00 sys=0.00, real=0.01 secs] 
2015-10-30T15:36:08.666+0000: 3835.846: [CMS-concurrent-mark-start]
2015-10-30T15:36:08.697+0000: 3835.877: [CMS-concurrent-mark: 0.031/0.031 secs] [Times: user=0.06 sys=0.00, real=0.02 secs] 
2015-10-30T15:36:08.697+0000: 3835.877: [CMS-concurrent-preclean-start]
2015-10-30T15:36:08.699+0000: 3835.879: [CMS-concurrent-preclean: 0.002/0.002 secs] [Times: user=0.01 sys=0.00, real=0.01 secs] 
2015-10-30T15:36:08.699+0000: 3835.879: [CMS-concurrent-abortable-preclean-start]
 CMS: abort preclean due to time 2015-10-30T15:36:13.792+0000: 3840.972: [CMS-concurrent-abortable-preclean: 0.775/5.093 secs] [Times: user=0.86 sys=0.01, real=5.09 secs] 
2015-10-30T15:36:13.792+0000: 3840.973: [GC (CMS Final Remark) [YG occupancy: 18723 K (36288 K)]3840.973: [Rescan (parallel) , 0.0017468 secs]3840.974: [weak refs processing, 0.0000308 secs]3840.975: [class unloading, 0.0137588 secs]3840.988: [scrub symbol table, 0.0072469 secs]3840.996: [scrub string table, 0.0007319 secs][1 CMS-remark: 70630K(206664K)] 89353K(242952K), 0.0248148 secs] [Times: user=0.03 sys=0.00, real=0.02 secs] 
2015-10-30T15:36:13.817+0000: 3840.998: [CMS-concurrent-sweep-start]
2015-10-30T15:36:13.838+0000: 3841.018: [CMS-concurrent-sweep: 0.020/0.020 secs] [Times: user=0.02 sys=0.00, real=0.02 secs] 
2015-10-30T15:36:13.838+0000: 3841.018: [CMS-concurrent-reset-start]
2015-10-30T15:36:13.840+0000: 3841.021: [CMS-concurrent-reset: 0.002/0.002 secs] [Times: user=0.00 sys=0.00, real=0.00 secs] 
2015-10-30T15:36:15.840+0000: 3843.020: [GC (CMS Initial Mark) [1 CMS-initial-mark: 39877K(206664K)] 58698K(242952K), 0.0022769 secs] [Times: user=0.00 sys=0.00, real=0.00 secs] 
2015-10-30T15:36:15.842+0000: 3843.023: [CMS-concurrent-mark-start]
2015-10-30T15:36:15.873+0000: 3843.054: [CMS-concurrent-mark: 0.031/0.031 secs] [Times: user=0.03 sys=0.00, real=0.03 secs] 
2015-10-30T15:36:15.873+0000: 3843.054: [CMS-concurrent-preclean-start]
2015-10-30T15:36:15.875+0000: 3843.055: [CMS-concurrent-preclean: 0.002/0.002 secs] [Times: user=0.01 sys=0.00, real=0.00 secs] 
2015-10-30T15:36:15.875+0000: 3843.055: [CMS-concurrent-abortable-preclean-start]
2015-10-30T15:36:18.353+0000: 3845.534: [GC (Allocation Failure) 3845.534: [ParNew: 34947K->3968K(36288K), 0.0109182 secs] 74824K->57323K(242952K), 0.0110202 secs] [Times: user=0.04 sys=0.00, real=0.01 secs] 
2015-10-30T15:36:18.386+0000: 3845.567: [CMS-concurrent-abortable-preclean: 0.438/2.511 secs] [Times: user=0.61 sys=0.01, real=2.52 secs] 
2015-10-30T15:36:18.387+0000: 3845.567: [GC (CMS Final Remark) [YG occupancy: 23207 K (36288 K)]3845.567: [Rescan (parallel) , 0.0093441 secs]3845.577: [weak refs processing, 0.0000192 secs]3845.577: [class unloading, 0.0132715 secs]3845.590: [scrub symbol table, 0.0070911 secs]3845.597: [scrub string table, 0.0007523 secs][1 CMS-remark: 53355K(206664K)] 76563K(242952K), 0.0318336 secs] [Times: user=0.06 sys=0.00, real=0.03 secs] 
2015-10-30T15:36:18.419+0000: 3845.599: [CMS-concurrent-sweep-start]
2015-10-30T15:36:18.428+0000: 3845.608: [GC (Allocation Failure) 3845.608: [ParNew: 36288K->3968K(36288K), 0.0092372 secs] 89173K->63539K(242952K), 0.0093329 secs] [Times: user=0.03 sys=0.00, real=0.01 secs] 
2015-10-30T15:36:18.450+0000: 3845.630: [CMS-concurrent-sweep: 0.021/0.031 secs] [Times: user=0.12 sys=0.00, real=0.03 secs] 
2015-10-30T15:36:18.450+0000: 3845.630: [CMS-concurrent-reset-start]
2015-10-30T15:36:18.453+0000: 3845.633: [CMS-concurrent-reset: 0.003/0.003 secs] [Times: user=0.01 sys=0.00, real=0.00 secs] 
2015-10-30T15:36:18.456+0000: 3845.636: [GC (Allocation Failure) 3845.636: [ParNew: 36288K->3634K(36288K), 0.0060885 secs] 94387K->65413K(242952K), 0.0061640 secs] [Times: user=0.02 sys=0.00, real=0.01 secs] 
2015-10-30T15:36:18.476+0000: 3845.657: [GC (Allocation Failure) 3845.657: [ParNew: 35954K->2238K(36288K), 0.0029570 secs] 97733K->64018K(242952K), 0.0030331 secs] [Times: user=0.01 sys=0.00, real=0.01 secs] 
2015-10-30T15:36:18.497+0000: 3845.678: [GC (Allocation Failure) 3845.678: [ParNew: 34558K->2908K(36288K), 0.0039146 secs] 96338K->64687K(242952K), 0.0039996 secs] [Times: user=0.01 sys=0.00, real=0.00 secs] 
2015-10-30T15:36:18.521+0000: 3845.702: [GC (Allocation Failure) 3845.702: [ParNew: 35228K->2845K(36288K), 0.0046451 secs] 97007K->65398K(242952K), 0.0047330 secs] [Times: user=0.01 sys=0.00, real=0.01 secs] 
2015-10-30T15:36:18.543+0000: 3845.723: [GC (Allocation Failure) 3845.723: [ParNew: 35165K->3968K(36288K), 0.0037961 secs] 97718K->66521K(242952K), 0.0038841 secs] [Times: user=0.01 sys=0.00, real=0.01 secs] 
2015-10-30T15:36:18.569+0000: 3845.750: [GC (Allocation Failure) 3845.750: [ParNew: 36288K->2066K(36288K), 0.0083354 secs] 98841K->65292K(242952K), 0.0084493 secs] [Times: user=0.02 sys=0.01, real=0.01 secs] 
2015-10-30T15:36:18.603+0000: 3845.783: [GC (Allocation Failure) 3845.783: [ParNew: 34386K->2789K(36288K), 0.0054636 secs] 97612K->66015K(242952K), 0.0055536 secs] [Times: user=0.01 sys=0.00, real=0.01 secs] 
2015-10-30T15:36:18.636+0000: 3845.816: [GC (Allocation Failure) 3845.816: [ParNew: 33239K->3038K(36288K), 0.0042786 secs] 96466K->72126K(242952K), 0.0043676 secs] [Times: user=0.01 sys=0.00, real=0.01 secs] 
2015-10-30T15:36:18.642+0000: 3845.822: [GC (CMS Initial Mark) [1 CMS-initial-mark: 69088K(206664K)] 80105K(242952K), 0.0022847 secs] [Times: user=0.00 sys=0.00, real=0.00 secs] 
2015-10-30T15:36:18.644+0000: 3845.824: [CMS-concurrent-mark-start]
2015-10-30T15:36:18.690+0000: 3845.871: [CMS-concurrent-mark: 0.046/0.046 secs] [Times: user=0.10 sys=0.00, real=0.05 secs] 
2015-10-30T15:36:18.690+0000: 3845.871: [CMS-concurrent-preclean-start]
2015-10-30T15:36:18.692+0000: 3845.873: [CMS-concurrent-preclean: 0.002/0.002 secs] [Times: user=0.00 sys=0.00, real=0.00 secs] 
2015-10-30T15:36:18.692+0000: 3845.873: [CMS-concurrent-abortable-preclean-start]
 CMS: abort preclean due to time 2015-10-30T15:36:23.716+0000: 3850.897: [CMS-concurrent-abortable-preclean: 0.805/5.024 secs] [Times: user=0.90 sys=0.00, real=5.02 secs] 
2015-10-30T15:36:23.716+0000: 3850.897: [GC (CMS Final Remark) [YG occupancy: 19430 K (36288 K)]3850.897: [Rescan (parallel) , 0.0019109 secs]3850.899: [weak refs processing, 0.0000173 secs]3850.899: [class unloading, 0.0141876 secs]3850.913: [scrub symbol table, 0.0066836 secs]3850.920: [scrub string table, 0.0007288 secs][1 CMS-remark: 69088K(206664K)] 88519K(242952K), 0.0249075 secs] [Times: user=0.03 sys=0.00, real=0.03 secs] 
2015-10-30T15:36:23.742+0000: 3850.922: [CMS-concurrent-sweep-start]
2015-10-30T15:36:23.762+0000: 3850.942: [CMS-concurrent-sweep: 0.020/0.020 secs] [Times: user=0.02 sys=0.00, real=0.02 secs] 
2015-10-30T15:36:23.762+0000: 3850.942: [CMS-concurrent-reset-start]
2015-10-30T15:36:23.764+0000: 3850.945: [CMS-concurrent-reset: 0.002/0.002 secs] [Times: user=0.00 sys=0.00, real=0.00 secs] 
2015-10-30T15:36:25.764+0000: 3852.945: [GC (CMS Initial Mark) [1 CMS-initial-mark: 39282K(206664K)] 58741K(242952K), 0.0019066 secs] [Times: user=0.01 sys=0.00, real=0.01 secs] 
2015-10-30T15:36:25.766+0000: 3852.947: [CMS-concurrent-mark-start]
2015-10-30T15:36:25.796+0000: 3852.977: [CMS-concurrent-mark: 0.030/0.030 secs] [Times: user=0.03 sys=0.00, real=0.02 secs] 
2015-10-30T15:36:25.796+0000: 3852.977: [CMS-concurrent-preclean-start]
2015-10-30T15:36:25.798+0000: 3852.979: [CMS-concurrent-preclean: 0.002/0.002 secs] [Times: user=0.00 sys=0.00, real=0.01 secs] 
2015-10-30T15:36:25.798+0000: 3852.979: [CMS-concurrent-abortable-preclean-start]
2015-10-30T15:36:26.175+0000: 3853.356: [GC (Allocation Failure) 3853.356: [ParNew: 35227K->3968K(36288K), 0.0084910 secs] 74509K->50029K(242952K), 0.0085882 secs] [Times: user=0.03 sys=0.00, real=0.01 secs] 
2015-10-30T15:36:26.204+0000: 3853.384: [CMS-concurrent-abortable-preclean: 0.128/0.406 secs] [Times: user=0.34 sys=0.00, real=0.40 secs] 
2015-10-30T15:36:26.204+0000: 3853.385: [GC (CMS Final Remark) [YG occupancy: 23976 K (36288 K)]3853.385: [Rescan (parallel) , 0.0068061 secs]3853.392: [weak refs processing, 0.0000196 secs]3853.392: [class unloading, 0.0137718 secs]3853.405: [scrub symbol table, 0.0069257 secs]3853.412: [scrub string table, 0.0007605 secs][1 CMS-remark: 46061K(206664K)] 70037K(242952K), 0.0296532 secs] [Times: user=0.05 sys=0.00, real=0.03 secs] 
2015-10-30T15:36:26.237+0000: 3853.418: [CMS-concurrent-sweep-start]
2015-10-30T15:36:26.247+0000: 3853.428: [GC (Allocation Failure) 3853.428: [ParNew: 36288K->3968K(36288K), 0.0121490 secs] 82016K->62726K(242952K), 0.0122406 secs] [Times: user=0.03 sys=0.00, real=0.01 secs] 
2015-10-30T15:36:26.276+0000: 3853.457: [CMS-concurrent-sweep: 0.025/0.039 secs] [Times: user=0.14 sys=0.00, real=0.03 secs] 
2015-10-30T15:36:26.276+0000: 3853.457: [CMS-concurrent-reset-start]
2015-10-30T15:36:26.279+0000: 3853.459: [CMS-concurrent-reset: 0.003/0.003 secs] [Times: user=0.01 sys=0.00, real=0.01 secs] 
2015-10-30T15:36:26.315+0000: 3853.495: [GC (Allocation Failure) 3853.495: [ParNew: 36288K->3968K(36288K), 0.0221735 secs] 93442K->71217K(242952K), 0.0222737 secs] [Times: user=0.08 sys=0.00, real=0.02 secs] 
2015-10-30T15:36:26.376+0000: 3853.557: [GC (Allocation Failure) 3853.557: [ParNew: 36288K->3968K(36288K), 0.0176465 secs] 103537K->78606K(242952K), 0.0177591 secs] [Times: user=0.06 sys=0.00, real=0.02 secs] 
2015-10-30T15:36:26.437+0000: 3853.618: [GC (Allocation Failure) 3853.618: [ParNew: 36288K->3968K(36288K), 0.0219082 secs] 110926K->81876K(242952K), 0.0220131 secs] [Times: user=0.08 sys=0.00, real=0.02 secs] 
2015-10-30T15:36:26.487+0000: 3853.667: [GC (Allocation Failure) 3853.667: [ParNew: 36288K->3636K(36288K), 0.0083786 secs] 114196K->83651K(242952K), 0.0084718 secs] [Times: user=0.03 sys=0.00, real=0.00 secs] 
2015-10-30T15:36:26.523+0000: 3853.704: [GC (Allocation Failure) 3853.704: [ParNew: 36287K->3968K(36288K), 0.0073884 secs] 116368K->84892K(242952K), 0.0074841 secs] [Times: user=0.03 sys=0.00, real=0.01 secs] 
2015-10-30T15:36:26.539+0000: 3853.720: [GC (GCLocker Initiated GC) 3853.720: [ParNew: 13400K->2177K(36288K), 0.0075464 secs] 94325K->86276K(242952K), 0.0076320 secs] [Times: user=0.02 sys=0.00, real=0.01 secs] 
2015-10-30T15:36:26.592+0000: 3853.772: [GC (Allocation Failure) 3853.772: [ParNew: 34497K->1986K(36288K), 0.0043437 secs] 118596K->86086K(242952K), 0.0044302 secs] [Times: user=0.02 sys=0.00, real=0.00 secs] 
2015-10-30T15:36:26.644+0000: 3853.824: [GC (Allocation Failure) 3853.824: [ParNew: 34960K->3686K(36288K), 0.0040162 secs] 119059K->88891K(242952K), 0.0041074 secs] [Times: user=0.01 sys=0.00, real=0.01 secs] 
2015-10-30T15:36:26.651+0000: 3853.832: [GC (GCLocker Initiated GC) 3853.832: [ParNew: 3776K->1076K(36288K), 0.0050748 secs] 88981K->89411K(242952K), 0.0051451 secs] [Times: user=0.02 sys=0.00, real=0.00 secs] 
2015-10-30T15:36:28.373+0000: 3855.553: [GC (Allocation Failure) 3855.554: [ParNew: 33244K->3966K(36288K), 0.0022055 secs] 121579K->92631K(242952K), 0.0022809 secs] [Times: user=0.00 sys=0.01, real=0.00 secs] 
2015-10-30T15:36:28.414+0000: 3855.595: [GC (Allocation Failure) 3855.595: [ParNew: 36286K->3968K(36288K), 0.0141774 secs] 124951K->104702K(242952K), 0.0142609 secs] [Times: user=0.05 sys=0.00, real=0.02 secs] 
2015-10-30T15:36:28.448+0000: 3855.629: [GC (Allocation Failure) 3855.629: [ParNew: 36288K->3435K(36288K), 0.0054797 secs] 137022K->108095K(242952K), 0.0055709 secs] [Times: user=0.02 sys=0.00, real=0.00 secs] 
2015-10-30T15:36:28.478+0000: 3855.658: [GC (Allocation Failure) 3855.658: [ParNew: 35755K->2110K(36288K), 0.0033173 secs] 140415K->106770K(242952K), 0.0033978 secs] [Times: user=0.01 sys=0.00, real=0.00 secs] 
2015-10-30T15:36:28.505+0000: 3855.686: [GC (Allocation Failure) 3855.686: [ParNew: 34388K->3592K(36288K), 0.0043907 secs] 139048K->108252K(242952K), 0.0044748 secs] [Times: user=0.02 sys=0.00, real=0.00 secs] 
2015-10-30T15:36:28.540+0000: 3855.720: [GC (Allocation Failure) 3855.720: [ParNew: 35912K->3192K(36288K), 0.0051684 secs] 140572K->109359K(242952K), 0.0052527 secs] [Times: user=0.02 sys=0.00, real=0.00 secs] 
2015-10-30T15:36:28.569+0000: 3855.750: [GC (Allocation Failure) 3855.750: [ParNew: 35512K->2477K(36288K), 0.0038522 secs] 141679K->108644K(242952K), 0.0039354 secs] [Times: user=0.02 sys=0.00, real=0.00 secs] 
2015-10-30T15:36:28.609+0000: 3855.790: [GC (Allocation Failure) 3855.790: [ParNew: 34797K->3968K(36288K), 0.0066689 secs] 140964K->110256K(242952K), 0.0067517 secs] [Times: user=0.02 sys=0.00, real=0.00 secs] 
2015-10-30T15:36:28.638+0000: 3855.819: [GC (Allocation Failure) 3855.819: [ParNew: 36288K->3347K(36288K), 0.0180240 secs] 142576K->113460K(242952K), 0.0181211 secs] [Times: user=0.07 sys=0.00, real=0.01 secs] 
2015-10-30T15:36:28.662+0000: 3855.843: [GC (CMS Initial Mark) [1 CMS-initial-mark: 110112K(206664K)] 123169K(242952K), 0.0058660 secs] [Times: user=0.02 sys=0.00, real=0.01 secs] 
2015-10-30T15:36:28.668+0000: 3855.849: [CMS-concurrent-mark-start]
2015-10-30T15:36:28.693+0000: 3855.874: [GC (Allocation Failure) 3855.874: [ParNew: 35667K->1605K(36288K), 0.0066606 secs] 145780K->111717K(242952K), 0.0067432 secs] [Times: user=0.02 sys=0.00, real=0.01 secs] 
2015-10-30T15:36:28.737+0000: 3855.918: [CMS-concurrent-mark: 0.057/0.069 secs] [Times: user=0.25 sys=0.00, real=0.07 secs] 
2015-10-30T15:36:28.738+0000: 3855.918: [CMS-concurrent-preclean-start]
2015-10-30T15:36:28.741+0000: 3855.921: [CMS-concurrent-preclean: 0.003/0.003 secs] [Times: user=0.01 sys=0.00, real=0.00 secs] 
2015-10-30T15:36:28.741+0000: 3855.921: [CMS-concurrent-abortable-preclean-start]
2015-10-30T15:36:28.755+0000: 3855.936: [GC (GCLocker Initiated GC) 3855.936: [ParNew: 32490K->3205K(36288K), 0.0032541 secs] 153247K->126630K(242952K), 0.0033501 secs] [Times: user=0.01 sys=0.00, real=0.01 secs] 
2015-10-30T15:36:29.542+0000: 3856.722: [CMS-concurrent-abortable-preclean: 0.324/0.801 secs] [Times: user=1.03 sys=0.00, real=0.80 secs] 
2015-10-30T15:36:29.553+0000: 3856.734: [GC (CMS Final Remark) [YG occupancy: 28938 K (36288 K)]3856.734: [Rescan (parallel) , 0.0117654 secs]3856.746: [weak refs processing, 0.0000223 secs]3856.746: [class unloading, 0.0142459 secs]3856.760: [scrub symbol table, 0.0083536 secs]3856.768: [scrub string table, 0.0007421 secs][1 CMS-remark: 123424K(206664K)] 152363K(242952K), 0.0367289 secs] [Times: user=0.07 sys=0.00, real=0.04 secs] 
2015-10-30T15:36:29.590+0000: 3856.771: [CMS-concurrent-sweep-start]
2015-10-30T15:36:29.618+0000: 3856.799: [GC (Allocation Failure) 3856.799: [ParNew: 35525K->3427K(36288K), 0.0067190 secs] 155902K->125064K(242952K), 0.0068066 secs] [Times: user=0.03 sys=0.00, real=0.01 secs] 
2015-10-30T15:36:29.720+0000: 3856.901: [CMS-concurrent-sweep: 0.121/0.130 secs] [Times: user=0.43 sys=0.02, real=0.13 secs] 
2015-10-30T15:36:29.720+0000: 3856.901: [CMS-concurrent-reset-start]
2015-10-30T15:36:29.723+0000: 3856.903: [CMS-concurrent-reset: 0.003/0.003 secs] [Times: user=0.00 sys=0.00, real=0.00 secs] 
2015-10-30T15:36:32.489+0000: 3859.670: [GC (Allocation Failure) 3859.670: [ParNew: 35747K->3900K(36288K), 0.0043403 secs] 89661K->59261K(242952K), 0.0044151 secs] [Times: user=0.01 sys=0.00, real=0.00 secs] 
2015-10-30T15:36:38.372+0000: 3865.552: [GC (Allocation Failure) 3865.552: [ParNew: 36176K->3968K(36288K), 0.0034448 secs] 91538K->61296K(242952K), 0.0035310 secs] [Times: user=0.01 sys=0.00, real=0.00 secs] 
2015-10-30T15:36:38.419+0000: 3865.600: [GC (Allocation Failure) 3865.600: [ParNew: 36288K->3968K(36288K), 0.0148169 secs] 93616K->73187K(242952K), 0.0149139 secs] [Times: user=0.05 sys=0.00, real=0.01 secs] 
2015-10-30T15:36:38.456+0000: 3865.636: [GC (Allocation Failure) 3865.636: [ParNew: 36288K->3738K(36288K), 0.0053079 secs] 105507K->76898K(242952K), 0.0054079 secs] [Times: user=0.01 sys=0.00, real=0.01 secs] 
2015-10-30T15:36:38.481+0000: 3865.662: [GC (Allocation Failure) 3865.662: [ParNew: 36058K->2299K(36288K), 0.0027569 secs] 109218K->75459K(242952K), 0.0028214 secs] [Times: user=0.01 sys=0.00, real=0.00 secs] 
2015-10-30T15:36:38.504+0000: 3865.685: [GC (Allocation Failure) 3865.685: [ParNew: 34619K->2713K(36288K), 0.0036606 secs] 107779K->75873K(242952K), 0.0037314 secs] [Times: user=0.02 sys=0.00, real=0.01 secs] 
2015-10-30T15:36:38.526+0000: 3865.706: [GC (Allocation Failure) 3865.706: [ParNew: 35033K->3274K(36288K), 0.0046152 secs] 108193K->77163K(242952K), 0.0046840 secs] [Times: user=0.01 sys=0.00, real=0.00 secs] 
2015-10-30T15:36:38.545+0000: 3865.725: [GC (Allocation Failure) 3865.725: [ParNew: 35594K->3516K(36288K), 0.0049978 secs] 109483K->78123K(242952K), 0.0050722 secs] [Times: user=0.01 sys=0.00, real=0.01 secs] 
2015-10-30T15:36:38.565+0000: 3865.746: [GC (Allocation Failure) 3865.746: [ParNew: 35836K->2287K(36288K), 0.0035888 secs] 110443K->77497K(242952K), 0.0036526 secs] [Times: user=0.02 sys=0.00, real=0.00 secs] 
2015-10-30T15:36:38.583+0000: 3865.763: [GC (Allocation Failure) 3865.763: [ParNew: 34607K->2922K(36288K), 0.0025944 secs] 109817K->78132K(242952K), 0.0026704 secs] [Times: user=0.01 sys=0.00, real=0.01 secs] 
2015-10-30T15:36:38.610+0000: 3865.791: [GC (Allocation Failure) 3865.791: [ParNew: 32334K->3968K(36288K), 0.0036002 secs] 107544K->82382K(242952K), 0.0036752 secs] [Times: user=0.01 sys=0.00, real=0.00 secs] 
2015-10-30T15:36:39.912+0000: 3867.092: [GC (Allocation Failure) 3867.092: [ParNew: 36288K->3032K(36288K), 0.0068158 secs] 114702K->86473K(242952K), 0.0069042 secs] [Times: user=0.02 sys=0.00, real=0.01 secs] 
2015-10-30T15:36:41.873+0000: 3869.054: [GC (Allocation Failure) 3869.054: [ParNew: 35085K->3968K(36288K), 0.0029883 secs] 118526K->87941K(242952K), 0.0030627 secs] [Times: user=0.01 sys=0.00, real=0.00 secs] 
2015-10-30T15:36:43.817+0000: 3870.998: [GC (Allocation Failure) 3870.998: [ParNew: 36287K->2305K(36288K), 0.0024534 secs] 120261K->87210K(242952K), 0.0025246 secs] [Times: user=0.01 sys=0.00, real=0.00 secs] 
2015-10-30T15:36:44.033+0000: 3871.213: [GC (Allocation Failure) 3871.213: [ParNew: 34625K->3968K(36288K), 0.0068797 secs] 119530K->89506K(242952K), 0.0069717 secs] [Times: user=0.02 sys=0.00, real=0.01 secs] 
2015-10-30T15:36:44.087+0000: 3871.268: [GC (Allocation Failure) 3871.268: [ParNew: 36288K->3968K(36288K), 0.0089963 secs] 121826K->91985K(242952K), 0.0090826 secs] [Times: user=0.04 sys=0.00, real=0.00 secs] 
2015-10-30T15:36:44.159+0000: 3871.340: [GC (Allocation Failure) 3871.340: [ParNew: 36288K->3968K(36288K), 0.0147197 secs] 124305K->92910K(242952K), 0.0148261 secs] [Times: user=0.06 sys=0.00, real=0.01 secs] 
2015-10-30T15:36:44.313+0000: 3871.493: [GC (Allocation Failure) 3871.493: [ParNew: 36288K->3276K(36288K), 0.0083879 secs] 125230K->94695K(242952K), 0.0084572 secs] [Times: user=0.04 sys=0.00, real=0.01 secs] 
2015-10-30T15:36:44.527+0000: 3871.707: [GC (Allocation Failure) 3871.707: [ParNew: 35596K->2942K(36288K), 0.0044290 secs] 127015K->96004K(242952K), 0.0045016 secs] [Times: user=0.02 sys=0.01, real=0.00 secs] 
2015-10-30T15:36:44.831+0000: 3872.011: [GC (Allocation Failure) 3872.012: [ParNew: 36247K->2292K(36288K), 0.0031251 secs] 129373K->95418K(242952K), 0.0032078 secs] [Times: user=0.01 sys=0.00, real=0.00 secs] 
2015-10-30T15:36:44.848+0000: 3872.028: [GC (GCLocker Initiated GC) 3872.028: [ParNew: 9932K->2859K(36288K), 0.0070779 secs] 103058K->95985K(242952K), 0.0071679 secs] [Times: user=0.02 sys=0.00, real=0.00 secs] 
2015-10-30T15:36:47.411+0000: 3874.591: [GC (Allocation Failure) 3874.591: [ParNew: 35179K->3357K(36288K), 0.0046480 secs] 128305K->97212K(242952K), 0.0047365 secs] [Times: user=0.01 sys=0.00, real=0.00 secs] 
2015-10-30T15:36:48.451+0000: 3875.631: [GC (Allocation Failure) 3875.631: [ParNew: 35677K->3968K(36288K), 0.0188014 secs] 129532K->110847K(242952K), 0.0188865 secs] [Times: user=0.07 sys=0.00, real=0.02 secs] 
2015-10-30T15:36:48.494+0000: 3875.674: [GC (Allocation Failure) 3875.674: [ParNew: 36288K->3215K(36288K), 0.0068588 secs] 143167K->113890K(242952K), 0.0069572 secs] [Times: user=0.03 sys=0.00, real=0.01 secs] 
2015-10-30T15:36:48.524+0000: 3875.704: [GC (Allocation Failure) 3875.704: [ParNew: 35535K->2327K(36288K), 0.0039182 secs] 146210K->113002K(242952K), 0.0039865 secs] [Times: user=0.02 sys=0.00, real=0.01 secs] 
2015-10-30T15:36:48.555+0000: 3875.735: [GC (Allocation Failure) 3875.735: [ParNew: 34647K->2403K(36288K), 0.0042343 secs] 145322K->113078K(242952K), 0.0043014 secs] [Times: user=0.01 sys=0.00, real=0.01 secs] 
2015-10-30T15:36:48.588+0000: 3875.769: [GC (Allocation Failure) 3875.769: [ParNew: 34723K->2570K(36288K), 0.0057502 secs] 145398K->114056K(242952K), 0.0058253 secs] [Times: user=0.02 sys=0.00, real=0.00 secs] 
2015-10-30T15:36:48.617+0000: 3875.798: [GC (Allocation Failure) 3875.798: [ParNew: 34890K->2057K(36288K), 0.0075941 secs] 146376K->114304K(242952K), 0.0076782 secs] [Times: user=0.03 sys=0.00, real=0.00 secs] 
2015-10-30T15:36:48.649+0000: 3875.829: [GC (Allocation Failure) 3875.829: [ParNew: 34377K->3127K(36288K), 0.0040559 secs] 146624K->115373K(242952K), 0.0041339 secs] [Times: user=0.01 sys=0.00, real=0.00 secs] 
2015-10-30T15:36:48.677+0000: 3875.858: [GC (Allocation Failure) 3875.858: [ParNew: 35447K->2554K(36288K), 0.0049078 secs] 147693K->115406K(242952K), 0.0049794 secs] [Times: user=0.02 sys=0.00, real=0.00 secs] 
2015-10-30T15:36:48.700+0000: 3875.881: [GC (Allocation Failure) 3875.881: [ParNew: 34874K->2955K(36288K), 0.0039627 secs] 147726K->115806K(242952K), 0.0040299 secs] [Times: user=0.02 sys=0.00, real=0.00 secs] 
2015-10-30T15:36:48.787+0000: 3875.967: [GC (Allocation Failure) 3875.967: [ParNew: 35070K->2891K(36288K), 0.0056362 secs] 147921K->118963K(242952K), 0.0057117 secs] [Times: user=0.03 sys=0.00, real=0.00 secs] 
2015-10-30T15:36:51.217+0000: 3878.397: [GC (Allocation Failure) 3878.397: [ParNew: 35211K->3968K(36288K), 0.0061556 secs] 151283K->121027K(242952K), 0.0062176 secs] [Times: user=0.02 sys=0.00, real=0.01 secs] 
2015-10-30T15:36:52.425+0000: 3879.606: [GC (Allocation Failure) 3879.606: [ParNew: 36288K->3968K(36288K), 0.0101774 secs] 153347K->125440K(242952K), 0.0102722 secs] [Times: user=0.03 sys=0.00, real=0.00 secs] 
2015-10-30T15:36:53.654+0000: 3880.834: [GC (Allocation Failure) 3880.834: [ParNew: 36288K->3968K(36288K), 0.0090273 secs] 157760K->129311K(242952K), 0.0091284 secs] [Times: user=0.03 sys=0.00, real=0.01 secs] 
2015-10-30T15:36:55.877+0000: 3883.058: [GC (Allocation Failure) 3883.058: [ParNew: 35923K->3968K(36288K), 0.0054528 secs] 161267K->131616K(242952K), 0.0055430 secs] [Times: user=0.01 sys=0.01, real=0.00 secs] 
2015-10-30T15:36:58.409+0000: 3885.589: [GC (Allocation Failure) 3885.589: [ParNew: 36288K->3968K(36288K), 0.0138325 secs] 163936K->144634K(242952K), 0.0139220 secs] [Times: user=0.05 sys=0.00, real=0.01 secs] 
2015-10-30T15:36:58.441+0000: 3885.621: [GC (Allocation Failure) 3885.621: [ParNew: 36274K->3488K(36288K), 0.0037101 secs] 176941K->147875K(242952K), 0.0037905 secs] [Times: user=0.01 sys=0.00, real=0.00 secs] 
2015-10-30T15:36:58.469+0000: 3885.650: [GC (Allocation Failure) 3885.650: [ParNew: 35808K->1935K(36288K), 0.0033341 secs] 180195K->146322K(242952K), 0.0034032 secs] [Times: user=0.01 sys=0.00, real=0.00 secs] 
2015-10-30T15:36:58.497+0000: 3885.678: [GC (Allocation Failure) 3885.678: [ParNew: 34255K->3588K(36288K), 0.0040698 secs] 178642K->147975K(242952K), 0.0041401 secs] [Times: user=0.01 sys=0.00, real=0.00 secs] 
2015-10-30T15:36:58.522+0000: 3885.702: [GC (Allocation Failure) 3885.702: [ParNew: 35908K->3053K(36288K), 0.0051582 secs] 180295K->148228K(242952K), 0.0052363 secs] [Times: user=0.02 sys=0.00, real=0.01 secs] 
2015-10-30T15:36:58.545+0000: 3885.725: [GC (Allocation Failure) 3885.725: [ParNew: 35373K->3779K(36288K), 0.0053166 secs] 180548K->149652K(242952K), 0.0053961 secs] [Times: user=0.02 sys=0.00, real=0.01 secs] 
2015-10-30T15:36:58.564+0000: 3885.744: [GC (Allocation Failure) 3885.744: [ParNew: 36099K->2268K(36288K), 0.0041095 secs] 181972K->148741K(242952K), 0.0041797 secs] [Times: user=0.02 sys=0.00, real=0.01 secs] 
2015-10-30T15:36:58.585+0000: 3885.766: [GC (Allocation Failure) 3885.766: [ParNew: 34588K->2767K(36288K), 0.0032478 secs] 181061K->149241K(242952K), 0.0033172 secs] [Times: user=0.02 sys=0.00, real=0.00 secs] 
2015-10-30T15:36:58.601+0000: 3885.782: [GC (Allocation Failure) 3885.782: [ParNew: 35087K->3803K(36288K), 0.0034207 secs] 181561K->150276K(242952K), 0.0034951 secs] [Times: user=0.01 sys=0.00, real=0.00 secs] 
2015-10-30T15:36:58.688+0000: 3885.868: [GC (Allocation Failure) 3885.868: [ParNew: 35868K->3229K(36288K), 0.0040013 secs] 182341K->152936K(242952K), 0.0040812 secs] [Times: user=0.02 sys=0.00, real=0.00 secs] 
2015-10-30T15:36:58.692+0000: 3885.873: [GC (CMS Initial Mark) [1 CMS-initial-mark: 149707K(206664K)] 153308K(242952K), 0.0016254 secs] [Times: user=0.00 sys=0.00, real=0.00 secs] 
2015-10-30T15:36:58.694+0000: 3885.874: [CMS-concurrent-mark-start]
2015-10-30T15:36:58.731+0000: 3885.912: [CMS-concurrent-mark: 0.037/0.037 secs] [Times: user=0.05 sys=0.00, real=0.04 secs] 
2015-10-30T15:36:58.731+0000: 3885.912: [CMS-concurrent-preclean-start]
2015-10-30T15:36:58.733+0000: 3885.913: [CMS-concurrent-preclean: 0.002/0.002 secs] [Times: user=0.00 sys=0.00, real=0.00 secs] 
2015-10-30T15:36:58.733+0000: 3885.914: [GC (CMS Final Remark) [YG occupancy: 4219 K (36288 K)]3885.914: [Rescan (parallel) , 0.0015277 secs]3885.915: [weak refs processing, 0.0000166 secs]3885.915: [class unloading, 0.0141887 secs]3885.929: [scrub symbol table, 0.0069752 secs]3885.936: [scrub string table, 0.0007372 secs][1 CMS-remark: 149707K(206664K)] 153927K(242952K), 0.0249560 secs] [Times: user=0.03 sys=0.00, real=0.03 secs] 
2015-10-30T15:36:58.758+0000: 3885.939: [CMS-concurrent-sweep-start]
2015-10-30T15:36:58.812+0000: 3885.993: [CMS-concurrent-sweep: 0.054/0.054 secs] [Times: user=0.06 sys=0.00, real=0.05 secs] 
2015-10-30T15:36:58.813+0000: 3885.993: [CMS-concurrent-reset-start]
2015-10-30T15:36:58.815+0000: 3885.996: [CMS-concurrent-reset: 0.003/0.003 secs] [Times: user=0.00 sys=0.00, real=0.00 secs] 
2015-10-30T15:37:00.200+0000: 3887.381: [GC (Allocation Failure) 3887.381: [ParNew: 35549K->1975K(36288K), 0.0023998 secs] 85677K->52166K(242952K), 0.0024536 secs] [Times: user=0.00 sys=0.00, real=0.00 secs] 
2015-10-30T15:37:00.261+0000: 3887.442: [GC (Allocation Failure) 3887.442: [ParNew: 34295K->3968K(36288K), 0.0046061 secs] 84486K->54692K(242952K), 0.0046844 secs] [Times: user=0.01 sys=0.00, real=0.01 secs] 
2015-10-30T15:37:00.301+0000: 3887.482: [GC (Allocation Failure) 3887.482: [ParNew: 36288K->3523K(36288K), 0.0040161 secs] 87012K->56574K(242952K), 0.0040846 secs] [Times: user=0.01 sys=0.00, real=0.01 secs] 
2015-10-30T15:37:00.345+0000: 3887.526: [GC (Allocation Failure) 3887.526: [ParNew: 36172K->3968K(36288K), 0.0036421 secs] 89223K->58251K(242952K), 0.0037231 secs] [Times: user=0.01 sys=0.00, real=0.00 secs] 
2015-10-30T15:37:00.350+0000: 3887.530: [GC (GCLocker Initiated GC) 3887.530: [ParNew: 4078K->1832K(36288K), 0.0040755 secs] 58362K->59236K(242952K), 0.0041176 secs] [Times: user=0.01 sys=0.00, real=0.00 secs] 
2015-10-30T15:37:08.400+0000: 3895.581: [GC (Allocation Failure) 3895.581: [ParNew: 34152K->3968K(36288K), 0.0089561 secs] 91556K->72462K(242952K), 0.0090496 secs] [Times: user=0.03 sys=0.00, real=0.01 secs] 
2015-10-30T15:37:08.436+0000: 3895.617: [GC (Allocation Failure) 3895.617: [ParNew: 36288K->3968K(36288K), 0.0071936 secs] 104782K->77320K(242952K), 0.0072878 secs] [Times: user=0.03 sys=0.00, real=0.01 secs] 
2015-10-30T15:37:08.461+0000: 3895.642: [GC (Allocation Failure) 3895.642: [ParNew: 36288K->2868K(36288K), 0.0050343 secs] 109640K->80036K(242952K), 0.0051211 secs] [Times: user=0.02 sys=0.00, real=0.01 secs] 
2015-10-30T15:37:08.483+0000: 3895.664: [GC (Allocation Failure) 3895.664: [ParNew: 35188K->1844K(36288K), 0.0024728 secs] 112356K->79012K(242952K), 0.0025339 secs] [Times: user=0.01 sys=0.00, real=0.01 secs] 
2015-10-30T15:37:08.502+0000: 3895.682: [GC (Allocation Failure) 3895.682: [ParNew: 34164K->2947K(36288K), 0.0030134 secs] 111332K->80115K(242952K), 0.0030737 secs] [Times: user=0.01 sys=0.00, real=0.00 secs] 
2015-10-30T15:37:08.522+0000: 3895.702: [GC (Allocation Failure) 3895.702: [ParNew: 35267K->3178K(36288K), 0.0041048 secs] 112435K->81049K(242952K), 0.0041726 secs] [Times: user=0.01 sys=0.00, real=0.01 secs] 
2015-10-30T15:37:08.541+0000: 3895.722: [GC (Allocation Failure) 3895.722: [ParNew: 35498K->3669K(36288K), 0.0039737 secs] 113369K->81540K(242952K), 0.0040432 secs] [Times: user=0.01 sys=0.00, real=0.01 secs] 
2015-10-30T15:37:08.561+0000: 3895.741: [GC (Allocation Failure) 3895.741: [ParNew: 35989K->3007K(36288K), 0.0054175 secs] 113860K->82147K(242952K), 0.0055041 secs] [Times: user=0.01 sys=0.00, real=0.01 secs] 
2015-10-30T15:37:08.581+0000: 3895.762: [GC (Allocation Failure) 3895.762: [ParNew: 35327K->2320K(36288K), 0.0027838 secs] 114467K->81459K(242952K), 0.0028427 secs] [Times: user=0.01 sys=0.00, real=0.00 secs] 
2015-10-30T15:37:08.604+0000: 3895.784: [GC (Allocation Failure) 3895.785: [ParNew: 30250K->3449K(36288K), 0.0031937 secs] 109389K->87906K(242952K), 0.0032830 secs] [Times: user=0.01 sys=0.00, real=0.01 secs] 
2015-10-30T15:37:08.771+0000: 3895.951: [GC (Allocation Failure) 3895.951: [ParNew: 35498K->3968K(36288K), 0.0079230 secs] 119956K->93573K(242952K), 0.0080278 secs] [Times: user=0.02 sys=0.00, real=0.01 secs] 
2015-10-30T15:37:09.933+0000: 3897.113: [GC (Allocation Failure) 3897.113: [ParNew: 36288K->3968K(36288K), 0.0046992 secs] 125893K->95488K(242952K), 0.0047686 secs] [Times: user=0.01 sys=0.01, real=0.01 secs] 
2015-10-30T15:37:10.662+0000: 3897.843: [GC (Allocation Failure) 3897.843: [ParNew: 35859K->3968K(36288K), 0.0038837 secs] 127380K->98100K(242952K), 0.0039724 secs] [Times: user=0.02 sys=0.00, real=0.01 secs] 
2015-10-30T15:37:12.426+0000: 3899.606: [GC (Allocation Failure) 3899.606: [ParNew: 36288K->3968K(36288K), 0.0041510 secs] 130420K->99830K(242952K), 0.0042311 secs] [Times: user=0.02 sys=0.00, real=0.00 secs] 
2015-10-30T15:37:13.590+0000: 3900.771: [GC (Allocation Failure) 3900.771: [ParNew: 36088K->3968K(36288K), 0.0294644 secs] 131951K->102790K(242952K), 0.0295611 secs] [Times: user=0.01 sys=0.00, real=0.03 secs] 
2015-10-30T15:37:16.290+0000: 3903.470: [GC (Allocation Failure) 3903.470: [ParNew: 36288K->3968K(36288K), 0.0051239 secs] 135110K->104724K(242952K), 0.0052089 secs] [Times: user=0.01 sys=0.00, real=0.00 secs] 
2015-10-30T15:37:17.791+0000: 3904.972: [GC (Allocation Failure) 3904.972: [ParNew: 36288K->3600K(36288K), 0.0022604 secs] 137044K->106479K(242952K), 0.0023195 secs] [Times: user=0.00 sys=0.00, real=0.00 secs] 
2015-10-30T15:37:18.433+0000: 3905.614: [GC (Allocation Failure) 3905.614: [ParNew: 35920K->3968K(36288K), 0.0138575 secs] 138799K->119403K(242952K), 0.0139444 secs] [Times: user=0.05 sys=0.00, real=0.02 secs] 
2015-10-30T15:37:18.465+0000: 3905.645: [GC (Allocation Failure) 3905.645: [ParNew: 36288K->2445K(36288K), 0.0044786 secs] 151723K->121772K(242952K), 0.0045573 secs] [Times: user=0.02 sys=0.00, real=0.01 secs] 
2015-10-30T15:37:18.485+0000: 3905.666: [GC (Allocation Failure) 3905.666: [ParNew: 34765K->1912K(36288K), 0.0026345 secs] 154092K->121240K(242952K), 0.0026993 secs] [Times: user=0.01 sys=0.00, real=0.00 secs] 
2015-10-30T15:37:18.504+0000: 3905.684: [GC (Allocation Failure) 3905.684: [ParNew: 34232K->2914K(36288K), 0.0030876 secs] 153560K->122241K(242952K), 0.0031410 secs] [Times: user=0.01 sys=0.00, real=0.01 secs] 
2015-10-30T15:37:18.525+0000: 3905.706: [GC (Allocation Failure) 3905.706: [ParNew: 35234K->2924K(36288K), 0.0040964 secs] 154561K->123057K(242952K), 0.0041504 secs] [Times: user=0.01 sys=0.00, real=0.00 secs] 
2015-10-30T15:37:18.545+0000: 3905.726: [GC (Allocation Failure) 3905.726: [ParNew: 35244K->3030K(36288K), 0.0042840 secs] 155377K->123883K(242952K), 0.0043559 secs] [Times: user=0.02 sys=0.00, real=0.00 secs] 
2015-10-30T15:37:18.565+0000: 3905.746: [GC (Allocation Failure) 3905.746: [ParNew: 35350K->3382K(36288K), 0.0036095 secs] 156203K->124860K(242952K), 0.0036760 secs] [Times: user=0.01 sys=0.00, real=0.00 secs] 
2015-10-30T15:37:18.582+0000: 3905.762: [GC (Allocation Failure) 3905.763: [ParNew: 35702K->2457K(36288K), 0.0025710 secs] 157180K->123935K(242952K), 0.0026300 secs] [Times: user=0.01 sys=0.00, real=0.00 secs] 
2015-10-30T15:37:18.604+0000: 3905.785: [GC (Allocation Failure) 3905.785: [ParNew: 34284K->3968K(36288K), 0.0045293 secs] 155762K->126054K(242952K), 0.0046294 secs] [Times: user=0.01 sys=0.00, real=0.01 secs] 
2015-10-30T15:37:19.726+0000: 3906.907: [GC (Allocation Failure) 3906.907: [ParNew: 36288K->3665K(36288K), 0.0056457 secs] 158374K->130398K(242952K), 0.0057267 secs] [Times: user=0.03 sys=0.00, real=0.00 secs] 
2015-10-30T15:37:30.353+0000: 3917.534: [GC (Allocation Failure) 3917.534: [ParNew: 35985K->3153K(36288K), 0.0022877 secs] 162718K->130411K(242952K), 0.0023698 secs] [Times: user=0.01 sys=0.00, real=0.00 secs] 
2015-10-30T15:37:33.467+0000: 3920.648: [GC (Allocation Failure) 3920.648: [ParNew: 35473K->3968K(36288K), 0.0150024 secs] 162731K->144338K(242952K), 0.0150902 secs] [Times: user=0.05 sys=0.00, real=0.01 secs] 
2015-10-30T15:37:33.499+0000: 3920.679: [GC (Allocation Failure) 3920.679: [ParNew: 36288K->1826K(36288K), 0.0042357 secs] 176658K->145914K(242952K), 0.0043327 secs] [Times: user=0.01 sys=0.00, real=0.00 secs] 
2015-10-30T15:37:33.521+0000: 3920.702: [GC (Allocation Failure) 3920.702: [ParNew: 34146K->1732K(36288K), 0.0032627 secs] 178234K->145820K(242952K), 0.0033246 secs] [Times: user=0.01 sys=0.00, real=0.00 secs] 
2015-10-30T15:37:33.541+0000: 3920.721: [GC (Allocation Failure) 3920.721: [ParNew: 34052K->2664K(36288K), 0.0036100 secs] 178140K->146752K(242952K), 0.0036784 secs] [Times: user=0.01 sys=0.00, real=0.00 secs] 
2015-10-30T15:37:33.567+0000: 3920.748: [GC (Allocation Failure) 3920.748: [ParNew: 34984K->2491K(36288K), 0.0060342 secs] 179072K->147346K(242952K), 0.0061076 secs] [Times: user=0.02 sys=0.00, real=0.00 secs] 
2015-10-30T15:37:33.597+0000: 3920.778: [GC (Allocation Failure) 3920.778: [ParNew: 34811K->3428K(36288K), 0.0046975 secs] 179666K->148283K(242952K), 0.0047713 secs] [Times: user=0.01 sys=0.00, real=0.00 secs] 
2015-10-30T15:37:33.617+0000: 3920.797: [GC (Allocation Failure) 3920.797: [ParNew: 35748K->3218K(36288K), 0.0043689 secs] 180603K->149372K(242952K), 0.0044408 secs] [Times: user=0.01 sys=0.00, real=0.01 secs] 
2015-10-30T15:37:33.637+0000: 3920.818: [GC (Allocation Failure) 3920.818: [ParNew: 35538K->2466K(36288K), 0.0027165 secs] 181692K->148619K(242952K), 0.0027750 secs] [Times: user=0.01 sys=0.00, real=0.00 secs] 
2015-10-30T15:37:33.663+0000: 3920.843: [GC (Allocation Failure) 3920.843: [ParNew: 34489K->3968K(36288K), 0.0042679 secs] 180643K->152187K(242952K), 0.0043482 secs] [Times: user=0.01 sys=0.00, real=0.01 secs] 
2015-10-30T15:37:43.393+0000: 3930.574: [GC (Allocation Failure) 3930.574: [ParNew: 36273K->3968K(36288K), 0.0049380 secs] 184492K->155530K(242952K), 0.0050237 secs] [Times: user=0.01 sys=0.00, real=0.01 secs] 
2015-10-30T15:37:43.437+0000: 3930.618: [GC (Allocation Failure) 3930.618: [ParNew: 36288K->3967K(36288K), 0.0166251 secs] 187850K->173273K(242952K), 0.0167130 secs] [Times: user=0.05 sys=0.00, real=0.01 secs] 
2015-10-30T15:37:43.457+0000: 3930.638: [GC (CMS Initial Mark) [1 CMS-initial-mark: 169306K(206664K)] 178425K(242952K), 0.0039454 secs] [Times: user=0.01 sys=0.00, real=0.00 secs] 
2015-10-30T15:37:43.461+0000: 3930.642: [CMS-concurrent-mark-start]
2015-10-30T15:37:43.478+0000: 3930.659: [GC (Allocation Failure) 3930.659: [ParNew: 36287K->1270K(36288K), 0.0033401 secs] 205593K->174515K(242952K), 0.0034172 secs] [Times: user=0.01 sys=0.00, real=0.00 secs] 
2015-10-30T15:37:43.507+0000: 3930.688: [GC (Allocation Failure) 3930.688: [ParNew: 33590K->2066K(36288K), 0.0027084 secs] 206835K->175311K(242952K), 0.0027713 secs] [Times: user=0.01 sys=0.00, real=0.00 secs] 
2015-10-30T15:37:43.533+0000: 3930.714: [GC (Allocation Failure) 3930.714: [ParNew: 34386K->2930K(36288K), 0.0029665 secs] 207631K->176176K(242952K), 0.0030229 secs] [Times: user=0.01 sys=0.00, real=0.00 secs] 
2015-10-30T15:37:43.543+0000: 3930.723: [CMS-concurrent-mark: 0.062/0.082 secs] [Times: user=0.25 sys=0.01, real=0.08 secs] 
2015-10-30T15:37:43.543+0000: 3930.723: [CMS-concurrent-preclean-start]
2015-10-30T15:37:43.546+0000: 3930.726: [CMS-concurrent-preclean: 0.003/0.003 secs] [Times: user=0.02 sys=0.00, real=0.01 secs] 
2015-10-30T15:37:43.546+0000: 3930.726: [CMS-concurrent-abortable-preclean-start]
2015-10-30T15:37:43.577+0000: 3930.758: [GC (Allocation Failure) 3930.758: [ParNew: 35250K->2976K(36288K), 0.0043829 secs] 208496K->177052K(242952K), 0.0044471 secs] [Times: user=0.01 sys=0.00, real=0.00 secs] 
2015-10-30T15:37:43.619+0000: 3930.799: [GC (Allocation Failure) 3930.799: [ParNew: 35296K->2508K(36288K), 0.0054118 secs] 209372K->177284K(242952K), 0.0054913 secs] [Times: user=0.02 sys=0.00, real=0.00 secs] 
2015-10-30T15:37:43.630+0000: 3930.811: [CMS-concurrent-abortable-preclean: 0.067/0.084 secs] [Times: user=0.29 sys=0.03, real=0.08 secs] 
2015-10-30T15:37:43.630+0000: 3930.811: [GC (CMS Final Remark) [YG occupancy: 11086 K (36288 K)]3930.811: [Rescan (parallel) , 0.0097679 secs]3930.821: [weak refs processing, 0.0000225 secs]3930.821: [class unloading, 0.0145731 secs]3930.835: [scrub symbol table, 0.0072345 secs]3930.843: [scrub string table, 0.0007482 secs][1 CMS-remark: 174775K(206664K)] 185862K(242952K), 0.0338645 secs] [Times: user=0.07 sys=0.00, real=0.03 secs] 
2015-10-30T15:37:43.664+0000: 3930.845: [CMS-concurrent-sweep-start]
2015-10-30T15:37:43.690+0000: 3930.871: [GC (Allocation Failure) 3930.871: [ParNew: 34828K->3202K(36288K), 0.0053171 secs] 199161K->167534K(242952K), 0.0053937 secs] [Times: user=0.02 sys=0.00, real=0.00 secs] 
2015-10-30T15:37:43.718+0000: 3930.899: [GC (Allocation Failure) 3930.899: [ParNew: 35522K->2698K(36288K), 0.0047717 secs] 184612K->152409K(242952K), 0.0048428 secs] [Times: user=0.02 sys=0.00, real=0.00 secs] 
2015-10-30T15:37:43.758+0000: 3930.939: [GC (Allocation Failure) 3930.939: [ParNew: 34288K->3968K(36288K), 0.0048082 secs] 146998K->119755K(242952K), 0.0048878 secs] [Times: user=0.02 sys=0.00, real=0.00 secs] 
2015-10-30T15:37:43.793+0000: 3930.973: [CMS-concurrent-sweep: 0.112/0.128 secs] [Times: user=0.41 sys=0.00, real=0.13 secs] 
2015-10-30T15:37:43.793+0000: 3930.973: [CMS-concurrent-reset-start]
2015-10-30T15:37:43.796+0000: 3930.976: [CMS-concurrent-reset: 0.003/0.003 secs] [Times: user=0.00 sys=0.00, real=0.00 secs] 
2015-10-30T15:37:53.451+0000: 3940.631: [GC (Allocation Failure) 3940.631: [ParNew: 36244K->3968K(36288K), 0.0043965 secs] 109983K->82373K(242952K), 0.0044925 secs] [Times: user=0.01 sys=0.00, real=0.00 secs] 
2015-10-30T15:37:53.492+0000: 3940.673: [GC (Allocation Failure) 3940.673: [ParNew: 36288K->3968K(36288K), 0.0124460 secs] 114693K->95357K(242952K), 0.0125383 secs] [Times: user=0.05 sys=0.00, real=0.01 secs] 
2015-10-30T15:37:53.520+0000: 3940.701: [GC (Allocation Failure) 3940.701: [ParNew: 36288K->2933K(36288K), 0.0046924 secs] 127677K->98107K(242952K), 0.0047668 secs] [Times: user=0.01 sys=0.00, real=0.00 secs] 
2015-10-30T15:37:53.541+0000: 3940.721: [GC (Allocation Failure) 3940.721: [ParNew: 35253K->1954K(36288K), 0.0025405 secs] 130427K->97129K(242952K), 0.0026067 secs] [Times: user=0.01 sys=0.00, real=0.00 secs] 
2015-10-30T15:37:53.560+0000: 3940.741: [GC (Allocation Failure) 3940.741: [ParNew: 34274K->2807K(36288K), 0.0030154 secs] 129449K->97981K(242952K), 0.0030791 secs] [Times: user=0.01 sys=0.00, real=0.00 secs] 
2015-10-30T15:37:53.581+0000: 3940.762: [GC (Allocation Failure) 3940.762: [ParNew: 35127K->2947K(36288K), 0.0046323 secs] 130301K->98885K(242952K), 0.0047199 secs] [Times: user=0.01 sys=0.01, real=0.01 secs] 
2015-10-30T15:37:53.601+0000: 3940.781: [GC (Allocation Failure) 3940.781: [ParNew: 35267K->3130K(36288K), 0.0043053 secs] 131205K->99805K(242952K), 0.0043870 secs] [Times: user=0.02 sys=0.00, real=0.00 secs] 
2015-10-30T15:37:53.621+0000: 3940.802: [GC (Allocation Failure) 3940.802: [ParNew: 35450K->2877K(36288K), 0.0034052 secs] 132125K->100135K(242952K), 0.0034797 secs] [Times: user=0.01 sys=0.00, real=0.00 secs] 
2015-10-30T15:37:53.639+0000: 3940.819: [GC (Allocation Failure) 3940.820: [ParNew: 35197K->2437K(36288K), 0.0028800 secs] 132455K->99695K(242952K), 0.0029508 secs] [Times: user=0.01 sys=0.00, real=0.00 secs] 
2015-10-30T15:37:53.666+0000: 3940.847: [GC (Allocation Failure) 3940.847: [ParNew: 32357K->3968K(36288K), 0.0036688 secs] 129614K->104370K(242952K), 0.0037483 secs] [Times: user=0.01 sys=0.00, real=0.00 secs] 
2015-10-30T15:38:00.054+0000: 3947.234: [GC (Allocation Failure) 3947.235: [ParNew: 36288K->2882K(36288K), 0.0056455 secs] 136690K->108410K(242952K), 0.0057438 secs] [Times: user=0.02 sys=0.00, real=0.01 secs] 
2015-10-30T15:38:00.088+0000: 3947.269: [GC (Allocation Failure) 3947.269: [ParNew: 35202K->3968K(36288K), 0.0188221 secs] 140730K->122069K(242952K), 0.0189268 secs] [Times: user=0.07 sys=0.00, real=0.02 secs] 
2015-10-30T15:38:00.143+0000: 3947.324: [GC (Allocation Failure) 3947.324: [ParNew: 36288K->3968K(36288K), 0.0177169 secs] 154389K->130451K(242952K), 0.0178190 secs] [Times: user=0.06 sys=0.00, real=0.02 secs] 
2015-10-30T15:38:00.185+0000: 3947.366: [GC (Allocation Failure) 3947.366: [ParNew: 36288K->3968K(36288K), 0.0099322 secs] 162771K->134300K(242952K), 0.0100310 secs] [Times: user=0.03 sys=0.00, real=0.00 secs] 
2015-10-30T15:38:00.213+0000: 3947.393: [GC (Allocation Failure) 3947.393: [ParNew: 36288K->2878K(36288K), 0.0050558 secs] 166620K->134386K(242952K), 0.0051278 secs] [Times: user=0.02 sys=0.00, real=0.01 secs] 
2015-10-30T15:38:00.257+0000: 3947.438: [GC (Allocation Failure) 3947.438: [ParNew: 35198K->3529K(36288K), 0.0045059 secs] 166706K->135036K(242952K), 0.0045633 secs] [Times: user=0.02 sys=0.00, real=0.00 secs] 
2015-10-30T15:38:00.289+0000: 3947.469: [GC (Allocation Failure) 3947.469: [ParNew: 35849K->3968K(36288K), 0.0049248 secs] 167356K->137403K(242952K), 0.0050008 secs] [Times: user=0.01 sys=0.00, real=0.00 secs] 
2015-10-30T15:38:00.333+0000: 3947.514: [GC (Allocation Failure) 3947.514: [ParNew: 36288K->3968K(36288K), 0.0070872 secs] 169938K->143158K(242952K), 0.0071671 secs] [Times: user=0.03 sys=0.00, real=0.01 secs] 
2015-10-30T15:38:00.349+0000: 3947.529: [GC (GCLocker Initiated GC) 3947.530: [ParNew: 9968K->1601K(36288K), 0.0038218 secs] 149158K->144691K(242952K), 0.0038864 secs] [Times: user=0.01 sys=0.00, real=0.00 secs] 
2015-10-30T15:38:00.380+0000: 3947.560: [GC (CMS Initial Mark) [1 CMS-initial-mark: 143090K(206664K)] 169022K(242952K), 0.0116439 secs] [Times: user=0.04 sys=0.00, real=0.01 secs] 
2015-10-30T15:38:00.391+0000: 3947.572: [CMS-concurrent-mark-start]
2015-10-30T15:38:00.405+0000: 3947.586: [GC (Allocation Failure) 3947.586: [ParNew: 33921K->3888K(36288K), 0.0038382 secs] 177011K->146979K(242952K), 0.0039103 secs] [Times: user=0.01 sys=0.00, real=0.00 secs] 
2015-10-30T15:38:00.451+0000: 3947.632: [GC (Allocation Failure) 3947.632: [ParNew: 36167K->3225K(36288K), 0.0089024 secs] 179257K->149141K(242952K), 0.0090096 secs] [Times: user=0.04 sys=0.00, real=0.01 secs] 
2015-10-30T15:38:00.494+0000: 3947.674: [CMS-concurrent-mark: 0.086/0.102 secs] [Times: user=0.36 sys=0.00, real=0.10 secs] 
2015-10-30T15:38:00.494+0000: 3947.674: [CMS-concurrent-preclean-start]
2015-10-30T15:38:00.497+0000: 3947.677: [CMS-concurrent-preclean: 0.003/0.003 secs] [Times: user=0.00 sys=0.00, real=0.00 secs] 
2015-10-30T15:38:00.497+0000: 3947.677: [GC (CMS Final Remark) [YG occupancy: 4441 K (36288 K)]3947.677: [Rescan (parallel) , 0.0017361 secs]3947.679: [weak refs processing, 0.0000303 secs]3947.679: [class unloading, 0.0145650 secs]3947.694: [scrub symbol table, 0.0075844 secs]3947.701: [scrub string table, 0.0007798 secs][1 CMS-remark: 145915K(206664K)] 150357K(242952K), 0.0261844 secs] [Times: user=0.03 sys=0.00, real=0.03 secs] 
2015-10-30T15:38:00.523+0000: 3947.704: [CMS-concurrent-sweep-start]
2015-10-30T15:38:00.586+0000: 3947.766: [CMS-concurrent-sweep: 0.063/0.063 secs] [Times: user=0.09 sys=0.00, real=0.07 secs] 
2015-10-30T15:38:00.586+0000: 3947.766: [CMS-concurrent-reset-start]
2015-10-30T15:38:00.588+0000: 3947.769: [CMS-concurrent-reset: 0.002/0.002 secs] [Times: user=0.00 sys=0.00, real=0.00 secs] 
2015-10-30T15:38:04.060+0000: 3951.240: [GC (Allocation Failure) 3951.240: [ParNew: 35537K->2628K(36288K), 0.0035798 secs] 94926K->63778K(242952K), 0.0036513 secs] [Times: user=0.01 sys=0.00, real=0.00 secs] 
2015-10-30T15:38:04.185+0000: 3951.365: [GC (Allocation Failure) 3951.365: [ParNew: 34948K->2761K(36288K), 0.0025701 secs] 96098K->63910K(242952K), 0.0026246 secs] [Times: user=0.01 sys=0.00, real=0.01 secs] 
2015-10-30T15:38:04.233+0000: 3951.414: [GC (GCLocker Initiated GC) 3951.414: [ParNew: 36288K->3393K(36288K), 0.0037527 secs] 97881K->65888K(242952K), 0.0038230 secs] [Times: user=0.01 sys=0.00, real=0.01 secs] 
2015-10-30T15:38:04.304+0000: 3951.484: [GC (Allocation Failure) 3951.484: [ParNew: 35713K->3050K(36288K), 0.0040014 secs] 98208K->66248K(242952K), 0.0040706 secs] [Times: user=0.01 sys=0.00, real=0.01 secs] 
2015-10-30T15:38:13.409+0000: 3960.589: [GC (Allocation Failure) 3960.590: [ParNew: 35370K->3968K(36288K), 0.0116462 secs] 98568K->82810K(242952K), 0.0117430 secs] [Times: user=0.04 sys=0.00, real=0.01 secs] 
2015-10-30T15:38:13.446+0000: 3960.626: [GC (Allocation Failure) 3960.626: [ParNew: 36288K->3968K(36288K), 0.0047738 secs] 115130K->86831K(242952K), 0.0048663 secs] [Times: user=0.01 sys=0.00, real=0.00 secs] 
2015-10-30T15:38:13.477+0000: 3960.658: [GC (Allocation Failure) 3960.658: [ParNew: 36288K->2112K(36288K), 0.0046592 secs] 119151K->87505K(242952K), 0.0047225 secs] [Times: user=0.01 sys=0.00, real=0.00 secs] 
2015-10-30T15:38:13.504+0000: 3960.684: [GC (Allocation Failure) 3960.684: [ParNew: 34432K->2103K(36288K), 0.0031495 secs] 119825K->87495K(242952K), 0.0032203 secs] [Times: user=0.01 sys=0.00, real=0.01 secs] 
2015-10-30T15:38:13.532+0000: 3960.712: [GC (Allocation Failure) 3960.712: [ParNew: 34423K->2774K(36288K), 0.0040185 secs] 119815K->88166K(242952K), 0.0040889 secs] [Times: user=0.02 sys=0.00, real=0.00 secs] 
2015-10-30T15:38:13.557+0000: 3960.738: [GC (Allocation Failure) 3960.738: [ParNew: 35094K->3382K(36288K), 0.0048970 secs] 120486K->89492K(242952K), 0.0049619 secs] [Times: user=0.02 sys=0.00, real=0.00 secs] 
2015-10-30T15:38:13.577+0000: 3960.758: [GC (Allocation Failure) 3960.758: [ParNew: 35702K->2894K(36288K), 0.0041035 secs] 121812K->89643K(242952K), 0.0041646 secs] [Times: user=0.02 sys=0.00, real=0.00 secs] 
2015-10-30T15:38:13.597+0000: 3960.778: [GC (Allocation Failure) 3960.778: [ParNew: 35214K->2474K(36288K), 0.0027467 secs] 121963K->89223K(242952K), 0.0028067 secs] [Times: user=0.01 sys=0.00, real=0.00 secs] 
2015-10-30T15:38:13.613+0000: 3960.793: [GC (Allocation Failure) 3960.793: [ParNew: 34794K->2603K(36288K), 0.0034901 secs] 121543K->89978K(242952K), 0.0035520 secs] [Times: user=0.01 sys=0.00, real=0.00 secs] 
2015-10-30T15:38:13.638+0000: 3960.819: [GC (Allocation Failure) 3960.819: [ParNew: 34194K->2253K(36288K), 0.0031192 secs] 121569K->97605K(242952K), 0.0031945 secs] [Times: user=0.01 sys=0.00, real=0.00 secs] 
2015-10-30T15:38:21.164+0000: 3968.345: [GC (Allocation Failure) 3968.345: [ParNew: 34573K->3733K(36288K), 0.0039897 secs] 129925K->102228K(242952K), 0.0040595 secs] [Times: user=0.01 sys=0.00, real=0.01 secs] 
2015-10-30T15:38:23.421+0000: 3970.601: [GC (Allocation Failure) 3970.601: [ParNew: 36053K->3968K(36288K), 0.0155241 secs] 134548K->115851K(242952K), 0.0156107 secs] [Times: user=0.05 sys=0.00, real=0.01 secs] 
2015-10-30T15:38:23.454+0000: 3970.634: [GC (Allocation Failure) 3970.634: [ParNew: 36288K->3326K(36288K), 0.0040631 secs] 148171K->119079K(242952K), 0.0041229 secs] [Times: user=0.02 sys=0.00, real=0.01 secs] 
2015-10-30T15:38:23.477+0000: 3970.658: [GC (Allocation Failure) 3970.658: [ParNew: 35646K->2152K(36288K), 0.0026784 secs] 151399K->117905K(242952K), 0.0027394 secs] [Times: user=0.01 sys=0.00, real=0.00 secs] 
2015-10-30T15:38:23.497+0000: 3970.677: [GC (Allocation Failure) 3970.677: [ParNew: 34472K->3131K(36288K), 0.0034686 secs] 150225K->118884K(242952K), 0.0035195 secs] [Times: user=0.01 sys=0.00, real=0.01 secs] 
2015-10-30T15:38:23.518+0000: 3970.698: [GC (Allocation Failure) 3970.698: [ParNew: 35451K->3116K(36288K), 0.0041149 secs] 151204K->119724K(242952K), 0.0041668 secs] [Times: user=0.02 sys=0.00, real=0.00 secs] 
2015-10-30T15:38:23.537+0000: 3970.717: [GC (Allocation Failure) 3970.718: [ParNew: 35436K->3562K(36288K), 0.0041828 secs] 152044K->120884K(242952K), 0.0042548 secs] [Times: user=0.01 sys=0.00, real=0.01 secs] 
2015-10-30T15:38:23.556+0000: 3970.736: [GC (Allocation Failure) 3970.736: [ParNew: 35882K->3410K(36288K), 0.0036138 secs] 153204K->121373K(242952K), 0.0036732 secs] [Times: user=0.01 sys=0.00, real=0.01 secs] 
2015-10-30T15:38:23.573+0000: 3970.753: [GC (Allocation Failure) 3970.753: [ParNew: 35730K->2505K(36288K), 0.0030414 secs] 153693K->120468K(242952K), 0.0031008 secs] [Times: user=0.01 sys=0.00, real=0.00 secs] 
2015-10-30T15:38:23.592+0000: 3970.772: [GC (Allocation Failure) 3970.772: [ParNew: 34502K->3968K(36288K), 0.0029808 secs] 152465K->121931K(242952K), 0.0030382 secs] [Times: user=0.01 sys=0.00, real=0.00 secs] 
2015-10-30T15:38:27.792+0000: 3974.972: [GC (Allocation Failure) 3974.972: [ParNew: 36288K->2926K(36288K), 0.0043155 secs] 154251K->125129K(242952K), 0.0043766 secs] [Times: user=0.02 sys=0.00, real=0.00 secs] 
2015-10-30T15:38:33.507+0000: 3980.688: [GC (Allocation Failure) 3980.688: [ParNew: 35246K->3968K(36288K), 0.0149201 secs] 157449K->138473K(242952K), 0.0149973 secs] [Times: user=0.06 sys=0.00, real=0.01 secs] 
2015-10-30T15:38:33.540+0000: 3980.720: [GC (Allocation Failure) 3980.720: [ParNew: 36288K->2243K(36288K), 0.0050064 secs] 170793K->140601K(242952K), 0.0050642 secs] [Times: user=0.02 sys=0.00, real=0.00 secs] 
2015-10-30T15:38:33.561+0000: 3980.742: [GC (Allocation Failure) 3980.742: [ParNew: 34563K->2270K(36288K), 0.0033714 secs] 172921K->140628K(242952K), 0.0034326 secs] [Times: user=0.01 sys=0.00, real=0.00 secs] 
2015-10-30T15:38:33.581+0000: 3980.761: [GC (Allocation Failure) 3980.761: [ParNew: 34590K->3105K(36288K), 0.0034239 secs] 172948K->141463K(242952K), 0.0034728 secs] [Times: user=0.01 sys=0.00, real=0.00 secs] 
2015-10-30T15:38:33.604+0000: 3980.784: [GC (Allocation Failure) 3980.784: [ParNew: 35425K->2626K(36288K), 0.0041010 secs] 173783K->141782K(242952K), 0.0041496 secs] [Times: user=0.01 sys=0.00, real=0.01 secs] 
2015-10-30T15:38:33.625+0000: 3980.806: [GC (Allocation Failure) 3980.806: [ParNew: 34946K->3069K(36288K), 0.0039830 secs] 174102K->142885K(242952K), 0.0040453 secs] [Times: user=0.02 sys=0.00, real=0.00 secs] 
2015-10-30T15:38:33.645+0000: 3980.826: [GC (Allocation Failure) 3980.826: [ParNew: 35389K->2872K(36288K), 0.0035622 secs] 175205K->143339K(242952K), 0.0036209 secs] [Times: user=0.02 sys=0.00, real=0.00 secs] 
2015-10-30T15:38:33.662+0000: 3980.842: [GC (Allocation Failure) 3980.842: [ParNew: 35192K->2357K(36288K), 0.0026025 secs] 175659K->142824K(242952K), 0.0026613 secs] [Times: user=0.01 sys=0.00, real=0.00 secs] 
2015-10-30T15:38:33.682+0000: 3980.863: [GC (Allocation Failure) 3980.863: [ParNew: 34623K->3968K(36288K), 0.0032966 secs] 175090K->144605K(242952K), 0.0033580 secs] [Times: user=0.01 sys=0.00, real=0.01 secs] 
2015-10-30T15:38:41.249+0000: 3988.430: [GC (Allocation Failure) 3988.430: [ParNew: 36288K->2347K(36288K), 0.0049171 secs] 176925K->147598K(242952K), 0.0049874 secs] [Times: user=0.01 sys=0.00, real=0.00 secs] 
2015-10-30T15:38:43.435+0000: 3990.616: [GC (Allocation Failure) 3990.630: [ParNew: 34667K->3968K(36288K), 0.0134815 secs] 179918K->160766K(242952K), 0.0280576 secs] [Times: user=0.05 sys=0.00, real=0.03 secs] 
2015-10-30T15:38:43.482+0000: 3990.663: [GC (Allocation Failure) 3990.663: [ParNew: 36288K->1467K(36288K), 0.0042730 secs] 193086K->162128K(242952K), 0.0043320 secs] [Times: user=0.01 sys=0.00, real=0.01 secs] 
2015-10-30T15:38:43.505+0000: 3990.686: [GC (Allocation Failure) 3990.686: [ParNew: 33787K->2055K(36288K), 0.0031449 secs] 194448K->162716K(242952K), 0.0032074 secs] [Times: user=0.01 sys=0.00, real=0.00 secs] 
2015-10-30T15:38:43.525+0000: 3990.705: [GC (Allocation Failure) 3990.705: [ParNew: 34375K->3080K(36288K), 0.0034429 secs] 195036K->163741K(242952K), 0.0034962 secs] [Times: user=0.02 sys=0.00, real=0.01 secs] 
2015-10-30T15:38:43.549+0000: 3990.729: [GC (Allocation Failure) 3990.729: [ParNew: 35400K->2492K(36288K), 0.0049791 secs] 196061K->163948K(242952K), 0.0050319 secs] [Times: user=0.02 sys=0.00, real=0.00 secs] 
2015-10-30T15:38:43.569+0000: 3990.750: [GC (Allocation Failure) 3990.750: [ParNew: 34812K->3071K(36288K), 0.0044717 secs] 196268K->165183K(242952K), 0.0045366 secs] [Times: user=0.01 sys=0.00, real=0.00 secs] 
2015-10-30T15:38:43.587+0000: 3990.768: [GC (Allocation Failure) 3990.768: [ParNew: 35391K->2627K(36288K), 0.0042517 secs] 197503K->165376K(242952K), 0.0043135 secs] [Times: user=0.01 sys=0.00, real=0.00 secs] 
2015-10-30T15:38:43.609+0000: 3990.790: [GC (Allocation Failure) 3990.790: [ParNew: 34947K->2311K(36288K), 0.0029240 secs] 197696K->165060K(242952K), 0.0029789 secs] [Times: user=0.01 sys=0.00, real=0.00 secs] 
2015-10-30T15:38:43.633+0000: 3990.813: [GC (Allocation Failure) 3990.813: [ParNew: 34180K->3968K(36288K), 0.0033661 secs] 196930K->168310K(242952K), 0.0034255 secs] [Times: user=0.01 sys=0.00, real=0.00 secs] 
2015-10-30T15:38:53.410+0000: 4000.591: [GC (Allocation Failure) 4000.591: [ParNew: 36233K->3028K(36288K), 0.0052301 secs] 200576K->172021K(242952K), 0.0053310 secs] [Times: user=0.02 sys=0.00, real=0.00 secs] 
2015-10-30T15:38:53.457+0000: 4000.638: [GC (Allocation Failure) 4000.638: [ParNew: 35348K->3968K(36288K), 0.0142372 secs] 204341K->184720K(242952K), 0.0143261 secs] [Times: user=0.05 sys=0.00, real=0.01 secs] 
2015-10-30T15:38:53.493+0000: 4000.674: [GC (Allocation Failure) 4000.674: [ParNew: 36288K->1815K(36288K), 0.0040839 secs] 217040K->186399K(242952K), 0.0041642 secs] [Times: user=0.02 sys=0.00, real=0.01 secs] 
2015-10-30T15:38:53.514+0000: 4000.694: [GC (Allocation Failure) 4000.694: [ParNew: 34135K->1736K(36288K), 0.0024731 secs] 218719K->186320K(242952K), 0.0025371 secs] [Times: user=0.01 sys=0.00, real=0.00 secs] 
2015-10-30T15:38:53.534+0000: 4000.714: [GC (Allocation Failure) 4000.714: [ParNew: 34056K->2624K(36288K), 0.0028712 secs] 218640K->187207K(242952K), 0.0029234 secs] [Times: user=0.01 sys=0.00, real=0.00 secs] 
2015-10-30T15:38:53.557+0000: 4000.738: [GC (Allocation Failure) 4000.738: [ParNew: 34944K->2840K(36288K), 0.0047350 secs] 219527K->188207K(242952K), 0.0047979 secs] [Times: user=0.01 sys=0.00, real=0.00 secs] 
2015-10-30T15:38:53.577+0000: 4000.757: [GC (Allocation Failure) 4000.757: [ParNew: 35160K->3032K(36288K), 0.0043411 secs] 220527K->189116K(242952K), 0.0044149 secs] [Times: user=0.01 sys=0.00, real=0.01 secs] 
2015-10-30T15:38:53.595+0000: 4000.776: [GC (Allocation Failure) 4000.776: [ParNew: 35352K->3309K(36288K), 0.0041906 secs] 221436K->189975K(242952K), 0.0042612 secs] [Times: user=0.02 sys=0.00, real=0.01 secs] 
2015-10-30T15:38:53.612+0000: 4000.793: [GC (Allocation Failure) 4000.793: [ParNew: 35629K->2370K(36288K), 0.0047980 secs] 222295K->189036K(242952K), 0.0048658 secs] [Times: user=0.01 sys=0.00, real=0.01 secs] 
2015-10-30T15:38:53.640+0000: 4000.821: [GC (Allocation Failure) 4000.821: [ParNew: 34001K->3968K(36288K), 0.0031557 secs] 220667K->193839K(242952K), 0.0032372 secs] [Times: user=0.01 sys=0.00, real=0.00 secs] 
2015-10-30T15:38:53.644+0000: 4000.825: [GC (CMS Initial Mark) [1 CMS-initial-mark: 189871K(206664K)] 199157K(242952K), 0.0017479 secs] [Times: user=0.01 sys=0.00, real=0.01 secs] 
2015-10-30T15:38:53.646+0000: 4000.827: [CMS-concurrent-mark-start]
2015-10-30T15:38:53.684+0000: 4000.864: [CMS-concurrent-mark: 0.037/0.037 secs] [Times: user=0.08 sys=0.00, real=0.03 secs] 
2015-10-30T15:38:53.684+0000: 4000.864: [CMS-concurrent-preclean-start]
2015-10-30T15:38:53.685+0000: 4000.866: [CMS-concurrent-preclean: 0.002/0.002 secs] [Times: user=0.00 sys=0.00, real=0.01 secs] 
2015-10-30T15:38:53.685+0000: 4000.866: [CMS-concurrent-abortable-preclean-start]
 CMS: abort preclean due to time 2015-10-30T15:38:58.784+0000: 4005.964: [CMS-concurrent-abortable-preclean: 1.438/5.098 secs] [Times: user=1.56 sys=0.01, real=5.09 secs] 
2015-10-30T15:38:58.784+0000: 4005.964: [GC (CMS Final Remark) [YG occupancy: 32248 K (36288 K)]4005.964: [Rescan (parallel) , 0.0024938 secs]4005.967: [weak refs processing, 0.0000189 secs]4005.967: [class unloading, 0.0147025 secs]4005.982: [scrub symbol table, 0.0067507 secs]4005.988: [scrub string table, 0.0007453 secs][1 CMS-remark: 189871K(206664K)] 222120K(242952K), 0.0261898 secs] [Times: user=0.04 sys=0.00, real=0.03 secs] 
2015-10-30T15:38:58.810+0000: 4005.991: [CMS-concurrent-sweep-start]
2015-10-30T15:38:58.876+0000: 4006.057: [CMS-concurrent-sweep: 0.066/0.066 secs] [Times: user=0.07 sys=0.00, real=0.06 secs] 
2015-10-30T15:38:58.876+0000: 4006.057: [CMS-concurrent-reset-start]
2015-10-30T15:38:58.879+0000: 4006.059: [CMS-concurrent-reset: 0.002/0.002 secs] [Times: user=0.00 sys=0.00, real=0.01 secs] 
2015-10-30T15:39:00.043+0000: 4007.224: [GC (Allocation Failure) 4007.224: [ParNew: 36288K->3968K(36288K), 0.0058879 secs] 98639K->68770K(242952K), 0.0059698 secs] [Times: user=0.02 sys=0.00, real=0.01 secs] 
2015-10-30T15:39:00.255+0000: 4007.436: [GC (Allocation Failure) 4007.436: [ParNew: 36288K->3729K(36288K), 0.0044868 secs] 101090K->71564K(242952K), 0.0045675 secs] [Times: user=0.02 sys=0.00, real=0.01 secs] 
2015-10-30T15:39:00.298+0000: 4007.479: [GC (Allocation Failure) 4007.479: [ParNew: 36287K->3664K(36288K), 0.0062837 secs] 104123K->73053K(242952K), 0.0063674 secs] [Times: user=0.02 sys=0.00, real=0.00 secs] 
2015-10-30T15:39:00.319+0000: 4007.499: [GC (GCLocker Initiated GC) 4007.499: [ParNew: 16511K->2345K(36288K), 0.0041288 secs] 85900K->73466K(242952K), 0.0042061 secs] [Times: user=0.02 sys=0.00, real=0.00 secs] 
2015-10-30T15:39:00.357+0000: 4007.537: [GC (Allocation Failure) 4007.537: [ParNew: 34374K->3469K(36288K), 0.0035407 secs] 105496K->74591K(242952K), 0.0036155 secs] [Times: user=0.01 sys=0.00, real=0.01 secs] 
2015-10-30T15:39:03.436+0000: 4010.616: [GC (Allocation Failure) 4010.616: [ParNew: 35789K->3968K(36288K), 0.0175208 secs] 106911K->89355K(242952K), 0.0176152 secs] [Times: user=0.06 sys=0.00, real=0.02 secs] 
2015-10-30T15:39:03.472+0000: 4010.652: [GC (Allocation Failure) 4010.652: [ParNew: 36288K->2692K(36288K), 0.0046428 secs] 121675K->91635K(242952K), 0.0047181 secs] [Times: user=0.01 sys=0.00, real=0.00 secs] 
2015-10-30T15:39:03.492+0000: 4010.673: [GC (Allocation Failure) 4010.673: [ParNew: 35012K->2754K(36288K), 0.0033075 secs] 123955K->91697K(242952K), 0.0033795 secs] [Times: user=0.02 sys=0.00, real=0.00 secs] 
2015-10-30T15:39:03.513+0000: 4010.694: [GC (Allocation Failure) 4010.694: [ParNew: 35074K->2244K(36288K), 0.0044931 secs] 124017K->92314K(242952K), 0.0045546 secs] [Times: user=0.01 sys=0.00, real=0.01 secs] 
2015-10-30T15:39:03.537+0000: 4010.718: [GC (Allocation Failure) 4010.718: [ParNew: 34564K->2706K(36288K), 0.0030695 secs] 124634K->92776K(242952K), 0.0031311 secs] [Times: user=0.01 sys=0.00, real=0.00 secs] 
2015-10-30T15:39:03.556+0000: 4010.736: [GC (Allocation Failure) 4010.736: [ParNew: 35026K->2931K(36288K), 0.0038668 secs] 125096K->93656K(242952K), 0.0039386 secs] [Times: user=0.02 sys=0.00, real=0.01 secs] 
2015-10-30T15:39:03.576+0000: 4010.756: [GC (Allocation Failure) 4010.756: [ParNew: 35251K->2065K(36288K), 0.0037833 secs] 125976K->93441K(242952K), 0.0038658 secs] [Times: user=0.02 sys=0.00, real=0.01 secs] 
2015-10-30T15:39:03.597+0000: 4010.778: [GC (Allocation Failure) 4010.778: [ParNew: 34385K->2791K(36288K), 0.0027833 secs] 125761K->94168K(242952K), 0.0028505 secs] [Times: user=0.01 sys=0.00, real=0.00 secs] 
2015-10-30T15:39:03.618+0000: 4010.799: [GC (Allocation Failure) 4010.799: [ParNew: 34896K->3968K(36288K), 0.0028745 secs] 126272K->95360K(242952K), 0.0029481 secs] [Times: user=0.01 sys=0.00, real=0.00 secs] 
2015-10-30T15:39:07.793+0000: 4014.973: [GC (Allocation Failure) 4014.973: [ParNew: 36288K->2417K(36288K), 0.0050971 secs] 127680K->98269K(242952K), 0.0051754 secs] [Times: user=0.02 sys=0.00, real=0.01 secs] 
2015-10-30T15:39:13.443+0000: 4020.624: [GC (Allocation Failure) 4020.624: [ParNew: 34737K->3968K(36288K), 0.0141824 secs] 130589K->111754K(242952K), 0.0142717 secs] [Times: user=0.06 sys=0.00, real=0.02 secs] 
2015-10-30T15:39:13.474+0000: 4020.655: [GC (Allocation Failure) 4020.655: [ParNew: 36288K->1896K(36288K), 0.0042707 secs] 144074K->113555K(242952K), 0.0043491 secs] [Times: user=0.02 sys=0.00, real=0.01 secs] 
2015-10-30T15:39:13.494+0000: 4020.675: [GC (Allocation Failure) 4020.675: [ParNew: 34216K->2004K(36288K), 0.0031516 secs] 145875K->113663K(242952K), 0.0032190 secs] [Times: user=0.01 sys=0.00, real=0.01 secs] 
2015-10-30T15:39:13.515+0000: 4020.695: [GC (Allocation Failure) 4020.695: [ParNew: 34324K->2968K(36288K), 0.0033145 secs] 145983K->114627K(242952K), 0.0033787 secs] [Times: user=0.01 sys=0.00, real=0.01 secs] 
2015-10-30T15:39:13.543+0000: 4020.724: [GC (Allocation Failure) 4020.724: [ParNew: 35288K->3950K(36288K), 0.0067864 secs] 146947K->116442K(242952K), 0.0068713 secs] [Times: user=0.01 sys=0.00, real=0.01 secs] 
2015-10-30T15:39:13.572+0000: 4020.752: [GC (Allocation Failure) 4020.752: [ParNew: 36270K->3138K(36288K), 0.0043603 secs] 148762K->116297K(242952K), 0.0044319 secs] [Times: user=0.01 sys=0.00, real=0.00 secs] 
2015-10-30T15:39:13.597+0000: 4020.778: [GC (Allocation Failure) 4020.778: [ParNew: 35458K->2589K(36288K), 0.0041430 secs] 148617K->116398K(242952K), 0.0042258 secs] [Times: user=0.01 sys=0.00, real=0.00 secs] 
2015-10-30T15:39:13.620+0000: 4020.801: [GC (Allocation Failure) 4020.801: [ParNew: 34909K->2566K(36288K), 0.0046057 secs] 148718K->116890K(242952K), 0.0046978 secs] [Times: user=0.02 sys=0.00, real=0.00 secs] 
2015-10-30T15:39:13.654+0000: 4020.835: [GC (Allocation Failure) 4020.835: [ParNew: 34719K->3968K(36288K), 0.0036873 secs] 149043K->118346K(242952K), 0.0037687 secs] [Times: user=0.01 sys=0.00, real=0.01 secs] 
2015-10-30T15:39:23.244+0000: 4030.424: [GC (Allocation Failure) 4030.424: [ParNew: 36288K->3962K(36288K), 0.0042673 secs] 150666K->120327K(242952K), 0.0043356 secs] [Times: user=0.01 sys=0.00, real=0.01 secs] 
2015-10-30T15:39:23.442+0000: 4030.623: [GC (Allocation Failure) 4030.623: [ParNew: 36282K->3968K(36288K), 0.0136197 secs] 152647K->134248K(242952K), 0.0137136 secs] [Times: user=0.05 sys=0.00, real=0.01 secs] 
2015-10-30T15:39:23.473+0000: 4030.654: [GC (Allocation Failure) 4030.654: [ParNew: 36288K->2517K(36288K), 0.0047198 secs] 166568K->136622K(242952K), 0.0048006 secs] [Times: user=0.01 sys=0.00, real=0.01 secs] 
2015-10-30T15:39:23.497+0000: 4030.678: [GC (Allocation Failure) 4030.678: [ParNew: 34837K->2195K(36288K), 0.0026281 secs] 168942K->136301K(242952K), 0.0026916 secs] [Times: user=0.01 sys=0.00, real=0.00 secs] 
2015-10-30T15:39:23.517+0000: 4030.698: [GC (Allocation Failure) 4030.698: [ParNew: 34515K->2491K(36288K), 0.0036055 secs] 168621K->136596K(242952K), 0.0036683 secs] [Times: user=0.01 sys=0.00, real=0.00 secs] 
2015-10-30T15:39:23.541+0000: 4030.722: [GC (Allocation Failure) 4030.722: [ParNew: 34811K->3382K(36288K), 0.0041012 secs] 168916K->138284K(242952K), 0.0041695 secs] [Times: user=0.01 sys=0.00, real=0.01 secs] 
2015-10-30T15:39:23.561+0000: 4030.741: [GC (Allocation Failure) 4030.741: [ParNew: 35702K->3558K(36288K), 0.0058232 secs] 170604K->139129K(242952K), 0.0058970 secs] [Times: user=0.01 sys=0.00, real=0.01 secs] 
2015-10-30T15:39:23.581+0000: 4030.762: [GC (Allocation Failure) 4030.762: [ParNew: 35878K->2705K(36288K), 0.0031124 secs] 171449K->138277K(242952K), 0.0031795 secs] [Times: user=0.01 sys=0.00, real=0.00 secs] 
2015-10-30T15:39:23.598+0000: 4030.779: [GC (Allocation Failure) 4030.779: [ParNew: 35025K->3087K(36288K), 0.0035759 secs] 170597K->139306K(242952K), 0.0036476 secs] [Times: user=0.01 sys=0.00, real=0.00 secs] 
2015-10-30T15:39:23.623+0000: 4030.804: [GC (Allocation Failure) 4030.804: [ParNew: 35082K->3968K(36288K), 0.0040990 secs] 171301K->141785K(242952K), 0.0041722 secs] [Times: user=0.01 sys=0.00, real=0.01 secs] 
2015-10-30T15:39:23.628+0000: 4030.808: [GC (CMS Initial Mark) [1 CMS-initial-mark: 137817K(206664K)] 142297K(242952K), 0.0018655 secs] [Times: user=0.01 sys=0.00, real=0.00 secs] 
2015-10-30T15:39:23.630+0000: 4030.810: [CMS-concurrent-mark-start]
2015-10-30T15:39:23.667+0000: 4030.848: [CMS-concurrent-mark: 0.038/0.038 secs] [Times: user=0.07 sys=0.00, real=0.04 secs] 
2015-10-30T15:39:23.667+0000: 4030.848: [CMS-concurrent-preclean-start]
2015-10-30T15:39:23.669+0000: 4030.850: [CMS-concurrent-preclean: 0.002/0.002 secs] [Times: user=0.01 sys=0.00, real=0.00 secs] 
2015-10-30T15:39:23.669+0000: 4030.850: [CMS-concurrent-abortable-preclean-start]
 CMS: abort preclean due to time 2015-10-30T15:39:28.701+0000: 4035.882: [CMS-concurrent-abortable-preclean: 1.041/5.032 secs] [Times: user=1.15 sys=0.01, real=5.03 secs] 
2015-10-30T15:39:28.701+0000: 4035.882: [GC (CMS Final Remark) [YG occupancy: 34078 K (36288 K)]4035.882: [Rescan (parallel) , 0.0033445 secs]4035.885: [weak refs processing, 0.0000206 secs]4035.885: [class unloading, 0.0154929 secs]4035.901: [scrub symbol table, 0.0068969 secs]4035.908: [scrub string table, 0.0007448 secs][1 CMS-remark: 137817K(206664K)] 171895K(242952K), 0.0280089 secs] [Times: user=0.03 sys=0.00, real=0.03 secs] 
2015-10-30T15:39:28.730+0000: 4035.910: [CMS-concurrent-sweep-start]
2015-10-30T15:39:28.791+0000: 4035.971: [CMS-concurrent-sweep: 0.061/0.061 secs] [Times: user=0.06 sys=0.00, real=0.06 secs] 
2015-10-30T15:39:28.791+0000: 4035.971: [CMS-concurrent-reset-start]
2015-10-30T15:39:28.793+0000: 4035.974: [CMS-concurrent-reset: 0.002/0.002 secs] [Times: user=0.01 sys=0.00, real=0.00 secs] 
2015-10-30T15:39:30.793+0000: 4037.973: [GC (CMS Initial Mark) [1 CMS-initial-mark: 60826K(206664K)] 95360K(242952K), 0.0028941 secs] [Times: user=0.01 sys=0.00, real=0.00 secs] 
2015-10-30T15:39:30.796+0000: 4037.976: [CMS-concurrent-mark-start]
2015-10-30T15:39:30.834+0000: 4038.015: [CMS-concurrent-mark: 0.039/0.039 secs] [Times: user=0.04 sys=0.00, real=0.04 secs] 
2015-10-30T15:39:30.834+0000: 4038.015: [CMS-concurrent-preclean-start]
2015-10-30T15:39:30.837+0000: 4038.017: [CMS-concurrent-preclean: 0.002/0.002 secs] [Times: user=0.00 sys=0.00, real=0.00 secs] 
2015-10-30T15:39:30.837+0000: 4038.017: [CMS-concurrent-abortable-preclean-start]
 CMS: abort preclean due to time 2015-10-30T15:39:35.852+0000: 4043.033: [CMS-concurrent-abortable-preclean: 1.008/5.016 secs] [Times: user=1.09 sys=0.01, real=5.02 secs] 
2015-10-30T15:39:35.853+0000: 4043.033: [GC (CMS Final Remark) [YG occupancy: 35704 K (36288 K)]4043.033: [Rescan (parallel) , 0.0030702 secs]4043.036: [weak refs processing, 0.0000173 secs]4043.036: [class unloading, 0.0142276 secs]4043.050: [scrub symbol table, 0.0067794 secs]4043.057: [scrub string table, 0.0007529 secs][1 CMS-remark: 60826K(206664K)] 96530K(242952K), 0.0263067 secs] [Times: user=0.04 sys=0.00, real=0.03 secs] 
2015-10-30T15:39:35.879+0000: 4043.059: [CMS-concurrent-sweep-start]
2015-10-30T15:39:35.959+0000: 4043.139: [CMS-concurrent-sweep: 0.080/0.080 secs] [Times: user=0.09 sys=0.00, real=0.08 secs] 
2015-10-30T15:39:35.959+0000: 4043.140: [CMS-concurrent-reset-start]
2015-10-30T15:39:35.962+0000: 4043.142: [CMS-concurrent-reset: 0.002/0.002 secs] [Times: user=0.00 sys=0.00, real=0.00 secs] 
2015-10-30T15:39:37.791+0000: 4044.972: [GC (Allocation Failure) 4044.972: [ParNew: 36288K->1866K(36288K), 0.0022390 secs] 94021K->62392K(242952K), 0.0023106 secs] [Times: user=0.00 sys=0.00, real=0.00 secs] 
2015-10-30T15:39:43.424+0000: 4050.605: [GC (Allocation Failure) 4050.605: [ParNew: 34186K->3968K(36288K), 0.0133919 secs] 94712K->76023K(242952K), 0.0134801 secs] [Times: user=0.05 sys=0.00, real=0.02 secs] 
2015-10-30T15:39:43.456+0000: 4050.636: [GC (Allocation Failure) 4050.636: [ParNew: 36288K->1649K(36288K), 0.0041359 secs] 108343K->77400K(242952K), 0.0042019 secs] [Times: user=0.01 sys=0.00, real=0.01 secs] 
2015-10-30T15:39:43.477+0000: 4050.657: [GC (Allocation Failure) 4050.657: [ParNew: 33969K->1934K(36288K), 0.0032096 secs] 109720K->77685K(242952K), 0.0032770 secs] [Times: user=0.01 sys=0.00, real=0.01 secs] 
2015-10-30T15:39:43.497+0000: 4050.678: [GC (Allocation Failure) 4050.678: [ParNew: 34254K->2943K(36288K), 0.0030395 secs] 110005K->78694K(242952K), 0.0030938 secs] [Times: user=0.01 sys=0.00, real=0.00 secs] 
2015-10-30T15:39:43.517+0000: 4050.697: [GC (Allocation Failure) 4050.697: [ParNew: 35263K->3104K(36288K), 0.0041011 secs] 111014K->79657K(242952K), 0.0041657 secs] [Times: user=0.02 sys=0.00, real=0.01 secs] 
2015-10-30T15:39:43.537+0000: 4050.717: [GC (Allocation Failure) 4050.717: [ParNew: 35424K->2613K(36288K), 0.0037733 secs] 111977K->79845K(242952K), 0.0038418 secs] [Times: user=0.01 sys=0.00, real=0.01 secs] 
2015-10-30T15:39:43.556+0000: 4050.736: [GC (Allocation Failure) 4050.736: [ParNew: 34933K->3968K(36288K), 0.0032676 secs] 112165K->81199K(242952K), 0.0033366 secs] [Times: user=0.02 sys=0.00, real=0.01 secs] 
2015-10-30T15:39:43.573+0000: 4050.754: [GC (Allocation Failure) 4050.754: [ParNew: 36288K->3437K(36288K), 0.0034956 secs] 113519K->81320K(242952K), 0.0035601 secs] [Times: user=0.01 sys=0.00, real=0.00 secs] 
2015-10-30T15:39:43.596+0000: 4050.776: [GC (Allocation Failure) 4050.776: [ParNew: 35458K->3968K(36288K), 0.0030678 secs] 113341K->82090K(242952K), 0.0031348 secs] [Times: user=0.01 sys=0.00, real=0.01 secs] 
2015-10-30T15:39:50.599+0000: 4057.779: [GC (Allocation Failure) 4057.779: [ParNew: 36288K->2135K(36288K), 0.0044679 secs] 114410K->84784K(242952K), 0.0045733 secs] [Times: user=0.01 sys=0.00, real=0.00 secs] 
2015-10-30T15:39:53.446+0000: 4060.626: [GC (Allocation Failure) 4060.626: [ParNew: 34455K->3968K(36288K), 0.0128329 secs] 117104K->98161K(242952K), 0.0129176 secs] [Times: user=0.04 sys=0.00, real=0.01 secs] 
2015-10-30T15:39:53.476+0000: 4060.656: [GC (Allocation Failure) 4060.656: [ParNew: 36288K->1973K(36288K), 0.0047923 secs] 130481K->99921K(242952K), 0.0048598 secs] [Times: user=0.02 sys=0.00, real=0.01 secs] 
2015-10-30T15:39:53.497+0000: 4060.677: [GC (Allocation Failure) 4060.678: [ParNew: 34293K->1932K(36288K), 0.0025893 secs] 132241K->99879K(242952K), 0.0026623 secs] [Times: user=0.01 sys=0.00, real=0.01 secs] 
2015-10-30T15:39:53.516+0000: 4060.697: [GC (Allocation Failure) 4060.697: [ParNew: 34252K->2836K(36288K), 0.0028491 secs] 132199K->100783K(242952K), 0.0029040 secs] [Times: user=0.02 sys=0.00, real=0.01 secs] 
2015-10-30T15:39:53.538+0000: 4060.718: [GC (Allocation Failure) 4060.718: [ParNew: 35156K->2805K(36288K), 0.0042234 secs] 133103K->101539K(242952K), 0.0042786 secs] [Times: user=0.02 sys=0.00, real=0.00 secs] 
2015-10-30T15:39:53.557+0000: 4060.738: [GC (Allocation Failure) 4060.738: [ParNew: 35125K->3069K(36288K), 0.0040568 secs] 133859K->102502K(242952K), 0.0041217 secs] [Times: user=0.02 sys=0.00, real=0.00 secs] 
2015-10-30T15:39:53.577+0000: 4060.758: [GC (Allocation Failure) 4060.758: [ParNew: 35389K->2783K(36288K), 0.0036483 secs] 134822K->102844K(242952K), 0.0037104 secs] [Times: user=0.01 sys=0.00, real=0.00 secs] 
2015-10-30T15:39:53.595+0000: 4060.775: [GC (Allocation Failure) 4060.775: [ParNew: 35103K->2360K(36288K), 0.0026193 secs] 135164K->102421K(242952K), 0.0026826 secs] [Times: user=0.01 sys=0.00, real=0.01 secs] 
2015-10-30T15:39:53.619+0000: 4060.800: [GC (Allocation Failure) 4060.800: [ParNew: 34320K->3968K(36288K), 0.0035006 secs] 134381K->106076K(242952K), 0.0035797 secs] [Times: user=0.01 sys=0.00, real=0.00 secs] 
2015-10-30T15:39:53.623+0000: 4060.804: [GC (CMS Initial Mark) [1 CMS-initial-mark: 102108K(206664K)] 106588K(242952K), 0.0020715 secs] [Times: user=0.01 sys=0.00, real=0.01 secs] 
2015-10-30T15:39:53.625+0000: 4060.806: [CMS-concurrent-mark-start]
2015-10-30T15:39:53.682+0000: 4060.862: [CMS-concurrent-mark: 0.056/0.056 secs] [Times: user=0.11 sys=0.00, real=0.05 secs] 
2015-10-30T15:39:53.682+0000: 4060.862: [CMS-concurrent-preclean-start]
2015-10-30T15:39:53.683+0000: 4060.864: [CMS-concurrent-preclean: 0.002/0.002 secs] [Times: user=0.00 sys=0.00, real=0.00 secs] 
2015-10-30T15:39:53.683+0000: 4060.864: [CMS-concurrent-abortable-preclean-start]
 CMS: abort preclean due to time 2015-10-30T15:39:58.795+0000: 4065.975: [CMS-concurrent-abortable-preclean: 1.500/5.112 secs] [Times: user=1.63 sys=0.00, real=5.11 secs] 
2015-10-30T15:39:58.795+0000: 4065.976: [GC (CMS Final Remark) [YG occupancy: 34044 K (36288 K)]4065.976: [Rescan (parallel) , 0.0038834 secs]4065.980: [weak refs processing, 0.0000330 secs]4065.980: [class unloading, 0.0150702 secs]4065.995: [scrub symbol table, 0.0069146 secs]4066.002: [scrub string table, 0.0007419 secs][1 CMS-remark: 102108K(206664K)] 136153K(242952K), 0.0281013 secs] [Times: user=0.04 sys=0.00, real=0.03 secs] 
2015-10-30T15:39:58.824+0000: 4066.004: [CMS-concurrent-sweep-start]
2015-10-30T15:39:58.858+0000: 4066.038: [CMS-concurrent-sweep: 0.034/0.034 secs] [Times: user=0.03 sys=0.00, real=0.04 secs] 
2015-10-30T15:39:58.858+0000: 4066.038: [CMS-concurrent-reset-start]
2015-10-30T15:39:58.860+0000: 4066.041: [CMS-concurrent-reset: 0.003/0.003 secs] [Times: user=0.01 sys=0.00, real=0.00 secs] 
2015-10-30T15:40:00.029+0000: 4067.210: [GC (Allocation Failure) 4067.210: [ParNew: 36288K->2325K(36288K), 0.0056718 secs] 95943K->66318K(242952K), 0.0057548 secs] [Times: user=0.02 sys=0.00, real=0.00 secs] 
2015-10-30T15:40:00.077+0000: 4067.258: [GC (Allocation Failure) 4067.258: [ParNew: 34645K->3968K(36288K), 0.0093435 secs] 98638K->76436K(242952K), 0.0094345 secs] [Times: user=0.03 sys=0.00, real=0.01 secs] 
2015-10-30T15:40:00.108+0000: 4067.289: [GC (Allocation Failure) 4067.289: [ParNew: 36288K->3968K(36288K), 0.0171515 secs] 108756K->87300K(242952K), 0.0172636 secs] [Times: user=0.05 sys=0.00, real=0.02 secs] 
2015-10-30T15:40:00.148+0000: 4067.328: [GC (Allocation Failure) 4067.328: [ParNew: 36288K->3968K(36288K), 0.0109138 secs] 119620K->92789K(242952K), 0.0110050 secs] [Times: user=0.04 sys=0.00, real=0.01 secs] 
2015-10-30T15:40:00.175+0000: 4067.355: [GC (Allocation Failure) 4067.355: [ParNew: 36288K->3690K(36288K), 0.0071195 secs] 125109K->96265K(242952K), 0.0071940 secs] [Times: user=0.02 sys=0.00, real=0.01 secs] 
2015-10-30T15:40:00.185+0000: 4067.366: [GC (CMS Initial Mark) [1 CMS-initial-mark: 92575K(206664K)] 102589K(242952K), 0.0048908 secs] [Times: user=0.02 sys=0.00, real=0.00 secs] 
2015-10-30T15:40:00.190+0000: 4067.371: [CMS-concurrent-mark-start]
2015-10-30T15:40:00.217+0000: 4067.397: [GC (Allocation Failure) 4067.397: [ParNew: 36010K->3968K(36288K), 0.0049660 secs] 128585K->96543K(242952K), 0.0050345 secs] [Times: user=0.02 sys=0.00, real=0.01 secs] 
2015-10-30T15:40:00.254+0000: 4067.435: [GC (Allocation Failure) 4067.435: [ParNew: 36288K->2742K(36288K), 0.0070855 secs] 128863K->97233K(242952K), 0.0071587 secs] [Times: user=0.02 sys=0.00, real=0.01 secs] 
2015-10-30T15:40:00.333+0000: 4067.514: [GC (Allocation Failure) 4067.514: [ParNew: 36288K->3967K(36288K), 0.0108151 secs] 134935K->103255K(242952K), 0.0109183 secs] [Times: user=0.02 sys=0.00, real=0.01 secs] 
2015-10-30T15:40:00.360+0000: 4067.540: [GC (GCLocker Initiated GC) 4067.540: [ParNew: 7284K->1281K(36288K), 0.0168836 secs] 106572K->103845K(242952K), 0.0169956 secs] [Times: user=0.02 sys=0.00, real=0.01 secs] 
2015-10-30T15:40:00.435+0000: 4067.616: [CMS-concurrent-mark: 0.183/0.245 secs] [Times: user=0.62 sys=0.03, real=0.24 secs] 
2015-10-30T15:40:00.435+0000: 4067.616: [CMS-concurrent-preclean-start]
2015-10-30T15:40:00.443+0000: 4067.624: [CMS-concurrent-preclean: 0.006/0.008 secs] [Times: user=0.02 sys=0.00, real=0.01 secs] 
2015-10-30T15:40:00.443+0000: 4067.624: [CMS-concurrent-abortable-preclean-start]
2015-10-30T15:40:02.641+0000: 4069.821: [GC (Allocation Failure) 4069.821: [ParNew: 33601K->3423K(36288K), 0.0046271 secs] 136165K->105987K(242952K), 0.0047042 secs] [Times: user=0.01 sys=0.00, real=0.01 secs] 
2015-10-30T15:40:02.681+0000: 4069.862: [GC (Allocation Failure) 4069.862: [ParNew: 35743K->3968K(36288K), 0.0082542 secs] 138307K->108429K(242952K), 0.0083312 secs] [Times: user=0.03 sys=0.00, real=0.01 secs] 
2015-10-30T15:40:02.726+0000: 4069.906: [GC (Allocation Failure) 4069.906: [ParNew: 36288K->3966K(36288K), 0.0064962 secs] 140749K->110064K(242952K), 0.0065703 secs] [Times: user=0.02 sys=0.00, real=0.00 secs] 
2015-10-30T15:40:02.733+0000: 4069.913: [CMS-concurrent-abortable-preclean: 0.223/2.290 secs] [Times: user=0.67 sys=0.02, real=2.29 secs] 
2015-10-30T15:40:02.745+0000: 4069.925: [GC (CMS Final Remark) [YG occupancy: 13518 K (36288 K)]4069.925: [Rescan (parallel) , 0.0128074 secs]4069.938: [weak refs processing, 0.0000211 secs]4069.938: [class unloading, 0.0148522 secs]4069.953: [scrub symbol table, 0.0070792 secs]4069.960: [scrub string table, 0.0007784 secs][1 CMS-remark: 106098K(206664K)] 119616K(242952K), 0.0370852 secs] [Times: user=0.07 sys=0.00, real=0.04 secs] 
2015-10-30T15:40:02.782+0000: 4069.962: [CMS-concurrent-sweep-start]
2015-10-30T15:40:02.820+0000: 4070.001: [CMS-concurrent-sweep: 0.038/0.038 secs] [Times: user=0.09 sys=0.00, real=0.04 secs] 
2015-10-30T15:40:02.820+0000: 4070.001: [CMS-concurrent-reset-start]
2015-10-30T15:40:02.823+0000: 4070.003: [CMS-concurrent-reset: 0.002/0.002 secs] [Times: user=0.00 sys=0.00, real=0.00 secs] 
2015-10-30T15:40:02.850+0000: 4070.031: [GC (Allocation Failure) 4070.031: [ParNew: 36286K->3968K(36288K), 0.0065994 secs] 114098K->83989K(242952K), 0.0066735 secs] [Times: user=0.02 sys=0.00, real=0.00 secs] 
2015-10-30T15:40:03.421+0000: 4070.601: [GC (Allocation Failure) 4070.601: [ParNew: 36288K->3968K(36288K), 0.0081500 secs] 116309K->92980K(242952K), 0.0082490 secs] [Times: user=0.03 sys=0.00, real=0.01 secs] 
2015-10-30T15:40:03.458+0000: 4070.638: [GC (Allocation Failure) 4070.638: [ParNew: 36288K->3968K(36288K), 0.0107214 secs] 125300K->102881K(242952K), 0.0108086 secs] [Times: user=0.04 sys=0.00, real=0.01 secs] 
2015-10-30T15:40:03.469+0000: 4070.649: [GC (CMS Initial Mark) [1 CMS-initial-mark: 98913K(206664K)] 103086K(242952K), 0.0016652 secs] [Times: user=0.00 sys=0.00, real=0.00 secs] 
2015-10-30T15:40:03.471+0000: 4070.651: [CMS-concurrent-mark-start]
2015-10-30T15:40:03.497+0000: 4070.678: [GC (Allocation Failure) 4070.678: [ParNew: 36288K->3871K(36288K), 0.0060834 secs] 135201K->106701K(242952K), 0.0061815 secs] [Times: user=0.02 sys=0.00, real=0.00 secs] 
2015-10-30T15:40:03.525+0000: 4070.706: [GC (Allocation Failure) 4070.706: [ParNew: 36191K->2050K(36288K), 0.0056616 secs] 139021K->104880K(242952K), 0.0057451 secs] [Times: user=0.02 sys=0.00, real=0.00 secs] 
2015-10-30T15:40:03.553+0000: 4070.733: [CMS-concurrent-mark: 0.064/0.082 secs] [Times: user=0.25 sys=0.00, real=0.08 secs] 
2015-10-30T15:40:03.553+0000: 4070.733: [CMS-concurrent-preclean-start]
2015-10-30T15:40:03.559+0000: 4070.740: [GC (Allocation Failure) 4070.740: [ParNew: 34370K->2985K(36288K), 0.0039527 secs] 137200K->105815K(242952K), 0.0040369 secs] [Times: user=0.01 sys=0.00, real=0.00 secs] 
2015-10-30T15:40:03.564+0000: 4070.744: [CMS-concurrent-preclean: 0.006/0.011 secs] [Times: user=0.03 sys=0.00, real=0.01 secs] 
2015-10-30T15:40:03.567+0000: 4070.748: [GC (CMS Final Remark) [YG occupancy: 6090 K (36288 K)]4070.748: [Rescan (parallel) , 0.0043522 secs]4070.752: [weak refs processing, 0.0000224 secs]4070.752: [class unloading, 0.0171700 secs]4070.769: [scrub symbol table, 0.0093233 secs]4070.779: [scrub string table, 0.0007595 secs][1 CMS-remark: 102830K(206664K)] 108920K(242952K), 0.0333297 secs] [Times: user=0.04 sys=0.00, real=0.03 secs] 
2015-10-30T15:40:03.601+0000: 4070.782: [CMS-concurrent-sweep-start]
2015-10-30T15:40:03.629+0000: 4070.809: [GC (Allocation Failure) 4070.809: [ParNew: 35305K->2821K(36288K), 0.0060498 secs] 120334K->88636K(242952K), 0.0061317 secs] [Times: user=0.02 sys=0.00, real=0.00 secs] 
2015-10-30T15:40:03.661+0000: 4070.842: [CMS-concurrent-sweep: 0.053/0.060 secs] [Times: user=0.18 sys=0.00, real=0.06 secs] 
2015-10-30T15:40:03.661+0000: 4070.842: [CMS-concurrent-reset-start]
2015-10-30T15:40:03.663+0000: 4070.843: [GC (Allocation Failure) 4070.844: [ParNew: 35141K->3257K(36288K), 0.0104308 secs] 103742K->71859K(242952K), 0.0105058 secs] [Times: user=0.04 sys=0.00, real=0.01 secs] 
2015-10-30T15:40:03.676+0000: 4070.856: [CMS-concurrent-reset: 0.003/0.014 secs] [Times: user=0.04 sys=0.00, real=0.01 secs] 
2015-10-30T15:40:03.697+0000: 4070.878: [GC (Allocation Failure) 4070.878: [ParNew: 35577K->3053K(36288K), 0.0074157 secs] 104179K->72889K(242952K), 0.0075073 secs] [Times: user=0.01 sys=0.00, real=0.00 secs] 
2015-10-30T15:40:03.733+0000: 4070.914: [GC (Allocation Failure) 4070.914: [ParNew: 35373K->2416K(36288K), 0.0078824 secs] 105209K->72251K(242952K), 0.0079691 secs] [Times: user=0.02 sys=0.00, real=0.01 secs] 
2015-10-30T15:40:03.766+0000: 4070.946: [GC (Allocation Failure) 4070.946: [ParNew: 30226K->3968K(36288K), 0.0047380 secs] 100061K->82251K(242952K), 0.0048219 secs] [Times: user=0.02 sys=0.00, real=0.00 secs] 
2015-10-30T15:40:03.772+0000: 4070.952: [GC (CMS Initial Mark) [1 CMS-initial-mark: 78283K(206664K)] 87570K(242952K), 0.0023054 secs] [Times: user=0.00 sys=0.00, real=0.00 secs] 
2015-10-30T15:40:03.774+0000: 4070.955: [CMS-concurrent-mark-start]
2015-10-30T15:40:03.830+0000: 4071.011: [CMS-concurrent-mark: 0.056/0.056 secs] [Times: user=0.11 sys=0.00, real=0.06 secs] 
2015-10-30T15:40:03.830+0000: 4071.011: [CMS-concurrent-preclean-start]
2015-10-30T15:40:03.832+0000: 4071.013: [CMS-concurrent-preclean: 0.002/0.002 secs] [Times: user=0.00 sys=0.00, real=0.00 secs] 
2015-10-30T15:40:03.832+0000: 4071.013: [CMS-concurrent-abortable-preclean-start]
 CMS: abort preclean due to time 2015-10-30T15:40:08.944+0000: 4076.124: [CMS-concurrent-abortable-preclean: 1.039/5.112 secs] [Times: user=1.16 sys=0.00, real=5.11 secs] 
2015-10-30T15:40:08.944+0000: 4076.125: [GC (CMS Final Remark) [YG occupancy: 28032 K (36288 K)]4076.125: [Rescan (parallel) , 0.0025328 secs]4076.128: [weak refs processing, 0.0000170 secs]4076.128: [class unloading, 0.0146351 secs]4076.143: [scrub symbol table, 0.0067639 secs]4076.149: [scrub string table, 0.0007773 secs][1 CMS-remark: 78283K(206664K)] 106316K(242952K), 0.0269564 secs] [Times: user=0.04 sys=0.00, real=0.03 secs] 
2015-10-30T15:40:08.971+0000: 4076.152: [CMS-concurrent-sweep-start]
2015-10-30T15:40:09.000+0000: 4076.180: [CMS-concurrent-sweep: 0.028/0.028 secs] [Times: user=0.03 sys=0.00, real=0.03 secs] 
2015-10-30T15:40:09.000+0000: 4076.180: [CMS-concurrent-reset-start]
2015-10-30T15:40:09.002+0000: 4076.183: [CMS-concurrent-reset: 0.002/0.002 secs] [Times: user=0.00 sys=0.00, real=0.00 secs] 
2015-10-30T15:40:11.002+0000: 4078.182: [GC (CMS Initial Mark) [1 CMS-initial-mark: 62962K(206664K)] 91244K(242952K), 0.0027391 secs] [Times: user=0.01 sys=0.00, real=0.00 secs] 
2015-10-30T15:40:11.005+0000: 4078.185: [CMS-concurrent-mark-start]
2015-10-30T15:40:11.045+0000: 4078.225: [CMS-concurrent-mark: 0.040/0.040 secs] [Times: user=0.04 sys=0.00, real=0.04 secs] 
2015-10-30T15:40:11.045+0000: 4078.225: [CMS-concurrent-preclean-start]
2015-10-30T15:40:11.047+0000: 4078.228: [CMS-concurrent-preclean: 0.002/0.002 secs] [Times: user=0.00 sys=0.00, real=0.01 secs] 
2015-10-30T15:40:11.047+0000: 4078.228: [CMS-concurrent-abortable-preclean-start]
2015-10-30T15:40:13.418+0000: 4080.598: [GC (Allocation Failure) 4080.598: [ParNew: 36288K->3968K(36288K), 0.0058895 secs] 99250K->74665K(242952K), 0.0059865 secs] [Times: user=0.01 sys=0.00, real=0.00 secs] 
2015-10-30T15:40:13.462+0000: 4080.642: [GC (Allocation Failure) 4080.642: [ParNew: 36288K->3968K(36288K), 0.0155247 secs] 106985K->85071K(242952K), 0.0156185 secs] [Times: user=0.05 sys=0.00, real=0.02 secs] 
2015-10-30T15:40:13.505+0000: 4080.686: [GC (Allocation Failure) 4080.686: [ParNew: 36288K->3427K(36288K), 0.0056767 secs] 117391K->88303K(242952K), 0.0057711 secs] [Times: user=0.02 sys=0.00, real=0.00 secs] 
2015-10-30T15:40:13.530+0000: 4080.710: [GC (Allocation Failure) 4080.710: [ParNew: 35747K->1885K(36288K), 0.0030658 secs] 120623K->86761K(242952K), 0.0031398 secs] [Times: user=0.01 sys=0.00, real=0.00 secs] 
2015-10-30T15:40:13.541+0000: 4080.722: [CMS-concurrent-abortable-preclean: 0.491/2.494 secs] [Times: user=0.84 sys=0.02, real=2.49 secs] 
2015-10-30T15:40:13.542+0000: 4080.722: [GC (CMS Final Remark) [YG occupancy: 17760 K (36288 K)]4080.722: [Rescan (parallel) , 0.0113479 secs]4080.734: [weak refs processing, 0.0000195 secs]4080.734: [class unloading, 0.0146479 secs]4080.748: [scrub symbol table, 0.0067622 secs]4080.755: [scrub string table, 0.0007447 secs][1 CMS-remark: 84876K(206664K)] 102636K(242952K), 0.0350152 secs] [Times: user=0.07 sys=0.00, real=0.03 secs] 
2015-10-30T15:40:13.577+0000: 4080.758: [CMS-concurrent-sweep-start]
2015-10-30T15:40:13.587+0000: 4080.768: [GC (Allocation Failure) 4080.768: [ParNew: 34205K->3870K(36288K), 0.0035137 secs] 116729K->86395K(242952K), 0.0035858 secs] [Times: user=0.02 sys=0.00, real=0.00 secs] 
2015-10-30T15:40:13.612+0000: 4080.793: [GC (Allocation Failure) 4080.793: [ParNew: 36190K->2988K(36288K), 0.0048790 secs] 118440K->86684K(242952K), 0.0049484 secs] [Times: user=0.02 sys=0.00, real=0.01 secs] 
2015-10-30T15:40:13.625+0000: 4080.805: [CMS-concurrent-sweep: 0.038/0.048 secs] [Times: user=0.18 sys=0.00, real=0.04 secs] 
2015-10-30T15:40:13.625+0000: 4080.805: [CMS-concurrent-reset-start]
2015-10-30T15:40:13.627+0000: 4080.808: [CMS-concurrent-reset: 0.003/0.003 secs] [Times: user=0.01 sys=0.00, real=0.01 secs] 
2015-10-30T15:40:13.637+0000: 4080.818: [GC (Allocation Failure) 4080.818: [ParNew: 35308K->2736K(36288K), 0.0033436 secs] 117415K->84843K(242952K), 0.0034154 secs] [Times: user=0.01 sys=0.00, real=0.00 secs] 
2015-10-30T15:40:13.657+0000: 4080.838: [GC (Allocation Failure) 4080.838: [ParNew: 35056K->3123K(36288K), 0.0034276 secs] 117163K->85767K(242952K), 0.0035064 secs] [Times: user=0.01 sys=0.00, real=0.00 secs] 
2015-10-30T15:40:13.675+0000: 4080.855: [GC (Allocation Failure) 4080.855: [ParNew: 35443K->2237K(36288K), 0.0026107 secs] 118087K->84881K(242952K), 0.0026727 secs] [Times: user=0.01 sys=0.00, real=0.01 secs] 
2015-10-30T15:40:13.701+0000: 4080.881: [GC (Allocation Failure) 4080.881: [ParNew: 33114K->3968K(36288K), 0.0033957 secs] 115758K->95155K(242952K), 0.0034878 secs] [Times: user=0.02 sys=0.00, real=0.00 secs] 
2015-10-30T15:40:13.705+0000: 4080.886: [GC (CMS Initial Mark) [1 CMS-initial-mark: 91187K(206664K)] 100473K(242952K), 0.0018319 secs] [Times: user=0.00 sys=0.00, real=0.00 secs] 
2015-10-30T15:40:13.707+0000: 4080.888: [CMS-concurrent-mark-start]
2015-10-30T15:40:13.746+0000: 4080.927: [CMS-concurrent-mark: 0.039/0.039 secs] [Times: user=0.08 sys=0.00, real=0.04 secs] 
2015-10-30T15:40:13.746+0000: 4080.927: [CMS-concurrent-preclean-start]
2015-10-30T15:40:13.748+0000: 4080.929: [CMS-concurrent-preclean: 0.002/0.002 secs] [Times: user=0.01 sys=0.00, real=0.00 secs] 
2015-10-30T15:40:13.748+0000: 4080.929: [CMS-concurrent-abortable-preclean-start]
 CMS: abort preclean due to time 2015-10-30T15:40:18.860+0000: 4086.041: [CMS-concurrent-abortable-preclean: 1.317/5.112 secs] [Times: user=1.43 sys=0.01, real=5.11 secs] 
2015-10-30T15:40:18.861+0000: 4086.041: [GC (CMS Final Remark) [YG occupancy: 27044 K (36288 K)]4086.041: [Rescan (parallel) , 0.0034976 secs]4086.045: [weak refs processing, 0.0000217 secs]4086.045: [class unloading, 0.0149743 secs]4086.060: [scrub symbol table, 0.0069041 secs]4086.067: [scrub string table, 0.0007515 secs][1 CMS-remark: 91187K(206664K)] 118232K(242952K), 0.0276406 secs] [Times: user=0.04 sys=0.00, real=0.03 secs] 
2015-10-30T15:40:18.889+0000: 4086.069: [CMS-concurrent-sweep-start]
2015-10-30T15:40:18.936+0000: 4086.116: [CMS-concurrent-sweep: 0.047/0.047 secs] [Times: user=0.05 sys=0.00, real=0.04 secs] 
2015-10-30T15:40:18.936+0000: 4086.116: [CMS-concurrent-reset-start]
2015-10-30T15:40:18.938+0000: 4086.119: [CMS-concurrent-reset: 0.002/0.002 secs] [Times: user=0.00 sys=0.00, real=0.01 secs] 
2015-10-30T15:40:20.938+0000: 4088.119: [GC (CMS Initial Mark) [1 CMS-initial-mark: 63523K(206664K)] 90791K(242952K), 0.0031692 secs] [Times: user=0.00 sys=0.00, real=0.00 secs] 
2015-10-30T15:40:20.941+0000: 4088.122: [CMS-concurrent-mark-start]
2015-10-30T15:40:20.981+0000: 4088.161: [CMS-concurrent-mark: 0.039/0.039 secs] [Times: user=0.04 sys=0.00, real=0.04 secs] 
2015-10-30T15:40:20.981+0000: 4088.161: [CMS-concurrent-preclean-start]
2015-10-30T15:40:20.983+0000: 4088.163: [CMS-concurrent-preclean: 0.002/0.002 secs] [Times: user=0.01 sys=0.00, real=0.00 secs] 
2015-10-30T15:40:20.983+0000: 4088.163: [CMS-concurrent-abortable-preclean-start]
2015-10-30T15:40:23.463+0000: 4090.644: [GC (Allocation Failure) 4090.644: [ParNew: 36288K->3968K(36288K), 0.0063165 secs] 99811K->76825K(242952K), 0.0064131 secs] [Times: user=0.02 sys=0.00, real=0.01 secs] 
2015-10-30T15:40:23.501+0000: 4090.681: [GC (Allocation Failure) 4090.681: [ParNew: 36288K->3968K(36288K), 0.0136177 secs] 109145K->87469K(242952K), 0.0137176 secs] [Times: user=0.05 sys=0.00, real=0.01 secs] 
2015-10-30T15:40:23.534+0000: 4090.715: [GC (Allocation Failure) 4090.715: [ParNew: 36288K->3508K(36288K), 0.0057360 secs] 119789K->90934K(242952K), 0.0058273 secs] [Times: user=0.02 sys=0.00, real=0.01 secs] 
2015-10-30T15:40:23.560+0000: 4090.740: [GC (Allocation Failure) 4090.740: [ParNew: 35828K->2192K(36288K), 0.0026793 secs] 123254K->89619K(242952K), 0.0027509 secs] [Times: user=0.01 sys=0.00, real=0.00 secs] 
2015-10-30T15:40:23.572+0000: 4090.752: [CMS-concurrent-abortable-preclean: 0.722/2.589 secs] [Times: user=1.05 sys=0.02, real=2.59 secs] 
2015-10-30T15:40:23.573+0000: 4090.754: [GC (CMS Final Remark) [YG occupancy: 17279 K (36288 K)]4090.754: [Rescan (parallel) , 0.0104457 secs]4090.764: [weak refs processing, 0.0000202 secs]4090.764: [class unloading, 0.0147946 secs]4090.779: [scrub symbol table, 0.0069575 secs]4090.786: [scrub string table, 0.0007483 secs][1 CMS-remark: 87426K(206664K)] 104705K(242952K), 0.0344978 secs] [Times: user=0.06 sys=0.00, real=0.04 secs] 
2015-10-30T15:40:23.608+0000: 4090.788: [CMS-concurrent-sweep-start]
2015-10-30T15:40:23.619+0000: 4090.800: [GC (Allocation Failure) 4090.800: [ParNew: 34512K->3323K(36288K), 0.0033805 secs] 119153K->87963K(242952K), 0.0034532 secs] [Times: user=0.01 sys=0.00, real=0.00 secs] 
2015-10-30T15:40:23.640+0000: 4090.821: [CMS-concurrent-sweep: 0.028/0.032 secs] [Times: user=0.11 sys=0.00, real=0.03 secs] 
2015-10-30T15:40:23.640+0000: 4090.821: [CMS-concurrent-reset-start]
2015-10-30T15:40:23.643+0000: 4090.824: [CMS-concurrent-reset: 0.003/0.003 secs] [Times: user=0.01 sys=0.00, real=0.00 secs] 
2015-10-30T15:40:23.646+0000: 4090.826: [GC (Allocation Failure) 4090.826: [ParNew: 35643K->2895K(36288K), 0.0046589 secs] 117508K->86177K(242952K), 0.0047441 secs] [Times: user=0.02 sys=0.00, real=0.00 secs] 
2015-10-30T15:40:23.669+0000: 4090.850: [GC (Allocation Failure) 4090.850: [ParNew: 35215K->2657K(36288K), 0.0032444 secs] 118497K->85939K(242952K), 0.0033409 secs] [Times: user=0.01 sys=0.00, real=0.00 secs] 
2015-10-30T15:40:23.689+0000: 4090.870: [GC (Allocation Failure) 4090.870: [ParNew: 34977K->2854K(36288K), 0.0037226 secs] 118259K->86709K(242952K), 0.0038292 secs] [Times: user=0.02 sys=0.00, real=0.00 secs] 
2015-10-30T15:40:23.708+0000: 4090.888: [GC (Allocation Failure) 4090.888: [ParNew: 35174K->2183K(36288K), 0.0026666 secs] 119029K->86038K(242952K), 0.0027437 secs] [Times: user=0.01 sys=0.00, real=0.00 secs] 
2015-10-30T15:40:23.733+0000: 4090.914: [GC (Allocation Failure) 4090.914: [ParNew: 32013K->3968K(36288K), 0.0032969 secs] 115868K->96353K(242952K), 0.0033777 secs] [Times: user=0.01 sys=0.00, real=0.00 secs] 
2015-10-30T15:40:23.738+0000: 4090.918: [GC (CMS Initial Mark) [1 CMS-initial-mark: 92385K(206664K)] 101671K(242952K), 0.0018722 secs] [Times: user=0.01 sys=0.00, real=0.00 secs] 
2015-10-30T15:40:23.740+0000: 4090.920: [CMS-concurrent-mark-start]
2015-10-30T15:40:23.799+0000: 4090.979: [CMS-concurrent-mark: 0.059/0.059 secs] [Times: user=0.12 sys=0.00, real=0.06 secs] 
2015-10-30T15:40:23.799+0000: 4090.980: [CMS-concurrent-preclean-start]
2015-10-30T15:40:23.801+0000: 4090.982: [CMS-concurrent-preclean: 0.002/0.002 secs] [Times: user=0.00 sys=0.00, real=0.00 secs] 
2015-10-30T15:40:23.801+0000: 4090.982: [CMS-concurrent-abortable-preclean-start]
 CMS: abort preclean due to time 2015-10-30T15:40:28.807+0000: 4095.988: [CMS-concurrent-abortable-preclean: 1.325/5.006 secs] [Times: user=1.44 sys=0.02, real=5.01 secs] 
2015-10-30T15:40:28.808+0000: 4095.988: [GC (CMS Final Remark) [YG occupancy: 27109 K (36288 K)]4095.988: [Rescan (parallel) , 0.0026922 secs]4095.991: [weak refs processing, 0.0000171 secs]4095.991: [class unloading, 0.0149149 secs]4096.006: [scrub symbol table, 0.0073132 secs]4096.013: [scrub string table, 0.0007630 secs][1 CMS-remark: 92385K(206664K)] 119495K(242952K), 0.0272400 secs] [Times: user=0.04 sys=0.00, real=0.02 secs] 
2015-10-30T15:40:28.835+0000: 4096.015: [CMS-concurrent-sweep-start]
2015-10-30T15:40:28.865+0000: 4096.045: [CMS-concurrent-sweep: 0.030/0.030 secs] [Times: user=0.03 sys=0.00, real=0.03 secs] 
2015-10-30T15:40:28.865+0000: 4096.045: [CMS-concurrent-reset-start]
2015-10-30T15:40:28.867+0000: 4096.048: [CMS-concurrent-reset: 0.003/0.003 secs] [Times: user=0.00 sys=0.00, real=0.01 secs] 
2015-10-30T15:40:30.867+0000: 4098.047: [GC (CMS Initial Mark) [1 CMS-initial-mark: 63242K(206664K)] 90588K(242952K), 0.0029284 secs] [Times: user=0.01 sys=0.00, real=0.00 secs] 
2015-10-30T15:40:30.870+0000: 4098.050: [CMS-concurrent-mark-start]
2015-10-30T15:40:30.910+0000: 4098.091: [CMS-concurrent-mark: 0.040/0.040 secs] [Times: user=0.04 sys=0.00, real=0.04 secs] 
2015-10-30T15:40:30.910+0000: 4098.091: [CMS-concurrent-preclean-start]
2015-10-30T15:40:30.912+0000: 4098.093: [CMS-concurrent-preclean: 0.002/0.002 secs] [Times: user=0.00 sys=0.00, real=0.00 secs] 
2015-10-30T15:40:30.912+0000: 4098.093: [CMS-concurrent-abortable-preclean-start]
2015-10-30T15:40:33.718+0000: 4100.899: [GC (Allocation Failure) 4100.899: [ParNew2015-10-30T15:40:33.721+0000: 4100.902: [CMS-concurrent-abortable-preclean: 0.704/2.809 secs] [Times: user=0.77 sys=0.00, real=2.81 secs] 
: 36288K->3968K(36288K), 0.0074720 secs] 99530K->75879K(242952K), 0.0075682 secs] [Times: user=0.02 sys=0.01, real=0.01 secs] 
2015-10-30T15:40:33.726+0000: 4100.907: [GC (CMS Final Remark) [YG occupancy: 4306 K (36288 K)]4100.907: [Rescan (parallel) , 0.0042043 secs]4100.911: [weak refs processing, 0.0000159 secs]4100.911: [class unloading, 0.0146970 secs]4100.926: [scrub symbol table, 0.0068318 secs]4100.933: [scrub string table, 0.0007492 secs][1 CMS-remark: 71911K(206664K)] 76217K(242952K), 0.0280291 secs] [Times: user=0.04 sys=0.00, real=0.02 secs] 
2015-10-30T15:40:33.755+0000: 4100.935: [CMS-concurrent-sweep-start]
2015-10-30T15:40:33.786+0000: 4100.967: [CMS-concurrent-sweep: 0.032/0.032 secs] [Times: user=0.07 sys=0.00, real=0.04 secs] 
2015-10-30T15:40:33.786+0000: 4100.967: [CMS-concurrent-reset-start]
2015-10-30T15:40:33.789+0000: 4100.970: [CMS-concurrent-reset: 0.003/0.003 secs] [Times: user=0.00 sys=0.00, real=0.00 secs] 
2015-10-30T15:40:33.801+0000: 4100.982: [GC (Allocation Failure) 4100.982: [ParNew: 36288K->3968K(36288K), 0.0138707 secs] 104506K->84696K(242952K), 0.0139647 secs] [Times: user=0.05 sys=0.00, real=0.01 secs] 
2015-10-30T15:40:33.833+0000: 4101.014: [GC (Allocation Failure) 4101.014: [ParNew: 36288K->2358K(36288K), 0.0068880 secs] 117016K->86983K(242952K), 0.0069720 secs] [Times: user=0.02 sys=0.00, real=0.01 secs] 
2015-10-30T15:40:33.856+0000: 4101.036: [GC (Allocation Failure) 4101.036: [ParNew: 34678K->2034K(36288K), 0.0027240 secs] 119303K->86659K(242952K), 0.0027897 secs] [Times: user=0.01 sys=0.00, real=0.01 secs] 
2015-10-30T15:40:33.877+0000: 4101.057: [GC (Allocation Failure) 4101.057: [ParNew: 34354K->2737K(36288K), 0.0076803 secs] 118979K->87362K(242952K), 0.0077531 secs] [Times: user=0.02 sys=0.00, real=0.01 secs] 
2015-10-30T15:40:33.905+0000: 4101.086: [GC (Allocation Failure) 4101.086: [ParNew: 35057K->2787K(36288K), 0.0039884 secs] 119682K->88201K(242952K), 0.0040594 secs] [Times: user=0.01 sys=0.00, real=0.00 secs] 
2015-10-30T15:40:33.927+0000: 4101.108: [GC (Allocation Failure) 4101.108: [ParNew: 35107K->3794K(36288K), 0.0038455 secs] 120521K->89208K(242952K), 0.0039242 secs] [Times: user=0.01 sys=0.00, real=0.00 secs] 
2015-10-30T15:40:33.945+0000: 4101.125: [GC (Allocation Failure) 4101.125: [ParNew: 36114K->3461K(36288K), 0.0049480 secs] 121528K->90142K(242952K), 0.0050283 secs] [Times: user=0.02 sys=0.00, real=0.01 secs] 
2015-10-30T15:40:33.965+0000: 4101.146: [GC (Allocation Failure) 4101.146: [ParNew: 35781K->2608K(36288K), 0.0025836 secs] 122462K->89289K(242952K), 0.0026461 secs] [Times: user=0.01 sys=0.00, real=0.00 secs] 
2015-10-30T15:40:33.991+0000: 4101.172: [GC (Allocation Failure) 4101.172: [ParNew: 33886K->3968K(36288K), 0.0033390 secs] 120567K->99125K(242952K), 0.0034276 secs] [Times: user=0.01 sys=0.00, real=0.00 secs] 
2015-10-30T15:40:33.996+0000: 4101.177: [GC (CMS Initial Mark) [1 CMS-initial-mark: 95157K(206664K)] 104443K(242952K), 0.0018725 secs] [Times: user=0.01 sys=0.00, real=0.01 secs] 
2015-10-30T15:40:33.998+0000: 4101.179: [CMS-concurrent-mark-start]
2015-10-30T15:40:34.037+0000: 4101.218: [CMS-concurrent-mark: 0.039/0.039 secs] [Times: user=0.08 sys=0.00, real=0.04 secs] 
2015-10-30T15:40:34.037+0000: 4101.218: [CMS-concurrent-preclean-start]
2015-10-30T15:40:34.039+0000: 4101.220: [CMS-concurrent-preclean: 0.002/0.002 secs] [Times: user=0.00 sys=0.00, real=0.00 secs] 
2015-10-30T15:40:34.039+0000: 4101.220: [CMS-concurrent-abortable-preclean-start]
 CMS: abort preclean due to time 2015-10-30T15:40:39.046+0000: 4106.227: [CMS-concurrent-abortable-preclean: 1.336/5.007 secs] [Times: user=1.44 sys=0.01, real=5.01 secs] 
2015-10-30T15:40:39.047+0000: 4106.227: [GC (CMS Final Remark) [YG occupancy: 27023 K (36288 K)]4106.228: [Rescan (parallel) , 0.0029501 secs]4106.231: [weak refs processing, 0.0000171 secs]4106.231: [class unloading, 0.0146368 secs]4106.246: [scrub symbol table, 0.0067340 secs]4106.253: [scrub string table, 0.0007449 secs][1 CMS-remark: 95157K(206664K)] 122180K(242952K), 0.0278449 secs] [Times: user=0.03 sys=0.00, real=0.02 secs] 
2015-10-30T15:40:39.075+0000: 4106.255: [CMS-concurrent-sweep-start]
2015-10-30T15:40:39.099+0000: 4106.280: [CMS-concurrent-sweep: 0.025/0.025 secs] [Times: user=0.03 sys=0.00, real=0.03 secs] 
2015-10-30T15:40:39.099+0000: 4106.280: [CMS-concurrent-reset-start]
2015-10-30T15:40:39.102+0000: 4106.282: [CMS-concurrent-reset: 0.002/0.002 secs] [Times: user=0.00 sys=0.00, real=0.00 secs] 
2015-10-30T15:40:41.102+0000: 4108.282: [GC (CMS Initial Mark) [1 CMS-initial-mark: 64306K(206664K)] 91536K(242952K), 0.0028398 secs] [Times: user=0.01 sys=0.00, real=0.00 secs] 
2015-10-30T15:40:41.105+0000: 4108.285: [CMS-concurrent-mark-start]
2015-10-30T15:40:41.142+0000: 4108.323: [CMS-concurrent-mark: 0.037/0.037 secs] [Times: user=0.03 sys=0.00, real=0.04 secs] 
2015-10-30T15:40:41.142+0000: 4108.323: [CMS-concurrent-preclean-start]
2015-10-30T15:40:41.144+0000: 4108.325: [CMS-concurrent-preclean: 0.002/0.002 secs] [Times: user=0.01 sys=0.00, real=0.00 secs] 
2015-10-30T15:40:41.144+0000: 4108.325: [CMS-concurrent-abortable-preclean-start]
 CMS: abort preclean due to time 2015-10-30T15:40:46.148+0000: 4113.328: [CMS-concurrent-abortable-preclean: 1.322/5.003 secs] [Times: user=1.39 sys=0.02, real=5.01 secs] 
2015-10-30T15:40:46.148+0000: 4113.328: [GC (CMS Final Remark) [YG occupancy: 28569 K (36288 K)]4113.328: [Rescan (parallel) , 0.0031847 secs]4113.332: [weak refs processing, 0.0000175 secs]4113.332: [class unloading, 0.0146560 secs]4113.346: [scrub symbol table, 0.0069382 secs]4113.353: [scrub string table, 0.0007648 secs][1 CMS-remark: 64306K(206664K)] 92876K(242952K), 0.0270451 secs] [Times: user=0.04 sys=0.00, real=0.02 secs] 
2015-10-30T15:40:46.175+0000: 4113.356: [CMS-concurrent-sweep-start]
2015-10-30T15:40:46.197+0000: 4113.378: [CMS-concurrent-sweep: 0.022/0.022 secs] [Times: user=0.02 sys=0.00, real=0.03 secs] 
2015-10-30T15:40:46.197+0000: 4113.378: [CMS-concurrent-reset-start]
2015-10-30T15:40:46.200+0000: 4113.380: [CMS-concurrent-reset: 0.002/0.002 secs] [Times: user=0.01 sys=0.00, real=0.00 secs] 
2015-10-30T15:40:48.199+0000: 4115.380: [GC (CMS Initial Mark) [1 CMS-initial-mark: 58769K(206664K)] 89331K(242952K), 0.0038042 secs] [Times: user=0.02 sys=0.00, real=0.00 secs] 
2015-10-30T15:40:48.203+0000: 4115.384: [CMS-concurrent-mark-start]
2015-10-30T15:40:48.241+0000: 4115.422: [CMS-concurrent-mark: 0.038/0.038 secs] [Times: user=0.04 sys=0.00, real=0.04 secs] 
2015-10-30T15:40:48.241+0000: 4115.422: [CMS-concurrent-preclean-start]
2015-10-30T15:40:48.244+0000: 4115.424: [CMS-concurrent-preclean: 0.002/0.002 secs] [Times: user=0.00 sys=0.00, real=0.00 secs] 
2015-10-30T15:40:48.244+0000: 4115.424: [CMS-concurrent-abortable-preclean-start]
2015-10-30T15:40:48.429+0000: 4115.610: [GC (Allocation Failure) 4115.610: [ParNew: 36262K->3968K(36288K), 0.0027552 secs] 95031K->68345K(242952K), 0.0028351 secs] [Times: user=0.01 sys=0.00, real=0.00 secs] 
2015-10-30T15:40:48.469+0000: 4115.650: [GC (Allocation Failure) 4115.650: [ParNew: 36288K->3968K(36288K), 0.0148074 secs] 100665K->79621K(242952K), 0.0149004 secs] [Times: user=0.05 sys=0.00, real=0.01 secs] 
2015-10-30T15:40:48.506+0000: 4115.686: [GC (Allocation Failure) 4115.686: [ParNew: 36288K->3551K(36288K), 0.0054558 secs] 111941K->82989K(242952K), 0.0055409 secs] [Times: user=0.02 sys=0.00, real=0.00 secs] 
2015-10-30T15:40:48.513+0000: 4115.693: [CMS-concurrent-abortable-preclean: 0.081/0.269 secs] [Times: user=0.29 sys=0.00, real=0.27 secs] 
2015-10-30T15:40:48.513+0000: 4115.693: [GC (CMS Final Remark) [YG occupancy: 4857 K (36288 K)]4115.694: [Rescan (parallel) , 0.0073720 secs]4115.701: [weak refs processing, 0.0000176 secs]4115.701: [class unloading, 0.0144365 secs]4115.715: [scrub symbol table, 0.0067948 secs]4115.722: [scrub string table, 0.0007453 secs][1 CMS-remark: 79438K(206664K)] 84295K(242952K), 0.0308650 secs] [Times: user=0.05 sys=0.00, real=0.03 secs] 
2015-10-30T15:40:48.544+0000: 4115.725: [CMS-concurrent-sweep-start]
2015-10-30T15:40:48.563+0000: 4115.744: [GC (Allocation Failure) 4115.744: [ParNew: 35871K->2208K(36288K), 0.0026685 secs] 115275K->81612K(242952K), 0.0027351 secs] [Times: user=0.01 sys=0.00, real=0.01 secs] 
2015-10-30T15:40:48.572+0000: 4115.752: [CMS-concurrent-sweep: 0.024/0.027 secs] [Times: user=0.10 sys=0.00, real=0.03 secs] 
2015-10-30T15:40:48.572+0000: 4115.752: [CMS-concurrent-reset-start]
2015-10-30T15:40:48.574+0000: 4115.755: [CMS-concurrent-reset: 0.003/0.003 secs] [Times: user=0.01 sys=0.00, real=0.00 secs] 
2015-10-30T15:40:48.586+0000: 4115.766: [GC (Allocation Failure) 4115.766: [ParNew: 34528K->2954K(36288K), 0.0028820 secs] 113929K->82355K(242952K), 0.0029368 secs] [Times: user=0.02 sys=0.00, real=0.00 secs] 
2015-10-30T15:40:48.607+0000: 4115.787: [GC (Allocation Failure) 4115.787: [ParNew: 35274K->2863K(36288K), 0.0043132 secs] 114675K->83096K(242952K), 0.0043796 secs] [Times: user=0.02 sys=0.00, real=0.00 secs] 
2015-10-30T15:40:48.629+0000: 4115.809: [GC (Allocation Failure) 4115.809: [ParNew: 35183K->3050K(36288K), 0.0039599 secs] 115416K->83977K(242952K), 0.0040313 secs] [Times: user=0.01 sys=0.00, real=0.00 secs] 
2015-10-30T15:40:48.649+0000: 4115.829: [GC (Allocation Failure) 4115.829: [ParNew: 35370K->2615K(36288K), 0.0035230 secs] 116297K->84123K(242952K), 0.0035874 secs] [Times: user=0.01 sys=0.00, real=0.00 secs] 
2015-10-30T15:40:48.669+0000: 4115.849: [GC (Allocation Failure) 4115.849: [ParNew: 34935K->3124K(36288K), 0.0029745 secs] 116443K->84631K(242952K), 0.0030377 secs] [Times: user=0.00 sys=0.00, real=0.00 secs] 
2015-10-30T15:40:48.694+0000: 4115.875: [GC (Allocation Failure) 4115.875: [ParNew: 31242K->3968K(36288K), 0.0048417 secs] 112750K->88541K(242952K), 0.0049223 secs] [Times: user=0.02 sys=0.00, real=0.01 secs] 
2015-10-30T15:40:48.700+0000: 4115.881: [GC (CMS Initial Mark) [1 CMS-initial-mark: 84573K(206664K)] 93864K(242952K), 0.0017434 secs] [Times: user=0.00 sys=0.00, real=0.00 secs] 
2015-10-30T15:40:48.702+0000: 4115.883: [CMS-concurrent-mark-start]
2015-10-30T15:40:48.763+0000: 4115.943: [CMS-concurrent-mark: 0.060/0.060 secs] [Times: user=0.12 sys=0.00, real=0.06 secs] 
2015-10-30T15:40:48.763+0000: 4115.943: [CMS-concurrent-preclean-start]
2015-10-30T15:40:48.765+0000: 4115.945: [CMS-concurrent-preclean: 0.002/0.002 secs] [Times: user=0.01 sys=0.00, real=0.00 secs] 
2015-10-30T15:40:48.765+0000: 4115.946: [CMS-concurrent-abortable-preclean-start]
 CMS: abort preclean due to time 2015-10-30T15:40:53.774+0000: 4120.955: [CMS-concurrent-abortable-preclean: 0.801/5.009 secs] [Times: user=0.93 sys=0.00, real=5.01 secs] 
2015-10-30T15:40:53.774+0000: 4120.955: [GC (CMS Final Remark) [YG occupancy: 30957 K (36288 K)]4120.955: [Rescan (parallel) , 0.0016658 secs]4120.957: [weak refs processing, 0.0000166 secs]4120.957: [class unloading, 0.0147447 secs]4120.971: [scrub symbol table, 0.0071748 secs]4120.979: [scrub string table, 0.0007465 secs][1 CMS-remark: 84573K(206664K)] 115530K(242952K), 0.0258314 secs] [Times: user=0.03 sys=0.00, real=0.03 secs] 
2015-10-30T15:40:53.801+0000: 4120.981: [CMS-concurrent-sweep-start]
2015-10-30T15:40:53.822+0000: 4121.003: [CMS-concurrent-sweep: 0.022/0.022 secs] [Times: user=0.03 sys=0.00, real=0.02 secs] 
2015-10-30T15:40:53.823+0000: 4121.003: [CMS-concurrent-reset-start]
2015-10-30T15:40:53.825+0000: 4121.005: [CMS-concurrent-reset: 0.002/0.002 secs] [Times: user=0.00 sys=0.00, real=0.00 secs] 
2015-10-30T15:40:55.825+0000: 4123.006: [GC (CMS Initial Mark) [1 CMS-initial-mark: 62771K(206664K)] 93997K(242952K), 0.0020895 secs] [Times: user=0.01 sys=0.00, real=0.00 secs] 
2015-10-30T15:40:55.827+0000: 4123.008: [CMS-concurrent-mark-start]
2015-10-30T15:40:55.867+0000: 4123.048: [CMS-concurrent-mark: 0.040/0.040 secs] [Times: user=0.04 sys=0.00, real=0.04 secs] 
2015-10-30T15:40:55.867+0000: 4123.048: [CMS-concurrent-preclean-start]
2015-10-30T15:40:55.870+0000: 4123.050: [CMS-concurrent-preclean: 0.002/0.002 secs] [Times: user=0.00 sys=0.00, real=0.00 secs] 
2015-10-30T15:40:55.870+0000: 4123.050: [CMS-concurrent-abortable-preclean-start]
2015-10-30T15:40:58.417+0000: 4125.597: [GC (Allocation Failure) 4125.597: [ParNew: 36266K->3968K(36288K), 0.0035958 secs] 99037K->70229K(242952K), 0.0036739 secs] [Times: user=0.01 sys=0.00, real=0.01 secs] 
2015-10-30T15:40:58.459+0000: 4125.640: [GC (Allocation Failure) 4125.640: [ParNew: 36288K->3968K(36288K), 0.0155547 secs] 102549K->83384K(242952K), 0.0156466 secs] [Times: user=0.06 sys=0.00, real=0.01 secs] 
2015-10-30T15:40:58.495+0000: 4125.676: [GC (Allocation Failure) 4125.676: [ParNew: 36288K->2729K(36288K), 0.0052325 secs] 115704K->85808K(242952K), 0.0053271 secs] [Times: user=0.02 sys=0.00, real=0.01 secs] 
2015-10-30T15:40:58.502+0000: 4125.683: [CMS-concurrent-abortable-preclean: 0.396/2.633 secs] [Times: user=0.66 sys=0.00, real=2.63 secs] 
2015-10-30T15:40:58.511+0000: 4125.691: [GC (CMS Final Remark) [YG occupancy: 23329 K (36288 K)]4125.692: [Rescan (parallel) , 0.0195336 secs]4125.711: [weak refs processing, 0.0000183 secs]4125.711: [class unloading, 0.0149708 secs]4125.726: [scrub symbol table, 0.0069715 secs]4125.733: [scrub string table, 0.0007648 secs][1 CMS-remark: 83079K(206664K)] 106408K(242952K), 0.0438013 secs] [Times: user=0.11 sys=0.00, real=0.04 secs] 
2015-10-30T15:40:58.555+0000: 4125.735: [CMS-concurrent-sweep-start]
2015-10-30T15:40:58.563+0000: 4125.743: [GC (Allocation Failure) 4125.743: [ParNew: 35049K->1870K(36288K), 0.0024827 secs] 116529K->83350K(242952K), 0.0025467 secs] [Times: user=0.01 sys=0.00, real=0.01 secs] 
2015-10-30T15:40:58.583+0000: 4125.763: [CMS-concurrent-sweep: 0.025/0.028 secs] [Times: user=0.10 sys=0.00, real=0.03 secs] 
2015-10-30T15:40:58.583+0000: 4125.763: [CMS-concurrent-reset-start]
2015-10-30T15:40:58.586+0000: 4125.766: [GC (Allocation Failure) 4125.766: [ParNew: 34190K->3096K(36288K), 0.0036357 secs] 114604K->83511K(242952K), 0.0037000 secs] [Times: user=0.01 sys=0.00, real=0.00 secs] 
2015-10-30T15:40:58.589+0000: 4125.770: [CMS-concurrent-reset: 0.003/0.007 secs] [Times: user=0.02 sys=0.00, real=0.01 secs] 
2015-10-30T15:40:58.607+0000: 4125.787: [GC (Allocation Failure) 4125.787: [ParNew: 35416K->3276K(36288K), 0.0045686 secs] 115831K->84507K(242952K), 0.0046379 secs] [Times: user=0.01 sys=0.00, real=0.00 secs] 
2015-10-30T15:40:58.626+0000: 4125.806: [GC (Allocation Failure) 4125.806: [ParNew: 35596K->3211K(36288K), 0.0041829 secs] 116827K->85171K(242952K), 0.0042559 secs] [Times: user=0.02 sys=0.00, real=0.00 secs] 
2015-10-30T15:40:58.644+0000: 4125.825: [GC (Allocation Failure) 4125.825: [ParNew: 35531K->2669K(36288K), 0.0036233 secs] 117491K->85232K(242952K), 0.0036926 secs] [Times: user=0.01 sys=0.00, real=0.01 secs] 
2015-10-30T15:40:58.662+0000: 4125.843: [GC (Allocation Failure) 4125.843: [ParNew: 34989K->2264K(36288K), 0.0026827 secs] 117552K->84827K(242952K), 0.0027444 secs] [Times: user=0.01 sys=0.00, real=0.00 secs] 
2015-10-30T15:40:58.690+0000: 4125.870: [GC (Allocation Failure) 4125.870: [ParNew: 33236K->3968K(36288K), 0.0030904 secs] 115799K->89736K(242952K), 0.0031644 secs] [Times: user=0.01 sys=0.00, real=0.00 secs] 
2015-10-30T15:40:58.694+0000: 4125.874: [GC (CMS Initial Mark) [1 CMS-initial-mark: 85768K(206664K)] 95054K(242952K), 0.0018202 secs] [Times: user=0.00 sys=0.00, real=0.00 secs] 
2015-10-30T15:40:58.696+0000: 4125.876: [CMS-concurrent-mark-start]
2015-10-30T15:40:58.734+0000: 4125.914: [CMS-concurrent-mark: 0.038/0.038 secs] [Times: user=0.08 sys=0.00, real=0.04 secs] 
2015-10-30T15:40:58.734+0000: 4125.914: [CMS-concurrent-preclean-start]
2015-10-30T15:40:58.735+0000: 4125.916: [CMS-concurrent-preclean: 0.002/0.002 secs] [Times: user=0.00 sys=0.00, real=0.00 secs] 
2015-10-30T15:40:58.735+0000: 4125.916: [CMS-concurrent-abortable-preclean-start]
2015-10-30T15:41:00.196+0000: 4127.376: [GC (Allocation Failure) 4127.376: [ParNew: 36288K->1718K(36288K), 0.0056675 secs] 122056K->92538K(242952K), 0.0057758 secs] [Times: user=0.02 sys=0.00, real=0.01 secs] 
2015-10-30T15:41:00.245+0000: 4127.426: [GC (Allocation Failure) 4127.426: [ParNew: 33930K->3968K(36288K), 0.0044095 secs] 124749K->95381K(242952K), 0.0044852 secs] [Times: user=0.02 sys=0.00, real=0.00 secs] 
2015-10-30T15:41:00.250+0000: 4127.431: [CMS-concurrent-abortable-preclean: 0.390/1.515 secs] [Times: user=0.70 sys=0.01, real=1.52 secs] 
2015-10-30T15:41:00.252+0000: 4127.432: [GC (CMS Final Remark) [YG occupancy: 5352 K (36288 K)]4127.432: [Rescan (parallel) , 0.0030131 secs]4127.435: [weak refs processing, 0.0000160 secs]4127.435: [class unloading, 0.0153852 secs]4127.450: [scrub symbol table, 0.0070588 secs]4127.458: [scrub string table, 0.0007477 secs][1 CMS-remark: 91413K(206664K)] 96766K(242952K), 0.0277337 secs] [Times: user=0.04 sys=0.00, real=0.03 secs] 
2015-10-30T15:41:00.282+0000: 4127.462: [CMS-concurrent-sweep-start]
2015-10-30T15:41:00.314+0000: 4127.495: [GC (Allocation Failure) 4127.495: [ParNew: 36288K->2702K(36288K), 0.0060448 secs] 123933K->92133K(242952K), 0.0061277 secs] [Times: user=0.02 sys=0.00, real=0.01 secs] 
2015-10-30T15:41:00.344+0000: 4127.524: [CMS-concurrent-sweep: 0.055/0.062 secs] [Times: user=0.18 sys=0.01, real=0.06 secs] 
2015-10-30T15:41:00.344+0000: 4127.524: [CMS-concurrent-reset-start]
2015-10-30T15:41:00.346+0000: 4127.527: [CMS-concurrent-reset: 0.002/0.002 secs] [Times: user=0.00 sys=0.00, real=0.01 secs] 
2015-10-30T15:41:08.448+0000: 4135.629: [GC (Allocation Failure) 4135.629: [ParNew: 35022K->3968K(36288K), 0.0136029 secs] 106786K->89993K(242952K), 0.0137072 secs] [Times: user=0.05 sys=0.00, real=0.01 secs] 
2015-10-30T15:41:08.484+0000: 4135.665: [GC (Allocation Failure) 4135.665: [ParNew: 36288K->3968K(36288K), 0.0061671 secs] 122313K->93806K(242952K), 0.0062674 secs] [Times: user=0.02 sys=0.00, real=0.01 secs] 
2015-10-30T15:41:08.507+0000: 4135.688: [GC (Allocation Failure) 4135.688: [ParNew: 36288K->3313K(36288K), 0.0055165 secs] 126126K->96693K(242952K), 0.0056049 secs] [Times: user=0.02 sys=0.00, real=0.00 secs] 
2015-10-30T15:41:08.533+0000: 4135.714: [GC (Allocation Failure) 4135.714: [ParNew: 35633K->1827K(36288K), 0.0030667 secs] 129013K->95207K(242952K), 0.0031509 secs] [Times: user=0.01 sys=0.00, real=0.00 secs] 
2015-10-30T15:41:08.555+0000: 4135.736: [GC (Allocation Failure) 4135.736: [ParNew: 34147K->2703K(36288K), 0.0032332 secs] 127527K->96082K(242952K), 0.0033305 secs] [Times: user=0.01 sys=0.00, real=0.01 secs] 
2015-10-30T15:41:08.577+0000: 4135.758: [GC (Allocation Failure) 4135.758: [ParNew: 35023K->2447K(36288K), 0.0039992 secs] 128402K->96593K(242952K), 0.0040910 secs] [Times: user=0.01 sys=0.01, real=0.00 secs] 
2015-10-30T15:41:08.596+0000: 4135.777: [GC (Allocation Failure) 4135.777: [ParNew: 34767K->3821K(36288K), 0.0032576 secs] 128913K->97967K(242952K), 0.0033471 secs] [Times: user=0.01 sys=0.00, real=0.01 secs] 
2015-10-30T15:41:08.614+0000: 4135.794: [GC (Allocation Failure) 4135.794: [ParNew: 36141K->2804K(36288K), 0.0044241 secs] 130287K->97602K(242952K), 0.0045195 secs] [Times: user=0.01 sys=0.00, real=0.01 secs] 
2015-10-30T15:41:08.633+0000: 4135.814: [GC (Allocation Failure) 4135.814: [ParNew: 35124K->2607K(36288K), 0.0034244 secs] 129922K->98043K(242952K), 0.0035144 secs] [Times: user=0.02 sys=0.00, real=0.00 secs] 
2015-10-30T15:41:08.657+0000: 4135.837: [GC (Allocation Failure) 4135.837: [ParNew: 27258K->2716K(36288K), 0.0029654 secs] 122694K->103469K(242952K), 0.0030543 secs] [Times: user=0.02 sys=0.00, real=0.01 secs] 
2015-10-30T15:41:08.661+0000: 4135.841: [GC (CMS Initial Mark) [1 CMS-initial-mark: 100753K(206664K)] 111452K(242952K), 0.0016988 secs] [Times: user=0.00 sys=0.00, real=0.00 secs] 
2015-10-30T15:41:08.663+0000: 4135.843: [CMS-concurrent-mark-start]
2015-10-30T15:41:08.722+0000: 4135.903: [CMS-concurrent-mark: 0.059/0.059 secs] [Times: user=0.12 sys=0.00, real=0.06 secs] 
2015-10-30T15:41:08.722+0000: 4135.903: [CMS-concurrent-preclean-start]
2015-10-30T15:41:08.724+0000: 4135.905: [CMS-concurrent-preclean: 0.002/0.002 secs] [Times: user=0.01 sys=0.00, real=0.00 secs] 
2015-10-30T15:41:08.724+0000: 4135.905: [CMS-concurrent-abortable-preclean-start]
 CMS: abort preclean due to time 2015-10-30T15:41:13.791+0000: 4140.971: [CMS-concurrent-abortable-preclean: 1.214/5.066 secs] [Times: user=1.30 sys=0.01, real=5.07 secs] 
2015-10-30T15:41:13.791+0000: 4140.971: [GC (CMS Final Remark) [YG occupancy: 19207 K (36288 K)]4140.971: [Rescan (parallel) , 0.0023992 secs]4140.974: [weak refs processing, 0.0000167 secs]4140.974: [class unloading, 0.0149715 secs]4140.989: [scrub symbol table, 0.0072080 secs]4140.996: [scrub string table, 0.0007455 secs][1 CMS-remark: 100753K(206664K)] 119961K(242952K), 0.0269115 secs] [Times: user=0.04 sys=0.00, real=0.03 secs] 
2015-10-30T15:41:13.818+0000: 4140.999: [CMS-concurrent-sweep-start]
2015-10-30T15:41:13.845+0000: 4141.026: [CMS-concurrent-sweep: 0.027/0.027 secs] [Times: user=0.03 sys=0.00, real=0.03 secs] 
2015-10-30T15:41:13.845+0000: 4141.026: [CMS-concurrent-reset-start]
2015-10-30T15:41:13.848+0000: 4141.028: [CMS-concurrent-reset: 0.002/0.002 secs] [Times: user=0.00 sys=0.00, real=0.00 secs] 
2015-10-30T15:41:15.847+0000: 4143.028: [GC (CMS Initial Mark) [1 CMS-initial-mark: 63562K(206664K)] 82998K(242952K), 0.0024049 secs] [Times: user=0.01 sys=0.00, real=0.00 secs] 
2015-10-30T15:41:15.850+0000: 4143.030: [CMS-concurrent-mark-start]
2015-10-30T15:41:15.888+0000: 4143.068: [CMS-concurrent-mark: 0.038/0.038 secs] [Times: user=0.04 sys=0.00, real=0.04 secs] 
2015-10-30T15:41:15.888+0000: 4143.068: [CMS-concurrent-preclean-start]
2015-10-30T15:41:15.890+0000: 4143.070: [CMS-concurrent-preclean: 0.002/0.002 secs] [Times: user=0.00 sys=0.00, real=0.00 secs] 
2015-10-30T15:41:15.890+0000: 4143.070: [CMS-concurrent-abortable-preclean-start]
2015-10-30T15:41:18.444+0000: 4145.625: [GC (Allocation Failure) 4145.625: [ParNew: 35036K->3968K(36288K), 0.0110281 secs] 98599K->80379K(242952K), 0.0111298 secs] [Times: user=0.04 sys=0.00, real=0.01 secs] 
2015-10-30T15:41:18.487+0000: 4145.667: [CMS-concurrent-abortable-preclean: 0.631/2.597 secs] [Times: user=0.80 sys=0.00, real=2.60 secs] 
2015-10-30T15:41:18.489+0000: 4145.670: [GC (CMS Final Remark) [YG occupancy: 29431 K (36288 K)]4145.670: [Rescan (parallel) , 0.0129029 secs]4145.683: [weak refs processing, 0.0000198 secs]4145.683: [class unloading, 0.0149136 secs]4145.698: [scrub symbol table, 0.0076749 secs]4145.705: [scrub string table, 0.0007597 secs][1 CMS-remark: 76411K(206664K)] 105843K(242952K), 0.0378075 secs] [Times: user=0.08 sys=0.00, real=0.04 secs] 
2015-10-30T15:41:18.527+0000: 4145.708: [CMS-concurrent-sweep-start]
2015-10-30T15:41:18.533+0000: 4145.713: [GC (Allocation Failure) 4145.713: [ParNew: 36288K->3968K(36288K), 0.0089889 secs] 112168K->87333K(242952K), 0.0090825 secs] [Times: user=0.03 sys=0.00, real=0.01 secs] 
2015-10-30T15:41:18.562+0000: 4145.743: [GC (Allocation Failure) 4145.743: [ParNew: 36288K->3576K(36288K), 0.0059970 secs] 118471K->89531K(242952K), 0.0060905 secs] [Times: user=0.03 sys=0.00, real=0.01 secs] 
2015-10-30T15:41:18.571+0000: 4145.751: [CMS-concurrent-sweep: 0.028/0.044 secs] [Times: user=0.16 sys=0.00, real=0.04 secs] 
2015-10-30T15:41:18.571+0000: 4145.751: [CMS-concurrent-reset-start]
2015-10-30T15:41:18.574+0000: 4145.754: [CMS-concurrent-reset: 0.003/0.003 secs] [Times: user=0.01 sys=0.00, real=0.00 secs] 
2015-10-30T15:41:18.585+0000: 4145.766: [GC (Allocation Failure) 4145.766: [ParNew: 35896K->2224K(36288K), 0.0026273 secs] 116303K->82631K(242952K), 0.0027085 secs] [Times: user=0.01 sys=0.00, real=0.00 secs] 
2015-10-30T15:41:18.605+0000: 4145.785: [GC (Allocation Failure) 4145.785: [ParNew: 34544K->2837K(36288K), 0.0033552 secs] 114951K->83245K(242952K), 0.0034377 secs] [Times: user=0.01 sys=0.00, real=0.01 secs] 
2015-10-30T15:41:18.627+0000: 4145.807: [GC (Allocation Failure) 4145.807: [ParNew: 35157K->2862K(36288K), 0.0044917 secs] 115565K->84053K(242952K), 0.0045811 secs] [Times: user=0.02 sys=0.00, real=0.00 secs] 
2015-10-30T15:41:18.646+0000: 4145.827: [GC (Allocation Failure) 4145.827: [ParNew: 35182K->3964K(36288K), 0.0036102 secs] 116373K->85155K(242952K), 0.0036891 secs] [Times: user=0.02 sys=0.00, real=0.00 secs] 
2015-10-30T15:41:18.666+0000: 4145.846: [GC (Allocation Failure) 4145.846: [ParNew: 36284K->3191K(36288K), 0.0044647 secs] 117475K->85594K(242952K), 0.0045691 secs] [Times: user=0.02 sys=0.00, real=0.00 secs] 
2015-10-30T15:41:18.685+0000: 4145.866: [GC (Allocation Failure) 4145.866: [ParNew: 35511K->2540K(36288K), 0.0025312 secs] 117914K->84943K(242952K), 0.0025977 secs] [Times: user=0.01 sys=0.00, real=0.00 secs] 
2015-10-30T15:41:18.710+0000: 4145.890: [GC (Allocation Failure) 4145.890: [ParNew: 32877K->3625K(36288K), 0.0033771 secs] 115280K->91347K(242952K), 0.0034639 secs] [Times: user=0.01 sys=0.00, real=0.00 secs] 
2015-10-30T15:41:18.715+0000: 4145.895: [GC (CMS Initial Mark) [1 CMS-initial-mark: 87721K(206664K)] 99323K(242952K), 0.0017449 secs] [Times: user=0.00 sys=0.00, real=0.00 secs] 
2015-10-30T15:41:18.716+0000: 4145.897: [CMS-concurrent-mark-start]
2015-10-30T15:41:18.776+0000: 4145.956: [CMS-concurrent-mark: 0.059/0.059 secs] [Times: user=0.12 sys=0.00, real=0.06 secs] 
2015-10-30T15:41:18.776+0000: 4145.956: [CMS-concurrent-preclean-start]
2015-10-30T15:41:18.778+0000: 4145.958: [CMS-concurrent-preclean: 0.002/0.002 secs] [Times: user=0.00 sys=0.00, real=0.01 secs] 
2015-10-30T15:41:18.778+0000: 4145.958: [CMS-concurrent-abortable-preclean-start]
 CMS: abort preclean due to time 2015-10-30T15:41:23.851+0000: 4151.032: [CMS-concurrent-abortable-preclean: 1.247/5.074 secs] [Times: user=1.36 sys=0.00, real=5.07 secs] 
2015-10-30T15:41:23.852+0000: 4151.032: [GC (CMS Final Remark) [YG occupancy: 20083 K (36288 K)]4151.032: [Rescan (parallel) , 0.0020256 secs]4151.034: [weak refs processing, 0.0000168 secs]4151.034: [class unloading, 0.0150481 secs]4151.049: [scrub symbol table, 0.0067019 secs]4151.056: [scrub string table, 0.0007422 secs][1 CMS-remark: 87721K(206664K)] 107804K(242952K), 0.0260158 secs] [Times: user=0.04 sys=0.00, real=0.03 secs] 
2015-10-30T15:41:23.878+0000: 4151.058: [CMS-concurrent-sweep-start]
2015-10-30T15:41:23.910+0000: 4151.090: [CMS-concurrent-sweep: 0.032/0.032 secs] [Times: user=0.03 sys=0.00, real=0.03 secs] 
2015-10-30T15:41:23.910+0000: 4151.090: [CMS-concurrent-reset-start]
2015-10-30T15:41:23.912+0000: 4151.093: [CMS-concurrent-reset: 0.002/0.002 secs] [Times: user=0.00 sys=0.00, real=0.00 secs] 
2015-10-30T15:41:25.912+0000: 4153.092: [GC (CMS Initial Mark) [1 CMS-initial-mark: 63088K(206664K)] 83398K(242952K), 0.0025414 secs] [Times: user=0.01 sys=0.00, real=0.00 secs] 
2015-10-30T15:41:25.914+0000: 4153.095: [CMS-concurrent-mark-start]
2015-10-30T15:41:25.953+0000: 4153.133: [CMS-concurrent-mark: 0.038/0.038 secs] [Times: user=0.04 sys=0.00, real=0.04 secs] 
2015-10-30T15:41:25.953+0000: 4153.133: [CMS-concurrent-preclean-start]
2015-10-30T15:41:25.955+0000: 4153.135: [CMS-concurrent-preclean: 0.002/0.002 secs] [Times: user=0.00 sys=0.00, real=0.00 secs] 
2015-10-30T15:41:25.955+0000: 4153.135: [CMS-concurrent-abortable-preclean-start]
2015-10-30T15:41:28.443+0000: 4155.624: [GC (Allocation Failure) 4155.624: [ParNew: 35945K->3968K(36288K), 0.0119993 secs] 99034K->80132K(242952K), 0.0121054 secs] [Times: user=0.04 sys=0.00, real=0.01 secs] 
2015-10-30T15:41:28.486+0000: 4155.667: [GC (Allocation Failure) 4155.667: [ParNew: 36288K->3968K(36288K), 0.0110261 secs] 112452K->88790K(242952K), 0.0111256 secs] [Times: user=0.03 sys=0.00, real=0.01 secs] 
2015-10-30T15:41:28.498+0000: 4155.678: [CMS-concurrent-abortable-preclean: 0.559/2.543 secs] [Times: user=0.76 sys=0.00, real=2.55 secs] 
2015-10-30T15:41:28.501+0000: 4155.682: [GC (CMS Final Remark) [YG occupancy: 4316 K (36288 K)]4155.682: [Rescan (parallel) , 0.0049118 secs]4155.687: [weak refs processing, 0.0000182 secs]4155.687: [class unloading, 0.0152198 secs]4155.702: [scrub symbol table, 0.0088164 secs]4155.711: [scrub string table, 0.0007571 secs][1 CMS-remark: 84822K(206664K)] 89138K(242952K), 0.0313059 secs] [Times: user=0.04 sys=0.00, real=0.03 secs] 
2015-10-30T15:41:28.533+0000: 4155.714: [CMS-concurrent-sweep-start]
2015-10-30T15:41:28.554+0000: 4155.735: [GC (Allocation Failure) 4155.735: [ParNew: 36288K->3092K(36288K), 0.0067151 secs] 120620K->91089K(242952K), 0.0068131 secs] [Times: user=0.03 sys=0.00, real=0.01 secs] 
2015-10-30T15:41:28.563+0000: 4155.743: [CMS-concurrent-sweep: 0.022/0.030 secs] [Times: user=0.10 sys=0.00, real=0.03 secs] 
2015-10-30T15:41:28.563+0000: 4155.744: [CMS-concurrent-reset-start]
2015-10-30T15:41:28.566+0000: 4155.746: [CMS-concurrent-reset: 0.003/0.003 secs] [Times: user=0.01 sys=0.00, real=0.01 secs] 
2015-10-30T15:41:28.578+0000: 4155.759: [GC (Allocation Failure) 4155.759: [ParNew: 35412K->1997K(36288K), 0.0025885 secs] 118091K->84676K(242952K), 0.0026621 secs] [Times: user=0.01 sys=0.00, real=0.00 secs] 
2015-10-30T15:41:28.597+0000: 4155.778: [GC (Allocation Failure) 4155.778: [ParNew: 34317K->3075K(36288K), 0.0032770 secs] 116996K->85754K(242952K), 0.0033653 secs] [Times: user=0.01 sys=0.00, real=0.00 secs] 
2015-10-30T15:41:28.620+0000: 4155.800: [GC (Allocation Failure) 4155.800: [ParNew: 35395K->2708K(36288K), 0.0044757 secs] 118074K->86168K(242952K), 0.0045651 secs] [Times: user=0.02 sys=0.00, real=0.00 secs] 
2015-10-30T15:41:28.639+0000: 4155.820: [GC (Allocation Failure) 4155.820: [ParNew: 35028K->3476K(36288K), 0.0037392 secs] 118488K->86936K(242952K), 0.0038241 secs] [Times: user=0.02 sys=0.00, real=0.00 secs] 
2015-10-30T15:41:28.658+0000: 4155.838: [GC (Allocation Failure) 4155.838: [ParNew: 35796K->3190K(36288K), 0.0045738 secs] 119256K->87879K(242952K), 0.0046616 secs] [Times: user=0.02 sys=0.00, real=0.00 secs] 
2015-10-30T15:41:28.677+0000: 4155.858: [GC (Allocation Failure) 4155.858: [ParNew: 35510K->2486K(36288K), 0.0024208 secs] 120199K->87175K(242952K), 0.0024899 secs] [Times: user=0.01 sys=0.00, real=0.00 secs] 
2015-10-30T15:41:28.702+0000: 4155.883: [GC (Allocation Failure) 4155.883: [ParNew: 33764K->3236K(36288K), 0.0033937 secs] 118453K->93243K(242952K), 0.0034839 secs] [Times: user=0.01 sys=0.00, real=0.01 secs] 
2015-10-30T15:41:28.707+0000: 4155.888: [GC (CMS Initial Mark) [1 CMS-initial-mark: 90006K(206664K)] 101220K(242952K), 0.0018259 secs] [Times: user=0.01 sys=0.00, real=0.00 secs] 
2015-10-30T15:41:28.709+0000: 4155.889: [CMS-concurrent-mark-start]
2015-10-30T15:41:28.750+0000: 4155.930: [CMS-concurrent-mark: 0.041/0.041 secs] [Times: user=0.08 sys=0.00, real=0.04 secs] 
2015-10-30T15:41:28.750+0000: 4155.930: [CMS-concurrent-preclean-start]
2015-10-30T15:41:28.751+0000: 4155.932: [CMS-concurrent-preclean: 0.002/0.002 secs] [Times: user=0.00 sys=0.00, real=0.00 secs] 
2015-10-30T15:41:28.751+0000: 4155.932: [CMS-concurrent-abortable-preclean-start]
 CMS: abort preclean due to time 2015-10-30T15:41:33.753+0000: 4160.934: [CMS-concurrent-abortable-preclean: 1.083/5.002 secs] [Times: user=1.19 sys=0.00, real=5.00 secs] 
2015-10-30T15:41:33.754+0000: 4160.934: [GC (CMS Final Remark) [YG occupancy: 19599 K (36288 K)]4160.934: [Rescan (parallel) , 0.0028866 secs]4160.937: [weak refs processing, 0.0000180 secs]4160.937: [class unloading, 0.0153891 secs]4160.953: [scrub symbol table, 0.0078431 secs]4160.960: [scrub string table, 0.0007529 secs][1 CMS-remark: 90006K(206664K)] 109605K(242952K), 0.0284972 secs] [Times: user=0.03 sys=0.01, real=0.03 secs] 
2015-10-30T15:41:33.782+0000: 4160.963: [CMS-concurrent-sweep-start]
2015-10-30T15:41:33.807+0000: 4160.988: [CMS-concurrent-sweep: 0.025/0.025 secs] [Times: user=0.02 sys=0.00, real=0.03 secs] 
2015-10-30T15:41:33.807+0000: 4160.988: [CMS-concurrent-reset-start]
2015-10-30T15:41:33.810+0000: 4160.990: [CMS-concurrent-reset: 0.003/0.003 secs] [Times: user=0.01 sys=0.00, real=0.00 secs] 
2015-10-30T15:41:35.810+0000: 4162.990: [GC (CMS Initial Mark) [1 CMS-initial-mark: 64545K(206664K)] 84435K(242952K), 0.0024154 secs] [Times: user=0.01 sys=0.00, real=0.00 secs] 
2015-10-30T15:41:35.812+0000: 4162.992: [CMS-concurrent-mark-start]
2015-10-30T15:41:35.850+0000: 4163.030: [CMS-concurrent-mark: 0.038/0.038 secs] [Times: user=0.04 sys=0.00, real=0.04 secs] 
2015-10-30T15:41:35.850+0000: 4163.030: [CMS-concurrent-preclean-start]
2015-10-30T15:41:35.852+0000: 4163.032: [CMS-concurrent-preclean: 0.002/0.002 secs] [Times: user=0.00 sys=0.00, real=0.00 secs] 
2015-10-30T15:41:35.852+0000: 4163.032: [CMS-concurrent-abortable-preclean-start]
2015-10-30T15:41:38.464+0000: 4165.644: [GC (Allocation Failure) 4165.644: [ParNew2015-10-30T15:41:38.471+0000: 4165.652: [CMS-concurrent-abortable-preclean: 0.687/2.619 secs] [Times: user=0.91 sys=0.00, real=2.62 secs] 
: 35556K->3968K(36288K), 0.0119048 secs] 100102K->81831K(242952K), 0.0120218 secs] [Times: user=0.04 sys=0.00, real=0.01 secs] 
2015-10-30T15:41:38.476+0000: 4165.657: [GC (CMS Final Remark) [YG occupancy: 4184 K (36288 K)]4165.657: [Rescan (parallel) , 0.0047878 secs]4165.661: [weak refs processing, 0.0000181 secs]4165.661: [class unloading, 0.0149556 secs]4165.676: [scrub symbol table, 0.0083948 secs]4165.685: [scrub string table, 0.0007772 secs][1 CMS-remark: 77863K(206664K)] 82047K(242952K), 0.0304583 secs] [Times: user=0.05 sys=0.00, real=0.04 secs] 
2015-10-30T15:41:38.507+0000: 4165.687: [CMS-concurrent-sweep-start]
2015-10-30T15:41:38.524+0000: 4165.705: [CMS-concurrent-sweep: 0.018/0.018 secs] [Times: user=0.04 sys=0.00, real=0.01 secs] 
2015-10-30T15:41:38.524+0000: 4165.705: [CMS-concurrent-reset-start]
2015-10-30T15:41:38.527+0000: 4165.708: [CMS-concurrent-reset: 0.003/0.003 secs] [Times: user=0.01 sys=0.00, real=0.01 secs] 
2015-10-30T15:41:38.535+0000: 4165.716: [GC (Allocation Failure) 4165.716: [ParNew: 36288K->3968K(36288K), 0.0084572 secs] 107276K->81816K(242952K), 0.0085528 secs] [Times: user=0.03 sys=0.00, real=0.01 secs] 
2015-10-30T15:41:38.561+0000: 4165.741: [GC (Allocation Failure) 4165.741: [ParNew: 36288K->3618K(36288K), 0.0058625 secs] 114136K->85176K(242952K), 0.0059423 secs] [Times: user=0.01 sys=0.00, real=0.01 secs] 
2015-10-30T15:41:38.583+0000: 4165.763: [GC (Allocation Failure) 4165.763: [ParNew: 35938K->2205K(36288K), 0.0027952 secs] 117496K->83763K(242952K), 0.0028589 secs] [Times: user=0.01 sys=0.00, real=0.01 secs] 
2015-10-30T15:41:38.601+0000: 4165.781: [GC (Allocation Failure) 4165.781: [ParNew: 34525K->3032K(36288K), 0.0031922 secs] 116083K->84589K(242952K), 0.0032612 secs] [Times: user=0.01 sys=0.00, real=0.00 secs] 
2015-10-30T15:41:38.625+0000: 4165.806: [GC (Allocation Failure) 4165.806: [ParNew: 35352K->2675K(36288K), 0.0041726 secs] 116909K->84951K(242952K), 0.0042573 secs] [Times: user=0.01 sys=0.00, real=0.00 secs] 
2015-10-30T15:41:38.645+0000: 4165.826: [GC (Allocation Failure) 4165.826: [ParNew: 34995K->3910K(36288K), 0.0042699 secs] 117271K->86186K(242952K), 0.0043518 secs] [Times: user=0.01 sys=0.00, real=0.00 secs] 
2015-10-30T15:41:38.665+0000: 4165.846: [GC (Allocation Failure) 4165.846: [ParNew: 36230K->3238K(36288K), 0.0050834 secs] 118506K->86734K(242952K), 0.0051701 secs] [Times: user=0.01 sys=0.00, real=0.00 secs] 
2015-10-30T15:41:38.685+0000: 4165.866: [GC (Allocation Failure) 4165.866: [ParNew: 35558K->2132K(36288K), 0.0030416 secs] 119054K->85627K(242952K), 0.0031167 secs] [Times: user=0.01 sys=0.00, real=0.00 secs] 
2015-10-30T15:41:38.710+0000: 4165.890: [GC (Allocation Failure) 4165.891: [ParNew: 32121K->3518K(36288K), 0.0029799 secs] 115617K->92332K(242952K), 0.0030745 secs] [Times: user=0.01 sys=0.00, real=0.00 secs] 
2015-10-30T15:41:38.714+0000: 4165.895: [GC (CMS Initial Mark) [1 CMS-initial-mark: 88813K(206664K)] 100308K(242952K), 0.0018903 secs] [Times: user=0.00 sys=0.00, real=0.00 secs] 
2015-10-30T15:41:38.716+0000: 4165.897: [CMS-concurrent-mark-start]
2015-10-30T15:41:38.775+0000: 4165.955: [CMS-concurrent-mark: 0.058/0.058 secs] [Times: user=0.12 sys=0.00, real=0.06 secs] 
2015-10-30T15:41:38.775+0000: 4165.955: [CMS-concurrent-preclean-start]
2015-10-30T15:41:38.777+0000: 4165.957: [CMS-concurrent-preclean: 0.002/0.002 secs] [Times: user=0.00 sys=0.00, real=0.00 secs] 
2015-10-30T15:41:38.777+0000: 4165.957: [CMS-concurrent-abortable-preclean-start]
 CMS: abort preclean due to time 2015-10-30T15:41:43.816+0000: 4170.996: [CMS-concurrent-abortable-preclean: 1.293/5.039 secs] [Times: user=1.39 sys=0.01, real=5.04 secs] 
2015-10-30T15:41:43.816+0000: 4170.996: [GC (CMS Final Remark) [YG occupancy: 20007 K (36288 K)]4170.996: [Rescan (parallel) , 0.0026463 secs]4170.999: [weak refs processing, 0.0000195 secs]4170.999: [class unloading, 0.0147904 secs]4171.014: [scrub symbol table, 0.0068191 secs]4171.021: [scrub string table, 0.0007491 secs][1 CMS-remark: 88813K(206664K)] 108820K(242952K), 0.0265539 secs] [Times: user=0.03 sys=0.00, real=0.03 secs] 
2015-10-30T15:41:43.843+0000: 4171.023: [CMS-concurrent-sweep-start]
2015-10-30T15:41:43.866+0000: 4171.046: [CMS-concurrent-sweep: 0.023/0.023 secs] [Times: user=0.03 sys=0.00, real=0.03 secs] 
2015-10-30T15:41:43.866+0000: 4171.046: [CMS-concurrent-reset-start]
2015-10-30T15:41:43.868+0000: 4171.049: [CMS-concurrent-reset: 0.002/0.002 secs] [Times: user=0.00 sys=0.00, real=0.00 secs] 
2015-10-30T15:41:45.869+0000: 4173.049: [GC (CMS Initial Mark) [1 CMS-initial-mark: 64699K(206664K)] 84935K(242952K), 0.0024790 secs] [Times: user=0.01 sys=0.00, real=0.00 secs] 
2015-10-30T15:41:45.871+0000: 4173.052: [CMS-concurrent-mark-start]
2015-10-30T15:41:45.910+0000: 4173.090: [CMS-concurrent-mark: 0.039/0.039 secs] [Times: user=0.04 sys=0.00, real=0.04 secs] 
2015-10-30T15:41:45.910+0000: 4173.091: [CMS-concurrent-preclean-start]
2015-10-30T15:41:45.912+0000: 4173.093: [CMS-concurrent-preclean: 0.002/0.002 secs] [Times: user=0.00 sys=0.00, real=0.00 secs] 
2015-10-30T15:41:45.912+0000: 4173.093: [CMS-concurrent-abortable-preclean-start]
2015-10-30T15:41:48.463+0000: 4175.643: [GC (Allocation Failure) 4175.643: [ParNew: 35838K->3968K(36288K), 0.0113214 secs] 100538K->81543K(242952K), 0.0114227 secs] [Times: user=0.04 sys=0.00, real=0.01 secs] 
2015-10-30T15:41:48.497+0000: 4175.677: [CMS-concurrent-abortable-preclean: 0.682/2.585 secs] [Times: user=0.83 sys=0.01, real=2.58 secs] 
2015-10-30T15:41:48.498+0000: 4175.678: [GC (CMS Final Remark) [YG occupancy: 29346 K (36288 K)]4175.678: [Rescan (parallel) , 0.0127199 secs]4175.691: [weak refs processing, 0.0000200 secs]4175.691: [class unloading, 0.0150853 secs]4175.706: [scrub symbol table, 0.0087089 secs]4175.715: [scrub string table, 0.0007592 secs][1 CMS-remark: 77575K(206664K)] 106922K(242952K), 0.0388674 secs] [Times: user=0.08 sys=0.00, real=0.03 secs] 
2015-10-30T15:41:48.537+0000: 4175.717: [CMS-concurrent-sweep-start]
2015-10-30T15:41:48.542+0000: 4175.723: [GC (Allocation Failure) 4175.723: [ParNew: 36288K->3968K(36288K), 0.0099695 secs] 113683K->88990K(242952K), 0.0100663 secs] [Times: user=0.03 sys=0.00, real=0.01 secs] 
2015-10-30T15:41:48.573+0000: 4175.753: [GC (Allocation Failure) 4175.753: [ParNew: 36288K->3524K(36288K), 0.0059017 secs] 120856K->91814K(242952K), 0.0059961 secs] [Times: user=0.02 sys=0.00, real=0.01 secs] 
2015-10-30T15:41:48.579+0000: 4175.760: [CMS-concurrent-sweep: 0.026/0.042 secs] [Times: user=0.14 sys=0.01, real=0.05 secs] 
2015-10-30T15:41:48.579+0000: 4175.760: [CMS-concurrent-reset-start]
2015-10-30T15:41:48.582+0000: 4175.763: [CMS-concurrent-reset: 0.003/0.003 secs] [Times: user=0.01 sys=0.00, real=0.00 secs] 
2015-10-30T15:41:48.596+0000: 4175.776: [GC (Allocation Failure) 4175.776: [ParNew: 35844K->2189K(36288K), 0.0026114 secs] 118816K->85160K(242952K), 0.0026825 secs] [Times: user=0.01 sys=0.00, real=0.01 secs] 
2015-10-30T15:41:48.617+0000: 4175.798: [GC (Allocation Failure) 4175.798: [ParNew: 34509K->3255K(36288K), 0.0045556 secs] 117480K->86227K(242952K), 0.0046381 secs] [Times: user=0.01 sys=0.00, real=0.00 secs] 
2015-10-30T15:41:48.645+0000: 4175.826: [GC (Allocation Failure) 4175.826: [ParNew: 35575K->3197K(36288K), 0.0047084 secs] 118547K->86959K(242952K), 0.0047945 secs] [Times: user=0.02 sys=0.00, real=0.00 secs] 
2015-10-30T15:41:48.666+0000: 4175.846: [GC (Allocation Failure) 4175.846: [ParNew: 35517K->3968K(36288K), 0.0036113 secs] 119279K->87729K(242952K), 0.0036988 secs] [Times: user=0.01 sys=0.00, real=0.00 secs] 
2015-10-30T15:41:48.685+0000: 4175.866: [GC (Allocation Failure) 4175.866: [ParNew: 36288K->3285K(36288K), 0.0064076 secs] 120049K->88265K(242952K), 0.0064952 secs] [Times: user=0.02 sys=0.00, real=0.00 secs] 
2015-10-30T15:41:48.708+0000: 4175.889: [GC (Allocation Failure) 4175.889: [ParNew: 35605K->2493K(36288K), 0.0026392 secs] 120585K->87474K(242952K), 0.0027298 secs] [Times: user=0.01 sys=0.00, real=0.00 secs] 
2015-10-30T15:41:48.733+0000: 4175.913: [GC (Allocation Failure) 4175.913: [ParNew: 33523K->3225K(36288K), 0.0029688 secs] 118504K->93524K(242952K), 0.0030537 secs] [Times: user=0.01 sys=0.00, real=0.00 secs] 
2015-10-30T15:41:48.737+0000: 4175.917: [GC (CMS Initial Mark) [1 CMS-initial-mark: 90298K(206664K)] 101500K(242952K), 0.0021170 secs] [Times: user=0.01 sys=0.00, real=0.01 secs] 
2015-10-30T15:41:48.739+0000: 4175.920: [CMS-concurrent-mark-start]
2015-10-30T15:41:48.779+0000: 4175.959: [CMS-concurrent-mark: 0.040/0.040 secs] [Times: user=0.08 sys=0.00, real=0.04 secs] 
2015-10-30T15:41:48.779+0000: 4175.959: [CMS-concurrent-preclean-start]
2015-10-30T15:41:48.781+0000: 4175.961: [CMS-concurrent-preclean: 0.002/0.002 secs] [Times: user=0.00 sys=0.00, real=0.00 secs] 
2015-10-30T15:41:48.781+0000: 4175.961: [CMS-concurrent-abortable-preclean-start]
 CMS: abort preclean due to time 2015-10-30T15:41:53.847+0000: 4181.028: [CMS-concurrent-abortable-preclean: 1.260/5.067 secs] [Times: user=1.37 sys=0.01, real=5.07 secs] 
2015-10-30T15:41:53.848+0000: 4181.028: [GC (CMS Final Remark) [YG occupancy: 19598 K (36288 K)]4181.028: [Rescan (parallel) , 0.0020412 secs]4181.030: [weak refs processing, 0.0000170 secs]4181.030: [class unloading, 0.0146388 secs]4181.045: [scrub symbol table, 0.0074172 secs]4181.052: [scrub string table, 0.0007501 secs][1 CMS-remark: 90298K(206664K)] 109896K(242952K), 0.0264032 secs] [Times: user=0.03 sys=0.00, real=0.02 secs] 
2015-10-30T15:41:53.874+0000: 4181.055: [CMS-concurrent-sweep-start]
2015-10-30T15:41:53.899+0000: 4181.080: [CMS-concurrent-sweep: 0.025/0.025 secs] [Times: user=0.03 sys=0.00, real=0.03 secs] 
2015-10-30T15:41:53.900+0000: 4181.080: [CMS-concurrent-reset-start]
2015-10-30T15:41:53.902+0000: 4181.082: [CMS-concurrent-reset: 0.002/0.002 secs] [Times: user=0.00 sys=0.00, real=0.00 secs] 
2015-10-30T15:41:55.902+0000: 4183.083: [GC (CMS Initial Mark) [1 CMS-initial-mark: 64537K(206664K)] 84400K(242952K), 0.0027172 secs] [Times: user=0.01 sys=0.00, real=0.00 secs] 
2015-10-30T15:41:55.905+0000: 4183.086: [CMS-concurrent-mark-start]
2015-10-30T15:41:55.944+0000: 4183.124: [CMS-concurrent-mark: 0.039/0.039 secs] [Times: user=0.04 sys=0.00, real=0.03 secs] 
2015-10-30T15:41:55.944+0000: 4183.124: [CMS-concurrent-preclean-start]
2015-10-30T15:41:55.946+0000: 4183.126: [CMS-concurrent-preclean: 0.002/0.002 secs] [Times: user=0.00 sys=0.00, real=0.01 secs] 
2015-10-30T15:41:55.946+0000: 4183.126: [CMS-concurrent-abortable-preclean-start]
2015-10-30T15:41:58.480+0000: 4185.661: [GC (Allocation Failure) 4185.661: [ParNew2015-10-30T15:41:58.484+0000: 4185.664: [CMS-concurrent-abortable-preclean: 0.656/2.538 secs] [Times: user=0.85 sys=0.01, real=2.53 secs] 
: 35545K->3968K(36288K), 0.0112956 secs] 100083K->81463K(242952K), 0.0113956 secs] [Times: user=0.04 sys=0.00, real=0.01 secs] 
2015-10-30T15:41:58.492+0000: 4185.673: [GC (CMS Final Remark) [YG occupancy: 4132 K (36288 K)]4185.673: [Rescan (parallel) , 0.0046509 secs]4185.677: [weak refs processing, 0.0000169 secs]4185.677: [class unloading, 0.0152436 secs]4185.693: [scrub symbol table, 0.0075439 secs]4185.700: [scrub string table, 0.0007574 secs][1 CMS-remark: 77495K(206664K)] 81627K(242952K), 0.0297918 secs] [Times: user=0.05 sys=0.00, real=0.03 secs] 
2015-10-30T15:41:58.522+0000: 4185.703: [CMS-concurrent-sweep-start]
2015-10-30T15:41:58.548+0000: 4185.728: [CMS-concurrent-sweep: 0.026/0.026 secs] [Times: user=0.06 sys=0.00, real=0.03 secs] 
2015-10-30T15:41:58.548+0000: 4185.728: [CMS-concurrent-reset-start]
2015-10-30T15:41:58.550+0000: 4185.731: [GC (Allocation Failure) 4185.731: [ParNew: 36288K->3968K(36288K), 0.0104026 secs] 108362K->84228K(242952K), 0.0104995 secs] [Times: user=0.04 sys=0.00, real=0.01 secs] 
2015-10-30T15:41:58.561+0000: 4185.742: [CMS-concurrent-reset: 0.003/0.013 secs] [Times: user=0.05 sys=0.00, real=0.01 secs] 
2015-10-30T15:41:58.577+0000: 4185.758: [GC (Allocation Failure) 4185.758: [ParNew: 36288K->3137K(36288K), 0.0072412 secs] 116548K->87149K(242952K), 0.0073374 secs] [Times: user=0.02 sys=0.00, real=0.00 secs] 
2015-10-30T15:41:58.601+0000: 4185.781: [GC (Allocation Failure) 4185.781: [ParNew: 35457K->1974K(36288K), 0.0028598 secs] 119469K->85985K(242952K), 0.0029210 secs] [Times: user=0.01 sys=0.00, real=0.00 secs] 
2015-10-30T15:41:58.621+0000: 4185.802: [GC (Allocation Failure) 4185.802: [ParNew: 34294K->3113K(36288K), 0.0036732 secs] 118305K->87125K(242952K), 0.0037523 secs] [Times: user=0.01 sys=0.00, real=0.01 secs] 
2015-10-30T15:41:58.644+0000: 4185.824: [GC (Allocation Failure) 4185.833: [ParNew: 35433K->3343K(36288K), 0.0052491 secs] 119445K->88125K(242952K), 0.0139752 secs] [Times: user=0.02 sys=0.00, real=0.02 secs] 
2015-10-30T15:41:58.673+0000: 4185.853: [GC (Allocation Failure) 4185.853: [ParNew: 35663K->3889K(36288K), 0.0043677 secs] 120445K->88672K(242952K), 0.0044459 secs] [Times: user=0.01 sys=0.00, real=0.00 secs] 
2015-10-30T15:41:58.693+0000: 4185.874: [GC (Allocation Failure) 4185.874: [ParNew: 36209K->3136K(36288K), 0.0060064 secs] 120992K->89138K(242952K), 0.0060909 secs] [Times: user=0.01 sys=0.00, real=0.01 secs] 
2015-10-30T15:41:58.717+0000: 4185.898: [GC (Allocation Failure) 4185.898: [ParNew: 35456K->2446K(36288K), 0.0029303 secs] 121458K->88447K(242952K), 0.0030171 secs] [Times: user=0.01 sys=0.00, real=0.00 secs] 
2015-10-30T15:41:58.743+0000: 4185.924: [GC (Allocation Failure) 4185.924: [ParNew: 33111K->3629K(36288K), 0.0033495 secs] 119113K->94949K(242952K), 0.0034328 secs] [Times: user=0.01 sys=0.00, real=0.01 secs] 
2015-10-30T15:41:58.748+0000: 4185.929: [GC (CMS Initial Mark) [1 CMS-initial-mark: 91319K(206664K)] 102926K(242952K), 0.0022046 secs] [Times: user=0.01 sys=0.00, real=0.00 secs] 
2015-10-30T15:41:58.750+0000: 4185.931: [CMS-concurrent-mark-start]
2015-10-30T15:41:58.789+0000: 4185.970: [CMS-concurrent-mark: 0.039/0.039 secs] [Times: user=0.08 sys=0.00, real=0.04 secs] 
2015-10-30T15:41:58.789+0000: 4185.970: [CMS-concurrent-preclean-start]
2015-10-30T15:41:58.791+0000: 4185.972: [CMS-concurrent-preclean: 0.002/0.002 secs] [Times: user=0.00 sys=0.00, real=0.00 secs] 
2015-10-30T15:41:58.791+0000: 4185.972: [CMS-concurrent-abortable-preclean-start]
2015-10-30T15:42:00.063+0000: 4187.243: [GC (Allocation Failure) 4187.244: [ParNew: 35949K->3968K(36288K), 0.0104806 secs] 127269K->99919K(242952K), 0.0105708 secs] [Times: user=0.04 sys=0.00, real=0.01 secs] 
2015-10-30T15:42:00.105+0000: 4187.286: [GC (Allocation Failure) 4187.286: [ParNew: 36288K->3968K(36288K), 0.0226581 secs] 132239K->112827K(242952K), 0.0227576 secs] [Times: user=0.08 sys=0.00, real=0.02 secs] 
2015-10-30T15:42:00.147+0000: 4187.327: [GC (Allocation Failure) 4187.327: [ParNew: 36288K->3968K(36288K), 0.0112257 secs] 145147K->117964K(242952K), 0.0113271 secs] [Times: user=0.04 sys=0.00, real=0.01 secs] 
2015-10-30T15:42:00.169+0000: 4187.349: [CMS-concurrent-abortable-preclean: 0.420/1.378 secs] [Times: user=0.91 sys=0.03, real=1.38 secs] 
2015-10-30T15:42:00.173+0000: 4187.354: [GC (CMS Final Remark) [YG occupancy: 21292 K (36288 K)]4187.354: [Rescan (parallel) , 0.0116162 secs]4187.365: [weak refs processing, 0.0000347 secs]4187.365: [class unloading, 0.0149358 secs]4187.380: [scrub symbol table, 0.0087870 secs]4187.389: [scrub string table, 0.0007902 secs][1 CMS-remark: 113996K(206664K)] 135288K(242952K), 0.0378117 secs] [Times: user=0.07 sys=0.01, real=0.04 secs] 
2015-10-30T15:42:00.211+0000: 4187.392: [CMS-concurrent-sweep-start]
2015-10-30T15:42:00.222+0000: 4187.402: [GC (Allocation Failure) 4187.403: [ParNew: 36288K->3968K(36288K), 0.0084715 secs] 148041K->118292K(242952K), 0.0085652 secs] [Times: user=0.04 sys=0.00, real=0.01 secs] 
2015-10-30T15:42:00.265+0000: 4187.446: [GC (Allocation Failure) 4187.446: [ParNew: 36288K->3968K(36288K), 0.0087271 secs] 136140K->105981K(242952K), 0.0088261 secs] [Times: user=0.03 sys=0.00, real=0.00 secs] 
2015-10-30T15:42:00.284+0000: 4187.464: [CMS-concurrent-sweep: 0.054/0.073 secs] [Times: user=0.25 sys=0.01, real=0.07 secs] 
2015-10-30T15:42:00.284+0000: 4187.464: [CMS-concurrent-reset-start]
2015-10-30T15:42:00.287+0000: 4187.467: [CMS-concurrent-reset: 0.003/0.003 secs] [Times: user=0.01 sys=0.00, real=0.01 secs] 
2015-10-30T15:42:00.293+0000: 4187.474: [GC (Allocation Failure) 4187.474: [ParNew: 36288K->3769K(36288K), 0.0075692 secs] 130127K->100470K(242952K), 0.0076648 secs] [Times: user=0.02 sys=0.00, real=0.01 secs] 
2015-10-30T15:42:00.303+0000: 4187.484: [GC (CMS Initial Mark) [1 CMS-initial-mark: 96701K(206664K)] 101873K(242952K), 0.0025319 secs] [Times: user=0.01 sys=0.00, real=0.01 secs] 
2015-10-30T15:42:00.306+0000: 4187.486: [CMS-concurrent-mark-start]
2015-10-30T15:42:00.340+0000: 4187.521: [GC (Allocation Failure) 4187.521: [ParNew: 36089K->3968K(36288K), 0.0036080 secs] 132790K->102305K(242952K), 0.0037003 secs] [Times: user=0.01 sys=0.00, real=0.00 secs] 
2015-10-30T15:42:00.383+0000: 4187.564: [GC (Allocation Failure) 4187.564: [ParNew: 36288K->3225K(36288K), 0.0047750 secs] 134626K->103252K(242952K), 0.0048673 secs] [Times: user=0.02 sys=0.00, real=0.01 secs] 
2015-10-30T15:42:00.389+0000: 4187.569: [GC (GCLocker Initiated GC) 4187.569: [ParNew: 3343K->571K(36288K), 0.0023849 secs] 103371K->102716K(242952K), 0.0024286 secs] [Times: user=0.01 sys=0.00, real=0.00 secs] 
2015-10-30T15:42:00.413+0000: 4187.594: [CMS-concurrent-mark: 0.095/0.107 secs] [Times: user=0.37 sys=0.01, real=0.10 secs] 
2015-10-30T15:42:00.413+0000: 4187.594: [CMS-concurrent-preclean-start]
2015-10-30T15:42:00.421+0000: 4187.602: [CMS-concurrent-preclean: 0.007/0.008 secs] [Times: user=0.02 sys=0.00, real=0.01 secs] 
2015-10-30T15:42:00.421+0000: 4187.602: [CMS-concurrent-abortable-preclean-start]
2015-10-30T15:42:03.743+0000: 4190.924: [GC (Allocation Failure) 4190.924: [ParNew: 32852K->1296K(36288K), 0.0025765 secs] 134998K->103442K(242952K), 0.0026383 secs] [Times: user=0.01 sys=0.00, real=0.01 secs] 
2015-10-30T15:42:03.766+0000: 4190.947: [CMS-concurrent-abortable-preclean: 0.092/3.345 secs] [Times: user=0.34 sys=0.03, real=3.35 secs] 
2015-10-30T15:42:03.767+0000: 4190.947: [GC (CMS Final Remark) [YG occupancy: 20371 K (36288 K)]4190.947: [Rescan (parallel) , 0.0078846 secs]4190.955: [weak refs processing, 0.0000188 secs]4190.955: [class unloading, 0.0150461 secs]4190.970: [scrub symbol table, 0.0076581 secs]4190.978: [scrub string table, 0.0007593 secs][1 CMS-remark: 102145K(206664K)] 122517K(242952K), 0.0329718 secs] [Times: user=0.05 sys=0.00, real=0.03 secs] 
2015-10-30T15:42:03.800+0000: 4190.980: [CMS-concurrent-sweep-start]
2015-10-30T15:42:03.838+0000: 4191.019: [CMS-concurrent-sweep: 0.038/0.038 secs] [Times: user=0.06 sys=0.00, real=0.04 secs] 
2015-10-30T15:42:03.838+0000: 4191.019: [CMS-concurrent-reset-start]
2015-10-30T15:42:03.841+0000: 4191.021: [CMS-concurrent-reset: 0.003/0.003 secs] [Times: user=0.01 sys=0.00, real=0.00 secs] 
2015-10-30T15:42:03.856+0000: 4191.037: [GC (Allocation Failure) 4191.037: [ParNew: 33616K->2017K(36288K), 0.0021698 secs] 99364K->67765K(242952K), 0.0022333 secs] [Times: user=0.01 sys=0.00, real=0.01 secs] 
2015-10-30T15:42:03.933+0000: 4191.114: [GC (Allocation Failure) 4191.114: [ParNew: 34337K->3968K(36288K), 0.0035767 secs] 100085K->69868K(242952K), 0.0036502 secs] [Times: user=0.02 sys=0.00, real=0.00 secs] 
2015-10-30T15:42:03.969+0000: 4191.149: [GC (Allocation Failure) 4191.149: [ParNew: 36288K->3575K(36288K), 0.0041421 secs] 102188K->72010K(242952K), 0.0042192 secs] [Times: user=0.02 sys=0.00, real=0.00 secs] 
2015-10-30T15:42:08.455+0000: 4195.635: [GC (Allocation Failure) 4195.635: [ParNew: 35817K->3968K(36288K), 0.0145720 secs] 104252K->86877K(242952K), 0.0146769 secs] [Times: user=0.05 sys=0.00, real=0.02 secs] 
2015-10-30T15:42:08.493+0000: 4195.674: [GC (Allocation Failure) 4195.674: [ParNew: 36288K->3968K(36288K), 0.0092037 secs] 119197K->92528K(242952K), 0.0092977 secs] [Times: user=0.03 sys=0.00, real=0.01 secs] 
2015-10-30T15:42:08.518+0000: 4195.699: [GC (Allocation Failure) 4195.699: [ParNew: 36288K->3595K(36288K), 0.0048148 secs] 124848K->95861K(242952K), 0.0049002 secs] [Times: user=0.02 sys=0.00, real=0.00 secs] 
2015-10-30T15:42:08.539+0000: 4195.720: [GC (Allocation Failure) 4195.720: [ParNew: 35915K->2195K(36288K), 0.0025144 secs] 128181K->94460K(242952K), 0.0025861 secs] [Times: user=0.01 sys=0.00, real=0.00 secs] 
2015-10-30T15:42:08.558+0000: 4195.739: [GC (Allocation Failure) 4195.739: [ParNew: 34515K->3126K(36288K), 0.0032214 secs] 126780K->95391K(242952K), 0.0032956 secs] [Times: user=0.01 sys=0.00, real=0.00 secs] 
2015-10-30T15:42:08.579+0000: 4195.759: [GC (Allocation Failure) 4195.759: [ParNew: 35446K->2794K(36288K), 0.0042072 secs] 127711K->95844K(242952K), 0.0042924 secs] [Times: user=0.01 sys=0.00, real=0.00 secs] 
2015-10-30T15:42:08.601+0000: 4195.782: [GC (Allocation Failure) 4195.782: [ParNew: 35114K->3968K(36288K), 0.0039852 secs] 128164K->97018K(242952K), 0.0040613 secs] [Times: user=0.01 sys=0.00, real=0.01 secs] 
2015-10-30T15:42:08.621+0000: 4195.801: [GC (Allocation Failure) 4195.801: [ParNew: 36288K->3227K(36288K), 0.0045110 secs] 129338K->97560K(242952K), 0.0045974 secs] [Times: user=0.01 sys=0.01, real=0.01 secs] 
2015-10-30T15:42:08.641+0000: 4195.822: [GC (Allocation Failure) 4195.822: [ParNew: 35547K->2436K(36288K), 0.0023967 secs] 129880K->96769K(242952K), 0.0024646 secs] [Times: user=0.01 sys=0.00, real=0.00 secs] 
2015-10-30T15:42:08.664+0000: 4195.845: [GC (Allocation Failure) 4195.845: [ParNew: 29119K->3071K(36288K), 0.0028107 secs] 123452K->102721K(242952K), 0.0028950 secs] [Times: user=0.01 sys=0.00, real=0.01 secs] 
2015-10-30T15:42:08.668+0000: 4195.849: [GC (CMS Initial Mark) [1 CMS-initial-mark: 99650K(206664K)] 110698K(242952K), 0.0018180 secs] [Times: user=0.01 sys=0.00, real=0.00 secs] 
2015-10-30T15:42:08.670+0000: 4195.851: [CMS-concurrent-mark-start]
2015-10-30T15:42:08.710+0000: 4195.890: [CMS-concurrent-mark: 0.039/0.039 secs] [Times: user=0.08 sys=0.00, real=0.04 secs] 
2015-10-30T15:42:08.710+0000: 4195.890: [CMS-concurrent-preclean-start]
2015-10-30T15:42:08.712+0000: 4195.892: [CMS-concurrent-preclean: 0.002/0.002 secs] [Times: user=0.00 sys=0.00, real=0.00 secs] 
2015-10-30T15:42:08.712+0000: 4195.892: [CMS-concurrent-abortable-preclean-start]
 CMS: abort preclean due to time 2015-10-30T15:42:13.752+0000: 4200.933: [CMS-concurrent-abortable-preclean: 1.333/5.040 secs] [Times: user=1.43 sys=0.01, real=5.04 secs] 
2015-10-30T15:42:13.753+0000: 4200.933: [GC (CMS Final Remark) [YG occupancy: 19428 K (36288 K)]4200.933: [Rescan (parallel) , 0.0020038 secs]4200.935: [weak refs processing, 0.0000249 secs]4200.935: [class unloading, 0.0153280 secs]4200.950: [scrub symbol table, 0.0070351 secs]4200.957: [scrub string table, 0.0007655 secs][1 CMS-remark: 99650K(206664K)] 119078K(242952K), 0.0266699 secs] [Times: user=0.04 sys=0.00, real=0.03 secs] 
2015-10-30T15:42:13.779+0000: 4200.960: [CMS-concurrent-sweep-start]
2015-10-30T15:42:13.812+0000: 4200.992: [CMS-concurrent-sweep: 0.033/0.033 secs] [Times: user=0.03 sys=0.00, real=0.03 secs] 
2015-10-30T15:42:13.812+0000: 4200.992: [CMS-concurrent-reset-start]
2015-10-30T15:42:13.815+0000: 4200.995: [CMS-concurrent-reset: 0.003/0.003 secs] [Times: user=0.00 sys=0.00, real=0.00 secs] 
2015-10-30T15:42:15.814+0000: 4202.994: [GC (CMS Initial Mark) [1 CMS-initial-mark: 64166K(206664K)] 83854K(242952K), 0.0022673 secs] [Times: user=0.01 sys=0.00, real=0.00 secs] 
2015-10-30T15:42:15.816+0000: 4202.997: [CMS-concurrent-mark-start]
2015-10-30T15:42:15.856+0000: 4203.036: [CMS-concurrent-mark: 0.039/0.039 secs] [Times: user=0.04 sys=0.00, real=0.04 secs] 
2015-10-30T15:42:15.856+0000: 4203.036: [CMS-concurrent-preclean-start]
2015-10-30T15:42:15.858+0000: 4203.039: [CMS-concurrent-preclean: 0.002/0.002 secs] [Times: user=0.00 sys=0.00, real=0.01 secs] 
2015-10-30T15:42:15.858+0000: 4203.039: [CMS-concurrent-abortable-preclean-start]
2015-10-30T15:42:18.451+0000: 4205.631: [GC (Allocation Failure) 4205.631: [ParNew: 35391K->3968K(36288K), 0.0104908 secs] 99557K->81074K(242952K), 0.0105921 secs] [Times: user=0.04 sys=0.00, real=0.01 secs] 
2015-10-30T15:42:18.484+0000: 4205.664: [CMS-concurrent-abortable-preclean: 0.670/2.626 secs] [Times: user=0.83 sys=0.00, real=2.62 secs] 
2015-10-30T15:42:18.486+0000: 4205.667: [GC (CMS Final Remark) [YG occupancy: 28470 K (36288 K)]4205.667: [Rescan (parallel) , 0.0124296 secs]4205.679: [weak refs processing, 0.0000195 secs]4205.679: [class unloading, 0.0148483 secs]4205.694: [scrub symbol table, 0.0076369 secs]4205.702: [scrub string table, 0.0007473 secs][1 CMS-remark: 77106K(206664K)] 105577K(242952K), 0.0372328 secs] [Times: user=0.07 sys=0.00, real=0.03 secs] 
2015-10-30T15:42:18.524+0000: 4205.704: [CMS-concurrent-sweep-start]
2015-10-30T15:42:18.529+0000: 4205.709: [GC (Allocation Failure) 4205.709: [ParNew: 36288K->3968K(36288K), 0.0097451 secs] 113394K->88795K(242952K), 0.0098401 secs] [Times: user=0.03 sys=0.00, real=0.01 secs] 
2015-10-30T15:42:18.559+0000: 4205.739: [GC (Allocation Failure) 4205.739: [ParNew: 36288K->3560K(36288K), 0.0050497 secs] 120838K->91805K(242952K), 0.0051383 secs] [Times: user=0.02 sys=0.00, real=0.00 secs] 
2015-10-30T15:42:18.581+0000: 4205.761: [CMS-concurrent-sweep: 0.041/0.057 secs] [Times: user=0.21 sys=0.01, real=0.06 secs] 
2015-10-30T15:42:18.581+0000: 4205.761: [CMS-concurrent-reset-start]
2015-10-30T15:42:18.583+0000: 4205.764: [CMS-concurrent-reset: 0.003/0.003 secs] [Times: user=0.01 sys=0.00, real=0.00 secs] 
2015-10-30T15:42:18.584+0000: 4205.764: [GC (Allocation Failure) 4205.764: [ParNew: 35880K->2241K(36288K), 0.0026474 secs] 118443K->84804K(242952K), 0.0027014 secs] [Times: user=0.01 sys=0.00, real=0.01 secs] 
2015-10-30T15:42:18.605+0000: 4205.786: [GC (Allocation Failure) 4205.786: [ParNew: 34561K->2959K(36288K), 0.0039025 secs] 117124K->85521K(242952K), 0.0039815 secs] [Times: user=0.01 sys=0.00, real=0.00 secs] 
2015-10-30T15:42:18.629+0000: 4205.810: [GC (Allocation Failure) 4205.810: [ParNew: 35279K->2799K(36288K), 0.0040234 secs] 117841K->86150K(242952K), 0.0041037 secs] [Times: user=0.01 sys=0.00, real=0.00 secs] 
2015-10-30T15:42:18.648+0000: 4205.829: [GC (Allocation Failure) 4205.829: [ParNew: 35119K->3968K(36288K), 0.0036466 secs] 118470K->87318K(242952K), 0.0037267 secs] [Times: user=0.02 sys=0.00, real=0.00 secs] 
2015-10-30T15:42:18.667+0000: 4205.848: [GC (Allocation Failure) 4205.848: [ParNew: 36288K->3338K(36288K), 0.0045989 secs] 119638K->87915K(242952K), 0.0046857 secs] [Times: user=0.01 sys=0.00, real=0.00 secs] 
2015-10-30T15:42:18.689+0000: 4205.870: [GC (Allocation Failure) 4205.870: [ParNew: 35658K->2518K(36288K), 0.0024795 secs] 120235K->87095K(242952K), 0.0025468 secs] [Times: user=0.01 sys=0.01, real=0.00 secs] 
2015-10-30T15:42:18.714+0000: 4205.894: [GC (Allocation Failure) 4205.894: [ParNew: 33106K->3238K(36288K), 0.0030037 secs] 117683K->93132K(242952K), 0.0030935 secs] [Times: user=0.02 sys=0.00, real=0.00 secs] 
2015-10-30T15:42:18.718+0000: 4205.899: [GC (CMS Initial Mark) [1 CMS-initial-mark: 89894K(206664K)] 101109K(242952K), 0.0018215 secs] [Times: user=0.00 sys=0.00, real=0.00 secs] 
2015-10-30T15:42:18.720+0000: 4205.900: [CMS-concurrent-mark-start]
2015-10-30T15:42:18.759+0000: 4205.940: [CMS-concurrent-mark: 0.039/0.039 secs] [Times: user=0.08 sys=0.00, real=0.04 secs] 
2015-10-30T15:42:18.759+0000: 4205.940: [CMS-concurrent-preclean-start]
2015-10-30T15:42:18.761+0000: 4205.942: [CMS-concurrent-preclean: 0.002/0.002 secs] [Times: user=0.01 sys=0.00, real=0.00 secs] 
2015-10-30T15:42:18.761+0000: 4205.942: [CMS-concurrent-abortable-preclean-start]
 CMS: abort preclean due to time 2015-10-30T15:42:23.824+0000: 4211.004: [CMS-concurrent-abortable-preclean: 1.354/5.062 secs] [Times: user=1.47 sys=0.00, real=5.06 secs] 
2015-10-30T15:42:23.824+0000: 4211.004: [GC (CMS Final Remark) [YG occupancy: 19566 K (36288 K)]4211.012: [Rescan (parallel) , 0.0024919 secs]4211.014: [weak refs processing, 0.0000237 secs]4211.014: [class unloading, 0.0152726 secs]4211.030: [scrub symbol table, 0.0069379 secs]4211.037: [scrub string table, 0.0007472 secs][1 CMS-remark: 89894K(206664K)] 109460K(242952K), 0.0345025 secs] [Times: user=0.04 sys=0.00, real=0.04 secs] 
2015-10-30T15:42:23.859+0000: 4211.039: [CMS-concurrent-sweep-start]
2015-10-30T15:42:23.902+0000: 4211.083: [CMS-concurrent-sweep: 0.044/0.044 secs] [Times: user=0.04 sys=0.00, real=0.04 secs] 
2015-10-30T15:42:23.902+0000: 4211.083: [CMS-concurrent-reset-start]
2015-10-30T15:42:23.905+0000: 4211.085: [CMS-concurrent-reset: 0.002/0.002 secs] [Times: user=0.01 sys=0.00, real=0.00 secs] 
2015-10-30T15:42:25.904+0000: 4213.085: [GC (CMS Initial Mark) [1 CMS-initial-mark: 65381K(206664K)] 85200K(242952K), 0.0023982 secs] [Times: user=0.00 sys=0.00, real=0.01 secs] 
2015-10-30T15:42:25.907+0000: 4213.087: [CMS-concurrent-mark-start]
2015-10-30T15:42:25.945+0000: 4213.125: [CMS-concurrent-mark: 0.038/0.038 secs] [Times: user=0.04 sys=0.00, real=0.03 secs] 
2015-10-30T15:42:25.945+0000: 4213.125: [CMS-concurrent-preclean-start]
2015-10-30T15:42:25.947+0000: 4213.128: [CMS-concurrent-preclean: 0.002/0.002 secs] [Times: user=0.01 sys=0.00, real=0.01 secs] 
2015-10-30T15:42:25.947+0000: 4213.128: [CMS-concurrent-abortable-preclean-start]
2015-10-30T15:42:28.460+0000: 4215.640: [GC (Allocation Failure) 4215.640: [ParNew: 35558K->3968K(36288K), 0.0109302 secs] 100939K->82388K(242952K), 0.0110295 secs] [Times: user=0.04 sys=0.00, real=0.01 secs] 
2015-10-30T15:42:28.501+0000: 4215.682: [GC (Allocation Failure) 4215.682: [ParNew: 36288K->3968K(36288K), 0.0109205 secs] 114708K->90176K(242952K), 0.0110123 secs] [Times: user=0.04 sys=0.00, real=0.01 secs] 
2015-10-30T15:42:28.533+0000: 4215.714: [GC (Allocation Failure) 4215.714: [ParNew: 36288K->3668K(36288K), 0.0069488 secs] 122496K->93597K(242952K), 0.0070367 secs] [Times: user=0.02 sys=0.00, real=0.01 secs] 
2015-10-30T15:42:28.540+0000: 4215.721: [CMS-concurrent-abortable-preclean: 0.704/2.593 secs] [Times: user=0.98 sys=0.01, real=2.59 secs] 
2015-10-30T15:42:28.541+0000: 4215.722: [GC (CMS Final Remark) [YG occupancy: 3982 K (36288 K)]4215.722: [Rescan (parallel) , 0.0076948 secs]4215.729: [weak refs processing, 0.0000178 secs]4215.730: [class unloading, 0.0148662 secs]4215.744: [scrub symbol table, 0.0069817 secs]4215.751: [scrub string table, 0.0007521 secs][1 CMS-remark: 89928K(206664K)] 93911K(242952K), 0.0318968 secs] [Times: user=0.05 sys=0.00, real=0.03 secs] 
2015-10-30T15:42:28.573+0000: 4215.754: [CMS-concurrent-sweep-start]
2015-10-30T15:42:28.594+0000: 4215.775: [GC (Allocation Failure) 4215.775: [ParNew: 35988K->2241K(36288K), 0.0025474 secs] 125663K->91917K(242952K), 0.0026189 secs] [Times: user=0.01 sys=0.00, real=0.00 secs] 
2015-10-30T15:42:28.599+0000: 4215.780: [CMS-concurrent-sweep: 0.023/0.026 secs] [Times: user=0.09 sys=0.00, real=0.03 secs] 
2015-10-30T15:42:28.599+0000: 4215.780: [CMS-concurrent-reset-start]
2015-10-30T15:42:28.602+0000: 4215.782: [CMS-concurrent-reset: 0.003/0.003 secs] [Times: user=0.01 sys=0.00, real=0.00 secs] 
2015-10-30T15:42:28.617+0000: 4215.798: [GC (Allocation Failure) 4215.798: [ParNew: 34561K->2869K(36288K), 0.0038508 secs] 118684K->86992K(242952K), 0.0039287 secs] [Times: user=0.01 sys=0.00, real=0.00 secs] 
2015-10-30T15:42:28.641+0000: 4215.822: [GC (Allocation Failure) 4215.822: [ParNew: 35189K->2758K(36288K), 0.0049995 secs] 119312K->87659K(242952K), 0.0050793 secs] [Times: user=0.02 sys=0.00, real=0.01 secs] 
2015-10-30T15:42:28.661+0000: 4215.842: [GC (Allocation Failure) 4215.842: [ParNew: 35078K->3968K(36288K), 0.0042636 secs] 119979K->88868K(242952K), 0.0043533 secs] [Times: user=0.01 sys=0.00, real=0.01 secs] 
2015-10-30T15:42:28.681+0000: 4215.862: [GC (Allocation Failure) 4215.862: [ParNew: 36288K->3275K(36288K), 0.0048958 secs] 121188K->89412K(242952K), 0.0049719 secs] [Times: user=0.02 sys=0.00, real=0.01 secs] 
2015-10-30T15:42:28.700+0000: 4215.881: [GC (Allocation Failure) 4215.881: [ParNew: 35595K->2198K(36288K), 0.0031455 secs] 121732K->88335K(242952K), 0.0032177 secs] [Times: user=0.01 sys=0.00, real=0.00 secs] 
2015-10-30T15:42:28.726+0000: 4215.906: [GC (Allocation Failure) 4215.906: [ParNew: 32928K->3242K(36288K), 0.0036502 secs] 119066K->94697K(242952K), 0.0037399 secs] [Times: user=0.01 sys=0.00, real=0.00 secs] 
2015-10-30T15:42:28.731+0000: 4215.911: [GC (CMS Initial Mark) [1 CMS-initial-mark: 91455K(206664K)] 102676K(242952K), 0.0021909 secs] [Times: user=0.01 sys=0.00, real=0.00 secs] 
2015-10-30T15:42:28.733+0000: 4215.913: [CMS-concurrent-mark-start]
2015-10-30T15:42:28.773+0000: 4215.953: [CMS-concurrent-mark: 0.040/0.040 secs] [Times: user=0.08 sys=0.00, real=0.04 secs] 
2015-10-30T15:42:28.773+0000: 4215.953: [CMS-concurrent-preclean-start]
2015-10-30T15:42:28.775+0000: 4215.955: [CMS-concurrent-preclean: 0.002/0.002 secs] [Times: user=0.00 sys=0.00, real=0.00 secs] 
2015-10-30T15:42:28.775+0000: 4215.955: [CMS-concurrent-abortable-preclean-start]
 CMS: abort preclean due to time 2015-10-30T15:42:33.796+0000: 4220.976: [CMS-concurrent-abortable-preclean: 1.314/5.021 secs] [Times: user=1.41 sys=0.01, real=5.02 secs] 
2015-10-30T15:42:33.796+0000: 4220.976: [GC (CMS Final Remark) [YG occupancy: 19582 K (36288 K)]4220.977: [Rescan (parallel) , 0.0020817 secs]4220.979: [weak refs processing, 0.0000198 secs]4220.979: [class unloading, 0.0155398 secs]4220.994: [scrub symbol table, 0.0073957 secs]4221.002: [scrub string table, 0.0007561 secs][1 CMS-remark: 91455K(206664K)] 111037K(242952K), 0.0273531 secs] [Times: user=0.04 sys=0.00, real=0.03 secs] 
2015-10-30T15:42:33.824+0000: 4221.004: [CMS-concurrent-sweep-start]
2015-10-30T15:42:33.848+0000: 4221.028: [CMS-concurrent-sweep: 0.024/0.024 secs] [Times: user=0.02 sys=0.00, real=0.03 secs] 
2015-10-30T15:42:33.848+0000: 4221.029: [CMS-concurrent-reset-start]
2015-10-30T15:42:33.851+0000: 4221.031: [CMS-concurrent-reset: 0.003/0.003 secs] [Times: user=0.00 sys=0.00, real=0.00 secs] 
2015-10-30T15:42:35.851+0000: 4223.031: [GC (CMS Initial Mark) [1 CMS-initial-mark: 66837K(206664K)] 86654K(242952K), 0.0026815 secs] [Times: user=0.00 sys=0.00, real=0.00 secs] 
2015-10-30T15:42:35.853+0000: 4223.034: [CMS-concurrent-mark-start]
2015-10-30T15:42:35.892+0000: 4223.072: [CMS-concurrent-mark: 0.038/0.038 secs] [Times: user=0.04 sys=0.00, real=0.04 secs] 
2015-10-30T15:42:35.892+0000: 4223.072: [CMS-concurrent-preclean-start]
2015-10-30T15:42:35.894+0000: 4223.075: [CMS-concurrent-preclean: 0.002/0.002 secs] [Times: user=0.00 sys=0.00, real=0.00 secs] 
2015-10-30T15:42:35.894+0000: 4223.075: [CMS-concurrent-abortable-preclean-start]
2015-10-30T15:42:38.457+0000: 4225.637: [GC (Allocation Failure) 4225.637: [ParNew: 35562K->3968K(36288K), 0.0120640 secs] 102399K->84291K(242952K), 0.0121604 secs] [Times: user=0.05 sys=0.00, real=0.02 secs] 
2015-10-30T15:42:38.489+0000: 4225.670: [CMS-concurrent-abortable-preclean: 0.711/2.595 secs] [Times: user=0.85 sys=0.01, real=2.60 secs] 
2015-10-30T15:42:38.497+0000: 4225.678: [GC (CMS Final Remark) [YG occupancy: 31894 K (36288 K)]4225.678: [Rescan (parallel) , 0.0146926 secs]4225.693: [weak refs processing, 0.0000197 secs]4225.693: [class unloading, 0.0146464 secs]4225.707: [scrub symbol table, 0.0072827 secs]4225.715: [scrub string table, 0.0007513 secs][1 CMS-remark: 80323K(206664K)] 112217K(242952K), 0.0389680 secs] [Times: user=0.08 sys=0.00, real=0.03 secs] 
2015-10-30T15:42:38.536+0000: 4225.717: [CMS-concurrent-sweep-start]
2015-10-30T15:42:38.540+0000: 4225.720: [GC (Allocation Failure) 4225.720: [ParNew: 36288K->3968K(36288K), 0.0083249 secs] 116543K->91870K(242952K), 0.0084082 secs] [Times: user=0.03 sys=0.00, real=0.01 secs] 
2015-10-30T15:42:38.568+0000: 4225.748: [GC (Allocation Failure) 4225.748: [ParNew: 36288K->3533K(36288K), 0.0061374 secs] 123268K->94265K(242952K), 0.0062285 secs] [Times: user=0.02 sys=0.00, real=0.00 secs] 
2015-10-30T15:42:38.579+0000: 4225.760: [CMS-concurrent-sweep: 0.028/0.043 secs] [Times: user=0.16 sys=0.00, real=0.05 secs] 
2015-10-30T15:42:38.579+0000: 4225.760: [CMS-concurrent-reset-start]
2015-10-30T15:42:38.582+0000: 4225.763: [CMS-concurrent-reset: 0.003/0.003 secs] [Times: user=0.01 sys=0.00, real=0.00 secs] 
2015-10-30T15:42:38.592+0000: 4225.772: [GC (Allocation Failure) 4225.772: [ParNew: 35853K->2148K(36288K), 0.0027642 secs] 120705K->87001K(242952K), 0.0028393 secs] [Times: user=0.01 sys=0.00, real=0.00 secs] 
2015-10-30T15:42:38.611+0000: 4225.791: [GC (Allocation Failure) 4225.791: [ParNew: 34468K->2736K(36288K), 0.0032649 secs] 119321K->87588K(242952K), 0.0033589 secs] [Times: user=0.02 sys=0.00, real=0.00 secs] 
2015-10-30T15:42:38.633+0000: 4225.814: [GC (Allocation Failure) 4225.814: [ParNew: 35056K->3224K(36288K), 0.0040363 secs] 119908K->88815K(242952K), 0.0041155 secs] [Times: user=0.02 sys=0.00, real=0.01 secs] 
2015-10-30T15:42:38.652+0000: 4225.832: [GC (Allocation Failure) 4225.832: [ParNew: 35544K->3092K(36288K), 0.0035214 secs] 121135K->88683K(242952K), 0.0035905 secs] [Times: user=0.01 sys=0.00, real=0.00 secs] 
2015-10-30T15:42:38.673+0000: 4225.854: [GC (Allocation Failure) 4225.854: [ParNew: 35412K->2843K(36288K), 0.0047948 secs] 121003K->89655K(242952K), 0.0048769 secs] [Times: user=0.02 sys=0.00, real=0.01 secs] 
2015-10-30T15:42:38.692+0000: 4225.873: [GC (Allocation Failure) 4225.873: [ParNew: 35163K->2263K(36288K), 0.0024675 secs] 121975K->89075K(242952K), 0.0025351 secs] [Times: user=0.01 sys=0.00, real=0.00 secs] 
2015-10-30T15:42:38.717+0000: 4225.897: [GC (Allocation Failure) 4225.898: [ParNew: 31969K->3069K(36288K), 0.0030495 secs] 118781K->95198K(242952K), 0.0031297 secs] [Times: user=0.01 sys=0.00, real=0.01 secs] 
2015-10-30T15:42:38.721+0000: 4225.902: [GC (CMS Initial Mark) [1 CMS-initial-mark: 92129K(206664K)] 103177K(242952K), 0.0020804 secs] [Times: user=0.00 sys=0.00, real=0.00 secs] 
2015-10-30T15:42:38.724+0000: 4225.904: [CMS-concurrent-mark-start]
2015-10-30T15:42:38.764+0000: 4225.944: [CMS-concurrent-mark: 0.040/0.040 secs] [Times: user=0.08 sys=0.00, real=0.04 secs] 
2015-10-30T15:42:38.764+0000: 4225.944: [CMS-concurrent-preclean-start]
2015-10-30T15:42:38.766+0000: 4225.946: [CMS-concurrent-preclean: 0.002/0.002 secs] [Times: user=0.01 sys=0.00, real=0.01 secs] 
2015-10-30T15:42:38.766+0000: 4225.946: [CMS-concurrent-abortable-preclean-start]
 CMS: abort preclean due to time 2015-10-30T15:42:43.795+0000: 4230.975: [CMS-concurrent-abortable-preclean: 1.299/5.029 secs] [Times: user=1.40 sys=0.00, real=5.02 secs] 
2015-10-30T15:42:43.795+0000: 4230.975: [GC (CMS Final Remark) [YG occupancy: 19624 K (36288 K)]4230.975: [Rescan (parallel) , 0.0020383 secs]4230.978: [weak refs processing, 0.0000169 secs]4230.978: [class unloading, 0.0152282 secs]4230.993: [scrub symbol table, 0.0073517 secs]4231.000: [scrub string table, 0.0007494 secs][1 CMS-remark: 92129K(206664K)] 111753K(242952K), 0.0269391 secs] [Times: user=0.03 sys=0.00, real=0.03 secs] 
2015-10-30T15:42:43.822+0000: 4231.003: [CMS-concurrent-sweep-start]
2015-10-30T15:42:43.846+0000: 4231.027: [CMS-concurrent-sweep: 0.024/0.024 secs] [Times: user=0.03 sys=0.00, real=0.03 secs] 
2015-10-30T15:42:43.846+0000: 4231.027: [CMS-concurrent-reset-start]
2015-10-30T15:42:43.849+0000: 4231.029: [CMS-concurrent-reset: 0.002/0.002 secs] [Times: user=0.00 sys=0.00, real=0.00 secs] 
2015-10-30T15:42:45.848+0000: 4233.029: [GC (CMS Initial Mark) [1 CMS-initial-mark: 66556K(206664K)] 86409K(242952K), 0.0026453 secs] [Times: user=0.01 sys=0.00, real=0.00 secs] 
2015-10-30T15:42:45.851+0000: 4233.032: [CMS-concurrent-mark-start]
2015-10-30T15:42:45.890+0000: 4233.071: [CMS-concurrent-mark: 0.039/0.039 secs] [Times: user=0.04 sys=0.00, real=0.04 secs] 
2015-10-30T15:42:45.890+0000: 4233.071: [CMS-concurrent-preclean-start]
2015-10-30T15:42:45.893+0000: 4233.073: [CMS-concurrent-preclean: 0.002/0.002 secs] [Times: user=0.00 sys=0.00, real=0.00 secs] 
2015-10-30T15:42:45.893+0000: 4233.073: [CMS-concurrent-abortable-preclean-start]
2015-10-30T15:42:48.453+0000: 4235.634: [GC (Allocation Failure) 4235.634: [ParNew: 35389K->3968K(36288K), 0.0111594 secs] 101946K->83351K(242952K), 0.0112535 secs] [Times: user=0.03 sys=0.00, real=0.01 secs] 
2015-10-30T15:42:48.505+0000: 4235.686: [GC (Allocation Failure) 4235.686: [ParNew: 36288K->3968K(36288K), 0.0102515 secs] 115671K->92132K(242952K), 0.0103408 secs] [Times: user=0.03 sys=0.00, real=0.00 secs] 
2015-10-30T15:42:48.516+0000: 4235.696: [CMS-concurrent-abortable-preclean: 0.712/2.623 secs] [Times: user=0.92 sys=0.00, real=2.62 secs] 
2015-10-30T15:42:48.516+0000: 4235.697: [GC (CMS Final Remark) [YG occupancy: 4022 K (36288 K)]4235.697: [Rescan (parallel) , 0.0049806 secs]4235.702: [weak refs processing, 0.0000117 secs]4235.702: [class unloading, 0.0145358 secs]4235.716: [scrub symbol table, 0.0085241 secs]4235.725: [scrub string table, 0.0007583 secs][1 CMS-remark: 88164K(206664K)] 92186K(242952K), 0.0303273 secs] [Times: user=0.05 sys=0.00, real=0.04 secs] 
2015-10-30T15:42:48.547+0000: 4235.727: [CMS-concurrent-sweep-start]
2015-10-30T15:42:48.566+0000: 4235.747: [GC (Allocation Failure) 4235.747: [ParNew: 36288K->3202K(36288K), 0.0063120 secs] 123353K->93996K(242952K), 0.0063929 secs] [Times: user=0.02 sys=0.00, real=0.00 secs] 
2015-10-30T15:42:48.579+0000: 4235.759: [CMS-concurrent-sweep: 0.024/0.032 secs] [Times: user=0.12 sys=0.00, real=0.03 secs] 
2015-10-30T15:42:48.579+0000: 4235.759: [CMS-concurrent-reset-start]
2015-10-30T15:42:48.581+0000: 4235.762: [CMS-concurrent-reset: 0.003/0.003 secs] [Times: user=0.01 sys=0.00, real=0.00 secs] 
2015-10-30T15:42:48.592+0000: 4235.773: [GC (Allocation Failure) 4235.773: [ParNew: 35522K->2035K(36288K), 0.0026438 secs] 120538K->87050K(242952K), 0.0027041 secs] [Times: user=0.01 sys=0.00, real=0.00 secs] 
2015-10-30T15:42:48.610+0000: 4235.790: [GC (Allocation Failure) 4235.790: [ParNew: 34355K->2853K(36288K), 0.0031329 secs] 119370K->87869K(242952K), 0.0031917 secs] [Times: user=0.01 sys=0.00, real=0.00 secs] 
2015-10-30T15:42:48.633+0000: 4235.814: [GC (Allocation Failure) 4235.814: [ParNew: 35173K->2817K(36288K), 0.0045945 secs] 120189K->88599K(242952K), 0.0046572 secs] [Times: user=0.02 sys=0.00, real=0.01 secs] 
2015-10-30T15:42:48.653+0000: 4235.834: [GC (Allocation Failure) 4235.834: [ParNew: 35137K->3964K(36288K), 0.0041120 secs] 120919K->89745K(242952K), 0.0041850 secs] [Times: user=0.02 sys=0.00, real=0.01 secs] 
2015-10-30T15:42:48.673+0000: 4235.854: [GC (Allocation Failure) 4235.854: [ParNew: 36284K->3373K(36288K), 0.0045634 secs] 122065K->90382K(242952K), 0.0046344 secs] [Times: user=0.02 sys=0.00, real=0.01 secs] 
2015-10-30T15:42:48.692+0000: 4235.872: [GC (Allocation Failure) 4235.872: [ParNew: 35693K->2544K(36288K), 0.0024641 secs] 122702K->89552K(242952K), 0.0025324 secs] [Times: user=0.01 sys=0.00, real=0.00 secs] 
2015-10-30T15:42:48.716+0000: 4235.897: [GC (Allocation Failure) 4235.897: [ParNew: 33488K->3661K(36288K), 0.0030359 secs] 120496K->95987K(242952K), 0.0031235 secs] [Times: user=0.01 sys=0.00, real=0.01 secs] 
2015-10-30T15:42:48.721+0000: 4235.901: [GC (CMS Initial Mark) [1 CMS-initial-mark: 92325K(206664K)] 103970K(242952K), 0.0018288 secs] [Times: user=0.01 sys=0.00, real=0.00 secs] 
2015-10-30T15:42:48.723+0000: 4235.903: [CMS-concurrent-mark-start]
2015-10-30T15:42:48.761+0000: 4235.942: [CMS-concurrent-mark: 0.039/0.039 secs] [Times: user=0.07 sys=0.00, real=0.04 secs] 
2015-10-30T15:42:48.761+0000: 4235.942: [CMS-concurrent-preclean-start]
2015-10-30T15:42:48.763+0000: 4235.944: [CMS-concurrent-preclean: 0.002/0.002 secs] [Times: user=0.01 sys=0.00, real=0.00 secs] 
2015-10-30T15:42:48.763+0000: 4235.944: [CMS-concurrent-abortable-preclean-start]
 CMS: abort preclean due to time 2015-10-30T15:42:53.789+0000: 4240.970: [CMS-concurrent-abortable-preclean: 1.302/5.026 secs] [Times: user=1.39 sys=0.01, real=5.03 secs] 
2015-10-30T15:42:53.789+0000: 4240.970: [GC (CMS Final Remark) [YG occupancy: 20001 K (36288 K)]4240.970: [Rescan (parallel) , 0.0023655 secs]4240.972: [weak refs processing, 0.0000170 secs]4240.972: [class unloading, 0.0148567 secs]4240.987: [scrub symbol table, 0.0070467 secs]4240.994: [scrub string table, 0.0007490 secs][1 CMS-remark: 92325K(206664K)] 112327K(242952K), 0.0265343 secs] [Times: user=0.03 sys=0.00, real=0.02 secs] 
2015-10-30T15:42:53.816+0000: 4240.997: [CMS-concurrent-sweep-start]
2015-10-30T15:42:53.841+0000: 4241.022: [CMS-concurrent-sweep: 0.025/0.025 secs] [Times: user=0.03 sys=0.00, real=0.03 secs] 
2015-10-30T15:42:53.841+0000: 4241.022: [CMS-concurrent-reset-start]
2015-10-30T15:42:53.844+0000: 4241.024: [CMS-concurrent-reset: 0.002/0.002 secs] [Times: user=0.00 sys=0.00, real=0.00 secs] 
2015-10-30T15:42:55.844+0000: 4243.024: [GC (CMS Initial Mark) [1 CMS-initial-mark: 64922K(206664K)] 85153K(242952K), 0.0026326 secs] [Times: user=0.01 sys=0.00, real=0.01 secs] 
2015-10-30T15:42:55.847+0000: 4243.027: [CMS-concurrent-mark-start]
2015-10-30T15:42:55.884+0000: 4243.064: [CMS-concurrent-mark: 0.037/0.037 secs] [Times: user=0.04 sys=0.00, real=0.03 secs] 
2015-10-30T15:42:55.884+0000: 4243.064: [CMS-concurrent-preclean-start]
2015-10-30T15:42:55.886+0000: 4243.066: [CMS-concurrent-preclean: 0.002/0.002 secs] [Times: user=0.00 sys=0.00, real=0.01 secs] 
2015-10-30T15:42:55.886+0000: 4243.066: [CMS-concurrent-abortable-preclean-start]
2015-10-30T15:42:58.462+0000: 4245.643: [GC (Allocation Failure) 4245.643: [ParNew2015-10-30T15:42:58.465+0000: 4245.646: [CMS-concurrent-abortable-preclean: 0.675/2.579 secs] [Times: user=0.76 sys=0.00, real=2.58 secs] 
: 35981K->3968K(36288K), 0.0121670 secs] 100904K->81866K(242952K), 0.0122531 secs] [Times: user=0.04 sys=0.00, real=0.01 secs] 
2015-10-30T15:42:58.477+0000: 4245.658: [GC (CMS Final Remark) [YG occupancy: 4102 K (36288 K)]4245.658: [Rescan (parallel) , 0.0047118 secs]4245.662: [weak refs processing, 0.0000130 secs]4245.662: [class unloading, 0.0143916 secs]4245.677: [scrub symbol table, 0.0066274 secs]4245.684: [scrub string table, 0.0007421 secs][1 CMS-remark: 77898K(206664K)] 82000K(242952K), 0.0279589 secs] [Times: user=0.04 sys=0.00, real=0.03 secs] 
2015-10-30T15:42:58.505+0000: 4245.686: [CMS-concurrent-sweep-start]
2015-10-30T15:42:58.528+0000: 4245.709: [CMS-concurrent-sweep: 0.023/0.023 secs] [Times: user=0.06 sys=0.00, real=0.02 secs] 
2015-10-30T15:42:58.529+0000: 4245.709: [CMS-concurrent-reset-start]
2015-10-30T15:42:58.531+0000: 4245.712: [CMS-concurrent-reset: 0.003/0.003 secs] [Times: user=0.01 sys=0.01, real=0.00 secs] 
2015-10-30T15:42:58.537+0000: 4245.718: [GC (Allocation Failure) 4245.718: [ParNew: 36288K->3968K(36288K), 0.0103432 secs] 108379K->84671K(242952K), 0.0104136 secs] [Times: user=0.03 sys=0.00, real=0.01 secs] 
2015-10-30T15:42:58.565+0000: 4245.746: [GC (Allocation Failure) 4245.746: [ParNew: 36288K->2256K(36288K), 0.0050597 secs] 116991K->86720K(242952K), 0.0051272 secs] [Times: user=0.01 sys=0.00, real=0.00 secs] 
2015-10-30T15:42:58.586+0000: 4245.767: [GC (Allocation Failure) 4245.767: [ParNew: 34576K->2132K(36288K), 0.0028197 secs] 119040K->86596K(242952K), 0.0028829 secs] [Times: user=0.01 sys=0.00, real=0.00 secs] 
2015-10-30T15:42:58.606+0000: 4245.786: [GC (Allocation Failure) 4245.786: [ParNew: 34452K->3078K(36288K), 0.0032222 secs] 118916K->87541K(242952K), 0.0032910 secs] [Times: user=0.02 sys=0.00, real=0.00 secs] 
2015-10-30T15:42:58.629+0000: 4245.809: [GC (Allocation Failure) 4245.809: [ParNew: 35398K->2839K(36288K), 0.0042436 secs] 119861K->88075K(242952K), 0.0043073 secs] [Times: user=0.02 sys=0.00, real=0.00 secs] 
2015-10-30T15:42:58.649+0000: 4245.830: [GC (Allocation Failure) 4245.830: [ParNew: 35159K->3968K(36288K), 0.0036102 secs] 120395K->89203K(242952K), 0.0036806 secs] [Times: user=0.01 sys=0.00, real=0.00 secs] 
2015-10-30T15:42:58.667+0000: 4245.848: [GC (Allocation Failure) 4245.848: [ParNew: 36288K->3341K(36288K), 0.0047249 secs] 121523K->89793K(242952K), 0.0047916 secs] [Times: user=0.02 sys=0.00, real=0.00 secs] 
2015-10-30T15:42:58.689+0000: 4245.869: [GC (Allocation Failure) 4245.869: [ParNew: 35661K->2527K(36288K), 0.0024713 secs] 122113K->88979K(242952K), 0.0025302 secs] [Times: user=0.01 sys=0.00, real=0.00 secs] 
2015-10-30T15:42:58.712+0000: 4245.893: [GC (Allocation Failure) 4245.893: [ParNew: 33846K->3250K(36288K), 0.0028558 secs] 120298K->95021K(242952K), 0.0029295 secs] [Times: user=0.01 sys=0.00, real=0.00 secs] 
2015-10-30T15:42:58.716+0000: 4245.897: [GC (CMS Initial Mark) [1 CMS-initial-mark: 91770K(206664K)] 102997K(242952K), 0.0019768 secs] [Times: user=0.00 sys=0.00, real=0.01 secs] 
2015-10-30T15:42:58.718+0000: 4245.899: [CMS-concurrent-mark-start]
2015-10-30T15:42:58.756+0000: 4245.936: [CMS-concurrent-mark: 0.038/0.038 secs] [Times: user=0.08 sys=0.00, real=0.03 secs] 
2015-10-30T15:42:58.756+0000: 4245.936: [CMS-concurrent-preclean-start]
2015-10-30T15:42:58.758+0000: 4245.938: [CMS-concurrent-preclean: 0.002/0.002 secs] [Times: user=0.00 sys=0.00, real=0.01 secs] 
2015-10-30T15:42:58.758+0000: 4245.938: [CMS-concurrent-abortable-preclean-start]
2015-10-30T15:43:00.211+0000: 4247.392: [GC (Allocation Failure) 4247.392: [ParNew: 35560K->3968K(36288K), 0.0051484 secs] 127331K->99513K(242952K), 0.0052239 secs] [Times: user=0.02 sys=0.00, real=0.00 secs] 
2015-10-30T15:43:00.255+0000: 4247.435: [GC (Allocation Failure) 4247.435: [ParNew: 36288K->3098K(36288K), 0.0064421 secs] 131833K->100960K(242952K), 0.0065240 secs] [Times: user=0.02 sys=0.00, real=0.01 secs] 
2015-10-30T15:43:00.287+0000: 4247.467: [CMS-concurrent-abortable-preclean: 0.420/1.529 secs] [Times: user=0.81 sys=0.03, real=1.53 secs] 
2015-10-30T15:43:00.287+0000: 4247.468: [GC (CMS Final Remark) [YG occupancy: 22379 K (36288 K)]4247.468: [Rescan (parallel) , 0.0113624 secs]4247.479: [weak refs processing, 0.0000196 secs]4247.479: [class unloading, 0.0149299 secs]4247.494: [scrub symbol table, 0.0071049 secs]4247.501: [scrub string table, 0.0007680 secs][1 CMS-remark: 97861K(206664K)] 120240K(242952K), 0.0357359 secs] [Times: user=0.05 sys=0.00, real=0.03 secs] 
2015-10-30T15:43:00.323+0000: 4247.504: [CMS-concurrent-sweep-start]
2015-10-30T15:43:00.350+0000: 4247.531: [CMS-concurrent-sweep: 0.027/0.027 secs] [Times: user=0.07 sys=0.01, real=0.03 secs] 
2015-10-30T15:43:00.350+0000: 4247.531: [CMS-concurrent-reset-start]
2015-10-30T15:43:00.353+0000: 4247.533: [CMS-concurrent-reset: 0.002/0.002 secs] [Times: user=0.00 sys=0.00, real=0.00 secs] 
2015-10-30T15:43:08.446+0000: 4255.627: [GC (Allocation Failure) 4255.627: [ParNew: 35373K->3968K(36288K), 0.0027342 secs] 107837K->79584K(242952K), 0.0028069 secs] [Times: user=0.01 sys=0.00, real=0.00 secs] 
2015-10-30T15:43:08.483+0000: 4255.663: [GC (Allocation Failure) 4255.663: [ParNew: 36288K->3968K(36288K), 0.0133168 secs] 111904K->91275K(242952K), 0.0133981 secs] [Times: user=0.05 sys=0.00, real=0.01 secs] 
2015-10-30T15:43:08.514+0000: 4255.694: [GC (Allocation Failure) 4255.694: [ParNew: 36288K->3476K(36288K), 0.0049910 secs] 123595K->94543K(242952K), 0.0050581 secs] [Times: user=0.02 sys=0.00, real=0.01 secs] 
2015-10-30T15:43:08.537+0000: 4255.718: [GC (Allocation Failure) 4255.718: [ParNew: 35796K->2169K(36288K), 0.0028928 secs] 126863K->93236K(242952K), 0.0029593 secs] [Times: user=0.02 sys=0.00, real=0.00 secs] 
2015-10-30T15:43:08.557+0000: 4255.738: [GC (Allocation Failure) 4255.738: [ParNew: 34489K->2896K(36288K), 0.0032234 secs] 125556K->93962K(242952K), 0.0032764 secs] [Times: user=0.02 sys=0.00, real=0.00 secs] 
2015-10-30T15:43:08.578+0000: 4255.759: [GC (Allocation Failure) 4255.759: [ParNew: 35216K->2330K(36288K), 0.0048500 secs] 126282K->94230K(242952K), 0.0049091 secs] [Times: user=0.02 sys=0.00, real=0.00 secs] 
2015-10-30T15:43:08.598+0000: 4255.779: [GC (Allocation Failure) 4255.779: [ParNew: 34650K->2962K(36288K), 0.0047344 secs] 126550K->95550K(242952K), 0.0048038 secs] [Times: user=0.02 sys=0.00, real=0.00 secs] 
2015-10-30T15:43:08.618+0000: 4255.798: [GC (Allocation Failure) 4255.798: [ParNew: 35282K->2718K(36288K), 0.0043551 secs] 127870K->95891K(242952K), 0.0044271 secs] [Times: user=0.01 sys=0.00, real=0.00 secs] 
2015-10-30T15:43:08.635+0000: 4255.816: [GC (Allocation Failure) 4255.816: [ParNew: 35038K->2305K(36288K), 0.0029732 secs] 128211K->95478K(242952K), 0.0030361 secs] [Times: user=0.01 sys=0.00, real=0.01 secs] 
2015-10-30T15:43:08.661+0000: 4255.842: [GC (Allocation Failure) 4255.842: [ParNew: 29790K->3968K(36288K), 0.0042921 secs] 122964K->100155K(242952K), 0.0043826 secs] [Times: user=0.01 sys=0.01, real=0.01 secs] 
2015-10-30T15:43:08.666+0000: 4255.847: [GC (CMS Initial Mark) [1 CMS-initial-mark: 96187K(206664K)] 105475K(242952K), 0.0019130 secs] [Times: user=0.00 sys=0.00, real=0.00 secs] 
2015-10-30T15:43:08.668+0000: 4255.849: [CMS-concurrent-mark-start]
2015-10-30T15:43:08.727+0000: 4255.908: [CMS-concurrent-mark: 0.059/0.059 secs] [Times: user=0.12 sys=0.00, real=0.06 secs] 
2015-10-30T15:43:08.727+0000: 4255.908: [CMS-concurrent-preclean-start]
2015-10-30T15:43:08.729+0000: 4255.910: [CMS-concurrent-preclean: 0.002/0.002 secs] [Times: user=0.00 sys=0.00, real=0.00 secs] 
2015-10-30T15:43:08.729+0000: 4255.910: [CMS-concurrent-abortable-preclean-start]
 CMS: abort preclean due to time 2015-10-30T15:43:13.758+0000: 4260.939: [CMS-concurrent-abortable-preclean: 1.182/5.029 secs] [Times: user=1.29 sys=0.00, real=5.03 secs] 
2015-10-30T15:43:13.759+0000: 4260.939: [GC (CMS Final Remark) [YG occupancy: 30841 K (36288 K)]4260.939: [Rescan (parallel) , 0.0020434 secs]4260.941: [weak refs processing, 0.0000166 secs]4260.941: [class unloading, 0.0145858 secs]4260.956: [scrub symbol table, 0.0066613 secs]4260.963: [scrub string table, 0.0007445 secs][1 CMS-remark: 96187K(206664K)] 127029K(242952K), 0.0255080 secs] [Times: user=0.03 sys=0.00, real=0.02 secs] 
2015-10-30T15:43:13.784+0000: 4260.965: [CMS-concurrent-sweep-start]
2015-10-30T15:43:13.809+0000: 4260.990: [CMS-concurrent-sweep: 0.025/0.025 secs] [Times: user=0.03 sys=0.00, real=0.03 secs] 
2015-10-30T15:43:13.810+0000: 4260.990: [CMS-concurrent-reset-start]
2015-10-30T15:43:13.812+0000: 4260.992: [CMS-concurrent-reset: 0.002/0.002 secs] [Times: user=0.00 sys=0.00, real=0.00 secs] 
2015-10-30T15:43:15.812+0000: 4262.992: [GC (CMS Initial Mark) [1 CMS-initial-mark: 61673K(206664K)] 92758K(242952K), 0.0020417 secs] [Times: user=0.01 sys=0.00, real=0.00 secs] 
2015-10-30T15:43:15.814+0000: 4262.994: [CMS-concurrent-mark-start]
2015-10-30T15:43:15.851+0000: 4263.031: [CMS-concurrent-mark: 0.037/0.037 secs] [Times: user=0.03 sys=0.00, real=0.04 secs] 
2015-10-30T15:43:15.851+0000: 4263.031: [CMS-concurrent-preclean-start]
2015-10-30T15:43:15.853+0000: 4263.033: [CMS-concurrent-preclean: 0.002/0.002 secs] [Times: user=0.01 sys=0.00, real=0.00 secs] 
2015-10-30T15:43:15.853+0000: 4263.033: [CMS-concurrent-abortable-preclean-start]
2015-10-30T15:43:18.447+0000: 4265.628: [GC (Allocation Failure) 4265.628: [ParNew2015-10-30T15:43:18.449+0000: 4265.629: [CMS-concurrent-abortable-preclean: 0.579/2.596 secs] [Times: user=0.67 sys=0.00, real=2.60 secs] 
: 36282K->3968K(36288K), 0.0054641 secs] 97956K->70421K(242952K), 0.0055303 secs] [Times: user=0.02 sys=0.00, real=0.00 secs] 
2015-10-30T15:43:18.453+0000: 4265.633: [GC (CMS Final Remark) [YG occupancy: 4016 K (36288 K)]4265.633: [Rescan (parallel) , 0.0024240 secs]4265.636: [weak refs processing, 0.0000123 secs]4265.636: [class unloading, 0.0141849 secs]4265.650: [scrub symbol table, 0.0066218 secs]4265.657: [scrub string table, 0.0007398 secs][1 CMS-remark: 66453K(206664K)] 70469K(242952K), 0.0253591 secs] [Times: user=0.03 sys=0.01, real=0.03 secs] 
2015-10-30T15:43:18.478+0000: 4265.659: [CMS-concurrent-sweep-start]
2015-10-30T15:43:18.500+0000: 4265.680: [CMS-concurrent-sweep: 0.021/0.021 secs] [Times: user=0.04 sys=0.00, real=0.02 secs] 
2015-10-30T15:43:18.500+0000: 4265.680: [CMS-concurrent-reset-start]
2015-10-30T15:43:18.502+0000: 4265.683: [CMS-concurrent-reset: 0.002/0.002 secs] [Times: user=0.01 sys=0.00, real=0.00 secs] 
2015-10-30T15:43:18.516+0000: 4265.697: [GC (Allocation Failure) 4265.697: [ParNew: 36288K->3968K(36288K), 0.0167953 secs] 99120K->83066K(242952K), 0.0168796 secs] [Times: user=0.06 sys=0.00, real=0.02 secs] 
2015-10-30T15:43:18.553+0000: 4265.734: [GC (Allocation Failure) 4265.734: [ParNew: 36288K->1319K(36288K), 0.0035751 secs] 115386K->84214K(242952K), 0.0036431 secs] [Times: user=0.01 sys=0.00, real=0.00 secs] 
2015-10-30T15:43:18.574+0000: 4265.755: [GC (Allocation Failure) 4265.755: [ParNew: 33639K->2049K(36288K), 0.0027627 secs] 116534K->84944K(242952K), 0.0028220 secs] [Times: user=0.01 sys=0.00, real=0.01 secs] 
2015-10-30T15:43:18.597+0000: 4265.778: [GC (Allocation Failure) 4265.778: [ParNew: 34369K->2783K(36288K), 0.0050216 secs] 117264K->85678K(242952K), 0.0050787 secs] [Times: user=0.01 sys=0.00, real=0.00 secs] 
2015-10-30T15:43:18.628+0000: 4265.808: [GC (Allocation Failure) 4265.808: [ParNew: 35103K->2467K(36288K), 0.0048618 secs] 117998K->86155K(242952K), 0.0049335 secs] [Times: user=0.01 sys=0.00, real=0.00 secs] 
2015-10-30T15:43:18.653+0000: 4265.834: [GC (Allocation Failure) 4265.834: [ParNew: 34787K->3098K(36288K), 0.0049891 secs] 118475K->87509K(242952K), 0.0050498 secs] [Times: user=0.01 sys=0.00, real=0.01 secs] 
2015-10-30T15:43:18.676+0000: 4265.856: [GC (Allocation Failure) 4265.856: [ParNew: 35418K->2855K(36288K), 0.0041076 secs] 119829K->87855K(242952K), 0.0041714 secs] [Times: user=0.02 sys=0.00, real=0.01 secs] 
2015-10-30T15:43:18.701+0000: 4265.882: [GC (Allocation Failure) 4265.882: [ParNew: 35175K->2417K(36288K), 0.0028508 secs] 120175K->87418K(242952K), 0.0029122 secs] [Times: user=0.01 sys=0.00, real=0.00 secs] 
2015-10-30T15:43:18.739+0000: 4265.919: [GC (Allocation Failure) 4265.919: [ParNew: 33161K->3968K(36288K), 0.0035273 secs] 118161K->92099K(242952K), 0.0035931 secs] [Times: user=0.01 sys=0.00, real=0.00 secs] 
2015-10-30T15:43:18.743+0000: 4265.924: [GC (CMS Initial Mark) [1 CMS-initial-mark: 88131K(206664K)] 97419K(242952K), 0.0018579 secs] [Times: user=0.01 sys=0.00, real=0.00 secs] 
2015-10-30T15:43:18.745+0000: 4265.926: [CMS-concurrent-mark-start]
2015-10-30T15:43:18.784+0000: 4265.964: [CMS-concurrent-mark: 0.038/0.038 secs] [Times: user=0.07 sys=0.00, real=0.03 secs] 
2015-10-30T15:43:18.784+0000: 4265.964: [CMS-concurrent-preclean-start]
2015-10-30T15:43:18.785+0000: 4265.966: [CMS-concurrent-preclean: 0.002/0.002 secs] [Times: user=0.00 sys=0.00, real=0.01 secs] 
2015-10-30T15:43:18.785+0000: 4265.966: [CMS-concurrent-abortable-preclean-start]
 CMS: abort preclean due to time 2015-10-30T15:43:23.856+0000: 4271.036: [CMS-concurrent-abortable-preclean: 1.363/5.070 secs] [Times: user=1.45 sys=0.01, real=5.06 secs] 
2015-10-30T15:43:23.856+0000: 4271.036: [GC (CMS Final Remark) [YG occupancy: 30939 K (36288 K)]4271.037: [Rescan (parallel) , 0.0020924 secs]4271.039: [weak refs processing, 0.0000200 secs]4271.040: [class unloading, 0.0148028 secs]4271.054: [scrub symbol table, 0.0066105 secs]4271.061: [scrub string table, 0.0007490 secs][1 CMS-remark: 88131K(206664K)] 119070K(242952K), 0.0267706 secs] [Times: user=0.03 sys=0.00, real=0.03 secs] 
2015-10-30T15:43:23.883+0000: 4271.063: [CMS-concurrent-sweep-start]
2015-10-30T15:43:23.908+0000: 4271.089: [CMS-concurrent-sweep: 0.026/0.026 secs] [Times: user=0.03 sys=0.00, real=0.03 secs] 
2015-10-30T15:43:23.908+0000: 4271.089: [CMS-concurrent-reset-start]
2015-10-30T15:43:23.911+0000: 4271.091: [CMS-concurrent-reset: 0.002/0.002 secs] [Times: user=0.00 sys=0.00, real=0.00 secs] 
2015-10-30T15:43:25.911+0000: 4273.091: [GC (CMS Initial Mark) [1 CMS-initial-mark: 63101K(206664K)] 94263K(242952K), 0.0022763 secs] [Times: user=0.01 sys=0.00, real=0.00 secs] 
2015-10-30T15:43:25.913+0000: 4273.093: [CMS-concurrent-mark-start]
2015-10-30T15:43:25.949+0000: 4273.130: [CMS-concurrent-mark: 0.036/0.036 secs] [Times: user=0.04 sys=0.00, real=0.04 secs] 
2015-10-30T15:43:25.949+0000: 4273.130: [CMS-concurrent-preclean-start]
2015-10-30T15:43:25.951+0000: 4273.132: [CMS-concurrent-preclean: 0.002/0.002 secs] [Times: user=0.00 sys=0.00, real=0.00 secs] 
2015-10-30T15:43:25.951+0000: 4273.132: [CMS-concurrent-abortable-preclean-start]
2015-10-30T15:43:28.450+0000: 4275.630: [GC (Allocation Failure) 4275.630: [ParNew: 36158K->3968K(36288K), 0.0057533 secs] 99259K->72423K(242952K), 0.0058382 secs] [Times: user=0.02 sys=0.00, real=0.00 secs] 
2015-10-30T15:43:28.498+0000: 4275.679: [GC (Allocation Failure) 4275.679: [ParNew: 36288K->3968K(36288K), 0.0146542 secs] 104743K->83699K(242952K), 0.0147372 secs] [Times: user=0.06 sys=0.00, real=0.01 secs] 
2015-10-30T15:43:28.535+0000: 4275.715: [GC (Allocation Failure) 4275.715: [ParNew: 36288K->3484K(36288K), 0.0052896 secs] 116019K->86936K(242952K), 0.0053757 secs] [Times: user=0.02 sys=0.00, real=0.01 secs] 
2015-10-30T15:43:28.542+0000: 4275.722: [CMS-concurrent-abortable-preclean: 0.738/2.591 secs] [Times: user=1.02 sys=0.02, real=2.59 secs] 
2015-10-30T15:43:28.548+0000: 4275.729: [GC (CMS Final Remark) [YG occupancy: 6168 K (36288 K)]4275.729: [Rescan (parallel) , 0.0083578 secs]4275.737: [weak refs processing, 0.0000179 secs]4275.737: [class unloading, 0.0144873 secs]4275.752: [scrub symbol table, 0.0067669 secs]4275.758: [scrub string table, 0.0007544 secs][1 CMS-remark: 83452K(206664K)] 89620K(242952K), 0.0318839 secs] [Times: user=0.05 sys=0.00, real=0.03 secs] 
2015-10-30T15:43:28.580+0000: 4275.761: [CMS-concurrent-sweep-start]
2015-10-30T15:43:28.600+0000: 4275.780: [GC (Allocation Failure) 4275.780: [ParNew: 35804K->2237K(36288K), 0.0029102 secs] 115203K->81636K(242952K), 0.0029733 secs] [Times: user=0.01 sys=0.00, real=0.00 secs] 
2015-10-30T15:43:28.616+0000: 4275.796: [CMS-concurrent-sweep: 0.032/0.035 secs] [Times: user=0.14 sys=0.00, real=0.03 secs] 
2015-10-30T15:43:28.616+0000: 4275.796: [CMS-concurrent-reset-start]
2015-10-30T15:43:28.618+0000: 4275.799: [CMS-concurrent-reset: 0.003/0.003 secs] [Times: user=0.02 sys=0.00, real=0.01 secs] 
2015-10-30T15:43:28.625+0000: 4275.806: [GC (Allocation Failure) 4275.806: [ParNew: 34557K->3272K(36288K), 0.0040187 secs] 112488K->81204K(242952K), 0.0040853 secs] [Times: user=0.01 sys=0.00, real=0.00 secs] 
2015-10-30T15:43:28.653+0000: 4275.834: [GC (Allocation Failure) 4275.834: [ParNew: 35592K->3632K(36288K), 0.0053653 secs] 113524K->82390K(242952K), 0.0054319 secs] [Times: user=0.01 sys=0.00, real=0.01 secs] 
2015-10-30T15:43:28.681+0000: 4275.862: [GC (Allocation Failure) 4275.862: [ParNew: 35952K->3146K(36288K), 0.0050749 secs] 114710K->82636K(242952K), 0.0051649 secs] [Times: user=0.02 sys=0.00, real=0.01 secs] 
2015-10-30T15:43:28.705+0000: 4275.886: [GC (Allocation Failure) 4275.886: [ParNew: 35466K->3134K(36288K), 0.0039331 secs] 114956K->83191K(242952K), 0.0040035 secs] [Times: user=0.01 sys=0.00, real=0.00 secs] 
2015-10-30T15:43:28.729+0000: 4275.909: [GC (Allocation Failure) 4275.909: [ParNew: 35454K->2318K(36288K), 0.0033180 secs] 115511K->82375K(242952K), 0.0033809 secs] [Times: user=0.01 sys=0.00, real=0.00 secs] 
2015-10-30T15:43:28.769+0000: 4275.949: [GC (Allocation Failure) 4275.949: [ParNew: 33086K->3968K(36288K), 0.0034770 secs] 113143K->87206K(242952K), 0.0035533 secs] [Times: user=0.02 sys=0.00, real=0.00 secs] 
2015-10-30T15:43:28.773+0000: 4275.954: [GC (CMS Initial Mark) [1 CMS-initial-mark: 83238K(206664K)] 92525K(242952K), 0.0020395 secs] [Times: user=0.00 sys=0.00, real=0.00 secs] 
2015-10-30T15:43:28.775+0000: 4275.956: [CMS-concurrent-mark-start]
2015-10-30T15:43:28.813+0000: 4275.994: [CMS-concurrent-mark: 0.038/0.038 secs] [Times: user=0.08 sys=0.00, real=0.04 secs] 
2015-10-30T15:43:28.813+0000: 4275.994: [CMS-concurrent-preclean-start]
2015-10-30T15:43:28.815+0000: 4275.995: [CMS-concurrent-preclean: 0.002/0.002 secs] [Times: user=0.00 sys=0.00, real=0.00 secs] 
2015-10-30T15:43:28.815+0000: 4275.995: [CMS-concurrent-abortable-preclean-start]
 CMS: abort preclean due to time 2015-10-30T15:43:33.889+0000: 4281.070: [CMS-concurrent-abortable-preclean: 1.367/5.074 secs] [Times: user=1.47 sys=0.01, real=5.08 secs] 
2015-10-30T15:43:33.890+0000: 4281.070: [GC (CMS Final Remark) [YG occupancy: 30904 K (36288 K)]4281.070: [Rescan (parallel) , 0.0020267 secs]4281.072: [weak refs processing, 0.0000165 secs]4281.072: [class unloading, 0.0148082 secs]4281.087: [scrub symbol table, 0.0066548 secs]4281.094: [scrub string table, 0.0007426 secs][1 CMS-remark: 83238K(206664K)] 114142K(242952K), 0.0256508 secs] [Times: user=0.03 sys=0.00, real=0.02 secs] 
2015-10-30T15:43:33.915+0000: 4281.096: [CMS-concurrent-sweep-start]
2015-10-30T15:43:33.939+0000: 4281.120: [CMS-concurrent-sweep: 0.024/0.024 secs] [Times: user=0.03 sys=0.00, real=0.03 secs] 
2015-10-30T15:43:33.939+0000: 4281.120: [CMS-concurrent-reset-start]
2015-10-30T15:43:33.942+0000: 4281.122: [CMS-concurrent-reset: 0.002/0.002 secs] [Times: user=0.00 sys=0.00, real=0.00 secs] 
2015-10-30T15:43:35.941+0000: 4283.122: [GC (CMS Initial Mark) [1 CMS-initial-mark: 63137K(206664K)] 94237K(242952K), 0.0023627 secs] [Times: user=0.01 sys=0.00, real=0.00 secs] 
2015-10-30T15:43:35.944+0000: 4283.124: [CMS-concurrent-mark-start]
2015-10-30T15:43:35.981+0000: 4283.162: [CMS-concurrent-mark: 0.038/0.038 secs] [Times: user=0.03 sys=0.00, real=0.04 secs] 
2015-10-30T15:43:35.981+0000: 4283.162: [CMS-concurrent-preclean-start]
2015-10-30T15:43:35.983+0000: 4283.164: [CMS-concurrent-preclean: 0.002/0.002 secs] [Times: user=0.01 sys=0.00, real=0.00 secs] 
2015-10-30T15:43:35.983+0000: 4283.164: [CMS-concurrent-abortable-preclean-start]
2015-10-30T15:43:38.457+0000: 4285.637: [GC (Allocation Failure) 4285.637: [ParNew: 36136K->3968K(36288K), 0.0057653 secs] 99273K->72571K(242952K), 0.0058399 secs] [Times: user=0.02 sys=0.00, real=0.01 secs] 
2015-10-30T15:43:38.502+0000: 4285.683: [GC (Allocation Failure) 4285.683: [ParNew: 36288K->3968K(36288K), 0.0162008 secs] 104891K->83834K(242952K), 0.0162813 secs] [Times: user=0.06 sys=0.00, real=0.02 secs] 
2015-10-30T15:43:38.545+0000: 4285.726: [GC (Allocation Failure) 4285.726: [ParNew: 36288K->3541K(36288K), 0.0054407 secs] 116154K->87148K(242952K), 0.0055069 secs] [Times: user=0.02 sys=0.00, real=0.00 secs] 
2015-10-30T15:43:38.573+0000: 4285.753: [CMS-concurrent-abortable-preclean: 0.742/2.589 secs] [Times: user=1.05 sys=0.01, real=2.59 secs] 
2015-10-30T15:43:38.577+0000: 4285.758: [GC (CMS Final Remark) [YG occupancy: 35819 K (36288 K)]4285.758: [Rescan (parallel) , 0.0196814 secs]4285.777: [weak refs processing, 0.0000201 secs]4285.778: [class unloading, 0.0142163 secs]4285.792: [scrub symbol table, 0.0066731 secs]4285.798: [scrub string table, 0.0007749 secs][1 CMS-remark: 83606K(206664K)] 119425K(242952K), 0.0428096 secs] [Times: user=0.10 sys=0.00, real=0.04 secs] 
2015-10-30T15:43:38.620+0000: 4285.801: [CMS-concurrent-sweep-start]
2015-10-30T15:43:38.621+0000: 4285.801: [GC (Allocation Failure) 4285.801: [ParNew: 35861K->2263K(36288K), 0.0026834 secs] 119468K->85870K(242952K), 0.0027249 secs] [Times: user=0.01 sys=0.00, real=0.00 secs] 
2015-10-30T15:43:38.646+0000: 4285.826: [GC (Allocation Failure) 4285.826: [ParNew: 34583K->3674K(36288K), 0.0036225 secs] 114491K->83581K(242952K), 0.0036838 secs] [Times: user=0.01 sys=0.00, real=0.00 secs] 
2015-10-30T15:43:38.654+0000: 4285.835: [CMS-concurrent-sweep: 0.027/0.034 secs] [Times: user=0.13 sys=0.00, real=0.03 secs] 
2015-10-30T15:43:38.654+0000: 4285.835: [CMS-concurrent-reset-start]
2015-10-30T15:43:38.657+0000: 4285.837: [CMS-concurrent-reset: 0.003/0.003 secs] [Times: user=0.02 sys=0.00, real=0.00 secs] 
2015-10-30T15:43:38.673+0000: 4285.853: [GC (Allocation Failure) 4285.853: [ParNew: 35994K->3266K(36288K), 0.0049327 secs] 114076K->82942K(242952K), 0.0049927 secs] [Times: user=0.02 sys=0.00, real=0.01 secs] 
2015-10-30T15:43:38.697+0000: 4285.878: [GC (Allocation Failure) 4285.878: [ParNew: 35586K->2746K(36288K), 0.0029831 secs] 115262K->82422K(242952K), 0.0030501 secs] [Times: user=0.01 sys=0.00, real=0.00 secs] 
2015-10-30T15:43:38.721+0000: 4285.902: [GC (Allocation Failure) 4285.902: [ParNew: 35066K->1911K(36288K), 0.0039715 secs] 114742K->82200K(242952K), 0.0040371 secs] [Times: user=0.01 sys=0.00, real=0.01 secs] 
2015-10-30T15:43:38.744+0000: 4285.924: [GC (Allocation Failure) 4285.924: [ParNew: 34231K->2695K(36288K), 0.0025415 secs] 114520K->82984K(242952K), 0.0026039 secs] [Times: user=0.01 sys=0.00, real=0.01 secs] 
2015-10-30T15:43:38.780+0000: 4285.961: [GC (Allocation Failure) 4285.961: [ParNew: 33579K->3968K(36288K), 0.0028597 secs] 113868K->87415K(242952K), 0.0029243 secs] [Times: user=0.01 sys=0.00, real=0.00 secs] 
2015-10-30T15:43:38.784+0000: 4285.965: [GC (CMS Initial Mark) [1 CMS-initial-mark: 83447K(206664K)] 92733K(242952K), 0.0017224 secs] [Times: user=0.01 sys=0.00, real=0.01 secs] 
2015-10-30T15:43:38.786+0000: 4285.966: [CMS-concurrent-mark-start]
2015-10-30T15:43:38.823+0000: 4286.003: [CMS-concurrent-mark: 0.037/0.037 secs] [Times: user=0.07 sys=0.00, real=0.03 secs] 
2015-10-30T15:43:38.823+0000: 4286.004: [CMS-concurrent-preclean-start]
2015-10-30T15:43:38.825+0000: 4286.005: [CMS-concurrent-preclean: 0.002/0.002 secs] [Times: user=0.01 sys=0.00, real=0.00 secs] 
2015-10-30T15:43:38.825+0000: 4286.005: [CMS-concurrent-abortable-preclean-start]
 CMS: abort preclean due to time 2015-10-30T15:43:43.834+0000: 4291.015: [CMS-concurrent-abortable-preclean: 1.322/5.009 secs] [Times: user=1.41 sys=0.00, real=5.01 secs] 
2015-10-30T15:43:43.844+0000: 4291.024: [GC (CMS Final Remark) [YG occupancy: 31059 K (36288 K)]4291.024: [Rescan (parallel) , 0.0022814 secs]4291.027: [weak refs processing, 0.0000167 secs]4291.027: [class unloading, 0.0145993 secs]4291.041: [scrub symbol table, 0.0066379 secs]4291.048: [scrub string table, 0.0007386 secs][1 CMS-remark: 83447K(206664K)] 114507K(242952K), 0.0256919 secs] [Times: user=0.03 sys=0.00, real=0.03 secs] 
2015-10-30T15:43:43.870+0000: 4291.050: [CMS-concurrent-sweep-start]
2015-10-30T15:43:43.893+0000: 4291.074: [CMS-concurrent-sweep: 0.024/0.024 secs] [Times: user=0.03 sys=0.00, real=0.02 secs] 
2015-10-30T15:43:43.894+0000: 4291.074: [CMS-concurrent-reset-start]
2015-10-30T15:43:43.896+0000: 4291.076: [CMS-concurrent-reset: 0.002/0.002 secs] [Times: user=0.00 sys=0.00, real=0.00 secs] 
2015-10-30T15:43:45.896+0000: 4293.077: [GC (CMS Initial Mark) [1 CMS-initial-mark: 61751K(206664K)] 93018K(242952K), 0.0024840 secs] [Times: user=0.01 sys=0.00, real=0.01 secs] 
2015-10-30T15:43:45.899+0000: 4293.079: [CMS-concurrent-mark-start]
2015-10-30T15:43:45.935+0000: 4293.115: [CMS-concurrent-mark: 0.036/0.036 secs] [Times: user=0.04 sys=0.00, real=0.03 secs] 
2015-10-30T15:43:45.935+0000: 4293.115: [CMS-concurrent-preclean-start]
2015-10-30T15:43:45.937+0000: 4293.117: [CMS-concurrent-preclean: 0.002/0.002 secs] [Times: user=0.00 sys=0.00, real=0.00 secs] 
2015-10-30T15:43:45.937+0000: 4293.117: [CMS-concurrent-abortable-preclean-start]
2015-10-30T15:43:48.452+0000: 4295.633: [GC (Allocation Failure) 4295.633: [ParNew: 36208K->3968K(36288K), 0.0056301 secs] 97959K->70959K(242952K), 0.0057165 secs] [Times: user=0.03 sys=0.00, real=0.01 secs] 
2015-10-30T15:43:48.497+0000: 4295.677: [GC (Allocation Failure) 4295.677: [ParNew: 36288K->3968K(36288K), 0.0146503 secs] 103279K->82059K(242952K), 0.0147373 secs] [Times: user=0.05 sys=0.00, real=0.02 secs] 
2015-10-30T15:43:48.533+0000: 4295.714: [GC (Allocation Failure) 4295.714: [ParNew: 36288K->3407K(36288K), 0.0068641 secs] 114379K->85209K(242952K), 0.0069381 secs] [Times: user=0.02 sys=0.00, real=0.01 secs] 
2015-10-30T15:43:48.562+0000: 4295.743: [GC (Allocation Failure) 4295.743: [ParNew: 35727K->2222K(36288K), 0.0024373 secs] 117529K->84024K(242952K), 0.0025046 secs] [Times: user=0.00 sys=0.00, real=0.00 secs] 
2015-10-30T15:43:48.570+0000: 4295.750: [CMS-concurrent-abortable-preclean: 0.727/2.633 secs] [Times: user=1.06 sys=0.00, real=2.64 secs] 
2015-10-30T15:43:48.571+0000: 4295.751: [GC (CMS Final Remark) [YG occupancy: 9677 K (36288 K)]4295.751: [Rescan (parallel) , 0.0059919 secs]4295.757: [weak refs processing, 0.0000174 secs]4295.757: [class unloading, 0.0146433 secs]4295.772: [scrub symbol table, 0.0067357 secs]4295.779: [scrub string table, 0.0007404 secs][1 CMS-remark: 81802K(206664K)] 91479K(242952K), 0.0295622 secs] [Times: user=0.05 sys=0.00, real=0.03 secs] 
2015-10-30T15:43:48.603+0000: 4295.783: [CMS-concurrent-sweep-start]
2015-10-30T15:43:48.621+0000: 4295.802: [GC (Allocation Failure) 4295.802: [ParNew: 34542K->2496K(36288K), 0.0036349 secs] 112743K->80697K(242952K), 0.0036987 secs] [Times: user=0.01 sys=0.00, real=0.00 secs] 
2015-10-30T15:43:48.634+0000: 4295.815: [CMS-concurrent-sweep: 0.025/0.032 secs] [Times: user=0.10 sys=0.00, real=0.03 secs] 
2015-10-30T15:43:48.634+0000: 4295.815: [CMS-concurrent-reset-start]
2015-10-30T15:43:48.637+0000: 4295.817: [CMS-concurrent-reset: 0.003/0.003 secs] [Times: user=0.01 sys=0.00, real=0.00 secs] 
2015-10-30T15:43:48.649+0000: 4295.829: [GC (Allocation Failure) 4295.829: [ParNew: 34816K->2500K(36288K), 0.0042698 secs] 111089K->79635K(242952K), 0.0043430 secs] [Times: user=0.02 sys=0.01, real=0.00 secs] 
2015-10-30T15:43:48.673+0000: 4295.854: [GC (Allocation Failure) 4295.854: [ParNew: 34820K->2557K(36288K), 0.0039124 secs] 111955K->80367K(242952K), 0.0039871 secs] [Times: user=0.02 sys=0.00, real=0.01 secs] 
2015-10-30T15:43:48.694+0000: 4295.875: [GC (Allocation Failure) 4295.875: [ParNew: 34877K->3104K(36288K), 0.0035098 secs] 112687K->81509K(242952K), 0.0035690 secs] [Times: user=0.02 sys=0.00, real=0.01 secs] 
2015-10-30T15:43:48.719+0000: 4295.900: [GC (Allocation Failure) 4295.900: [ParNew: 35424K->2300K(36288K), 0.0024850 secs] 113829K->80705K(242952K), 0.0025422 secs] [Times: user=0.01 sys=0.00, real=0.00 secs] 
2015-10-30T15:43:48.757+0000: 4295.938: [GC (Allocation Failure) 4295.938: [ParNew: 33956K->3968K(36288K), 0.0030322 secs] 112361K->85569K(242952K), 0.0031037 secs] [Times: user=0.01 sys=0.00, real=0.00 secs] 
2015-10-30T15:43:48.761+0000: 4295.942: [GC (CMS Initial Mark) [1 CMS-initial-mark: 81601K(206664K)] 90889K(242952K), 0.0020150 secs] [Times: user=0.00 sys=0.00, real=0.00 secs] 
2015-10-30T15:43:48.763+0000: 4295.944: [CMS-concurrent-mark-start]
2015-10-30T15:43:48.820+0000: 4296.000: [CMS-concurrent-mark: 0.057/0.057 secs] [Times: user=0.12 sys=0.00, real=0.06 secs] 
2015-10-30T15:43:48.820+0000: 4296.000: [CMS-concurrent-preclean-start]
2015-10-30T15:43:48.822+0000: 4296.003: [CMS-concurrent-preclean: 0.002/0.002 secs] [Times: user=0.00 sys=0.00, real=0.00 secs] 
2015-10-30T15:43:48.822+0000: 4296.003: [CMS-concurrent-abortable-preclean-start]
 CMS: abort preclean due to time 2015-10-30T15:43:53.896+0000: 4301.076: [CMS-concurrent-abortable-preclean: 1.366/5.073 secs] [Times: user=1.46 sys=0.01, real=5.07 secs] 
2015-10-30T15:43:53.896+0000: 4301.076: [GC (CMS Final Remark) [YG occupancy: 30914 K (36288 K)]4301.076: [Rescan (parallel) , 0.0022612 secs]4301.079: [weak refs processing, 0.0000162 secs]4301.079: [class unloading, 0.0143750 secs]4301.093: [scrub symbol table, 0.0066653 secs]4301.100: [scrub string table, 0.0007440 secs][1 CMS-remark: 81601K(206664K)] 112516K(242952K), 0.0254729 secs] [Times: user=0.03 sys=0.00, real=0.03 secs] 
2015-10-30T15:43:53.922+0000: 4301.102: [CMS-concurrent-sweep-start]
2015-10-30T15:43:53.945+0000: 4301.125: [CMS-concurrent-sweep: 0.023/0.023 secs] [Times: user=0.02 sys=0.00, real=0.02 secs] 
2015-10-30T15:43:53.945+0000: 4301.126: [CMS-concurrent-reset-start]
2015-10-30T15:43:53.948+0000: 4301.128: [CMS-concurrent-reset: 0.002/0.002 secs] [Times: user=0.00 sys=0.00, real=0.01 secs] 
2015-10-30T15:43:55.947+0000: 4303.128: [GC (CMS Initial Mark) [1 CMS-initial-mark: 61703K(206664K)] 92840K(242952K), 0.0022501 secs] [Times: user=0.01 sys=0.00, real=0.00 secs] 
2015-10-30T15:43:55.949+0000: 4303.130: [CMS-concurrent-mark-start]
2015-10-30T15:43:55.987+0000: 4303.167: [CMS-concurrent-mark: 0.037/0.037 secs] [Times: user=0.04 sys=0.00, real=0.04 secs] 
2015-10-30T15:43:55.987+0000: 4303.167: [CMS-concurrent-preclean-start]
2015-10-30T15:43:55.989+0000: 4303.169: [CMS-concurrent-preclean: 0.002/0.002 secs] [Times: user=0.00 sys=0.00, real=0.00 secs] 
2015-10-30T15:43:55.989+0000: 4303.169: [CMS-concurrent-abortable-preclean-start]
2015-10-30T15:43:58.451+0000: 4305.632: [GC (Allocation Failure) 4305.632: [ParNew: 36114K->3968K(36288K), 0.0061936 secs] 97818K->70980K(242952K), 0.0062731 secs] [Times: user=0.02 sys=0.00, real=0.01 secs] 
2015-10-30T15:43:58.496+0000: 4305.677: [GC (Allocation Failure) 4305.677: [ParNew: 36288K->3968K(36288K), 0.0142571 secs] 103300K->80731K(242952K), 0.0143391 secs] [Times: user=0.05 sys=0.00, real=0.02 secs] 
2015-10-30T15:43:58.532+0000: 4305.712: [GC (Allocation Failure) 4305.712: [ParNew: 36288K->3447K(36288K), 0.0053573 secs] 113051K->84048K(242952K), 0.0054246 secs] [Times: user=0.02 sys=0.00, real=0.01 secs] 
2015-10-30T15:43:58.561+0000: 4305.742: [GC (Allocation Failure) 4305.742: [ParNew: 35767K->2209K(36288K), 0.0024645 secs] 116368K->82810K(242952K), 0.0025223 secs] [Times: user=0.01 sys=0.00, real=0.00 secs] 
2015-10-30T15:43:58.568+0000: 4305.748: [CMS-concurrent-abortable-preclean: 0.710/2.579 secs] [Times: user=1.04 sys=0.01, real=2.58 secs] 
2015-10-30T15:43:58.573+0000: 4305.754: [GC (CMS Final Remark) [YG occupancy: 14498 K (36288 K)]4305.754: [Rescan (parallel) , 0.0085059 secs]4305.762: [weak refs processing, 0.0000173 secs]4305.762: [class unloading, 0.0143038 secs]4305.777: [scrub symbol table, 0.0067019 secs]4305.783: [scrub string table, 0.0007466 secs][1 CMS-remark: 80600K(206664K)] 95098K(242952K), 0.0316869 secs] [Times: user=0.05 sys=0.00, real=0.03 secs] 
2015-10-30T15:43:58.605+0000: 4305.786: [CMS-concurrent-sweep-start]
2015-10-30T15:43:58.620+0000: 4305.800: [GC (Allocation Failure) 4305.800: [ParNew: 34529K->2997K(36288K), 0.0030235 secs] 111610K->80077K(242952K), 0.0030862 secs] [Times: user=0.01 sys=0.00, real=0.00 secs] 
2015-10-30T15:43:58.642+0000: 4305.822: [CMS-concurrent-sweep: 0.033/0.037 secs] [Times: user=0.14 sys=0.00, real=0.03 secs] 
2015-10-30T15:43:58.642+0000: 4305.822: [CMS-concurrent-reset-start]
2015-10-30T15:43:58.644+0000: 4305.825: [CMS-concurrent-reset: 0.003/0.003 secs] [Times: user=0.01 sys=0.00, real=0.00 secs] 
2015-10-30T15:43:58.649+0000: 4305.830: [GC (Allocation Failure) 4305.830: [ParNew: 35317K->3039K(36288K), 0.0049357 secs] 110784K->79300K(242952K), 0.0050029 secs] [Times: user=0.02 sys=0.00, real=0.00 secs] 
2015-10-30T15:43:58.677+0000: 4305.858: [GC (Allocation Failure) 4305.858: [ParNew: 35359K->3910K(36288K), 0.0044225 secs] 111620K->80870K(242952K), 0.0044838 secs] [Times: user=0.01 sys=0.00, real=0.00 secs] 
2015-10-30T15:43:58.701+0000: 4305.882: [GC (Allocation Failure) 4305.882: [ParNew: 36230K->2488K(36288K), 0.0043206 secs] 113190K->80568K(242952K), 0.0043861 secs] [Times: user=0.02 sys=0.00, real=0.01 secs] 
2015-10-30T15:43:58.725+0000: 4305.905: [GC (Allocation Failure) 4305.905: [ParNew: 34808K->1891K(36288K), 0.0023691 secs] 112888K->79971K(242952K), 0.0024303 secs] [Times: user=0.01 sys=0.00, real=0.01 secs] 
2015-10-30T15:43:58.762+0000: 4305.942: [GC (Allocation Failure) 4305.943: [ParNew: 32775K->3968K(36288K), 0.0027048 secs] 110855K->84705K(242952K), 0.0027693 secs] [Times: user=0.01 sys=0.00, real=0.00 secs] 
2015-10-30T15:43:58.766+0000: 4305.946: [GC (CMS Initial Mark) [1 CMS-initial-mark: 80737K(206664K)] 90023K(242952K), 0.0015925 secs] [Times: user=0.00 sys=0.00, real=0.00 secs] 
2015-10-30T15:43:58.767+0000: 4305.948: [CMS-concurrent-mark-start]
2015-10-30T15:43:58.825+0000: 4306.005: [CMS-concurrent-mark: 0.058/0.058 secs] [Times: user=0.12 sys=0.00, real=0.05 secs] 
2015-10-30T15:43:58.825+0000: 4306.005: [CMS-concurrent-preclean-start]
2015-10-30T15:43:58.827+0000: 4306.007: [CMS-concurrent-preclean: 0.002/0.002 secs] [Times: user=0.00 sys=0.00, real=0.01 secs] 
2015-10-30T15:43:58.827+0000: 4306.007: [CMS-concurrent-abortable-preclean-start]
2015-10-30T15:44:00.049+0000: 4307.229: [GC (Allocation Failure) 4307.229: [ParNew: 36288K->3968K(36288K), 0.0055403 secs] 117025K->87323K(242952K), 0.0056205 secs] [Times: user=0.02 sys=0.00, real=0.00 secs] 
2015-10-30T15:44:00.077+0000: 4307.258: [GC (Allocation Failure) 4307.258: [ParNew: 36288K->3968K(36288K), 0.0152668 secs] 119643K->101749K(242952K), 0.0153590 secs] [Times: user=0.06 sys=0.00, real=0.01 secs] 
2015-10-30T15:44:00.116+0000: 4307.297: [GC (Allocation Failure) 4307.297: [ParNew: 36288K->3968K(36288K), 0.0148117 secs] 134069K->109121K(242952K), 0.0148966 secs] [Times: user=0.04 sys=0.00, real=0.02 secs] 
2015-10-30T15:44:00.151+0000: 4307.332: [GC (Allocation Failure) 4307.332: [ParNew: 36288K->3968K(36288K), 0.0087742 secs] 141441K->112861K(242952K), 0.0088645 secs] [Times: user=0.03 sys=0.00, real=0.01 secs] 
2015-10-30T15:44:00.162+0000: 4307.342: [CMS-concurrent-abortable-preclean: 0.262/1.335 secs] [Times: user=0.82 sys=0.01, real=1.33 secs] 
2015-10-30T15:44:00.165+0000: 4307.346: [GC (CMS Final Remark) [YG occupancy: 7915 K (36288 K)]4307.346: [Rescan (parallel) , 0.0073425 secs]4307.353: [weak refs processing, 0.0000204 secs]4307.353: [class unloading, 0.0147856 secs]4307.368: [scrub symbol table, 0.0070444 secs]4307.375: [scrub string table, 0.0007428 secs][1 CMS-remark: 108893K(206664K)] 116809K(242952K), 0.0314229 secs] [Times: user=0.05 sys=0.00, real=0.02 secs] 
2015-10-30T15:44:00.197+0000: 4307.377: [CMS-concurrent-sweep-start]
2015-10-30T15:44:00.233+0000: 4307.414: [GC (Allocation Failure) 4307.414: [ParNew: 36288K->3966K(36288K), 0.0084489 secs] 135504K->105326K(242952K), 0.0085401 secs] [Times: user=0.02 sys=0.00, real=0.01 secs] 
2015-10-30T15:44:00.265+0000: 4307.446: [GC (Allocation Failure) 4307.446: [ParNew: 36286K->2813K(36288K), 0.0059414 secs] 136645K->104545K(242952K), 0.0060230 secs] [Times: user=0.02 sys=0.00, real=0.00 secs] 
2015-10-30T15:44:00.296+0000: 4307.476: [CMS-concurrent-sweep: 0.083/0.099 secs] [Times: user=0.36 sys=0.02, real=0.10 secs] 
2015-10-30T15:44:00.296+0000: 4307.477: [CMS-concurrent-reset-start]
2015-10-30T15:44:00.299+0000: 4307.479: [CMS-concurrent-reset: 0.003/0.003 secs] [Times: user=0.01 sys=0.00, real=0.01 secs] 
2015-10-30T15:44:00.305+0000: 4307.486: [GC (Allocation Failure) 4307.486: [ParNew: 34959K->3921K(36288K), 0.0055070 secs] 127318K->97510K(242952K), 0.0055757 secs] [Times: user=0.02 sys=0.00, real=0.00 secs] 
2015-10-30T15:44:00.340+0000: 4307.521: [GC (GCLocker Initiated GC) 4307.521: [ParNew: 36157K->3968K(36288K), 0.0068024 secs] 130935K->102820K(242952K), 0.0068787 secs] [Times: user=0.03 sys=0.00, real=0.01 secs] 
2015-10-30T15:44:00.348+0000: 4307.528: [GC (CMS Initial Mark) [1 CMS-initial-mark: 98852K(206664K)] 102968K(242952K), 0.0013910 secs] [Times: user=0.00 sys=0.00, real=0.00 secs] 
2015-10-30T15:44:00.349+0000: 4307.530: [CMS-concurrent-mark-start]
2015-10-30T15:44:00.401+0000: 4307.582: [GC (Allocation Failure) 4307.582: [ParNew: 36288K->2393K(36288K), 0.0043780 secs] 135151K->104412K(242952K), 0.0044610 secs] [Times: user=0.02 sys=0.00, real=0.01 secs] 
2015-10-30T15:44:00.406+0000: 4307.587: [GC (GCLocker Initiated GC) 4307.587: [ParNew: 2745K->2974K(36288K), 0.0029128 secs] 104763K->104992K(242952K), 0.0029596 secs] [Times: user=0.01 sys=0.00, real=0.00 secs] 
2015-10-30T15:44:00.424+0000: 4307.604: [CMS-concurrent-mark: 0.063/0.075 secs] [Times: user=0.29 sys=0.00, real=0.07 secs] 
2015-10-30T15:44:00.424+0000: 4307.604: [CMS-concurrent-preclean-start]
2015-10-30T15:44:00.430+0000: 4307.611: [CMS-concurrent-preclean: 0.005/0.006 secs] [Times: user=0.01 sys=0.00, real=0.01 secs] 
2015-10-30T15:44:00.430+0000: 4307.611: [CMS-concurrent-abortable-preclean-start]
2015-10-30T15:44:02.527+0000: 4309.708: [GC (GCLocker Initiated GC) 4309.708: [ParNew: 36288K->3968K(36288K), 0.0043830 secs] 138656K->107020K(242952K), 0.0044440 secs] [Times: user=0.02 sys=0.00, real=0.00 secs] 
2015-10-30T15:44:02.570+0000: 4309.751: [CMS-concurrent-abortable-preclean: 0.516/2.140 secs] [Times: user=0.73 sys=0.03, real=2.14 secs] 
2015-10-30T15:44:02.570+0000: 4309.751: [GC (CMS Final Remark) [YG occupancy: 20659 K (36288 K)]4309.751: [Rescan (parallel) , 0.0073081 secs]4309.758: [weak refs processing, 0.0000313 secs]4309.758: [class unloading, 0.0142685 secs]4309.772: [scrub symbol table, 0.0067223 secs]4309.779: [scrub string table, 0.0007432 secs][1 CMS-remark: 103052K(206664K)] 123711K(242952K), 0.0305100 secs] [Times: user=0.05 sys=0.00, real=0.03 secs] 
2015-10-30T15:44:02.602+0000: 4309.782: [CMS-concurrent-sweep-start]
2015-10-30T15:44:02.673+0000: 4309.853: [GC (Allocation Failure) 4309.853: [ParNew: 36288K->3968K(36288K), 0.0086284 secs] 97922K->69388K(242952K), 0.0087126 secs] [Times: user=0.02 sys=0.00, real=0.01 secs] 
2015-10-30T15:44:02.682+0000: 4309.862: [CMS-concurrent-sweep: 0.071/0.080 secs] [Times: user=0.18 sys=0.00, real=0.08 secs] 
2015-10-30T15:44:02.682+0000: 4309.862: [CMS-concurrent-reset-start]
2015-10-30T15:44:02.685+0000: 4309.865: [CMS-concurrent-reset: 0.003/0.003 secs] [Times: user=0.02 sys=0.00, real=0.00 secs] 
2015-10-30T15:44:02.706+0000: 4309.887: [GC (Allocation Failure) 4309.887: [ParNew: 36288K->3886K(36288K), 0.0040163 secs] 101610K->70728K(242952K), 0.0040797 secs] [Times: user=0.01 sys=0.00, real=0.00 secs] 
2015-10-30T15:44:08.426+0000: 4315.607: [GC (Allocation Failure) 4315.607: [ParNew: 36187K->3968K(36288K), 0.0080727 secs] 103030K->76490K(242952K), 0.0081676 secs] [Times: user=0.03 sys=0.00, real=0.00 secs] 
2015-10-30T15:44:08.473+0000: 4315.654: [GC (Allocation Failure) 4315.654: [ParNew: 36288K->3968K(36288K), 0.0190795 secs] 108810K->92606K(242952K), 0.0191649 secs] [Times: user=0.07 sys=0.00, real=0.02 secs] 
2015-10-30T15:44:08.511+0000: 4315.692: [GC (Allocation Failure) 4315.692: [ParNew: 36288K->3745K(36288K), 0.0037784 secs] 124926K->96187K(242952K), 0.0038469 secs] [Times: user=0.01 sys=0.00, real=0.00 secs] 
2015-10-30T15:44:08.533+0000: 4315.713: [GC (Allocation Failure) 4315.713: [ParNew: 36065K->2282K(36288K), 0.0026208 secs] 128507K->94724K(242952K), 0.0026864 secs] [Times: user=0.00 sys=0.00, real=0.00 secs] 
2015-10-30T15:44:08.554+0000: 4315.734: [GC (Allocation Failure) 4315.734: [ParNew: 34602K->2916K(36288K), 0.0028986 secs] 127044K->95358K(242952K), 0.0029565 secs] [Times: user=0.01 sys=0.00, real=0.00 secs] 
2015-10-30T15:44:08.578+0000: 4315.758: [GC (Allocation Failure) 4315.758: [ParNew: 35236K->2408K(36288K), 0.0042439 secs] 127678K->95652K(242952K), 0.0043202 secs] [Times: user=0.02 sys=0.00, real=0.00 secs] 
2015-10-30T15:44:08.605+0000: 4315.786: [GC (Allocation Failure) 4315.786: [ParNew: 34728K->3020K(36288K), 0.0041483 secs] 127972K->96946K(242952K), 0.0042168 secs] [Times: user=0.02 sys=0.00, real=0.00 secs] 
2015-10-30T15:44:08.627+0000: 4315.808: [GC (Allocation Failure) 4315.808: [ParNew: 35340K->2627K(36288K), 0.0035451 secs] 129266K->97162K(242952K), 0.0036169 secs] [Times: user=0.01 sys=0.01, real=0.00 secs] 
2015-10-30T15:44:08.653+0000: 4315.834: [GC (Allocation Failure) 4315.834: [ParNew: 34947K->2632K(36288K), 0.0026093 secs] 129482K->97167K(242952K), 0.0026806 secs] [Times: user=0.01 sys=0.00, real=0.00 secs] 
2015-10-30T15:44:08.689+0000: 4315.869: [GC (Allocation Failure) 4315.869: [ParNew: 30586K->3968K(36288K), 0.0030323 secs] 125121K->101691K(242952K), 0.0031076 secs] [Times: user=0.01 sys=0.00, real=0.00 secs] 
2015-10-30T15:44:08.693+0000: 4315.873: [GC (CMS Initial Mark) [1 CMS-initial-mark: 97723K(206664K)] 107011K(242952K), 0.0017514 secs] [Times: user=0.00 sys=0.00, real=0.00 secs] 
2015-10-30T15:44:08.695+0000: 4315.875: [CMS-concurrent-mark-start]
2015-10-30T15:44:08.735+0000: 4315.915: [CMS-concurrent-mark: 0.040/0.040 secs] [Times: user=0.08 sys=0.00, real=0.04 secs] 
2015-10-30T15:44:08.735+0000: 4315.915: [CMS-concurrent-preclean-start]
2015-10-30T15:44:08.737+0000: 4315.917: [CMS-concurrent-preclean: 0.002/0.002 secs] [Times: user=0.01 sys=0.00, real=0.00 secs] 
2015-10-30T15:44:08.737+0000: 4315.917: [CMS-concurrent-abortable-preclean-start]
 CMS: abort preclean due to time 2015-10-30T15:44:13.759+0000: 4320.940: [CMS-concurrent-abortable-preclean: 1.310/5.023 secs] [Times: user=1.40 sys=0.00, real=5.03 secs] 
2015-10-30T15:44:13.760+0000: 4320.940: [GC (CMS Final Remark) [YG occupancy: 31063 K (36288 K)]4320.940: [Rescan (parallel) , 0.0020982 secs]4320.942: [weak refs processing, 0.0000267 secs]4320.942: [class unloading, 0.0150075 secs]4320.957: [scrub symbol table, 0.0066404 secs]4320.964: [scrub string table, 0.0007454 secs][1 CMS-remark: 97723K(206664K)] 128787K(242952K), 0.0259523 secs] [Times: user=0.04 sys=0.00, real=0.03 secs] 
2015-10-30T15:44:13.786+0000: 4320.966: [CMS-concurrent-sweep-start]
2015-10-30T15:44:13.815+0000: 4320.995: [CMS-concurrent-sweep: 0.029/0.029 secs] [Times: user=0.03 sys=0.00, real=0.02 secs] 
2015-10-30T15:44:13.815+0000: 4320.995: [CMS-concurrent-reset-start]
2015-10-30T15:44:13.817+0000: 4320.998: [CMS-concurrent-reset: 0.002/0.002 secs] [Times: user=0.00 sys=0.00, real=0.01 secs] 
2015-10-30T15:44:15.817+0000: 4322.998: [GC (CMS Initial Mark) [1 CMS-initial-mark: 63400K(206664K)] 94790K(242952K), 0.0023502 secs] [Times: user=0.00 sys=0.00, real=0.00 secs] 
2015-10-30T15:44:15.820+0000: 4323.000: [CMS-concurrent-mark-start]
2015-10-30T15:44:15.857+0000: 4323.038: [CMS-concurrent-mark: 0.038/0.038 secs] [Times: user=0.03 sys=0.00, real=0.04 secs] 
2015-10-30T15:44:15.857+0000: 4323.038: [CMS-concurrent-preclean-start]
2015-10-30T15:44:15.860+0000: 4323.040: [CMS-concurrent-preclean: 0.002/0.002 secs] [Times: user=0.01 sys=0.00, real=0.00 secs] 
2015-10-30T15:44:15.860+0000: 4323.040: [CMS-concurrent-abortable-preclean-start]
2015-10-30T15:44:18.454+0000: 4325.635: [GC (Allocation Failure) 4325.635: [ParNew: 36229K->3858K(36288K), 0.0054870 secs] 99629K->72272K(242952K), 0.0055626 secs] [Times: user=0.03 sys=0.00, real=0.01 secs] 
2015-10-30T15:44:18.505+0000: 4325.686: [GC (Allocation Failure) 4325.686: [ParNew: 36178K->3968K(36288K), 0.0139694 secs] 104592K->83584K(242952K), 0.0140517 secs] [Times: user=0.05 sys=0.00, real=0.01 secs] 
2015-10-30T15:44:18.545+0000: 4325.726: [GC (Allocation Failure) 4325.726: [ParNew: 36288K->3495K(36288K), 0.0052101 secs] 115904K->86978K(242952K), 0.0052856 secs] [Times: user=0.02 sys=0.00, real=0.00 secs] 
2015-10-30T15:44:18.569+0000: 4325.749: [CMS-concurrent-abortable-preclean: 0.735/2.709 secs] [Times: user=1.05 sys=0.02, real=2.71 secs] 
2015-10-30T15:44:18.573+0000: 4325.754: [GC (CMS Final Remark) [YG occupancy: 29045 K (36288 K)]4325.754: [Rescan (parallel) , 0.0161608 secs]4325.770: [weak refs processing, 0.0000195 secs]4325.770: [class unloading, 0.0143122 secs]4325.784: [scrub symbol table, 0.0066942 secs]4325.791: [scrub string table, 0.0007468 secs][1 CMS-remark: 83482K(206664K)] 112528K(242952K), 0.0393689 secs] [Times: user=0.08 sys=0.00, real=0.04 secs] 
2015-10-30T15:44:18.616+0000: 4325.797: [CMS-concurrent-sweep-start]
2015-10-30T15:44:18.617+0000: 4325.797: [GC (Allocation Failure) 4325.797: [ParNew: 35815K->2206K(36288K), 0.0025733 secs] 119298K->85688K(242952K), 0.0026218 secs] [Times: user=0.01 sys=0.00, real=0.01 secs] 
2015-10-30T15:44:18.645+0000: 4325.826: [GC (Allocation Failure) 4325.826: [ParNew: 34526K->2843K(36288K), 0.0029627 secs] 113540K->81857K(242952K), 0.0030165 secs] [Times: user=0.01 sys=0.00, real=0.00 secs] 
2015-10-30T15:44:18.656+0000: 4325.836: [CMS-concurrent-sweep: 0.031/0.039 secs] [Times: user=0.14 sys=0.00, real=0.04 secs] 
2015-10-30T15:44:18.656+0000: 4325.836: [CMS-concurrent-reset-start]
2015-10-30T15:44:18.658+0000: 4325.839: [CMS-concurrent-reset: 0.003/0.003 secs] [Times: user=0.01 sys=0.00, real=0.01 secs] 
2015-10-30T15:44:18.671+0000: 4325.852: [GC (Allocation Failure) 4325.852: [ParNew: 35163K->2870K(36288K), 0.0040277 secs] 112372K->80812K(242952K), 0.0040762 secs] [Times: user=0.02 sys=0.00, real=0.00 secs] 
2015-10-30T15:44:18.697+0000: 4325.878: [GC (Allocation Failure) 4325.878: [ParNew: 35190K->3061K(36288K), 0.0040651 secs] 113132K->81758K(242952K), 0.0041340 secs] [Times: user=0.01 sys=0.00, real=0.00 secs] 
2015-10-30T15:44:18.720+0000: 4325.900: [GC (Allocation Failure) 4325.900: [ParNew: 35381K->3374K(36288K), 0.0030999 secs] 114078K->82071K(242952K), 0.0031626 secs] [Times: user=0.01 sys=0.01, real=0.00 secs] 
2015-10-30T15:44:18.743+0000: 4325.923: [GC (Allocation Failure) 4325.923: [ParNew: 35694K->2144K(36288K), 0.0034154 secs] 114391K->81424K(242952K), 0.0034737 secs] [Times: user=0.01 sys=0.00, real=0.01 secs] 
2015-10-30T15:44:18.781+0000: 4325.961: [GC (Allocation Failure) 4325.961: [ParNew: 32259K->3968K(36288K), 0.0036961 secs] 111539K->86366K(242952K), 0.0037755 secs] [Times: user=0.01 sys=0.00, real=0.00 secs] 
2015-10-30T15:44:18.785+0000: 4325.966: [GC (CMS Initial Mark) [1 CMS-initial-mark: 82398K(206664K)] 91683K(242952K), 0.0017265 secs] [Times: user=0.00 sys=0.00, real=0.00 secs] 
2015-10-30T15:44:18.787+0000: 4325.967: [CMS-concurrent-mark-start]
2015-10-30T15:44:18.844+0000: 4326.025: [CMS-concurrent-mark: 0.057/0.057 secs] [Times: user=0.12 sys=0.00, real=0.05 secs] 
2015-10-30T15:44:18.844+0000: 4326.025: [CMS-concurrent-preclean-start]
2015-10-30T15:44:18.846+0000: 4326.027: [CMS-concurrent-preclean: 0.002/0.002 secs] [Times: user=0.00 sys=0.00, real=0.01 secs] 
2015-10-30T15:44:18.846+0000: 4326.027: [CMS-concurrent-abortable-preclean-start]
 CMS: abort preclean due to time 2015-10-30T15:44:23.850+0000: 4331.031: [CMS-concurrent-abortable-preclean: 1.328/5.004 secs] [Times: user=1.43 sys=0.00, real=5.00 secs] 
2015-10-30T15:44:23.851+0000: 4331.031: [GC (CMS Final Remark) [YG occupancy: 31111 K (36288 K)]4331.033: [Rescan (parallel) , 0.0021624 secs]4331.035: [weak refs processing, 0.0000170 secs]4331.035: [class unloading, 0.0143123 secs]4331.050: [scrub symbol table, 0.0066315 secs]4331.056: [scrub string table, 0.0007382 secs][1 CMS-remark: 82398K(206664K)] 113509K(242952K), 0.0274421 secs] [Times: user=0.03 sys=0.00, real=0.03 secs] 
2015-10-30T15:44:23.878+0000: 4331.059: [CMS-concurrent-sweep-start]
2015-10-30T15:44:23.913+0000: 4331.093: [CMS-concurrent-sweep: 0.034/0.034 secs] [Times: user=0.04 sys=0.00, real=0.03 secs] 
2015-10-30T15:44:23.913+0000: 4331.093: [CMS-concurrent-reset-start]
2015-10-30T15:44:23.915+0000: 4331.096: [CMS-concurrent-reset: 0.002/0.002 secs] [Times: user=0.00 sys=0.00, real=0.00 secs] 
2015-10-30T15:44:25.915+0000: 4333.095: [GC (CMS Initial Mark) [1 CMS-initial-mark: 62283K(206664K)] 93679K(242952K), 0.0025927 secs] [Times: user=0.01 sys=0.00, real=0.01 secs] 
2015-10-30T15:44:25.918+0000: 4333.098: [CMS-concurrent-mark-start]
2015-10-30T15:44:25.955+0000: 4333.135: [CMS-concurrent-mark: 0.037/0.037 secs] [Times: user=0.04 sys=0.00, real=0.03 secs] 
2015-10-30T15:44:25.955+0000: 4333.135: [CMS-concurrent-preclean-start]
2015-10-30T15:44:25.957+0000: 4333.137: [CMS-concurrent-preclean: 0.002/0.002 secs] [Times: user=0.00 sys=0.00, real=0.00 secs] 
2015-10-30T15:44:25.957+0000: 4333.138: [CMS-concurrent-abortable-preclean-start]
2015-10-30T15:44:28.453+0000: 4335.634: [GC (Allocation Failure) 4335.634: [ParNew: 36233K->3913K(36288K), 0.0058084 secs] 98516K->71345K(242952K), 0.0058823 secs] [Times: user=0.02 sys=0.00, real=0.01 secs] 
2015-10-30T15:44:28.503+0000: 4335.684: [GC (Allocation Failure) 4335.684: [ParNew: 36233K->3968K(36288K), 0.0165174 secs] 103665K->82582K(242952K), 0.0166003 secs] [Times: user=0.06 sys=0.00, real=0.02 secs] 
2015-10-30T15:44:28.542+0000: 4335.722: [GC (Allocation Failure) 4335.722: [ParNew: 36288K->3390K(36288K), 0.0055572 secs] 114902K->85795K(242952K), 0.0056180 secs] [Times: user=0.02 sys=0.00, real=0.01 secs] 
2015-10-30T15:44:28.569+0000: 4335.749: [GC (Allocation Failure) 4335.749: [ParNew: 35710K->2188K(36288K), 0.0028494 secs] 118115K->84594K(242952K), 0.0029093 secs] [Times: user=0.01 sys=0.00, real=0.00 secs] 
2015-10-30T15:44:28.573+0000: 4335.753: [CMS-concurrent-abortable-preclean: 0.724/2.616 secs] [Times: user=1.06 sys=0.02, real=2.62 secs] 
2015-10-30T15:44:28.577+0000: 4335.758: [GC (CMS Final Remark) [YG occupancy: 4337 K (36288 K)]4335.758: [Rescan (parallel) , 0.0026641 secs]4335.760: [weak refs processing, 0.0000125 secs]4335.760: [class unloading, 0.0144452 secs]4335.775: [scrub symbol table, 0.0067244 secs]4335.782: [scrub string table, 0.0007462 secs][1 CMS-remark: 82405K(206664K)] 86742K(242952K), 0.0260185 secs] [Times: user=0.04 sys=0.00, real=0.02 secs] 
2015-10-30T15:44:28.603+0000: 4335.784: [CMS-concurrent-sweep-start]
2015-10-30T15:44:28.625+0000: 4335.806: [GC (Allocation Failure) 4335.806: [ParNew: 34508K->3351K(36288K), 0.0034184 secs] 113777K->82620K(242952K), 0.0034807 secs] [Times: user=0.02 sys=0.00, real=0.00 secs] 
2015-10-30T15:44:28.635+0000: 4335.816: [CMS-concurrent-sweep: 0.028/0.032 secs] [Times: user=0.12 sys=0.00, real=0.03 secs] 
2015-10-30T15:44:28.635+0000: 4335.816: [CMS-concurrent-reset-start]
2015-10-30T15:44:28.638+0000: 4335.818: [CMS-concurrent-reset: 0.003/0.003 secs] [Times: user=0.01 sys=0.00, real=0.01 secs] 
2015-10-30T15:44:28.650+0000: 4335.830: [GC (Allocation Failure) 4335.830: [ParNew: 35671K->3623K(36288K), 0.0047147 secs] 112276K->81025K(242952K), 0.0047915 secs] [Times: user=0.02 sys=0.00, real=0.00 secs] 
2015-10-30T15:44:28.674+0000: 4335.855: [GC (Allocation Failure) 4335.855: [ParNew: 35943K->3951K(36288K), 0.0045707 secs] 113345K->82090K(242952K), 0.0046498 secs] [Times: user=0.01 sys=0.00, real=0.01 secs] 
2015-10-30T15:44:28.697+0000: 4335.878: [GC (Allocation Failure) 4335.878: [ParNew: 36271K->3062K(36288K), 0.0046017 secs] 114410K->81789K(242952K), 0.0046657 secs] [Times: user=0.01 sys=0.00, real=0.00 secs] 
2015-10-30T15:44:28.721+0000: 4335.902: [GC (Allocation Failure) 4335.902: [ParNew: 35382K->2189K(36288K), 0.0031341 secs] 114109K->80917K(242952K), 0.0032083 secs] [Times: user=0.01 sys=0.00, real=0.00 secs] 
2015-10-30T15:44:28.758+0000: 4335.939: [GC (Allocation Failure) 4335.939: [ParNew: 32571K->3968K(36288K), 0.0030032 secs] 111298K->85893K(242952K), 0.0030697 secs] [Times: user=0.01 sys=0.00, real=0.00 secs] 
2015-10-30T15:44:28.762+0000: 4335.943: [GC (CMS Initial Mark) [1 CMS-initial-mark: 81925K(206664K)] 91213K(242952K), 0.0017564 secs] [Times: user=0.01 sys=0.00, real=0.00 secs] 
2015-10-30T15:44:28.764+0000: 4335.945: [CMS-concurrent-mark-start]
2015-10-30T15:44:28.823+0000: 4336.003: [CMS-concurrent-mark: 0.059/0.059 secs] [Times: user=0.11 sys=0.00, real=0.06 secs] 
2015-10-30T15:44:28.823+0000: 4336.003: [CMS-concurrent-preclean-start]
2015-10-30T15:44:28.825+0000: 4336.005: [CMS-concurrent-preclean: 0.002/0.002 secs] [Times: user=0.01 sys=0.00, real=0.00 secs] 
2015-10-30T15:44:28.825+0000: 4336.005: [CMS-concurrent-abortable-preclean-start]
 CMS: abort preclean due to time 2015-10-30T15:44:33.892+0000: 4341.072: [CMS-concurrent-abortable-preclean: 1.342/5.067 secs] [Times: user=1.44 sys=0.01, real=5.07 secs] 
2015-10-30T15:44:33.892+0000: 4341.072: [GC (CMS Final Remark) [YG occupancy: 31448 K (36288 K)]4341.072: [Rescan (parallel) , 0.0022525 secs]4341.075: [weak refs processing, 0.0000223 secs]4341.075: [class unloading, 0.0146865 secs]4341.089: [scrub symbol table, 0.0066371 secs]4341.096: [scrub string table, 0.0007426 secs][1 CMS-remark: 81925K(206664K)] 113373K(242952K), 0.0257726 secs] [Times: user=0.03 sys=0.00, real=0.03 secs] 
2015-10-30T15:44:33.918+0000: 4341.098: [CMS-concurrent-sweep-start]
2015-10-30T15:44:33.944+0000: 4341.124: [CMS-concurrent-sweep: 0.026/0.026 secs] [Times: user=0.03 sys=0.00, real=0.02 secs] 
2015-10-30T15:44:33.944+0000: 4341.124: [CMS-concurrent-reset-start]
2015-10-30T15:44:33.946+0000: 4341.127: [CMS-concurrent-reset: 0.002/0.002 secs] [Times: user=0.00 sys=0.00, real=0.01 secs] 
2015-10-30T15:44:35.945+0000: 4343.126: [GC (CMS Initial Mark) [1 CMS-initial-mark: 62067K(206664K)] 93861K(242952K), 0.0028419 secs] [Times: user=0.01 sys=0.00, real=0.00 secs] 
2015-10-30T15:44:35.948+0000: 4343.129: [CMS-concurrent-mark-start]
2015-10-30T15:44:35.986+0000: 4343.166: [CMS-concurrent-mark: 0.038/0.038 secs] [Times: user=0.04 sys=0.00, real=0.04 secs] 
2015-10-30T15:44:35.986+0000: 4343.166: [CMS-concurrent-preclean-start]
2015-10-30T15:44:35.988+0000: 4343.169: [CMS-concurrent-preclean: 0.002/0.002 secs] [Times: user=0.00 sys=0.00, real=0.00 secs] 
2015-10-30T15:44:35.988+0000: 4343.169: [CMS-concurrent-abortable-preclean-start]
2015-10-30T15:44:38.424+0000: 4345.604: [GC (Allocation Failure) 4345.604: [ParNew: 36212K->3700K(36288K), 0.0057910 secs] 98280K->70831K(242952K), 0.0058637 secs] [Times: user=0.02 sys=0.00, real=0.01 secs] 
2015-10-30T15:44:38.470+0000: 4345.650: [GC (Allocation Failure) 4345.650: [ParNew: 36020K->3968K(36288K), 0.0135880 secs] 103151K->82250K(242952K), 0.0136711 secs] [Times: user=0.05 sys=0.00, real=0.01 secs] 
2015-10-30T15:44:38.507+0000: 4345.687: [GC (Allocation Failure) 4345.687: [ParNew: 36288K->3254K(36288K), 0.0055210 secs] 114570K->85292K(242952K), 0.0055890 secs] [Times: user=0.02 sys=0.00, real=0.00 secs] 
2015-10-30T15:44:38.535+0000: 4345.716: [GC (Allocation Failure) 4345.716: [ParNew: 35574K->2099K(36288K), 0.0026297 secs] 117612K->84137K(242952K), 0.0026932 secs] [Times: user=0.01 sys=0.00, real=0.01 secs] 
2015-10-30T15:44:38.540+0000: 4345.721: [CMS-concurrent-abortable-preclean: 0.714/2.552 secs] [Times: user=1.05 sys=0.01, real=2.55 secs] 
2015-10-30T15:44:38.541+0000: 4345.722: [GC (CMS Final Remark) [YG occupancy: 5861 K (36288 K)]4345.722: [Rescan (parallel) , 0.0035359 secs]4345.725: [weak refs processing, 0.0000162 secs]4345.725: [class unloading, 0.0145943 secs]4345.740: [scrub symbol table, 0.0066578 secs]4345.747: [scrub string table, 0.0007440 secs][1 CMS-remark: 82037K(206664K)] 87899K(242952K), 0.0269633 secs] [Times: user=0.04 sys=0.00, real=0.03 secs] 
2015-10-30T15:44:38.568+0000: 4345.749: [CMS-concurrent-sweep-start]
2015-10-30T15:44:38.589+0000: 4345.769: [GC (Allocation Failure) 4345.769: [ParNew: 34419K->3192K(36288K), 0.0033422 secs] 114374K->83146K(242952K), 0.0034184 secs] [Times: user=0.01 sys=0.00, real=0.00 secs] 
2015-10-30T15:44:38.599+0000: 4345.779: [CMS-concurrent-sweep: 0.027/0.031 secs] [Times: user=0.12 sys=0.00, real=0.03 secs] 
2015-10-30T15:44:38.599+0000: 4345.779: [CMS-concurrent-reset-start]
2015-10-30T15:44:38.602+0000: 4345.782: [CMS-concurrent-reset: 0.003/0.003 secs] [Times: user=0.01 sys=0.00, real=0.00 secs] 
2015-10-30T15:44:38.613+0000: 4345.794: [GC (Allocation Failure) 4345.794: [ParNew: 35512K->2861K(36288K), 0.0041290 secs] 113895K->82014K(242952K), 0.0041849 secs] [Times: user=0.02 sys=0.00, real=0.01 secs] 
2015-10-30T15:44:38.637+0000: 4345.817: [GC (Allocation Failure) 4345.817: [ParNew: 35181K->3785K(36288K), 0.0043206 secs] 114334K->83660K(242952K), 0.0043826 secs] [Times: user=0.02 sys=0.00, real=0.01 secs] 
2015-10-30T15:44:38.658+0000: 4345.839: [GC (Allocation Failure) 4345.839: [ParNew: 36105K->2940K(36288K), 0.0035513 secs] 115980K->83413K(242952K), 0.0036245 secs] [Times: user=0.01 sys=0.00, real=0.00 secs] 
2015-10-30T15:44:38.681+0000: 4345.862: [GC (Allocation Failure) 4345.862: [ParNew: 35260K->2440K(36288K), 0.0025338 secs] 115733K->82913K(242952K), 0.0025927 secs] [Times: user=0.01 sys=0.00, real=0.00 secs] 
2015-10-30T15:44:38.719+0000: 4345.899: [GC (Allocation Failure) 4345.899: [ParNew: 33365K->3968K(36288K), 0.0029450 secs] 113838K->87623K(242952K), 0.0030060 secs] [Times: user=0.02 sys=0.00, real=0.00 secs] 
2015-10-30T15:44:38.723+0000: 4345.903: [GC (CMS Initial Mark) [1 CMS-initial-mark: 83655K(206664K)] 93004K(242952K), 0.0016450 secs] [Times: user=0.00 sys=0.00, real=0.00 secs] 
2015-10-30T15:44:38.724+0000: 4345.905: [CMS-concurrent-mark-start]
2015-10-30T15:44:38.762+0000: 4345.942: [CMS-concurrent-mark: 0.037/0.037 secs] [Times: user=0.08 sys=0.00, real=0.04 secs] 
2015-10-30T15:44:38.762+0000: 4345.942: [CMS-concurrent-preclean-start]
2015-10-30T15:44:38.763+0000: 4345.944: [CMS-concurrent-preclean: 0.001/0.001 secs] [Times: user=0.00 sys=0.00, real=0.00 secs] 
2015-10-30T15:44:38.763+0000: 4345.944: [CMS-concurrent-abortable-preclean-start]
 CMS: abort preclean due to time 2015-10-30T15:44:43.852+0000: 4351.033: [CMS-concurrent-abortable-preclean: 1.349/5.089 secs] [Times: user=1.44 sys=0.00, real=5.09 secs] 
2015-10-30T15:44:43.852+0000: 4351.033: [GC (CMS Final Remark) [YG occupancy: 31194 K (36288 K)]4351.033: [Rescan (parallel) , 0.0022095 secs]4351.035: [weak refs processing, 0.0000162 secs]4351.035: [class unloading, 0.0144424 secs]4351.050: [scrub symbol table, 0.0066416 secs]4351.056: [scrub string table, 0.0007416 secs][1 CMS-remark: 83655K(206664K)] 114849K(242952K), 0.0254997 secs] [Times: user=0.03 sys=0.01, real=0.03 secs] 
2015-10-30T15:44:43.878+0000: 4351.058: [CMS-concurrent-sweep-start]
2015-10-30T15:44:43.902+0000: 4351.083: [CMS-concurrent-sweep: 0.024/0.024 secs] [Times: user=0.03 sys=0.00, real=0.02 secs] 
2015-10-30T15:44:43.902+0000: 4351.083: [CMS-concurrent-reset-start]
2015-10-30T15:44:43.905+0000: 4351.085: [CMS-concurrent-reset: 0.002/0.002 secs] [Times: user=0.00 sys=0.00, real=0.00 secs] 
2015-10-30T15:44:45.904+0000: 4353.085: [GC (CMS Initial Mark) [1 CMS-initial-mark: 63657K(206664K)] 95217K(242952K), 0.0025905 secs] [Times: user=0.01 sys=0.00, real=0.01 secs] 
2015-10-30T15:44:45.907+0000: 4353.088: [CMS-concurrent-mark-start]
2015-10-30T15:44:45.944+0000: 4353.124: [CMS-concurrent-mark: 0.037/0.037 secs] [Times: user=0.04 sys=0.00, real=0.03 secs] 
2015-10-30T15:44:45.944+0000: 4353.124: [CMS-concurrent-preclean-start]
2015-10-30T15:44:45.946+0000: 4353.127: [CMS-concurrent-preclean: 0.002/0.002 secs] [Times: user=0.00 sys=0.00, real=0.01 secs] 
2015-10-30T15:44:45.946+0000: 4353.127: [CMS-concurrent-abortable-preclean-start]
2015-10-30T15:44:47.879+0000: 4355.060: [GC (Allocation Failure) 4355.060: [ParNew: 36288K->1683K(36288K), 0.0058268 secs] 99945K->70360K(242952K), 0.0059042 secs] [Times: user=0.02 sys=0.00, real=0.00 secs] 
2015-10-30T15:44:48.776+0000: 4355.957: [CMS-concurrent-abortable-preclean: 0.604/2.830 secs] [Times: user=0.78 sys=0.01, real=2.82 secs] 
2015-10-30T15:44:48.776+0000: 4355.957: [GC (CMS Final Remark) [YG occupancy: 20427 K (36288 K)]4355.957: [Rescan (parallel) , 0.0084702 secs]4355.965: [weak refs processing, 0.0000173 secs]4355.965: [class unloading, 0.0145833 secs]4355.980: [scrub symbol table, 0.0066859 secs]4355.987: [scrub string table, 0.0007471 secs][1 CMS-remark: 68676K(206664K)] 89104K(242952K), 0.0319647 secs] [Times: user=0.06 sys=0.00, real=0.04 secs] 
2015-10-30T15:44:48.809+0000: 4355.989: [CMS-concurrent-sweep-start]
2015-10-30T15:44:48.830+0000: 4356.010: [CMS-concurrent-sweep: 0.021/0.021 secs] [Times: user=0.02 sys=0.00, real=0.02 secs] 
2015-10-30T15:44:48.830+0000: 4356.010: [CMS-concurrent-reset-start]
2015-10-30T15:44:48.832+0000: 4356.013: [CMS-concurrent-reset: 0.002/0.002 secs] [Times: user=0.00 sys=0.00, real=0.00 secs] 
2015-10-30T15:44:49.325+0000: 4356.505: [GC (Allocation Failure) 4356.505: [ParNew: 34003K->1707K(36288K), 0.0019225 secs] 97535K->65239K(242952K), 0.0019822 secs] [Times: user=0.01 sys=0.00, real=0.01 secs] 
2015-10-30T15:44:53.499+0000: 4360.679: [GC (Allocation Failure) 4360.679: [ParNew: 34027K->3968K(36288K), 0.0153698 secs] 97559K->79261K(242952K), 0.0154535 secs] [Times: user=0.05 sys=0.00, real=0.01 secs] 
2015-10-30T15:44:53.534+0000: 4360.714: [GC (Allocation Failure) 4360.714: [ParNew: 36288K->2109K(36288K), 0.0042499 secs] 111581K->81274K(242952K), 0.0043187 secs] [Times: user=0.01 sys=0.00, real=0.01 secs] 
2015-10-30T15:44:53.557+0000: 4360.737: [GC (Allocation Failure) 4360.737: [ParNew: 34429K->1912K(36288K), 0.0025175 secs] 113594K->81078K(242952K), 0.0025805 secs] [Times: user=0.01 sys=0.00, real=0.01 secs] 
2015-10-30T15:44:53.578+0000: 4360.758: [GC (Allocation Failure) 4360.758: [ParNew: 34232K->2670K(36288K), 0.0030839 secs] 113398K->81835K(242952K), 0.0031391 secs] [Times: user=0.01 sys=0.00, real=0.00 secs] 
2015-10-30T15:44:53.605+0000: 4360.786: [GC (Allocation Failure) 4360.786: [ParNew: 34990K->2505K(36288K), 0.0044577 secs] 114155K->82481K(242952K), 0.0045165 secs] [Times: user=0.01 sys=0.00, real=0.00 secs] 
2015-10-30T15:44:53.631+0000: 4360.811: [GC (Allocation Failure) 4360.812: [ParNew: 34825K->3084K(36288K), 0.0042009 secs] 114801K->83763K(242952K), 0.0042650 secs] [Times: user=0.02 sys=0.00, real=0.00 secs] 
2015-10-30T15:44:53.653+0000: 4360.834: [GC (Allocation Failure) 4360.834: [ParNew: 35404K->3961K(36288K), 0.0031303 secs] 116083K->84640K(242952K), 0.0031937 secs] [Times: user=0.01 sys=0.00, real=0.00 secs] 
2015-10-30T15:44:53.677+0000: 4360.858: [GC (Allocation Failure) 4360.858: [ParNew: 36281K->2736K(36288K), 0.0038496 secs] 116960K->84004K(242952K), 0.0039095 secs] [Times: user=0.02 sys=0.00, real=0.00 secs] 
2015-10-30T15:44:53.701+0000: 4360.882: [GC (Allocation Failure) 4360.882: [ParNew: 35056K->3053K(36288K), 0.0032891 secs] 116324K->84322K(242952K), 0.0033500 secs] [Times: user=0.01 sys=0.00, real=0.00 secs] 
2015-10-30T15:44:53.800+0000: 4360.980: [GC (Allocation Failure) 4360.980: [ParNew: 35037K->2982K(36288K), 0.0046110 secs] 116306K->87539K(242952K), 0.0046848 secs] [Times: user=0.01 sys=0.00, real=0.00 secs] 
2015-10-30T15:45:00.237+0000: 4367.418: [GC (Allocation Failure) 4367.418: [ParNew: 35725K->3968K(36288K), 0.0065377 secs] 120282K->89713K(242952K), 0.0066247 secs] [Times: user=0.02 sys=0.00, real=0.00 secs] 
2015-10-30T15:45:00.248+0000: 4367.428: [GC (GCLocker Initiated GC) 4367.428: [ParNew: 8413K->2859K(36288K), 0.0082388 secs] 94159K->92262K(242952K), 0.0083243 secs] [Times: user=0.03 sys=0.00, real=0.00 secs] 
2015-10-30T15:45:03.391+0000: 4370.571: [GC (Allocation Failure) 4370.571: [ParNew: 35179K->3276K(36288K), 0.0045366 secs] 124582K->92679K(242952K), 0.0046154 secs] [Times: user=0.01 sys=0.00, real=0.00 secs] 
2015-10-30T15:45:03.531+0000: 4370.711: [GC (Allocation Failure) 4370.712: [ParNew: 35596K->3968K(36288K), 0.0076772 secs] 124999K->101534K(242952K), 0.0077756 secs] [Times: user=0.02 sys=0.00, real=0.01 secs] 
2015-10-30T15:45:03.571+0000: 4370.751: [GC (Allocation Failure) 4370.751: [ParNew: 36288K->3968K(36288K), 0.0113301 secs] 133854K->110784K(242952K), 0.0114266 secs] [Times: user=0.04 sys=0.01, real=0.01 secs] 
2015-10-30T15:45:03.605+0000: 4370.786: [GC (Allocation Failure) 4370.786: [ParNew: 36288K->3794K(36288K), 0.0068006 secs] 143104K->114480K(242952K), 0.0068883 secs] [Times: user=0.02 sys=0.00, real=0.00 secs] 
2015-10-30T15:45:03.630+0000: 4370.810: [GC (Allocation Failure) 4370.811: [ParNew: 36114K->2067K(36288K), 0.0030762 secs] 146800K->112752K(242952K), 0.0031462 secs] [Times: user=0.01 sys=0.00, real=0.00 secs] 
2015-10-30T15:45:03.652+0000: 4370.832: [GC (Allocation Failure) 4370.832: [ParNew: 34387K->3132K(36288K), 0.0034491 secs] 145072K->113817K(242952K), 0.0035336 secs] [Times: user=0.01 sys=0.00, real=0.00 secs] 
2015-10-30T15:45:03.679+0000: 4370.859: [GC (Allocation Failure) 4370.859: [ParNew: 35452K->2908K(36288K), 0.0042289 secs] 146137K->114353K(242952K), 0.0043092 secs] [Times: user=0.01 sys=0.00, real=0.00 secs] 
2015-10-30T15:45:03.702+0000: 4370.882: [GC (Allocation Failure) 4370.882: [ParNew: 35228K->3160K(36288K), 0.0045425 secs] 146673K->115315K(242952K), 0.0046245 secs] [Times: user=0.01 sys=0.00, real=0.01 secs] 
2015-10-30T15:45:03.725+0000: 4370.906: [GC (Allocation Failure) 4370.906: [ParNew: 35480K->2811K(36288K), 0.0034341 secs] 147635K->115516K(242952K), 0.0035024 secs] [Times: user=0.01 sys=0.00, real=0.00 secs] 
2015-10-30T15:45:03.749+0000: 4370.930: [GC (Allocation Failure) 4370.930: [ParNew: 35131K->2324K(36288K), 0.0024725 secs] 147836K->115029K(242952K), 0.0025334 secs] [Times: user=0.01 sys=0.00, real=0.00 secs] 
2015-10-30T15:45:03.783+0000: 4370.963: [GC (Allocation Failure) 4370.963: [ParNew: 31198K->3968K(36288K), 0.0034054 secs] 143904K->125212K(242952K), 0.0034944 secs] [Times: user=0.02 sys=0.00, real=0.01 secs] 
2015-10-30T15:45:03.787+0000: 4370.968: [GC (CMS Initial Mark) [1 CMS-initial-mark: 121244K(206664K)] 130529K(242952K), 0.0017039 secs] [Times: user=0.00 sys=0.00, real=0.00 secs] 
2015-10-30T15:45:03.789+0000: 4370.970: [CMS-concurrent-mark-start]
2015-10-30T15:45:03.828+0000: 4371.008: [CMS-concurrent-mark: 0.039/0.039 secs] [Times: user=0.08 sys=0.00, real=0.04 secs] 
2015-10-30T15:45:03.828+0000: 4371.008: [CMS-concurrent-preclean-start]
2015-10-30T15:45:03.830+0000: 4371.010: [CMS-concurrent-preclean: 0.002/0.002 secs] [Times: user=0.01 sys=0.00, real=0.00 secs] 
2015-10-30T15:45:03.830+0000: 4371.010: [CMS-concurrent-abortable-preclean-start]
 CMS: abort preclean due to time 2015-10-30T15:45:08.924+0000: 4376.105: [CMS-concurrent-abortable-preclean: 1.354/5.094 secs] [Times: user=1.49 sys=0.02, real=5.09 secs] 
2015-10-30T15:45:08.924+0000: 4376.105: [GC (CMS Final Remark) [YG occupancy: 28093 K (36288 K)]4376.105: [Rescan (parallel) , 0.0027481 secs]4376.108: [weak refs processing, 0.0000185 secs]4376.108: [class unloading, 0.0152461 secs]4376.123: [scrub symbol table, 0.0074815 secs]4376.131: [scrub string table, 0.0007492 secs][1 CMS-remark: 121244K(206664K)] 149337K(242952K), 0.0277363 secs] [Times: user=0.03 sys=0.00, real=0.03 secs] 
2015-10-30T15:45:08.952+0000: 4376.133: [CMS-concurrent-sweep-start]
2015-10-30T15:45:08.991+0000: 4376.171: [CMS-concurrent-sweep: 0.038/0.038 secs] [Times: user=0.04 sys=0.00, real=0.04 secs] 
2015-10-30T15:45:08.991+0000: 4376.171: [CMS-concurrent-reset-start]
2015-10-30T15:45:08.994+0000: 4376.174: [CMS-concurrent-reset: 0.003/0.003 secs] [Times: user=0.00 sys=0.00, real=0.00 secs] 
2015-10-30T15:45:10.993+0000: 4378.174: [GC (CMS Initial Mark) [1 CMS-initial-mark: 61385K(206664K)] 89750K(242952K), 0.0034139 secs] [Times: user=0.00 sys=0.00, real=0.00 secs] 
2015-10-30T15:45:10.997+0000: 4378.177: [CMS-concurrent-mark-start]
2015-10-30T15:45:11.036+0000: 4378.216: [CMS-concurrent-mark: 0.039/0.039 secs] [Times: user=0.04 sys=0.00, real=0.04 secs] 
2015-10-30T15:45:11.036+0000: 4378.216: [CMS-concurrent-preclean-start]
2015-10-30T15:45:11.038+0000: 4378.218: [CMS-concurrent-preclean: 0.002/0.002 secs] [Times: user=0.01 sys=0.00, real=0.01 secs] 
2015-10-30T15:45:11.038+0000: 4378.218: [CMS-concurrent-abortable-preclean-start]
 CMS: abort preclean due to time 2015-10-30T15:45:16.116+0000: 4383.296: [CMS-concurrent-abortable-preclean: 1.293/5.078 secs] [Times: user=1.37 sys=0.01, real=5.07 secs] 
2015-10-30T15:45:16.116+0000: 4383.296: [GC (CMS Final Remark) [YG occupancy: 29539 K (36288 K)]4383.296: [Rescan (parallel) , 0.0032210 secs]4383.300: [weak refs processing, 0.0000163 secs]4383.300: [class unloading, 0.0150566 secs]4383.315: [scrub symbol table, 0.0067967 secs]4383.322: [scrub string table, 0.0007515 secs][1 CMS-remark: 61385K(206664K)] 90924K(242952K), 0.0273282 secs] [Times: user=0.04 sys=0.00, real=0.03 secs] 
2015-10-30T15:45:16.144+0000: 4383.324: [CMS-concurrent-sweep-start]
2015-10-30T15:45:16.202+0000: 4383.382: [CMS-concurrent-sweep: 0.058/0.058 secs] [Times: user=0.06 sys=0.00, real=0.06 secs] 
2015-10-30T15:45:16.202+0000: 4383.382: [CMS-concurrent-reset-start]
2015-10-30T15:45:16.204+0000: 4383.385: [CMS-concurrent-reset: 0.002/0.002 secs] [Times: user=0.00 sys=0.00, real=0.00 secs] 
2015-10-30T15:45:18.204+0000: 4385.385: [GC (CMS Initial Mark) [1 CMS-initial-mark: 57000K(206664K)] 88687K(242952K), 0.0040875 secs] [Times: user=0.01 sys=0.00, real=0.01 secs] 
2015-10-30T15:45:18.209+0000: 4385.389: [CMS-concurrent-mark-start]
2015-10-30T15:45:18.247+0000: 4385.428: [CMS-concurrent-mark: 0.039/0.039 secs] [Times: user=0.04 sys=0.00, real=0.04 secs] 
2015-10-30T15:45:18.247+0000: 4385.428: [CMS-concurrent-preclean-start]
2015-10-30T15:45:18.250+0000: 4385.430: [CMS-concurrent-preclean: 0.002/0.002 secs] [Times: user=0.00 sys=0.00, real=0.00 secs] 
2015-10-30T15:45:18.250+0000: 4385.430: [CMS-concurrent-abortable-preclean-start]
2015-10-30T15:45:18.437+0000: 4385.618: [GC (Allocation Failure) 4385.618: [ParNew: 36268K->3968K(36288K), 0.0028360 secs] 93269K->64797K(242952K), 0.0029210 secs] [Times: user=0.01 sys=0.00, real=0.00 secs] 
2015-10-30T15:45:18.481+0000: 4385.661: [GC (Allocation Failure) 4385.661: [ParNew: 36288K->3968K(36288K), 0.0157599 secs] 97117K->77463K(242952K), 0.0158508 secs] [Times: user=0.05 sys=0.00, real=0.01 secs] 
2015-10-30T15:45:18.519+0000: 4385.700: [GC (Allocation Failure) 4385.700: [ParNew: 36288K->3243K(36288K), 0.0054388 secs] 109783K->80536K(242952K), 0.0055243 secs] [Times: user=0.02 sys=0.00, real=0.00 secs] 
2015-10-30T15:45:18.549+0000: 4385.730: [GC (Allocation Failure) 4385.730: [ParNew: 35563K->2049K(36288K), 0.0031755 secs] 112856K->79343K(242952K), 0.0032389 secs] [Times: user=0.01 sys=0.00, real=0.00 secs] 
2015-10-30T15:45:18.558+0000: 4385.739: [CMS-concurrent-abortable-preclean: 0.105/0.308 secs] [Times: user=0.40 sys=0.01, real=0.31 secs] 
2015-10-30T15:45:18.559+0000: 4385.739: [GC (CMS Final Remark) [YG occupancy: 10700 K (36288 K)]4385.739: [Rescan (parallel) , 0.0069604 secs]4385.746: [weak refs processing, 0.0000189 secs]4385.746: [class unloading, 0.0148935 secs]4385.761: [scrub symbol table, 0.0070761 secs]4385.768: [scrub string table, 0.0007742 secs][1 CMS-remark: 77293K(206664K)] 87994K(242952K), 0.0312185 secs] [Times: user=0.04 sys=0.00, real=0.03 secs] 
2015-10-30T15:45:18.590+0000: 4385.770: [CMS-concurrent-sweep-start]
2015-10-30T15:45:18.608+0000: 4385.789: [GC (Allocation Failure) 4385.789: [ParNew: 34369K->2929K(36288K), 0.0029331 secs] 111657K->80217K(242952K), 0.0030032 secs] [Times: user=0.01 sys=0.00, real=0.00 secs] 
2015-10-30T15:45:18.624+0000: 4385.805: [CMS-concurrent-sweep: 0.028/0.034 secs] [Times: user=0.11 sys=0.01, real=0.03 secs] 
2015-10-30T15:45:18.624+0000: 4385.805: [CMS-concurrent-reset-start]
2015-10-30T15:45:18.627+0000: 4385.807: [CMS-concurrent-reset: 0.003/0.003 secs] [Times: user=0.01 sys=0.00, real=0.01 secs] 
2015-10-30T15:45:18.637+0000: 4385.817: [GC (Allocation Failure) 4385.817: [ParNew: 35249K->2927K(36288K), 0.0042242 secs] 112496K->80997K(242952K), 0.0042964 secs] [Times: user=0.01 sys=0.00, real=0.01 secs] 
2015-10-30T15:45:18.661+0000: 4385.842: [GC (Allocation Failure) 4385.842: [ParNew: 35247K->3047K(36288K), 0.0050399 secs] 113317K->81824K(242952K), 0.0051450 secs] [Times: user=0.01 sys=0.00, real=0.01 secs] 
2015-10-30T15:45:18.685+0000: 4385.866: [GC (Allocation Failure) 4385.866: [ParNew: 35367K->3037K(36288K), 0.0053375 secs] 114144K->82399K(242952K), 0.0054179 secs] [Times: user=0.01 sys=0.00, real=0.00 secs] 
2015-10-30T15:45:18.713+0000: 4385.894: [GC (Allocation Failure) 4385.894: [ParNew: 35357K->2266K(36288K), 0.0025975 secs] 114719K->81628K(242952K), 0.0026616 secs] [Times: user=0.01 sys=0.00, real=0.00 secs] 
2015-10-30T15:45:18.750+0000: 4385.930: [GC (Allocation Failure) 4385.931: [ParNew: 31227K->3968K(36288K), 0.0031814 secs] 110589K->86522K(242952K), 0.0032697 secs] [Times: user=0.01 sys=0.00, real=0.00 secs] 
2015-10-30T15:45:28.463+0000: 4395.643: [GC (Allocation Failure) 4395.643: [ParNew: 36252K->3968K(36288K), 0.0062719 secs] 118807K->90818K(242952K), 0.0063613 secs] [Times: user=0.02 sys=0.01, real=0.01 secs] 
2015-10-30T15:45:28.509+0000: 4395.690: [GC (Allocation Failure) 4395.690: [ParNew: 36288K->3968K(36288K), 0.0152682 secs] 123138K->103796K(242952K), 0.0153519 secs] [Times: user=0.05 sys=0.00, real=0.01 secs] 
2015-10-30T15:45:28.543+0000: 4395.724: [GC (Allocation Failure) 4395.724: [ParNew: 36288K->3171K(36288K), 0.0060622 secs] 136116K->106842K(242952K), 0.0061475 secs] [Times: user=0.02 sys=0.00, real=0.01 secs] 
2015-10-30T15:45:28.567+0000: 4395.748: [GC (Allocation Failure) 4395.748: [ParNew: 35491K->2023K(36288K), 0.0028805 secs] 139162K->105694K(242952K), 0.0029473 secs] [Times: user=0.01 sys=0.00, real=0.00 secs] 
2015-10-30T15:45:28.588+0000: 4395.769: [GC (Allocation Failure) 4395.769: [ParNew: 34343K->2765K(36288K), 0.0034752 secs] 138014K->106436K(242952K), 0.0035389 secs] [Times: user=0.02 sys=0.00, real=0.00 secs] 
2015-10-30T15:45:28.613+0000: 4395.794: [GC (Allocation Failure) 4395.794: [ParNew: 35085K->2881K(36288K), 0.0051339 secs] 138756K->107311K(242952K), 0.0052170 secs] [Times: user=0.02 sys=0.00, real=0.01 secs] 
2015-10-30T15:45:28.641+0000: 4395.822: [GC (Allocation Failure) 4395.822: [ParNew: 35201K->2650K(36288K), 0.0048699 secs] 139631K->107784K(242952K), 0.0049543 secs] [Times: user=0.02 sys=0.00, real=0.01 secs] 
2015-10-30T15:45:28.665+0000: 4395.846: [GC (Allocation Failure) 4395.846: [ParNew: 34970K->3921K(36288K), 0.0037707 secs] 140104K->109054K(242952K), 0.0038480 secs] [Times: user=0.01 sys=0.00, real=0.00 secs] 
2015-10-30T15:45:28.689+0000: 4395.870: [GC (Allocation Failure) 4395.870: [ParNew: 36241K->2381K(36288K), 0.0041436 secs] 141374K->108112K(242952K), 0.0042240 secs] [Times: user=0.02 sys=0.00, real=0.00 secs] 
2015-10-30T15:45:28.729+0000: 4395.909: [GC (Allocation Failure) 4395.909: [ParNew: 32558K->3968K(36288K), 0.0035624 secs] 138289K->112881K(242952K), 0.0036483 secs] [Times: user=0.01 sys=0.00, real=0.00 secs] 
2015-10-30T15:45:28.733+0000: 4395.914: [GC (CMS Initial Mark) [1 CMS-initial-mark: 108913K(206664K)] 118201K(242952K), 0.0019580 secs] [Times: user=0.01 sys=0.00, real=0.00 secs] 
2015-10-30T15:45:28.736+0000: 4395.916: [CMS-concurrent-mark-start]
2015-10-30T15:45:28.774+0000: 4395.954: [CMS-concurrent-mark: 0.038/0.038 secs] [Times: user=0.08 sys=0.00, real=0.04 secs] 
2015-10-30T15:45:28.774+0000: 4395.954: [CMS-concurrent-preclean-start]
2015-10-30T15:45:28.776+0000: 4395.956: [CMS-concurrent-preclean: 0.002/0.002 secs] [Times: user=0.00 sys=0.00, real=0.00 secs] 
2015-10-30T15:45:28.776+0000: 4395.956: [CMS-concurrent-abortable-preclean-start]
 CMS: abort preclean due to time 2015-10-30T15:45:33.839+0000: 4401.020: [CMS-concurrent-abortable-preclean: 1.355/5.063 secs] [Times: user=1.47 sys=0.00, real=5.07 secs] 
2015-10-30T15:45:33.839+0000: 4401.020: [GC (CMS Final Remark) [YG occupancy: 31074 K (36288 K)]4401.020: [Rescan (parallel) , 0.0039057 secs]4401.024: [weak refs processing, 0.0000217 secs]4401.024: [class unloading, 0.0160056 secs]4401.040: [scrub symbol table, 0.0087196 secs]4401.049: [scrub string table, 0.0007594 secs][1 CMS-remark: 108913K(206664K)] 139988K(242952K), 0.0310663 secs] [Times: user=0.04 sys=0.01, real=0.03 secs] 
2015-10-30T15:45:33.871+0000: 4401.051: [CMS-concurrent-sweep-start]
2015-10-30T15:45:33.910+0000: 4401.090: [CMS-concurrent-sweep: 0.039/0.039 secs] [Times: user=0.04 sys=0.00, real=0.04 secs] 
2015-10-30T15:45:33.910+0000: 4401.090: [CMS-concurrent-reset-start]
2015-10-30T15:45:33.912+0000: 4401.093: [CMS-concurrent-reset: 0.002/0.002 secs] [Times: user=0.00 sys=0.00, real=0.00 secs] 
2015-10-30T15:45:35.912+0000: 4403.093: [GC (CMS Initial Mark) [1 CMS-initial-mark: 62218K(206664K)] 93555K(242952K), 0.0025171 secs] [Times: user=0.01 sys=0.00, real=0.00 secs] 
2015-10-30T15:45:35.915+0000: 4403.095: [CMS-concurrent-mark-start]
2015-10-30T15:45:35.954+0000: 4403.135: [CMS-concurrent-mark: 0.039/0.039 secs] [Times: user=0.04 sys=0.00, real=0.04 secs] 
2015-10-30T15:45:35.954+0000: 4403.135: [CMS-concurrent-preclean-start]
2015-10-30T15:45:35.956+0000: 4403.137: [CMS-concurrent-preclean: 0.002/0.002 secs] [Times: user=0.00 sys=0.00, real=0.00 secs] 
2015-10-30T15:45:35.956+0000: 4403.137: [CMS-concurrent-abortable-preclean-start]
2015-10-30T15:45:38.468+0000: 4405.648: [GC (Allocation Failure) 4405.648: [ParNew: 36266K->3968K(36288K), 0.0064764 secs] 98484K->70682K(242952K), 0.0065715 secs] [Times: user=0.02 sys=0.00, real=0.00 secs] 
2015-10-30T15:45:38.513+0000: 4405.694: [GC (Allocation Failure) 4405.694: [ParNew: 36288K->3968K(36288K), 0.0178562 secs] 103002K->83442K(242952K), 0.0179509 secs] [Times: user=0.05 sys=0.00, real=0.02 secs] 
2015-10-30T15:45:38.557+0000: 4405.738: [GC (Allocation Failure) 4405.738: [ParNew: 36288K->3378K(36288K), 0.0059396 secs] 115762K->86681K(242952K), 0.0060362 secs] [Times: user=0.02 sys=0.00, real=0.00 secs] 
2015-10-30T15:45:38.589+0000: 4405.770: [GC (Allocation Failure) 4405.770: [ParNew: 35698K->2304K(36288K), 0.0032745 secs] 119001K->85606K(242952K), 0.0033481 secs] [Times: user=0.01 sys=0.01, real=0.00 secs] 
2015-10-30T15:45:38.594+0000: 4405.774: [CMS-concurrent-abortable-preclean: 0.721/2.637 secs] [Times: user=1.10 sys=0.01, real=2.64 secs] 
2015-10-30T15:45:38.605+0000: 4405.786: [GC (CMS Final Remark) [YG occupancy: 13984 K (36288 K)]4405.786: [Rescan (parallel) , 0.0098817 secs]4405.796: [weak refs processing, 0.0000178 secs]4405.796: [class unloading, 0.0154110 secs]4405.811: [scrub symbol table, 0.0076867 secs]4405.819: [scrub string table, 0.0007542 secs][1 CMS-remark: 83302K(206664K)] 97287K(242952K), 0.0353080 secs] [Times: user=0.07 sys=0.00, real=0.03 secs] 
2015-10-30T15:45:38.641+0000: 4405.821: [CMS-concurrent-sweep-start]
2015-10-30T15:45:38.657+0000: 4405.838: [GC (Allocation Failure) 4405.838: [ParNew: 34624K->2894K(36288K), 0.0031349 secs] 116039K->84309K(242952K), 0.0032192 secs] [Times: user=0.01 sys=0.00, real=0.00 secs] 
2015-10-30T15:45:38.685+0000: 4405.866: [CMS-concurrent-sweep: 0.041/0.044 secs] [Times: user=0.16 sys=0.00, real=0.05 secs] 
2015-10-30T15:45:38.685+0000: 4405.866: [CMS-concurrent-reset-start]
2015-10-30T15:45:38.688+0000: 4405.868: [CMS-concurrent-reset: 0.003/0.003 secs] [Times: user=0.01 sys=0.00, real=0.00 secs] 
2015-10-30T15:45:38.695+0000: 4405.876: [GC (Allocation Failure) 4405.876: [ParNew: 35214K->2467K(36288K), 0.0042471 secs] 113377K->81448K(242952K), 0.0043303 secs] [Times: user=0.02 sys=0.00, real=0.01 secs] 
2015-10-30T15:45:38.725+0000: 4405.906: [GC (Allocation Failure) 4405.906: [ParNew: 34787K->2589K(36288K), 0.0064909 secs] 113768K->82284K(242952K), 0.0065740 secs] [Times: user=0.02 sys=0.00, real=0.00 secs] 
2015-10-30T15:45:38.751+0000: 4405.931: [GC (Allocation Failure) 4405.931: [ParNew: 34909K->3104K(36288K), 0.0039570 secs] 114604K->83383K(242952K), 0.0040317 secs] [Times: user=0.02 sys=0.00, real=0.00 secs] 
2015-10-30T15:45:38.777+0000: 4405.958: [GC (Allocation Failure) 4405.958: [ParNew: 35424K->2332K(36288K), 0.0032854 secs] 115703K->82611K(242952K), 0.0033513 secs] [Times: user=0.01 sys=0.00, real=0.00 secs] 
2015-10-30T15:45:38.816+0000: 4405.996: [GC (Allocation Failure) 4405.997: [ParNew: 33654K->3968K(36288K), 0.0037508 secs] 113933K->87455K(242952K), 0.0038563 secs] [Times: user=0.01 sys=0.00, real=0.01 secs] 
2015-10-30T15:45:38.821+0000: 4406.001: [GC (CMS Initial Mark) [1 CMS-initial-mark: 83487K(206664K)] 92775K(242952K), 0.0018172 secs] [Times: user=0.01 sys=0.00, real=0.00 secs] 
2015-10-30T15:45:38.823+0000: 4406.003: [CMS-concurrent-mark-start]
2015-10-30T15:45:38.862+0000: 4406.042: [CMS-concurrent-mark: 0.039/0.039 secs] [Times: user=0.08 sys=0.00, real=0.04 secs] 
2015-10-30T15:45:38.862+0000: 4406.043: [CMS-concurrent-preclean-start]
2015-10-30T15:45:38.864+0000: 4406.044: [CMS-concurrent-preclean: 0.002/0.002 secs] [Times: user=0.00 sys=0.00, real=0.00 secs] 
2015-10-30T15:45:38.864+0000: 4406.044: [CMS-concurrent-abortable-preclean-start]
 CMS: abort preclean due to time 2015-10-30T15:45:43.930+0000: 4411.111: [CMS-concurrent-abortable-preclean: 1.349/5.066 secs] [Times: user=1.45 sys=0.00, real=5.07 secs] 
2015-10-30T15:45:43.930+0000: 4411.111: [GC (CMS Final Remark) [YG occupancy: 31117 K (36288 K)]4411.111: [Rescan (parallel) , 0.0022770 secs]4411.113: [weak refs processing, 0.0000161 secs]4411.113: [class unloading, 0.0142458 secs]4411.127: [scrub symbol table, 0.0066148 secs]4411.134: [scrub string table, 0.0007385 secs][1 CMS-remark: 83487K(206664K)] 114604K(242952K), 0.0252798 secs] [Times: user=0.03 sys=0.01, real=0.02 secs] 
2015-10-30T15:45:43.956+0000: 4411.136: [CMS-concurrent-sweep-start]
2015-10-30T15:45:43.992+0000: 4411.172: [CMS-concurrent-sweep: 0.036/0.036 secs] [Times: user=0.03 sys=0.00, real=0.04 secs] 
2015-10-30T15:45:43.992+0000: 4411.172: [CMS-concurrent-reset-start]
2015-10-30T15:45:43.994+0000: 4411.175: [CMS-concurrent-reset: 0.002/0.002 secs] [Times: user=0.00 sys=0.00, real=0.00 secs] 
2015-10-30T15:45:45.994+0000: 4413.175: [GC (CMS Initial Mark) [1 CMS-initial-mark: 62608K(206664K)] 94048K(242952K), 0.0024708 secs] [Times: user=0.01 sys=0.00, real=0.00 secs] 
2015-10-30T15:45:45.997+0000: 4413.177: [CMS-concurrent-mark-start]
2015-10-30T15:45:46.034+0000: 4413.214: [CMS-concurrent-mark: 0.037/0.037 secs] [Times: user=0.04 sys=0.00, real=0.04 secs] 
2015-10-30T15:45:46.034+0000: 4413.214: [CMS-concurrent-preclean-start]
2015-10-30T15:45:46.036+0000: 4413.216: [CMS-concurrent-preclean: 0.002/0.002 secs] [Times: user=0.00 sys=0.00, real=0.00 secs] 
2015-10-30T15:45:46.036+0000: 4413.216: [CMS-concurrent-abortable-preclean-start]
2015-10-30T15:45:48.507+0000: 4415.688: [GC (Allocation Failure) 4415.688: [ParNew: 36234K->3921K(36288K), 0.0054281 secs] 98842K->71593K(242952K), 0.0055020 secs] [Times: user=0.02 sys=0.00, real=0.00 secs] 
2015-10-30T15:45:48.557+0000: 4415.738: [GC (Allocation Failure) 4415.738: [ParNew: 36241K->3968K(36288K), 0.0131444 secs] 103913K->81250K(242952K), 0.0132214 secs] [Times: user=0.05 sys=0.00, real=0.02 secs] 
2015-10-30T15:45:48.594+0000: 4415.775: [GC (Allocation Failure) 4415.775: [ParNew: 36288K->3417K(36288K), 0.0053086 secs] 113570K->84583K(242952K), 0.0053662 secs] [Times: user=0.02 sys=0.00, real=0.01 secs] 
2015-10-30T15:45:48.619+0000: 4415.800: [GC (Allocation Failure) 4415.800: [ParNew: 35737K->2176K(36288K), 0.0027605 secs] 116903K->83342K(242952K), 0.0028204 secs] [Times: user=0.01 sys=0.00, real=0.00 secs] 
2015-10-30T15:45:48.631+0000: 4415.812: [CMS-concurrent-abortable-preclean: 0.717/2.596 secs] [Times: user=1.07 sys=0.00, real=2.60 secs] 
2015-10-30T15:45:48.637+0000: 4415.818: [GC (CMS Final Remark) [YG occupancy: 16749 K (36288 K)]4415.818: [Rescan (parallel) , 0.0103046 secs]4415.828: [weak refs processing, 0.0000182 secs]4415.828: [class unloading, 0.0146437 secs]4415.843: [scrub symbol table, 0.0066724 secs]4415.850: [scrub string table, 0.0007631 secs][1 CMS-remark: 81166K(206664K)] 97915K(242952K), 0.0338529 secs] [Times: user=0.07 sys=0.00, real=0.03 secs] 
2015-10-30T15:45:48.671+0000: 4415.852: [CMS-concurrent-sweep-start]
2015-10-30T15:45:48.685+0000: 4415.865: [GC (Allocation Failure) 4415.865: [ParNew: 34496K->2818K(36288K), 0.0030961 secs] 111498K->79820K(242952K), 0.0031537 secs] [Times: user=0.01 sys=0.00, real=0.01 secs] 
2015-10-30T15:45:48.704+0000: 4415.884: [CMS-concurrent-sweep: 0.029/0.032 secs] [Times: user=0.12 sys=0.00, real=0.03 secs] 
2015-10-30T15:45:48.704+0000: 4415.884: [CMS-concurrent-reset-start]
2015-10-30T15:45:48.706+0000: 4415.887: [CMS-concurrent-reset: 0.003/0.003 secs] [Times: user=0.01 sys=0.00, real=0.01 secs] 
2015-10-30T15:45:48.713+0000: 4415.894: [GC (Allocation Failure) 4415.894: [ParNew: 35138K->3036K(36288K), 0.0045346 secs] 110631K->79272K(242952K), 0.0045803 secs] [Times: user=0.01 sys=0.00, real=0.01 secs] 
2015-10-30T15:45:48.739+0000: 4415.920: [GC (Allocation Failure) 4415.920: [ParNew: 35356K->3155K(36288K), 0.0043907 secs] 111592K->80110K(242952K), 0.0044600 secs] [Times: user=0.01 sys=0.00, real=0.00 secs] 
2015-10-30T15:45:48.765+0000: 4415.946: [GC (Allocation Failure) 4415.946: [ParNew: 35475K->2354K(36288K), 0.0036335 secs] 112430K->79921K(242952K), 0.0036948 secs] [Times: user=0.01 sys=0.00, real=0.00 secs] 
2015-10-30T15:45:48.789+0000: 4415.969: [GC (Allocation Failure) 4415.970: [ParNew: 34674K->2388K(36288K), 0.0026477 secs] 112241K->79954K(242952K), 0.0027079 secs] [Times: user=0.01 sys=0.00, real=0.00 secs] 
2015-10-30T15:45:48.827+0000: 4416.007: [GC (Allocation Failure) 4416.007: [ParNew: 32723K->3968K(36288K), 0.0036893 secs] 110290K->84537K(242952K), 0.0037639 secs] [Times: user=0.01 sys=0.00, real=0.00 secs] 
2015-10-30T15:45:48.831+0000: 4416.012: [GC (CMS Initial Mark) [1 CMS-initial-mark: 80569K(206664K)] 89863K(242952K), 0.0019120 secs] [Times: user=0.01 sys=0.00, real=0.00 secs] 
2015-10-30T15:45:48.833+0000: 4416.014: [CMS-concurrent-mark-start]
2015-10-30T15:45:48.892+0000: 4416.073: [CMS-concurrent-mark: 0.059/0.059 secs] [Times: user=0.11 sys=0.00, real=0.06 secs] 
2015-10-30T15:45:48.892+0000: 4416.073: [CMS-concurrent-preclean-start]
2015-10-30T15:45:48.895+0000: 4416.075: [CMS-concurrent-preclean: 0.002/0.002 secs] [Times: user=0.01 sys=0.00, real=0.00 secs] 
2015-10-30T15:45:48.895+0000: 4416.075: [CMS-concurrent-abortable-preclean-start]
 CMS: abort preclean due to time 2015-10-30T15:45:53.978+0000: 4421.158: [CMS-concurrent-abortable-preclean: 1.218/5.083 secs] [Times: user=1.33 sys=0.00, real=5.09 secs] 
2015-10-30T15:45:53.978+0000: 4421.159: [GC (CMS Final Remark) [YG occupancy: 31033 K (36288 K)]4421.159: [Rescan (parallel) , 0.0022837 secs]4421.161: [weak refs processing, 0.0000166 secs]4421.161: [class unloading, 0.0144090 secs]4421.175: [scrub symbol table, 0.0066228 secs]4421.182: [scrub string table, 0.0007450 secs][1 CMS-remark: 80569K(206664K)] 111602K(242952K), 0.0254775 secs] [Times: user=0.03 sys=0.00, real=0.02 secs] 
2015-10-30T15:45:54.004+0000: 4421.184: [CMS-concurrent-sweep-start]
2015-10-30T15:45:54.031+0000: 4421.211: [CMS-concurrent-sweep: 0.027/0.027 secs] [Times: user=0.02 sys=0.00, real=0.03 secs] 
2015-10-30T15:45:54.031+0000: 4421.211: [CMS-concurrent-reset-start]
2015-10-30T15:45:54.033+0000: 4421.214: [CMS-concurrent-reset: 0.002/0.002 secs] [Times: user=0.01 sys=0.00, real=0.00 secs] 
2015-10-30T15:45:56.033+0000: 4423.214: [GC (CMS Initial Mark) [1 CMS-initial-mark: 60565K(206664K)] 91852K(242952K), 0.0026103 secs] [Times: user=0.01 sys=0.01, real=0.00 secs] 
2015-10-30T15:45:56.036+0000: 4423.216: [CMS-concurrent-mark-start]
2015-10-30T15:45:56.073+0000: 4423.254: [CMS-concurrent-mark: 0.037/0.037 secs] [Times: user=0.04 sys=0.00, real=0.04 secs] 
2015-10-30T15:45:56.074+0000: 4423.254: [CMS-concurrent-preclean-start]
2015-10-30T15:45:56.076+0000: 4423.256: [CMS-concurrent-preclean: 0.002/0.002 secs] [Times: user=0.00 sys=0.00, real=0.00 secs] 
2015-10-30T15:45:56.076+0000: 4423.256: [CMS-concurrent-abortable-preclean-start]
2015-10-30T15:45:58.467+0000: 4425.647: [GC (Allocation Failure) 4425.647: [ParNew: 36259K->3968K(36288K), 0.0053182 secs] 96824K->68479K(242952K), 0.0053867 secs] [Times: user=0.01 sys=0.00, real=0.00 secs] 
2015-10-30T15:45:58.513+0000: 4425.694: [GC (Allocation Failure) 4425.694: [ParNew: 36288K->3968K(36288K), 0.0180901 secs] 100799K->85634K(242952K), 0.0181661 secs] [Times: user=0.07 sys=0.00, real=0.02 secs] 
2015-10-30T15:45:58.557+0000: 4425.738: [GC (Allocation Failure) 4425.738: [ParNew: 36288K->2591K(36288K), 0.0050052 secs] 117954K->88066K(242952K), 0.0050842 secs] [Times: user=0.02 sys=0.00, real=0.00 secs] 
2015-10-30T15:45:58.576+0000: 4425.757: [CMS-concurrent-abortable-preclean: 0.575/2.501 secs] [Times: user=0.88 sys=0.00, real=2.50 secs] 
2015-10-30T15:45:58.577+0000: 4425.757: [GC (CMS Final Remark) [YG occupancy: 17356 K (36288 K)]4425.757: [Rescan (parallel) , 0.0098007 secs]4425.767: [weak refs processing, 0.0000201 secs]4425.767: [class unloading, 0.0144758 secs]4425.782: [scrub symbol table, 0.0066050 secs]4425.788: [scrub string table, 0.0007399 secs][1 CMS-remark: 85475K(206664K)] 102831K(242952K), 0.0330634 secs] [Times: user=0.06 sys=0.00, real=0.04 secs] 
2015-10-30T15:45:58.610+0000: 4425.790: [CMS-concurrent-sweep-start]
2015-10-30T15:45:58.625+0000: 4425.806: [GC (Allocation Failure) 4425.806: [ParNew: 34911K->2107K(36288K), 0.0031188 secs] 117754K->84950K(242952K), 0.0031813 secs] [Times: user=0.02 sys=0.00, real=0.00 secs] 
2015-10-30T15:45:58.638+0000: 4425.818: [CMS-concurrent-sweep: 0.024/0.028 secs] [Times: user=0.10 sys=0.01, real=0.03 secs] 
2015-10-30T15:45:58.638+0000: 4425.818: [CMS-concurrent-reset-start]
2015-10-30T15:45:58.640+0000: 4425.821: [CMS-concurrent-reset: 0.003/0.003 secs] [Times: user=0.01 sys=0.00, real=0.00 secs] 
2015-10-30T15:45:58.649+0000: 4425.829: [GC (Allocation Failure) 4425.829: [ParNew: 34427K->3087K(36288K), 0.0035815 secs] 116731K->85391K(242952K), 0.0036372 secs] [Times: user=0.01 sys=0.00, real=0.00 secs] 
2015-10-30T15:45:58.673+0000: 4425.854: [GC (Allocation Failure) 4425.854: [ParNew: 35407K->2589K(36288K), 0.0049809 secs] 117711K->85792K(242952K), 0.0050446 secs] [Times: user=0.02 sys=0.00, real=0.01 secs] 
2015-10-30T15:45:58.697+0000: 4425.878: [GC (Allocation Failure) 4425.878: [ParNew: 34909K->2633K(36288K), 0.0046882 secs] 118112K->86535K(242952K), 0.0047496 secs] [Times: user=0.01 sys=0.00, real=0.00 secs] 
2015-10-30T15:45:58.721+0000: 4425.902: [GC (Allocation Failure) 4425.902: [ParNew: 34953K->3084K(36288K), 0.0041078 secs] 118855K->87593K(242952K), 0.0041738 secs] [Times: user=0.01 sys=0.00, real=0.01 secs] 
2015-10-30T15:45:58.745+0000: 4425.926: [GC (Allocation Failure) 4425.926: [ParNew: 35404K->2604K(36288K), 0.0028696 secs] 119913K->87112K(242952K), 0.0029262 secs] [Times: user=0.01 sys=0.00, real=0.00 secs] 
2015-10-30T15:45:58.783+0000: 4425.963: [GC (Allocation Failure) 4425.963: [ParNew: 33415K->3968K(36288K), 0.0033317 secs] 117924K->91683K(242952K), 0.0033963 secs] [Times: user=0.02 sys=0.00, real=0.01 secs] 
2015-10-30T15:45:58.787+0000: 4425.967: [GC (CMS Initial Mark) [1 CMS-initial-mark: 87715K(206664K)] 97001K(242952K), 0.0016603 secs] [Times: user=0.00 sys=0.00, real=0.00 secs] 
2015-10-30T15:45:58.789+0000: 4425.969: [CMS-concurrent-mark-start]
2015-10-30T15:45:58.844+0000: 4426.025: [CMS-concurrent-mark: 0.056/0.056 secs] [Times: user=0.11 sys=0.01, real=0.05 secs] 
2015-10-30T15:45:58.844+0000: 4426.025: [CMS-concurrent-preclean-start]
2015-10-30T15:45:58.846+0000: 4426.027: [CMS-concurrent-preclean: 0.002/0.002 secs] [Times: user=0.00 sys=0.00, real=0.01 secs] 
2015-10-30T15:45:58.846+0000: 4426.027: [CMS-concurrent-abortable-preclean-start]
2015-10-30T15:46:00.076+0000: 4427.257: [GC (Allocation Failure) 4427.257: [ParNew: 36288K->3677K(36288K), 0.0065358 secs] 124003K->96454K(242952K), 0.0066091 secs] [Times: user=0.02 sys=0.00, real=0.01 secs] 
2015-10-30T15:46:00.108+0000: 4427.288: [GC (Allocation Failure) 4427.289: [ParNew: 35997K->3968K(36288K), 0.0150207 secs] 128774K->106138K(242952K), 0.0151116 secs] [Times: user=0.04 sys=0.00, real=0.01 secs] 
2015-10-30T15:46:00.123+0000: 4427.304: [CMS-concurrent-abortable-preclean: 0.349/1.277 secs] [Times: user=0.59 sys=0.01, real=1.27 secs] 
2015-10-30T15:46:00.127+0000: 4427.308: [GC (CMS Final Remark) [YG occupancy: 9709 K (36288 K)]4427.308: [Rescan (parallel) , 0.0062460 secs]4427.314: [weak refs processing, 0.0000189 secs]4427.314: [class unloading, 0.0149255 secs]4427.329: [scrub symbol table, 0.0070291 secs]4427.336: [scrub string table, 0.0007570 secs][1 CMS-remark: 102170K(206664K)] 111880K(242952K), 0.0305213 secs] [Times: user=0.05 sys=0.00, real=0.03 secs] 
2015-10-30T15:46:00.158+0000: 4427.338: [CMS-concurrent-sweep-start]
2015-10-30T15:46:00.173+0000: 4427.353: [GC (Allocation Failure) 4427.353: [ParNew: 36288K->3968K(36288K), 0.0143904 secs] 137030K->114747K(242952K), 0.0144856 secs] [Times: user=0.05 sys=0.00, real=0.02 secs] 
2015-10-30T15:46:00.209+0000: 4427.390: [GC (Allocation Failure) 4427.390: [ParNew: 36288K->3304K(36288K), 0.0073806 secs] 141895K->112600K(242952K), 0.0074533 secs] [Times: user=0.03 sys=0.00, real=0.00 secs] 
2015-10-30T15:46:00.247+0000: 4427.428: [GC (Allocation Failure) 4427.428: [ParNew: 35624K->3805K(36288K), 0.0060315 secs] 138835K->108189K(242952K), 0.0061115 secs] [Times: user=0.02 sys=0.00, real=0.00 secs] 
2015-10-30T15:46:00.272+0000: 4427.453: [GC (Allocation Failure) 4427.453: [ParNew: 36125K->2501K(36288K), 0.0056973 secs] 128001K->96236K(242952K), 0.0058350 secs] [Times: user=0.02 sys=0.00, real=0.01 secs] 
2015-10-30T15:46:00.281+0000: 4427.461: [CMS-concurrent-sweep: 0.087/0.123 secs] [Times: user=0.43 sys=0.02, real=0.12 secs] 
2015-10-30T15:46:00.281+0000: 4427.461: [CMS-concurrent-reset-start]
2015-10-30T15:46:00.284+0000: 4427.464: [CMS-concurrent-reset: 0.003/0.003 secs] [Times: user=0.01 sys=0.00, real=0.00 secs] 
2015-10-30T15:46:00.306+0000: 4427.486: [GC (Allocation Failure) 4427.486: [ParNew: 34411K->3968K(36288K), 0.0036769 secs] 127700K->97808K(242952K), 0.0037427 secs] [Times: user=0.01 sys=0.00, real=0.00 secs] 
2015-10-30T15:46:00.346+0000: 4427.527: [GC (GCLocker Initiated GC) 4427.527: [ParNew: 36288K->3968K(36288K), 0.0062510 secs] 130493K->102257K(242952K), 0.0063229 secs] [Times: user=0.02 sys=0.00, real=0.00 secs] 
2015-10-30T15:46:00.354+0000: 4427.534: [GC (CMS Initial Mark) [1 CMS-initial-mark: 98289K(206664K)] 102651K(242952K), 0.0017185 secs] [Times: user=0.00 sys=0.00, real=0.00 secs] 
2015-10-30T15:46:00.356+0000: 4427.536: [CMS-concurrent-mark-start]
2015-10-30T15:46:00.387+0000: 4427.568: [GC (Allocation Failure) 4427.568: [ParNew: 36288K->3607K(36288K), 0.0047353 secs] 134577K->104322K(242952K), 0.0048158 secs] [Times: user=0.02 sys=0.00, real=0.00 secs] 
2015-10-30T15:46:00.409+0000: 4427.589: [CMS-concurrent-mark: 0.048/0.053 secs] [Times: user=0.14 sys=0.01, real=0.06 secs] 
2015-10-30T15:46:00.409+0000: 4427.589: [CMS-concurrent-preclean-start]
2015-10-30T15:46:00.414+0000: 4427.594: [CMS-concurrent-preclean: 0.004/0.005 secs] [Times: user=0.00 sys=0.00, real=0.00 secs] 
2015-10-30T15:46:00.414+0000: 4427.594: [CMS-concurrent-abortable-preclean-start]
2015-10-30T15:46:03.184+0000: 4430.364: [GC (Allocation Failure) 4430.364: [ParNew: 35927K->3286K(36288K), 0.0045037 secs] 136642K->105646K(242952K), 0.0045654 secs] [Times: user=0.02 sys=0.00, real=0.01 secs] 
2015-10-30T15:46:03.247+0000: 4430.428: [GC (Allocation Failure) 4430.428: [ParNew: 35606K->2858K(36288K), 0.0057590 secs] 137966K->106824K(242952K), 0.0058355 secs] [Times: user=0.02 sys=0.00, real=0.00 secs] 
2015-10-30T15:46:03.255+0000: 4430.435: [CMS-concurrent-abortable-preclean: 0.654/2.841 secs] [Times: user=0.98 sys=0.03, real=2.84 secs] 
2015-10-30T15:46:03.257+0000: 4430.437: [GC (CMS Final Remark) [YG occupancy: 3871 K (36288 K)]4430.437: [Rescan (parallel) , 0.0079104 secs]4430.445: [weak refs processing, 0.0000264 secs]4430.445: [class unloading, 0.0193867 secs]4430.464: [scrub symbol table, 0.0066670 secs]4430.471: [scrub string table, 0.0007428 secs][1 CMS-remark: 103965K(206664K)] 107837K(242952K), 0.0361414 secs] [Times: user=0.08 sys=0.00, real=0.04 secs] 
2015-10-30T15:46:03.293+0000: 4430.473: [CMS-concurrent-sweep-start]
2015-10-30T15:46:03.357+0000: 4430.538: [GC (Allocation Failure) 4430.538: [ParNew: 35178K->2277K(36288K), 0.0022875 secs] 110245K->77344K(242952K), 0.0023433 secs] [Times: user=0.01 sys=0.00, real=0.00 secs] 
2015-10-30T15:46:03.408+0000: 4430.588: [CMS-concurrent-sweep: 0.108/0.115 secs] [Times: user=0.39 sys=0.02, real=0.12 secs] 
2015-10-30T15:46:03.408+0000: 4430.588: [CMS-concurrent-reset-start]
2015-10-30T15:46:03.411+0000: 4430.591: [CMS-concurrent-reset: 0.003/0.003 secs] [Times: user=0.00 sys=0.00, real=0.00 secs] 
2015-10-30T15:46:03.414+0000: 4430.595: [GC (Allocation Failure) 4430.595: [ParNew: 35749K->3392K(36288K), 0.0023052 secs] 98425K->66068K(242952K), 0.0023498 secs] [Times: user=0.01 sys=0.00, real=0.00 secs] 
2015-10-30T15:46:03.417+0000: 4430.598: [GC (GCLocker Initiated GC) 4430.598: [ParNew: 3792K->3168K(36288K), 0.0022420 secs] 66468K->66790K(242952K), 0.0022819 secs] [Times: user=0.00 sys=0.00, real=0.00 secs] 
2015-10-30T15:46:08.515+0000: 4435.695: [GC (Allocation Failure) 4435.695: [ParNew: 35488K->3968K(36288K), 0.0161003 secs] 99110K->80188K(242952K), 0.0161830 secs] [Times: user=0.05 sys=0.00, real=0.02 secs] 
2015-10-30T15:46:08.553+0000: 4435.734: [GC (Allocation Failure) 4435.734: [ParNew: 36288K->2994K(36288K), 0.0048074 secs] 112508K->83032K(242952K), 0.0048653 secs] [Times: user=0.02 sys=0.00, real=0.01 secs] 
2015-10-30T15:46:08.577+0000: 4435.758: [GC (Allocation Failure) 4435.758: [ParNew: 35314K->1689K(36288K), 0.0032347 secs] 115352K->81727K(242952K), 0.0032981 secs] [Times: user=0.01 sys=0.00, real=0.00 secs] 
2015-10-30T15:46:08.598+0000: 4435.778: [GC (Allocation Failure) 4435.778: [ParNew: 34009K->2774K(36288K), 0.0033272 secs] 114047K->82812K(242952K), 0.0033802 secs] [Times: user=0.01 sys=0.00, real=0.00 secs] 
2015-10-30T15:46:08.622+0000: 4435.802: [GC (Allocation Failure) 4435.802: [ParNew: 35094K->3845K(36288K), 0.0055251 secs] 115132K->84689K(242952K), 0.0055894 secs] [Times: user=0.02 sys=0.00, real=0.01 secs] 
2015-10-30T15:46:08.649+0000: 4435.829: [GC (Allocation Failure) 4435.829: [ParNew: 36165K->2534K(36288K), 0.0047431 secs] 117009K->84058K(242952K), 0.0048091 secs] [Times: user=0.02 sys=0.00, real=0.00 secs] 
2015-10-30T15:46:08.673+0000: 4435.854: [GC (Allocation Failure) 4435.854: [ParNew: 34854K->3508K(36288K), 0.0038626 secs] 116378K->85032K(242952K), 0.0039259 secs] [Times: user=0.01 sys=0.00, real=0.01 secs] 
2015-10-30T15:46:08.697+0000: 4435.878: [GC (Allocation Failure) 4435.878: [ParNew: 35828K->2174K(36288K), 0.0042000 secs] 117352K->84348K(242952K), 0.0042610 secs] [Times: user=0.02 sys=0.00, real=0.00 secs] 
2015-10-30T15:46:08.722+0000: 4435.903: [GC (Allocation Failure) 4435.903: [ParNew: 34494K->3812K(36288K), 0.0032621 secs] 116668K->85986K(242952K), 0.0033322 secs] [Times: user=0.01 sys=0.00, real=0.01 secs] 
2015-10-30T15:46:13.063+0000: 4440.243: [GC (Allocation Failure) 4440.243: [ParNew: 36083K->2906K(36288K), 0.0035364 secs] 118256K->88292K(242952K), 0.0036006 secs] [Times: user=0.01 sys=0.00, real=0.01 secs] 
2015-10-30T15:46:18.531+0000: 4445.712: [GC (Allocation Failure) 4445.712: [ParNew: 35226K->3968K(36288K), 0.0165225 secs] 120612K->102539K(242952K), 0.0166080 secs] [Times: user=0.06 sys=0.00, real=0.02 secs] 
2015-10-30T15:46:18.566+0000: 4445.746: [GC (Allocation Failure) 4445.746: [ParNew: 36288K->2937K(36288K), 0.0049518 secs] 134859K->105305K(242952K), 0.0050108 secs] [Times: user=0.02 sys=0.00, real=0.00 secs] 
2015-10-30T15:46:18.589+0000: 4445.770: [GC (Allocation Failure) 4445.770: [ParNew: 35257K->1961K(36288K), 0.0026594 secs] 137625K->104328K(242952K), 0.0027185 secs] [Times: user=0.01 sys=0.00, real=0.00 secs] 
2015-10-30T15:46:18.613+0000: 4445.794: [GC (Allocation Failure) 4445.794: [ParNew: 34281K->3165K(36288K), 0.0030251 secs] 136648K->105533K(242952K), 0.0030743 secs] [Times: user=0.01 sys=0.01, real=0.00 secs] 
2015-10-30T15:46:18.637+0000: 4445.817: [GC (Allocation Failure) 4445.817: [ParNew: 35485K->3592K(36288K), 0.0048367 secs] 137853K->106769K(242952K), 0.0048936 secs] [Times: user=0.01 sys=0.00, real=0.01 secs] 
2015-10-30T15:46:18.661+0000: 4445.841: [GC (Allocation Failure) 4445.841: [ParNew: 35912K->2588K(36288K), 0.0044714 secs] 139089K->106442K(242952K), 0.0045324 secs] [Times: user=0.02 sys=0.00, real=0.01 secs] 
2015-10-30T15:46:18.685+0000: 4445.866: [GC (Allocation Failure) 4445.866: [ParNew: 34908K->3534K(36288K), 0.0031137 secs] 138762K->107388K(242952K), 0.0031923 secs] [Times: user=0.01 sys=0.00, real=0.00 secs] 
2015-10-30T15:46:18.709+0000: 4445.889: [GC (Allocation Failure) 4445.889: [ParNew: 35854K->2756K(36288K), 0.0037972 secs] 139708K->107244K(242952K), 0.0038575 secs] [Times: user=0.01 sys=0.00, real=0.00 secs] 
2015-10-30T15:46:18.739+0000: 4445.920: [GC (Allocation Failure) 4445.920: [ParNew: 35037K->3968K(36288K), 0.0034714 secs] 139526K->108586K(242952K), 0.0035324 secs] [Times: user=0.01 sys=0.00, real=0.00 secs] 
2015-10-30T15:46:27.793+0000: 4454.973: [GC (Allocation Failure) 4454.973: [ParNew: 36288K->2383K(36288K), 0.0050240 secs] 140906K->111646K(242952K), 0.0050887 secs] [Times: user=0.02 sys=0.00, real=0.01 secs] 
2015-10-30T15:46:28.520+0000: 4455.701: [GC (Allocation Failure) 4455.701: [ParNew: 34703K->3968K(36288K), 0.0142209 secs] 143966K->124960K(242952K), 0.0143043 secs] [Times: user=0.05 sys=0.00, real=0.01 secs] 
2015-10-30T15:46:28.553+0000: 4455.734: [GC (Allocation Failure) 4455.734: [ParNew: 36288K->2055K(36288K), 0.0045364 secs] 157280K->126815K(242952K), 0.0045994 secs] [Times: user=0.01 sys=0.00, real=0.01 secs] 
2015-10-30T15:46:28.577+0000: 4455.758: [GC (Allocation Failure) 4455.758: [ParNew: 34375K->1980K(36288K), 0.0032829 secs] 159135K->126740K(242952K), 0.0033431 secs] [Times: user=0.01 sys=0.00, real=0.00 secs] 
2015-10-30T15:46:28.601+0000: 4455.782: [GC (Allocation Failure) 4455.782: [ParNew: 34300K->2553K(36288K), 0.0034760 secs] 159060K->127312K(242952K), 0.0035267 secs] [Times: user=0.01 sys=0.00, real=0.00 secs] 
2015-10-30T15:46:28.629+0000: 4455.809: [GC (Allocation Failure) 4455.809: [ParNew: 34873K->2591K(36288K), 0.0043814 secs] 159632K->128124K(242952K), 0.0044364 secs] [Times: user=0.02 sys=0.00, real=0.00 secs] 
2015-10-30T15:46:28.653+0000: 4455.833: [GC (Allocation Failure) 4455.834: [ParNew: 34911K->3683K(36288K), 0.0046077 secs] 160444K->129883K(242952K), 0.0046673 secs] [Times: user=0.01 sys=0.01, real=0.01 secs] 
2015-10-30T15:46:28.677+0000: 4455.858: [GC (Allocation Failure) 4455.858: [ParNew: 36003K->2678K(36288K), 0.0040446 secs] 162203K->129513K(242952K), 0.0041049 secs] [Times: user=0.01 sys=0.00, real=0.00 secs] 
2015-10-30T15:46:28.701+0000: 4455.882: [GC (Allocation Failure) 4455.882: [ParNew: 34998K->3288K(36288K), 0.0030046 secs] 161833K->130124K(242952K), 0.0030641 secs] [Times: user=0.01 sys=0.00, real=0.00 secs] 
2015-10-30T15:46:28.734+0000: 4455.915: [GC (Allocation Failure) 4455.915: [ParNew: 35497K->3968K(36288K), 0.0036299 secs] 162332K->131916K(242952K), 0.0036944 secs] [Times: user=0.02 sys=0.00, real=0.01 secs] 
2015-10-30T15:46:38.480+0000: 4465.661: [GC (Allocation Failure) 4465.661: [ParNew: 36245K->2174K(36288K), 0.0042045 secs] 164194K->134289K(242952K), 0.0042800 secs] [Times: user=0.02 sys=0.00, real=0.00 secs] 
2015-10-30T15:46:38.527+0000: 4465.707: [GC (Allocation Failure) 4465.707: [ParNew: 34494K->3968K(36288K), 0.0140584 secs] 166609K->147912K(242952K), 0.0141374 secs] [Times: user=0.05 sys=0.00, real=0.01 secs] 
2015-10-30T15:46:38.560+0000: 4465.740: [GC (Allocation Failure) 4465.740: [ParNew: 36288K->1624K(36288K), 0.0037342 secs] 180232K->149290K(242952K), 0.0037901 secs] [Times: user=0.01 sys=0.00, real=0.00 secs] 
2015-10-30T15:46:38.585+0000: 4465.766: [GC (Allocation Failure) 4465.766: [ParNew: 33944K->2141K(36288K), 0.0026888 secs] 181610K->149806K(242952K), 0.0027479 secs] [Times: user=0.01 sys=0.00, real=0.00 secs] 
2015-10-30T15:46:38.608+0000: 4465.788: [GC (Allocation Failure) 4465.788: [ParNew: 34461K->2926K(36288K), 0.0034765 secs] 182126K->150592K(242952K), 0.0035334 secs] [Times: user=0.02 sys=0.00, real=0.00 secs] 
2015-10-30T15:46:38.632+0000: 4465.813: [GC (Allocation Failure) 4465.813: [ParNew: 35246K->2526K(36288K), 0.0043723 secs] 182912K->150987K(242952K), 0.0044236 secs] [Times: user=0.02 sys=0.00, real=0.00 secs] 
2015-10-30T15:46:38.657+0000: 4465.838: [GC (Allocation Failure) 4465.838: [ParNew: 34846K->3714K(36288K), 0.0040655 secs] 183307K->152835K(242952K), 0.0041260 secs] [Times: user=0.02 sys=0.00, real=0.00 secs] 
2015-10-30T15:46:38.681+0000: 4465.862: [GC (Allocation Failure) 4465.862: [ParNew: 36034K->2320K(36288K), 0.0038000 secs] 185155K->152119K(242952K), 0.0038656 secs] [Times: user=0.01 sys=0.00, real=0.01 secs] 
2015-10-30T15:46:38.709+0000: 4465.890: [GC (Allocation Failure) 4465.890: [ParNew: 34640K->2896K(36288K), 0.0031556 secs] 184439K->152694K(242952K), 0.0032208 secs] [Times: user=0.01 sys=0.00, real=0.00 secs] 
2015-10-30T15:46:38.745+0000: 4465.925: [GC (Allocation Failure) 4465.925: [ParNew: 34959K->3968K(36288K), 0.0044577 secs] 184758K->155842K(242952K), 0.0045193 secs] [Times: user=0.01 sys=0.00, real=0.01 secs] 
2015-10-30T15:46:38.750+0000: 4465.930: [GC (CMS Initial Mark) [1 CMS-initial-mark: 151874K(206664K)] 156356K(242952K), 0.0015639 secs] [Times: user=0.01 sys=0.00, real=0.00 secs] 
2015-10-30T15:46:38.751+0000: 4465.932: [CMS-concurrent-mark-start]
2015-10-30T15:46:38.788+0000: 4465.969: [CMS-concurrent-mark: 0.037/0.037 secs] [Times: user=0.07 sys=0.00, real=0.04 secs] 
2015-10-30T15:46:38.789+0000: 4465.969: [CMS-concurrent-preclean-start]
2015-10-30T15:46:38.790+0000: 4465.970: [CMS-concurrent-preclean: 0.001/0.001 secs] [Times: user=0.00 sys=0.00, real=0.00 secs] 
2015-10-30T15:46:38.790+0000: 4465.970: [CMS-concurrent-abortable-preclean-start]
 CMS: abort preclean due to time 2015-10-30T15:46:43.802+0000: 4470.982: [CMS-concurrent-abortable-preclean: 1.102/5.012 secs] [Times: user=1.20 sys=0.00, real=5.01 secs] 
2015-10-30T15:46:43.802+0000: 4470.983: [GC (CMS Final Remark) [YG occupancy: 32296 K (36288 K)]4470.983: [Rescan (parallel) , 0.0023231 secs]4470.985: [weak refs processing, 0.0000369 secs]4470.985: [class unloading, 0.0148231 secs]4471.000: [scrub symbol table, 0.0066336 secs]4471.006: [scrub string table, 0.0007406 secs][1 CMS-remark: 151874K(206664K)] 184171K(242952K), 0.0259592 secs] [Times: user=0.03 sys=0.00, real=0.03 secs] 
2015-10-30T15:46:43.828+0000: 4471.009: [CMS-concurrent-sweep-start]
2015-10-30T15:46:43.889+0000: 4471.070: [CMS-concurrent-sweep: 0.061/0.061 secs] [Times: user=0.06 sys=0.00, real=0.06 secs] 
2015-10-30T15:46:43.889+0000: 4471.070: [CMS-concurrent-reset-start]
2015-10-30T15:46:43.892+0000: 4471.072: [CMS-concurrent-reset: 0.002/0.002 secs] [Times: user=0.00 sys=0.00, real=0.00 secs] 
2015-10-30T15:46:48.484+0000: 4475.665: [GC (Allocation Failure) 4475.665: [ParNew: 36261K->3212K(36288K), 0.0051331 secs] 97901K->69017K(242952K), 0.0052089 secs] [Times: user=0.02 sys=0.00, real=0.01 secs] 
2015-10-30T15:46:48.530+0000: 4475.711: [GC (Allocation Failure) 4475.711: [ParNew: 35532K->3968K(36288K), 0.0130579 secs] 101337K->81536K(242952K), 0.0131371 secs] [Times: user=0.04 sys=0.00, real=0.01 secs] 
2015-10-30T15:46:48.563+0000: 4475.743: [GC (Allocation Failure) 4475.744: [ParNew: 36288K->2724K(36288K), 0.0049305 secs] 113856K->84117K(242952K), 0.0049882 secs] [Times: user=0.02 sys=0.00, real=0.01 secs] 
2015-10-30T15:46:48.589+0000: 4475.770: [GC (Allocation Failure) 4475.770: [ParNew: 35044K->1789K(36288K), 0.0027453 secs] 116437K->83182K(242952K), 0.0028041 secs] [Times: user=0.01 sys=0.00, real=0.00 secs] 
2015-10-30T15:46:48.610+0000: 4475.790: [GC (Allocation Failure) 4475.790: [ParNew: 34109K->2731K(36288K), 0.0032558 secs] 115502K->84124K(242952K), 0.0033052 secs] [Times: user=0.01 sys=0.00, real=0.00 secs] 
2015-10-30T15:46:48.634+0000: 4475.815: [GC (Allocation Failure) 4475.815: [ParNew: 35051K->2367K(36288K), 0.0051458 secs] 116444K->84523K(242952K), 0.0051965 secs] [Times: user=0.02 sys=0.00, real=0.01 secs] 
2015-10-30T15:46:48.658+0000: 4475.838: [GC (Allocation Failure) 4475.838: [ParNew: 34687K->3219K(36288K), 0.0051110 secs] 116843K->86085K(242952K), 0.0051700 secs] [Times: user=0.02 sys=0.00, real=0.00 secs] 
2015-10-30T15:46:48.681+0000: 4475.862: [GC (Allocation Failure) 4475.862: [ParNew: 35539K->3130K(36288K), 0.0040810 secs] 118405K->86597K(242952K), 0.0041437 secs] [Times: user=0.02 sys=0.00, real=0.01 secs] 
2015-10-30T15:46:48.705+0000: 4475.886: [GC (Allocation Failure) 4475.886: [ParNew: 35450K->2362K(36288K), 0.0028634 secs] 118917K->85829K(242952K), 0.0029392 secs] [Times: user=0.01 sys=0.00, real=0.00 secs] 
2015-10-30T15:46:48.743+0000: 4475.924: [GC (Allocation Failure) 4475.924: [ParNew: 34478K->3968K(36288K), 0.0041292 secs] 117946K->90525K(242952K), 0.0041953 secs] [Times: user=0.01 sys=0.00, real=0.01 secs] 
2015-10-30T15:46:48.748+0000: 4475.929: [GC (CMS Initial Mark) [1 CMS-initial-mark: 86557K(206664K)] 95843K(242952K), 0.0017049 secs] [Times: user=0.01 sys=0.00, real=0.00 secs] 
2015-10-30T15:46:48.750+0000: 4475.930: [CMS-concurrent-mark-start]
2015-10-30T15:46:48.787+0000: 4475.968: [CMS-concurrent-mark: 0.037/0.037 secs] [Times: user=0.08 sys=0.00, real=0.04 secs] 
2015-10-30T15:46:48.787+0000: 4475.968: [CMS-concurrent-preclean-start]
2015-10-30T15:46:48.789+0000: 4475.970: [CMS-concurrent-preclean: 0.002/0.002 secs] [Times: user=0.00 sys=0.00, real=0.00 secs] 
2015-10-30T15:46:48.789+0000: 4475.970: [CMS-concurrent-abortable-preclean-start]
 CMS: abort preclean due to time 2015-10-30T15:46:53.881+0000: 4481.062: [CMS-concurrent-abortable-preclean: 1.085/5.092 secs] [Times: user=1.17 sys=0.01, real=5.09 secs] 
2015-10-30T15:46:53.882+0000: 4481.062: [GC (CMS Final Remark) [YG occupancy: 31128 K (36288 K)]4481.062: [Rescan (parallel) , 0.0018870 secs]4481.064: [weak refs processing, 0.0000165 secs]4481.064: [class unloading, 0.0152291 secs]4481.079: [scrub symbol table, 0.0066969 secs]4481.086: [scrub string table, 0.0007457 secs][1 CMS-remark: 86557K(206664K)] 117686K(242952K), 0.0260546 secs] [Times: user=0.03 sys=0.00, real=0.03 secs] 
2015-10-30T15:46:53.908+0000: 4481.088: [CMS-concurrent-sweep-start]
2015-10-30T15:46:53.953+0000: 4481.134: [CMS-concurrent-sweep: 0.045/0.045 secs] [Times: user=0.04 sys=0.00, real=0.04 secs] 
2015-10-30T15:46:53.953+0000: 4481.134: [CMS-concurrent-reset-start]
2015-10-30T15:46:53.956+0000: 4481.136: [CMS-concurrent-reset: 0.002/0.002 secs] [Times: user=0.01 sys=0.00, real=0.00 secs] 
2015-10-30T15:46:55.955+0000: 4483.136: [GC (CMS Initial Mark) [1 CMS-initial-mark: 62649K(206664K)] 94057K(242952K), 0.0025558 secs] [Times: user=0.01 sys=0.00, real=0.01 secs] 
2015-10-30T15:46:55.958+0000: 4483.138: [CMS-concurrent-mark-start]
2015-10-30T15:46:55.995+0000: 4483.176: [CMS-concurrent-mark: 0.037/0.037 secs] [Times: user=0.03 sys=0.00, real=0.03 secs] 
2015-10-30T15:46:55.995+0000: 4483.176: [CMS-concurrent-preclean-start]
2015-10-30T15:46:55.998+0000: 4483.178: [CMS-concurrent-preclean: 0.002/0.002 secs] [Times: user=0.00 sys=0.00, real=0.01 secs] 
2015-10-30T15:46:55.998+0000: 4483.178: [CMS-concurrent-abortable-preclean-start]
2015-10-30T15:46:58.534+0000: 4485.714: [GC (Allocation Failure) 4485.715: [ParNew: 36273K->3968K(36288K), 0.0050301 secs] 98923K->71301K(242952K), 0.0051046 secs] [Times: user=0.02 sys=0.00, real=0.01 secs] 
2015-10-30T15:46:58.578+0000: 4485.759: [GC (Allocation Failure) 4485.759: [ParNew: 36288K->3968K(36288K), 0.0137396 secs] 103621K->80841K(242952K), 0.0138233 secs] [Times: user=0.05 sys=0.00, real=0.01 secs] 
2015-10-30T15:46:58.617+0000: 4485.798: [GC (Allocation Failure) 4485.798: [ParNew: 36288K->3438K(36288K), 0.0056844 secs] 113161K->84239K(242952K), 0.0057530 secs] [Times: user=0.02 sys=0.00, real=0.00 secs] 
2015-10-30T15:46:58.643+0000: 4485.823: [GC (Allocation Failure) 4485.823: [ParNew: 35758K->2180K(36288K), 0.0024856 secs] 116559K->82980K(242952K), 0.0025435 secs] [Times: user=0.01 sys=0.00, real=0.01 secs] 
2015-10-30T15:46:58.652+0000: 4485.832: [CMS-concurrent-abortable-preclean: 0.533/2.654 secs] [Times: user=0.85 sys=0.02, real=2.65 secs] 
2015-10-30T15:46:58.653+0000: 4485.834: [GC (CMS Final Remark) [YG occupancy: 14867 K (36288 K)]4485.834: [Rescan (parallel) , 0.0095584 secs]4485.843: [weak refs processing, 0.0000181 secs]4485.843: [class unloading, 0.0144809 secs]4485.858: [scrub symbol table, 0.0066497 secs]4485.865: [scrub string table, 0.0007392 secs][1 CMS-remark: 80800K(206664K)] 95668K(242952K), 0.0328747 secs] [Times: user=0.06 sys=0.00, real=0.04 secs] 
2015-10-30T15:46:58.687+0000: 4485.867: [CMS-concurrent-sweep-start]
2015-10-30T15:46:58.701+0000: 4485.881: [GC (Allocation Failure) 4485.881: [ParNew: 34500K->2820K(36288K), 0.0029428 secs] 114493K->82813K(242952K), 0.0030114 secs] [Times: user=0.01 sys=0.00, real=0.00 secs] 
2015-10-30T15:46:58.728+0000: 4485.908: [GC (Allocation Failure) 4485.908: [ParNew: 35140K->2953K(36288K), 0.0042221 secs] 112438K->80989K(242952K), 0.0042886 secs] [Times: user=0.01 sys=0.00, real=0.00 secs] 
2015-10-30T15:46:58.748+0000: 4485.928: [CMS-concurrent-sweep: 0.052/0.061 secs] [Times: user=0.24 sys=0.00, real=0.06 secs] 
2015-10-30T15:46:58.748+0000: 4485.928: [CMS-concurrent-reset-start]
2015-10-30T15:46:58.750+0000: 4485.931: [CMS-concurrent-reset: 0.003/0.003 secs] [Times: user=0.01 sys=0.00, real=0.00 secs] 
2015-10-30T15:46:58.756+0000: 4485.936: [GC (Allocation Failure) 4485.936: [ParNew: 35273K->2529K(36288K), 0.0039202 secs] 112185K->80164K(242952K), 0.0039656 secs] [Times: user=0.02 sys=0.00, real=0.01 secs] 
2015-10-30T15:46:58.778+0000: 4485.958: [GC (Allocation Failure) 4485.958: [ParNew: 34849K->3843K(36288K), 0.0029634 secs] 112484K->81478K(242952K), 0.0030246 secs] [Times: user=0.01 sys=0.00, real=0.00 secs] 
2015-10-30T15:46:58.800+0000: 4485.980: [GC (Allocation Failure) 4485.980: [ParNew: 36163K->2264K(36288K), 0.0035089 secs] 113798K->80501K(242952K), 0.0035672 secs] [Times: user=0.02 sys=0.00, real=0.00 secs] 
2015-10-30T15:46:58.836+0000: 4486.017: [GC (Allocation Failure) 4486.017: [ParNew: 32102K->3968K(36288K), 0.0030347 secs] 110340K->85404K(242952K), 0.0030986 secs] [Times: user=0.02 sys=0.00, real=0.01 secs] 
2015-10-30T15:46:58.840+0000: 4486.021: [GC (CMS Initial Mark) [1 CMS-initial-mark: 81436K(206664K)] 90724K(242952K), 0.0019172 secs] [Times: user=0.00 sys=0.00, real=0.00 secs] 
2015-10-30T15:46:58.842+0000: 4486.023: [CMS-concurrent-mark-start]
2015-10-30T15:46:58.879+0000: 4486.060: [CMS-concurrent-mark: 0.037/0.037 secs] [Times: user=0.08 sys=0.00, real=0.04 secs] 
2015-10-30T15:46:58.879+0000: 4486.060: [CMS-concurrent-preclean-start]
2015-10-30T15:46:58.881+0000: 4486.061: [CMS-concurrent-preclean: 0.001/0.001 secs] [Times: user=0.00 sys=0.00, real=0.00 secs] 
2015-10-30T15:46:58.881+0000: 4486.061: [CMS-concurrent-abortable-preclean-start]
2015-10-30T15:47:00.179+0000: 4487.360: [GC (Allocation Failure) 4487.360: [ParNew: 36236K->2081K(36288K), 0.0052181 secs] 117673K->88508K(242952K), 0.0052850 secs] [Times: user=0.02 sys=0.00, real=0.00 secs] 
2015-10-30T15:47:00.225+0000: 4487.406: [GC (Allocation Failure) 4487.406: [ParNew: 34401K->3968K(36288K), 0.0051159 secs] 120828K->91399K(242952K), 0.0051957 secs] [Times: user=0.02 sys=0.00, real=0.00 secs] 
2015-10-30T15:47:00.233+0000: 4487.414: [GC (GCLocker Initiated GC) 4487.414: [ParNew: 4744K->2449K(36288K), 0.0066740 secs] 92176K->93897K(242952K), 0.0067362 secs] [Times: user=0.03 sys=0.00, real=0.01 secs] 
2015-10-30T15:47:00.266+0000: 4487.447: [GC (GCLocker Initiated GC) 4487.447: [ParNew: 35364K->3968K(36288K), 0.0064489 secs] 126813K->99188K(242952K), 0.0065332 secs] [Times: user=0.02 sys=0.00, real=0.00 secs] 
2015-10-30T15:47:00.284+0000: 4487.464: [CMS-concurrent-abortable-preclean: 0.345/1.403 secs] [Times: user=0.72 sys=0.03, real=1.40 secs] 
2015-10-30T15:47:00.288+0000: 4487.469: [GC (CMS Final Remark) [YG occupancy: 15683 K (36288 K)]4487.469: [Rescan (parallel) , 0.0073667 secs]4487.476: [weak refs processing, 0.0000192 secs]4487.476: [class unloading, 0.0149686 secs]4487.491: [scrub symbol table, 0.0075803 secs]4487.499: [scrub string table, 0.0007584 secs][1 CMS-remark: 95220K(206664K)] 110903K(242952K), 0.0322022 secs] [Times: user=0.05 sys=0.00, real=0.03 secs] 
2015-10-30T15:47:00.321+0000: 4487.501: [CMS-concurrent-sweep-start]
2015-10-30T15:47:00.339+0000: 4487.520: [GC (Allocation Failure) 4487.520: [ParNew: 36288K->3026K(36288K), 0.0049421 secs] 127274K->97497K(242952K), 0.0050066 secs] [Times: user=0.02 sys=0.00, real=0.00 secs] 
2015-10-30T15:47:00.372+0000: 4487.552: [GC (Allocation Failure) 4487.552: [ParNew: 35346K->3968K(36288K), 0.0059497 secs] 120366K->91444K(242952K), 0.0060141 secs] [Times: user=0.02 sys=0.00, real=0.01 secs] 
2015-10-30T15:47:00.395+0000: 4487.575: [CMS-concurrent-sweep: 0.062/0.074 secs] [Times: user=0.23 sys=0.01, real=0.07 secs] 
2015-10-30T15:47:00.395+0000: 4487.575: [CMS-concurrent-reset-start]
2015-10-30T15:47:00.397+0000: 4487.578: [CMS-concurrent-reset: 0.002/0.002 secs] [Times: user=0.00 sys=0.00, real=0.01 secs] 
2015-10-30T15:47:02.397+0000: 4489.578: [GC (CMS Initial Mark) [1 CMS-initial-mark: 80537K(206664K)] 89248K(242952K), 0.0031542 secs] [Times: user=0.00 sys=0.00, real=0.00 secs] 
2015-10-30T15:47:02.401+0000: 4489.581: [CMS-concurrent-mark-start]
2015-10-30T15:47:02.434+0000: 4489.614: [CMS-concurrent-mark: 0.033/0.033 secs] [Times: user=0.04 sys=0.00, real=0.03 secs] 
2015-10-30T15:47:02.434+0000: 4489.614: [CMS-concurrent-preclean-start]
2015-10-30T15:47:02.436+0000: 4489.616: [CMS-concurrent-preclean: 0.002/0.002 secs] [Times: user=0.00 sys=0.00, real=0.00 secs] 
2015-10-30T15:47:02.436+0000: 4489.616: [CMS-concurrent-abortable-preclean-start]
 CMS: abort preclean due to time 2015-10-30T15:47:07.480+0000: 4494.660: [CMS-concurrent-abortable-preclean: 0.936/5.044 secs] [Times: user=1.00 sys=0.00, real=5.05 secs] 
2015-10-30T15:47:07.480+0000: 4494.661: [GC (CMS Final Remark) [YG occupancy: 9785 K (36288 K)]4494.661: [Rescan (parallel) , 0.0038016 secs]4494.664: [weak refs processing, 0.0000204 secs]4494.664: [class unloading, 0.0147945 secs]4494.679: [scrub symbol table, 0.0066522 secs]4494.686: [scrub string table, 0.0007452 secs][1 CMS-remark: 80537K(206664K)] 90323K(242952K), 0.0274515 secs] [Times: user=0.04 sys=0.00, real=0.03 secs] 
2015-10-30T15:47:07.508+0000: 4494.688: [CMS-concurrent-sweep-start]
2015-10-30T15:47:07.557+0000: 4494.738: [CMS-concurrent-sweep: 0.049/0.049 secs] [Times: user=0.05 sys=0.00, real=0.05 secs] 
2015-10-30T15:47:07.557+0000: 4494.738: [CMS-concurrent-reset-start]
2015-10-30T15:47:07.560+0000: 4494.740: [CMS-concurrent-reset: 0.002/0.002 secs] [Times: user=0.01 sys=0.00, real=0.00 secs] 
2015-10-30T15:47:08.495+0000: 4495.676: [GC (Allocation Failure) 4495.676: [ParNew: 36288K->3968K(36288K), 0.0135138 secs] 92470K->72753K(242952K), 0.0135992 secs] [Times: user=0.05 sys=0.00, real=0.02 secs] 
2015-10-30T15:47:08.527+0000: 4495.707: [GC (Allocation Failure) 4495.707: [ParNew: 36288K->3590K(36288K), 0.0054676 secs] 105073K->76289K(242952K), 0.0055282 secs] [Times: user=0.02 sys=0.00, real=0.00 secs] 
2015-10-30T15:47:08.553+0000: 4495.734: [GC (Allocation Failure) 4495.734: [ParNew: 35910K->2270K(36288K), 0.0025485 secs] 108609K->74969K(242952K), 0.0026097 secs] [Times: user=0.01 sys=0.00, real=0.00 secs] 
2015-10-30T15:47:08.577+0000: 4495.758: [GC (Allocation Failure) 4495.758: [ParNew: 34590K->3076K(36288K), 0.0030921 secs] 107289K->75775K(242952K), 0.0031534 secs] [Times: user=0.01 sys=0.00, real=0.00 secs] 
2015-10-30T15:47:08.601+0000: 4495.782: [GC (Allocation Failure) 4495.782: [ParNew: 35396K->2713K(36288K), 0.0045540 secs] 108095K->76226K(242952K), 0.0046156 secs] [Times: user=0.02 sys=0.00, real=0.01 secs] 
2015-10-30T15:47:08.625+0000: 4495.805: [GC (Allocation Failure) 4495.805: [ParNew: 35033K->3158K(36288K), 0.0037117 secs] 108546K->77351K(242952K), 0.0037743 secs] [Times: user=0.01 sys=0.00, real=0.01 secs] 
2015-10-30T15:47:08.649+0000: 4495.829: [GC (Allocation Failure) 4495.829: [ParNew: 35478K->3968K(36288K), 0.0030920 secs] 109671K->78161K(242952K), 0.0031538 secs] [Times: user=0.01 sys=0.00, real=0.00 secs] 
2015-10-30T15:47:08.671+0000: 4495.851: [GC (Allocation Failure) 4495.851: [ParNew: 36288K->2901K(36288K), 0.0035352 secs] 110481K->77692K(242952K), 0.0036084 secs] [Times: user=0.01 sys=0.00, real=0.00 secs] 
2015-10-30T15:47:08.693+0000: 4495.874: [GC (Allocation Failure) 4495.874: [ParNew: 35221K->2595K(36288K), 0.0032597 secs] 110012K->78002K(242952K), 0.0033260 secs] [Times: user=0.01 sys=0.00, real=0.00 secs] 
2015-10-30T15:47:08.725+0000: 4495.906: [GC (Allocation Failure) 4495.906: [ParNew: 32254K->2658K(36288K), 0.0024830 secs] 107661K->80733K(242952K), 0.0025461 secs] [Times: user=0.01 sys=0.00, real=0.00 secs] 
2015-10-30T15:47:08.728+0000: 4495.909: [GC (CMS Initial Mark) [1 CMS-initial-mark: 78075K(206664K)] 83401K(242952K), 0.0017089 secs] [Times: user=0.01 sys=0.00, real=0.00 secs] 
2015-10-30T15:47:08.730+0000: 4495.911: [CMS-concurrent-mark-start]
2015-10-30T15:47:08.767+0000: 4495.948: [CMS-concurrent-mark: 0.037/0.037 secs] [Times: user=0.07 sys=0.00, real=0.04 secs] 
2015-10-30T15:47:08.767+0000: 4495.948: [CMS-concurrent-preclean-start]
2015-10-30T15:47:08.769+0000: 4495.950: [CMS-concurrent-preclean: 0.002/0.002 secs] [Times: user=0.00 sys=0.00, real=0.00 secs] 
2015-10-30T15:47:08.769+0000: 4495.950: [CMS-concurrent-abortable-preclean-start]
 CMS: abort preclean due to time 2015-10-30T15:47:13.825+0000: 4501.005: [CMS-concurrent-abortable-preclean: 1.189/5.056 secs] [Times: user=1.28 sys=0.00, real=5.05 secs] 
2015-10-30T15:47:13.825+0000: 4501.005: [GC (CMS Final Remark) [YG occupancy: 8261 K (36288 K)]4501.005: [Rescan (parallel) , 0.0022360 secs]4501.008: [weak refs processing, 0.0000185 secs]4501.008: [class unloading, 0.0145617 secs]4501.022: [scrub symbol table, 0.0066299 secs]4501.029: [scrub string table, 0.0007495 secs][1 CMS-remark: 78075K(206664K)] 86336K(242952K), 0.0256075 secs] [Times: user=0.03 sys=0.00, real=0.03 secs] 
2015-10-30T15:47:13.851+0000: 4501.031: [CMS-concurrent-sweep-start]
2015-10-30T15:47:13.885+0000: 4501.065: [CMS-concurrent-sweep: 0.034/0.034 secs] [Times: user=0.03 sys=0.00, real=0.03 secs] 
2015-10-30T15:47:13.885+0000: 4501.065: [CMS-concurrent-reset-start]
2015-10-30T15:47:13.887+0000: 4501.067: [CMS-concurrent-reset: 0.002/0.002 secs] [Times: user=0.01 sys=0.00, real=0.01 secs] 
2015-10-30T15:47:15.887+0000: 4503.067: [GC (CMS Initial Mark) [1 CMS-initial-mark: 60598K(206664K)] 69094K(242952K), 0.0023745 secs] [Times: user=0.00 sys=0.00, real=0.00 secs] 
2015-10-30T15:47:15.889+0000: 4503.070: [CMS-concurrent-mark-start]
2015-10-30T15:47:15.926+0000: 4503.106: [CMS-concurrent-mark: 0.037/0.037 secs] [Times: user=0.04 sys=0.00, real=0.04 secs] 
2015-10-30T15:47:15.926+0000: 4503.106: [CMS-concurrent-preclean-start]
2015-10-30T15:47:15.928+0000: 4503.108: [CMS-concurrent-preclean: 0.002/0.002 secs] [Times: user=0.00 sys=0.00, real=0.00 secs] 
2015-10-30T15:47:15.928+0000: 4503.108: [CMS-concurrent-abortable-preclean-start]
2015-10-30T15:47:18.527+0000: 4505.707: [GC (Allocation Failure) 4505.707: [ParNew: 34970K->3968K(36288K), 0.0147042 secs] 95568K->76110K(242952K), 0.0147846 secs] [Times: user=0.05 sys=0.00, real=0.01 secs] 
2015-10-30T15:47:18.565+0000: 4505.746: [GC (Allocation Failure) 4505.746: [ParNew: 36288K->2629K(36288K), 0.0040217 secs] 108430K->78525K(242952K), 0.0041017 secs] [Times: user=0.01 sys=0.00, real=0.01 secs] 
2015-10-30T15:47:18.582+0000: 4505.763: [CMS-concurrent-abortable-preclean: 0.618/2.654 secs] [Times: user=0.86 sys=0.01, real=2.65 secs] 
2015-10-30T15:47:18.584+0000: 4505.765: [GC (CMS Final Remark) [YG occupancy: 22126 K (36288 K)]4505.765: [Rescan (parallel) , 0.0132916 secs]4505.778: [weak refs processing, 0.0000177 secs]4505.778: [class unloading, 0.0142791 secs]4505.792: [scrub symbol table, 0.0066039 secs]4505.799: [scrub string table, 0.0007298 secs][1 CMS-remark: 75896K(206664K)] 98022K(242952K), 0.0363187 secs] [Times: user=0.07 sys=0.00, real=0.04 secs] 
2015-10-30T15:47:18.628+0000: 4505.808: [CMS-concurrent-sweep-start]
2015-10-30T15:47:18.628+0000: 4505.808: [GC (Allocation Failure) 4505.808: [ParNew: 34949K->1997K(36288K), 0.0027024 secs] 110845K->77894K(242952K), 0.0027509 secs] [Times: user=0.01 sys=0.00, real=0.00 secs] 
2015-10-30T15:47:18.651+0000: 4505.831: [GC (Allocation Failure) 4505.831: [ParNew: 34317K->2944K(36288K), 0.0035841 secs] 110100K->78726K(242952K), 0.0036332 secs] [Times: user=0.01 sys=0.00, real=0.00 secs] 
2015-10-30T15:47:18.678+0000: 4505.859: [GC (Allocation Failure) 4505.859: [ParNew: 35264K->3161K(36288K), 0.0045472 secs] 110877K->79617K(242952K), 0.0046089 secs] [Times: user=0.02 sys=0.00, real=0.00 secs] 
2015-10-30T15:47:18.703+0000: 4505.883: [CMS-concurrent-sweep: 0.066/0.075 secs] [Times: user=0.29 sys=0.00, real=0.07 secs] 
2015-10-30T15:47:18.703+0000: 4505.883: [CMS-concurrent-reset-start]
2015-10-30T15:47:18.705+0000: 4505.886: [CMS-concurrent-reset: 0.003/0.003 secs] [Times: user=0.01 sys=0.00, real=0.01 secs] 
2015-10-30T15:47:18.709+0000: 4505.890: [GC (Allocation Failure) 4505.890: [ParNew: 35481K->3269K(36288K), 0.0045341 secs] 111788K->80279K(242952K), 0.0045845 secs] [Times: user=0.01 sys=0.00, real=0.00 secs] 
2015-10-30T15:47:18.733+0000: 4505.914: [GC (Allocation Failure) 4505.914: [ParNew: 35589K->3134K(36288K), 0.0042171 secs] 112599K->80722K(242952K), 0.0042804 secs] [Times: user=0.01 sys=0.00, real=0.01 secs] 
2015-10-30T15:47:18.757+0000: 4505.938: [GC (Allocation Failure) 4505.938: [ParNew: 35454K->2380K(36288K), 0.0032459 secs] 113042K->80646K(242952K), 0.0033036 secs] [Times: user=0.01 sys=0.00, real=0.00 secs] 
2015-10-30T15:47:18.780+0000: 4505.960: [GC (Allocation Failure) 4505.960: [ParNew: 34700K->2235K(36288K), 0.0026225 secs] 112966K->80501K(242952K), 0.0026818 secs] [Times: user=0.01 sys=0.00, real=0.00 secs] 
2015-10-30T15:47:18.811+0000: 4505.992: [GC (Allocation Failure) 4505.992: [ParNew: 33015K->2807K(36288K), 0.0025337 secs] 111281K->83741K(242952K), 0.0026003 secs] [Times: user=0.01 sys=0.00, real=0.00 secs] 
2015-10-30T15:47:18.815+0000: 4505.995: [GC (CMS Initial Mark) [1 CMS-initial-mark: 80933K(206664K)] 86409K(242952K), 0.0015270 secs] [Times: user=0.00 sys=0.00, real=0.00 secs] 
2015-10-30T15:47:18.816+0000: 4505.997: [CMS-concurrent-mark-start]
2015-10-30T15:47:18.871+0000: 4506.052: [CMS-concurrent-mark: 0.055/0.055 secs] [Times: user=0.11 sys=0.00, real=0.06 secs] 
2015-10-30T15:47:18.872+0000: 4506.052: [CMS-concurrent-preclean-start]
2015-10-30T15:47:18.873+0000: 4506.054: [CMS-concurrent-preclean: 0.002/0.002 secs] [Times: user=0.01 sys=0.00, real=0.00 secs] 
2015-10-30T15:47:18.873+0000: 4506.054: [CMS-concurrent-abortable-preclean-start]
 CMS: abort preclean due to time 2015-10-30T15:47:23.964+0000: 4511.145: [CMS-concurrent-abortable-preclean: 1.212/5.091 secs] [Times: user=1.31 sys=0.00, real=5.09 secs] 
2015-10-30T15:47:23.964+0000: 4511.145: [GC (CMS Final Remark) [YG occupancy: 8441 K (36288 K)]4511.151: [Rescan (parallel) , 0.0018620 secs]4511.153: [weak refs processing, 0.0000192 secs]4511.153: [class unloading, 0.0143931 secs]4511.168: [scrub symbol table, 0.0066324 secs]4511.174: [scrub string table, 0.0007358 secs][1 CMS-remark: 80933K(206664K)] 89375K(242952K), 0.0315384 secs] [Times: user=0.03 sys=0.00, real=0.03 secs] 
2015-10-30T15:47:23.996+0000: 4511.176: [CMS-concurrent-sweep-start]
2015-10-30T15:47:24.038+0000: 4511.219: [CMS-concurrent-sweep: 0.042/0.042 secs] [Times: user=0.04 sys=0.00, real=0.05 secs] 
2015-10-30T15:47:24.038+0000: 4511.219: [CMS-concurrent-reset-start]
2015-10-30T15:47:24.041+0000: 4511.221: [CMS-concurrent-reset: 0.002/0.002 secs] [Times: user=0.01 sys=0.00, real=0.00 secs] 
2015-10-30T15:47:26.040+0000: 4513.221: [GC (CMS Initial Mark) [1 CMS-initial-mark: 62218K(206664K)] 70882K(242952K), 0.0022889 secs] [Times: user=0.01 sys=0.00, real=0.00 secs] 
2015-10-30T15:47:26.043+0000: 4513.223: [CMS-concurrent-mark-start]
2015-10-30T15:47:26.079+0000: 4513.260: [CMS-concurrent-mark: 0.037/0.037 secs] [Times: user=0.04 sys=0.00, real=0.04 secs] 
2015-10-30T15:47:26.080+0000: 4513.260: [CMS-concurrent-preclean-start]
2015-10-30T15:47:26.081+0000: 4513.262: [CMS-concurrent-preclean: 0.002/0.002 secs] [Times: user=0.00 sys=0.00, real=0.00 secs] 
2015-10-30T15:47:26.082+0000: 4513.262: [CMS-concurrent-abortable-preclean-start]
2015-10-30T15:47:28.529+0000: 4515.709: [GC (Allocation Failure) 4515.709: [ParNew: 35127K->3968K(36288K), 0.0161046 secs] 97346K->77757K(242952K), 0.0161862 secs] [Times: user=0.06 sys=0.01, real=0.01 secs] 
2015-10-30T15:47:28.567+0000: 4515.747: [GC (Allocation Failure) 4515.747: [ParNew: 36288K->2071K(36288K), 0.0043131 secs] 110077K->79689K(242952K), 0.0043766 secs] [Times: user=0.02 sys=0.00, real=0.00 secs] 
2015-10-30T15:47:28.587+0000: 4515.768: [CMS-concurrent-abortable-preclean: 0.586/2.506 secs] [Times: user=0.84 sys=0.01, real=2.51 secs] 
2015-10-30T15:47:28.589+0000: 4515.769: [GC (CMS Final Remark) [YG occupancy: 27592 K (36288 K)]4515.769: [Rescan (parallel) , 0.0161845 secs]4515.785: [weak refs processing, 0.0000184 secs]4515.785: [class unloading, 0.0143622 secs]4515.800: [scrub symbol table, 0.0066285 secs]4515.806: [scrub string table, 0.0007368 secs][1 CMS-remark: 77617K(206664K)] 105210K(242952K), 0.0393404 secs] [Times: user=0.09 sys=0.00, real=0.04 secs] 
2015-10-30T15:47:28.628+0000: 4515.809: [CMS-concurrent-sweep-start]
2015-10-30T15:47:28.633+0000: 4515.814: [GC (Allocation Failure) 4515.814: [ParNew: 34391K->1982K(36288K), 0.0025295 secs] 111618K->79209K(242952K), 0.0025892 secs] [Times: user=0.00 sys=0.01, real=0.00 secs] 
2015-10-30T15:47:28.657+0000: 4515.838: [CMS-concurrent-sweep: 0.026/0.029 secs] [Times: user=0.11 sys=0.01, real=0.03 secs] 
2015-10-30T15:47:28.657+0000: 4515.838: [CMS-concurrent-reset-start]
2015-10-30T15:47:28.659+0000: 4515.839: [GC (Allocation Failure) 4515.839: [ParNew: 34302K->3301K(36288K), 0.0036269 secs] 109705K->78704K(242952K), 0.0036701 secs] [Times: user=0.01 sys=0.00, real=0.00 secs] 
2015-10-30T15:47:28.664+0000: 4515.844: [CMS-concurrent-reset: 0.002/0.006 secs] [Times: user=0.02 sys=0.00, real=0.00 secs] 
2015-10-30T15:47:28.682+0000: 4515.862: [GC (Allocation Failure) 4515.862: [ParNew: 35621K->2770K(36288K), 0.0042186 secs] 111024K->79035K(242952K), 0.0042683 secs] [Times: user=0.02 sys=0.00, real=0.01 secs] 
2015-10-30T15:47:28.706+0000: 4515.887: [GC (Allocation Failure) 4515.887: [ParNew: 35090K->3218K(36288K), 0.0039773 secs] 111355K->80170K(242952K), 0.0040422 secs] [Times: user=0.02 sys=0.00, real=0.00 secs] 
2015-10-30T15:47:28.733+0000: 4515.914: [GC (Allocation Failure) 4515.914: [ParNew: 35538K->3213K(36288K), 0.0041030 secs] 112490K->80814K(242952K), 0.0041706 secs] [Times: user=0.01 sys=0.00, real=0.01 secs] 
2015-10-30T15:47:28.756+0000: 4515.936: [GC (Allocation Failure) 4515.936: [ParNew: 35533K->2880K(36288K), 0.0034789 secs] 113134K->81075K(242952K), 0.0035416 secs] [Times: user=0.02 sys=0.00, real=0.01 secs] 
2015-10-30T15:47:28.779+0000: 4515.959: [GC (Allocation Failure) 4515.960: [ParNew: 35200K->2454K(36288K), 0.0024921 secs] 113395K->80649K(242952K), 0.0025509 secs] [Times: user=0.01 sys=0.00, real=0.00 secs] 
2015-10-30T15:47:28.811+0000: 4515.991: [GC (Allocation Failure) 4515.992: [ParNew: 33228K->2769K(36288K), 0.0025145 secs] 111423K->83632K(242952K), 0.0025783 secs] [Times: user=0.01 sys=0.00, real=0.00 secs] 
2015-10-30T15:47:28.814+0000: 4515.995: [GC (CMS Initial Mark) [1 CMS-initial-mark: 80862K(206664K)] 86300K(242952K), 0.0016836 secs] [Times: user=0.01 sys=0.00, real=0.00 secs] 
2015-10-30T15:47:28.816+0000: 4515.996: [CMS-concurrent-mark-start]
2015-10-30T15:47:28.872+0000: 4516.052: [CMS-concurrent-mark: 0.056/0.056 secs] [Times: user=0.11 sys=0.00, real=0.06 secs] 
2015-10-30T15:47:28.872+0000: 4516.052: [CMS-concurrent-preclean-start]
2015-10-30T15:47:28.873+0000: 4516.054: [CMS-concurrent-preclean: 0.002/0.002 secs] [Times: user=0.00 sys=0.00, real=0.00 secs] 
2015-10-30T15:47:28.873+0000: 4516.054: [CMS-concurrent-abortable-preclean-start]
 CMS: abort preclean due to time 2015-10-30T15:47:33.966+0000: 4521.147: [CMS-concurrent-abortable-preclean: 1.178/5.093 secs] [Times: user=1.28 sys=0.00, real=5.10 secs] 
2015-10-30T15:47:33.967+0000: 4521.147: [GC (CMS Final Remark) [YG occupancy: 8467 K (36288 K)]4521.147: [Rescan (parallel) , 0.0020115 secs]4521.149: [weak refs processing, 0.0000166 secs]4521.149: [class unloading, 0.0145918 secs]4521.164: [scrub symbol table, 0.0066566 secs]4521.170: [scrub string table, 0.0007401 secs][1 CMS-remark: 80862K(206664K)] 89330K(242952K), 0.0254193 secs] [Times: user=0.03 sys=0.00, real=0.02 secs] 
2015-10-30T15:47:33.992+0000: 4521.173: [CMS-concurrent-sweep-start]
2015-10-30T15:47:34.016+0000: 4521.196: [CMS-concurrent-sweep: 0.024/0.024 secs] [Times: user=0.02 sys=0.00, real=0.02 secs] 
2015-10-30T15:47:34.016+0000: 4521.196: [CMS-concurrent-reset-start]
2015-10-30T15:47:34.018+0000: 4521.199: [CMS-concurrent-reset: 0.002/0.002 secs] [Times: user=0.00 sys=0.00, real=0.01 secs] 
2015-10-30T15:47:36.018+0000: 4523.198: [GC (CMS Initial Mark) [1 CMS-initial-mark: 61519K(206664K)] 70201K(242952K), 0.0022277 secs] [Times: user=0.00 sys=0.00, real=0.00 secs] 
2015-10-30T15:47:36.020+0000: 4523.201: [CMS-concurrent-mark-start]
2015-10-30T15:47:36.056+0000: 4523.237: [CMS-concurrent-mark: 0.036/0.036 secs] [Times: user=0.04 sys=0.00, real=0.03 secs] 
2015-10-30T15:47:36.057+0000: 4523.237: [CMS-concurrent-preclean-start]
2015-10-30T15:47:36.059+0000: 4523.239: [CMS-concurrent-preclean: 0.002/0.002 secs] [Times: user=0.00 sys=0.00, real=0.01 secs] 
2015-10-30T15:47:36.059+0000: 4523.239: [CMS-concurrent-abortable-preclean-start]
2015-10-30T15:47:38.499+0000: 4525.679: [GC (Allocation Failure) 4525.679: [ParNew: 35089K->3968K(36288K), 0.0154633 secs] 96609K->77028K(242952K), 0.0155436 secs] [Times: user=0.05 sys=0.00, real=0.01 secs] 
2015-10-30T15:47:38.536+0000: 4525.717: [CMS-concurrent-abortable-preclean: 0.589/2.478 secs] [Times: user=0.84 sys=0.02, real=2.47 secs] 
2015-10-30T15:47:38.537+0000: 4525.718: [GC (Allocation Failure) 4525.718: [ParNew: 36288K->2623K(36288K), 0.0045072 secs] 109348K->79541K(242952K), 0.0045540 secs] [Times: user=0.01 sys=0.00, real=0.00 secs] 
2015-10-30T15:47:38.542+0000: 4525.723: [GC (CMS Final Remark) [YG occupancy: 3006 K (36288 K)]4525.723: [Rescan (parallel) , 0.0020637 secs]4525.725: [weak refs processing, 0.0000116 secs]4525.725: [class unloading, 0.0143025 secs]4525.739: [scrub symbol table, 0.0066075 secs]4525.746: [scrub string table, 0.0007385 secs][1 CMS-remark: 76918K(206664K)] 79925K(242952K), 0.0251034 secs] [Times: user=0.03 sys=0.00, real=0.03 secs] 
2015-10-30T15:47:38.567+0000: 4525.748: [CMS-concurrent-sweep-start]
2015-10-30T15:47:38.589+0000: 4525.769: [GC (Allocation Failure) 4525.769: [ParNew: 34943K->2026K(36288K), 0.0025773 secs] 111100K->78183K(242952K), 0.0026369 secs] [Times: user=0.01 sys=0.00, real=0.00 secs] 
2015-10-30T15:47:38.600+0000: 4525.780: [CMS-concurrent-sweep: 0.029/0.033 secs] [Times: user=0.12 sys=0.00, real=0.03 secs] 
2015-10-30T15:47:38.600+0000: 4525.781: [CMS-concurrent-reset-start]
2015-10-30T15:47:38.603+0000: 4525.783: [CMS-concurrent-reset: 0.003/0.003 secs] [Times: user=0.01 sys=0.00, real=0.00 secs] 
2015-10-30T15:47:38.612+0000: 4525.793: [GC (Allocation Failure) 4525.793: [ParNew: 34346K->3018K(36288K), 0.0032514 secs] 109712K->78384K(242952K), 0.0033044 secs] [Times: user=0.01 sys=0.00, real=0.00 secs] 
2015-10-30T15:47:38.637+0000: 4525.818: [GC (Allocation Failure) 4525.818: [ParNew: 35338K->2770K(36288K), 0.0041752 secs] 110704K->78982K(242952K), 0.0042356 secs] [Times: user=0.01 sys=0.00, real=0.00 secs] 
2015-10-30T15:47:38.661+0000: 4525.842: [GC (Allocation Failure) 4525.842: [ParNew: 35090K->2745K(36288K), 0.0041929 secs] 111302K->79648K(242952K), 0.0042648 secs] [Times: user=0.01 sys=0.00, real=0.01 secs] 
2015-10-30T15:47:38.685+0000: 4525.866: [GC (Allocation Failure) 4525.866: [ParNew: 35065K->3056K(36288K), 0.0048822 secs] 111968K->80567K(242952K), 0.0049422 secs] [Times: user=0.02 sys=0.00, real=0.00 secs] 
2015-10-30T15:47:38.713+0000: 4525.893: [GC (Allocation Failure) 4525.893: [ParNew: 35376K->2905K(36288K), 0.0027789 secs] 112887K->80417K(242952K), 0.0028378 secs] [Times: user=0.01 sys=0.00, real=0.00 secs] 
2015-10-30T15:47:38.734+0000: 4525.914: [GC (Allocation Failure) 4525.914: [ParNew: 35225K->2478K(36288K), 0.0036305 secs] 112737K->80603K(242952K), 0.0036900 secs] [Times: user=0.01 sys=0.00, real=0.01 secs] 
2015-10-30T15:47:38.767+0000: 4525.948: [GC (Allocation Failure) 4525.948: [ParNew: 33324K->2279K(36288K), 0.0025145 secs] 111449K->83072K(242952K), 0.0025760 secs] [Times: user=0.01 sys=0.00, real=0.00 secs] 
2015-10-30T15:47:38.770+0000: 4525.951: [GC (CMS Initial Mark) [1 CMS-initial-mark: 80792K(206664K)] 85742K(242952K), 0.0018650 secs] [Times: user=0.01 sys=0.00, real=0.00 secs] 
2015-10-30T15:47:38.772+0000: 4525.953: [CMS-concurrent-mark-start]
2015-10-30T15:47:38.809+0000: 4525.990: [CMS-concurrent-mark: 0.037/0.037 secs] [Times: user=0.07 sys=0.00, real=0.04 secs] 
2015-10-30T15:47:38.809+0000: 4525.990: [CMS-concurrent-preclean-start]
2015-10-30T15:47:38.811+0000: 4525.991: [CMS-concurrent-preclean: 0.001/0.001 secs] [Times: user=0.01 sys=0.00, real=0.00 secs] 
2015-10-30T15:47:38.811+0000: 4525.991: [CMS-concurrent-abortable-preclean-start]
 CMS: abort preclean due to time 2015-10-30T15:47:43.824+0000: 4531.004: [CMS-concurrent-abortable-preclean: 1.227/5.013 secs] [Times: user=1.31 sys=0.00, real=5.01 secs] 
2015-10-30T15:47:43.824+0000: 4531.004: [GC (CMS Final Remark) [YG occupancy: 8091 K (36288 K)]4531.004: [Rescan (parallel) , 0.0019200 secs]4531.006: [weak refs processing, 0.0000162 secs]4531.006: [class unloading, 0.0143517 secs]4531.021: [scrub symbol table, 0.0065891 secs]4531.027: [scrub string table, 0.0007344 secs][1 CMS-remark: 80792K(206664K)] 88884K(242952K), 0.0250065 secs] [Times: user=0.03 sys=0.00, real=0.03 secs] 
2015-10-30T15:47:43.849+0000: 4531.029: [CMS-concurrent-sweep-start]
2015-10-30T15:47:43.872+0000: 4531.052: [CMS-concurrent-sweep: 0.023/0.023 secs] [Times: user=0.02 sys=0.00, real=0.02 secs] 
2015-10-30T15:47:43.872+0000: 4531.052: [CMS-concurrent-reset-start]
2015-10-30T15:47:43.874+0000: 4531.055: [CMS-concurrent-reset: 0.002/0.002 secs] [Times: user=0.01 sys=0.00, real=0.00 secs] 
2015-10-30T15:47:45.874+0000: 4533.054: [GC (CMS Initial Mark) [1 CMS-initial-mark: 61952K(206664K)] 70234K(242952K), 0.0023792 secs] [Times: user=0.00 sys=0.00, real=0.00 secs] 
2015-10-30T15:47:45.876+0000: 4533.057: [CMS-concurrent-mark-start]
2015-10-30T15:47:45.912+0000: 4533.093: [CMS-concurrent-mark: 0.036/0.036 secs] [Times: user=0.04 sys=0.00, real=0.04 secs] 
2015-10-30T15:47:45.912+0000: 4533.093: [CMS-concurrent-preclean-start]
2015-10-30T15:47:45.914+0000: 4533.095: [CMS-concurrent-preclean: 0.002/0.002 secs] [Times: user=0.00 sys=0.00, real=0.00 secs] 
2015-10-30T15:47:45.914+0000: 4533.095: [CMS-concurrent-abortable-preclean-start]
2015-10-30T15:47:48.534+0000: 4535.715: [GC (Allocation Failure) 4535.715: [ParNew: 34599K->3968K(36288K), 0.0153425 secs] 96552K->77544K(242952K), 0.0154268 secs] [Times: user=0.05 sys=0.00, real=0.02 secs] 
2015-10-30T15:47:48.573+0000: 4535.754: [GC (Allocation Failure) 4535.754: [ParNew: 36288K->2583K(36288K), 0.0045077 secs] 109864K->79854K(242952K), 0.0045601 secs] [Times: user=0.02 sys=0.00, real=0.01 secs] 
2015-10-30T15:47:48.594+0000: 4535.775: [CMS-concurrent-abortable-preclean: 0.683/2.680 secs] [Times: user=0.98 sys=0.01, real=2.68 secs] 
2015-10-30T15:47:48.598+0000: 4535.778: [GC (CMS Final Remark) [YG occupancy: 34787 K (36288 K)]4535.778: [Rescan (parallel) , 0.0197059 secs]4535.798: [weak refs processing, 0.0000204 secs]4535.798: [class unloading, 0.0144044 secs]4535.813: [scrub symbol table, 0.0066603 secs]4535.819: [scrub string table, 0.0007456 secs][1 CMS-remark: 77270K(206664K)] 112058K(242952K), 0.0430150 secs] [Times: user=0.10 sys=0.00, real=0.04 secs] 
2015-10-30T15:47:48.641+0000: 4535.821: [CMS-concurrent-sweep-start]
2015-10-30T15:47:48.642+0000: 4535.822: [GC (Allocation Failure) 4535.822: [ParNew: 34903K->2013K(36288K), 0.0027639 secs] 112173K->79284K(242952K), 0.0028080 secs] [Times: user=0.01 sys=0.00, real=0.00 secs] 
2015-10-30T15:47:48.666+0000: 4535.846: [GC (Allocation Failure) 4535.846: [ParNew: 34333K->2772K(36288K), 0.0035527 secs] 109783K->78222K(242952K), 0.0036137 secs] [Times: user=0.01 sys=0.00, real=0.00 secs] 
2015-10-30T15:47:48.673+0000: 4535.854: [CMS-concurrent-sweep: 0.025/0.032 secs] [Times: user=0.12 sys=0.01, real=0.03 secs] 
2015-10-30T15:47:48.673+0000: 4535.854: [CMS-concurrent-reset-start]
2015-10-30T15:47:48.676+0000: 4535.856: [CMS-concurrent-reset: 0.002/0.002 secs] [Times: user=0.01 sys=0.00, real=0.00 secs] 
2015-10-30T15:47:48.692+0000: 4535.873: [GC (Allocation Failure) 4535.873: [ParNew: 35092K->3130K(36288K), 0.0052595 secs] 110357K->79211K(242952K), 0.0053213 secs] [Times: user=0.02 sys=0.00, real=0.01 secs] 
2015-10-30T15:47:48.717+0000: 4535.897: [GC (Allocation Failure) 4535.897: [ParNew: 35450K->2725K(36288K), 0.0044732 secs] 111531K->79521K(242952K), 0.0045500 secs] [Times: user=0.02 sys=0.00, real=0.01 secs] 
2015-10-30T15:47:48.741+0000: 4535.922: [GC (Allocation Failure) 4535.922: [ParNew: 35045K->3058K(36288K), 0.0041916 secs] 111841K->80464K(242952K), 0.0042540 secs] [Times: user=0.01 sys=0.00, real=0.01 secs] 
2015-10-30T15:47:48.769+0000: 4535.949: [GC (Allocation Failure) 4535.949: [ParNew: 35378K->2458K(36288K), 0.0030465 secs] 112784K->79864K(242952K), 0.0031050 secs] [Times: user=0.01 sys=0.00, real=0.00 secs] 
2015-10-30T15:47:48.793+0000: 4535.974: [GC (Allocation Failure) 4535.974: [ParNew: 34778K->2916K(36288K), 0.0032659 secs] 112184K->80322K(242952K), 0.0033237 secs] [Times: user=0.01 sys=0.00, real=0.00 secs] 
2015-10-30T15:47:48.825+0000: 4536.006: [GC (Allocation Failure) 4536.006: [ParNew: 34324K->3300K(36288K), 0.0050363 secs] 111730K->83984K(242952K), 0.0051126 secs] [Times: user=0.02 sys=0.00, real=0.00 secs] 
2015-10-30T15:47:48.831+0000: 4536.012: [GC (CMS Initial Mark) [1 CMS-initial-mark: 80684K(206664K)] 86654K(242952K), 0.0020475 secs] [Times: user=0.00 sys=0.00, real=0.00 secs] 
2015-10-30T15:47:48.833+0000: 4536.014: [CMS-concurrent-mark-start]
2015-10-30T15:47:48.890+0000: 4536.071: [CMS-concurrent-mark: 0.057/0.057 secs] [Times: user=0.12 sys=0.00, real=0.06 secs] 
2015-10-30T15:47:48.890+0000: 4536.071: [CMS-concurrent-preclean-start]
2015-10-30T15:47:48.892+0000: 4536.072: [CMS-concurrent-preclean: 0.002/0.002 secs] [Times: user=0.00 sys=0.00, real=0.00 secs] 
2015-10-30T15:47:48.892+0000: 4536.073: [CMS-concurrent-abortable-preclean-start]
 CMS: abort preclean due to time 2015-10-30T15:47:53.954+0000: 4541.134: [CMS-concurrent-abortable-preclean: 1.223/5.062 secs] [Times: user=1.31 sys=0.01, real=5.06 secs] 
2015-10-30T15:47:53.954+0000: 4541.134: [GC (CMS Final Remark) [YG occupancy: 8919 K (36288 K)]4541.142: [Rescan (parallel) , 0.0020537 secs]4541.144: [weak refs processing, 0.0000167 secs]4541.144: [class unloading, 0.0152322 secs]4541.159: [scrub symbol table, 0.0068796 secs]4541.166: [scrub string table, 0.0007920 secs][1 CMS-remark: 80684K(206664K)] 89603K(242952K), 0.0336444 secs] [Times: user=0.03 sys=0.00, real=0.04 secs] 
2015-10-30T15:47:53.988+0000: 4541.168: [CMS-concurrent-sweep-start]
2015-10-30T15:47:54.010+0000: 4541.190: [CMS-concurrent-sweep: 0.022/0.022 secs] [Times: user=0.02 sys=0.00, real=0.02 secs] 
2015-10-30T15:47:54.010+0000: 4541.191: [CMS-concurrent-reset-start]
2015-10-30T15:47:54.012+0000: 4541.193: [CMS-concurrent-reset: 0.002/0.002 secs] [Times: user=0.00 sys=0.00, real=0.00 secs] 
2015-10-30T15:47:56.012+0000: 4543.193: [GC (CMS Initial Mark) [1 CMS-initial-mark: 61938K(206664K)] 71105K(242952K), 0.0025978 secs] [Times: user=0.00 sys=0.00, real=0.00 secs] 
2015-10-30T15:47:56.015+0000: 4543.195: [CMS-concurrent-mark-start]
2015-10-30T15:47:56.051+0000: 4543.232: [CMS-concurrent-mark: 0.036/0.036 secs] [Times: user=0.04 sys=0.00, real=0.04 secs] 
2015-10-30T15:47:56.051+0000: 4543.232: [CMS-concurrent-preclean-start]
2015-10-30T15:47:56.053+0000: 4543.234: [CMS-concurrent-preclean: 0.002/0.002 secs] [Times: user=0.00 sys=0.00, real=0.00 secs] 
2015-10-30T15:47:56.053+0000: 4543.234: [CMS-concurrent-abortable-preclean-start]
2015-10-30T15:47:58.543+0000: 4545.723: [GC (Allocation Failure) 4545.723: [ParNew: 35620K->3968K(36288K), 0.0157178 secs] 97559K->77445K(242952K), 0.0158028 secs] [Times: user=0.05 sys=0.00, real=0.02 secs] 
2015-10-30T15:47:58.581+0000: 4545.762: [GC (Allocation Failure) 4545.762: [ParNew: 36288K->2906K(36288K), 0.0038811 secs] 109765K->80146K(242952K), 0.0039347 secs] [Times: user=0.01 sys=0.00, real=0.01 secs] 
2015-10-30T15:47:58.599+0000: 4545.779: [CMS-concurrent-abortable-preclean: 0.693/2.546 secs] [Times: user=0.93 sys=0.02, real=2.55 secs] 
2015-10-30T15:47:58.605+0000: 4545.786: [GC (CMS Final Remark) [YG occupancy: 22965 K (36288 K)]4545.786: [Rescan (parallel) , 0.0131470 secs]4545.799: [weak refs processing, 0.0000194 secs]4545.799: [class unloading, 0.0146788 secs]4545.814: [scrub symbol table, 0.0066711 secs]4545.820: [scrub string table, 0.0007470 secs][1 CMS-remark: 77240K(206664K)] 100205K(242952K), 0.0367655 secs] [Times: user=0.07 sys=0.00, real=0.03 secs] 
2015-10-30T15:47:58.642+0000: 4545.823: [CMS-concurrent-sweep-start]
2015-10-30T15:47:58.651+0000: 4545.831: [GC (Allocation Failure) 4545.831: [ParNew: 35226K->2396K(36288K), 0.0026561 secs] 112351K->79522K(242952K), 0.0027103 secs] [Times: user=0.01 sys=0.00, real=0.00 secs] 
2015-10-30T15:47:58.671+0000: 4545.852: [CMS-concurrent-sweep: 0.026/0.029 secs] [Times: user=0.12 sys=0.00, real=0.03 secs] 
2015-10-30T15:47:58.671+0000: 4545.852: [CMS-concurrent-reset-start]
2015-10-30T15:47:58.674+0000: 4545.854: [CMS-concurrent-reset: 0.003/0.003 secs] [Times: user=0.01 sys=0.00, real=0.00 secs] 
2015-10-30T15:47:58.676+0000: 4545.856: [GC (Allocation Failure) 4545.856: [ParNew: 34716K->3215K(36288K), 0.0032475 secs] 111470K->79968K(242952K), 0.0032932 secs] [Times: user=0.02 sys=0.00, real=0.01 secs] 
2015-10-30T15:47:58.696+0000: 4545.877: [GC (Allocation Failure) 4545.877: [ParNew: 35535K->2823K(36288K), 0.0042297 secs] 112288K->80424K(242952K), 0.0042849 secs] [Times: user=0.01 sys=0.00, real=0.01 secs] 
2015-10-30T15:47:58.720+0000: 4545.900: [GC (Allocation Failure) 4545.900: [ParNew: 35143K->2678K(36288K), 0.0038416 secs] 112744K->80951K(242952K), 0.0039019 secs] [Times: user=0.01 sys=0.00, real=0.00 secs] 
2015-10-30T15:47:58.741+0000: 4545.921: [GC (Allocation Failure) 4545.921: [ParNew: 34998K->3094K(36288K), 0.0038459 secs] 113271K->82032K(242952K), 0.0039051 secs] [Times: user=0.01 sys=0.00, real=0.00 secs] 
2015-10-30T15:47:58.765+0000: 4545.946: [GC (Allocation Failure) 4545.946: [ParNew: 35414K->2635K(36288K), 0.0037602 secs] 114352K->82151K(242952K), 0.0038179 secs] [Times: user=0.01 sys=0.00, real=0.00 secs] 
2015-10-30T15:47:58.789+0000: 4545.970: [GC (Allocation Failure) 4545.970: [ParNew: 34955K->2089K(36288K), 0.0023865 secs] 114471K->81605K(242952K), 0.0024449 secs] [Times: user=0.01 sys=0.00, real=0.00 secs] 
2015-10-30T15:47:58.821+0000: 4546.002: [GC (Allocation Failure) 4546.002: [ParNew: 32753K->2712K(36288K), 0.0030500 secs] 112268K->84896K(242952K), 0.0031133 secs] [Times: user=0.01 sys=0.00, real=0.00 secs] 
2015-10-30T15:47:58.825+0000: 4546.005: [GC (CMS Initial Mark) [1 CMS-initial-mark: 82183K(206664K)] 87563K(242952K), 0.0015622 secs] [Times: user=0.00 sys=0.00, real=0.01 secs] 
2015-10-30T15:47:58.827+0000: 4546.007: [CMS-concurrent-mark-start]
2015-10-30T15:47:58.882+0000: 4546.063: [CMS-concurrent-mark: 0.055/0.055 secs] [Times: user=0.12 sys=0.00, real=0.05 secs] 
2015-10-30T15:47:58.882+0000: 4546.063: [CMS-concurrent-preclean-start]
2015-10-30T15:47:58.884+0000: 4546.064: [CMS-concurrent-preclean: 0.002/0.002 secs] [Times: user=0.00 sys=0.00, real=0.00 secs] 
2015-10-30T15:47:58.884+0000: 4546.064: [CMS-concurrent-abortable-preclean-start]
2015-10-30T15:48:00.071+0000: 4547.251: [GC (Allocation Failure) 4547.251: [ParNew: 35032K->3968K(36288K), 0.0134740 secs] 117216K->96112K(242952K), 0.0135663 secs] [Times: user=0.05 sys=0.00, real=0.01 secs] 
2015-10-30T15:48:00.099+0000: 4547.280: [CMS-concurrent-abortable-preclean: 0.299/1.215 secs] [Times: user=0.53 sys=0.00, real=1.22 secs] 
2015-10-30T15:48:00.100+0000: 4547.280: [GC (CMS Final Remark) [YG occupancy: 28993 K (36288 K)]4547.280: [Rescan (parallel) , 0.0119677 secs]4547.292: [weak refs processing, 0.0000196 secs]4547.292: [class unloading, 0.0149590 secs]4547.307: [scrub symbol table, 0.0067152 secs]4547.314: [scrub string table, 0.0007472 secs][1 CMS-remark: 92144K(206664K)] 121138K(242952K), 0.0359245 secs] [Times: user=0.07 sys=0.00, real=0.03 secs] 
2015-10-30T15:48:00.137+0000: 4547.318: [CMS-concurrent-sweep-start]
2015-10-30T15:48:00.141+0000: 4547.321: [GC (Allocation Failure) 4547.321: [ParNew: 36288K->3968K(36288K), 0.0189153 secs] 127785K->106462K(242952K), 0.0190050 secs] [Times: user=0.07 sys=0.00, real=0.02 secs] 
2015-10-30T15:48:00.181+0000: 4547.362: [GC (Allocation Failure) 4547.362: [ParNew: 36288K->3968K(36288K), 0.0082224 secs] 130662K->102302K(242952K), 0.0083211 secs] [Times: user=0.03 sys=0.00, real=0.01 secs] 
2015-10-30T15:48:00.221+0000: 4547.402: [GC (Allocation Failure) 4547.402: [ParNew: 36288K->3968K(36288K), 0.0077240 secs] 133324K->103494K(242952K), 0.0078079 secs] [Times: user=0.03 sys=0.00, real=0.01 secs] 
2015-10-30T15:48:00.257+0000: 4547.438: [GC (Allocation Failure) 4547.438: [ParNew: 36288K->3605K(36288K), 0.0062775 secs] 132648K->101818K(242952K), 0.0063352 secs] [Times: user=0.02 sys=0.00, real=0.00 secs] 
2015-10-30T15:48:00.279+0000: 4547.459: [CMS-concurrent-sweep: 0.099/0.142 secs] [Times: user=0.52 sys=0.01, real=0.14 secs] 
2015-10-30T15:48:00.279+0000: 4547.459: [CMS-concurrent-reset-start]
2015-10-30T15:48:00.282+0000: 4547.462: [CMS-concurrent-reset: 0.003/0.003 secs] [Times: user=0.01 sys=0.00, real=0.00 secs] 
2015-10-30T15:48:00.289+0000: 4547.469: [GC (Allocation Failure) 4547.470: [ParNew: 36192K->3968K(36288K), 0.0043627 secs] 128407K->96203K(242952K), 0.0044162 secs] [Times: user=0.01 sys=0.00, real=0.00 secs] 
2015-10-30T15:48:00.315+0000: 4547.496: [GC (GCLocker Initiated GC) 4547.496: [ParNew: 33804K->3968K(36288K), 0.0058325 secs] 126039K->100222K(242952K), 0.0059042 secs] [Times: user=0.02 sys=0.00, real=0.01 secs] 
2015-10-30T15:48:00.322+0000: 4547.502: [GC (CMS Initial Mark) [1 CMS-initial-mark: 96254K(206664K)] 100330K(242952K), 0.0016813 secs] [Times: user=0.01 sys=0.00, real=0.00 secs] 
2015-10-30T15:48:00.323+0000: 4547.504: [CMS-concurrent-mark-start]
2015-10-30T15:48:00.373+0000: 4547.553: [GC (Allocation Failure) 4547.553: [ParNew: 36288K->3968K(36288K), 0.0083947 secs] 132542K->104010K(242952K), 0.0085024 secs] [Times: user=0.03 sys=0.00, real=0.01 secs] 
2015-10-30T15:48:00.406+0000: 4547.587: [CMS-concurrent-mark: 0.074/0.083 secs] [Times: user=0.28 sys=0.00, real=0.09 secs] 
2015-10-30T15:48:00.406+0000: 4547.587: [CMS-concurrent-preclean-start]
2015-10-30T15:48:00.411+0000: 4547.591: [CMS-concurrent-preclean: 0.004/0.004 secs] [Times: user=0.00 sys=0.00, real=0.00 secs] 
2015-10-30T15:48:00.411+0000: 4547.591: [CMS-concurrent-abortable-preclean-start]
2015-10-30T15:48:02.981+0000: 4550.162: [GC (Allocation Failure) 4550.162: [ParNew: 36282K->3206K(36288K), 0.0069613 secs] 136325K->106017K(242952K), 0.0070778 secs] [Times: user=0.02 sys=0.00, real=0.01 secs] 
2015-10-30T15:48:03.020+0000: 4550.200: [GC (Allocation Failure) 4550.200: [ParNew: 35512K->2412K(36288K), 0.0037018 secs] 138324K->107067K(242952K), 0.0037634 secs] [Times: user=0.02 sys=0.00, real=0.00 secs] 
2015-10-30T15:48:03.040+0000: 4550.221: [CMS-concurrent-abortable-preclean: 0.755/2.630 secs] [Times: user=0.97 sys=0.02, real=2.63 secs] 
2015-10-30T15:48:03.041+0000: 4550.221: [GC (CMS Final Remark) [YG occupancy: 11779 K (36288 K)]4550.221: [Rescan (parallel) , 0.0043032 secs]4550.225: [weak refs processing, 0.0000321 secs]4550.225: [class unloading, 0.0147366 secs]4550.240: [scrub symbol table, 0.0070016 secs]4550.247: [scrub string table, 0.0007862 secs][1 CMS-remark: 104654K(206664K)] 116433K(242952K), 0.0283214 secs] [Times: user=0.04 sys=0.00, real=0.03 secs] 
2015-10-30T15:48:03.069+0000: 4550.250: [CMS-concurrent-sweep-start]
2015-10-30T15:48:03.108+0000: 4550.288: [GC (Allocation Failure) 4550.288: [ParNew: 34732K->2418K(36288K), 0.0029611 secs] 112854K->80539K(242952K), 0.0030175 secs] [Times: user=0.01 sys=0.00, real=0.00 secs] 
2015-10-30T15:48:03.130+0000: 4550.311: [CMS-concurrent-sweep: 0.058/0.061 secs] [Times: user=0.18 sys=0.02, real=0.06 secs] 
2015-10-30T15:48:03.130+0000: 4550.311: [CMS-concurrent-reset-start]
2015-10-30T15:48:03.133+0000: 4550.313: [CMS-concurrent-reset: 0.002/0.002 secs] [Times: user=0.01 sys=0.00, real=0.00 secs] 
2015-10-30T15:48:03.193+0000: 4550.373: [GC (Allocation Failure) 4550.373: [ParNew: 34738K->3333K(36288K), 0.0032500 secs] 100735K->69330K(242952K), 0.0033212 secs] [Times: user=0.02 sys=0.00, real=0.00 secs] 
2015-10-30T15:48:08.498+0000: 4555.678: [GC (Allocation Failure) 4555.678: [ParNew: 35652K->3968K(36288K), 0.0030443 secs] 101650K->71947K(242952K), 0.0031325 secs] [Times: user=0.00 sys=0.00, real=0.00 secs] 
2015-10-30T15:48:08.540+0000: 4555.721: [GC (Allocation Failure) 4555.721: [ParNew: 36288K->3968K(36288K), 0.0153178 secs] 104267K->89019K(242952K), 0.0154025 secs] [Times: user=0.04 sys=0.00, real=0.01 secs] 
2015-10-30T15:48:08.574+0000: 4555.754: [GC (Allocation Failure) 4555.754: [ParNew: 36288K->3693K(36288K), 0.0050031 secs] 121339K->92508K(242952K), 0.0050750 secs] [Times: user=0.02 sys=0.00, real=0.01 secs] 
2015-10-30T15:48:08.597+0000: 4555.778: [GC (Allocation Failure) 4555.778: [ParNew: 36013K->2010K(36288K), 0.0030283 secs] 124828K->90825K(242952K), 0.0030900 secs] [Times: user=0.01 sys=0.00, real=0.00 secs] 
2015-10-30T15:48:08.621+0000: 4555.802: [GC (Allocation Failure) 4555.802: [ParNew: 34330K->2877K(36288K), 0.0028529 secs] 123145K->91693K(242952K), 0.0029105 secs] [Times: user=0.01 sys=0.00, real=0.00 secs] 
2015-10-30T15:48:08.649+0000: 4555.829: [GC (Allocation Failure) 4555.829: [ParNew: 35197K->3293K(36288K), 0.0045907 secs] 124013K->92875K(242952K), 0.0046508 secs] [Times: user=0.02 sys=0.00, real=0.00 secs] 
2015-10-30T15:48:08.673+0000: 4555.854: [GC (Allocation Failure) 4555.854: [ParNew: 35613K->2603K(36288K), 0.0039203 secs] 125195K->92893K(242952K), 0.0039842 secs] [Times: user=0.01 sys=0.00, real=0.01 secs] 
2015-10-30T15:48:08.695+0000: 4555.876: [GC (Allocation Failure) 4555.876: [ParNew: 34923K->2976K(36288K), 0.0034980 secs] 125213K->93267K(242952K), 0.0035586 secs] [Times: user=0.01 sys=0.00, real=0.01 secs] 
2015-10-30T15:48:08.719+0000: 4555.899: [GC (Allocation Failure) 4555.899: [ParNew: 35296K->2651K(36288K), 0.0038447 secs] 125587K->93544K(242952K), 0.0039181 secs] [Times: user=0.01 sys=0.00, real=0.00 secs] 
2015-10-30T15:48:08.758+0000: 4555.938: [GC (Allocation Failure) 4555.938: [ParNew: 32468K->3968K(36288K), 0.0030235 secs] 123360K->98032K(242952K), 0.0031028 secs] [Times: user=0.01 sys=0.00, real=0.00 secs] 
2015-10-30T15:48:08.762+0000: 4555.942: [GC (CMS Initial Mark) [1 CMS-initial-mark: 94064K(206664K)] 103352K(242952K), 0.0017411 secs] [Times: user=0.01 sys=0.00, real=0.00 secs] 
2015-10-30T15:48:08.763+0000: 4555.944: [CMS-concurrent-mark-start]
2015-10-30T15:48:08.802+0000: 4555.982: [CMS-concurrent-mark: 0.038/0.038 secs] [Times: user=0.08 sys=0.00, real=0.04 secs] 
2015-10-30T15:48:08.802+0000: 4555.982: [CMS-concurrent-preclean-start]
2015-10-30T15:48:08.803+0000: 4555.984: [CMS-concurrent-preclean: 0.002/0.002 secs] [Times: user=0.00 sys=0.00, real=0.00 secs] 
2015-10-30T15:48:08.803+0000: 4555.984: [CMS-concurrent-abortable-preclean-start]
 CMS: abort preclean due to time 2015-10-30T15:48:13.877+0000: 4561.058: [CMS-concurrent-abortable-preclean: 1.353/5.074 secs] [Times: user=1.45 sys=0.00, real=5.08 secs] 
2015-10-30T15:48:13.877+0000: 4561.058: [GC (CMS Final Remark) [YG occupancy: 30771 K (36288 K)]4561.058: [Rescan (parallel) , 0.0019557 secs]4561.060: [weak refs processing, 0.0000209 secs]4561.060: [class unloading, 0.0151950 secs]4561.075: [scrub symbol table, 0.0067117 secs]4561.082: [scrub string table, 0.0007494 secs][1 CMS-remark: 94064K(206664K)] 124835K(242952K), 0.0260572 secs] [Times: user=0.03 sys=0.00, real=0.02 secs] 
2015-10-30T15:48:13.904+0000: 4561.084: [CMS-concurrent-sweep-start]
2015-10-30T15:48:13.933+0000: 4561.114: [CMS-concurrent-sweep: 0.029/0.029 secs] [Times: user=0.03 sys=0.00, real=0.03 secs] 
2015-10-30T15:48:13.933+0000: 4561.114: [CMS-concurrent-reset-start]
2015-10-30T15:48:13.936+0000: 4561.116: [CMS-concurrent-reset: 0.002/0.002 secs] [Times: user=0.00 sys=0.00, real=0.00 secs] 
2015-10-30T15:48:15.936+0000: 4563.116: [GC (CMS Initial Mark) [1 CMS-initial-mark: 63180K(206664K)] 94179K(242952K), 0.0023210 secs] [Times: user=0.01 sys=0.00, real=0.01 secs] 
2015-10-30T15:48:15.938+0000: 4563.119: [CMS-concurrent-mark-start]
2015-10-30T15:48:15.975+0000: 4563.155: [CMS-concurrent-mark: 0.037/0.037 secs] [Times: user=0.04 sys=0.00, real=0.03 secs] 
2015-10-30T15:48:15.975+0000: 4563.156: [CMS-concurrent-preclean-start]
2015-10-30T15:48:15.977+0000: 4563.158: [CMS-concurrent-preclean: 0.002/0.002 secs] [Times: user=0.00 sys=0.00, real=0.00 secs] 
2015-10-30T15:48:15.977+0000: 4563.158: [CMS-concurrent-abortable-preclean-start]
2015-10-30T15:48:18.503+0000: 4565.684: [GC (Allocation Failure) 4565.684: [ParNew: 36260K->3968K(36288K), 0.0053769 secs] 99441K->71951K(242952K), 0.0054565 secs] [Times: user=0.02 sys=0.00, real=0.01 secs] 
2015-10-30T15:48:18.550+0000: 4565.730: [GC (Allocation Failure) 4565.730: [ParNew: 36288K->3968K(36288K), 0.0142629 secs] 104271K->84942K(242952K), 0.0143486 secs] [Times: user=0.05 sys=0.00, real=0.01 secs] 
2015-10-30T15:48:18.587+0000: 4565.767: [GC (Allocation Failure) 4565.767: [ParNew: 36288K->3031K(36288K), 0.0056984 secs] 117262K->87884K(242952K), 0.0057843 secs] [Times: user=0.02 sys=0.00, real=0.00 secs] 
2015-10-30T15:48:18.614+0000: 4565.794: [CMS-concurrent-abortable-preclean: 0.731/2.637 secs] [Times: user=1.04 sys=0.01, real=2.63 secs] 
2015-10-30T15:48:18.614+0000: 4565.795: [GC (Allocation Failure) 4565.795: [ParNew: 35351K->2004K(36288K), 0.0025306 secs] 120204K->86857K(242952K), 0.0025760 secs] [Times: user=0.01 sys=0.00, real=0.00 secs] 
2015-10-30T15:48:18.617+0000: 4565.798: [GC (CMS Final Remark) [YG occupancy: 2438 K (36288 K)]4565.798: [Rescan (parallel) , 0.0017794 secs]4565.800: [weak refs processing, 0.0000132 secs]4565.800: [class unloading, 0.0146756 secs]4565.814: [scrub symbol table, 0.0066145 secs]4565.821: [scrub string table, 0.0007493 secs][1 CMS-remark: 84853K(206664K)] 87291K(242952K), 0.0252270 secs] [Times: user=0.03 sys=0.00, real=0.02 secs] 
2015-10-30T15:48:18.643+0000: 4565.823: [CMS-concurrent-sweep-start]
2015-10-30T15:48:18.667+0000: 4565.848: [GC (Allocation Failure) 4565.848: [ParNew: 34324K->3212K(36288K), 0.0035140 secs] 116935K->85823K(242952K), 0.0035782 secs] [Times: user=0.01 sys=0.00, real=0.00 secs] 
2015-10-30T15:48:18.679+0000: 4565.859: [CMS-concurrent-sweep: 0.031/0.036 secs] [Times: user=0.13 sys=0.00, real=0.04 secs] 
2015-10-30T15:48:18.679+0000: 4565.859: [CMS-concurrent-reset-start]
2015-10-30T15:48:18.681+0000: 4565.862: [CMS-concurrent-reset: 0.003/0.003 secs] [Times: user=0.01 sys=0.00, real=0.00 secs] 
2015-10-30T15:48:18.693+0000: 4565.873: [GC (Allocation Failure) 4565.873: [ParNew: 35532K->3101K(36288K), 0.0046635 secs] 116029K->85097K(242952K), 0.0047242 secs] [Times: user=0.02 sys=0.00, real=0.01 secs] 
2015-10-30T15:48:18.717+0000: 4565.898: [GC (Allocation Failure) 4565.898: [ParNew: 35421K->2714K(36288K), 0.0030431 secs] 117417K->84710K(242952K), 0.0031128 secs] [Times: user=0.02 sys=0.00, real=0.00 secs] 
2015-10-30T15:48:18.738+0000: 4565.918: [GC (Allocation Failure) 4565.919: [ParNew: 35034K->2503K(36288K), 0.0037875 secs] 117030K->85148K(242952K), 0.0038468 secs] [Times: user=0.02 sys=0.00, real=0.00 secs] 
2015-10-30T15:48:18.761+0000: 4565.942: [GC (Allocation Failure) 4565.942: [ParNew: 34823K->2167K(36288K), 0.0025787 secs] 117468K->84813K(242952K), 0.0026501 secs] [Times: user=0.01 sys=0.00, real=0.00 secs] 
2015-10-30T15:48:18.799+0000: 4565.979: [GC (Allocation Failure) 4565.979: [ParNew: 32926K->3968K(36288K), 0.0030480 secs] 115572K->89818K(242952K), 0.0031233 secs] [Times: user=0.01 sys=0.00, real=0.00 secs] 
2015-10-30T15:48:18.803+0000: 4565.983: [GC (CMS Initial Mark) [1 CMS-initial-mark: 85850K(206664K)] 95137K(242952K), 0.0018382 secs] [Times: user=0.00 sys=0.00, real=0.00 secs] 
2015-10-30T15:48:18.804+0000: 4565.985: [CMS-concurrent-mark-start]
2015-10-30T15:48:18.842+0000: 4566.022: [CMS-concurrent-mark: 0.037/0.037 secs] [Times: user=0.08 sys=0.00, real=0.04 secs] 
2015-10-30T15:48:18.842+0000: 4566.022: [CMS-concurrent-preclean-start]
2015-10-30T15:48:18.843+0000: 4566.024: [CMS-concurrent-preclean: 0.001/0.001 secs] [Times: user=0.00 sys=0.00, real=0.00 secs] 
2015-10-30T15:48:18.843+0000: 4566.024: [CMS-concurrent-abortable-preclean-start]
 CMS: abort preclean due to time 2015-10-30T15:48:23.854+0000: 4571.034: [CMS-concurrent-abortable-preclean: 1.287/5.010 secs] [Times: user=1.37 sys=0.01, real=5.01 secs] 
2015-10-30T15:48:23.854+0000: 4571.034: [GC (CMS Final Remark) [YG occupancy: 30814 K (36288 K)]4571.034: [Rescan (parallel) , 0.0019510 secs]4571.036: [weak refs processing, 0.0000199 secs]4571.036: [class unloading, 0.0146785 secs]4571.051: [scrub symbol table, 0.0066618 secs]4571.058: [scrub string table, 0.0007453 secs][1 CMS-remark: 85850K(206664K)] 116664K(242952K), 0.0254983 secs] [Times: user=0.03 sys=0.00, real=0.03 secs] 
2015-10-30T15:48:23.879+0000: 4571.060: [CMS-concurrent-sweep-start]
2015-10-30T15:48:23.909+0000: 4571.089: [CMS-concurrent-sweep: 0.029/0.029 secs] [Times: user=0.03 sys=0.00, real=0.03 secs] 
2015-10-30T15:48:23.909+0000: 4571.089: [CMS-concurrent-reset-start]
2015-10-30T15:48:23.911+0000: 4571.092: [CMS-concurrent-reset: 0.002/0.002 secs] [Times: user=0.01 sys=0.00, real=0.00 secs] 
2015-10-30T15:48:25.911+0000: 4573.092: [GC (CMS Initial Mark) [1 CMS-initial-mark: 64401K(206664K)] 95413K(242952K), 0.0022375 secs] [Times: user=0.01 sys=0.00, real=0.00 secs] 
2015-10-30T15:48:25.913+0000: 4573.094: [CMS-concurrent-mark-start]
2015-10-30T15:48:25.949+0000: 4573.129: [CMS-concurrent-mark: 0.036/0.036 secs] [Times: user=0.03 sys=0.00, real=0.04 secs] 
2015-10-30T15:48:25.949+0000: 4573.130: [CMS-concurrent-preclean-start]
2015-10-30T15:48:25.951+0000: 4573.131: [CMS-concurrent-preclean: 0.002/0.002 secs] [Times: user=0.01 sys=0.00, real=0.00 secs] 
2015-10-30T15:48:25.951+0000: 4573.131: [CMS-concurrent-abortable-preclean-start]
2015-10-30T15:48:28.558+0000: 4575.738: [GC (Allocation Failure) 4575.739: [ParNew: 36258K->3968K(36288K), 0.0066299 secs] 100660K->73041K(242952K), 0.0067141 secs] [Times: user=0.02 sys=0.00, real=0.00 secs] 
2015-10-30T15:48:28.604+0000: 4575.784: [GC (Allocation Failure) 4575.784: [ParNew: 36288K->3968K(36288K), 0.0163707 secs] 105361K->86244K(242952K), 0.0164548 secs] [Times: user=0.06 sys=0.00, real=0.02 secs] 
2015-10-30T15:48:28.645+0000: 4575.826: [GC (Allocation Failure) 4575.826: [ParNew: 36288K->2901K(36288K), 0.0071048 secs] 118564K->88906K(242952K), 0.0071759 secs] [Times: user=0.02 sys=0.00, real=0.00 secs] 
2015-10-30T15:48:28.672+0000: 4575.853: [CMS-concurrent-abortable-preclean: 0.741/2.721 secs] [Times: user=1.03 sys=0.01, real=2.72 secs] 
2015-10-30T15:48:28.673+0000: 4575.854: [GC (CMS Final Remark) [YG occupancy: 31386 K (36288 K)]4575.854: [Rescan (parallel) , 0.0182062 secs]4575.872: [weak refs processing, 0.0000191 secs]4575.872: [class unloading, 0.0146055 secs]4575.887: [scrub symbol table, 0.0066615 secs]4575.893: [scrub string table, 0.0007559 secs][1 CMS-remark: 86005K(206664K)] 117391K(242952K), 0.0417464 secs] [Times: user=0.09 sys=0.00, real=0.04 secs] 
2015-10-30T15:48:28.715+0000: 4575.896: [CMS-concurrent-sweep-start]
2015-10-30T15:48:28.718+0000: 4575.899: [GC (Allocation Failure) 4575.899: [ParNew: 35221K->1954K(36288K), 0.0025248 secs] 121225K->87958K(242952K), 0.0025750 secs] [Times: user=0.00 sys=0.00, real=0.00 secs] 
2015-10-30T15:48:28.745+0000: 4575.925: [GC (Allocation Failure) 4575.925: [ParNew: 34274K->3563K(36288K), 0.0035735 secs] 117259K->86548K(242952K), 0.0036386 secs] [Times: user=0.01 sys=0.00, real=0.01 secs] 
2015-10-30T15:48:28.751+0000: 4575.932: [CMS-concurrent-sweep: 0.029/0.036 secs] [Times: user=0.13 sys=0.01, real=0.04 secs] 
2015-10-30T15:48:28.751+0000: 4575.932: [CMS-concurrent-reset-start]
2015-10-30T15:48:28.754+0000: 4575.934: [CMS-concurrent-reset: 0.003/0.003 secs] [Times: user=0.01 sys=0.00, real=0.00 secs] 
2015-10-30T15:48:28.769+0000: 4575.950: [GC (Allocation Failure) 4575.950: [ParNew: 35883K->2506K(36288K), 0.0053908 secs] 117673K->85849K(242952K), 0.0054559 secs] [Times: user=0.02 sys=0.00, real=0.00 secs] 
2015-10-30T15:48:28.794+0000: 4575.974: [GC (Allocation Failure) 4575.974: [ParNew: 34826K->3601K(36288K), 0.0030340 secs] 118169K->86944K(242952K), 0.0030975 secs] [Times: user=0.01 sys=0.00, real=0.00 secs] 
2015-10-30T15:48:28.814+0000: 4575.994: [GC (Allocation Failure) 4575.994: [ParNew: 35921K->3226K(36288K), 0.0039230 secs] 119264K->87217K(242952K), 0.0039925 secs] [Times: user=0.01 sys=0.00, real=0.01 secs] 
2015-10-30T15:48:28.841+0000: 4576.022: [GC (Allocation Failure) 4576.022: [ParNew: 35546K->2339K(36288K), 0.0025126 secs] 119537K->86330K(242952K), 0.0025733 secs] [Times: user=0.01 sys=0.00, real=0.00 secs] 
2015-10-30T15:48:28.879+0000: 4576.060: [GC (Allocation Failure) 4576.060: [ParNew: 33071K->3968K(36288K), 0.0030690 secs] 117062K->91185K(242952K), 0.0031378 secs] [Times: user=0.01 sys=0.00, real=0.00 secs] 
2015-10-30T15:48:28.883+0000: 4576.064: [GC (CMS Initial Mark) [1 CMS-initial-mark: 87217K(206664K)] 96503K(242952K), 0.0018157 secs] [Times: user=0.00 sys=0.00, real=0.01 secs] 
2015-10-30T15:48:28.885+0000: 4576.066: [CMS-concurrent-mark-start]
2015-10-30T15:48:28.944+0000: 4576.124: [CMS-concurrent-mark: 0.058/0.058 secs] [Times: user=0.12 sys=0.00, real=0.05 secs] 
2015-10-30T15:48:28.944+0000: 4576.124: [CMS-concurrent-preclean-start]
2015-10-30T15:48:28.946+0000: 4576.126: [CMS-concurrent-preclean: 0.002/0.002 secs] [Times: user=0.01 sys=0.00, real=0.01 secs] 
2015-10-30T15:48:28.946+0000: 4576.126: [CMS-concurrent-abortable-preclean-start]
 CMS: abort preclean due to time 2015-10-30T15:48:33.948+0000: 4581.129: [CMS-concurrent-abortable-preclean: 1.295/5.002 secs] [Times: user=1.39 sys=0.00, real=5.00 secs] 
2015-10-30T15:48:33.948+0000: 4581.129: [GC (CMS Final Remark) [YG occupancy: 30915 K (36288 K)]4581.129: [Rescan (parallel) , 0.0020098 secs]4581.131: [weak refs processing, 0.0000174 secs]4581.131: [class unloading, 0.0151537 secs]4581.146: [scrub symbol table, 0.0066561 secs]4581.153: [scrub string table, 0.0007557 secs][1 CMS-remark: 87217K(206664K)] 118132K(242952K), 0.0260452 secs] [Times: user=0.03 sys=0.00, real=0.02 secs] 
2015-10-30T15:48:33.975+0000: 4581.155: [CMS-concurrent-sweep-start]
2015-10-30T15:48:34.001+0000: 4581.182: [CMS-concurrent-sweep: 0.026/0.026 secs] [Times: user=0.03 sys=0.00, real=0.03 secs] 
2015-10-30T15:48:34.001+0000: 4581.182: [CMS-concurrent-reset-start]
2015-10-30T15:48:34.004+0000: 4581.184: [CMS-concurrent-reset: 0.002/0.002 secs] [Times: user=0.00 sys=0.00, real=0.00 secs] 
2015-10-30T15:48:36.003+0000: 4583.184: [GC (CMS Initial Mark) [1 CMS-initial-mark: 65819K(206664K)] 96922K(242952K), 0.0024552 secs] [Times: user=0.01 sys=0.00, real=0.01 secs] 
2015-10-30T15:48:36.006+0000: 4583.186: [CMS-concurrent-mark-start]
2015-10-30T15:48:36.042+0000: 4583.223: [CMS-concurrent-mark: 0.037/0.037 secs] [Times: user=0.04 sys=0.00, real=0.03 secs] 
2015-10-30T15:48:36.043+0000: 4583.223: [CMS-concurrent-preclean-start]
2015-10-30T15:48:36.044+0000: 4583.225: [CMS-concurrent-preclean: 0.002/0.002 secs] [Times: user=0.00 sys=0.00, real=0.00 secs] 
2015-10-30T15:48:36.044+0000: 4583.225: [CMS-concurrent-abortable-preclean-start]
2015-10-30T15:48:38.507+0000: 4585.688: [GC (Allocation Failure) 4585.688: [ParNew: 36258K->3968K(36288K), 0.0057471 secs] 102078K->74808K(242952K), 0.0058196 secs] [Times: user=0.02 sys=0.00, real=0.00 secs] 
2015-10-30T15:48:38.552+0000: 4585.732: [GC (Allocation Failure) 4585.732: [ParNew: 36288K->3968K(36288K), 0.0133608 secs] 107128K->87296K(242952K), 0.0134392 secs] [Times: user=0.05 sys=0.00, real=0.02 secs] 
2015-10-30T15:48:38.586+0000: 4585.767: [GC (Allocation Failure) 4585.767: [ParNew: 36288K->3309K(36288K), 0.0054877 secs] 119616K->90567K(242952K), 0.0055621 secs] [Times: user=0.02 sys=0.00, real=0.00 secs] 
2015-10-30T15:48:38.614+0000: 4585.794: [GC (Allocation Failure) 4585.794: [ParNew: 35629K->1968K(36288K), 0.0026047 secs] 122887K->89226K(242952K), 0.0026641 secs] [Times: user=0.01 sys=0.00, real=0.00 secs] 
2015-10-30T15:48:38.619+0000: 4585.799: [CMS-concurrent-abortable-preclean: 0.709/2.574 secs] [Times: user=1.04 sys=0.00, real=2.58 secs] 
2015-10-30T15:48:38.621+0000: 4585.802: [GC (CMS Final Remark) [YG occupancy: 6441 K (36288 K)]4585.802: [Rescan (parallel) , 0.0052004 secs]4585.807: [weak refs processing, 0.0000189 secs]4585.807: [class unloading, 0.0147269 secs]4585.822: [scrub symbol table, 0.0066262 secs]4585.828: [scrub string table, 0.0007461 secs][1 CMS-remark: 87257K(206664K)] 93699K(242952K), 0.0287499 secs] [Times: user=0.04 sys=0.00, real=0.03 secs] 
2015-10-30T15:48:38.650+0000: 4585.831: [CMS-concurrent-sweep-start]
2015-10-30T15:48:38.673+0000: 4585.854: [GC (Allocation Failure) 4585.854: [ParNew: 34288K->2880K(36288K), 0.0028734 secs] 118386K->86978K(242952K), 0.0029259 secs] [Times: user=0.00 sys=0.00, real=0.00 secs] 
2015-10-30T15:48:38.681+0000: 4585.862: [CMS-concurrent-sweep: 0.026/0.031 secs] [Times: user=0.10 sys=0.00, real=0.03 secs] 
2015-10-30T15:48:38.681+0000: 4585.862: [CMS-concurrent-reset-start]
2015-10-30T15:48:38.684+0000: 4585.864: [CMS-concurrent-reset: 0.003/0.003 secs] [Times: user=0.01 sys=0.00, real=0.00 secs] 
2015-10-30T15:48:38.700+0000: 4585.881: [GC (Allocation Failure) 4585.881: [ParNew: 35200K->3262K(36288K), 0.0056643 secs] 116871K->85692K(242952K), 0.0057156 secs] [Times: user=0.02 sys=0.00, real=0.01 secs] 
2015-10-30T15:48:38.725+0000: 4585.906: [GC (Allocation Failure) 4585.906: [ParNew: 35582K->2481K(36288K), 0.0038694 secs] 118012K->85588K(242952K), 0.0039292 secs] [Times: user=0.02 sys=0.00, real=0.00 secs] 
2015-10-30T15:48:38.747+0000: 4585.927: [GC (Allocation Failure) 4585.927: [ParNew: 34801K->2891K(36288K), 0.0036695 secs] 117908K->85998K(242952K), 0.0037362 secs] [Times: user=0.01 sys=0.00, real=0.00 secs] 
2015-10-30T15:48:38.773+0000: 4585.954: [GC (Allocation Failure) 4585.954: [ParNew: 35211K->2738K(36288K), 0.0034413 secs] 118318K->86470K(242952K), 0.0035096 secs] [Times: user=0.01 sys=0.01, real=0.00 secs] 
2015-10-30T15:48:38.811+0000: 4585.992: [GC (Allocation Failure) 4585.992: [ParNew: 31829K->3968K(36288K), 0.0028845 secs] 115561K->90829K(242952K), 0.0029489 secs] [Times: user=0.01 sys=0.00, real=0.00 secs] 
2015-10-30T15:48:38.815+0000: 4585.995: [GC (CMS Initial Mark) [1 CMS-initial-mark: 86861K(206664K)] 96147K(242952K), 0.0018632 secs] [Times: user=0.01 sys=0.00, real=0.00 secs] 
2015-10-30T15:48:38.817+0000: 4585.997: [CMS-concurrent-mark-start]
2015-10-30T15:48:38.874+0000: 4586.055: [CMS-concurrent-mark: 0.057/0.057 secs] [Times: user=0.11 sys=0.00, real=0.06 secs] 
2015-10-30T15:48:38.874+0000: 4586.055: [CMS-concurrent-preclean-start]
2015-10-30T15:48:38.876+0000: 4586.057: [CMS-concurrent-preclean: 0.002/0.002 secs] [Times: user=0.01 sys=0.00, real=0.00 secs] 
2015-10-30T15:48:38.876+0000: 4586.057: [CMS-concurrent-abortable-preclean-start]
 CMS: abort preclean due to time 2015-10-30T15:48:43.896+0000: 4591.077: [CMS-concurrent-abortable-preclean: 1.313/5.020 secs] [Times: user=1.40 sys=0.00, real=5.02 secs] 
2015-10-30T15:48:43.897+0000: 4591.077: [GC (CMS Final Remark) [YG occupancy: 31083 K (36288 K)]4591.077: [Rescan (parallel) , 0.0019971 secs]4591.079: [weak refs processing, 0.0000161 secs]4591.079: [class unloading, 0.0144387 secs]4591.094: [scrub symbol table, 0.0065972 secs]4591.100: [scrub string table, 0.0007429 secs][1 CMS-remark: 86861K(206664K)] 117944K(242952K), 0.0251932 secs] [Times: user=0.03 sys=0.00, real=0.03 secs] 
2015-10-30T15:48:43.922+0000: 4591.102: [CMS-concurrent-sweep-start]
2015-10-30T15:48:43.946+0000: 4591.126: [CMS-concurrent-sweep: 0.024/0.024 secs] [Times: user=0.02 sys=0.00, real=0.03 secs] 
2015-10-30T15:48:43.946+0000: 4591.126: [CMS-concurrent-reset-start]
2015-10-30T15:48:43.948+0000: 4591.128: [CMS-concurrent-reset: 0.002/0.002 secs] [Times: user=0.01 sys=0.00, real=0.00 secs] 
2015-10-30T15:48:45.948+0000: 4593.128: [GC (CMS Initial Mark) [1 CMS-initial-mark: 65405K(206664K)] 98412K(242952K), 0.0030085 secs] [Times: user=0.01 sys=0.00, real=0.00 secs] 
2015-10-30T15:48:45.951+0000: 4593.131: [CMS-concurrent-mark-start]
2015-10-30T15:48:45.987+0000: 4593.168: [CMS-concurrent-mark: 0.036/0.036 secs] [Times: user=0.04 sys=0.00, real=0.04 secs] 
2015-10-30T15:48:45.987+0000: 4593.168: [CMS-concurrent-preclean-start]
2015-10-30T15:48:45.989+0000: 4593.170: [CMS-concurrent-preclean: 0.002/0.002 secs] [Times: user=0.00 sys=0.00, real=0.00 secs] 
2015-10-30T15:48:45.989+0000: 4593.170: [CMS-concurrent-abortable-preclean-start]
 CMS: abort preclean due to time 2015-10-30T15:48:51.022+0000: 4598.202: [CMS-concurrent-abortable-preclean: 1.318/5.032 secs] [Times: user=1.38 sys=0.00, real=5.03 secs] 
2015-10-30T15:48:51.022+0000: 4598.202: [GC (CMS Final Remark) [YG occupancy: 35317 K (36288 K)]4598.202: [Rescan (parallel) , 0.0040159 secs]4598.206: [weak refs processing, 0.0000162 secs]4598.206: [class unloading, 0.0144878 secs]4598.221: [scrub symbol table, 0.0066277 secs]4598.228: [scrub string table, 0.0007437 secs][1 CMS-remark: 65405K(206664K)] 100723K(242952K), 0.0273191 secs] [Times: user=0.04 sys=0.00, real=0.03 secs] 
2015-10-30T15:48:51.049+0000: 4598.230: [CMS-concurrent-sweep-start]
2015-10-30T15:48:51.073+0000: 4598.254: [CMS-concurrent-sweep: 0.024/0.024 secs] [Times: user=0.02 sys=0.00, real=0.02 secs] 
2015-10-30T15:48:51.073+0000: 4598.254: [CMS-concurrent-reset-start]
2015-10-30T15:48:51.076+0000: 4598.256: [CMS-concurrent-reset: 0.002/0.002 secs] [Times: user=0.00 sys=0.00, real=0.00 secs] 
2015-10-30T15:48:53.075+0000: 4600.255: [GC (CMS Initial Mark) [1 CMS-initial-mark: 58843K(206664K)] 94304K(242952K), 0.0036634 secs] [Times: user=0.01 sys=0.00, real=0.01 secs] 
2015-10-30T15:48:53.079+0000: 4600.259: [CMS-concurrent-mark-start]
2015-10-30T15:48:53.115+0000: 4600.296: [CMS-concurrent-mark: 0.036/0.036 secs] [Times: user=0.04 sys=0.00, real=0.03 secs] 
2015-10-30T15:48:53.115+0000: 4600.296: [CMS-concurrent-preclean-start]
2015-10-30T15:48:53.117+0000: 4600.298: [CMS-concurrent-preclean: 0.002/0.002 secs] [Times: user=0.00 sys=0.00, real=0.01 secs] 
2015-10-30T15:48:53.117+0000: 4600.298: [CMS-concurrent-abortable-preclean-start]
2015-10-30T15:48:53.617+0000: 4600.798: [GC (Allocation Failure) 4600.798: [ParNew: 36256K->1739K(36288K), 0.0021697 secs] 95100K->63766K(242952K), 0.0022350 secs] [Times: user=0.00 sys=0.00, real=0.00 secs] 
2015-10-30T15:48:53.665+0000: 4600.846: [GC (Allocation Failure) 4600.846: [ParNew: 34059K->3968K(36288K), 0.0164893 secs] 96086K->77145K(242952K), 0.0165740 secs] [Times: user=0.06 sys=0.00, real=0.01 secs] 
2015-10-30T15:48:53.704+0000: 4600.885: [GC (Allocation Failure) 4600.885: [ParNew: 36288K->2125K(36288K), 0.0043594 secs] 109465K->79159K(242952K), 0.0044175 secs] [Times: user=0.02 sys=0.00, real=0.01 secs] 
2015-10-30T15:48:53.727+0000: 4600.908: [CMS-concurrent-abortable-preclean: 0.163/0.610 secs] [Times: user=0.43 sys=0.00, real=0.61 secs] 
2015-10-30T15:48:53.728+0000: 4600.908: [GC (CMS Final Remark) [YG occupancy: 29098 K (36288 K)]4600.908: [Rescan (parallel) , 0.0169232 secs]4600.925: [weak refs processing, 0.0000188 secs]4600.925: [class unloading, 0.0143170 secs]4600.940: [scrub symbol table, 0.0066626 secs]4600.946: [scrub string table, 0.0007410 secs][1 CMS-remark: 77034K(206664K)] 106132K(242952K), 0.0400893 secs] [Times: user=0.09 sys=0.00, real=0.04 secs] 
2015-10-30T15:48:53.768+0000: 4600.949: [CMS-concurrent-sweep-start]
2015-10-30T15:48:53.772+0000: 4600.952: [GC (Allocation Failure) 4600.952: [ParNew: 34445K->1682K(36288K), 0.0024599 secs] 111479K->78717K(242952K), 0.0025032 secs] [Times: user=0.01 sys=0.00, real=0.00 secs] 
2015-10-30T15:48:53.793+0000: 4600.973: [CMS-concurrent-sweep: 0.022/0.024 secs] [Times: user=0.09 sys=0.00, real=0.02 secs] 
2015-10-30T15:48:53.793+0000: 4600.973: [CMS-concurrent-reset-start]
2015-10-30T15:48:53.795+0000: 4600.976: [CMS-concurrent-reset: 0.003/0.003 secs] [Times: user=0.01 sys=0.00, real=0.00 secs] 
2015-10-30T15:48:53.798+0000: 4600.978: [GC (Allocation Failure) 4600.978: [ParNew: 34002K->3641K(36288K), 0.0033657 secs] 111034K->80672K(242952K), 0.0034137 secs] [Times: user=0.02 sys=0.00, real=0.00 secs] 
2015-10-30T15:48:53.821+0000: 4601.002: [GC (Allocation Failure) 4601.002: [ParNew: 35961K->2970K(36288K), 0.0058745 secs] 112992K->81563K(242952K), 0.0059289 secs] [Times: user=0.02 sys=0.00, real=0.01 secs] 
2015-10-30T15:48:53.846+0000: 4601.027: [GC (Allocation Failure) 4601.027: [ParNew: 35290K->2317K(36288K), 0.0027521 secs] 113883K->80910K(242952K), 0.0028120 secs] [Times: user=0.01 sys=0.00, real=0.00 secs] 
2015-10-30T15:48:53.867+0000: 4601.047: [GC (Allocation Failure) 4601.047: [ParNew: 34637K->3516K(36288K), 0.0030200 secs] 113230K->82109K(242952K), 0.0030784 secs] [Times: user=0.01 sys=0.00, real=0.00 secs] 
2015-10-30T15:48:53.889+0000: 4601.069: [GC (Allocation Failure) 4601.069: [ParNew: 35836K->2677K(36288K), 0.0037740 secs] 114429K->81899K(242952K), 0.0038344 secs] [Times: user=0.02 sys=0.00, real=0.00 secs] 
2015-10-30T15:48:53.926+0000: 4601.106: [GC (Allocation Failure) 4601.106: [ParNew: 34630K->3968K(36288K), 0.0030889 secs] 113852K->85332K(242952K), 0.0031509 secs] [Times: user=0.01 sys=0.00, real=0.00 secs] 
2015-10-30T15:49:00.353+0000: 4607.534: [GC (Allocation Failure) 4607.534: [ParNew: 36245K->1887K(36288K), 0.0095799 secs] 117610K->87850K(242952K), 0.0096688 secs] [Times: user=0.03 sys=0.01, real=0.01 secs] 
2015-10-30T15:49:00.660+0000: 4607.841: [GC (Allocation Failure) 4607.841: [ParNew: 34207K->3227K(36288K), 0.0036200 secs] 120170K->89191K(242952K), 0.0036729 secs] [Times: user=0.01 sys=0.00, real=0.00 secs] 
2015-10-30T15:49:00.700+0000: 4607.880: [GC (GCLocker Initiated GC) 4607.881: [ParNew: 35737K->3968K(36288K), 0.0041876 secs] 121701K->91965K(242952K), 0.0042484 secs] [Times: user=0.02 sys=0.00, real=0.00 secs] 
2015-10-30T15:49:00.726+0000: 4607.906: [GC (Allocation Failure) 4607.906: [ParNew: 36288K->3267K(36288K), 0.0038230 secs] 124285K->93882K(242952K), 0.0038792 secs] [Times: user=0.01 sys=0.00, real=0.00 secs] 
2015-10-30T15:49:03.556+0000: 4610.736: [GC (Allocation Failure) 4610.737: [ParNew: 35587K->3968K(36288K), 0.0179254 secs] 126202K->108083K(242952K), 0.0180130 secs] [Times: user=0.07 sys=0.00, real=0.02 secs] 
2015-10-30T15:49:03.597+0000: 4610.778: [GC (Allocation Failure) 4610.778: [ParNew: 36288K->2848K(36288K), 0.0056673 secs] 140403K->110666K(242952K), 0.0057396 secs] [Times: user=0.01 sys=0.00, real=0.00 secs] 
2015-10-30T15:49:03.621+0000: 4610.802: [GC (Allocation Failure) 4610.802: [ParNew: 35168K->2176K(36288K), 0.0034579 secs] 142986K->109994K(242952K), 0.0035411 secs] [Times: user=0.01 sys=0.00, real=0.00 secs] 
2015-10-30T15:49:03.643+0000: 4610.823: [GC (Allocation Failure) 4610.823: [ParNew: 34496K->3019K(36288K), 0.0036512 secs] 142314K->110837K(242952K), 0.0037120 secs] [Times: user=0.01 sys=0.00, real=0.01 secs] 
2015-10-30T15:49:03.669+0000: 4610.849: [GC (Allocation Failure) 4610.849: [ParNew: 35339K->3281K(36288K), 0.0050976 secs] 143157K->111920K(242952K), 0.0051732 secs] [Times: user=0.02 sys=0.00, real=0.00 secs] 
2015-10-30T15:49:03.697+0000: 4610.878: [GC (Allocation Failure) 4610.878: [ParNew: 35601K->2760K(36288K), 0.0044635 secs] 144240K->112113K(242952K), 0.0045233 secs] [Times: user=0.01 sys=0.00, real=0.00 secs] 
2015-10-30T15:49:03.721+0000: 4610.902: [GC (Allocation Failure) 4610.902: [ParNew: 35080K->3968K(36288K), 0.0038942 secs] 144433K->113321K(242952K), 0.0039535 secs] [Times: user=0.01 sys=0.00, real=0.01 secs] 
2015-10-30T15:49:03.745+0000: 4610.926: [GC (Allocation Failure) 4610.926: [ParNew: 36288K->2908K(36288K), 0.0044344 secs] 145641K->112875K(242952K), 0.0044952 secs] [Times: user=0.02 sys=0.00, real=0.00 secs] 
2015-10-30T15:49:03.769+0000: 4610.949: [GC (Allocation Failure) 4610.949: [ParNew: 35228K->2647K(36288K), 0.0032839 secs] 145195K->112614K(242952K), 0.0033473 secs] [Times: user=0.01 sys=0.00, real=0.00 secs] 
2015-10-30T15:49:03.800+0000: 4610.980: [GC (Allocation Failure) 4610.980: [ParNew: 33558K->3103K(36288K), 0.0040688 secs] 143525K->116349K(242952K), 0.0041439 secs] [Times: user=0.02 sys=0.00, real=0.00 secs] 
2015-10-30T15:49:03.805+0000: 4610.985: [GC (CMS Initial Mark) [1 CMS-initial-mark: 113246K(206664K)] 119017K(242952K), 0.0017905 secs] [Times: user=0.01 sys=0.00, real=0.01 secs] 
2015-10-30T15:49:03.806+0000: 4610.987: [CMS-concurrent-mark-start]
2015-10-30T15:49:03.862+0000: 4611.042: [CMS-concurrent-mark: 0.056/0.056 secs] [Times: user=0.11 sys=0.00, real=0.05 secs] 
2015-10-30T15:49:03.862+0000: 4611.043: [CMS-concurrent-preclean-start]
2015-10-30T15:49:03.864+0000: 4611.045: [CMS-concurrent-preclean: 0.002/0.002 secs] [Times: user=0.00 sys=0.00, real=0.00 secs] 
2015-10-30T15:49:03.864+0000: 4611.045: [CMS-concurrent-abortable-preclean-start]
 CMS: abort preclean due to time 2015-10-30T15:49:08.964+0000: 4616.144: [CMS-concurrent-abortable-preclean: 1.267/5.100 secs] [Times: user=1.37 sys=0.00, real=5.10 secs] 
2015-10-30T15:49:08.964+0000: 4616.145: [GC (CMS Final Remark) [YG occupancy: 11029 K (36288 K)]4616.145: [Rescan (parallel) , 0.0025153 secs]4616.147: [weak refs processing, 0.0000182 secs]4616.147: [class unloading, 0.0149658 secs]4616.162: [scrub symbol table, 0.0066271 secs]4616.169: [scrub string table, 0.0007619 secs][1 CMS-remark: 113246K(206664K)] 124276K(242952K), 0.0263340 secs] [Times: user=0.03 sys=0.00, real=0.03 secs] 
2015-10-30T15:49:08.991+0000: 4616.171: [CMS-concurrent-sweep-start]
2015-10-30T15:49:09.026+0000: 4616.207: [CMS-concurrent-sweep: 0.036/0.036 secs] [Times: user=0.04 sys=0.00, real=0.04 secs] 
2015-10-30T15:49:09.027+0000: 4616.207: [CMS-concurrent-reset-start]
2015-10-30T15:49:09.029+0000: 4616.209: [CMS-concurrent-reset: 0.002/0.002 secs] [Times: user=0.00 sys=0.00, real=0.00 secs] 
2015-10-30T15:49:11.029+0000: 4618.209: [GC (CMS Initial Mark) [1 CMS-initial-mark: 62210K(206664K)] 73402K(242952K), 0.0027926 secs] [Times: user=0.01 sys=0.00, real=0.00 secs] 
2015-10-30T15:49:11.032+0000: 4618.212: [CMS-concurrent-mark-start]
2015-10-30T15:49:11.068+0000: 4618.248: [CMS-concurrent-mark: 0.036/0.036 secs] [Times: user=0.04 sys=0.00, real=0.04 secs] 
2015-10-30T15:49:11.068+0000: 4618.249: [CMS-concurrent-preclean-start]
2015-10-30T15:49:11.070+0000: 4618.250: [CMS-concurrent-preclean: 0.002/0.002 secs] [Times: user=0.00 sys=0.00, real=0.00 secs] 
2015-10-30T15:49:11.070+0000: 4618.250: [CMS-concurrent-abortable-preclean-start]
2015-10-30T15:49:13.554+0000: 4620.734: [GC (Allocation Failure) 4620.734: [ParNew: 35417K->3968K(36288K), 0.0163027 secs] 97628K->77669K(242952K), 0.0164213 secs] [Times: user=0.06 sys=0.00, real=0.02 secs] 
2015-10-30T15:49:13.594+0000: 4620.775: [GC (Allocation Failure) 4620.775: [ParNew: 36288K->2935K(36288K), 0.0042604 secs] 109989K->80429K(242952K), 0.0043167 secs] [Times: user=0.01 sys=0.00, real=0.01 secs] 
2015-10-30T15:49:13.605+0000: 4620.785: [CMS-concurrent-abortable-preclean: 0.570/2.535 secs] [Times: user=0.79 sys=0.00, real=2.53 secs] 
2015-10-30T15:49:13.609+0000: 4620.789: [GC (CMS Final Remark) [YG occupancy: 11455 K (36288 K)]4620.789: [Rescan (parallel) , 0.0071973 secs]4620.797: [weak refs processing, 0.0000184 secs]4620.797: [class unloading, 0.0144486 secs]4620.811: [scrub symbol table, 0.0066192 secs]4620.818: [scrub string table, 0.0007378 secs][1 CMS-remark: 77493K(206664K)] 88949K(242952K), 0.0304266 secs] [Times: user=0.04 sys=0.00, real=0.03 secs] 
2015-10-30T15:49:13.640+0000: 4620.820: [CMS-concurrent-sweep-start]
2015-10-30T15:49:13.657+0000: 4620.838: [GC (Allocation Failure) 4620.838: [ParNew: 35255K->2220K(36288K), 0.0026265 secs] 111696K->78661K(242952K), 0.0026864 secs] [Times: user=0.01 sys=0.00, real=0.00 secs] 
2015-10-30T15:49:13.681+0000: 4620.861: [CMS-concurrent-sweep: 0.037/0.041 secs] [Times: user=0.16 sys=0.00, real=0.04 secs] 
2015-10-30T15:49:13.681+0000: 4620.861: [CMS-concurrent-reset-start]
2015-10-30T15:49:13.683+0000: 4620.863: [GC (Allocation Failure) 4620.863: [ParNew: 34540K->2963K(36288K), 0.0034898 secs] 109890K->78312K(242952K), 0.0035362 secs] [Times: user=0.01 sys=0.00, real=0.01 secs] 
2015-10-30T15:49:13.687+0000: 4620.867: [CMS-concurrent-reset: 0.003/0.006 secs] [Times: user=0.02 sys=0.00, real=0.01 secs] 
2015-10-30T15:49:13.705+0000: 4620.886: [GC (Allocation Failure) 4620.886: [ParNew: 35283K->3307K(36288K), 0.0041948 secs] 110632K->79482K(242952K), 0.0042581 secs] [Times: user=0.01 sys=0.00, real=0.00 secs] 
2015-10-30T15:49:13.729+0000: 4620.909: [GC (Allocation Failure) 4620.909: [ParNew: 35627K->3327K(36288K), 0.0037503 secs] 111802K->80208K(242952K), 0.0038129 secs] [Times: user=0.01 sys=0.00, real=0.00 secs] 
2015-10-30T15:49:13.753+0000: 4620.934: [GC (Allocation Failure) 4620.934: [ParNew: 35647K->3093K(36288K), 0.0040588 secs] 112528K->80618K(242952K), 0.0041292 secs] [Times: user=0.01 sys=0.00, real=0.01 secs] 
2015-10-30T15:49:13.778+0000: 4620.958: [GC (Allocation Failure) 4620.958: [ParNew: 35413K->3341K(36288K), 0.0026641 secs] 112938K->80866K(242952K), 0.0027241 secs] [Times: user=0.02 sys=0.00, real=0.00 secs] 
2015-10-30T15:49:13.799+0000: 4620.980: [GC (Allocation Failure) 4620.980: [ParNew: 35661K->2454K(36288K), 0.0035114 secs] 113186K->80577K(242952K), 0.0035701 secs] [Times: user=0.01 sys=0.00, real=0.00 secs] 
2015-10-30T15:49:13.832+0000: 4621.013: [GC (Allocation Failure) 4621.013: [ParNew: 33433K->2863K(36288K), 0.0024517 secs] 111556K->83653K(242952K), 0.0025187 secs] [Times: user=0.01 sys=0.00, real=0.00 secs] 
2015-10-30T15:49:13.835+0000: 4621.016: [GC (CMS Initial Mark) [1 CMS-initial-mark: 80790K(206664K)] 86321K(242952K), 0.0015073 secs] [Times: user=0.01 sys=0.00, real=0.00 secs] 
2015-10-30T15:49:13.837+0000: 4621.017: [CMS-concurrent-mark-start]
2015-10-30T15:49:13.893+0000: 4621.073: [CMS-concurrent-mark: 0.056/0.056 secs] [Times: user=0.11 sys=0.00, real=0.06 secs] 
2015-10-30T15:49:13.893+0000: 4621.073: [CMS-concurrent-preclean-start]
2015-10-30T15:49:13.895+0000: 4621.075: [CMS-concurrent-preclean: 0.002/0.002 secs] [Times: user=0.01 sys=0.00, real=0.00 secs] 
2015-10-30T15:49:13.895+0000: 4621.075: [CMS-concurrent-abortable-preclean-start]
 CMS: abort preclean due to time 2015-10-30T15:49:18.968+0000: 4626.149: [CMS-concurrent-abortable-preclean: 1.182/5.073 secs] [Times: user=1.28 sys=0.00, real=5.08 secs] 
2015-10-30T15:49:18.969+0000: 4626.149: [GC (CMS Final Remark) [YG occupancy: 9733 K (36288 K)]4626.149: [Rescan (parallel) , 0.0023362 secs]4626.151: [weak refs processing, 0.0000159 secs]4626.151: [class unloading, 0.0147454 secs]4626.166: [scrub symbol table, 0.0067745 secs]4626.173: [scrub string table, 0.0007733 secs][1 CMS-remark: 80790K(206664K)] 90523K(242952K), 0.0261010 secs] [Times: user=0.03 sys=0.00, real=0.02 secs] 
2015-10-30T15:49:18.995+0000: 4626.175: [CMS-concurrent-sweep-start]
2015-10-30T15:49:19.034+0000: 4626.215: [CMS-concurrent-sweep: 0.039/0.039 secs] [Times: user=0.04 sys=0.00, real=0.04 secs] 
2015-10-30T15:49:19.034+0000: 4626.215: [CMS-concurrent-reset-start]
2015-10-30T15:49:19.037+0000: 4626.217: [CMS-concurrent-reset: 0.002/0.002 secs] [Times: user=0.00 sys=0.00, real=0.00 secs] 
2015-10-30T15:49:21.037+0000: 4628.218: [GC (CMS Initial Mark) [1 CMS-initial-mark: 61958K(206664K)] 72095K(242952K), 0.0029187 secs] [Times: user=0.01 sys=0.00, real=0.00 secs] 
2015-10-30T15:49:21.040+0000: 4628.221: [CMS-concurrent-mark-start]
2015-10-30T15:49:21.078+0000: 4628.258: [CMS-concurrent-mark: 0.037/0.037 secs] [Times: user=0.04 sys=0.00, real=0.04 secs] 
2015-10-30T15:49:21.078+0000: 4628.258: [CMS-concurrent-preclean-start]
2015-10-30T15:49:21.080+0000: 4628.260: [CMS-concurrent-preclean: 0.002/0.002 secs] [Times: user=0.00 sys=0.00, real=0.00 secs] 
2015-10-30T15:49:21.080+0000: 4628.260: [CMS-concurrent-abortable-preclean-start]
2015-10-30T15:49:23.554+0000: 4630.734: [GC (Allocation Failure) 4630.734: [ParNew: 35183K->3968K(36288K), 0.0160309 secs] 97141K->77366K(242952K), 0.0161148 secs] [Times: user=0.05 sys=0.00, real=0.02 secs] 
2015-10-30T15:49:23.593+0000: 4630.774: [GC (Allocation Failure) 4630.774: [ParNew: 36288K->2900K(36288K), 0.0036732 secs] 109686K->80033K(242952K), 0.0037271 secs] [Times: user=0.01 sys=0.00, real=0.00 secs] 
2015-10-30T15:49:23.597+0000: 4630.778: [CMS-concurrent-abortable-preclean: 0.589/2.518 secs] [Times: user=0.78 sys=0.00, real=2.52 secs] 
2015-10-30T15:49:23.601+0000: 4630.781: [GC (CMS Final Remark) [YG occupancy: 3818 K (36288 K)]4630.781: [Rescan (parallel) , 0.0025899 secs]4630.784: [weak refs processing, 0.0000126 secs]4630.784: [class unloading, 0.0146798 secs]4630.798: [scrub symbol table, 0.0072620 secs]4630.806: [scrub string table, 0.0007482 secs][1 CMS-remark: 77133K(206664K)] 80952K(242952K), 0.0267519 secs] [Times: user=0.03 sys=0.00, real=0.03 secs] 
2015-10-30T15:49:23.629+0000: 4630.810: [CMS-concurrent-sweep-start]
2015-10-30T15:49:23.649+0000: 4630.829: [GC (Allocation Failure) 4630.829: [ParNew: 35220K->2119K(36288K), 0.0025989 secs] 111656K->78555K(242952K), 0.0026752 secs] [Times: user=0.01 sys=0.00, real=0.00 secs] 
2015-10-30T15:49:23.669+0000: 4630.849: [CMS-concurrent-sweep: 0.034/0.039 secs] [Times: user=0.15 sys=0.00, real=0.04 secs] 
2015-10-30T15:49:23.669+0000: 4630.849: [CMS-concurrent-reset-start]
2015-10-30T15:49:23.672+0000: 4630.852: [CMS-concurrent-reset: 0.003/0.003 secs] [Times: user=0.01 sys=0.00, real=0.00 secs] 
2015-10-30T15:49:23.675+0000: 4630.855: [GC (Allocation Failure) 4630.855: [ParNew: 34439K->2923K(36288K), 0.0032559 secs] 110012K->78496K(242952K), 0.0033045 secs] [Times: user=0.01 sys=0.00, real=0.01 secs] 
2015-10-30T15:49:23.697+0000: 4630.877: [GC (Allocation Failure) 4630.877: [ParNew: 35243K->2764K(36288K), 0.0041568 secs] 110816K->79174K(242952K), 0.0042070 secs] [Times: user=0.02 sys=0.00, real=0.01 secs] 
2015-10-30T15:49:23.721+0000: 4630.902: [GC (Allocation Failure) 4630.902: [ParNew: 35084K->2647K(36288K), 0.0037015 secs] 111494K->79762K(242952K), 0.0037604 secs] [Times: user=0.01 sys=0.00, real=0.01 secs] 
2015-10-30T15:49:23.745+0000: 4630.926: [GC (Allocation Failure) 4630.926: [ParNew: 34967K->3968K(36288K), 0.0034543 secs] 112082K->81083K(242952K), 0.0035118 secs] [Times: user=0.01 sys=0.00, real=0.00 secs] 
2015-10-30T15:49:23.769+0000: 4630.950: [GC (Allocation Failure) 4630.950: [ParNew: 36288K->2396K(36288K), 0.0042163 secs] 113403K->80120K(242952K), 0.0042749 secs] [Times: user=0.01 sys=0.00, real=0.00 secs] 
2015-10-30T15:49:23.793+0000: 4630.974: [GC (Allocation Failure) 4630.974: [ParNew: 34716K->2700K(36288K), 0.0032746 secs] 112440K->80423K(242952K), 0.0033319 secs] [Times: user=0.01 sys=0.00, real=0.00 secs] 
2015-10-30T15:49:23.826+0000: 4631.007: [GC (Allocation Failure) 4631.007: [ParNew: 32736K->3124K(36288K), 0.0038714 secs] 110460K->84102K(242952K), 0.0039430 secs] [Times: user=0.01 sys=0.00, real=0.00 secs] 
2015-10-30T15:49:23.831+0000: 4631.011: [GC (CMS Initial Mark) [1 CMS-initial-mark: 80978K(206664K)] 86783K(242952K), 0.0016024 secs] [Times: user=0.01 sys=0.00, real=0.00 secs] 
2015-10-30T15:49:23.832+0000: 4631.013: [CMS-concurrent-mark-start]
2015-10-30T15:49:23.888+0000: 4631.069: [CMS-concurrent-mark: 0.056/0.056 secs] [Times: user=0.11 sys=0.00, real=0.06 secs] 
2015-10-30T15:49:23.888+0000: 4631.069: [CMS-concurrent-preclean-start]
2015-10-30T15:49:23.890+0000: 4631.071: [CMS-concurrent-preclean: 0.002/0.002 secs] [Times: user=0.00 sys=0.00, real=0.00 secs] 
2015-10-30T15:49:23.890+0000: 4631.071: [CMS-concurrent-abortable-preclean-start]
 CMS: abort preclean due to time 2015-10-30T15:49:29.002+0000: 4636.183: [CMS-concurrent-abortable-preclean: 1.223/5.112 secs] [Times: user=1.33 sys=0.00, real=5.11 secs] 
2015-10-30T15:49:29.002+0000: 4636.183: [GC (CMS Final Remark) [YG occupancy: 10045 K (36288 K)]4636.183: [Rescan (parallel) , 0.0024449 secs]4636.185: [weak refs processing, 0.0000165 secs]4636.185: [class unloading, 0.0143594 secs]4636.200: [scrub symbol table, 0.0066242 secs]4636.206: [scrub string table, 0.0007346 secs][1 CMS-remark: 80978K(206664K)] 91024K(242952K), 0.0255748 secs] [Times: user=0.03 sys=0.00, real=0.03 secs] 
2015-10-30T15:49:29.028+0000: 4636.209: [CMS-concurrent-sweep-start]
2015-10-30T15:49:29.054+0000: 4636.235: [CMS-concurrent-sweep: 0.026/0.026 secs] [Times: user=0.02 sys=0.00, real=0.02 secs] 
2015-10-30T15:49:29.054+0000: 4636.235: [CMS-concurrent-reset-start]
2015-10-30T15:49:29.057+0000: 4636.237: [CMS-concurrent-reset: 0.002/0.002 secs] [Times: user=0.01 sys=0.00, real=0.00 secs] 
2015-10-30T15:49:31.057+0000: 4638.237: [GC (CMS Initial Mark) [1 CMS-initial-mark: 61640K(206664K)] 71844K(242952K), 0.0026681 secs] [Times: user=0.01 sys=0.00, real=0.01 secs] 
2015-10-30T15:49:31.060+0000: 4638.240: [CMS-concurrent-mark-start]
2015-10-30T15:49:31.097+0000: 4638.278: [CMS-concurrent-mark: 0.038/0.038 secs] [Times: user=0.04 sys=0.00, real=0.04 secs] 
2015-10-30T15:49:31.097+0000: 4638.278: [CMS-concurrent-preclean-start]
2015-10-30T15:49:31.099+0000: 4638.280: [CMS-concurrent-preclean: 0.002/0.002 secs] [Times: user=0.00 sys=0.00, real=0.00 secs] 
2015-10-30T15:49:31.099+0000: 4638.280: [CMS-concurrent-abortable-preclean-start]
2015-10-30T15:49:33.579+0000: 4640.759: [GC (Allocation Failure) 4640.759: [ParNew: 35444K->3968K(36288K), 0.0151668 secs] 97085K->77147K(242952K), 0.0152470 secs] [Times: user=0.05 sys=0.00, real=0.01 secs] 
2015-10-30T15:49:33.616+0000: 4640.797: [GC (Allocation Failure) 4640.797: [ParNew: 36288K->1793K(36288K), 0.0038485 secs] 109467K->78867K(242952K), 0.0038997 secs] [Times: user=0.01 sys=0.00, real=0.01 secs] 
2015-10-30T15:49:33.621+0000: 4640.801: [CMS-concurrent-abortable-preclean: 0.595/2.521 secs] [Times: user=0.79 sys=0.01, real=2.52 secs] 
2015-10-30T15:49:33.621+0000: 4640.801: [GC (CMS Final Remark) [YG occupancy: 2480 K (36288 K)]4640.801: [Rescan (parallel) , 0.0022165 secs]4640.803: [weak refs processing, 0.0000117 secs]4640.803: [class unloading, 0.0144189 secs]4640.818: [scrub symbol table, 0.0066068 secs]4640.824: [scrub string table, 0.0007377 secs][1 CMS-remark: 77073K(206664K)] 79554K(242952K), 0.0253955 secs] [Times: user=0.04 sys=0.00, real=0.03 secs] 
2015-10-30T15:49:33.646+0000: 4640.827: [CMS-concurrent-sweep-start]
2015-10-30T15:49:33.669+0000: 4640.849: [GC (Allocation Failure) 4640.849: [ParNew: 34113K->2128K(36288K), 0.0025627 secs] 111092K->79106K(242952K), 0.0026356 secs] [Times: user=0.01 sys=0.00, real=0.00 secs] 
2015-10-30T15:49:33.676+0000: 4640.857: [CMS-concurrent-sweep: 0.027/0.030 secs] [Times: user=0.11 sys=0.00, real=0.02 secs] 
2015-10-30T15:49:33.676+0000: 4640.857: [CMS-concurrent-reset-start]
2015-10-30T15:49:33.679+0000: 4640.859: [CMS-concurrent-reset: 0.003/0.003 secs] [Times: user=0.01 sys=0.00, real=0.01 secs] 
2015-10-30T15:49:33.691+0000: 4640.871: [GC (Allocation Failure) 4640.871: [ParNew: 34448K->2826K(36288K), 0.0037902 secs] 111417K->79795K(242952K), 0.0038517 secs] [Times: user=0.01 sys=0.00, real=0.00 secs] 
2015-10-30T15:49:33.714+0000: 4640.895: [GC (Allocation Failure) 4640.895: [ParNew: 35146K->2678K(36288K), 0.0042300 secs] 112115K->80486K(242952K), 0.0042810 secs] [Times: user=0.01 sys=0.00, real=0.01 secs] 
2015-10-30T15:49:33.739+0000: 4640.920: [GC (Allocation Failure) 4640.920: [ParNew: 34998K->2572K(36288K), 0.0037752 secs] 112806K->81095K(242952K), 0.0038343 secs] [Times: user=0.02 sys=0.00, real=0.00 secs] 
2015-10-30T15:49:33.761+0000: 4640.942: [GC (Allocation Failure) 4640.942: [ParNew: 34892K->3823K(36288K), 0.0030910 secs] 113415K->82346K(242952K), 0.0031492 secs] [Times: user=0.01 sys=0.00, real=0.00 secs] 
2015-10-30T15:49:33.785+0000: 4640.966: [GC (Allocation Failure) 4640.966: [ParNew: 36143K->2828K(36288K), 0.0044665 secs] 114666K->81930K(242952K), 0.0045303 secs] [Times: user=0.01 sys=0.00, real=0.00 secs] 
2015-10-30T15:49:33.808+0000: 4640.988: [GC (Allocation Failure) 4640.988: [ParNew: 35148K->2960K(36288K), 0.0030511 secs] 114250K->82062K(242952K), 0.0031090 secs] [Times: user=0.01 sys=0.00, real=0.00 secs] 
2015-10-30T15:49:33.852+0000: 4641.032: [GC (Allocation Failure) 4641.032: [ParNew: 35277K->3112K(36288K), 0.0036491 secs] 114380K->88154K(242952K), 0.0037185 secs] [Times: user=0.01 sys=0.00, real=0.00 secs] 
2015-10-30T15:49:33.856+0000: 4641.036: [GC (CMS Initial Mark) [1 CMS-initial-mark: 85042K(206664K)] 88282K(242952K), 0.0022433 secs] [Times: user=0.01 sys=0.00, real=0.01 secs] 
2015-10-30T15:49:33.858+0000: 4641.039: [CMS-concurrent-mark-start]
2015-10-30T15:49:33.894+0000: 4641.075: [CMS-concurrent-mark: 0.036/0.036 secs] [Times: user=0.07 sys=0.00, real=0.03 secs] 
2015-10-30T15:49:33.894+0000: 4641.075: [CMS-concurrent-preclean-start]
2015-10-30T15:49:33.896+0000: 4641.076: [CMS-concurrent-preclean: 0.001/0.001 secs] [Times: user=0.00 sys=0.00, real=0.00 secs] 
2015-10-30T15:49:33.896+0000: 4641.076: [GC (CMS Final Remark) [YG occupancy: 4279 K (36288 K)]4641.076: [Rescan (parallel) , 0.0018475 secs]4641.078: [weak refs processing, 0.0000158 secs]4641.078: [class unloading, 0.0145163 secs]4641.093: [scrub symbol table, 0.0066436 secs]4641.099: [scrub string table, 0.0007543 secs][1 CMS-remark: 85042K(206664K)] 89321K(242952K), 0.0251860 secs] [Times: user=0.03 sys=0.00, real=0.03 secs] 
2015-10-30T15:49:33.921+0000: 4641.102: [CMS-concurrent-sweep-start]
2015-10-30T15:49:33.944+0000: 4641.125: [CMS-concurrent-sweep: 0.023/0.023 secs] [Times: user=0.03 sys=0.00, real=0.02 secs] 
2015-10-30T15:49:33.944+0000: 4641.125: [CMS-concurrent-reset-start]
2015-10-30T15:49:33.947+0000: 4641.127: [CMS-concurrent-reset: 0.002/0.002 secs] [Times: user=0.00 sys=0.00, real=0.01 secs] 
2015-10-30T15:49:35.946+0000: 4643.127: [GC (CMS Initial Mark) [1 CMS-initial-mark: 65955K(206664K)] 71227K(242952K), 0.0021425 secs] [Times: user=0.01 sys=0.00, real=0.00 secs] 
2015-10-30T15:49:35.949+0000: 4643.129: [CMS-concurrent-mark-start]
2015-10-30T15:49:35.985+0000: 4643.166: [CMS-concurrent-mark: 0.037/0.037 secs] [Times: user=0.04 sys=0.00, real=0.04 secs] 
2015-10-30T15:49:35.985+0000: 4643.166: [CMS-concurrent-preclean-start]
2015-10-30T15:49:35.987+0000: 4643.168: [CMS-concurrent-preclean: 0.002/0.002 secs] [Times: user=0.00 sys=0.00, real=0.00 secs] 
2015-10-30T15:49:35.987+0000: 4643.168: [CMS-concurrent-abortable-preclean-start]
 CMS: abort preclean due to time 2015-10-30T15:49:41.003+0000: 4648.183: [CMS-concurrent-abortable-preclean: 1.172/5.015 secs] [Times: user=1.23 sys=0.01, real=5.01 secs] 
2015-10-30T15:49:41.003+0000: 4648.183: [GC (CMS Final Remark) [YG occupancy: 7560 K (36288 K)]4648.183: [Rescan (parallel) , 0.0028373 secs]4648.186: [weak refs processing, 0.0000225 secs]4648.186: [class unloading, 0.0146133 secs]4648.201: [scrub symbol table, 0.0067197 secs]4648.208: [scrub string table, 0.0007483 secs][1 CMS-remark: 65955K(206664K)] 73515K(242952K), 0.0264374 secs] [Times: user=0.03 sys=0.00, real=0.03 secs] 
2015-10-30T15:49:41.030+0000: 4648.210: [CMS-concurrent-sweep-start]
2015-10-30T15:49:41.048+0000: 4648.229: [CMS-concurrent-sweep: 0.019/0.019 secs] [Times: user=0.02 sys=0.00, real=0.02 secs] 
2015-10-30T15:49:41.048+0000: 4648.229: [CMS-concurrent-reset-start]
2015-10-30T15:49:41.051+0000: 4648.231: [CMS-concurrent-reset: 0.002/0.002 secs] [Times: user=0.00 sys=0.00, real=0.00 secs] 
2015-10-30T15:49:43.050+0000: 4650.231: [GC (CMS Initial Mark) [1 CMS-initial-mark: 62574K(206664K)] 70337K(242952K), 0.0027366 secs] [Times: user=0.01 sys=0.00, real=0.00 secs] 
2015-10-30T15:49:43.053+0000: 4650.233: [CMS-concurrent-mark-start]
2015-10-30T15:49:43.089+0000: 4650.270: [CMS-concurrent-mark: 0.036/0.036 secs] [Times: user=0.04 sys=0.00, real=0.04 secs] 
2015-10-30T15:49:43.089+0000: 4650.270: [CMS-concurrent-preclean-start]
2015-10-30T15:49:43.091+0000: 4650.271: [CMS-concurrent-preclean: 0.002/0.002 secs] [Times: user=0.00 sys=0.00, real=0.00 secs] 
2015-10-30T15:49:43.091+0000: 4650.271: [CMS-concurrent-abortable-preclean-start]
 CMS: abort preclean due to time 2015-10-30T15:49:48.187+0000: 4655.368: [CMS-concurrent-abortable-preclean: 1.125/5.097 secs] [Times: user=1.19 sys=0.00, real=5.10 secs] 
2015-10-30T15:49:48.188+0000: 4655.368: [GC (CMS Final Remark) [YG occupancy: 10515 K (36288 K)]4655.368: [Rescan (parallel) , 0.0033483 secs]4655.372: [weak refs processing, 0.0000170 secs]4655.372: [class unloading, 0.0145864 secs]4655.386: [scrub symbol table, 0.0065934 secs]4655.393: [scrub string table, 0.0007510 secs][1 CMS-remark: 62574K(206664K)] 73089K(242952K), 0.0267102 secs] [Times: user=0.04 sys=0.00, real=0.02 secs] 
2015-10-30T15:49:48.215+0000: 4655.395: [CMS-concurrent-sweep-start]
2015-10-30T15:49:48.234+0000: 4655.414: [CMS-concurrent-sweep: 0.019/0.019 secs] [Times: user=0.02 sys=0.00, real=0.02 secs] 
2015-10-30T15:49:48.234+0000: 4655.414: [CMS-concurrent-reset-start]
2015-10-30T15:49:48.236+0000: 4655.417: [CMS-concurrent-reset: 0.002/0.002 secs] [Times: user=0.00 sys=0.00, real=0.00 secs] 
2015-10-30T15:49:48.562+0000: 4655.743: [GC (Allocation Failure) 4655.743: [ParNew: 35432K->3968K(36288K), 0.0146778 secs] 96503K->76604K(242952K), 0.0147629 secs] [Times: user=0.04 sys=0.01, real=0.02 secs] 
2015-10-30T15:49:48.597+0000: 4655.778: [GC (Allocation Failure) 4655.778: [ParNew: 36288K->2931K(36288K), 0.0038495 secs] 108924K->79280K(242952K), 0.0039181 secs] [Times: user=0.01 sys=0.00, real=0.00 secs] 
2015-10-30T15:49:48.620+0000: 4655.801: [GC (Allocation Failure) 4655.801: [ParNew: 35251K->1945K(36288K), 0.0025519 secs] 111600K->78295K(242952K), 0.0026123 secs] [Times: user=0.01 sys=0.00, real=0.00 secs] 
2015-10-30T15:49:48.645+0000: 4655.826: [GC (Allocation Failure) 4655.826: [ParNew: 34265K->2958K(36288K), 0.0037223 secs] 110615K->79308K(242952K), 0.0037723 secs] [Times: user=0.01 sys=0.00, real=0.00 secs] 
2015-10-30T15:49:48.673+0000: 4655.853: [GC (Allocation Failure) 4655.853: [ParNew: 35278K->2814K(36288K), 0.0041747 secs] 111628K->80008K(242952K), 0.0042241 secs] [Times: user=0.02 sys=0.00, real=0.00 secs] 
2015-10-30T15:49:48.697+0000: 4655.878: [GC (Allocation Failure) 4655.878: [ParNew: 35134K->3186K(36288K), 0.0036630 secs] 112328K->81066K(242952K), 0.0037221 secs] [Times: user=0.01 sys=0.00, real=0.00 secs] 
2015-10-30T15:49:48.721+0000: 4655.902: [GC (Allocation Failure) 4655.902: [ParNew: 35506K->3032K(36288K), 0.0036254 secs] 113386K->81510K(242952K), 0.0036875 secs] [Times: user=0.02 sys=0.00, real=0.00 secs] 
2015-10-30T15:49:48.749+0000: 4655.929: [GC (Allocation Failure) 4655.929: [ParNew: 35352K->2916K(36288K), 0.0027364 secs] 113830K->81395K(242952K), 0.0027968 secs] [Times: user=0.01 sys=0.00, real=0.00 secs] 
2015-10-30T15:49:48.771+0000: 4655.951: [GC (Allocation Failure) 4655.951: [ParNew: 35236K->2459K(36288K), 0.0032173 secs] 113715K->80938K(242952K), 0.0032826 secs] [Times: user=0.01 sys=0.00, real=0.00 secs] 
2015-10-30T15:49:48.803+0000: 4655.984: [GC (Allocation Failure) 4655.984: [ParNew: 33262K->3209K(36288K), 0.0037496 secs] 111740K->84972K(242952K), 0.0038185 secs] [Times: user=0.02 sys=0.00, real=0.01 secs] 
2015-10-30T15:49:48.808+0000: 4655.988: [GC (CMS Initial Mark) [1 CMS-initial-mark: 81762K(206664K)] 87640K(242952K), 0.0019900 secs] [Times: user=0.00 sys=0.00, real=0.00 secs] 
2015-10-30T15:49:48.810+0000: 4655.990: [CMS-concurrent-mark-start]
2015-10-30T15:49:48.847+0000: 4656.028: [CMS-concurrent-mark: 0.038/0.038 secs] [Times: user=0.08 sys=0.00, real=0.04 secs] 
2015-10-30T15:49:48.847+0000: 4656.028: [CMS-concurrent-preclean-start]
2015-10-30T15:49:48.849+0000: 4656.030: [CMS-concurrent-preclean: 0.002/0.002 secs] [Times: user=0.00 sys=0.00, real=0.00 secs] 
2015-10-30T15:49:48.849+0000: 4656.030: [CMS-concurrent-abortable-preclean-start]
 CMS: abort preclean due to time 2015-10-30T15:49:53.852+0000: 4661.032: [CMS-concurrent-abortable-preclean: 1.226/5.002 secs] [Times: user=1.31 sys=0.01, real=5.00 secs] 
2015-10-30T15:49:53.852+0000: 4661.032: [GC (CMS Final Remark) [YG occupancy: 8778 K (36288 K)]4661.032: [Rescan (parallel) , 0.0019096 secs]4661.034: [weak refs processing, 0.0000168 secs]4661.034: [class unloading, 0.0146331 secs]4661.049: [scrub symbol table, 0.0068192 secs]4661.056: [scrub string table, 0.0007481 secs][1 CMS-remark: 81762K(206664K)] 90541K(242952K), 0.0256005 secs] [Times: user=0.03 sys=0.00, real=0.03 secs] 
2015-10-30T15:49:53.878+0000: 4661.058: [CMS-concurrent-sweep-start]
2015-10-30T15:49:53.900+0000: 4661.080: [CMS-concurrent-sweep: 0.022/0.022 secs] [Times: user=0.02 sys=0.00, real=0.02 secs] 
2015-10-30T15:49:53.900+0000: 4661.080: [CMS-concurrent-reset-start]
2015-10-30T15:49:53.902+0000: 4661.083: [CMS-concurrent-reset: 0.002/0.002 secs] [Times: user=0.01 sys=0.00, real=0.00 secs] 
2015-10-30T15:49:55.902+0000: 4663.083: [GC (CMS Initial Mark) [1 CMS-initial-mark: 63011K(206664K)] 71984K(242952K), 0.0024216 secs] [Times: user=0.00 sys=0.00, real=0.00 secs] 
2015-10-30T15:49:55.905+0000: 4663.085: [CMS-concurrent-mark-start]
2015-10-30T15:49:55.941+0000: 4663.121: [CMS-concurrent-mark: 0.036/0.036 secs] [Times: user=0.04 sys=0.00, real=0.04 secs] 
2015-10-30T15:49:55.941+0000: 4663.121: [CMS-concurrent-preclean-start]
2015-10-30T15:49:55.943+0000: 4663.123: [CMS-concurrent-preclean: 0.002/0.002 secs] [Times: user=0.00 sys=0.00, real=0.00 secs] 
2015-10-30T15:49:55.943+0000: 4663.123: [CMS-concurrent-abortable-preclean-start]
2015-10-30T15:49:58.562+0000: 4665.742: [GC (Allocation Failure) 4665.742: [ParNew: 35529K->3968K(36288K), 0.0161824 secs] 98541K->78447K(242952K), 0.0162847 secs] [Times: user=0.06 sys=0.00, real=0.02 secs] 
2015-10-30T15:49:58.602+0000: 4665.783: [GC (Allocation Failure) 4665.783: [ParNew: 36288K->3444K(36288K), 0.0043729 secs] 110767K->81701K(242952K), 0.0044282 secs] [Times: user=0.02 sys=0.00, real=0.01 secs] 
2015-10-30T15:49:58.617+0000: 4665.797: [CMS-concurrent-abortable-preclean: 0.662/2.674 secs] [Times: user=0.90 sys=0.02, real=2.67 secs] 
2015-10-30T15:49:58.621+0000: 4665.802: [GC (CMS Final Remark) [YG occupancy: 19670 K (36288 K)]4665.802: [Rescan (parallel) , 0.0112085 secs]4665.813: [weak refs processing, 0.0000198 secs]4665.813: [class unloading, 0.0147373 secs]4665.828: [scrub symbol table, 0.0066231 secs]4665.834: [scrub string table, 0.0007413 secs][1 CMS-remark: 78256K(206664K)] 97927K(242952K), 0.0347642 secs] [Times: user=0.06 sys=0.00, real=0.03 secs] 
2015-10-30T15:49:58.656+0000: 4665.837: [CMS-concurrent-sweep-start]
2015-10-30T15:49:58.671+0000: 4665.851: [GC (Allocation Failure) 4665.851: [ParNew: 35764K->2180K(36288K), 0.0028896 secs] 113983K->80399K(242952K), 0.0029468 secs] [Times: user=0.01 sys=0.00, real=0.00 secs] 
2015-10-30T15:49:58.684+0000: 4665.864: [CMS-concurrent-sweep: 0.024/0.028 secs] [Times: user=0.11 sys=0.00, real=0.03 secs] 
2015-10-30T15:49:58.684+0000: 4665.864: [CMS-concurrent-reset-start]
2015-10-30T15:49:58.686+0000: 4665.867: [CMS-concurrent-reset: 0.002/0.002 secs] [Times: user=0.01 sys=0.00, real=0.01 secs] 
2015-10-30T15:49:58.695+0000: 4665.876: [GC (Allocation Failure) 4665.876: [ParNew: 34500K->3325K(36288K), 0.0031734 secs] 112655K->81480K(242952K), 0.0032214 secs] [Times: user=0.01 sys=0.00, real=0.01 secs] 
2015-10-30T15:49:58.717+0000: 4665.898: [GC (Allocation Failure) 4665.898: [ParNew: 35645K->3285K(36288K), 0.0042119 secs] 113800K->82266K(242952K), 0.0042632 secs] [Times: user=0.01 sys=0.00, real=0.00 secs] 
2015-10-30T15:49:58.742+0000: 4665.923: [GC (Allocation Failure) 4665.923: [ParNew: 35605K->2634K(36288K), 0.0038965 secs] 114586K->82316K(242952K), 0.0039618 secs] [Times: user=0.01 sys=0.00, real=0.01 secs] 
2015-10-30T15:49:58.765+0000: 4665.946: [GC (Allocation Failure) 4665.946: [ParNew: 34954K->3907K(36288K), 0.0030900 secs] 114636K->83589K(242952K), 0.0031510 secs] [Times: user=0.01 sys=0.00, real=0.00 secs] 
2015-10-30T15:49:58.788+0000: 4665.968: [GC (Allocation Failure) 4665.968: [ParNew: 36227K->2726K(36288K), 0.0036348 secs] 115909K->83052K(242952K), 0.0036928 secs] [Times: user=0.01 sys=0.00, real=0.00 secs] 
2015-10-30T15:49:58.811+0000: 4665.992: [GC (Allocation Failure) 4665.992: [ParNew: 35046K->3502K(36288K), 0.0027320 secs] 115372K->83829K(242952K), 0.0027940 secs] [Times: user=0.01 sys=0.00, real=0.00 secs] 
2015-10-30T15:49:58.867+0000: 4666.047: [GC (Allocation Failure) 4666.047: [ParNew: 35789K->3151K(36288K), 0.0045035 secs] 116116K->88812K(242952K), 0.0045795 secs] [Times: user=0.01 sys=0.00, real=0.00 secs] 
2015-10-30T15:49:58.872+0000: 4666.052: [GC (CMS Initial Mark) [1 CMS-initial-mark: 85661K(206664K)] 89070K(242952K), 0.0019777 secs] [Times: user=0.01 sys=0.00, real=0.00 secs] 
2015-10-30T15:49:58.874+0000: 4666.054: [CMS-concurrent-mark-start]
2015-10-30T15:49:58.909+0000: 4666.089: [CMS-concurrent-mark: 0.035/0.035 secs] [Times: user=0.07 sys=0.00, real=0.04 secs] 
2015-10-30T15:49:58.909+0000: 4666.089: [CMS-concurrent-preclean-start]
2015-10-30T15:49:58.910+0000: 4666.091: [CMS-concurrent-preclean: 0.001/0.001 secs] [Times: user=0.00 sys=0.00, real=0.00 secs] 
2015-10-30T15:49:58.910+0000: 4666.091: [GC (CMS Final Remark) [YG occupancy: 4138 K (36288 K)]4666.091: [Rescan (parallel) , 0.0019571 secs]4666.093: [weak refs processing, 0.0000153 secs]4666.093: [class unloading, 0.0145371 secs]4666.107: [scrub symbol table, 0.0066866 secs]4666.114: [scrub string table, 0.0007431 secs][1 CMS-remark: 85661K(206664K)] 89800K(242952K), 0.0253867 secs] [Times: user=0.04 sys=0.00, real=0.02 secs] 
2015-10-30T15:49:58.936+0000: 4666.116: [CMS-concurrent-sweep-start]
2015-10-30T15:49:58.958+0000: 4666.139: [CMS-concurrent-sweep: 0.022/0.022 secs] [Times: user=0.02 sys=0.00, real=0.03 secs] 
2015-10-30T15:49:58.958+0000: 4666.139: [CMS-concurrent-reset-start]
2015-10-30T15:49:58.961+0000: 4666.141: [CMS-concurrent-reset: 0.002/0.002 secs] [Times: user=0.00 sys=0.00, real=0.00 secs] 
2015-10-30T15:50:00.084+0000: 4667.264: [GC (Allocation Failure) 4667.264: [ParNew: 35447K->3968K(36288K), 0.0162502 secs] 100722K->78213K(242952K), 0.0163484 secs] [Times: user=0.05 sys=0.00, real=0.02 secs] 
2015-10-30T15:50:00.126+0000: 4667.306: [GC (Allocation Failure) 4667.306: [ParNew: 36288K->3968K(36288K), 0.0261440 secs] 110533K->95000K(242952K), 0.0262483 secs] [Times: user=0.08 sys=0.00, real=0.02 secs] 
2015-10-30T15:50:00.176+0000: 4667.356: [GC (Allocation Failure) 4667.356: [ParNew: 36288K->3968K(36288K), 0.0119415 secs] 127320K->99380K(242952K), 0.0120452 secs] [Times: user=0.05 sys=0.00, real=0.02 secs] 
2015-10-30T15:50:00.195+0000: 4667.376: [GC (CMS Initial Mark) [1 CMS-initial-mark: 95412K(206664K)] 104691K(242952K), 0.0060309 secs] [Times: user=0.02 sys=0.00, real=0.01 secs] 
2015-10-30T15:50:00.202+0000: 4667.382: [CMS-concurrent-mark-start]
2015-10-30T15:50:00.225+0000: 4667.406: [GC (Allocation Failure) 4667.406: [ParNew: 36288K->3794K(36288K), 0.0071528 secs] 131700K->100692K(242952K), 0.0072311 secs] [Times: user=0.03 sys=0.00, real=0.00 secs] 
2015-10-30T15:50:00.249+0000: 4667.429: [GC (Allocation Failure) 4667.429: [ParNew: 36114K->2765K(36288K), 0.0055028 secs] 133012K->100776K(242952K), 0.0055657 secs] [Times: user=0.02 sys=0.00, real=0.00 secs] 
2015-10-30T15:50:00.279+0000: 4667.459: [GC (Allocation Failure) 4667.459: [ParNew: 35085K->3968K(36288K), 0.0073382 secs] 133096K->104168K(242952K), 0.0074066 secs] [Times: user=0.03 sys=0.00, real=0.01 secs] 
2015-10-30T15:50:00.304+0000: 4667.485: [GC (Allocation Failure) 4667.485: [ParNew: 36288K->3968K(36288K), 0.0105723 secs] 136488K->108505K(242952K), 0.0106536 secs] [Times: user=0.04 sys=0.00, real=0.01 secs] 
2015-10-30T15:50:00.340+0000: 4667.520: [GC (Allocation Failure) 4667.520: [ParNew: 36288K->3968K(36288K), 0.0089627 secs] 142882K->115610K(242952K), 0.0090387 secs] [Times: user=0.04 sys=0.00, real=0.01 secs] 
2015-10-30T15:50:00.357+0000: 4667.538: [GC (GCLocker Initiated GC) 4667.538: [ParNew: 9477K->3648K(36288K), 0.0043860 secs] 121120K->119192K(242952K), 0.0044523 secs] [Times: user=0.02 sys=0.00, real=0.00 secs] 
2015-10-30T15:50:00.372+0000: 4667.553: [CMS-concurrent-mark: 0.116/0.171 secs] [Times: user=0.61 sys=0.01, real=0.17 secs] 
2015-10-30T15:50:00.372+0000: 4667.553: [CMS-concurrent-preclean-start]
2015-10-30T15:50:00.400+0000: 4667.581: [CMS-concurrent-preclean: 0.023/0.028 secs] [Times: user=0.10 sys=0.00, real=0.03 secs] 
2015-10-30T15:50:00.400+0000: 4667.581: [CMS-concurrent-abortable-preclean-start]
2015-10-30T15:50:00.401+0000: 4667.581: [GC (Allocation Failure) 4667.581: [ParNew: 36287K->3968K(36288K), 0.0080984 secs] 151842K->122021K(242952K), 0.0081624 secs] [Times: user=0.02 sys=0.00, real=0.01 secs] 
2015-10-30T15:50:00.415+0000: 4667.595: [GC (GCLocker Initiated GC) 4667.595: [ParNew: 4725K->2157K(36288K), 0.0045350 secs] 122778K->124134K(242952K), 0.0045980 secs] [Times: user=0.02 sys=0.00, real=0.01 secs] 
2015-10-30T15:50:00.436+0000: 4667.616: [CMS-concurrent-abortable-preclean: 0.010/0.035 secs] [Times: user=0.11 sys=0.01, real=0.03 secs] 
2015-10-30T15:50:00.441+0000: 4667.621: [GC (CMS Final Remark) [YG occupancy: 28498 K (36288 K)]4667.621: [Rescan (parallel) , 0.0153710 secs]4667.637: [weak refs processing, 0.0000197 secs]4667.637: [class unloading, 0.0144317 secs]4667.651: [scrub symbol table, 0.0066006 secs]4667.658: [scrub string table, 0.0007387 secs][1 CMS-remark: 121977K(206664K)] 150475K(242952K), 0.0385905 secs] [Times: user=0.08 sys=0.00, real=0.04 secs] 
2015-10-30T15:50:00.480+0000: 4667.660: [CMS-concurrent-sweep-start]
2015-10-30T15:50:00.484+0000: 4667.665: [GC (Allocation Failure) 4667.665: [ParNew: 34477K->3423K(36288K), 0.0038061 secs] 155560K->124506K(242952K), 0.0038710 secs] [Times: user=0.01 sys=0.00, real=0.01 secs] 
2015-10-30T15:50:00.504+0000: 4667.685: [GC (Allocation Failure) 4667.685: [ParNew: 35743K->2565K(36288K), 0.0053866 secs] 147304K->116368K(242952K), 0.0054518 secs] [Times: user=0.02 sys=0.00, real=0.01 secs] 
2015-10-30T15:50:00.526+0000: 4667.706: [CMS-concurrent-sweep: 0.036/0.046 secs] [Times: user=0.15 sys=0.01, real=0.05 secs] 
2015-10-30T15:50:00.526+0000: 4667.706: [CMS-concurrent-reset-start]
2015-10-30T15:50:00.528+0000: 4667.709: [CMS-concurrent-reset: 0.002/0.002 secs] [Times: user=0.01 sys=0.00, real=0.00 secs] 
2015-10-30T15:50:05.838+0000: 4673.018: [GC (GCLocker Initiated GC) 4673.018: [ParNew: 34886K->3968K(36288K), 0.0034340 secs] 136643K->106247K(242952K), 0.0034964 secs] [Times: user=0.01 sys=0.00, real=0.00 secs] 
2015-10-30T15:50:05.886+0000: 4673.067: [GC (Allocation Failure) 4673.067: [ParNew: 36288K->2525K(36288K), 0.0039847 secs] 138567K->107303K(242952K), 0.0040468 secs] [Times: user=0.01 sys=0.00, real=0.00 secs] 
2015-10-30T15:50:05.895+0000: 4673.075: [GC (GCLocker Initiated GC) 4673.075: [ParNew: 5165K->2121K(36288K), 0.0014062 secs] 109943K->106899K(242952K), 0.0014448 secs] [Times: user=0.01 sys=0.00, real=0.00 secs] 
2015-10-30T15:50:06.069+0000: 4673.250: [GC (Allocation Failure) 4673.250: [ParNew: 34397K->1820K(36288K), 0.0022753 secs] 139176K->106598K(242952K), 0.0023352 secs] [Times: user=0.00 sys=0.00, real=0.00 secs] 
2015-10-30T15:50:06.147+0000: 4673.327: [GC (Allocation Failure) 4673.328: [ParNew: 34140K->3457K(36288K), 0.0046082 secs] 138918K->108235K(242952K), 0.0046787 secs] [Times: user=0.01 sys=0.00, real=0.00 secs] 
2015-10-30T15:50:06.154+0000: 4673.335: [GC (GCLocker Initiated GC) 4673.335: [ParNew: 5325K->3659K(36288K), 0.0027810 secs] 110103K->109211K(242952K), 0.0028256 secs] [Times: user=0.00 sys=0.00, real=0.00 secs] 
2015-10-30T15:50:08.559+0000: 4675.739: [GC (Allocation Failure) 4675.739: [ParNew: 35979K->3968K(36288K), 0.0157581 secs] 141531K->122180K(242952K), 0.0158434 secs] [Times: user=0.06 sys=0.00, real=0.01 secs] 
2015-10-30T15:50:08.593+0000: 4675.774: [GC (Allocation Failure) 4675.774: [ParNew: 36288K->2729K(36288K), 0.0041577 secs] 154500K->124612K(242952K), 0.0042184 secs] [Times: user=0.02 sys=0.00, real=0.01 secs] 
2015-10-30T15:50:08.617+0000: 4675.798: [GC (Allocation Failure) 4675.798: [ParNew: 35049K->1847K(36288K), 0.0026547 secs] 156932K->123730K(242952K), 0.0027189 secs] [Times: user=0.01 sys=0.00, real=0.00 secs] 
2015-10-30T15:50:08.638+0000: 4675.818: [GC (Allocation Failure) 4675.818: [ParNew: 34167K->2968K(36288K), 0.0030318 secs] 156050K->124851K(242952K), 0.0030877 secs] [Times: user=0.01 sys=0.00, real=0.00 secs] 
2015-10-30T15:50:08.665+0000: 4675.846: [GC (Allocation Failure) 4675.846: [ParNew: 35288K->2427K(36288K), 0.0044016 secs] 157171K->125120K(242952K), 0.0044573 secs] [Times: user=0.02 sys=0.00, real=0.00 secs] 
2015-10-30T15:50:08.690+0000: 4675.870: [GC (Allocation Failure) 4675.870: [ParNew: 34747K->3004K(36288K), 0.0038937 secs] 157440K->126373K(242952K), 0.0039584 secs] [Times: user=0.01 sys=0.00, real=0.00 secs] 
2015-10-30T15:50:08.712+0000: 4675.892: [GC (Allocation Failure) 4675.892: [ParNew: 35324K->3906K(36288K), 0.0032854 secs] 158693K->127276K(242952K), 0.0033485 secs] [Times: user=0.01 sys=0.00, real=0.00 secs] 
2015-10-30T15:50:08.737+0000: 4675.918: [GC (Allocation Failure) 4675.918: [ParNew: 36226K->3468K(36288K), 0.0040543 secs] 159596K->127477K(242952K), 0.0041147 secs] [Times: user=0.01 sys=0.00, real=0.00 secs] 
2015-10-30T15:50:08.768+0000: 4675.948: [GC (Allocation Failure) 4675.948: [ParNew: 35516K->3968K(36288K), 0.0031393 secs] 159525K->128089K(242952K), 0.0032088 secs] [Times: user=0.01 sys=0.00, real=0.00 secs] 
2015-10-30T15:50:17.850+0000: 4685.031: [GC (Allocation Failure) 4685.031: [ParNew: 36288K->3968K(36288K), 0.0052767 secs] 160409K->130533K(242952K), 0.0053412 secs] [Times: user=0.01 sys=0.01, real=0.00 secs] 
2015-10-30T15:50:18.534+0000: 4685.715: [GC (Allocation Failure) 4685.715: [ParNew: 36288K->3968K(36288K), 0.0172493 secs] 162853K->144427K(242952K), 0.0173425 secs] [Times: user=0.04 sys=0.00, real=0.02 secs] 
2015-10-30T15:50:18.570+0000: 4685.750: [GC (Allocation Failure) 4685.750: [ParNew: 36288K->2606K(36288K), 0.0049391 secs] 176747K->146891K(242952K), 0.0049952 secs] [Times: user=0.01 sys=0.00, real=0.00 secs] 
2015-10-30T15:50:18.593+0000: 4685.773: [GC (Allocation Failure) 4685.774: [ParNew: 34926K->2040K(36288K), 0.0032480 secs] 179211K->146326K(242952K), 0.0033098 secs] [Times: user=0.01 sys=0.00, real=0.00 secs] 
2015-10-30T15:50:18.617+0000: 4685.798: [GC (Allocation Failure) 4685.798: [ParNew: 34360K->3184K(36288K), 0.0030224 secs] 178646K->147469K(242952K), 0.0030710 secs] [Times: user=0.01 sys=0.00, real=0.00 secs] 
2015-10-30T15:50:18.641+0000: 4685.822: [GC (Allocation Failure) 4685.822: [ParNew: 35504K->2620K(36288K), 0.0043725 secs] 179789K->147730K(242952K), 0.0044275 secs] [Times: user=0.02 sys=0.00, real=0.01 secs] 
2015-10-30T15:50:18.665+0000: 4685.845: [GC (Allocation Failure) 4685.845: [ParNew: 34940K->2640K(36288K), 0.0038734 secs] 180050K->148418K(242952K), 0.0039386 secs] [Times: user=0.02 sys=0.00, real=0.01 secs] 
2015-10-30T15:50:18.686+0000: 4685.867: [GC (Allocation Failure) 4685.867: [ParNew: 34960K->3034K(36288K), 0.0039008 secs] 180738K->149448K(242952K), 0.0039733 secs] [Times: user=0.01 sys=0.00, real=0.00 secs] 
2015-10-30T15:50:18.709+0000: 4685.889: [GC (Allocation Failure) 4685.889: [ParNew: 35354K->2815K(36288K), 0.0026356 secs] 181768K->149229K(242952K), 0.0026998 secs] [Times: user=0.01 sys=0.00, real=0.00 secs] 
2015-10-30T15:50:18.742+0000: 4685.922: [GC (Allocation Failure) 4685.922: [ParNew: 35043K->3968K(36288K), 0.0030931 secs] 181457K->151497K(242952K), 0.0031673 secs] [Times: user=0.02 sys=0.00, real=0.00 secs] 
2015-10-30T15:50:28.525+0000: 4695.705: [GC (Allocation Failure) 4695.705: [ParNew: 36251K->2851K(36288K), 0.0049514 secs] 183781K->155057K(242952K), 0.0050273 secs] [Times: user=0.01 sys=0.00, real=0.01 secs] 
2015-10-30T15:50:28.573+0000: 4695.754: [GC (Allocation Failure) 4695.754: [ParNew: 35171K->3968K(36288K), 0.0132750 secs] 187377K->167869K(242952K), 0.0133495 secs] [Times: user=0.05 sys=0.00, real=0.02 secs] 
2015-10-30T15:50:28.606+0000: 4695.786: [GC (Allocation Failure) 4695.786: [ParNew: 36288K->1946K(36288K), 0.0040285 secs] 200189K->169667K(242952K), 0.0041102 secs] [Times: user=0.01 sys=0.00, real=0.00 secs] 
2015-10-30T15:50:28.629+0000: 4695.810: [GC (Allocation Failure) 4695.810: [ParNew: 34266K->1992K(36288K), 0.0025712 secs] 201987K->169713K(242952K), 0.0026292 secs] [Times: user=0.01 sys=0.00, real=0.00 secs] 
2015-10-30T15:50:28.650+0000: 4695.831: [GC (Allocation Failure) 4695.831: [ParNew: 34312K->2924K(36288K), 0.0029410 secs] 202033K->170645K(242952K), 0.0029925 secs] [Times: user=0.01 sys=0.00, real=0.00 secs] 
2015-10-30T15:50:28.677+0000: 4695.858: [GC (Allocation Failure) 4695.858: [ParNew: 35244K->2505K(36288K), 0.0046011 secs] 202965K->170982K(242952K), 0.0046535 secs] [Times: user=0.01 sys=0.00, real=0.00 secs] 
2015-10-30T15:50:28.701+0000: 4695.881: [GC (Allocation Failure) 4695.881: [ParNew: 34825K->3277K(36288K), 0.0040666 secs] 203302K->172425K(242952K), 0.0041266 secs] [Times: user=0.01 sys=0.00, real=0.00 secs] 
2015-10-30T15:50:28.725+0000: 4695.906: [GC (Allocation Failure) 4695.906: [ParNew: 35597K->3284K(36288K), 0.0035778 secs] 204745K->173067K(242952K), 0.0036431 secs] [Times: user=0.01 sys=0.00, real=0.00 secs] 
2015-10-30T15:50:28.749+0000: 4695.930: [GC (Allocation Failure) 4695.930: [ParNew: 35604K->2393K(36288K), 0.0025961 secs] 205387K->172177K(242952K), 0.0026551 secs] [Times: user=0.01 sys=0.00, real=0.00 secs] 
2015-10-30T15:50:28.785+0000: 4695.966: [GC (Allocation Failure) 4695.966: [ParNew: 34272K->3968K(36288K), 0.0031172 secs] 204056K->175901K(242952K), 0.0031889 secs] [Times: user=0.01 sys=0.00, real=0.00 secs] 
2015-10-30T15:50:28.789+0000: 4695.969: [GC (CMS Initial Mark) [1 CMS-initial-mark: 171933K(206664K)] 176413K(242952K), 0.0017884 secs] [Times: user=0.00 sys=0.00, real=0.00 secs] 
2015-10-30T15:50:28.791+0000: 4695.971: [CMS-concurrent-mark-start]
2015-10-30T15:50:28.827+0000: 4696.008: [CMS-concurrent-mark: 0.037/0.037 secs] [Times: user=0.08 sys=0.00, real=0.04 secs] 
2015-10-30T15:50:28.828+0000: 4696.008: [CMS-concurrent-preclean-start]
2015-10-30T15:50:28.829+0000: 4696.009: [CMS-concurrent-preclean: 0.001/0.001 secs] [Times: user=0.01 sys=0.00, real=0.00 secs] 
2015-10-30T15:50:28.829+0000: 4696.009: [CMS-concurrent-abortable-preclean-start]
 CMS: abort preclean due to time 2015-10-30T15:50:33.920+0000: 4701.101: [CMS-concurrent-abortable-preclean: 1.313/5.091 secs] [Times: user=1.40 sys=0.01, real=5.09 secs] 
2015-10-30T15:50:33.921+0000: 4701.101: [GC (CMS Final Remark) [YG occupancy: 32098 K (36288 K)]4701.101: [Rescan (parallel) , 0.0020880 secs]4701.103: [weak refs processing, 0.0000316 secs]4701.103: [class unloading, 0.0149245 secs]4701.118: [scrub symbol table, 0.0065986 secs]4701.125: [scrub string table, 0.0007385 secs][1 CMS-remark: 171933K(206664K)] 204032K(242952K), 0.0257990 secs] [Times: user=0.03 sys=0.00, real=0.03 secs] 
2015-10-30T15:50:33.946+0000: 4701.127: [CMS-concurrent-sweep-start]
2015-10-30T15:50:34.016+0000: 4701.197: [CMS-concurrent-sweep: 0.070/0.070 secs] [Times: user=0.08 sys=0.00, real=0.06 secs] 
2015-10-30T15:50:34.016+0000: 4701.197: [CMS-concurrent-reset-start]
2015-10-30T15:50:34.019+0000: 4701.199: [CMS-concurrent-reset: 0.002/0.002 secs] [Times: user=0.00 sys=0.00, real=0.01 secs] 
2015-10-30T15:50:38.523+0000: 4705.704: [GC (Allocation Failure) 4705.704: [ParNew: 36268K->3832K(36288K), 0.0052647 secs] 98945K->71144K(242952K), 0.0053420 secs] [Times: user=0.02 sys=0.00, real=0.01 secs] 
2015-10-30T15:50:38.569+0000: 4705.749: [GC (Allocation Failure) 4705.749: [ParNew: 36152K->3966K(36288K), 0.0123189 secs] 103464K->83024K(242952K), 0.0123957 secs] [Times: user=0.05 sys=0.00, real=0.01 secs] 
2015-10-30T15:50:38.605+0000: 4705.786: [GC (Allocation Failure) 4705.786: [ParNew: 36286K->2806K(36288K), 0.0044638 secs] 115344K->85652K(242952K), 0.0045208 secs] [Times: user=0.02 sys=0.00, real=0.00 secs] 
2015-10-30T15:50:38.629+0000: 4705.809: [GC (Allocation Failure) 4705.809: [ParNew: 35126K->1857K(36288K), 0.0024006 secs] 117972K->84703K(242952K), 0.0024646 secs] [Times: user=0.01 sys=0.00, real=0.00 secs] 
2015-10-30T15:50:38.653+0000: 4705.834: [GC (Allocation Failure) 4705.834: [ParNew: 34177K->2757K(36288K), 0.0030262 secs] 117023K->85603K(242952K), 0.0030755 secs] [Times: user=0.02 sys=0.00, real=0.00 secs] 
2015-10-30T15:50:38.679+0000: 4705.860: [GC (Allocation Failure) 4705.860: [ParNew: 35077K->3033K(36288K), 0.0042331 secs] 117923K->86708K(242952K), 0.0042830 secs] [Times: user=0.01 sys=0.00, real=0.00 secs] 
2015-10-30T15:50:38.705+0000: 4705.886: [GC (Allocation Failure) 4705.886: [ParNew: 35353K->3133K(36288K), 0.0040816 secs] 119028K->87517K(242952K), 0.0041402 secs] [Times: user=0.02 sys=0.00, real=0.00 secs] 
2015-10-30T15:50:38.727+0000: 4705.908: [GC (Allocation Failure) 4705.908: [ParNew: 35453K->3017K(36288K), 0.0037793 secs] 119837K->87969K(242952K), 0.0038440 secs] [Times: user=0.01 sys=0.00, real=0.00 secs] 
2015-10-30T15:50:38.753+0000: 4705.934: [GC (Allocation Failure) 4705.934: [ParNew: 35337K->2806K(36288K), 0.0025709 secs] 120289K->87757K(242952K), 0.0026336 secs] [Times: user=0.01 sys=0.00, real=0.00 secs] 
2015-10-30T15:50:38.791+0000: 4705.971: [GC (Allocation Failure) 4705.971: [ParNew: 34324K->3968K(36288K), 0.0030286 secs] 119275K->92127K(242952K), 0.0031014 secs] [Times: user=0.02 sys=0.00, real=0.00 secs] 
2015-10-30T15:50:38.795+0000: 4705.975: [GC (CMS Initial Mark) [1 CMS-initial-mark: 88159K(206664K)] 97445K(242952K), 0.0018094 secs] [Times: user=0.00 sys=0.00, real=0.00 secs] 
2015-10-30T15:50:38.797+0000: 4705.977: [CMS-concurrent-mark-start]
2015-10-30T15:50:38.834+0000: 4706.015: [CMS-concurrent-mark: 0.038/0.038 secs] [Times: user=0.08 sys=0.00, real=0.04 secs] 
2015-10-30T15:50:38.834+0000: 4706.015: [CMS-concurrent-preclean-start]
2015-10-30T15:50:38.836+0000: 4706.017: [CMS-concurrent-preclean: 0.002/0.002 secs] [Times: user=0.00 sys=0.00, real=0.00 secs] 
2015-10-30T15:50:38.836+0000: 4706.017: [CMS-concurrent-abortable-preclean-start]
 CMS: abort preclean due to time 2015-10-30T15:50:43.933+0000: 4711.113: [CMS-concurrent-abortable-preclean: 1.274/5.097 secs] [Times: user=1.36 sys=0.01, real=5.10 secs] 
2015-10-30T15:50:43.933+0000: 4711.114: [GC (CMS Final Remark) [YG occupancy: 31024 K (36288 K)]4711.114: [Rescan (parallel) , 0.0024233 secs]4711.116: [weak refs processing, 0.0000164 secs]4711.116: [class unloading, 0.0146888 secs]4711.131: [scrub symbol table, 0.0066085 secs]4711.137: [scrub string table, 0.0007460 secs][1 CMS-remark: 88159K(206664K)] 119184K(242952K), 0.0258980 secs] [Times: user=0.03 sys=0.00, real=0.03 secs] 
2015-10-30T15:50:43.959+0000: 4711.140: [CMS-concurrent-sweep-start]
2015-10-30T15:50:44.008+0000: 4711.188: [CMS-concurrent-sweep: 0.048/0.048 secs] [Times: user=0.05 sys=0.00, real=0.05 secs] 
2015-10-30T15:50:44.008+0000: 4711.188: [CMS-concurrent-reset-start]
2015-10-30T15:50:44.010+0000: 4711.190: [CMS-concurrent-reset: 0.002/0.002 secs] [Times: user=0.01 sys=0.00, real=0.00 secs] 
2015-10-30T15:50:46.010+0000: 4713.190: [GC (CMS Initial Mark) [1 CMS-initial-mark: 63727K(206664K)] 94948K(242952K), 0.0022977 secs] [Times: user=0.00 sys=0.00, real=0.00 secs] 
2015-10-30T15:50:46.012+0000: 4713.193: [CMS-concurrent-mark-start]
2015-10-30T15:50:46.048+0000: 4713.229: [CMS-concurrent-mark: 0.036/0.036 secs] [Times: user=0.04 sys=0.00, real=0.04 secs] 
2015-10-30T15:50:46.048+0000: 4713.229: [CMS-concurrent-preclean-start]
2015-10-30T15:50:46.050+0000: 4713.231: [CMS-concurrent-preclean: 0.002/0.002 secs] [Times: user=0.00 sys=0.00, real=0.00 secs] 
2015-10-30T15:50:46.050+0000: 4713.231: [CMS-concurrent-abortable-preclean-start]
2015-10-30T15:50:48.525+0000: 4715.706: [GC (Allocation Failure) 4715.706: [ParNew: 36143K->3968K(36288K), 0.0073333 secs] 99870K->73123K(242952K), 0.0074163 secs] [Times: user=0.03 sys=0.00, real=0.00 secs] 
2015-10-30T15:50:48.571+0000: 4715.751: [GC (Allocation Failure) 4715.752: [ParNew: 36288K->3968K(36288K), 0.0130099 secs] 105443K->84082K(242952K), 0.0130873 secs] [Times: user=0.05 sys=0.00, real=0.01 secs] 
2015-10-30T15:50:48.609+0000: 4715.790: [GC (Allocation Failure) 4715.790: [ParNew: 36288K->3369K(36288K), 0.0053265 secs] 116402K->87212K(242952K), 0.0053936 secs] [Times: user=0.02 sys=0.00, real=0.00 secs] 
2015-10-30T15:50:48.627+0000: 4715.808: [CMS-concurrent-abortable-preclean: 0.700/2.577 secs] [Times: user=0.97 sys=0.02, real=2.58 secs] 
2015-10-30T15:50:48.629+0000: 4715.810: [GC (CMS Final Remark) [YG occupancy: 23005 K (36288 K)]4715.810: [Rescan (parallel) , 0.0135017 secs]4715.823: [weak refs processing, 0.0000173 secs]4715.823: [class unloading, 0.0146318 secs]4715.838: [scrub symbol table, 0.0065980 secs]4715.845: [scrub string table, 0.0007345 secs][1 CMS-remark: 83843K(206664K)] 106848K(242952K), 0.0369060 secs] [Times: user=0.07 sys=0.00, real=0.04 secs] 
2015-10-30T15:50:48.666+0000: 4715.847: [CMS-concurrent-sweep-start]
2015-10-30T15:50:48.675+0000: 4715.856: [GC (Allocation Failure) 4715.856: [ParNew: 35689K->2189K(36288K), 0.0025647 secs] 119502K->86002K(242952K), 0.0026159 secs] [Times: user=0.01 sys=0.00, real=0.01 secs] 
2015-10-30T15:50:48.699+0000: 4715.880: [GC (Allocation Failure) 4715.880: [ParNew: 34509K->3006K(36288K), 0.0032319 secs] 114730K->83228K(242952K), 0.0032851 secs] [Times: user=0.01 sys=0.00, real=0.00 secs] 
2015-10-30T15:50:48.725+0000: 4715.905: [CMS-concurrent-sweep: 0.052/0.058 secs] [Times: user=0.23 sys=0.00, real=0.05 secs] 
2015-10-30T15:50:48.725+0000: 4715.905: [CMS-concurrent-reset-start]
2015-10-30T15:50:48.727+0000: 4715.907: [GC (Allocation Failure) 4715.907: [ParNew: 35326K->3513K(36288K), 0.0042560 secs] 115482K->84487K(242952K), 0.0043073 secs] [Times: user=0.01 sys=0.00, real=0.00 secs] 
2015-10-30T15:50:48.732+0000: 4715.913: [CMS-concurrent-reset: 0.003/0.007 secs] [Times: user=0.03 sys=0.00, real=0.01 secs] 
2015-10-30T15:50:48.751+0000: 4715.931: [GC (Allocation Failure) 4715.931: [ParNew: 35833K->3459K(36288K), 0.0042410 secs] 116807K->85157K(242952K), 0.0043215 secs] [Times: user=0.01 sys=0.00, real=0.00 secs] 
2015-10-30T15:50:48.773+0000: 4715.954: [GC (Allocation Failure) 4715.954: [ParNew: 35779K->2709K(36288K), 0.0038670 secs] 117477K->85007K(242952K), 0.0039316 secs] [Times: user=0.01 sys=0.00, real=0.01 secs] 
2015-10-30T15:50:48.797+0000: 4715.978: [GC (Allocation Failure) 4715.978: [ParNew: 35029K->3179K(36288K), 0.0028477 secs] 117327K->85477K(242952K), 0.0029298 secs] [Times: user=0.01 sys=0.00, real=0.01 secs] 
2015-10-30T15:50:48.835+0000: 4716.015: [GC (Allocation Failure) 4716.015: [ParNew: 34380K->3968K(36288K), 0.0035427 secs] 116678K->89335K(242952K), 0.0036221 secs] [Times: user=0.02 sys=0.00, real=0.01 secs] 
2015-10-30T15:50:48.839+0000: 4716.020: [GC (CMS Initial Mark) [1 CMS-initial-mark: 85367K(206664K)] 94655K(242952K), 0.0017571 secs] [Times: user=0.00 sys=0.00, real=0.00 secs] 
2015-10-30T15:50:48.841+0000: 4716.022: [CMS-concurrent-mark-start]
2015-10-30T15:50:48.879+0000: 4716.060: [CMS-concurrent-mark: 0.038/0.038 secs] [Times: user=0.08 sys=0.00, real=0.04 secs] 
2015-10-30T15:50:48.879+0000: 4716.060: [CMS-concurrent-preclean-start]
2015-10-30T15:50:48.881+0000: 4716.061: [CMS-concurrent-preclean: 0.002/0.002 secs] [Times: user=0.00 sys=0.00, real=0.00 secs] 
2015-10-30T15:50:48.881+0000: 4716.061: [CMS-concurrent-abortable-preclean-start]
 CMS: abort preclean due to time 2015-10-30T15:50:53.961+0000: 4721.141: [CMS-concurrent-abortable-preclean: 1.013/5.080 secs] [Times: user=1.10 sys=0.01, real=5.08 secs] 
2015-10-30T15:50:53.961+0000: 4721.142: [GC (CMS Final Remark) [YG occupancy: 30801 K (36288 K)]4721.142: [Rescan (parallel) , 0.0019323 secs]4721.144: [weak refs processing, 0.0000173 secs]4721.144: [class unloading, 0.0148604 secs]4721.159: [scrub symbol table, 0.0067013 secs]4721.165: [scrub string table, 0.0007620 secs][1 CMS-remark: 85367K(206664K)] 116168K(242952K), 0.0257459 secs] [Times: user=0.02 sys=0.00, real=0.03 secs] 
2015-10-30T15:50:53.987+0000: 4721.168: [CMS-concurrent-sweep-start]
2015-10-30T15:50:54.076+0000: 4721.257: [CMS-concurrent-sweep: 0.089/0.089 secs] [Times: user=0.09 sys=0.00, real=0.08 secs] 
2015-10-30T15:50:54.077+0000: 4721.257: [CMS-concurrent-reset-start]
2015-10-30T15:50:54.079+0000: 4721.259: [CMS-concurrent-reset: 0.002/0.002 secs] [Times: user=0.01 sys=0.00, real=0.01 secs] 
2015-10-30T15:50:56.079+0000: 4723.260: [GC (CMS Initial Mark) [1 CMS-initial-mark: 65095K(206664K)] 96075K(242952K), 0.0021619 secs] [Times: user=0.00 sys=0.00, real=0.00 secs] 
2015-10-30T15:50:56.081+0000: 4723.262: [CMS-concurrent-mark-start]
2015-10-30T15:50:56.118+0000: 4723.299: [CMS-concurrent-mark: 0.037/0.037 secs] [Times: user=0.04 sys=0.00, real=0.04 secs] 
2015-10-30T15:50:56.118+0000: 4723.299: [CMS-concurrent-preclean-start]
2015-10-30T15:50:56.120+0000: 4723.301: [CMS-concurrent-preclean: 0.002/0.002 secs] [Times: user=0.00 sys=0.00, real=0.00 secs] 
2015-10-30T15:50:56.120+0000: 4723.301: [CMS-concurrent-abortable-preclean-start]
2015-10-30T15:50:58.536+0000: 4725.717: [GC (Allocation Failure) 4725.717: [ParNew: 36252K->3832K(36288K), 0.0047525 secs] 101348K->73605K(242952K), 0.0048374 secs] [Times: user=0.02 sys=0.00, real=0.01 secs] 
2015-10-30T15:50:58.581+0000: 4725.761: [GC (Allocation Failure) 4725.761: [ParNew: 36152K->3968K(36288K), 0.0132702 secs] 105925K->84983K(242952K), 0.0133526 secs] [Times: user=0.05 sys=0.00, real=0.01 secs] 
2015-10-30T15:50:58.616+0000: 4725.796: [GC (Allocation Failure) 4725.796: [ParNew: 36288K->3968K(36288K), 0.0051118 secs] 117303K->88763K(242952K), 0.0051708 secs] [Times: user=0.02 sys=0.00, real=0.01 secs] 
2015-10-30T15:50:58.641+0000: 4725.821: [GC (Allocation Failure) 4725.821: [ParNew: 36288K->2088K(36288K), 0.0024474 secs] 121083K->86883K(242952K), 0.0025070 secs] [Times: user=0.00 sys=0.00, real=0.00 secs] 
2015-10-30T15:50:58.660+0000: 4725.840: [CMS-concurrent-abortable-preclean: 0.566/2.539 secs] [Times: user=0.93 sys=0.00, real=2.54 secs] 
2015-10-30T15:50:58.665+0000: 4725.846: [GC (CMS Final Remark) [YG occupancy: 28302 K (36288 K)]4725.846: [Rescan (parallel) , 0.0167027 secs]4725.863: [weak refs processing, 0.0000183 secs]4725.863: [class unloading, 0.0143832 secs]4725.877: [scrub symbol table, 0.0066061 secs]4725.884: [scrub string table, 0.0007350 secs][1 CMS-remark: 84795K(206664K)] 113097K(242952K), 0.0398661 secs] [Times: user=0.09 sys=0.00, real=0.04 secs] 
2015-10-30T15:50:58.705+0000: 4725.886: [CMS-concurrent-sweep-start]
2015-10-30T15:50:58.710+0000: 4725.891: [GC (Allocation Failure) 4725.891: [ParNew: 34408K->3145K(36288K), 0.0039147 secs] 118002K->86739K(242952K), 0.0039585 secs] [Times: user=0.01 sys=0.00, real=0.00 secs] 
2015-10-30T15:50:58.738+0000: 4725.918: [GC (Allocation Failure) 4725.918: [ParNew: 35465K->2402K(36288K), 0.0053650 secs] 115811K->84254K(242952K), 0.0054265 secs] [Times: user=0.02 sys=0.00, real=0.00 secs] 
2015-10-30T15:50:58.745+0000: 4725.926: [CMS-concurrent-sweep: 0.030/0.040 secs] [Times: user=0.14 sys=0.00, real=0.04 secs] 
2015-10-30T15:50:58.745+0000: 4725.926: [CMS-concurrent-reset-start]
2015-10-30T15:50:58.748+0000: 4725.928: [CMS-concurrent-reset: 0.003/0.003 secs] [Times: user=0.01 sys=0.00, real=0.00 secs] 
2015-10-30T15:50:58.765+0000: 4725.946: [GC (Allocation Failure) 4725.946: [ParNew: 34722K->3394K(36288K), 0.0029660 secs] 116399K->85071K(242952K), 0.0030215 secs] [Times: user=0.01 sys=0.00, real=0.00 secs] 
2015-10-30T15:50:58.789+0000: 4725.969: [GC (Allocation Failure) 4725.970: [ParNew: 35714K->3171K(36288K), 0.0033402 secs] 117391K->85461K(242952K), 0.0033990 secs] [Times: user=0.01 sys=0.01, real=0.00 secs] 
2015-10-30T15:50:58.812+0000: 4725.992: [GC (Allocation Failure) 4725.992: [ParNew: 35491K->2311K(36288K), 0.0025270 secs] 117781K->84601K(242952K), 0.0025850 secs] [Times: user=0.01 sys=0.00, real=0.00 secs] 
2015-10-30T15:50:58.849+0000: 4726.029: [GC (Allocation Failure) 4726.029: [ParNew: 32861K->3968K(36288K), 0.0031186 secs] 115151K->89453K(242952K), 0.0031853 secs] [Times: user=0.02 sys=0.00, real=0.00 secs] 
2015-10-30T15:50:58.853+0000: 4726.033: [GC (CMS Initial Mark) [1 CMS-initial-mark: 85485K(206664K)] 94773K(242952K), 0.0017097 secs] [Times: user=0.00 sys=0.00, real=0.00 secs] 
2015-10-30T15:50:58.855+0000: 4726.035: [CMS-concurrent-mark-start]
2015-10-30T15:50:58.891+0000: 4726.072: [CMS-concurrent-mark: 0.037/0.037 secs] [Times: user=0.08 sys=0.00, real=0.04 secs] 
2015-10-30T15:50:58.891+0000: 4726.072: [CMS-concurrent-preclean-start]
2015-10-30T15:50:58.893+0000: 4726.073: [CMS-concurrent-preclean: 0.001/0.001 secs] [Times: user=0.00 sys=0.00, real=0.00 secs] 
2015-10-30T15:50:58.893+0000: 4726.073: [CMS-concurrent-abortable-preclean-start]
2015-10-30T15:51:00.209+0000: 4727.389: [GC (Allocation Failure) 4727.389: [ParNew: 36288K->2151K(36288K), 0.0067066 secs] 121773K->92696K(242952K), 0.0067799 secs] [Times: user=0.02 sys=0.00, real=0.00 secs] 
2015-10-30T15:51:00.247+0000: 4727.428: [CMS-concurrent-abortable-preclean: 0.378/1.354 secs] [Times: user=0.55 sys=0.01, real=1.36 secs] 
2015-10-30T15:51:00.248+0000: 4727.429: [GC (CMS Final Remark) [YG occupancy: 20744 K (36288 K)]4727.429: [Rescan (parallel) , 0.0080557 secs]4727.437: [weak refs processing, 0.0000197 secs]4727.437: [class unloading, 0.0152949 secs]4727.452: [scrub symbol table, 0.0068797 secs]4727.459: [scrub string table, 0.0007550 secs][1 CMS-remark: 90544K(206664K)] 111289K(242952K), 0.0324975 secs] [Times: user=0.06 sys=0.00, real=0.03 secs] 
2015-10-30T15:51:00.281+0000: 4727.461: [CMS-concurrent-sweep-start]
2015-10-30T15:51:00.295+0000: 4727.476: [GC (Allocation Failure) 4727.476: [ParNew: 34471K->2971K(36288K), 0.0034281 secs] 121974K->90474K(242952K), 0.0034937 secs] [Times: user=0.01 sys=0.00, real=0.01 secs] 
2015-10-30T15:51:00.338+0000: 4727.519: [CMS-concurrent-sweep: 0.054/0.057 secs] [Times: user=0.20 sys=0.01, real=0.06 secs] 
2015-10-30T15:51:00.338+0000: 4727.519: [CMS-concurrent-reset-start]
2015-10-30T15:51:00.341+0000: 4727.521: [CMS-concurrent-reset: 0.002/0.002 secs] [Times: user=0.00 sys=0.00, real=0.00 secs] 
2015-10-30T15:51:06.335+0000: 4733.515: [GC (GCLocker Initiated GC) 4733.515: [ParNew: 35973K->2738K(36288K), 0.0048730 secs] 104810K->72562K(242952K), 0.0049382 secs] [Times: user=0.01 sys=0.00, real=0.01 secs] 
2015-10-30T15:51:08.573+0000: 4735.754: [GC (Allocation Failure) 4735.754: [ParNew: 35058K->3968K(36288K), 0.0148565 secs] 104882K->85925K(242952K), 0.0149395 secs] [Times: user=0.05 sys=0.00, real=0.02 secs] 
2015-10-30T15:51:08.607+0000: 4735.787: [GC (Allocation Failure) 4735.787: [ParNew: 36288K->2353K(36288K), 0.0050274 secs] 118245K->88194K(242952K), 0.0051013 secs] [Times: user=0.02 sys=0.00, real=0.00 secs] 
2015-10-30T15:51:08.631+0000: 4735.811: [GC (Allocation Failure) 4735.811: [ParNew: 34673K->2048K(36288K), 0.0029803 secs] 120514K->87889K(242952K), 0.0030403 secs] [Times: user=0.01 sys=0.00, real=0.00 secs] 
2015-10-30T15:51:08.653+0000: 4735.834: [GC (Allocation Failure) 4735.834: [ParNew: 34368K->2912K(36288K), 0.0034246 secs] 120209K->88753K(242952K), 0.0034754 secs] [Times: user=0.02 sys=0.00, real=0.00 secs] 
2015-10-30T15:51:08.679+0000: 4735.860: [GC (Allocation Failure) 4735.860: [ParNew: 35232K->2674K(36288K), 0.0043812 secs] 121073K->89341K(242952K), 0.0044374 secs] [Times: user=0.02 sys=0.00, real=0.00 secs] 
2015-10-30T15:51:08.705+0000: 4735.886: [GC (Allocation Failure) 4735.886: [ParNew: 34994K->3142K(36288K), 0.0039065 secs] 121661K->90496K(242952K), 0.0039762 secs] [Times: user=0.02 sys=0.00, real=0.00 secs] 
2015-10-30T15:51:08.727+0000: 4735.907: [GC (Allocation Failure) 4735.907: [ParNew: 35462K->3021K(36288K), 0.0037923 secs] 122816K->90987K(242952K), 0.0038556 secs] [Times: user=0.01 sys=0.00, real=0.00 secs] 
2015-10-30T15:51:08.753+0000: 4735.934: [GC (Allocation Failure) 4735.934: [ParNew: 35341K->2458K(36288K), 0.0026606 secs] 123307K->90424K(242952K), 0.0027233 secs] [Times: user=0.01 sys=0.00, real=0.00 secs] 
2015-10-30T15:51:08.774+0000: 4735.955: [GC (Allocation Failure) 4735.955: [ParNew: 34778K->3401K(36288K), 0.0032006 secs] 122744K->91366K(242952K), 0.0032627 secs] [Times: user=0.01 sys=0.00, real=0.01 secs] 
2015-10-30T15:51:08.807+0000: 4735.987: [GC (Allocation Failure) 4735.987: [ParNew: 33515K->3746K(36288K), 0.0038990 secs] 121481K->94978K(242952K), 0.0039756 secs] [Times: user=0.01 sys=0.00, real=0.00 secs] 
2015-10-30T15:51:08.811+0000: 4735.992: [GC (CMS Initial Mark) [1 CMS-initial-mark: 91232K(206664K)] 97653K(242952K), 0.0016709 secs] [Times: user=0.01 sys=0.00, real=0.00 secs] 
2015-10-30T15:51:08.813+0000: 4735.993: [CMS-concurrent-mark-start]
2015-10-30T15:51:08.869+0000: 4736.049: [CMS-concurrent-mark: 0.056/0.056 secs] [Times: user=0.11 sys=0.00, real=0.06 secs] 
2015-10-30T15:51:08.869+0000: 4736.049: [CMS-concurrent-preclean-start]
2015-10-30T15:51:08.871+0000: 4736.051: [CMS-concurrent-preclean: 0.002/0.002 secs] [Times: user=0.01 sys=0.00, real=0.00 secs] 
2015-10-30T15:51:08.871+0000: 4736.051: [CMS-concurrent-abortable-preclean-start]
 CMS: abort preclean due to time 2015-10-30T15:51:13.947+0000: 4741.128: [CMS-concurrent-abortable-preclean: 1.149/5.076 secs] [Times: user=1.23 sys=0.01, real=5.08 secs] 
2015-10-30T15:51:13.947+0000: 4741.128: [GC (CMS Final Remark) [YG occupancy: 9217 K (36288 K)]4741.128: [Rescan (parallel) , 0.0020246 secs]4741.130: [weak refs processing, 0.0000162 secs]4741.130: [class unloading, 0.0151380 secs]4741.145: [scrub symbol table, 0.0068603 secs]4741.152: [scrub string table, 0.0007583 secs][1 CMS-remark: 91232K(206664K)] 100450K(242952K), 0.0263374 secs] [Times: user=0.03 sys=0.00, real=0.02 secs] 
2015-10-30T15:51:13.974+0000: 4741.154: [CMS-concurrent-sweep-start]
2015-10-30T15:51:14.000+0000: 4741.180: [CMS-concurrent-sweep: 0.026/0.026 secs] [Times: user=0.03 sys=0.00, real=0.03 secs] 
2015-10-30T15:51:14.000+0000: 4741.180: [CMS-concurrent-reset-start]
2015-10-30T15:51:14.002+0000: 4741.183: [CMS-concurrent-reset: 0.002/0.002 secs] [Times: user=0.00 sys=0.00, real=0.00 secs] 
2015-10-30T15:51:16.002+0000: 4743.182: [GC (CMS Initial Mark) [1 CMS-initial-mark: 62172K(206664K)] 71587K(242952K), 0.0021758 secs] [Times: user=0.00 sys=0.00, real=0.00 secs] 
2015-10-30T15:51:16.004+0000: 4743.184: [CMS-concurrent-mark-start]
2015-10-30T15:51:16.042+0000: 4743.222: [CMS-concurrent-mark: 0.038/0.038 secs] [Times: user=0.04 sys=0.00, real=0.04 secs] 
2015-10-30T15:51:16.042+0000: 4743.222: [CMS-concurrent-preclean-start]
2015-10-30T15:51:16.044+0000: 4743.224: [CMS-concurrent-preclean: 0.002/0.002 secs] [Times: user=0.00 sys=0.00, real=0.00 secs] 
2015-10-30T15:51:16.044+0000: 4743.224: [CMS-concurrent-abortable-preclean-start]
2015-10-30T15:51:18.596+0000: 4745.776: [GC (Allocation Failure) 4745.776: [ParNew: 36066K->3967K(36288K), 0.0154356 secs] 98238K->77522K(242952K), 0.0155236 secs] [Times: user=0.05 sys=0.00, real=0.02 secs] 
2015-10-30T15:51:18.633+0000: 4745.814: [GC (Allocation Failure) 4745.814: [ParNew: 36287K->2458K(36288K), 0.0042033 secs] 109842K->79780K(242952K), 0.0042708 secs] [Times: user=0.02 sys=0.00, real=0.01 secs] 
2015-10-30T15:51:18.644+0000: 4745.825: [CMS-concurrent-abortable-preclean: 0.578/2.600 secs] [Times: user=0.81 sys=0.00, real=2.60 secs] 
2015-10-30T15:51:18.645+0000: 4745.826: [GC (CMS Final Remark) [YG occupancy: 12035 K (36288 K)]4745.826: [Rescan (parallel) , 0.0064310 secs]4745.832: [weak refs processing, 0.0000165 secs]4745.832: [class unloading, 0.0148024 secs]4745.847: [scrub symbol table, 0.0067302 secs]4745.854: [scrub string table, 0.0007513 secs][1 CMS-remark: 77321K(206664K)] 89357K(242952K), 0.0301718 secs] [Times: user=0.05 sys=0.00, real=0.02 secs] 
2015-10-30T15:51:18.676+0000: 4745.856: [CMS-concurrent-sweep-start]
2015-10-30T15:51:18.693+0000: 4745.874: [GC (Allocation Failure) 4745.874: [ParNew: 34778K->2104K(36288K), 0.0026749 secs] 110651K->77977K(242952K), 0.0027347 secs] [Times: user=0.01 sys=0.00, real=0.00 secs] 
2015-10-30T15:51:18.708+0000: 4745.888: [CMS-concurrent-sweep: 0.027/0.032 secs] [Times: user=0.12 sys=0.00, real=0.04 secs] 
2015-10-30T15:51:18.708+0000: 4745.888: [CMS-concurrent-reset-start]
2015-10-30T15:51:18.711+0000: 4745.891: [CMS-concurrent-reset: 0.003/0.003 secs] [Times: user=0.01 sys=0.00, real=0.00 secs] 
2015-10-30T15:51:18.718+0000: 4745.898: [GC (Allocation Failure) 4745.898: [ParNew: 34424K->2958K(36288K), 0.0031475 secs] 109546K->78080K(242952K), 0.0031986 secs] [Times: user=0.01 sys=0.00, real=0.00 secs] 
2015-10-30T15:51:18.741+0000: 4745.922: [GC (Allocation Failure) 4745.922: [ParNew: 35278K->2697K(36288K), 0.0043603 secs] 110400K->78641K(242952K), 0.0044262 secs] [Times: user=0.01 sys=0.00, real=0.01 secs] 
2015-10-30T15:51:18.769+0000: 4745.949: [GC (Allocation Failure) 4745.949: [ParNew: 35017K->2582K(36288K), 0.0038544 secs] 110961K->79224K(242952K), 0.0039218 secs] [Times: user=0.01 sys=0.00, real=0.00 secs] 
2015-10-30T15:51:18.790+0000: 4745.971: [GC (Allocation Failure) 4745.971: [ParNew: 34902K->3925K(36288K), 0.0037736 secs] 111544K->80567K(242952K), 0.0038537 secs] [Times: user=0.01 sys=0.00, real=0.00 secs] 
2015-10-30T15:51:18.813+0000: 4745.993: [GC (Allocation Failure) 4745.993: [ParNew: 36245K->2259K(36288K), 0.0036631 secs] 112887K->79549K(242952K), 0.0037457 secs] [Times: user=0.01 sys=0.00, real=0.00 secs] 
2015-10-30T15:51:18.835+0000: 4746.015: [GC (Allocation Failure) 4746.016: [ParNew: 34579K->3438K(36288K), 0.0029298 secs] 111869K->80728K(242952K), 0.0030090 secs] [Times: user=0.01 sys=0.00, real=0.01 secs] 
2015-10-30T15:51:18.868+0000: 4746.048: [GC (Allocation Failure) 4746.048: [ParNew: 33134K->3121K(36288K), 0.0033370 secs] 110425K->83642K(242952K), 0.0034178 secs] [Times: user=0.01 sys=0.00, real=0.00 secs] 
2015-10-30T15:51:18.872+0000: 4746.052: [GC (CMS Initial Mark) [1 CMS-initial-mark: 80521K(206664K)] 86312K(242952K), 0.0018418 secs] [Times: user=0.01 sys=0.00, real=0.00 secs] 
2015-10-30T15:51:18.874+0000: 4746.054: [CMS-concurrent-mark-start]
2015-10-30T15:51:18.912+0000: 4746.093: [CMS-concurrent-mark: 0.039/0.039 secs] [Times: user=0.08 sys=0.00, real=0.04 secs] 
2015-10-30T15:51:18.912+0000: 4746.093: [CMS-concurrent-preclean-start]
2015-10-30T15:51:18.914+0000: 4746.094: [CMS-concurrent-preclean: 0.002/0.002 secs] [Times: user=0.00 sys=0.00, real=0.00 secs] 
2015-10-30T15:51:18.914+0000: 4746.095: [CMS-concurrent-abortable-preclean-start]
 CMS: abort preclean due to time 2015-10-30T15:51:23.949+0000: 4751.130: [CMS-concurrent-abortable-preclean: 1.089/5.035 secs] [Times: user=1.16 sys=0.00, real=5.04 secs] 
2015-10-30T15:51:23.950+0000: 4751.130: [GC (CMS Final Remark) [YG occupancy: 8762 K (36288 K)]4751.130: [Rescan (parallel) , 0.0023382 secs]4751.132: [weak refs processing, 0.0000166 secs]4751.132: [class unloading, 0.0147134 secs]4751.147: [scrub symbol table, 0.0066779 secs]4751.154: [scrub string table, 0.0007457 secs][1 CMS-remark: 80521K(206664K)] 89283K(242952K), 0.0259365 secs] [Times: user=0.03 sys=0.00, real=0.02 secs] 
2015-10-30T15:51:23.976+0000: 4751.156: [CMS-concurrent-sweep-start]
2015-10-30T15:51:24.000+0000: 4751.180: [CMS-concurrent-sweep: 0.024/0.024 secs] [Times: user=0.03 sys=0.00, real=0.03 secs] 
2015-10-30T15:51:24.000+0000: 4751.180: [CMS-concurrent-reset-start]
2015-10-30T15:51:24.002+0000: 4751.183: [CMS-concurrent-reset: 0.002/0.002 secs] [Times: user=0.00 sys=0.00, real=0.00 secs] 
2015-10-30T15:51:26.002+0000: 4753.182: [GC (CMS Initial Mark) [1 CMS-initial-mark: 61644K(206664K)] 70558K(242952K), 0.0024233 secs] [Times: user=0.00 sys=0.00, real=0.00 secs] 
2015-10-30T15:51:26.004+0000: 4753.185: [CMS-concurrent-mark-start]
2015-10-30T15:51:26.041+0000: 4753.221: [CMS-concurrent-mark: 0.036/0.036 secs] [Times: user=0.04 sys=0.00, real=0.04 secs] 
2015-10-30T15:51:26.041+0000: 4753.221: [CMS-concurrent-preclean-start]
2015-10-30T15:51:26.043+0000: 4753.223: [CMS-concurrent-preclean: 0.002/0.002 secs] [Times: user=0.00 sys=0.00, real=0.00 secs] 
2015-10-30T15:51:26.043+0000: 4753.223: [CMS-concurrent-abortable-preclean-start]
2015-10-30T15:51:28.572+0000: 4755.753: [GC (Allocation Failure) 4755.753: [ParNew: 35441K->3968K(36288K), 0.0144286 secs] 97085K->77061K(242952K), 0.0144994 secs] [Times: user=0.05 sys=0.00, real=0.02 secs] 
2015-10-30T15:51:28.608+0000: 4755.788: [GC (Allocation Failure) 4755.788: [ParNew: 36288K->3059K(36288K), 0.0047453 secs] 109381K->79916K(242952K), 0.0048021 secs] [Times: user=0.02 sys=0.00, real=0.00 secs] 
2015-10-30T15:51:28.613+0000: 4755.794: [CMS-concurrent-abortable-preclean: 0.592/2.571 secs] [Times: user=0.80 sys=0.00, real=2.57 secs] 
2015-10-30T15:51:28.614+0000: 4755.794: [GC (CMS Final Remark) [YG occupancy: 5064 K (36288 K)]4755.794: [Rescan (parallel) , 0.0073213 secs]4755.801: [weak refs processing, 0.0000132 secs]4755.801: [class unloading, 0.0143687 secs]4755.816: [scrub symbol table, 0.0065997 secs]4755.822: [scrub string table, 0.0007405 secs][1 CMS-remark: 76856K(206664K)] 81921K(242952K), 0.0304308 secs] [Times: user=0.05 sys=0.00, real=0.03 secs] 
2015-10-30T15:51:28.644+0000: 4755.825: [CMS-concurrent-sweep-start]
2015-10-30T15:51:28.665+0000: 4755.846: [GC (Allocation Failure) 4755.846: [ParNew: 35379K->2017K(36288K), 0.0025763 secs] 110714K->77352K(242952K), 0.0026368 secs] [Times: user=0.01 sys=0.00, real=0.00 secs] 
2015-10-30T15:51:28.675+0000: 4755.855: [CMS-concurrent-sweep: 0.028/0.031 secs] [Times: user=0.12 sys=0.00, real=0.03 secs] 
2015-10-30T15:51:28.675+0000: 4755.856: [CMS-concurrent-reset-start]
2015-10-30T15:51:28.678+0000: 4755.858: [CMS-concurrent-reset: 0.003/0.003 secs] [Times: user=0.01 sys=0.00, real=0.01 secs] 
2015-10-30T15:51:28.688+0000: 4755.869: [GC (Allocation Failure) 4755.869: [ParNew: 34337K->3064K(36288K), 0.0031977 secs] 109188K->77915K(242952K), 0.0032467 secs] [Times: user=0.01 sys=0.00, real=0.00 secs] 
2015-10-30T15:51:28.713+0000: 4755.894: [GC (Allocation Failure) 4755.894: [ParNew: 35384K->2760K(36288K), 0.0047794 secs] 110235K->78451K(242952K), 0.0048518 secs] [Times: user=0.01 sys=0.01, real=0.01 secs] 
2015-10-30T15:51:28.739+0000: 4755.920: [GC (Allocation Failure) 4755.920: [ParNew: 35080K->2736K(36288K), 0.0038562 secs] 110771K->79121K(242952K), 0.0039214 secs] [Times: user=0.02 sys=0.00, real=0.00 secs] 
2015-10-30T15:51:28.760+0000: 4755.941: [GC (Allocation Failure) 4755.941: [ParNew: 35056K->3968K(36288K), 0.0034510 secs] 111441K->80352K(242952K), 0.0035388 secs] [Times: user=0.02 sys=0.00, real=0.00 secs] 
2015-10-30T15:51:28.785+0000: 4755.966: [GC (Allocation Failure) 4755.966: [ParNew: 36288K->3318K(36288K), 0.0040799 secs] 112672K->80916K(242952K), 0.0041464 secs] [Times: user=0.02 sys=0.00, real=0.00 secs] 
2015-10-30T15:51:28.809+0000: 4755.990: [GC (Allocation Failure) 4755.990: [ParNew: 35638K->2388K(36288K), 0.0024539 secs] 113236K->79987K(242952K), 0.0025137 secs] [Times: user=0.01 sys=0.00, real=0.00 secs] 
2015-10-30T15:51:28.842+0000: 4756.022: [GC (Allocation Failure) 4756.022: [ParNew: 32905K->2442K(36288K), 0.0025419 secs] 110504K->82708K(242952K), 0.0026076 secs] [Times: user=0.01 sys=0.00, real=0.00 secs] 
2015-10-30T15:51:28.845+0000: 4756.025: [GC (CMS Initial Mark) [1 CMS-initial-mark: 80265K(206664K)] 85376K(242952K), 0.0015726 secs] [Times: user=0.01 sys=0.00, real=0.01 secs] 
2015-10-30T15:51:28.846+0000: 4756.027: [CMS-concurrent-mark-start]
2015-10-30T15:51:28.901+0000: 4756.082: [CMS-concurrent-mark: 0.055/0.055 secs] [Times: user=0.11 sys=0.00, real=0.05 secs] 
2015-10-30T15:51:28.901+0000: 4756.082: [CMS-concurrent-preclean-start]
2015-10-30T15:51:28.903+0000: 4756.084: [CMS-concurrent-preclean: 0.002/0.002 secs] [Times: user=0.00 sys=0.00, real=0.00 secs] 
2015-10-30T15:51:28.903+0000: 4756.084: [CMS-concurrent-abortable-preclean-start]
 CMS: abort preclean due to time 2015-10-30T15:51:34.020+0000: 4761.200: [CMS-concurrent-abortable-preclean: 1.167/5.117 secs] [Times: user=1.26 sys=0.00, real=5.12 secs] 
2015-10-30T15:51:34.020+0000: 4761.201: [GC (CMS Final Remark) [YG occupancy: 8154 K (36288 K)]4761.201: [Rescan (parallel) , 0.0018732 secs]4761.203: [weak refs processing, 0.0000173 secs]4761.203: [class unloading, 0.0147460 secs]4761.217: [scrub symbol table, 0.0067758 secs]4761.224: [scrub string table, 0.0007495 secs][1 CMS-remark: 80265K(206664K)] 88420K(242952K), 0.0256514 secs] [Times: user=0.03 sys=0.00, real=0.03 secs] 
2015-10-30T15:51:34.046+0000: 4761.227: [CMS-concurrent-sweep-start]
2015-10-30T15:51:34.070+0000: 4761.251: [CMS-concurrent-sweep: 0.024/0.024 secs] [Times: user=0.02 sys=0.00, real=0.02 secs] 
2015-10-30T15:51:34.070+0000: 4761.251: [CMS-concurrent-reset-start]
2015-10-30T15:51:34.073+0000: 4761.253: [CMS-concurrent-reset: 0.002/0.002 secs] [Times: user=0.01 sys=0.00, real=0.00 secs] 
2015-10-30T15:51:36.073+0000: 4763.253: [GC (CMS Initial Mark) [1 CMS-initial-mark: 61500K(206664K)] 69807K(242952K), 0.0021169 secs] [Times: user=0.00 sys=0.00, real=0.00 secs] 
2015-10-30T15:51:36.075+0000: 4763.255: [CMS-concurrent-mark-start]
2015-10-30T15:51:36.111+0000: 4763.292: [CMS-concurrent-mark: 0.036/0.036 secs] [Times: user=0.04 sys=0.00, real=0.04 secs] 
2015-10-30T15:51:36.111+0000: 4763.292: [CMS-concurrent-preclean-start]
2015-10-30T15:51:36.113+0000: 4763.294: [CMS-concurrent-preclean: 0.002/0.002 secs] [Times: user=0.00 sys=0.00, real=0.00 secs] 
2015-10-30T15:51:36.113+0000: 4763.294: [CMS-concurrent-abortable-preclean-start]
2015-10-30T15:51:38.604+0000: 4765.785: [GC (Allocation Failure) 4765.785: [ParNew: 34762K->3968K(36288K), 0.0133112 secs] 96263K->75491K(242952K), 0.0134012 secs] [Times: user=0.04 sys=0.00, real=0.02 secs] 
2015-10-30T15:51:38.639+0000: 4765.820: [GC (Allocation Failure) 4765.820: [ParNew: 36288K->2833K(36288K), 0.0051018 secs] 107811K->78152K(242952K), 0.0051602 secs] [Times: user=0.02 sys=0.00, real=0.00 secs] 
2015-10-30T15:51:38.663+0000: 4765.843: [CMS-concurrent-abortable-preclean: 0.565/2.549 secs] [Times: user=0.82 sys=0.02, real=2.55 secs] 
2015-10-30T15:51:38.669+0000: 4765.849: [GC (CMS Final Remark) [YG occupancy: 30874 K (36288 K)]4765.849: [Rescan (parallel) , 0.0181567 secs]4765.868: [weak refs processing, 0.0000196 secs]4765.868: [class unloading, 0.0143728 secs]4765.882: [scrub symbol table, 0.0066477 secs]4765.889: [scrub string table, 0.0007464 secs][1 CMS-remark: 75318K(206664K)] 106193K(242952K), 0.0413923 secs] [Times: user=0.10 sys=0.00, real=0.04 secs] 
2015-10-30T15:51:38.711+0000: 4765.891: [CMS-concurrent-sweep-start]
2015-10-30T15:51:38.714+0000: 4765.894: [GC (Allocation Failure) 4765.894: [ParNew: 35153K->1878K(36288K), 0.0026229 secs] 110470K->77195K(242952K), 0.0026680 secs] [Times: user=0.01 sys=0.00, real=0.00 secs] 
2015-10-30T15:51:38.738+0000: 4765.919: [GC (Allocation Failure) 4765.919: [ParNew: 34198K->2991K(36288K), 0.0031090 secs] 107964K->76757K(242952K), 0.0031598 secs] [Times: user=0.01 sys=0.00, real=0.00 secs] 
2015-10-30T15:51:38.744+0000: 4765.924: [CMS-concurrent-sweep: 0.027/0.033 secs] [Times: user=0.12 sys=0.00, real=0.03 secs] 
2015-10-30T15:51:38.744+0000: 4765.924: [CMS-concurrent-reset-start]
2015-10-30T15:51:38.746+0000: 4765.927: [CMS-concurrent-reset: 0.003/0.003 secs] [Times: user=0.01 sys=0.00, real=0.01 secs] 
2015-10-30T15:51:38.762+0000: 4765.942: [GC (Allocation Failure) 4765.942: [ParNew: 35311K->3215K(36288K), 0.0060799 secs] 109077K->77823K(242952K), 0.0061418 secs] [Times: user=0.02 sys=0.00, real=0.01 secs] 
2015-10-30T15:51:38.787+0000: 4765.967: [GC (Allocation Failure) 4765.967: [ParNew: 35535K->2649K(36288K), 0.0038031 secs] 110143K->77953K(242952K), 0.0038643 secs] [Times: user=0.02 sys=0.00, real=0.00 secs] 
2015-10-30T15:51:38.809+0000: 4765.990: [GC (Allocation Failure) 4765.990: [ParNew: 34969K->2525K(36288K), 0.0040799 secs] 110273K->78474K(242952K), 0.0041414 secs] [Times: user=0.01 sys=0.00, real=0.00 secs] 
2015-10-30T15:51:38.833+0000: 4766.014: [GC (Allocation Failure) 4766.014: [ParNew: 34845K->2900K(36288K), 0.0030433 secs] 110794K->78850K(242952K), 0.0031021 secs] [Times: user=0.00 sys=0.00, real=0.00 secs] 
2015-10-30T15:51:38.855+0000: 4766.035: [GC (Allocation Failure) 4766.036: [ParNew: 35220K->3362K(36288K), 0.0028262 secs] 111170K->79311K(242952K), 0.0028877 secs] [Times: user=0.01 sys=0.00, real=0.01 secs] 
2015-10-30T15:51:38.887+0000: 4766.067: [GC (Allocation Failure) 4766.067: [ParNew: 33631K->3138K(36288K), 0.0033690 secs] 109580K->82336K(242952K), 0.0034388 secs] [Times: user=0.01 sys=0.00, real=0.00 secs] 
2015-10-30T15:51:38.891+0000: 4766.071: [GC (CMS Initial Mark) [1 CMS-initial-mark: 79198K(206664K)] 85008K(242952K), 0.0020114 secs] [Times: user=0.01 sys=0.00, real=0.00 secs] 
2015-10-30T15:51:38.893+0000: 4766.073: [CMS-concurrent-mark-start]
2015-10-30T15:51:38.930+0000: 4766.110: [CMS-concurrent-mark: 0.037/0.037 secs] [Times: user=0.07 sys=0.00, real=0.04 secs] 
2015-10-30T15:51:38.930+0000: 4766.110: [CMS-concurrent-preclean-start]
2015-10-30T15:51:38.931+0000: 4766.112: [CMS-concurrent-preclean: 0.002/0.002 secs] [Times: user=0.01 sys=0.00, real=0.00 secs] 
2015-10-30T15:51:38.931+0000: 4766.112: [CMS-concurrent-abortable-preclean-start]
 CMS: abort preclean due to time 2015-10-30T15:51:43.936+0000: 4771.117: [CMS-concurrent-abortable-preclean: 1.098/5.005 secs] [Times: user=1.18 sys=0.00, real=5.00 secs] 
2015-10-30T15:51:43.936+0000: 4771.117: [GC (CMS Final Remark) [YG occupancy: 8877 K (36288 K)]4771.117: [Rescan (parallel) , 0.0021650 secs]4771.119: [weak refs processing, 0.0000172 secs]4771.119: [class unloading, 0.0146967 secs]4771.134: [scrub symbol table, 0.0066158 secs]4771.140: [scrub string table, 0.0007435 secs][1 CMS-remark: 79198K(206664K)] 88075K(242952K), 0.0256714 secs] [Times: user=0.03 sys=0.00, real=0.03 secs] 
2015-10-30T15:51:43.962+0000: 4771.143: [CMS-concurrent-sweep-start]
2015-10-30T15:51:43.986+0000: 4771.167: [CMS-concurrent-sweep: 0.024/0.024 secs] [Times: user=0.02 sys=0.00, real=0.03 secs] 
2015-10-30T15:51:43.986+0000: 4771.167: [CMS-concurrent-reset-start]
2015-10-30T15:51:43.989+0000: 4771.169: [CMS-concurrent-reset: 0.002/0.002 secs] [Times: user=0.01 sys=0.00, real=0.00 secs] 
2015-10-30T15:51:45.989+0000: 4773.169: [GC (CMS Initial Mark) [1 CMS-initial-mark: 59726K(206664K)] 68750K(242952K), 0.0021386 secs] [Times: user=0.00 sys=0.00, real=0.00 secs] 
2015-10-30T15:51:45.991+0000: 4773.171: [CMS-concurrent-mark-start]
2015-10-30T15:51:46.027+0000: 4773.208: [CMS-concurrent-mark: 0.036/0.036 secs] [Times: user=0.04 sys=0.00, real=0.04 secs] 
2015-10-30T15:51:46.027+0000: 4773.208: [CMS-concurrent-preclean-start]
2015-10-30T15:51:46.029+0000: 4773.210: [CMS-concurrent-preclean: 0.002/0.002 secs] [Times: user=0.00 sys=0.00, real=0.00 secs] 
2015-10-30T15:51:46.029+0000: 4773.210: [CMS-concurrent-abortable-preclean-start]
2015-10-30T15:51:48.581+0000: 4775.761: [GC (Allocation Failure) 4775.761: [ParNew: 35458K->3968K(36288K), 0.0154995 secs] 95184K->75183K(242952K), 0.0155841 secs] [Times: user=0.05 sys=0.00, real=0.01 secs] 
2015-10-30T15:51:48.621+0000: 4775.802: [GC (Allocation Failure) 4775.802: [ParNew: 36288K->2922K(36288K), 0.0039792 secs] 107503K->77912K(242952K), 0.0040350 secs] [Times: user=0.01 sys=0.00, real=0.01 secs] 
2015-10-30T15:51:48.633+0000: 4775.814: [CMS-concurrent-abortable-preclean: 0.569/2.604 secs] [Times: user=0.80 sys=0.01, real=2.60 secs] 
2015-10-30T15:51:48.634+0000: 4775.814: [GC (CMS Final Remark) [YG occupancy: 15108 K (36288 K)]4775.814: [Rescan (parallel) , 0.0079076 secs]4775.822: [weak refs processing, 0.0000166 secs]4775.822: [class unloading, 0.0144096 secs]4775.837: [scrub symbol table, 0.0066153 secs]4775.843: [scrub string table, 0.0007349 secs][1 CMS-remark: 74990K(206664K)] 90099K(242952K), 0.0310858 secs] [Times: user=0.06 sys=0.00, real=0.03 secs] 
2015-10-30T15:51:48.665+0000: 4775.845: [CMS-concurrent-sweep-start]
2015-10-30T15:51:48.679+0000: 4775.860: [GC (Allocation Failure) 4775.860: [ParNew: 35242K->1934K(36288K), 0.0025840 secs] 110169K->76862K(242952K), 0.0026427 secs] [Times: user=0.01 sys=0.00, real=0.00 secs] 
2015-10-30T15:51:48.695+0000: 4775.875: [CMS-concurrent-sweep: 0.027/0.030 secs] [Times: user=0.11 sys=0.01, real=0.03 secs] 
2015-10-30T15:51:48.695+0000: 4775.875: [CMS-concurrent-reset-start]
2015-10-30T15:51:48.697+0000: 4775.878: [CMS-concurrent-reset: 0.003/0.003 secs] [Times: user=0.01 sys=0.00, real=0.01 secs] 
2015-10-30T15:51:48.705+0000: 4775.886: [GC (Allocation Failure) 4775.886: [ParNew: 34254K->2932K(36288K), 0.0029844 secs] 109143K->77821K(242952K), 0.0030321 secs] [Times: user=0.01 sys=0.00, real=0.00 secs] 
2015-10-30T15:51:48.728+0000: 4775.908: [GC (Allocation Failure) 4775.908: [ParNew: 35252K->3024K(36288K), 0.0041575 secs] 110141K->78738K(242952K), 0.0042064 secs] [Times: user=0.01 sys=0.00, real=0.00 secs] 
2015-10-30T15:51:48.751+0000: 4775.931: [GC (Allocation Failure) 4775.931: [ParNew: 35344K->2533K(36288K), 0.0038483 secs] 111058K->78935K(242952K), 0.0039133 secs] [Times: user=0.01 sys=0.00, real=0.00 secs] 
2015-10-30T15:51:48.773+0000: 4775.954: [GC (Allocation Failure) 4775.954: [ParNew: 34853K->3437K(36288K), 0.0038841 secs] 111255K->79839K(242952K), 0.0039520 secs] [Times: user=0.02 sys=0.00, real=0.01 secs] 
2015-10-30T15:51:48.797+0000: 4775.978: [GC (Allocation Failure) 4775.978: [ParNew: 35757K->3090K(36288K), 0.0041172 secs] 112159K->80706K(242952K), 0.0041773 secs] [Times: user=0.01 sys=0.00, real=0.00 secs] 
2015-10-30T15:51:48.820+0000: 4776.000: [GC (Allocation Failure) 4776.000: [ParNew: 35410K->1668K(36288K), 0.0025122 secs] 113026K->79285K(242952K), 0.0025723 secs] [Times: user=0.00 sys=0.00, real=0.00 secs] 
2015-10-30T15:51:48.851+0000: 4776.031: [GC (Allocation Failure) 4776.031: [ParNew: 31811K->2649K(36288K), 0.0024385 secs] 109428K->82934K(242952K), 0.0025039 secs] [Times: user=0.01 sys=0.00, real=0.00 secs] 
2015-10-30T15:51:48.854+0000: 4776.034: [GC (CMS Initial Mark) [1 CMS-initial-mark: 80284K(206664K)] 85601K(242952K), 0.0016366 secs] [Times: user=0.01 sys=0.00, real=0.00 secs] 
2015-10-30T15:51:48.856+0000: 4776.036: [CMS-concurrent-mark-start]
2015-10-30T15:51:48.911+0000: 4776.092: [CMS-concurrent-mark: 0.056/0.056 secs] [Times: user=0.11 sys=0.00, real=0.06 secs] 
2015-10-30T15:51:48.912+0000: 4776.092: [CMS-concurrent-preclean-start]
2015-10-30T15:51:48.914+0000: 4776.094: [CMS-concurrent-preclean: 0.002/0.002 secs] [Times: user=0.01 sys=0.00, real=0.00 secs] 
2015-10-30T15:51:48.914+0000: 4776.094: [CMS-concurrent-abortable-preclean-start]
 CMS: abort preclean due to time 2015-10-30T15:51:53.969+0000: 4781.150: [CMS-concurrent-abortable-preclean: 1.181/5.056 secs] [Times: user=1.26 sys=0.00, real=5.06 secs] 
2015-10-30T15:51:53.970+0000: 4781.150: [GC (CMS Final Remark) [YG occupancy: 8346 K (36288 K)]4781.150: [Rescan (parallel) , 0.0018170 secs]4781.152: [weak refs processing, 0.0000232 secs]4781.152: [class unloading, 0.0147615 secs]4781.167: [scrub symbol table, 0.0071356 secs]4781.174: [scrub string table, 0.0007591 secs][1 CMS-remark: 80284K(206664K)] 88631K(242952K), 0.0259910 secs] [Times: user=0.03 sys=0.00, real=0.02 secs] 
2015-10-30T15:51:53.996+0000: 4781.176: [CMS-concurrent-sweep-start]
2015-10-30T15:51:54.019+0000: 4781.199: [CMS-concurrent-sweep: 0.023/0.023 secs] [Times: user=0.03 sys=0.00, real=0.03 secs] 
2015-10-30T15:51:54.019+0000: 4781.199: [CMS-concurrent-reset-start]
2015-10-30T15:51:54.021+0000: 4781.202: [CMS-concurrent-reset: 0.002/0.002 secs] [Times: user=0.00 sys=0.00, real=0.00 secs] 
2015-10-30T15:51:56.021+0000: 4783.202: [GC (CMS Initial Mark) [1 CMS-initial-mark: 61318K(206664K)] 69851K(242952K), 0.0022535 secs] [Times: user=0.00 sys=0.00, real=0.00 secs] 
2015-10-30T15:51:56.024+0000: 4783.204: [CMS-concurrent-mark-start]
2015-10-30T15:51:56.060+0000: 4783.240: [CMS-concurrent-mark: 0.036/0.036 secs] [Times: user=0.04 sys=0.00, real=0.04 secs] 
2015-10-30T15:51:56.060+0000: 4783.240: [CMS-concurrent-preclean-start]
2015-10-30T15:51:56.062+0000: 4783.242: [CMS-concurrent-preclean: 0.002/0.002 secs] [Times: user=0.00 sys=0.01, real=0.00 secs] 
2015-10-30T15:51:56.062+0000: 4783.242: [CMS-concurrent-abortable-preclean-start]
2015-10-30T15:51:58.573+0000: 4785.754: [GC (Allocation Failure) 4785.754: [ParNew: 34969K->3968K(36288K), 0.0148586 secs] 96288K->76759K(242952K), 0.0149419 secs] [Times: user=0.05 sys=0.00, real=0.02 secs] 
2015-10-30T15:51:58.613+0000: 4785.794: [GC (Allocation Failure) 4785.794: [ParNew: 36288K->2777K(36288K), 0.0037667 secs] 109079K->77843K(242952K), 0.0038216 secs] [Times: user=0.02 sys=0.00, real=0.01 secs] 
2015-10-30T15:51:58.626+0000: 4785.806: [CMS-concurrent-abortable-preclean: 0.550/2.564 secs] [Times: user=0.78 sys=0.00, real=2.57 secs] 
2015-10-30T15:51:58.629+0000: 4785.809: [GC (CMS Final Remark) [YG occupancy: 16979 K (36288 K)]4785.809: [Rescan (parallel) , 0.0093413 secs]4785.819: [weak refs processing, 0.0000194 secs]4785.819: [class unloading, 0.0148866 secs]4785.834: [scrub symbol table, 0.0066482 secs]4785.840: [scrub string table, 0.0007522 secs][1 CMS-remark: 75065K(206664K)] 92045K(242952K), 0.0331389 secs] [Times: user=0.06 sys=0.00, real=0.03 secs] 
2015-10-30T15:51:58.662+0000: 4785.843: [CMS-concurrent-sweep-start]
2015-10-30T15:51:58.675+0000: 4785.856: [GC (Allocation Failure) 4785.856: [ParNew: 35097K->2664K(36288K), 0.0026407 secs] 109205K->76772K(242952K), 0.0026967 secs] [Times: user=0.01 sys=0.00, real=0.01 secs] 
2015-10-30T15:51:58.697+0000: 4785.877: [CMS-concurrent-sweep: 0.031/0.034 secs] [Times: user=0.13 sys=0.00, real=0.03 secs] 
2015-10-30T15:51:58.697+0000: 4785.877: [CMS-concurrent-reset-start]
2015-10-30T15:51:58.699+0000: 4785.880: [CMS-concurrent-reset: 0.003/0.003 secs] [Times: user=0.01 sys=0.00, real=0.01 secs] 
2015-10-30T15:51:58.701+0000: 4785.881: [GC (Allocation Failure) 4785.881: [ParNew: 34984K->2555K(36288K), 0.0041607 secs] 108497K->77286K(242952K), 0.0042076 secs] [Times: user=0.01 sys=0.00, real=0.00 secs] 
2015-10-30T15:51:58.725+0000: 4785.906: [GC (Allocation Failure) 4785.906: [ParNew: 34875K->2931K(36288K), 0.0035956 secs] 109606K->77662K(242952K), 0.0036566 secs] [Times: user=0.01 sys=0.00, real=0.00 secs] 
2015-10-30T15:51:58.749+0000: 4785.930: [GC (Allocation Failure) 4785.930: [ParNew: 35251K->3258K(36288K), 0.0047649 secs] 109982K->78721K(242952K), 0.0048231 secs] [Times: user=0.01 sys=0.00, real=0.00 secs] 
2015-10-30T15:51:58.771+0000: 4785.952: [GC (Allocation Failure) 4785.952: [ParNew: 35578K->3608K(36288K), 0.0035846 secs] 111041K->79071K(242952K), 0.0036475 secs] [Times: user=0.01 sys=0.00, real=0.00 secs] 
2015-10-30T15:51:58.797+0000: 4785.978: [GC (Allocation Failure) 4785.978: [ParNew: 35928K->3111K(36288K), 0.0041166 secs] 111391K->79827K(242952K), 0.0041927 secs] [Times: user=0.01 sys=0.00, real=0.00 secs] 
2015-10-30T15:51:58.821+0000: 4786.002: [GC (Allocation Failure) 4786.002: [ParNew: 35431K->2309K(36288K), 0.0024593 secs] 112147K->79025K(242952K), 0.0025181 secs] [Times: user=0.01 sys=0.00, real=0.00 secs] 
2015-10-30T15:51:58.850+0000: 4786.030: [GC (Allocation Failure) 4786.030: [ParNew: 27317K->3456K(36288K), 0.0028254 secs] 104033K->85489K(242952K), 0.0029035 secs] [Times: user=0.01 sys=0.00, real=0.00 secs] 
2015-10-30T15:51:58.854+0000: 4786.034: [GC (CMS Initial Mark) [1 CMS-initial-mark: 82033K(206664K)] 93466K(242952K), 0.0018810 secs] [Times: user=0.00 sys=0.00, real=0.00 secs] 
2015-10-30T15:51:58.856+0000: 4786.036: [CMS-concurrent-mark-start]
2015-10-30T15:51:58.911+0000: 4786.091: [CMS-concurrent-mark: 0.055/0.055 secs] [Times: user=0.11 sys=0.00, real=0.06 secs] 
2015-10-30T15:51:58.911+0000: 4786.091: [CMS-concurrent-preclean-start]
2015-10-30T15:51:58.913+0000: 4786.093: [CMS-concurrent-preclean: 0.002/0.002 secs] [Times: user=0.01 sys=0.00, real=0.00 secs] 
2015-10-30T15:51:58.913+0000: 4786.093: [CMS-concurrent-abortable-preclean-start]
2015-10-30T15:52:00.071+0000: 4787.251: [GC (Allocation Failure) 4787.251: [ParNew: 35767K->3765K(36288K), 0.0049098 secs] 117800K->88928K(242952K), 0.0049767 secs] [Times: user=0.01 sys=0.00, real=0.00 secs] 
2015-10-30T15:52:00.117+0000: 4787.298: [CMS-concurrent-abortable-preclean: 0.307/1.205 secs] [Times: user=0.51 sys=0.01, real=1.21 secs] 
2015-10-30T15:52:00.124+0000: 4787.304: [GC (CMS Final Remark) [YG occupancy: 31082 K (36288 K)]4787.304: [Rescan (parallel) , 0.0134592 secs]4787.318: [weak refs processing, 0.0000204 secs]4787.318: [class unloading, 0.0153091 secs]4787.333: [scrub symbol table, 0.0070145 secs]4787.340: [scrub string table, 0.0007521 secs][1 CMS-remark: 85162K(206664K)] 116244K(242952K), 0.0381058 secs] [Times: user=0.07 sys=0.00, real=0.04 secs] 
2015-10-30T15:52:00.164+0000: 4787.344: [CMS-concurrent-sweep-start]
2015-10-30T15:52:00.169+0000: 4787.350: [GC (Allocation Failure) 4787.350: [ParNew: 36085K->3968K(36288K), 0.0144984 secs] 118689K->94960K(242952K), 0.0145956 secs] [Times: user=0.05 sys=0.00, real=0.01 secs] 
2015-10-30T15:52:00.217+0000: 4787.397: [CMS-concurrent-sweep: 0.038/0.053 secs] [Times: user=0.17 sys=0.01, real=0.05 secs] 
2015-10-30T15:52:00.217+0000: 4787.397: [CMS-concurrent-reset-start]
2015-10-30T15:52:00.220+0000: 4787.400: [CMS-concurrent-reset: 0.003/0.003 secs] [Times: user=0.01 sys=0.00, real=0.01 secs] 
2015-10-30T15:52:00.224+0000: 4787.404: [GC (Allocation Failure) 4787.404: [ParNew: 36288K->3968K(36288K), 0.0075583 secs] 110520K->81084K(242952K), 0.0076276 secs] [Times: user=0.02 sys=0.00, real=0.01 secs] 
2015-10-30T15:52:00.272+0000: 4787.453: [GC (Allocation Failure) 4787.453: [ParNew: 36288K->3968K(36288K), 0.0104477 secs] 113404K->85135K(242952K), 0.0105407 secs] [Times: user=0.03 sys=0.00, real=0.01 secs] 
2015-10-30T15:52:00.309+0000: 4787.490: [GC (Allocation Failure) 4787.490: [ParNew: 36288K->3968K(36288K), 0.0072077 secs] 117455K->87144K(242952K), 0.0072858 secs] [Times: user=0.02 sys=0.00, real=0.00 secs] 
2015-10-30T15:52:00.344+0000: 4787.524: [GC (GCLocker Initiated GC) 4787.524: [ParNew: 36288K->3968K(36288K), 0.0094877 secs] 119530K->90715K(242952K), 0.0095669 secs] [Times: user=0.03 sys=0.00, real=0.01 secs] 
2015-10-30T15:52:00.357+0000: 4787.537: [GC (CMS Initial Mark) [1 CMS-initial-mark: 86747K(206664K)] 91558K(242952K), 0.0027132 secs] [Times: user=0.01 sys=0.00, real=0.01 secs] 
2015-10-30T15:52:00.360+0000: 4787.540: [CMS-concurrent-mark-start]
2015-10-30T15:52:00.386+0000: 4787.566: [GC (Allocation Failure) 4787.566: [ParNew: 36288K->3968K(36288K), 0.0076935 secs] 123035K->93687K(242952K), 0.0077645 secs] [Times: user=0.02 sys=0.00, real=0.00 secs] 
2015-10-30T15:52:00.442+0000: 4787.623: [CMS-concurrent-mark: 0.071/0.083 secs] [Times: user=0.21 sys=0.00, real=0.08 secs] 
2015-10-30T15:52:00.442+0000: 4787.623: [CMS-concurrent-preclean-start]
2015-10-30T15:52:00.446+0000: 4787.627: [CMS-concurrent-preclean: 0.004/0.004 secs] [Times: user=0.00 sys=0.00, real=0.01 secs] 
2015-10-30T15:52:00.446+0000: 4787.627: [CMS-concurrent-abortable-preclean-start]
2015-10-30T15:52:05.230+0000: 4792.411: [GC (Allocation Failure) 4792.411: [ParNew: 36288K->3968K(36288K), 0.0051444 secs] 126007K->95150K(242952K), 0.0052112 secs] [Times: user=0.02 sys=0.01, real=0.00 secs] 
2015-10-30T15:52:05.275+0000: 4792.455: [CMS-concurrent-abortable-preclean: 0.831/4.829 secs] [Times: user=1.03 sys=0.02, real=4.82 secs] 
2015-10-30T15:52:05.277+0000: 4792.458: [GC (CMS Final Remark) [YG occupancy: 34023 K (36288 K)]4792.458: [Rescan (parallel) , 0.0125330 secs]4792.470: [weak refs processing, 0.0000192 secs]4792.470: [class unloading, 0.0144965 secs]4792.485: [scrub symbol table, 0.0066726 secs]4792.492: [scrub string table, 0.0007441 secs][1 CMS-remark: 91182K(206664K)] 125205K(242952K), 0.0359136 secs] [Times: user=0.07 sys=0.00, real=0.03 secs] 
2015-10-30T15:52:05.313+0000: 4792.494: [CMS-concurrent-sweep-start]
2015-10-30T15:52:05.316+0000: 4792.497: [GC (Allocation Failure) 4792.497: [ParNew: 36288K->3968K(36288K), 0.0059570 secs] 127098K->97973K(242952K), 0.0060167 secs] [Times: user=0.02 sys=0.00, real=0.01 secs] 
2015-10-30T15:52:05.337+0000: 4792.517: [GC (GCLocker Initiated GC) 4792.517: [ParNew: 26942K->3968K(36288K), 0.0062980 secs] 119487K->98333K(242952K), 0.0063732 secs] [Times: user=0.02 sys=0.01, real=0.01 secs] 
2015-10-30T15:52:05.382+0000: 4792.562: [GC (Allocation Failure) 4792.562: [ParNew: 36288K->3968K(36288K), 0.0091236 secs] 123886K->94465K(242952K), 0.0092029 secs] [Times: user=0.03 sys=0.00, real=0.01 secs] 
2015-10-30T15:52:05.393+0000: 4792.574: [GC (GCLocker Initiated GC) 4792.574: [ParNew: 5451K->3068K(36288K), 0.0053561 secs] 94484K->95036K(242952K), 0.0054145 secs] [Times: user=0.01 sys=0.00, real=0.01 secs] 
2015-10-30T15:52:05.434+0000: 4792.615: [GC (GCLocker Initiated GC) 4792.615: [ParNew: 35388K->3968K(36288K), 0.0047532 secs] 122381K->90981K(242952K), 0.0048222 secs] [Times: user=0.02 sys=0.00, real=0.01 secs] 
2015-10-30T15:52:05.448+0000: 4792.628: [CMS-concurrent-sweep: 0.099/0.134 secs] [Times: user=0.47 sys=0.01, real=0.14 secs] 
2015-10-30T15:52:05.448+0000: 4792.628: [CMS-concurrent-reset-start]
2015-10-30T15:52:05.450+0000: 4792.631: [CMS-concurrent-reset: 0.002/0.002 secs] [Times: user=0.01 sys=0.00, real=0.00 secs] 
2015-10-30T15:52:08.552+0000: 4795.733: [GC (Allocation Failure) 4795.733: [ParNew: 36288K->3968K(36288K), 0.0223876 secs] 111914K->94229K(242952K), 0.0224733 secs] [Times: user=0.08 sys=0.00, real=0.02 secs] 
2015-10-30T15:52:08.595+0000: 4795.775: [GC (Allocation Failure) 4795.775: [ParNew: 36288K->3710K(36288K), 0.0047573 secs] 126549K->97726K(242952K), 0.0048185 secs] [Times: user=0.02 sys=0.00, real=0.01 secs] 
2015-10-30T15:52:08.623+0000: 4795.804: [GC (Allocation Failure) 4795.804: [ParNew: 36030K->2339K(36288K), 0.0026986 secs] 130046K->96355K(242952K), 0.0027583 secs] [Times: user=0.01 sys=0.00, real=0.01 secs] 
2015-10-30T15:52:08.649+0000: 4795.830: [GC (Allocation Failure) 4795.830: [ParNew: 34659K->2822K(36288K), 0.0036568 secs] 128675K->96838K(242952K), 0.0037069 secs] [Times: user=0.01 sys=0.00, real=0.00 secs] 
2015-10-30T15:52:08.672+0000: 4795.852: [GC (Allocation Failure) 4795.852: [ParNew: 35142K->2771K(36288K), 0.0046460 secs] 129158K->97597K(242952K), 0.0047011 secs] [Times: user=0.01 sys=0.00, real=0.00 secs] 
2015-10-30T15:52:08.697+0000: 4795.878: [GC (Allocation Failure) 4795.878: [ParNew: 35091K->2643K(36288K), 0.0039783 secs] 129917K->98144K(242952K), 0.0040421 secs] [Times: user=0.01 sys=0.00, real=0.00 secs] 
2015-10-30T15:52:08.719+0000: 4795.899: [GC (Allocation Failure) 4795.899: [ParNew: 34963K->3038K(36288K), 0.0044778 secs] 130464K->99128K(242952K), 0.0045394 secs] [Times: user=0.01 sys=0.00, real=0.00 secs] 
2015-10-30T15:52:08.745+0000: 4795.926: [GC (Allocation Failure) 4795.926: [ParNew: 35358K->2370K(36288K), 0.0026532 secs] 131448K->98459K(242952K), 0.0027135 secs] [Times: user=0.01 sys=0.00, real=0.00 secs] 
2015-10-30T15:52:08.771+0000: 4795.952: [GC (Allocation Failure) 4795.952: [ParNew: 34690K->3968K(36288K), 0.0029378 secs] 130779K->100118K(242952K), 0.0030012 secs] [Times: user=0.01 sys=0.00, real=0.00 secs] 
2015-10-30T15:52:17.630+0000: 4804.811: [GC (Allocation Failure) 4804.811: [ParNew: 36288K->1948K(36288K), 0.0055149 secs] 132438K->102532K(242952K), 0.0055893 secs] [Times: user=0.02 sys=0.00, real=0.00 secs] 
2015-10-30T15:52:18.618+0000: 4805.798: [GC (Allocation Failure) 4805.798: [ParNew: 34268K->3968K(36288K), 0.0143179 secs] 134852K->116609K(242952K), 0.0144001 secs] [Times: user=0.05 sys=0.00, real=0.01 secs] 
2015-10-30T15:52:18.653+0000: 4805.834: [GC (Allocation Failure) 4805.834: [ParNew: 36288K->2274K(36288K), 0.0053898 secs] 148929K->118736K(242952K), 0.0054474 secs] [Times: user=0.02 sys=0.00, real=0.01 secs] 
2015-10-30T15:52:18.679+0000: 4805.860: [GC (Allocation Failure) 4805.860: [ParNew: 34594K->2317K(36288K), 0.0028925 secs] 151056K->118778K(242952K), 0.0029537 secs] [Times: user=0.01 sys=0.00, real=0.00 secs] 
2015-10-30T15:52:18.705+0000: 4805.886: [GC (Allocation Failure) 4805.886: [ParNew: 34637K->2632K(36288K), 0.0035088 secs] 151098K->119094K(242952K), 0.0035561 secs] [Times: user=0.01 sys=0.00, real=0.00 secs] 
2015-10-30T15:52:18.729+0000: 4805.910: [GC (Allocation Failure) 4805.910: [ParNew: 34952K->2516K(36288K), 0.0042263 secs] 151414K->119768K(242952K), 0.0042797 secs] [Times: user=0.01 sys=0.01, real=0.00 secs] 
2015-10-30T15:52:18.753+0000: 4805.934: [GC (Allocation Failure) 4805.934: [ParNew: 34836K->2502K(36288K), 0.0043591 secs] 152088K->120431K(242952K), 0.0044252 secs] [Times: user=0.01 sys=0.00, real=0.01 secs] 
2015-10-30T15:52:18.777+0000: 4805.958: [GC (Allocation Failure) 4805.958: [ParNew: 34822K->2947K(36288K), 0.0037707 secs] 152751K->120876K(242952K), 0.0038320 secs] [Times: user=0.01 sys=0.00, real=0.00 secs] 
2015-10-30T15:52:18.800+0000: 4805.980: [GC (Allocation Failure) 4805.980: [ParNew: 35267K->2854K(36288K), 0.0037864 secs] 153196K->121426K(242952K), 0.0038469 secs] [Times: user=0.01 sys=0.00, real=0.00 secs] 
2015-10-30T15:52:18.832+0000: 4806.012: [GC (Allocation Failure) 4806.012: [ParNew: 35081K->3968K(36288K), 0.0029967 secs] 153652K->123135K(242952K), 0.0030594 secs] [Times: user=0.01 sys=0.00, real=0.00 secs] 
2015-10-30T15:52:28.149+0000: 4815.329: [GC (Allocation Failure) 4815.329: [ParNew: 36288K->2364K(36288K), 0.0051622 secs] 155455K->126161K(242952K), 0.0052429 secs] [Times: user=0.02 sys=0.00, real=0.00 secs] 
2015-10-30T15:52:28.596+0000: 4815.777: [GC (Allocation Failure) 4815.777: [ParNew: 34684K->3968K(36288K), 0.0143065 secs] 158481K->139514K(242952K), 0.0143902 secs] [Times: user=0.05 sys=0.00, real=0.02 secs] 
2015-10-30T15:52:28.633+0000: 4815.813: [GC (Allocation Failure) 4815.813: [ParNew: 36288K->1894K(36288K), 0.0042186 secs] 171834K->141290K(242952K), 0.0042729 secs] [Times: user=0.02 sys=0.00, real=0.01 secs] 
2015-10-30T15:52:28.657+0000: 4815.838: [GC (Allocation Failure) 4815.838: [ParNew: 34214K->2371K(36288K), 0.0031822 secs] 173610K->141768K(242952K), 0.0032375 secs] [Times: user=0.01 sys=0.00, real=0.00 secs] 
2015-10-30T15:52:28.679+0000: 4815.859: [GC (Allocation Failure) 4815.859: [ParNew: 34691K->3091K(36288K), 0.0029508 secs] 174088K->142488K(242952K), 0.0029987 secs] [Times: user=0.01 sys=0.00, real=0.00 secs] 
2015-10-30T15:52:28.702+0000: 4815.883: [GC (Allocation Failure) 4815.883: [ParNew: 35411K->3076K(36288K), 0.0048824 secs] 174808K->143272K(242952K), 0.0049442 secs] [Times: user=0.02 sys=0.00, real=0.01 secs] 
2015-10-30T15:52:28.727+0000: 4815.907: [GC (Allocation Failure) 4815.907: [ParNew: 35396K->2645K(36288K), 0.0039266 secs] 175592K->143498K(242952K), 0.0039949 secs] [Times: user=0.02 sys=0.00, real=0.00 secs] 
2015-10-30T15:52:28.749+0000: 4815.930: [GC (Allocation Failure) 4815.930: [ParNew: 34965K->3075K(36288K), 0.0040812 secs] 175818K->144567K(242952K), 0.0041451 secs] [Times: user=0.01 sys=0.00, real=0.00 secs] 
2015-10-30T15:52:28.773+0000: 4815.954: [GC (Allocation Failure) 4815.954: [ParNew: 35395K->2338K(36288K), 0.0026468 secs] 176887K->143830K(242952K), 0.0027046 secs] [Times: user=0.02 sys=0.00, real=0.00 secs] 
2015-10-30T15:52:28.806+0000: 4815.986: [GC (Allocation Failure) 4815.986: [ParNew: 34215K->3968K(36288K), 0.0031787 secs] 175707K->146637K(242952K), 0.0032492 secs] [Times: user=0.01 sys=0.00, real=0.00 secs] 
2015-10-30T15:52:28.809+0000: 4815.990: [GC (CMS Initial Mark) [1 CMS-initial-mark: 142669K(206664K)] 147151K(242952K), 0.0019167 secs] [Times: user=0.00 sys=0.00, real=0.00 secs] 
2015-10-30T15:52:28.811+0000: 4815.992: [CMS-concurrent-mark-start]
2015-10-30T15:52:28.850+0000: 4816.030: [CMS-concurrent-mark: 0.038/0.038 secs] [Times: user=0.08 sys=0.00, real=0.04 secs] 
2015-10-30T15:52:28.850+0000: 4816.030: [CMS-concurrent-preclean-start]
2015-10-30T15:52:28.851+0000: 4816.032: [CMS-concurrent-preclean: 0.001/0.001 secs] [Times: user=0.00 sys=0.00, real=0.00 secs] 
2015-10-30T15:52:28.851+0000: 4816.032: [CMS-concurrent-abortable-preclean-start]
 CMS: abort preclean due to time 2015-10-30T15:52:33.966+0000: 4821.147: [CMS-concurrent-abortable-preclean: 1.394/5.115 secs] [Times: user=1.50 sys=0.02, real=5.12 secs] 
2015-10-30T15:52:33.967+0000: 4821.147: [GC (CMS Final Remark) [YG occupancy: 33603 K (36288 K)]4821.147: [Rescan (parallel) , 0.0024247 secs]4821.150: [weak refs processing, 0.0000246 secs]4821.150: [class unloading, 0.0151713 secs]4821.165: [scrub symbol table, 0.0066417 secs]4821.171: [scrub string table, 0.0007445 secs][1 CMS-remark: 142669K(206664K)] 176272K(242952K), 0.0264639 secs] [Times: user=0.03 sys=0.00, real=0.02 secs] 
2015-10-30T15:52:33.993+0000: 4821.174: [CMS-concurrent-sweep-start]
2015-10-30T15:52:34.051+0000: 4821.231: [CMS-concurrent-sweep: 0.057/0.057 secs] [Times: user=0.06 sys=0.00, real=0.06 secs] 
2015-10-30T15:52:34.051+0000: 4821.231: [CMS-concurrent-reset-start]
2015-10-30T15:52:34.053+0000: 4821.234: [CMS-concurrent-reset: 0.002/0.002 secs] [Times: user=0.01 sys=0.00, real=0.00 secs] 
2015-10-30T15:52:38.528+0000: 4825.709: [GC (Allocation Failure) 4825.709: [ParNew: 36271K->2299K(36288K), 0.0050851 secs] 98716K->69356K(242952K), 0.0051557 secs] [Times: user=0.02 sys=0.00, real=0.00 secs] 
2015-10-30T15:52:38.577+0000: 4825.757: [GC (Allocation Failure) 4825.758: [ParNew: 34619K->3968K(36288K), 0.0128268 secs] 101676K->82685K(242952K), 0.0129049 secs] [Times: user=0.04 sys=0.00, real=0.02 secs] 
2015-10-30T15:52:38.609+0000: 4825.790: [GC (Allocation Failure) 4825.790: [ParNew: 36288K->2009K(36288K), 0.0042564 secs] 115005K->84694K(242952K), 0.0043209 secs] [Times: user=0.01 sys=0.00, real=0.00 secs] 
2015-10-30T15:52:38.632+0000: 4825.812: [GC (Allocation Failure) 4825.812: [ParNew: 34329K->1933K(36288K), 0.0026128 secs] 117014K->84618K(242952K), 0.0026728 secs] [Times: user=0.01 sys=0.00, real=0.00 secs] 
2015-10-30T15:52:38.657+0000: 4825.837: [GC (Allocation Failure) 4825.837: [ParNew: 34253K->2957K(36288K), 0.0034172 secs] 116938K->85642K(242952K), 0.0034679 secs] [Times: user=0.01 sys=0.00, real=0.01 secs] 
2015-10-30T15:52:38.689+0000: 4825.869: [GC (Allocation Failure) 4825.870: [ParNew: 35277K->3531K(36288K), 0.0053255 secs] 117962K->86971K(242952K), 0.0053825 secs] [Times: user=0.01 sys=0.01, real=0.00 secs] 
2015-10-30T15:52:38.717+0000: 4825.898: [GC (Allocation Failure) 4825.898: [ParNew: 35851K->3763K(36288K), 0.0042555 secs] 119291K->87859K(242952K), 0.0043218 secs] [Times: user=0.02 sys=0.00, real=0.00 secs] 
2015-10-30T15:52:38.742+0000: 4825.923: [GC (Allocation Failure) 4825.923: [ParNew: 36083K->3697K(36288K), 0.0035605 secs] 120179K->88439K(242952K), 0.0036287 secs] [Times: user=0.01 sys=0.00, real=0.01 secs] 
2015-10-30T15:52:38.773+0000: 4825.954: [GC (Allocation Failure) 4825.954: [ParNew: 36017K->2576K(36288K), 0.0025523 secs] 120759K->87318K(242952K), 0.0026210 secs] [Times: user=0.01 sys=0.00, real=0.00 secs] 
2015-10-30T15:52:38.816+0000: 4825.997: [GC (Allocation Failure) 4825.997: [ParNew: 34461K->3968K(36288K), 0.0030984 secs] 119203K->90383K(242952K), 0.0031713 secs] [Times: user=0.01 sys=0.00, real=0.01 secs] 
2015-10-30T15:52:48.565+0000: 4835.746: [GC (Allocation Failure) 4835.746: [ParNew: 36268K->2753K(36288K), 0.0048716 secs] 122683K->93790K(242952K), 0.0049582 secs] [Times: user=0.01 sys=0.00, real=0.00 secs] 
2015-10-30T15:52:48.612+0000: 4835.792: [GC (Allocation Failure) 4835.792: [ParNew: 35073K->3968K(36288K), 0.0128721 secs] 126110K->106784K(242952K), 0.0129488 secs] [Times: user=0.05 sys=0.00, real=0.01 secs] 
2015-10-30T15:52:48.644+0000: 4835.825: [GC (Allocation Failure) 4835.825: [ParNew: 36288K->1819K(36288K), 0.0036747 secs] 139104K->108431K(242952K), 0.0037282 secs] [Times: user=0.01 sys=0.00, real=0.01 secs] 
2015-10-30T15:52:48.666+0000: 4835.846: [GC (Allocation Failure) 4835.846: [ParNew: 34139K->2115K(36288K), 0.0025654 secs] 140751K->108727K(242952K), 0.0026215 secs] [Times: user=0.01 sys=0.00, real=0.00 secs] 
2015-10-30T15:52:48.689+0000: 4835.870: [GC (Allocation Failure) 4835.870: [ParNew: 34435K->2975K(36288K), 0.0029455 secs] 141047K->109587K(242952K), 0.0030057 secs] [Times: user=0.01 sys=0.00, real=0.00 secs] 
2015-10-30T15:52:48.713+0000: 4835.894: [GC (Allocation Failure) 4835.894: [ParNew: 35295K->3561K(36288K), 0.0040744 secs] 141907K->110935K(242952K), 0.0041302 secs] [Times: user=0.01 sys=0.00, real=0.01 secs] 
2015-10-30T15:52:48.739+0000: 4835.920: [GC (Allocation Failure) 4835.920: [ParNew: 35881K->2731K(36288K), 0.0040361 secs] 143255K->110787K(242952K), 0.0040947 secs] [Times: user=0.01 sys=0.00, real=0.00 secs] 
2015-10-30T15:52:48.761+0000: 4835.941: [GC (Allocation Failure) 4835.941: [ParNew: 35051K->3134K(36288K), 0.0036586 secs] 143107K->111809K(242952K), 0.0037185 secs] [Times: user=0.01 sys=0.00, real=0.00 secs] 
2015-10-30T15:52:48.783+0000: 4835.964: [GC (Allocation Failure) 4835.964: [ParNew: 35454K->2342K(36288K), 0.0026504 secs] 144129K->111017K(242952K), 0.0027128 secs] [Times: user=0.01 sys=0.00, real=0.01 secs] 
2015-10-30T15:52:48.819+0000: 4836.000: [GC (Allocation Failure) 4836.000: [ParNew: 34344K->3968K(36288K), 0.0038838 secs] 143019K->114760K(242952K), 0.0039521 secs] [Times: user=0.01 sys=0.00, real=0.00 secs] 
2015-10-30T15:52:48.824+0000: 4836.004: [GC (CMS Initial Mark) [1 CMS-initial-mark: 110792K(206664K)] 115272K(242952K), 0.0018195 secs] [Times: user=0.01 sys=0.00, real=0.01 secs] 
2015-10-30T15:52:48.825+0000: 4836.006: [CMS-concurrent-mark-start]
2015-10-30T15:52:48.865+0000: 4836.045: [CMS-concurrent-mark: 0.039/0.039 secs] [Times: user=0.08 sys=0.00, real=0.03 secs] 
2015-10-30T15:52:48.865+0000: 4836.045: [CMS-concurrent-preclean-start]
2015-10-30T15:52:48.867+0000: 4836.047: [CMS-concurrent-preclean: 0.002/0.002 secs] [Times: user=0.00 sys=0.00, real=0.01 secs] 
2015-10-30T15:52:48.867+0000: 4836.047: [CMS-concurrent-abortable-preclean-start]
 CMS: abort preclean due to time 2015-10-30T15:52:53.966+0000: 4841.146: [CMS-concurrent-abortable-preclean: 1.279/5.099 secs] [Times: user=1.38 sys=0.01, real=5.10 secs] 
2015-10-30T15:52:53.966+0000: 4841.147: [GC (CMS Final Remark) [YG occupancy: 32327 K (36288 K)]4841.147: [Rescan (parallel) , 0.0022837 secs]4841.149: [weak refs processing, 0.0000256 secs]4841.149: [class unloading, 0.0149696 secs]4841.164: [scrub symbol table, 0.0065942 secs]4841.171: [scrub string table, 0.0007436 secs][1 CMS-remark: 110792K(206664K)] 143120K(242952K), 0.0260431 secs] [Times: user=0.03 sys=0.00, real=0.02 secs] 
2015-10-30T15:52:53.992+0000: 4841.173: [CMS-concurrent-sweep-start]
2015-10-30T15:52:54.042+0000: 4841.222: [CMS-concurrent-sweep: 0.049/0.049 secs] [Times: user=0.05 sys=0.00, real=0.05 secs] 
2015-10-30T15:52:54.042+0000: 4841.222: [CMS-concurrent-reset-start]
2015-10-30T15:52:54.044+0000: 4841.225: [CMS-concurrent-reset: 0.002/0.002 secs] [Times: user=0.00 sys=0.00, real=0.00 secs] 
2015-10-30T15:52:56.044+0000: 4843.224: [GC (CMS Initial Mark) [1 CMS-initial-mark: 63397K(206664K)] 96038K(242952K), 0.0026849 secs] [Times: user=0.00 sys=0.00, real=0.01 secs] 
2015-10-30T15:52:56.047+0000: 4843.227: [CMS-concurrent-mark-start]
2015-10-30T15:52:56.086+0000: 4843.266: [CMS-concurrent-mark: 0.039/0.039 secs] [Times: user=0.04 sys=0.00, real=0.04 secs] 
2015-10-30T15:52:56.086+0000: 4843.266: [CMS-concurrent-preclean-start]
2015-10-30T15:52:56.088+0000: 4843.268: [CMS-concurrent-preclean: 0.002/0.002 secs] [Times: user=0.01 sys=0.00, real=0.00 secs] 
2015-10-30T15:52:56.088+0000: 4843.268: [CMS-concurrent-abortable-preclean-start]
2015-10-30T15:52:58.618+0000: 4845.798: [GC (Allocation Failure) 4845.798: [ParNew: 36228K->2987K(36288K), 0.0047085 secs] 99625K->70546K(242952K), 0.0047877 secs] [Times: user=0.02 sys=0.00, real=0.00 secs] 
2015-10-30T15:52:58.664+0000: 4845.845: [GC (Allocation Failure) 4845.845: [ParNew: 35307K->3968K(36288K), 0.0140386 secs] 102866K->83374K(242952K), 0.0141143 secs] [Times: user=0.05 sys=0.00, real=0.02 secs] 
2015-10-30T15:52:58.705+0000: 4845.885: [GC (Allocation Failure) 4845.885: [ParNew: 36288K->2645K(36288K), 0.0054001 secs] 115694K->85775K(242952K), 0.0054622 secs] [Times: user=0.01 sys=0.00, real=0.01 secs] 
2015-10-30T15:52:58.728+0000: 4845.909: [CMS-concurrent-abortable-preclean: 0.675/2.640 secs] [Times: user=0.96 sys=0.01, real=2.64 secs] 
2015-10-30T15:52:58.729+0000: 4845.910: [GC (CMS Final Remark) [YG occupancy: 28326 K (36288 K)]4845.910: [Rescan (parallel) , 0.0163625 secs]4845.926: [weak refs processing, 0.0000192 secs]4845.926: [class unloading, 0.0149365 secs]4845.941: [scrub symbol table, 0.0070028 secs]4845.948: [scrub string table, 0.0007601 secs][1 CMS-remark: 83130K(206664K)] 111456K(242952K), 0.0406221 secs] [Times: user=0.09 sys=0.00, real=0.04 secs] 
2015-10-30T15:52:58.770+0000: 4845.951: [CMS-concurrent-sweep-start]
2015-10-30T15:52:58.775+0000: 4845.955: [GC (Allocation Failure) 4845.955: [ParNew: 34965K->1939K(36288K), 0.0026787 secs] 118094K->85068K(242952K), 0.0027378 secs] [Times: user=0.01 sys=0.00, real=0.01 secs] 
2015-10-30T15:52:58.802+0000: 4845.983: [GC (Allocation Failure) 4845.983: [ParNew: 34259K->2846K(36288K), 0.0031092 secs] 115784K->84371K(242952K), 0.0031622 secs] [Times: user=0.01 sys=0.00, real=0.01 secs] 
2015-10-30T15:52:58.824+0000: 4846.005: [CMS-concurrent-sweep: 0.048/0.054 secs] [Times: user=0.20 sys=0.00, real=0.05 secs] 
2015-10-30T15:52:58.824+0000: 4846.005: [CMS-concurrent-reset-start]
2015-10-30T15:52:58.827+0000: 4846.007: [CMS-concurrent-reset: 0.003/0.003 secs] [Times: user=0.01 sys=0.00, real=0.01 secs] 
2015-10-30T15:52:58.831+0000: 4846.011: [GC (Allocation Failure) 4846.011: [ParNew: 35166K->2934K(36288K), 0.0041965 secs] 116142K->84683K(242952K), 0.0042418 secs] [Times: user=0.02 sys=0.00, real=0.00 secs] 
2015-10-30T15:52:58.855+0000: 4846.035: [GC (Allocation Failure) 4846.035: [ParNew: 35254K->3736K(36288K), 0.0042414 secs] 117003K->86200K(242952K), 0.0043018 secs] [Times: user=0.01 sys=0.00, real=0.01 secs] 
2015-10-30T15:52:58.877+0000: 4846.057: [GC (Allocation Failure) 4846.058: [ParNew: 36056K->2397K(36288K), 0.0034799 secs] 118520K->85465K(242952K), 0.0035397 secs] [Times: user=0.01 sys=0.00, real=0.01 secs] 
2015-10-30T15:52:58.901+0000: 4846.082: [GC (Allocation Failure) 4846.082: [ParNew: 34717K->2331K(36288K), 0.0030666 secs] 117785K->85399K(242952K), 0.0031236 secs] [Times: user=0.01 sys=0.00, real=0.00 secs] 
2015-10-30T15:52:58.939+0000: 4846.120: [GC (Allocation Failure) 4846.120: [ParNew: 34293K->3968K(36288K), 0.0030350 secs] 117361K->90225K(242952K), 0.0031024 secs] [Times: user=0.01 sys=0.00, real=0.00 secs] 
2015-10-30T15:52:58.943+0000: 4846.124: [GC (CMS Initial Mark) [1 CMS-initial-mark: 86257K(206664K)] 95542K(242952K), 0.0020239 secs] [Times: user=0.01 sys=0.00, real=0.01 secs] 
2015-10-30T15:52:58.945+0000: 4846.126: [CMS-concurrent-mark-start]
2015-10-30T15:52:58.983+0000: 4846.163: [CMS-concurrent-mark: 0.038/0.038 secs] [Times: user=0.07 sys=0.00, real=0.03 secs] 
2015-10-30T15:52:58.983+0000: 4846.163: [CMS-concurrent-preclean-start]
2015-10-30T15:52:58.985+0000: 4846.165: [CMS-concurrent-preclean: 0.002/0.002 secs] [Times: user=0.01 sys=0.00, real=0.00 secs] 
2015-10-30T15:52:58.985+0000: 4846.165: [CMS-concurrent-abortable-preclean-start]
2015-10-30T15:53:00.187+0000: 4847.367: [GC (Allocation Failure) 4847.367: [ParNew: 36288K->3968K(36288K), 0.0065807 secs] 122545K->92682K(242952K), 0.0066611 secs] [Times: user=0.02 sys=0.00, real=0.00 secs] 
2015-10-30T15:53:00.236+0000: 4847.416: [GC (Allocation Failure) 4847.416: [ParNew: 36288K->3222K(36288K), 0.0041822 secs] 125002K->95160K(242952K), 0.0042518 secs] [Times: user=0.02 sys=0.00, real=0.01 secs] 
2015-10-30T15:53:00.258+0000: 4847.439: [CMS-concurrent-abortable-preclean: 0.379/1.273 secs] [Times: user=0.63 sys=0.02, real=1.28 secs] 
2015-10-30T15:53:00.261+0000: 4847.442: [GC (CMS Final Remark) [YG occupancy: 24095 K (36288 K)]4847.442: [Rescan (parallel) , 0.0142168 secs]4847.456: [weak refs processing, 0.0000194 secs]4847.456: [class unloading, 0.0153404 secs]4847.471: [scrub symbol table, 0.0067453 secs]4847.478: [scrub string table, 0.0007580 secs][1 CMS-remark: 91938K(206664K)] 116033K(242952K), 0.0385996 secs] [Times: user=0.08 sys=0.00, real=0.04 secs] 
2015-10-30T15:53:00.300+0000: 4847.481: [CMS-concurrent-sweep-start]
2015-10-30T15:53:00.348+0000: 4847.529: [CMS-concurrent-sweep: 0.048/0.048 secs] [Times: user=0.05 sys=0.00, real=0.05 secs] 
2015-10-30T15:53:00.348+0000: 4847.529: [CMS-concurrent-reset-start]
2015-10-30T15:53:00.351+0000: 4847.531: [CMS-concurrent-reset: 0.002/0.002 secs] [Times: user=0.01 sys=0.00, real=0.00 secs] 
2015-10-30T15:53:08.550+0000: 4855.730: [GC (Allocation Failure) 4855.730: [ParNew: 35529K->3968K(36288K), 0.0035264 secs] 107167K->79685K(242952K), 0.0036052 secs] [Times: user=0.01 sys=0.00, real=0.00 secs] 
2015-10-30T15:53:08.587+0000: 4855.767: [GC (Allocation Failure) 4855.767: [ParNew: 36288K->3968K(36288K), 0.0136940 secs] 112005K->93276K(242952K), 0.0137771 secs] [Times: user=0.05 sys=0.00, real=0.01 secs] 
2015-10-30T15:53:08.618+0000: 4855.799: [GC (Allocation Failure) 4855.799: [ParNew: 36288K->3752K(36288K), 0.0059642 secs] 125596K->96909K(242952K), 0.0060300 secs] [Times: user=0.02 sys=0.00, real=0.00 secs] 
2015-10-30T15:53:08.645+0000: 4855.826: [GC (Allocation Failure) 4855.826: [ParNew: 36072K->2299K(36288K), 0.0023948 secs] 129229K->95456K(242952K), 0.0024541 secs] [Times: user=0.01 sys=0.00, real=0.00 secs] 
2015-10-30T15:53:08.669+0000: 4855.849: [GC (Allocation Failure) 4855.849: [ParNew: 34619K->2481K(36288K), 0.0034674 secs] 127776K->95637K(242952K), 0.0035308 secs] [Times: user=0.01 sys=0.00, real=0.00 secs] 
2015-10-30T15:53:08.694+0000: 4855.875: [GC (Allocation Failure) 4855.875: [ParNew: 34801K->2344K(36288K), 0.0041661 secs] 127957K->96305K(242952K), 0.0042263 secs] [Times: user=0.01 sys=0.00, real=0.01 secs] 
2015-10-30T15:53:08.719+0000: 4855.900: [GC (Allocation Failure) 4855.900: [ParNew: 34664K->3037K(36288K), 0.0047592 secs] 128625K->97706K(242952K), 0.0048318 secs] [Times: user=0.02 sys=0.00, real=0.00 secs] 
2015-10-30T15:53:08.741+0000: 4855.922: [GC (Allocation Failure) 4855.922: [ParNew: 35357K->3028K(36288K), 0.0040216 secs] 130026K->98793K(242952K), 0.0040832 secs] [Times: user=0.02 sys=0.00, real=0.01 secs] 
2015-10-30T15:53:08.765+0000: 4855.946: [GC (Allocation Failure) 4855.946: [ParNew: 35348K->1792K(36288K), 0.0021725 secs] 131113K->97557K(242952K), 0.0022329 secs] [Times: user=0.01 sys=0.00, real=0.00 secs] 
2015-10-30T15:53:08.799+0000: 4855.980: [GC (Allocation Failure) 4855.980: [ParNew: 28970K->3968K(36288K), 0.0026441 secs] 124735K->102421K(242952K), 0.0027108 secs] [Times: user=0.01 sys=0.00, real=0.00 secs] 
2015-10-30T15:53:08.803+0000: 4855.984: [GC (CMS Initial Mark) [1 CMS-initial-mark: 98453K(206664K)] 107739K(242952K), 0.0018112 secs] [Times: user=0.00 sys=0.00, real=0.00 secs] 
2015-10-30T15:53:08.805+0000: 4855.985: [CMS-concurrent-mark-start]
2015-10-30T15:53:08.843+0000: 4856.024: [CMS-concurrent-mark: 0.038/0.038 secs] [Times: user=0.08 sys=0.00, real=0.04 secs] 
2015-10-30T15:53:08.843+0000: 4856.024: [CMS-concurrent-preclean-start]
2015-10-30T15:53:08.845+0000: 4856.025: [CMS-concurrent-preclean: 0.001/0.001 secs] [Times: user=0.00 sys=0.00, real=0.00 secs] 
2015-10-30T15:53:08.845+0000: 4856.025: [CMS-concurrent-abortable-preclean-start]
 CMS: abort preclean due to time 2015-10-30T15:53:13.857+0000: 4861.037: [CMS-concurrent-abortable-preclean: 1.019/5.012 secs] [Times: user=1.11 sys=0.00, real=5.01 secs] 
2015-10-30T15:53:13.857+0000: 4861.037: [GC (CMS Final Remark) [YG occupancy: 30982 K (36288 K)]4861.037: [Rescan (parallel) , 0.0018155 secs]4861.039: [weak refs processing, 0.0000164 secs]4861.039: [class unloading, 0.0148869 secs]4861.054: [scrub symbol table, 0.0066269 secs]4861.061: [scrub string table, 0.0007438 secs][1 CMS-remark: 98453K(206664K)] 129436K(242952K), 0.0255151 secs] [Times: user=0.03 sys=0.00, real=0.03 secs] 
2015-10-30T15:53:13.882+0000: 4861.063: [CMS-concurrent-sweep-start]
2015-10-30T15:53:13.921+0000: 4861.101: [CMS-concurrent-sweep: 0.038/0.038 secs] [Times: user=0.04 sys=0.00, real=0.04 secs] 
2015-10-30T15:53:13.921+0000: 4861.101: [CMS-concurrent-reset-start]
2015-10-30T15:53:13.923+0000: 4861.103: [CMS-concurrent-reset: 0.002/0.002 secs] [Times: user=0.00 sys=0.00, real=0.00 secs] 
2015-10-30T15:53:15.923+0000: 4863.104: [GC (CMS Initial Mark) [1 CMS-initial-mark: 63602K(206664K)] 94883K(242952K), 0.0021675 secs] [Times: user=0.01 sys=0.00, real=0.01 secs] 
2015-10-30T15:53:15.926+0000: 4863.106: [CMS-concurrent-mark-start]
2015-10-30T15:53:15.963+0000: 4863.143: [CMS-concurrent-mark: 0.037/0.037 secs] [Times: user=0.04 sys=0.00, real=0.03 secs] 
2015-10-30T15:53:15.963+0000: 4863.143: [CMS-concurrent-preclean-start]
2015-10-30T15:53:15.965+0000: 4863.145: [CMS-concurrent-preclean: 0.002/0.002 secs] [Times: user=0.00 sys=0.00, real=0.00 secs] 
2015-10-30T15:53:15.965+0000: 4863.145: [CMS-concurrent-abortable-preclean-start]
2015-10-30T15:53:18.573+0000: 4865.754: [GC (Allocation Failure) 4865.754: [ParNew: 36238K->3968K(36288K), 0.0043638 secs] 99841K->71516K(242952K), 0.0044399 secs] [Times: user=0.02 sys=0.00, real=0.01 secs] 
2015-10-30T15:53:18.620+0000: 4865.800: [GC (Allocation Failure) 4865.800: [ParNew: 36288K->3968K(36288K), 0.0146452 secs] 103836K->84210K(242952K), 0.0147296 secs] [Times: user=0.06 sys=0.00, real=0.01 secs] 
2015-10-30T15:53:18.655+0000: 4865.836: [GC (Allocation Failure) 4865.836: [ParNew: 36288K->3375K(36288K), 0.0051757 secs] 116530K->87357K(242952K), 0.0052334 secs] [Times: user=0.02 sys=0.00, real=0.01 secs] 
2015-10-30T15:53:18.684+0000: 4865.865: [GC (Allocation Failure) 4865.865: [ParNew: 35695K->2026K(36288K), 0.0026737 secs] 119677K->86009K(242952K), 0.0027284 secs] [Times: user=0.01 sys=0.00, real=0.01 secs] 
2015-10-30T15:53:18.688+0000: 4865.868: [CMS-concurrent-abortable-preclean: 0.620/2.723 secs] [Times: user=0.96 sys=0.02, real=2.73 secs] 
2015-10-30T15:53:18.688+0000: 4865.869: [GC (CMS Final Remark) [YG occupancy: 3383 K (36288 K)]4865.869: [Rescan (parallel) , 0.0022924 secs]4865.871: [weak refs processing, 0.0000115 secs]4865.871: [class unloading, 0.0144222 secs]4865.885: [scrub symbol table, 0.0066214 secs]4865.892: [scrub string table, 0.0007397 secs][1 CMS-remark: 83982K(206664K)] 87366K(242952K), 0.0254857 secs] [Times: user=0.03 sys=0.00, real=0.02 secs] 
2015-10-30T15:53:18.714+0000: 4865.894: [CMS-concurrent-sweep-start]
2015-10-30T15:53:18.737+0000: 4865.918: [GC (Allocation Failure) 4865.918: [ParNew: 34346K->3162K(36288K), 0.0028798 secs] 114323K->83139K(242952K), 0.0029317 secs] [Times: user=0.01 sys=0.00, real=0.00 secs] 
2015-10-30T15:53:18.760+0000: 4865.941: [CMS-concurrent-sweep: 0.043/0.046 secs] [Times: user=0.17 sys=0.00, real=0.05 secs] 
2015-10-30T15:53:18.760+0000: 4865.941: [CMS-concurrent-reset-start]
2015-10-30T15:53:18.763+0000: 4865.943: [CMS-concurrent-reset: 0.002/0.002 secs] [Times: user=0.01 sys=0.00, real=0.00 secs] 
2015-10-30T15:53:18.769+0000: 4865.949: [GC (Allocation Failure) 4865.949: [ParNew: 35482K->2910K(36288K), 0.0042135 secs] 114112K->82379K(242952K), 0.0042599 secs] [Times: user=0.01 sys=0.00, real=0.00 secs] 
2015-10-30T15:53:18.793+0000: 4865.974: [GC (Allocation Failure) 4865.974: [ParNew: 35230K->3103K(36288K), 0.0042746 secs] 114699K->83299K(242952K), 0.0043345 secs] [Times: user=0.02 sys=0.00, real=0.01 secs] 
2015-10-30T15:53:18.816+0000: 4865.997: [GC (Allocation Failure) 4865.997: [ParNew: 35423K->2126K(36288K), 0.0040239 secs] 115619K->82885K(242952K), 0.0040995 secs] [Times: user=0.01 sys=0.00, real=0.01 secs] 
2015-10-30T15:53:18.841+0000: 4866.022: [GC (Allocation Failure) 4866.022: [ParNew: 34446K->2288K(36288K), 0.0028855 secs] 115205K->83047K(242952K), 0.0029442 secs] [Times: user=0.01 sys=0.00, real=0.00 secs] 
2015-10-30T15:53:18.880+0000: 4866.060: [GC (Allocation Failure) 4866.060: [ParNew: 33328K->3968K(36288K), 0.0254849 secs] 114087K->87943K(242952K), 0.0255698 secs] [Times: user=0.01 sys=0.00, real=0.03 secs] 
2015-10-30T15:53:18.906+0000: 4866.087: [GC (CMS Initial Mark) [1 CMS-initial-mark: 83975K(206664K)] 93269K(242952K), 0.0021100 secs] [Times: user=0.01 sys=0.00, real=0.00 secs] 
2015-10-30T15:53:18.908+0000: 4866.089: [CMS-concurrent-mark-start]
2015-10-30T15:53:18.948+0000: 4866.128: [CMS-concurrent-mark: 0.039/0.039 secs] [Times: user=0.08 sys=0.00, real=0.04 secs] 
2015-10-30T15:53:18.948+0000: 4866.128: [CMS-concurrent-preclean-start]
2015-10-30T15:53:18.949+0000: 4866.130: [CMS-concurrent-preclean: 0.002/0.002 secs] [Times: user=0.00 sys=0.00, real=0.00 secs] 
2015-10-30T15:53:18.949+0000: 4866.130: [CMS-concurrent-abortable-preclean-start]
2015-10-30T15:53:20.968+0000: 4868.149: [GC (Allocation Failure) 4868.149: [ParNew: 36288K->1764K(36288K), 0.0088870 secs] 120263K->90808K(242952K), 0.0089504 secs] [Times: user=0.02 sys=0.00, real=0.01 secs] 
2015-10-30T15:53:21.005+0000: 4868.185: [CMS-concurrent-abortable-preclean: 0.559/2.055 secs] [Times: user=0.74 sys=0.00, real=2.05 secs] 
2015-10-30T15:53:21.005+0000: 4868.185: [GC (CMS Final Remark) [YG occupancy: 18281 K (36288 K)]4868.185: [Rescan (parallel) , 0.0084446 secs]4868.194: [weak refs processing, 0.0000224 secs]4868.194: [class unloading, 0.0150751 secs]4868.209: [scrub symbol table, 0.0066801 secs]4868.216: [scrub string table, 0.0007456 secs][1 CMS-remark: 89043K(206664K)] 107325K(242952K), 0.0324241 secs] [Times: user=0.05 sys=0.00, real=0.04 secs] 
2015-10-30T15:53:21.037+0000: 4868.218: [CMS-concurrent-sweep-start]
2015-10-30T15:53:21.078+0000: 4868.259: [CMS-concurrent-sweep: 0.041/0.041 secs] [Times: user=0.08 sys=0.00, real=0.04 secs] 
2015-10-30T15:53:21.078+0000: 4868.259: [CMS-concurrent-reset-start]
2015-10-30T15:53:21.081+0000: 4868.261: [CMS-concurrent-reset: 0.002/0.002 secs] [Times: user=0.01 sys=0.00, real=0.00 secs] 
2015-10-30T15:53:28.590+0000: 4875.770: [GC (Allocation Failure) 4875.770: [ParNew: 34084K->3968K(36288K), 0.0063428 secs] 102411K->80635K(242952K), 0.0064315 secs] [Times: user=0.02 sys=0.00, real=0.00 secs] 
2015-10-30T15:53:28.624+0000: 4875.805: [GC (Allocation Failure) 4875.805: [ParNew: 36288K->3968K(36288K), 0.0087334 secs] 112955K->86842K(242952K), 0.0088122 secs] [Times: user=0.03 sys=0.00, real=0.01 secs] 
2015-10-30T15:53:28.658+0000: 4875.838: [GC (Allocation Failure) 4875.838: [ParNew: 36288K->3620K(36288K), 0.0051902 secs] 119162K->90403K(242952K), 0.0052564 secs] [Times: user=0.02 sys=0.00, real=0.00 secs] 
2015-10-30T15:53:28.685+0000: 4875.866: [GC (Allocation Failure) 4875.866: [ParNew: 35940K->2207K(36288K), 0.0024351 secs] 122723K->88990K(242952K), 0.0024855 secs] [Times: user=0.01 sys=0.00, real=0.00 secs] 
2015-10-30T15:53:28.715+0000: 4875.896: [GC (Allocation Failure) 4875.896: [ParNew: 34527K->3097K(36288K), 0.0040915 secs] 121310K->89881K(242952K), 0.0041540 secs] [Times: user=0.02 sys=0.00, real=0.01 secs] 
2015-10-30T15:53:28.745+0000: 4875.925: [GC (Allocation Failure) 4875.925: [ParNew: 35417K->3163K(36288K), 0.0047165 secs] 122201K->90673K(242952K), 0.0047812 secs] [Times: user=0.01 sys=0.00, real=0.01 secs] 
2015-10-30T15:53:28.773+0000: 4875.953: [GC (Allocation Failure) 4875.953: [ParNew: 35483K->3596K(36288K), 0.0041424 secs] 122993K->91784K(242952K), 0.0042153 secs] [Times: user=0.01 sys=0.00, real=0.01 secs] 
2015-10-30T15:53:28.797+0000: 4875.978: [GC (Allocation Failure) 4875.978: [ParNew: 35916K->2740K(36288K), 0.0032807 secs] 124104K->91462K(242952K), 0.0033382 secs] [Times: user=0.01 sys=0.00, real=0.00 secs] 
2015-10-30T15:53:28.821+0000: 4876.002: [GC (Allocation Failure) 4876.002: [ParNew: 35060K->2259K(36288K), 0.0024379 secs] 123782K->90981K(242952K), 0.0025083 secs] [Times: user=0.01 sys=0.00, real=0.00 secs] 
2015-10-30T15:53:28.853+0000: 4876.034: [GC (Allocation Failure) 4876.034: [ParNew: 32884K->2717K(36288K), 0.0033524 secs] 121606K->96757K(242952K), 0.0034222 secs] [Times: user=0.01 sys=0.00, real=0.00 secs] 
2015-10-30T15:53:28.858+0000: 4876.038: [GC (CMS Initial Mark) [1 CMS-initial-mark: 94039K(206664K)] 104734K(242952K), 0.0016893 secs] [Times: user=0.00 sys=0.00, real=0.00 secs] 
2015-10-30T15:53:28.860+0000: 4876.040: [CMS-concurrent-mark-start]
2015-10-30T15:53:28.898+0000: 4876.078: [CMS-concurrent-mark: 0.038/0.038 secs] [Times: user=0.08 sys=0.00, real=0.04 secs] 
2015-10-30T15:53:28.898+0000: 4876.078: [CMS-concurrent-preclean-start]
2015-10-30T15:53:28.900+0000: 4876.080: [CMS-concurrent-preclean: 0.002/0.002 secs] [Times: user=0.01 sys=0.00, real=0.00 secs] 
2015-10-30T15:53:28.900+0000: 4876.080: [CMS-concurrent-abortable-preclean-start]
 CMS: abort preclean due to time 2015-10-30T15:53:33.938+0000: 4881.118: [CMS-concurrent-abortable-preclean: 1.309/5.038 secs] [Times: user=1.40 sys=0.00, real=5.04 secs] 
2015-10-30T15:53:33.938+0000: 4881.119: [GC (CMS Final Remark) [YG occupancy: 19185 K (36288 K)]4881.119: [Rescan (parallel) , 0.0020591 secs]4881.121: [weak refs processing, 0.0000166 secs]4881.121: [class unloading, 0.0151207 secs]4881.136: [scrub symbol table, 0.0066017 secs]4881.142: [scrub string table, 0.0007396 secs][1 CMS-remark: 94039K(206664K)] 113225K(242952K), 0.0259514 secs] [Times: user=0.03 sys=0.00, real=0.02 secs] 
2015-10-30T15:53:33.964+0000: 4881.145: [CMS-concurrent-sweep-start]
2015-10-30T15:53:33.998+0000: 4881.178: [CMS-concurrent-sweep: 0.034/0.034 secs] [Times: user=0.04 sys=0.00, real=0.04 secs] 
2015-10-30T15:53:33.998+0000: 4881.178: [CMS-concurrent-reset-start]
2015-10-30T15:53:34.000+0000: 4881.181: [CMS-concurrent-reset: 0.002/0.002 secs] [Times: user=0.00 sys=0.00, real=0.00 secs] 
2015-10-30T15:53:36.000+0000: 4883.180: [GC (CMS Initial Mark) [1 CMS-initial-mark: 64960K(206664K)] 84398K(242952K), 0.0025613 secs] [Times: user=0.01 sys=0.00, real=0.00 secs] 
2015-10-30T15:53:36.003+0000: 4883.183: [CMS-concurrent-mark-start]
2015-10-30T15:53:36.041+0000: 4883.222: [CMS-concurrent-mark: 0.039/0.039 secs] [Times: user=0.04 sys=0.00, real=0.04 secs] 
2015-10-30T15:53:36.041+0000: 4883.222: [CMS-concurrent-preclean-start]
2015-10-30T15:53:36.044+0000: 4883.224: [CMS-concurrent-preclean: 0.002/0.002 secs] [Times: user=0.00 sys=0.00, real=0.00 secs] 
2015-10-30T15:53:36.044+0000: 4883.224: [CMS-concurrent-abortable-preclean-start]
2015-10-30T15:53:38.586+0000: 4885.766: [GC (Allocation Failure) 4885.767: [ParNew: 35037K->3968K(36288K), 0.0111010 secs] 99998K->81796K(242952K), 0.0111956 secs] [Times: user=0.04 sys=0.00, real=0.01 secs] 
2015-10-30T15:53:38.628+0000: 4885.809: [CMS-concurrent-abortable-preclean: 0.675/2.585 secs] [Times: user=0.81 sys=0.02, real=2.59 secs] 
2015-10-30T15:53:38.629+0000: 4885.810: [GC (CMS Final Remark) [YG occupancy: 26931 K (36288 K)]4885.810: [Rescan (parallel) , 0.0114954 secs]4885.821: [weak refs processing, 0.0000189 secs]4885.821: [class unloading, 0.0148051 secs]4885.836: [scrub symbol table, 0.0066574 secs]4885.843: [scrub string table, 0.0007449 secs][1 CMS-remark: 77828K(206664K)] 104759K(242952K), 0.0351609 secs] [Times: user=0.07 sys=0.00, real=0.03 secs] 
2015-10-30T15:53:38.665+0000: 4885.845: [CMS-concurrent-sweep-start]
2015-10-30T15:53:38.673+0000: 4885.853: [GC (Allocation Failure) 4885.853: [ParNew: 36288K->3968K(36288K), 0.0089600 secs] 114005K->89902K(242952K), 0.0090352 secs] [Times: user=0.03 sys=0.00, real=0.01 secs] 
2015-10-30T15:53:38.707+0000: 4885.887: [GC (Allocation Failure) 4885.887: [ParNew: 36288K->3179K(36288K), 0.0057191 secs] 121656K->92266K(242952K), 0.0057858 secs] [Times: user=0.02 sys=0.00, real=0.00 secs] 
2015-10-30T15:53:38.718+0000: 4885.898: [CMS-concurrent-sweep: 0.038/0.053 secs] [Times: user=0.18 sys=0.00, real=0.06 secs] 
2015-10-30T15:53:38.718+0000: 4885.898: [CMS-concurrent-reset-start]
2015-10-30T15:53:38.720+0000: 4885.901: [CMS-concurrent-reset: 0.003/0.003 secs] [Times: user=0.01 sys=0.00, real=0.00 secs] 
2015-10-30T15:53:38.733+0000: 4885.914: [GC (Allocation Failure) 4885.914: [ParNew: 35499K->2007K(36288K), 0.0024374 secs] 119266K->85774K(242952K), 0.0024897 secs] [Times: user=0.01 sys=0.00, real=0.00 secs] 
2015-10-30T15:53:38.753+0000: 4885.934: [GC (Allocation Failure) 4885.934: [ParNew: 34327K->2839K(36288K), 0.0036463 secs] 118094K->86605K(242952K), 0.0037012 secs] [Times: user=0.01 sys=0.01, real=0.00 secs] 
2015-10-30T15:53:38.779+0000: 4885.959: [GC (Allocation Failure) 4885.959: [ParNew: 35159K->2742K(36288K), 0.0043364 secs] 118925K->87294K(242952K), 0.0044001 secs] [Times: user=0.01 sys=0.00, real=0.00 secs] 
2015-10-30T15:53:38.805+0000: 4885.986: [GC (Allocation Failure) 4885.986: [ParNew: 35062K->3968K(36288K), 0.0041607 secs] 119614K->88519K(242952K), 0.0042209 secs] [Times: user=0.01 sys=0.00, real=0.00 secs] 
2015-10-30T15:53:38.829+0000: 4886.010: [GC (Allocation Failure) 4886.010: [ParNew: 36288K->3414K(36288K), 0.0043670 secs] 120839K->89197K(242952K), 0.0044427 secs] [Times: user=0.01 sys=0.00, real=0.00 secs] 
2015-10-30T15:53:38.857+0000: 4886.038: [GC (Allocation Failure) 4886.038: [ParNew: 35734K->2573K(36288K), 0.0024694 secs] 121517K->88356K(242952K), 0.0025258 secs] [Times: user=0.00 sys=0.00, real=0.00 secs] 
2015-10-30T15:53:38.890+0000: 4886.070: [GC (Allocation Failure) 4886.070: [ParNew: 33573K->2830K(36288K), 0.0033785 secs] 119356K->93931K(242952K), 0.0034507 secs] [Times: user=0.01 sys=0.00, real=0.00 secs] 
2015-10-30T15:53:38.894+0000: 4886.075: [GC (CMS Initial Mark) [1 CMS-initial-mark: 91100K(206664K)] 101907K(242952K), 0.0018845 secs] [Times: user=0.01 sys=0.00, real=0.00 secs] 
2015-10-30T15:53:38.896+0000: 4886.077: [CMS-concurrent-mark-start]
2015-10-30T15:53:38.933+0000: 4886.114: [CMS-concurrent-mark: 0.037/0.037 secs] [Times: user=0.07 sys=0.00, real=0.04 secs] 
2015-10-30T15:53:38.933+0000: 4886.114: [CMS-concurrent-preclean-start]
2015-10-30T15:53:38.935+0000: 4886.115: [CMS-concurrent-preclean: 0.002/0.002 secs] [Times: user=0.01 sys=0.00, real=0.00 secs] 
2015-10-30T15:53:38.935+0000: 4886.115: [CMS-concurrent-abortable-preclean-start]
 CMS: abort preclean due to time 2015-10-30T15:53:43.960+0000: 4891.141: [CMS-concurrent-abortable-preclean: 1.314/5.026 secs] [Times: user=1.40 sys=0.00, real=5.03 secs] 
2015-10-30T15:53:43.961+0000: 4891.141: [GC (CMS Final Remark) [YG occupancy: 19347 K (36288 K)]4891.141: [Rescan (parallel) , 0.0024457 secs]4891.144: [weak refs processing, 0.0000277 secs]4891.144: [class unloading, 0.0151705 secs]4891.159: [scrub symbol table, 0.0066111 secs]4891.165: [scrub string table, 0.0007509 secs][1 CMS-remark: 91100K(206664K)] 110447K(242952K), 0.0264207 secs] [Times: user=0.03 sys=0.00, real=0.03 secs] 
2015-10-30T15:53:43.987+0000: 4891.168: [CMS-concurrent-sweep-start]
2015-10-30T15:53:44.030+0000: 4891.210: [CMS-concurrent-sweep: 0.042/0.042 secs] [Times: user=0.05 sys=0.00, real=0.04 secs] 
2015-10-30T15:53:44.030+0000: 4891.210: [CMS-concurrent-reset-start]
2015-10-30T15:53:44.032+0000: 4891.213: [CMS-concurrent-reset: 0.002/0.002 secs] [Times: user=0.00 sys=0.00, real=0.00 secs] 
2015-10-30T15:53:46.032+0000: 4893.212: [GC (CMS Initial Mark) [1 CMS-initial-mark: 66230K(206664K)] 85881K(242952K), 0.0024736 secs] [Times: user=0.01 sys=0.00, real=0.00 secs] 
2015-10-30T15:53:46.034+0000: 4893.215: [CMS-concurrent-mark-start]
2015-10-30T15:53:46.071+0000: 4893.252: [CMS-concurrent-mark: 0.037/0.037 secs] [Times: user=0.04 sys=0.00, real=0.04 secs] 
2015-10-30T15:53:46.071+0000: 4893.252: [CMS-concurrent-preclean-start]
2015-10-30T15:53:46.074+0000: 4893.254: [CMS-concurrent-preclean: 0.002/0.002 secs] [Times: user=0.00 sys=0.00, real=0.00 secs] 
2015-10-30T15:53:46.074+0000: 4893.254: [CMS-concurrent-abortable-preclean-start]
2015-10-30T15:53:48.615+0000: 4895.795: [GC (Allocation Failure) 4895.795: [ParNew: 35150K->3968K(36288K), 0.0098191 secs] 101380K->82894K(242952K), 0.0099210 secs] [Times: user=0.02 sys=0.00, real=0.01 secs] 
2015-10-30T15:53:48.652+0000: 4895.832: [CMS-concurrent-abortable-preclean: 0.676/2.578 secs] [Times: user=0.82 sys=0.01, real=2.58 secs] 
2015-10-30T15:53:48.652+0000: 4895.832: [GC (CMS Final Remark) [YG occupancy: 29244 K (36288 K)]4895.832: [Rescan (parallel) , 0.0126634 secs]4895.845: [weak refs processing, 0.0000188 secs]4895.845: [class unloading, 0.0144916 secs]4895.860: [scrub symbol table, 0.0066376 secs]4895.866: [scrub string table, 0.0007509 secs][1 CMS-remark: 78926K(206664K)] 108171K(242952K), 0.0359852 secs] [Times: user=0.07 sys=0.00, real=0.04 secs] 
2015-10-30T15:53:48.688+0000: 4895.869: [CMS-concurrent-sweep-start]
2015-10-30T15:53:48.694+0000: 4895.874: [GC (Allocation Failure) 4895.874: [ParNew: 36288K->3968K(36288K), 0.0100727 secs] 115077K->90432K(242952K), 0.0101399 secs] [Times: user=0.04 sys=0.00, real=0.01 secs] 
2015-10-30T15:53:48.725+0000: 4895.906: [GC (Allocation Failure) 4895.906: [ParNew: 36288K->3653K(36288K), 0.0052684 secs] 121035K->92174K(242952K), 0.0053332 secs] [Times: user=0.01 sys=0.01, real=0.00 secs] 
2015-10-30T15:53:48.735+0000: 4895.915: [CMS-concurrent-sweep: 0.028/0.047 secs] [Times: user=0.16 sys=0.01, real=0.04 secs] 
2015-10-30T15:53:48.735+0000: 4895.915: [CMS-concurrent-reset-start]
2015-10-30T15:53:48.737+0000: 4895.918: [CMS-concurrent-reset: 0.003/0.003 secs] [Times: user=0.01 sys=0.00, real=0.01 secs] 
2015-10-30T15:53:48.752+0000: 4895.933: [GC (Allocation Failure) 4895.933: [ParNew: 35973K->2266K(36288K), 0.0024630 secs] 119087K->85379K(242952K), 0.0025167 secs] [Times: user=0.01 sys=0.00, real=0.00 secs] 
2015-10-30T15:53:48.777+0000: 4895.958: [GC (Allocation Failure) 4895.958: [ParNew: 34586K->3239K(36288K), 0.0036944 secs] 117699K->86353K(242952K), 0.0037593 secs] [Times: user=0.01 sys=0.00, real=0.00 secs] 
2015-10-30T15:53:48.803+0000: 4895.984: [GC (Allocation Failure) 4895.984: [ParNew: 35559K->2740K(36288K), 0.0042863 secs] 118673K->86633K(242952K), 0.0043584 secs] [Times: user=0.02 sys=0.00, real=0.01 secs] 
2015-10-30T15:53:48.826+0000: 4896.007: [GC (Allocation Failure) 4896.007: [ParNew: 35060K->3968K(36288K), 0.0037413 secs] 118953K->87861K(242952K), 0.0038086 secs] [Times: user=0.02 sys=0.00, real=0.00 secs] 
2015-10-30T15:53:48.848+0000: 4896.029: [GC (Allocation Failure) 4896.029: [ParNew: 36288K->3591K(36288K), 0.0049187 secs] 120181K->88726K(242952K), 0.0049786 secs] [Times: user=0.01 sys=0.00, real=0.00 secs] 
2015-10-30T15:53:48.877+0000: 4896.058: [GC (Allocation Failure) 4896.058: [ParNew: 35911K->2649K(36288K), 0.0042335 secs] 121046K->87784K(242952K), 0.0042940 secs] [Times: user=0.01 sys=0.00, real=0.00 secs] 
2015-10-30T15:53:48.912+0000: 4896.092: [GC (Allocation Failure) 4896.092: [ParNew: 34011K->3622K(36288K), 0.0029587 secs] 119146K->94075K(242952K), 0.0030340 secs] [Times: user=0.01 sys=0.00, real=0.00 secs] 
2015-10-30T15:53:48.916+0000: 4896.096: [GC (CMS Initial Mark) [1 CMS-initial-mark: 90453K(206664K)] 102051K(242952K), 0.0017155 secs] [Times: user=0.00 sys=0.00, real=0.01 secs] 
2015-10-30T15:53:48.918+0000: 4896.098: [CMS-concurrent-mark-start]
2015-10-30T15:53:48.974+0000: 4896.154: [CMS-concurrent-mark: 0.056/0.056 secs] [Times: user=0.12 sys=0.00, real=0.05 secs] 
2015-10-30T15:53:48.974+0000: 4896.154: [CMS-concurrent-preclean-start]
2015-10-30T15:53:48.976+0000: 4896.156: [CMS-concurrent-preclean: 0.002/0.002 secs] [Times: user=0.00 sys=0.00, real=0.00 secs] 
2015-10-30T15:53:48.976+0000: 4896.156: [CMS-concurrent-abortable-preclean-start]
 CMS: abort preclean due to time 2015-10-30T15:53:54.009+0000: 4901.190: [CMS-concurrent-abortable-preclean: 1.326/5.034 secs] [Times: user=1.43 sys=0.00, real=5.04 secs] 
2015-10-30T15:53:54.010+0000: 4901.190: [GC (CMS Final Remark) [YG occupancy: 20129 K (36288 K)]4901.190: [Rescan (parallel) , 0.0020147 secs]4901.192: [weak refs processing, 0.0000223 secs]4901.192: [class unloading, 0.0152070 secs]4901.207: [scrub symbol table, 0.0067708 secs]4901.214: [scrub string table, 0.0007523 secs][1 CMS-remark: 90453K(206664K)] 110582K(242952K), 0.0262505 secs] [Times: user=0.03 sys=0.00, real=0.02 secs] 
2015-10-30T15:53:54.036+0000: 4901.217: [CMS-concurrent-sweep-start]
2015-10-30T15:53:54.061+0000: 4901.242: [CMS-concurrent-sweep: 0.025/0.025 secs] [Times: user=0.03 sys=0.00, real=0.03 secs] 
2015-10-30T15:53:54.061+0000: 4901.242: [CMS-concurrent-reset-start]
2015-10-30T15:53:54.064+0000: 4901.244: [CMS-concurrent-reset: 0.002/0.002 secs] [Times: user=0.00 sys=0.00, real=0.00 secs] 
2015-10-30T15:53:56.064+0000: 4903.244: [GC (CMS Initial Mark) [1 CMS-initial-mark: 66219K(206664K)] 86599K(242952K), 0.0025161 secs] [Times: user=0.01 sys=0.00, real=0.01 secs] 
2015-10-30T15:53:56.066+0000: 4903.247: [CMS-concurrent-mark-start]
2015-10-30T15:53:56.104+0000: 4903.284: [CMS-concurrent-mark: 0.037/0.037 secs] [Times: user=0.03 sys=0.00, real=0.03 secs] 
2015-10-30T15:53:56.104+0000: 4903.284: [CMS-concurrent-preclean-start]
2015-10-30T15:53:56.106+0000: 4903.286: [CMS-concurrent-preclean: 0.002/0.002 secs] [Times: user=0.01 sys=0.00, real=0.01 secs] 
2015-10-30T15:53:56.106+0000: 4903.286: [CMS-concurrent-abortable-preclean-start]
2015-10-30T15:53:58.647+0000: 4905.828: [GC (Allocation Failure) 4905.828: [ParNew: 35942K->3968K(36288K), 0.0107509 secs] 102161K->83164K(242952K), 0.0108451 secs] [Times: user=0.04 sys=0.00, real=0.01 secs] 
2015-10-30T15:53:58.683+0000: 4905.863: [CMS-concurrent-abortable-preclean: 0.651/2.577 secs] [Times: user=0.79 sys=0.00, real=2.57 secs] 
2015-10-30T15:53:58.685+0000: 4905.866: [GC (CMS Final Remark) [YG occupancy: 33103 K (36288 K)]4905.866: [Rescan (parallel) , 0.0284822 secs]4905.894: [weak refs processing, 0.0000182 secs]4905.894: [class unloading, 0.0148080 secs]4905.909: [scrub symbol table, 0.0066071 secs]4905.916: [scrub string table, 0.0007423 secs][1 CMS-remark: 79196K(206664K)] 112299K(242952K), 0.0520765 secs] [Times: user=0.11 sys=0.00, real=0.05 secs] 
2015-10-30T15:53:58.738+0000: 4905.918: [CMS-concurrent-sweep-start]
2015-10-30T15:53:58.740+0000: 4905.921: [GC (Allocation Failure) 4905.921: [ParNew: 36288K->3968K(36288K), 0.0097879 secs] 115483K->90710K(242952K), 0.0098537 secs] [Times: user=0.04 sys=0.00, real=0.01 secs] 
2015-10-30T15:53:58.772+0000: 4905.952: [CMS-concurrent-sweep: 0.024/0.034 secs] [Times: user=0.13 sys=0.00, real=0.03 secs] 
2015-10-30T15:53:58.773+0000: 4905.954: [GC (Allocation Failure) 4905.954: [ParNew: 36288K->3362K(36288K), 0.0052466 secs] 117612K->88568K(242952K), 0.0053028 secs] [Times: user=0.02 sys=0.00, real=0.01 secs] 
2015-10-30T15:53:58.779+0000: 4905.959: [CMS-concurrent-reset-start]
2015-10-30T15:53:58.781+0000: 4905.962: [CMS-concurrent-reset: 0.003/0.003 secs] [Times: user=0.01 sys=0.00, real=0.00 secs] 
2015-10-30T15:53:58.798+0000: 4905.978: [GC (Allocation Failure) 4905.978: [ParNew: 35682K->2133K(36288K), 0.0027301 secs] 120888K->87339K(242952K), 0.0027864 secs] [Times: user=0.01 sys=0.00, real=0.00 secs] 
2015-10-30T15:53:58.818+0000: 4905.998: [GC (Allocation Failure) 4905.998: [ParNew: 34453K->3247K(36288K), 0.0033020 secs] 119659K->88454K(242952K), 0.0033609 secs] [Times: user=0.01 sys=0.00, real=0.00 secs] 
2015-10-30T15:53:58.845+0000: 4906.026: [GC (Allocation Failure) 4906.026: [ParNew: 35567K->3968K(36288K), 0.0053631 secs] 120774K->89960K(242952K), 0.0054388 secs] [Times: user=0.01 sys=0.00, real=0.00 secs] 
2015-10-30T15:53:58.873+0000: 4906.053: [GC (Allocation Failure) 4906.053: [ParNew: 36288K->3044K(36288K), 0.0045663 secs] 122280K->89747K(242952K), 0.0046273 secs] [Times: user=0.02 sys=0.00, real=0.01 secs] 
2015-10-30T15:53:58.895+0000: 4906.076: [GC (Allocation Failure) 4906.076: [ParNew: 35364K->2735K(36288K), 0.0037370 secs] 122067K->90046K(242952K), 0.0037922 secs] [Times: user=0.02 sys=0.00, real=0.01 secs] 
2015-10-30T15:53:58.918+0000: 4906.098: [GC (Allocation Failure) 4906.098: [ParNew: 35055K->2241K(36288K), 0.0025065 secs] 122366K->89552K(242952K), 0.0025697 secs] [Times: user=0.01 sys=0.00, real=0.00 secs] 
2015-10-30T15:53:58.951+0000: 4906.131: [GC (Allocation Failure) 4906.131: [ParNew: 30793K->3968K(36288K), 0.0041513 secs] 118104K->99478K(242952K), 0.0042467 secs] [Times: user=0.01 sys=0.00, real=0.00 secs] 
2015-10-30T15:53:58.956+0000: 4906.137: [GC (CMS Initial Mark) [1 CMS-initial-mark: 95510K(206664K)] 104796K(242952K), 0.0019383 secs] [Times: user=0.00 sys=0.00, real=0.01 secs] 
2015-10-30T15:53:58.958+0000: 4906.139: [CMS-concurrent-mark-start]
2015-10-30T15:53:59.014+0000: 4906.195: [CMS-concurrent-mark: 0.056/0.056 secs] [Times: user=0.11 sys=0.00, real=0.05 secs] 
2015-10-30T15:53:59.014+0000: 4906.195: [CMS-concurrent-preclean-start]
2015-10-30T15:53:59.016+0000: 4906.197: [CMS-concurrent-preclean: 0.002/0.002 secs] [Times: user=0.01 sys=0.00, real=0.00 secs] 
2015-10-30T15:53:59.016+0000: 4906.197: [CMS-concurrent-abortable-preclean-start]
2015-10-30T15:54:00.049+0000: 4907.229: [GC (Allocation Failure) 4907.229: [ParNew: 35886K->3968K(36288K), 0.0061550 secs] 131397K->101566K(242952K), 0.0062305 secs] [Times: user=0.02 sys=0.00, real=0.00 secs] 
2015-10-30T15:54:00.079+0000: 4907.259: [CMS-concurrent-abortable-preclean: 0.241/1.062 secs] [Times: user=0.48 sys=0.03, real=1.07 secs] 
2015-10-30T15:54:00.081+0000: 4907.262: [GC (CMS Final Remark) [YG occupancy: 33674 K (36288 K)]4907.262: [Rescan (parallel) , 0.0107209 secs]4907.273: [weak refs processing, 0.0000275 secs]4907.273: [class unloading, 0.0152030 secs]4907.288: [scrub symbol table, 0.0069259 secs]4907.295: [scrub string table, 0.0007577 secs][1 CMS-remark: 97598K(206664K)] 131272K(242952K), 0.0351613 secs] [Times: user=0.06 sys=0.00, real=0.03 secs] 
2015-10-30T15:54:00.117+0000: 4907.297: [CMS-concurrent-sweep-start]
2015-10-30T15:54:00.120+0000: 4907.300: [GC (Allocation Failure) 4907.300: [ParNew: 36288K->3968K(36288K), 0.0122379 secs] 133886K->117752K(242952K), 0.0123199 secs] [Times: user=0.04 sys=0.00, real=0.01 secs] 
2015-10-30T15:54:00.151+0000: 4907.332: [GC (Allocation Failure) 4907.332: [ParNew: 36288K->3968K(36288K), 0.0190185 secs] 144232K->124205K(242952K), 0.0191101 secs] [Times: user=0.07 sys=0.00, real=0.02 secs] 
2015-10-30T15:54:00.204+0000: 4907.385: [GC (Allocation Failure) 4907.385: [ParNew: 36288K->3968K(36288K), 0.0194051 secs] 146076K->123555K(242952K), 0.0194931 secs] [Times: user=0.07 sys=0.00, real=0.02 secs] 
2015-10-30T15:54:00.254+0000: 4907.435: [GC (Allocation Failure) 4907.435: [ParNew: 36288K->3968K(36288K), 0.0115554 secs] 151373K->122330K(242952K), 0.0116430 secs] [Times: user=0.04 sys=0.00, real=0.02 secs] 
2015-10-30T15:54:00.283+0000: 4907.464: [CMS-concurrent-sweep: 0.101/0.166 secs] [Times: user=0.59 sys=0.00, real=0.17 secs] 
2015-10-30T15:54:00.283+0000: 4907.464: [CMS-concurrent-reset-start]
2015-10-30T15:54:00.286+0000: 4907.466: [CMS-concurrent-reset: 0.003/0.003 secs] [Times: user=0.02 sys=0.00, real=0.01 secs] 
2015-10-30T15:54:00.293+0000: 4907.474: [GC (Allocation Failure) 4907.474: [ParNew: 36288K->3314K(36288K), 0.0074616 secs] 141814K->111498K(242952K), 0.0075289 secs] [Times: user=0.02 sys=0.00, real=0.01 secs] 
2015-10-30T15:54:00.317+0000: 4907.498: [GC (CMS Initial Mark) [1 CMS-initial-mark: 108183K(206664K)] 135682K(242952K), 0.0148474 secs] [Times: user=0.05 sys=0.00, real=0.01 secs] 
2015-10-30T15:54:00.332+0000: 4907.513: [CMS-concurrent-mark-start]
2015-10-30T15:54:00.337+0000: 4907.518: [GC (Allocation Failure) 4907.518: [ParNew: 35634K->2955K(36288K), 0.0034840 secs] 143818K->111775K(242952K), 0.0035307 secs] [Times: user=0.01 sys=0.00, real=0.00 secs] 
2015-10-30T15:54:00.356+0000: 4907.536: [GC (Allocation Failure) 4907.536: [ParNew: 35275K->2582K(36288K), 0.0028650 secs] 144095K->111402K(242952K), 0.0029244 secs] [Times: user=0.01 sys=0.00, real=0.01 secs] 
2015-10-30T15:54:00.377+0000: 4907.558: [GC (Allocation Failure) 4907.558: [ParNew: 34902K->3968K(36288K), 0.0058802 secs] 143722K->114479K(242952K), 0.0059393 secs] [Times: user=0.02 sys=0.00, real=0.00 secs] 
2015-10-30T15:54:00.417+0000: 4907.597: [GC (Allocation Failure) 4907.597: [ParNew: 36288K->3968K(36288K), 0.0055204 secs] 146812K->116857K(242952K), 0.0055780 secs] [Times: user=0.02 sys=0.00, real=0.01 secs] 
2015-10-30T15:54:00.425+0000: 4907.606: [GC (GCLocker Initiated GC) 4907.606: [ParNew: 7236K->1503K(36288K), 0.0042832 secs] 120126K->117594K(242952K), 0.0043180 secs] [Times: user=0.02 sys=0.00, real=0.00 secs] 
2015-10-30T15:54:00.477+0000: 4907.657: [CMS-concurrent-mark: 0.115/0.144 secs] [Times: user=0.47 sys=0.03, real=0.14 secs] 
2015-10-30T15:54:00.477+0000: 4907.657: [CMS-concurrent-preclean-start]
2015-10-30T15:54:00.482+0000: 4907.663: [CMS-concurrent-preclean: 0.005/0.006 secs] [Times: user=0.00 sys=0.00, real=0.01 secs] 
2015-10-30T15:54:00.483+0000: 4907.663: [CMS-concurrent-abortable-preclean-start]
2015-10-30T15:54:02.835+0000: 4910.015: [GC (Allocation Failure) 4910.015: [ParNew: 33823K->3568K(36288K), 0.0029799 secs] 149914K->119660K(242952K), 0.0030516 secs] [Times: user=0.01 sys=0.00, real=0.01 secs] 
2015-10-30T15:54:02.873+0000: 4910.054: [GC (Allocation Failure) 4910.054: [ParNew: 35888K->3307K(36288K), 0.0064643 secs] 151980K->122176K(242952K), 0.0065427 secs] [Times: user=0.02 sys=0.00, real=0.01 secs] 
2015-10-30T15:54:02.912+0000: 4910.093: [CMS-concurrent-abortable-preclean: 0.184/2.430 secs] [Times: user=0.46 sys=0.02, real=2.43 secs] 
2015-10-30T15:54:02.916+0000: 4910.096: [GC (CMS Final Remark) [YG occupancy: 35392 K (36288 K)]4910.096: [Rescan (parallel) , 0.0133748 secs]4910.109: [weak refs processing, 0.0000253 secs]4910.109: [class unloading, 0.0150556 secs]4910.125: [scrub symbol table, 0.0066881 secs]4910.131: [scrub string table, 0.0007634 secs][1 CMS-remark: 118868K(206664K)] 154260K(242952K), 0.0373970 secs] [Times: user=0.07 sys=0.00, real=0.04 secs] 
2015-10-30T15:54:02.953+0000: 4910.134: [CMS-concurrent-sweep-start]
2015-10-30T15:54:02.954+0000: 4910.135: [GC (Allocation Failure) 4910.135: [ParNew: 35619K->3460K(36288K), 0.0044878 secs] 154402K->123328K(242952K), 0.0045583 secs] [Times: user=0.01 sys=0.00, real=0.01 secs] 
2015-10-30T15:54:03.000+0000: 4910.181: [CMS-concurrent-sweep: 0.042/0.047 secs] [Times: user=0.11 sys=0.01, real=0.05 secs] 
2015-10-30T15:54:03.000+0000: 4910.181: [CMS-concurrent-reset-start]
2015-10-30T15:54:03.003+0000: 4910.183: [CMS-concurrent-reset: 0.002/0.002 secs] [Times: user=0.00 sys=0.00, real=0.00 secs] 
2015-10-30T15:54:03.081+0000: 4910.262: [GC (Allocation Failure) 4910.262: [ParNew: 36288K->3967K(36288K), 0.0062964 secs] 121909K->90243K(242952K), 0.0063706 secs] [Times: user=0.02 sys=0.00, real=0.01 secs] 
2015-10-30T15:54:03.089+0000: 4910.270: [GC (GCLocker Initiated GC) 4910.270: [ParNew: 5674K->3188K(36288K), 0.0138485 secs] 91949K->93354K(242952K), 0.0139139 secs] [Times: user=0.04 sys=0.00, real=0.01 secs] 
2015-10-30T15:54:07.791+0000: 4914.971: [GC (Allocation Failure) 4914.971: [ParNew: 35508K->3696K(36288K), 0.0043631 secs] 125674K->93861K(242952K), 0.0044411 secs] [Times: user=0.02 sys=0.00, real=0.00 secs] 
2015-10-30T15:54:08.648+0000: 4915.829: [GC (Allocation Failure) 4915.829: [ParNew: 36016K->3968K(36288K), 0.0197752 secs] 126181K->109212K(242952K), 0.0198616 secs] [Times: user=0.07 sys=0.00, real=0.02 secs] 
2015-10-30T15:54:08.686+0000: 4915.867: [GC (Allocation Failure) 4915.867: [ParNew: 36288K->3573K(36288K), 0.0070802 secs] 141532K->112637K(242952K), 0.0071665 secs] [Times: user=0.02 sys=0.00, real=0.00 secs] 
2015-10-30T15:54:08.711+0000: 4915.891: [GC (Allocation Failure) 4915.891: [ParNew: 35893K->2370K(36288K), 0.0028185 secs] 144957K->111433K(242952K), 0.0028802 secs] [Times: user=0.01 sys=0.00, real=0.00 secs] 
2015-10-30T15:54:08.733+0000: 4915.914: [GC (Allocation Failure) 4915.914: [ParNew: 34690K->3224K(36288K), 0.0033285 secs] 143753K->112288K(242952K), 0.0033858 secs] [Times: user=0.01 sys=0.00, real=0.00 secs] 
2015-10-30T15:54:08.755+0000: 4915.935: [GC (Allocation Failure) 4915.935: [ParNew: 35544K->2877K(36288K), 0.0044238 secs] 144608K->112762K(242952K), 0.0044784 secs] [Times: user=0.02 sys=0.00, real=0.01 secs] 
2015-10-30T15:54:08.779+0000: 4915.960: [GC (Allocation Failure) 4915.960: [ParNew: 35197K->3164K(36288K), 0.0040071 secs] 145082K->113757K(242952K), 0.0040752 secs] [Times: user=0.02 sys=0.00, real=0.00 secs] 
2015-10-30T15:54:08.801+0000: 4915.982: [GC (Allocation Failure) 4915.982: [ParNew: 35484K->3968K(36288K), 0.0031154 secs] 146077K->114561K(242952K), 0.0031789 secs] [Times: user=0.01 sys=0.00, real=0.00 secs] 
2015-10-30T15:54:08.825+0000: 4916.006: [GC (Allocation Failure) 4916.006: [ParNew: 36288K->2384K(36288K), 0.0038131 secs] 146881K->113602K(242952K), 0.0038795 secs] [Times: user=0.01 sys=0.00, real=0.00 secs] 
2015-10-30T15:54:08.855+0000: 4916.036: [GC (Allocation Failure) 4916.036: [ParNew: 34279K->3968K(36288K), 0.0031892 secs] 145497K->115243K(242952K), 0.0032512 secs] [Times: user=0.01 sys=0.00, real=0.01 secs] 
2015-10-30T15:54:17.792+0000: 4924.973: [GC (Allocation Failure) 4924.973: [ParNew: 36274K->2311K(36288K), 0.0051359 secs] 147550K->118217K(242952K), 0.0052076 secs] [Times: user=0.02 sys=0.00, real=0.01 secs] 
2015-10-30T15:54:18.658+0000: 4925.839: [GC (Allocation Failure) 4925.839: [ParNew: 34631K->3968K(36288K), 0.0140043 secs] 150537K->131645K(242952K), 0.0140843 secs] [Times: user=0.05 sys=0.00, real=0.01 secs] 
2015-10-30T15:54:18.692+0000: 4925.873: [GC (Allocation Failure) 4925.873: [ParNew: 36288K->2255K(36288K), 0.0047912 secs] 163965K->133765K(242952K), 0.0048578 secs] [Times: user=0.01 sys=0.00, real=0.00 secs] 
2015-10-30T15:54:18.717+0000: 4925.898: [GC (Allocation Failure) 4925.898: [ParNew: 34575K->2109K(36288K), 0.0027513 secs] 166085K->133618K(242952K), 0.0028033 secs] [Times: user=0.01 sys=0.00, real=0.00 secs] 
2015-10-30T15:54:18.741+0000: 4925.922: [GC (Allocation Failure) 4925.922: [ParNew: 34429K->3164K(36288K), 0.0030502 secs] 165938K->134674K(242952K), 0.0031060 secs] [Times: user=0.01 sys=0.00, real=0.00 secs] 
2015-10-30T15:54:18.765+0000: 4925.946: [GC (Allocation Failure) 4925.946: [ParNew: 35484K->3132K(36288K), 0.0044118 secs] 166994K->135437K(242952K), 0.0044633 secs] [Times: user=0.02 sys=0.00, real=0.00 secs] 
2015-10-30T15:54:18.789+0000: 4925.970: [GC (Allocation Failure) 4925.970: [ParNew: 35452K->3185K(36288K), 0.0038694 secs] 167757K->136161K(242952K), 0.0039296 secs] [Times: user=0.02 sys=0.00, real=0.00 secs] 
2015-10-30T15:54:18.813+0000: 4925.994: [GC (Allocation Failure) 4925.994: [ParNew: 35505K->3059K(36288K), 0.0041100 secs] 168481K->136678K(242952K), 0.0041723 secs] [Times: user=0.01 sys=0.00, real=0.01 secs] 
2015-10-30T15:54:18.837+0000: 4926.018: [GC (Allocation Failure) 4926.018: [ParNew: 35379K->2354K(36288K), 0.0025837 secs] 168998K->135973K(242952K), 0.0026495 secs] [Times: user=0.01 sys=0.00, real=0.00 secs] 
2015-10-30T15:54:18.870+0000: 4926.050: [GC (Allocation Failure) 4926.050: [ParNew: 34538K->3968K(36288K), 0.0039945 secs] 168157K->138692K(242952K), 0.0040588 secs] [Times: user=0.01 sys=0.00, real=0.00 secs] 
2015-10-30T15:54:28.574+0000: 4935.754: [GC (Allocation Failure) 4935.754: [ParNew: 36250K->1982K(36288K), 0.0044973 secs] 170974K->140874K(242952K), 0.0045777 secs] [Times: user=0.02 sys=0.00, real=0.01 secs] 
2015-10-30T15:54:28.619+0000: 4935.800: [GC (Allocation Failure) 4935.800: [ParNew: 34302K->3968K(36288K), 0.0140207 secs] 173194K->154581K(242952K), 0.0141000 secs] [Times: user=0.05 sys=0.00, real=0.01 secs] 
2015-10-30T15:54:28.652+0000: 4935.833: [GC (Allocation Failure) 4935.833: [ParNew: 36288K->1711K(36288K), 0.0038442 secs] 186901K->156168K(242952K), 0.0039017 secs] [Times: user=0.01 sys=0.00, real=0.00 secs] 
2015-10-30T15:54:28.674+0000: 4935.855: [GC (Allocation Failure) 4935.855: [ParNew: 34031K->1961K(36288K), 0.0025407 secs] 188488K->156417K(242952K), 0.0026008 secs] [Times: user=0.01 sys=0.00, real=0.00 secs] 
2015-10-30T15:54:28.697+0000: 4935.878: [GC (Allocation Failure) 4935.878: [ParNew: 34281K->2652K(36288K), 0.0028956 secs] 188737K->157109K(242952K), 0.0029437 secs] [Times: user=0.01 sys=0.00, real=0.00 secs] 
2015-10-30T15:54:28.728+0000: 4935.909: [GC (Allocation Failure) 4935.909: [ParNew: 34972K->2872K(36288K), 0.0081783 secs] 189429K->158085K(242952K), 0.0082421 secs] [Times: user=0.01 sys=0.00, real=0.00 secs] 
2015-10-30T15:54:28.773+0000: 4935.953: [GC (Allocation Failure) 4935.953: [ParNew: 35192K->3956K(36288K), 0.0053035 secs] 190405K->159892K(242952K), 0.0053727 secs] [Times: user=0.02 sys=0.00, real=0.01 secs] 
2015-10-30T15:54:28.796+0000: 4935.977: [GC (Allocation Failure) 4935.977: [ParNew: 36276K->1917K(36288K), 0.0045902 secs] 192212K->158953K(242952K), 0.0046510 secs] [Times: user=0.01 sys=0.00, real=0.01 secs] 
2015-10-30T15:54:28.820+0000: 4936.000: [GC (Allocation Failure) 4936.000: [ParNew: 34237K->2073K(36288K), 0.0025511 secs] 191273K->159109K(242952K), 0.0026125 secs] [Times: user=0.00 sys=0.00, real=0.00 secs] 
2015-10-30T15:54:28.855+0000: 4936.035: [GC (Allocation Failure) 4936.035: [ParNew: 34068K->3968K(36288K), 0.0026339 secs] 191104K->163054K(242952K), 0.0026952 secs] [Times: user=0.01 sys=0.00, real=0.01 secs] 
2015-10-30T15:54:28.858+0000: 4936.038: [GC (CMS Initial Mark) [1 CMS-initial-mark: 159086K(206664K)] 163566K(242952K), 0.0016547 secs] [Times: user=0.01 sys=0.00, real=0.00 secs] 
2015-10-30T15:54:28.859+0000: 4936.040: [CMS-concurrent-mark-start]
2015-10-30T15:54:28.896+0000: 4936.077: [CMS-concurrent-mark: 0.037/0.037 secs] [Times: user=0.07 sys=0.00, real=0.03 secs] 
2015-10-30T15:54:28.896+0000: 4936.077: [CMS-concurrent-preclean-start]
2015-10-30T15:54:28.898+0000: 4936.078: [CMS-concurrent-preclean: 0.001/0.001 secs] [Times: user=0.00 sys=0.00, real=0.01 secs] 
2015-10-30T15:54:28.898+0000: 4936.078: [CMS-concurrent-abortable-preclean-start]
2015-10-30T15:54:33.594+0000: 4940.774: [GC (Allocation Failure) 4940.774: [ParNew: 36277K->3968K(36288K), 0.0066290 secs] 195364K->168699K(242952K), 0.0067172 secs] [Times: user=0.02 sys=0.00, real=0.01 secs] 
2015-10-30T15:54:33.637+0000: 4940.817: [GC (Allocation Failure) 4940.817: [ParNew: 36288K->3968K(36288K), 0.0140742 secs] 201019K->181114K(242952K), 0.0141621 secs] [Times: user=0.05 sys=0.00, real=0.02 secs] 
2015-10-30T15:54:33.673+0000: 4940.853: [GC (Allocation Failure) 4940.853: [ParNew: 36288K->3432K(36288K), 0.0057597 secs] 213434K->184481K(242952K), 0.0058331 secs] [Times: user=0.02 sys=0.00, real=0.01 secs] 
2015-10-30T15:54:33.691+0000: 4940.871: [CMS-concurrent-abortable-preclean: 1.228/4.793 secs] [Times: user=1.57 sys=0.00, real=4.79 secs] 
2015-10-30T15:54:33.693+0000: 4940.874: [GC (CMS Final Remark) [YG occupancy: 20932 K (36288 K)]4940.874: [Rescan (parallel) , 0.0111921 secs]4940.885: [weak refs processing, 0.0000218 secs]4940.885: [class unloading, 0.0150499 secs]4940.900: [scrub symbol table, 0.0066648 secs]4940.907: [scrub string table, 0.0007469 secs][1 CMS-remark: 181049K(206664K)] 201982K(242952K), 0.0350931 secs] [Times: user=0.07 sys=0.00, real=0.04 secs] 
2015-10-30T15:54:33.729+0000: 4940.909: [CMS-concurrent-sweep-start]
2015-10-30T15:54:33.737+0000: 4940.917: [GC (Allocation Failure) 4940.917: [ParNew: 35752K->1858K(36288K), 0.0024613 secs] 216692K->182798K(242952K), 0.0025091 secs] [Times: user=0.01 sys=0.00, real=0.01 secs] 
2015-10-30T15:54:33.760+0000: 4940.940: [GC (Allocation Failure) 4940.940: [ParNew: 34178K->3152K(36288K), 0.0031709 secs] 203753K->172727K(242952K), 0.0032239 secs] [Times: user=0.02 sys=0.00, real=0.00 secs] 
2015-10-30T15:54:33.793+0000: 4940.974: [GC (Allocation Failure) 4940.974: [ParNew: 35472K->2901K(36288K), 0.0043455 secs] 180704K->148947K(242952K), 0.0044038 secs] [Times: user=0.01 sys=0.00, real=0.01 secs] 
2015-10-30T15:54:33.823+0000: 4941.003: [GC (Allocation Failure) 4941.003: [ParNew: 35221K->3185K(36288K), 0.0042393 secs] 161733K->130401K(242952K), 0.0042998 secs] [Times: user=0.02 sys=0.00, real=0.01 secs] 
2015-10-30T15:54:33.853+0000: 4941.034: [GC (Allocation Failure) 4941.034: [ParNew: 35505K->2684K(36288K), 0.0040312 secs] 156317K->124078K(242952K), 0.0040913 secs] [Times: user=0.01 sys=0.00, real=0.01 secs] 
2015-10-30T15:54:33.885+0000: 4941.066: [GC (Allocation Failure) 4941.066: [ParNew: 35004K->2261K(36288K), 0.0029592 secs] 140205K->107462K(242952K), 0.0030171 secs] [Times: user=0.01 sys=0.00, real=0.00 secs] 
2015-10-30T15:54:33.908+0000: 4941.088: [CMS-concurrent-sweep: 0.142/0.179 secs] [Times: user=0.62 sys=0.01, real=0.18 secs] 
2015-10-30T15:54:33.908+0000: 4941.088: [CMS-concurrent-reset-start]
2015-10-30T15:54:33.910+0000: 4941.091: [CMS-concurrent-reset: 0.002/0.002 secs] [Times: user=0.01 sys=0.00, real=0.00 secs] 
2015-10-30T15:54:33.926+0000: 4941.106: [GC (Allocation Failure) 4941.106: [ParNew: 31816K->3968K(36288K), 0.0031042 secs] 120110K->95470K(242952K), 0.0031585 secs] [Times: user=0.01 sys=0.00, real=0.00 secs] 
2015-10-30T15:54:33.930+0000: 4941.110: [GC (CMS Initial Mark) [1 CMS-initial-mark: 91502K(206664K)] 100790K(242952K), 0.0017348 secs] [Times: user=0.00 sys=0.00, real=0.00 secs] 
2015-10-30T15:54:33.932+0000: 4941.112: [CMS-concurrent-mark-start]
2015-10-30T15:54:33.988+0000: 4941.169: [CMS-concurrent-mark: 0.056/0.056 secs] [Times: user=0.11 sys=0.00, real=0.06 secs] 
2015-10-30T15:54:33.988+0000: 4941.169: [CMS-concurrent-preclean-start]
2015-10-30T15:54:33.990+0000: 4941.170: [CMS-concurrent-preclean: 0.002/0.002 secs] [Times: user=0.01 sys=0.00, real=0.00 secs] 
2015-10-30T15:54:33.990+0000: 4941.170: [CMS-concurrent-abortable-preclean-start]
 CMS: abort preclean due to time 2015-10-30T15:54:39.024+0000: 4946.205: [CMS-concurrent-abortable-preclean: 1.311/5.034 secs] [Times: user=1.40 sys=0.00, real=5.03 secs] 
2015-10-30T15:54:39.024+0000: 4946.205: [GC (CMS Final Remark) [YG occupancy: 32294 K (36288 K)]4946.205: [Rescan (parallel) , 0.0026646 secs]4946.208: [weak refs processing, 0.0000223 secs]4946.208: [class unloading, 0.0146607 secs]4946.222: [scrub symbol table, 0.0066353 secs]4946.229: [scrub string table, 0.0007569 secs][1 CMS-remark: 91502K(206664K)] 123797K(242952K), 0.0261677 secs] [Times: user=0.04 sys=0.00, real=0.03 secs] 
2015-10-30T15:54:39.051+0000: 4946.231: [CMS-concurrent-sweep-start]
2015-10-30T15:54:39.155+0000: 4946.335: [CMS-concurrent-sweep: 0.104/0.104 secs] [Times: user=0.10 sys=0.00, real=0.10 secs] 
2015-10-30T15:54:39.155+0000: 4946.335: [CMS-concurrent-reset-start]
2015-10-30T15:54:39.157+0000: 4946.338: [CMS-concurrent-reset: 0.002/0.002 secs] [Times: user=0.00 sys=0.00, real=0.01 secs] 
2015-10-30T15:54:41.157+0000: 4948.337: [GC (CMS Initial Mark) [1 CMS-initial-mark: 64961K(206664K)] 97453K(242952K), 0.0028444 secs] [Times: user=0.01 sys=0.00, real=0.01 secs] 
2015-10-30T15:54:41.160+0000: 4948.340: [CMS-concurrent-mark-start]
2015-10-30T15:54:41.197+0000: 4948.377: [CMS-concurrent-mark: 0.037/0.037 secs] [Times: user=0.04 sys=0.00, real=0.03 secs] 
2015-10-30T15:54:41.197+0000: 4948.377: [CMS-concurrent-preclean-start]
2015-10-30T15:54:41.199+0000: 4948.379: [CMS-concurrent-preclean: 0.002/0.002 secs] [Times: user=0.00 sys=0.00, real=0.01 secs] 
2015-10-30T15:54:41.199+0000: 4948.379: [CMS-concurrent-abortable-preclean-start]
2015-10-30T15:54:43.600+0000: 4950.780: [GC (Allocation Failure) 4950.780: [ParNew: 36288K->3968K(36288K), 0.0053597 secs] 101249K->74032K(242952K), 0.0054337 secs] [Times: user=0.02 sys=0.00, real=0.00 secs] 
2015-10-30T15:54:43.648+0000: 4950.828: [GC (Allocation Failure) 4950.828: [ParNew: 36288K->3968K(36288K), 0.0134669 secs] 106352K->85280K(242952K), 0.0135487 secs] [Times: user=0.05 sys=0.00, real=0.01 secs] 
2015-10-30T15:54:43.685+0000: 4950.866: [GC (Allocation Failure) 4950.866: [ParNew: 36288K->3383K(36288K), 0.0050512 secs] 117600K->88406K(242952K), 0.0051067 secs] [Times: user=0.02 sys=0.00, real=0.00 secs] 
2015-10-30T15:54:43.713+0000: 4950.893: [CMS-concurrent-abortable-preclean: 0.676/2.514 secs] [Times: user=0.99 sys=0.01, real=2.51 secs] 
2015-10-30T15:54:43.717+0000: 4950.898: [GC (CMS Final Remark) [YG occupancy: 34641 K (36288 K)]4950.898: [Rescan (parallel) , 0.0197932 secs]4950.918: [weak refs processing, 0.0000255 secs]4950.918: [class unloading, 0.0144083 secs]4950.932: [scrub symbol table, 0.0066360 secs]4950.939: [scrub string table, 0.0007426 secs][1 CMS-remark: 85022K(206664K)] 119663K(242952K), 0.0430327 secs] [Times: user=0.10 sys=0.00, real=0.04 secs] 
2015-10-30T15:54:43.761+0000: 4950.941: [CMS-concurrent-sweep-start]
2015-10-30T15:54:43.762+0000: 4950.942: [GC (Allocation Failure) 4950.942: [ParNew: 35703K->2422K(36288K), 0.0026266 secs] 120726K->87444K(242952K), 0.0026844 secs] [Times: user=0.01 sys=0.00, real=0.00 secs] 
2015-10-30T15:54:43.787+0000: 4950.967: [GC (Allocation Failure) 4950.967: [ParNew: 34742K->3587K(36288K), 0.0034459 secs] 114838K->83684K(242952K), 0.0035034 secs] [Times: user=0.02 sys=0.00, real=0.00 secs] 
2015-10-30T15:54:43.802+0000: 4950.983: [CMS-concurrent-sweep: 0.035/0.042 secs] [Times: user=0.16 sys=0.00, real=0.04 secs] 
2015-10-30T15:54:43.802+0000: 4950.983: [CMS-concurrent-reset-start]
2015-10-30T15:54:43.805+0000: 4950.985: [CMS-concurrent-reset: 0.003/0.003 secs] [Times: user=0.01 sys=0.00, real=0.00 secs] 
2015-10-30T15:54:43.813+0000: 4950.994: [GC (Allocation Failure) 4950.994: [ParNew: 35907K->3230K(36288K), 0.0045819 secs] 115788K->84645K(242952K), 0.0046301 secs] [Times: user=0.02 sys=0.00, real=0.01 secs] 
2015-10-30T15:54:43.841+0000: 4951.021: [GC (Allocation Failure) 4951.021: [ParNew: 35550K->2438K(36288K), 0.0028418 secs] 116965K->83853K(242952K), 0.0029037 secs] [Times: user=0.01 sys=0.00, real=0.00 secs] 
2015-10-30T15:54:43.861+0000: 4951.042: [GC (Allocation Failure) 4951.042: [ParNew: 34758K->3574K(36288K), 0.0030617 secs] 116173K->84989K(242952K), 0.0031246 secs] [Times: user=0.01 sys=0.00, real=0.00 secs] 
2015-10-30T15:54:43.884+0000: 4951.064: [GC (Allocation Failure) 4951.064: [ParNew: 35894K->2214K(36288K), 0.0035232 secs] 117309K->84330K(242952K), 0.0035823 secs] [Times: user=0.01 sys=0.00, real=0.01 secs] 
2015-10-30T15:54:43.921+0000: 4951.102: [GC (Allocation Failure) 4951.102: [ParNew: 33561K->3968K(36288K), 0.0037886 secs] 115677K->89155K(242952K), 0.0038514 secs] [Times: user=0.01 sys=0.00, real=0.01 secs] 
2015-10-30T15:54:43.926+0000: 4951.106: [GC (CMS Initial Mark) [1 CMS-initial-mark: 85187K(206664K)] 94473K(242952K), 0.0016466 secs] [Times: user=0.01 sys=0.00, real=0.00 secs] 
2015-10-30T15:54:43.928+0000: 4951.108: [CMS-concurrent-mark-start]
2015-10-30T15:54:43.965+0000: 4951.146: [CMS-concurrent-mark: 0.038/0.038 secs] [Times: user=0.07 sys=0.00, real=0.04 secs] 
2015-10-30T15:54:43.965+0000: 4951.146: [CMS-concurrent-preclean-start]
2015-10-30T15:54:43.967+0000: 4951.147: [CMS-concurrent-preclean: 0.001/0.001 secs] [Times: user=0.00 sys=0.00, real=0.00 secs] 
2015-10-30T15:54:43.967+0000: 4951.147: [CMS-concurrent-abortable-preclean-start]
 CMS: abort preclean due to time 2015-10-30T15:54:48.975+0000: 4956.155: [CMS-concurrent-abortable-preclean: 1.091/5.008 secs] [Times: user=1.18 sys=0.00, real=5.00 secs] 
2015-10-30T15:54:48.975+0000: 4956.155: [GC (CMS Final Remark) [YG occupancy: 32207 K (36288 K)]4956.156: [Rescan (parallel) , 0.0023062 secs]4956.158: [weak refs processing, 0.0000165 secs]4956.158: [class unloading, 0.0147175 secs]4956.173: [scrub symbol table, 0.0066931 secs]4956.179: [scrub string table, 0.0007529 secs][1 CMS-remark: 85187K(206664K)] 117395K(242952K), 0.0259172 secs] [Times: user=0.04 sys=0.00, real=0.03 secs] 
2015-10-30T15:54:49.001+0000: 4956.182: [CMS-concurrent-sweep-start]
2015-10-30T15:54:49.041+0000: 4956.221: [CMS-concurrent-sweep: 0.040/0.040 secs] [Times: user=0.04 sys=0.00, real=0.04 secs] 
2015-10-30T15:54:49.041+0000: 4956.221: [CMS-concurrent-reset-start]
2015-10-30T15:54:49.043+0000: 4956.224: [CMS-concurrent-reset: 0.002/0.002 secs] [Times: user=0.00 sys=0.00, real=0.00 secs] 
2015-10-30T15:54:51.044+0000: 4958.224: [GC (CMS Initial Mark) [1 CMS-initial-mark: 63445K(206664K)] 96042K(242952K), 0.0028405 secs] [Times: user=0.01 sys=0.00, real=0.01 secs] 
2015-10-30T15:54:51.046+0000: 4958.227: [CMS-concurrent-mark-start]
2015-10-30T15:54:51.083+0000: 4958.264: [CMS-concurrent-mark: 0.037/0.037 secs] [Times: user=0.03 sys=0.00, real=0.03 secs] 
2015-10-30T15:54:51.083+0000: 4958.264: [CMS-concurrent-preclean-start]
2015-10-30T15:54:51.085+0000: 4958.266: [CMS-concurrent-preclean: 0.002/0.002 secs] [Times: user=0.01 sys=0.00, real=0.01 secs] 
2015-10-30T15:54:51.085+0000: 4958.266: [CMS-concurrent-abortable-preclean-start]
2015-10-30T15:54:53.597+0000: 4960.777: [GC (Allocation Failure) 4960.777: [ParNew: 36198K->3917K(36288K), 0.0044598 secs] 99643K->72025K(242952K), 0.0045765 secs] [Times: user=0.02 sys=0.00, real=0.01 secs] 
2015-10-30T15:54:53.643+0000: 4960.823: [GC (Allocation Failure) 4960.823: [ParNew: 36237K->3968K(36288K), 0.0135517 secs] 104345K->83410K(242952K), 0.0136305 secs] [Times: user=0.05 sys=0.00, real=0.01 secs] 
2015-10-30T15:54:53.679+0000: 4960.860: [GC (Allocation Failure) 4960.860: [ParNew: 36288K->3891K(36288K), 0.0053518 secs] 115730K->87003K(242952K), 0.0054195 secs] [Times: user=0.02 sys=0.00, real=0.00 secs] 
2015-10-30T15:54:53.704+0000: 4960.885: [CMS-concurrent-abortable-preclean: 0.545/2.619 secs] [Times: user=0.82 sys=0.02, real=2.61 secs] 
2015-10-30T15:54:53.707+0000: 4960.887: [GC (CMS Final Remark) [YG occupancy: 36211 K (36288 K)]4960.887: [Rescan (parallel) , 0.0200116 secs]4960.908: [weak refs processing, 0.0000193 secs]4960.908: [class unloading, 0.0149211 secs]4960.923: [scrub symbol table, 0.0066317 secs]4960.929: [scrub string table, 0.0007529 secs][1 CMS-remark: 83112K(206664K)] 119323K(242952K), 0.0437705 secs] [Times: user=0.10 sys=0.00, real=0.04 secs] 
2015-10-30T15:54:53.751+0000: 4960.931: [CMS-concurrent-sweep-start]
2015-10-30T15:54:53.751+0000: 4960.932: [GC (Allocation Failure) 4960.932: [ParNew: 36211K->2060K(36288K), 0.0028181 secs] 119323K->85172K(242952K), 0.0028576 secs] [Times: user=0.01 sys=0.00, real=0.00 secs] 
2015-10-30T15:54:53.778+0000: 4960.959: [GC (Allocation Failure) 4960.959: [ParNew: 34380K->2967K(36288K), 0.0033804 secs] 113022K->81610K(242952K), 0.0034406 secs] [Times: user=0.01 sys=0.00, real=0.00 secs] 
2015-10-30T15:54:53.784+0000: 4960.965: [CMS-concurrent-sweep: 0.026/0.033 secs] [Times: user=0.12 sys=0.00, real=0.03 secs] 
2015-10-30T15:54:53.784+0000: 4960.965: [CMS-concurrent-reset-start]
2015-10-30T15:54:53.787+0000: 4960.967: [CMS-concurrent-reset: 0.003/0.003 secs] [Times: user=0.02 sys=0.00, real=0.01 secs] 
2015-10-30T15:54:53.804+0000: 4960.985: [GC (Allocation Failure) 4960.985: [ParNew: 35287K->3484K(36288K), 0.0050727 secs] 113762K->82786K(242952K), 0.0051222 secs] [Times: user=0.02 sys=0.00, real=0.01 secs] 
2015-10-30T15:54:53.828+0000: 4961.009: [GC (Allocation Failure) 4961.009: [ParNew: 35804K->2741K(36288K), 0.0038018 secs] 115106K->82745K(242952K), 0.0038608 secs] [Times: user=0.02 sys=0.00, real=0.00 secs] 
2015-10-30T15:54:53.853+0000: 4961.034: [GC (Allocation Failure) 4961.034: [ParNew: 35061K->3964K(36288K), 0.0031341 secs] 115065K->83968K(242952K), 0.0031923 secs] [Times: user=0.01 sys=0.00, real=0.00 secs] 
2015-10-30T15:54:53.877+0000: 4961.058: [GC (Allocation Failure) 4961.058: [ParNew: 36284K->2411K(36288K), 0.0036517 secs] 116288K->83034K(242952K), 0.0037104 secs] [Times: user=0.02 sys=0.00, real=0.00 secs] 
2015-10-30T15:54:53.916+0000: 4961.097: [GC (Allocation Failure) 4961.097: [ParNew: 33740K->3968K(36288K), 0.0029230 secs] 114363K->87733K(242952K), 0.0029891 secs] [Times: user=0.01 sys=0.00, real=0.01 secs] 
2015-10-30T15:54:53.920+0000: 4961.101: [GC (CMS Initial Mark) [1 CMS-initial-mark: 83765K(206664K)] 93053K(242952K), 0.0018792 secs] [Times: user=0.01 sys=0.00, real=0.00 secs] 
2015-10-30T15:54:53.922+0000: 4961.103: [CMS-concurrent-mark-start]
2015-10-30T15:54:53.980+0000: 4961.160: [CMS-concurrent-mark: 0.058/0.058 secs] [Times: user=0.11 sys=0.00, real=0.06 secs] 
2015-10-30T15:54:53.980+0000: 4961.160: [CMS-concurrent-preclean-start]
2015-10-30T15:54:53.982+0000: 4961.162: [CMS-concurrent-preclean: 0.002/0.002 secs] [Times: user=0.01 sys=0.00, real=0.00 secs] 
2015-10-30T15:54:53.982+0000: 4961.162: [CMS-concurrent-abortable-preclean-start]
 CMS: abort preclean due to time 2015-10-30T15:54:59.007+0000: 4966.187: [CMS-concurrent-abortable-preclean: 1.295/5.025 secs] [Times: user=1.39 sys=0.01, real=5.03 secs] 
2015-10-30T15:54:59.007+0000: 4966.188: [GC (CMS Final Remark) [YG occupancy: 32197 K (36288 K)]4966.188: [Rescan (parallel) , 0.0025311 secs]4966.190: [weak refs processing, 0.0000172 secs]4966.190: [class unloading, 0.0147358 secs]4966.205: [scrub symbol table, 0.0067682 secs]4966.212: [scrub string table, 0.0007555 secs][1 CMS-remark: 83765K(206664K)] 115962K(242952K), 0.0263088 secs] [Times: user=0.04 sys=0.00, real=0.02 secs] 
2015-10-30T15:54:59.034+0000: 4966.214: [CMS-concurrent-sweep-start]
2015-10-30T15:54:59.058+0000: 4966.239: [CMS-concurrent-sweep: 0.025/0.025 secs] [Times: user=0.02 sys=0.00, real=0.03 secs] 
2015-10-30T15:54:59.058+0000: 4966.239: [CMS-concurrent-reset-start]
2015-10-30T15:54:59.061+0000: 4966.241: [CMS-concurrent-reset: 0.002/0.002 secs] [Times: user=0.00 sys=0.00, real=0.00 secs] 
2015-10-30T15:55:00.033+0000: 4967.214: [GC (Allocation Failure) 4967.214: [ParNew: 36288K->3968K(36288K), 0.0057585 secs] 99676K->69809K(242952K), 0.0058261 secs] [Times: user=0.02 sys=0.00, real=0.01 secs] 
2015-10-30T15:55:00.229+0000: 4967.410: [GC (Allocation Failure) 4967.410: [ParNew: 36288K->1921K(36288K), 0.0034144 secs] 102129K->70759K(242952K), 0.0034988 secs] [Times: user=0.02 sys=0.00, real=0.00 secs] 
2015-10-30T15:55:00.273+0000: 4967.453: [GC (Allocation Failure) 4967.453: [ParNew: 34109K->3968K(36288K), 0.0036539 secs] 102947K->72808K(242952K), 0.0037289 secs] [Times: user=0.01 sys=0.00, real=0.00 secs] 
2015-10-30T15:55:03.609+0000: 4970.789: [GC (Allocation Failure) 4970.789: [ParNew: 36263K->3968K(36288K), 0.0064065 secs] 105103K->81442K(242952K), 0.0065021 secs] [Times: user=0.02 sys=0.00, real=0.00 secs] 
2015-10-30T15:55:03.646+0000: 4970.827: [GC (Allocation Failure) 4970.827: [ParNew: 36288K->3968K(36288K), 0.0112544 secs] 113762K->91092K(242952K), 0.0113510 secs] [Times: user=0.04 sys=0.00, real=0.01 secs] 
2015-10-30T15:55:03.677+0000: 4970.857: [GC (Allocation Failure) 4970.857: [ParNew: 36288K->3802K(36288K), 0.0055578 secs] 123412K->94857K(242952K), 0.0056406 secs] [Times: user=0.02 sys=0.00, real=0.01 secs] 
2015-10-30T15:55:03.701+0000: 4970.882: [GC (Allocation Failure) 4970.882: [ParNew: 35987K->2346K(36288K), 0.0030451 secs] 127042K->93401K(242952K), 0.0031055 secs] [Times: user=0.01 sys=0.00, real=0.00 secs] 
2015-10-30T15:55:03.725+0000: 4970.906: [GC (Allocation Failure) 4970.906: [ParNew: 34666K->2829K(36288K), 0.0037402 secs] 125721K->93884K(242952K), 0.0037947 secs] [Times: user=0.01 sys=0.00, real=0.00 secs] 
2015-10-30T15:55:03.752+0000: 4970.932: [GC (Allocation Failure) 4970.932: [ParNew: 35149K->2763K(36288K), 0.0048436 secs] 126204K->94589K(242952K), 0.0049050 secs] [Times: user=0.02 sys=0.00, real=0.00 secs] 
2015-10-30T15:55:03.775+0000: 4970.955: [GC (Allocation Failure) 4970.955: [ParNew: 35083K->3121K(36288K), 0.0048843 secs] 126909K->95615K(242952K), 0.0049454 secs] [Times: user=0.02 sys=0.00, real=0.01 secs] 
2015-10-30T15:55:03.797+0000: 4970.978: [GC (Allocation Failure) 4970.978: [ParNew: 35441K->2808K(36288K), 0.0039308 secs] 127935K->95872K(242952K), 0.0039935 secs] [Times: user=0.01 sys=0.00, real=0.00 secs] 
2015-10-30T15:55:03.824+0000: 4971.005: [GC (Allocation Failure) 4971.005: [ParNew: 35128K->2321K(36288K), 0.0029934 secs] 128192K->95384K(242952K), 0.0030598 secs] [Times: user=0.01 sys=0.00, real=0.01 secs] 
2015-10-30T15:55:03.862+0000: 4971.042: [GC (Allocation Failure) 4971.042: [ParNew: 30213K->3968K(36288K), 0.0032634 secs] 123277K->105533K(242952K), 0.0033454 secs] [Times: user=0.01 sys=0.00, real=0.01 secs] 
2015-10-30T15:55:03.866+0000: 4971.047: [GC (CMS Initial Mark) [1 CMS-initial-mark: 101565K(206664K)] 110851K(242952K), 0.0017428 secs] [Times: user=0.00 sys=0.00, real=0.00 secs] 
2015-10-30T15:55:03.868+0000: 4971.049: [CMS-concurrent-mark-start]
2015-10-30T15:55:03.906+0000: 4971.086: [CMS-concurrent-mark: 0.038/0.038 secs] [Times: user=0.08 sys=0.00, real=0.04 secs] 
2015-10-30T15:55:03.906+0000: 4971.086: [CMS-concurrent-preclean-start]
2015-10-30T15:55:03.908+0000: 4971.088: [CMS-concurrent-preclean: 0.002/0.002 secs] [Times: user=0.00 sys=0.00, real=0.00 secs] 
2015-10-30T15:55:03.908+0000: 4971.088: [CMS-concurrent-abortable-preclean-start]
 CMS: abort preclean due to time 2015-10-30T15:55:09.017+0000: 4976.198: [CMS-concurrent-abortable-preclean: 1.259/5.109 secs] [Times: user=1.36 sys=0.00, real=5.11 secs] 
2015-10-30T15:55:09.017+0000: 4976.198: [GC (CMS Final Remark) [YG occupancy: 26889 K (36288 K)]4976.198: [Rescan (parallel) , 0.0024993 secs]4976.200: [weak refs processing, 0.0000272 secs]4976.200: [class unloading, 0.0149668 secs]4976.215: [scrub symbol table, 0.0067777 secs]4976.222: [scrub string table, 0.0007543 secs][1 CMS-remark: 101565K(206664K)] 128454K(242952K), 0.0265422 secs] [Times: user=0.03 sys=0.00, real=0.02 secs] 
2015-10-30T15:55:09.044+0000: 4976.225: [CMS-concurrent-sweep-start]
2015-10-30T15:55:09.069+0000: 4976.250: [CMS-concurrent-sweep: 0.025/0.025 secs] [Times: user=0.03 sys=0.00, real=0.03 secs] 
2015-10-30T15:55:09.069+0000: 4976.250: [CMS-concurrent-reset-start]
2015-10-30T15:55:09.072+0000: 4976.252: [CMS-concurrent-reset: 0.002/0.002 secs] [Times: user=0.00 sys=0.00, real=0.00 secs] 
2015-10-30T15:55:11.072+0000: 4978.252: [GC (CMS Initial Mark) [1 CMS-initial-mark: 64127K(206664K)] 91248K(242952K), 0.0028448 secs] [Times: user=0.01 sys=0.00, real=0.00 secs] 
2015-10-30T15:55:11.075+0000: 4978.255: [CMS-concurrent-mark-start]
2015-10-30T15:55:11.111+0000: 4978.292: [CMS-concurrent-mark: 0.036/0.036 secs] [Times: user=0.04 sys=0.00, real=0.04 secs] 
2015-10-30T15:55:11.111+0000: 4978.292: [CMS-concurrent-preclean-start]
2015-10-30T15:55:11.113+0000: 4978.294: [CMS-concurrent-preclean: 0.002/0.002 secs] [Times: user=0.00 sys=0.00, real=0.00 secs] 
2015-10-30T15:55:11.113+0000: 4978.294: [CMS-concurrent-abortable-preclean-start]
2015-10-30T15:55:13.637+0000: 4980.817: [GC (Allocation Failure) 4980.817: [ParNew: 36288K->3968K(36288K), 0.0067825 secs] 100415K->77145K(242952K), 0.0068820 secs] [Times: user=0.03 sys=0.00, real=0.01 secs] 
2015-10-30T15:55:13.684+0000: 4980.864: [GC (Allocation Failure) 4980.864: [ParNew: 36288K->3968K(36288K), 0.0133841 secs] 109465K->89183K(242952K), 0.0134760 secs] [Times: user=0.05 sys=0.00, real=0.02 secs] 
2015-10-30T15:55:13.721+0000: 4980.902: [GC (Allocation Failure) 4980.902: [ParNew: 36288K->2296K(36288K), 0.0058340 secs] 121503K->91472K(242952K), 0.0059078 secs] [Times: user=0.02 sys=0.00, real=0.01 secs] 
2015-10-30T15:55:13.750+0000: 4980.930: [GC (Allocation Failure) 4980.930: [ParNew: 34616K->1969K(36288K), 0.0032334 secs] 123792K->91144K(242952K), 0.0033062 secs] [Times: user=0.01 sys=0.00, real=0.00 secs] 
2015-10-30T15:55:13.757+0000: 4980.938: [CMS-concurrent-abortable-preclean: 0.650/2.644 secs] [Times: user=1.00 sys=0.01, real=2.65 secs] 
2015-10-30T15:55:13.761+0000: 4980.942: [GC (CMS Final Remark) [YG occupancy: 8252 K (36288 K)]4980.942: [Rescan (parallel) , 0.0061614 secs]4980.948: [weak refs processing, 0.0000182 secs]4980.948: [class unloading, 0.0149934 secs]4980.963: [scrub symbol table, 0.0067196 secs]4980.970: [scrub string table, 0.0007530 secs][1 CMS-remark: 89175K(206664K)] 97427K(242952K), 0.0301077 secs] [Times: user=0.04 sys=0.00, real=0.03 secs] 
2015-10-30T15:55:13.792+0000: 4980.972: [CMS-concurrent-sweep-start]
2015-10-30T15:55:13.810+0000: 4980.990: [GC (Allocation Failure) 4980.990: [ParNew: 34289K->3007K(36288K), 0.0033899 secs] 118886K->87604K(242952K), 0.0034637 secs] [Times: user=0.01 sys=0.00, real=0.00 secs] 
2015-10-30T15:55:13.822+0000: 4981.003: [CMS-concurrent-sweep: 0.027/0.031 secs] [Times: user=0.12 sys=0.00, real=0.03 secs] 
2015-10-30T15:55:13.822+0000: 4981.003: [CMS-concurrent-reset-start]
2015-10-30T15:55:13.825+0000: 4981.005: [CMS-concurrent-reset: 0.002/0.002 secs] [Times: user=0.01 sys=0.00, real=0.00 secs] 
2015-10-30T15:55:13.841+0000: 4981.022: [GC (Allocation Failure) 4981.022: [ParNew: 35327K->3014K(36288K), 0.0048144 secs] 118906K->87382K(242952K), 0.0048991 secs] [Times: user=0.02 sys=0.00, real=0.01 secs] 
2015-10-30T15:55:13.865+0000: 4981.046: [GC (Allocation Failure) 4981.046: [ParNew: 35334K->3215K(36288K), 0.0043382 secs] 119702K->88296K(242952K), 0.0044048 secs] [Times: user=0.02 sys=0.00, real=0.00 secs] 
2015-10-30T15:55:13.889+0000: 4981.070: [GC (Allocation Failure) 4981.070: [ParNew: 35535K->2927K(36288K), 0.0035428 secs] 120616K->88637K(242952K), 0.0036266 secs] [Times: user=0.02 sys=0.00, real=0.00 secs] 
2015-10-30T15:55:13.912+0000: 4981.092: [GC (Allocation Failure) 4981.093: [ParNew: 35247K->2045K(36288K), 0.0029186 secs] 120957K->87755K(242952K), 0.0029798 secs] [Times: user=0.01 sys=0.00, real=0.00 secs] 
2015-10-30T15:55:13.947+0000: 4981.127: [GC (Allocation Failure) 4981.127: [ParNew: 32612K->3968K(36288K), 0.0041836 secs] 118323K->97915K(242952K), 0.0042689 secs] [Times: user=0.02 sys=0.00, real=0.00 secs] 
2015-10-30T15:55:13.952+0000: 4981.133: [GC (CMS Initial Mark) [1 CMS-initial-mark: 93947K(206664K)] 103234K(242952K), 0.0018217 secs] [Times: user=0.00 sys=0.00, real=0.00 secs] 
2015-10-30T15:55:13.954+0000: 4981.135: [CMS-concurrent-mark-start]
2015-10-30T15:55:13.993+0000: 4981.174: [CMS-concurrent-mark: 0.039/0.039 secs] [Times: user=0.08 sys=0.00, real=0.04 secs] 
2015-10-30T15:55:13.993+0000: 4981.174: [CMS-concurrent-preclean-start]
2015-10-30T15:55:13.995+0000: 4981.175: [CMS-concurrent-preclean: 0.001/0.001 secs] [Times: user=0.01 sys=0.00, real=0.00 secs] 
2015-10-30T15:55:13.995+0000: 4981.175: [CMS-concurrent-abortable-preclean-start]
 CMS: abort preclean due to time 2015-10-30T15:55:19.103+0000: 4986.284: [CMS-concurrent-abortable-preclean: 1.094/5.109 secs] [Times: user=1.19 sys=0.00, real=5.11 secs] 
2015-10-30T15:55:19.104+0000: 4986.284: [GC (CMS Final Remark) [YG occupancy: 26940 K (36288 K)]4986.284: [Rescan (parallel) , 0.0023145 secs]4986.286: [weak refs processing, 0.0000210 secs]4986.287: [class unloading, 0.0146449 secs]4986.301: [scrub symbol table, 0.0066447 secs]4986.308: [scrub string table, 0.0007374 secs][1 CMS-remark: 93947K(206664K)] 120887K(242952K), 0.0257878 secs] [Times: user=0.03 sys=0.00, real=0.03 secs] 
2015-10-30T15:55:19.130+0000: 4986.310: [CMS-concurrent-sweep-start]
2015-10-30T15:55:19.154+0000: 4986.334: [CMS-concurrent-sweep: 0.024/0.024 secs] [Times: user=0.02 sys=0.00, real=0.02 secs] 
2015-10-30T15:55:19.154+0000: 4986.334: [CMS-concurrent-reset-start]
2015-10-30T15:55:19.156+0000: 4986.337: [CMS-concurrent-reset: 0.002/0.002 secs] [Times: user=0.01 sys=0.00, real=0.00 secs] 
2015-10-30T15:55:21.156+0000: 4988.336: [GC (CMS Initial Mark) [1 CMS-initial-mark: 61707K(206664K)] 88851K(242952K), 0.0029594 secs] [Times: user=0.01 sys=0.00, real=0.01 secs] 
2015-10-30T15:55:21.159+0000: 4988.339: [CMS-concurrent-mark-start]
2015-10-30T15:55:21.196+0000: 4988.377: [CMS-concurrent-mark: 0.037/0.037 secs] [Times: user=0.04 sys=0.00, real=0.03 secs] 
2015-10-30T15:55:21.196+0000: 4988.377: [CMS-concurrent-preclean-start]
2015-10-30T15:55:21.198+0000: 4988.379: [CMS-concurrent-preclean: 0.002/0.002 secs] [Times: user=0.00 sys=0.00, real=0.01 secs] 
2015-10-30T15:55:21.198+0000: 4988.379: [CMS-concurrent-abortable-preclean-start]
2015-10-30T15:55:23.611+0000: 4990.792: [GC (Allocation Failure) 4990.792: [ParNew: 36288K->3968K(36288K), 0.0059178 secs] 97995K->74560K(242952K), 0.0060026 secs] [Times: user=0.02 sys=0.00, real=0.01 secs] 
2015-10-30T15:55:23.649+0000: 4990.830: [GC (Allocation Failure) 4990.830: [ParNew: 36288K->3968K(36288K), 0.0133499 secs] 106880K->85310K(242952K), 0.0134365 secs] [Times: user=0.05 sys=0.00, real=0.01 secs] 
2015-10-30T15:55:23.684+0000: 4990.865: [GC (Allocation Failure) 4990.865: [ParNew: 36288K->3524K(36288K), 0.0055487 secs] 117630K->88713K(242952K), 0.0056099 secs] [Times: user=0.02 sys=0.00, real=0.01 secs] 
2015-10-30T15:55:23.717+0000: 4990.898: [GC (Allocation Failure) 4990.898: [ParNew: 35844K->1960K(36288K), 0.0029619 secs] 121033K->87148K(242952K), 0.0030190 secs] [Times: user=0.01 sys=0.00, real=0.00 secs] 
2015-10-30T15:55:23.723+0000: 4990.903: [CMS-concurrent-abortable-preclean: 0.538/2.525 secs] [Times: user=0.85 sys=0.02, real=2.52 secs] 
2015-10-30T15:55:23.725+0000: 4990.906: [GC (CMS Final Remark) [YG occupancy: 5489 K (36288 K)]4990.906: [Rescan (parallel) , 0.0038140 secs]4990.910: [weak refs processing, 0.0000184 secs]4990.910: [class unloading, 0.0148988 secs]4990.924: [scrub symbol table, 0.0065909 secs]4990.931: [scrub string table, 0.0007702 secs][1 CMS-remark: 85188K(206664K)] 90678K(242952K), 0.0275193 secs] [Times: user=0.03 sys=0.00, real=0.02 secs] 
2015-10-30T15:55:23.753+0000: 4990.934: [CMS-concurrent-sweep-start]
2015-10-30T15:55:23.776+0000: 4990.957: [GC (Allocation Failure) 4990.957: [ParNew: 34280K->2891K(36288K), 0.0032854 secs] 116039K->84650K(242952K), 0.0033388 secs] [Times: user=0.01 sys=0.00, real=0.01 secs] 
2015-10-30T15:55:23.781+0000: 4990.962: [CMS-concurrent-sweep: 0.025/0.028 secs] [Times: user=0.11 sys=0.00, real=0.03 secs] 
2015-10-30T15:55:23.781+0000: 4990.962: [CMS-concurrent-reset-start]
2015-10-30T15:55:23.784+0000: 4990.964: [CMS-concurrent-reset: 0.003/0.003 secs] [Times: user=0.01 sys=0.00, real=0.00 secs] 
2015-10-30T15:55:23.803+0000: 4990.984: [GC (Allocation Failure) 4990.984: [ParNew: 35211K->2779K(36288K), 0.0042268 secs] 116938K->85295K(242952K), 0.0042975 secs] [Times: user=0.02 sys=0.00, real=0.01 secs] 
2015-10-30T15:55:23.829+0000: 4991.010: [GC (Allocation Failure) 4991.010: [ParNew: 35099K->3614K(36288K), 0.0043108 secs] 117615K->86831K(242952K), 0.0043720 secs] [Times: user=0.01 sys=0.00, real=0.00 secs] 
2015-10-30T15:55:23.853+0000: 4991.034: [GC (Allocation Failure) 4991.034: [ParNew: 35934K->2913K(36288K), 0.0033313 secs] 119151K->86690K(242952K), 0.0033921 secs] [Times: user=0.02 sys=0.00, real=0.00 secs] 
2015-10-30T15:55:23.877+0000: 4991.058: [GC (Allocation Failure) 4991.058: [ParNew: 35233K->2387K(36288K), 0.0024727 secs] 119010K->86164K(242952K), 0.0025302 secs] [Times: user=0.01 sys=0.00, real=0.00 secs] 
2015-10-30T15:55:23.913+0000: 4991.093: [GC (Allocation Failure) 4991.093: [ParNew: 33449K->3968K(36288K), 0.0032820 secs] 117225K->96265K(242952K), 0.0033595 secs] [Times: user=0.01 sys=0.00, real=0.00 secs] 
2015-10-30T15:55:23.917+0000: 4991.098: [GC (CMS Initial Mark) [1 CMS-initial-mark: 92297K(206664K)] 101583K(242952K), 0.0017867 secs] [Times: user=0.01 sys=0.00, real=0.01 secs] 
2015-10-30T15:55:23.919+0000: 4991.099: [CMS-concurrent-mark-start]
2015-10-30T15:55:23.975+0000: 4991.156: [CMS-concurrent-mark: 0.056/0.056 secs] [Times: user=0.11 sys=0.00, real=0.05 secs] 
2015-10-30T15:55:23.975+0000: 4991.156: [CMS-concurrent-preclean-start]
2015-10-30T15:55:23.978+0000: 4991.158: [CMS-concurrent-preclean: 0.002/0.002 secs] [Times: user=0.00 sys=0.00, real=0.01 secs] 
2015-10-30T15:55:23.978+0000: 4991.158: [CMS-concurrent-abortable-preclean-start]
 CMS: abort preclean due to time 2015-10-30T15:55:29.069+0000: 4996.249: [CMS-concurrent-abortable-preclean: 1.279/5.091 secs] [Times: user=1.38 sys=0.00, real=5.09 secs] 
2015-10-30T15:55:29.069+0000: 4996.249: [GC (CMS Final Remark) [YG occupancy: 26912 K (36288 K)]4996.249: [Rescan (parallel) , 0.0024522 secs]4996.252: [weak refs processing, 0.0000164 secs]4996.252: [class unloading, 0.0143696 secs]4996.266: [scrub symbol table, 0.0066057 secs]4996.273: [scrub string table, 0.0007526 secs][1 CMS-remark: 92297K(206664K)] 119210K(242952K), 0.0256169 secs] [Times: user=0.03 sys=0.00, real=0.02 secs] 
2015-10-30T15:55:29.095+0000: 4996.275: [CMS-concurrent-sweep-start]
2015-10-30T15:55:29.118+0000: 4996.299: [CMS-concurrent-sweep: 0.023/0.023 secs] [Times: user=0.03 sys=0.00, real=0.03 secs] 
2015-10-30T15:55:29.118+0000: 4996.299: [CMS-concurrent-reset-start]
2015-10-30T15:55:29.121+0000: 4996.301: [CMS-concurrent-reset: 0.002/0.002 secs] [Times: user=0.00 sys=0.00, real=0.00 secs] 
2015-10-30T15:55:31.121+0000: 4998.301: [GC (CMS Initial Mark) [1 CMS-initial-mark: 62988K(206664K)] 90340K(242952K), 0.0027851 secs] [Times: user=0.01 sys=0.00, real=0.00 secs] 
2015-10-30T15:55:31.124+0000: 4998.304: [CMS-concurrent-mark-start]
2015-10-30T15:55:31.162+0000: 4998.343: [CMS-concurrent-mark: 0.038/0.038 secs] [Times: user=0.03 sys=0.00, real=0.04 secs] 
2015-10-30T15:55:31.162+0000: 4998.343: [CMS-concurrent-preclean-start]
2015-10-30T15:55:31.164+0000: 4998.345: [CMS-concurrent-preclean: 0.002/0.002 secs] [Times: user=0.01 sys=0.00, real=0.00 secs] 
2015-10-30T15:55:31.164+0000: 4998.345: [CMS-concurrent-abortable-preclean-start]
2015-10-30T15:55:33.602+0000: 5000.783: [GC (Allocation Failure) 5000.783: [ParNew: 36288K->3968K(36288K), 0.0063695 secs] 99276K->75996K(242952K), 0.0064651 secs] [Times: user=0.03 sys=0.00, real=0.01 secs] 
2015-10-30T15:55:33.645+0000: 5000.826: [GC (Allocation Failure) 5000.826: [ParNew: 36288K->3968K(36288K), 0.0136534 secs] 108316K->87202K(242952K), 0.0137377 secs] [Times: user=0.05 sys=0.00, real=0.01 secs] 
2015-10-30T15:55:33.685+0000: 5000.866: [GC (Allocation Failure) 5000.866: [ParNew: 36288K->3686K(36288K), 0.0052806 secs] 119522K->90732K(242952K), 0.0053613 secs] [Times: user=0.02 sys=0.00, real=0.00 secs] 
2015-10-30T15:55:33.712+0000: 5000.892: [GC (Allocation Failure) 5000.892: [ParNew: 36006K->2316K(36288K), 0.0024406 secs] 123052K->89362K(242952K), 0.0024990 secs] [Times: user=0.01 sys=0.00, real=0.00 secs] 
2015-10-30T15:55:33.718+0000: 5000.898: [CMS-concurrent-abortable-preclean: 0.689/2.553 secs] [Times: user=1.02 sys=0.01, real=2.56 secs] 
2015-10-30T15:55:33.721+0000: 5000.902: [GC (CMS Final Remark) [YG occupancy: 4958 K (36288 K)]5000.902: [Rescan (parallel) , 0.0027340 secs]5000.904: [weak refs processing, 0.0000147 secs]5000.904: [class unloading, 0.0148008 secs]5000.919: [scrub symbol table, 0.0066760 secs]5000.926: [scrub string table, 0.0007539 secs][1 CMS-remark: 87045K(206664K)] 92004K(242952K), 0.0264146 secs] [Times: user=0.03 sys=0.00, real=0.03 secs] 
2015-10-30T15:55:33.748+0000: 5000.928: [CMS-concurrent-sweep-start]
2015-10-30T15:55:33.769+0000: 5000.950: [GC (Allocation Failure) 5000.950: [ParNew: 34636K->2922K(36288K), 0.0029146 secs] 116980K->85266K(242952K), 0.0029933 secs] [Times: user=0.01 sys=0.00, real=0.00 secs] 
2015-10-30T15:55:33.779+0000: 5000.959: [CMS-concurrent-sweep: 0.027/0.031 secs] [Times: user=0.12 sys=0.00, real=0.03 secs] 
2015-10-30T15:55:33.779+0000: 5000.959: [CMS-concurrent-reset-start]
2015-10-30T15:55:33.781+0000: 5000.962: [CMS-concurrent-reset: 0.003/0.003 secs] [Times: user=0.00 sys=0.00, real=0.00 secs] 
2015-10-30T15:55:33.796+0000: 5000.977: [GC (Allocation Failure) 5000.977: [ParNew: 35242K->2428K(36288K), 0.0040825 secs] 116751K->84727K(242952K), 0.0041353 secs] [Times: user=0.02 sys=0.00, real=0.01 secs] 
2015-10-30T15:55:33.821+0000: 5001.002: [GC (Allocation Failure) 5001.002: [ParNew: 34748K->3584K(36288K), 0.0046422 secs] 117047K->86591K(242952K), 0.0046998 secs] [Times: user=0.01 sys=0.00, real=0.01 secs] 
2015-10-30T15:55:33.844+0000: 5001.024: [GC (Allocation Failure) 5001.024: [ParNew: 35904K->2309K(36288K), 0.0036890 secs] 118911K->85897K(242952K), 0.0037502 secs] [Times: user=0.01 sys=0.00, real=0.01 secs] 
2015-10-30T15:55:33.866+0000: 5001.046: [GC (Allocation Failure) 5001.046: [ParNew: 34629K->2672K(36288K), 0.0024400 secs] 118217K->86259K(242952K), 0.0024981 secs] [Times: user=0.01 sys=0.00, real=0.00 secs] 
2015-10-30T15:55:33.901+0000: 5001.082: [GC (Allocation Failure) 5001.082: [ParNew: 33515K->3968K(36288K), 0.0043145 secs] 117102K->95967K(242952K), 0.0043916 secs] [Times: user=0.02 sys=0.00, real=0.01 secs] 
2015-10-30T15:55:33.907+0000: 5001.087: [GC (CMS Initial Mark) [1 CMS-initial-mark: 91999K(206664K)] 101285K(242952K), 0.0016535 secs] [Times: user=0.00 sys=0.00, real=0.00 secs] 
2015-10-30T15:55:33.908+0000: 5001.089: [CMS-concurrent-mark-start]
2015-10-30T15:55:33.946+0000: 5001.127: [CMS-concurrent-mark: 0.038/0.038 secs] [Times: user=0.08 sys=0.00, real=0.04 secs] 
2015-10-30T15:55:33.946+0000: 5001.127: [CMS-concurrent-preclean-start]
2015-10-30T15:55:33.948+0000: 5001.128: [CMS-concurrent-preclean: 0.002/0.002 secs] [Times: user=0.00 sys=0.00, real=0.00 secs] 
2015-10-30T15:55:33.948+0000: 5001.128: [CMS-concurrent-abortable-preclean-start]
 CMS: abort preclean due to time 2015-10-30T15:55:38.960+0000: 5006.140: [CMS-concurrent-abortable-preclean: 1.052/5.012 secs] [Times: user=1.15 sys=0.00, real=5.01 secs] 
2015-10-30T15:55:38.960+0000: 5006.140: [GC (CMS Final Remark) [YG occupancy: 27153 K (36288 K)]5006.141: [Rescan (parallel) , 0.0023501 secs]5006.143: [weak refs processing, 0.0000215 secs]5006.143: [class unloading, 0.0144759 secs]5006.157: [scrub symbol table, 0.0066838 secs]5006.164: [scrub string table, 0.0007490 secs][1 CMS-remark: 91999K(206664K)] 119153K(242952K), 0.0257415 secs] [Times: user=0.04 sys=0.00, real=0.03 secs] 
2015-10-30T15:55:38.986+0000: 5006.166: [CMS-concurrent-sweep-start]
2015-10-30T15:55:39.010+0000: 5006.190: [CMS-concurrent-sweep: 0.024/0.024 secs] [Times: user=0.02 sys=0.00, real=0.02 secs] 
2015-10-30T15:55:39.010+0000: 5006.190: [CMS-concurrent-reset-start]
2015-10-30T15:55:39.012+0000: 5006.192: [CMS-concurrent-reset: 0.002/0.002 secs] [Times: user=0.00 sys=0.00, real=0.00 secs] 
2015-10-30T15:55:41.012+0000: 5008.193: [GC (CMS Initial Mark) [1 CMS-initial-mark: 62895K(206664K)] 90230K(242952K), 0.0028581 secs] [Times: user=0.00 sys=0.00, real=0.00 secs] 
2015-10-30T15:55:41.015+0000: 5008.196: [CMS-concurrent-mark-start]
2015-10-30T15:55:41.053+0000: 5008.234: [CMS-concurrent-mark: 0.038/0.038 secs] [Times: user=0.04 sys=0.00, real=0.04 secs] 
2015-10-30T15:55:41.053+0000: 5008.234: [CMS-concurrent-preclean-start]
2015-10-30T15:55:41.055+0000: 5008.236: [CMS-concurrent-preclean: 0.002/0.002 secs] [Times: user=0.00 sys=0.00, real=0.00 secs] 
2015-10-30T15:55:41.055+0000: 5008.236: [CMS-concurrent-abortable-preclean-start]
2015-10-30T15:55:43.614+0000: 5010.795: [GC (Allocation Failure) 5010.795: [ParNew: 36288K->3968K(36288K), 0.0058888 secs] 99183K->75284K(242952K), 0.0059701 secs] [Times: user=0.02 sys=0.00, real=0.01 secs] 
2015-10-30T15:55:43.652+0000: 5010.832: [GC (Allocation Failure) 5010.832: [ParNew: 36288K->3968K(36288K), 0.0140737 secs] 107604K->87758K(242952K), 0.0141563 secs] [Times: user=0.05 sys=0.00, real=0.02 secs] 
2015-10-30T15:55:43.688+0000: 5010.869: [GC (Allocation Failure) 5010.869: [ParNew: 36288K->3594K(36288K), 0.0057264 secs] 120078K->91284K(242952K), 0.0057988 secs] [Times: user=0.02 sys=0.00, real=0.00 secs] 
2015-10-30T15:55:43.695+0000: 5010.876: [CMS-concurrent-abortable-preclean: 0.558/2.640 secs] [Times: user=0.82 sys=0.00, real=2.64 secs] 
2015-10-30T15:55:43.697+0000: 5010.878: [GC (CMS Final Remark) [YG occupancy: 5535 K (36288 K)]5010.878: [Rescan (parallel) , 0.0081664 secs]5010.886: [weak refs processing, 0.0000133 secs]5010.886: [class unloading, 0.0146726 secs]5010.901: [scrub symbol table, 0.0066482 secs]5010.907: [scrub string table, 0.0007512 secs][1 CMS-remark: 87690K(206664K)] 93226K(242952K), 0.0316780 secs] [Times: user=0.05 sys=0.00, real=0.03 secs] 
2015-10-30T15:55:43.729+0000: 5010.910: [CMS-concurrent-sweep-start]
2015-10-30T15:55:43.750+0000: 5010.931: [GC (Allocation Failure) 5010.931: [ParNew: 35914K->2282K(36288K), 0.0026898 secs] 119415K->85784K(242952K), 0.0027501 secs] [Times: user=0.01 sys=0.00, real=0.00 secs] 
2015-10-30T15:55:43.759+0000: 5010.939: [CMS-concurrent-sweep: 0.027/0.030 secs] [Times: user=0.12 sys=0.00, real=0.03 secs] 
2015-10-30T15:55:43.759+0000: 5010.940: [CMS-concurrent-reset-start]
2015-10-30T15:55:43.762+0000: 5010.942: [CMS-concurrent-reset: 0.003/0.003 secs] [Times: user=0.01 sys=0.00, real=0.00 secs] 
2015-10-30T15:55:43.775+0000: 5010.956: [GC (Allocation Failure) 5010.956: [ParNew: 34602K->3249K(36288K), 0.0036685 secs] 117273K->85920K(242952K), 0.0037230 secs] [Times: user=0.01 sys=0.00, real=0.01 secs] 
2015-10-30T15:55:43.799+0000: 5010.979: [GC (Allocation Failure) 5010.979: [ParNew: 35569K->3190K(36288K), 0.0047331 secs] 118240K->87369K(242952K), 0.0048077 secs] [Times: user=0.02 sys=0.00, real=0.00 secs] 
2015-10-30T15:55:43.824+0000: 5011.004: [GC (Allocation Failure) 5011.005: [ParNew: 35510K->2627K(36288K), 0.0039690 secs] 119689K->86806K(242952K), 0.0040379 secs] [Times: user=0.01 sys=0.00, real=0.01 secs] 
2015-10-30T15:55:43.848+0000: 5011.029: [GC (Allocation Failure) 5011.029: [ParNew: 34947K->3111K(36288K), 0.0034678 secs] 119126K->87924K(242952K), 0.0035310 secs] [Times: user=0.01 sys=0.00, real=0.00 secs] 
2015-10-30T15:55:43.873+0000: 5011.054: [GC (Allocation Failure) 5011.054: [ParNew: 35431K->1927K(36288K), 0.0029159 secs] 120244K->86739K(242952K), 0.0029778 secs] [Times: user=0.01 sys=0.00, real=0.00 secs] 
2015-10-30T15:55:43.910+0000: 5011.090: [GC (Allocation Failure) 5011.090: [ParNew: 33665K->3968K(36288K), 0.0042072 secs] 118478K->97034K(242952K), 0.0042937 secs] [Times: user=0.01 sys=0.00, real=0.00 secs] 
2015-10-30T15:55:43.915+0000: 5011.096: [GC (CMS Initial Mark) [1 CMS-initial-mark: 93066K(206664K)] 102351K(242952K), 0.0016728 secs] [Times: user=0.01 sys=0.00, real=0.00 secs] 
2015-10-30T15:55:43.917+0000: 5011.097: [CMS-concurrent-mark-start]
2015-10-30T15:55:43.956+0000: 5011.137: [CMS-concurrent-mark: 0.039/0.039 secs] [Times: user=0.08 sys=0.00, real=0.04 secs] 
2015-10-30T15:55:43.956+0000: 5011.137: [CMS-concurrent-preclean-start]
2015-10-30T15:55:43.958+0000: 5011.138: [CMS-concurrent-preclean: 0.001/0.001 secs] [Times: user=0.00 sys=0.00, real=0.01 secs] 
2015-10-30T15:55:43.958+0000: 5011.138: [CMS-concurrent-abortable-preclean-start]
 CMS: abort preclean due to time 2015-10-30T15:55:48.965+0000: 5016.146: [CMS-concurrent-abortable-preclean: 1.087/5.008 secs] [Times: user=1.18 sys=0.00, real=5.01 secs] 
2015-10-30T15:55:48.965+0000: 5016.146: [GC (CMS Final Remark) [YG occupancy: 26958 K (36288 K)]5016.146: [Rescan (parallel) , 0.0026643 secs]5016.149: [weak refs processing, 0.0000202 secs]5016.149: [class unloading, 0.0149098 secs]5016.164: [scrub symbol table, 0.0066485 secs]5016.170: [scrub string table, 0.0007491 secs][1 CMS-remark: 93066K(206664K)] 120024K(242952K), 0.0264268 secs] [Times: user=0.04 sys=0.00, real=0.02 secs] 
2015-10-30T15:55:48.992+0000: 5016.172: [CMS-concurrent-sweep-start]
2015-10-30T15:55:49.016+0000: 5016.196: [CMS-concurrent-sweep: 0.023/0.023 secs] [Times: user=0.02 sys=0.00, real=0.02 secs] 
2015-10-30T15:55:49.016+0000: 5016.196: [CMS-concurrent-reset-start]
2015-10-30T15:55:49.018+0000: 5016.198: [CMS-concurrent-reset: 0.002/0.002 secs] [Times: user=0.00 sys=0.00, real=0.01 secs] 
2015-10-30T15:55:51.017+0000: 5018.198: [GC (CMS Initial Mark) [1 CMS-initial-mark: 62793K(206664K)] 89979K(242952K), 0.0026654 secs] [Times: user=0.00 sys=0.00, real=0.00 secs] 
2015-10-30T15:55:51.020+0000: 5018.200: [CMS-concurrent-mark-start]
2015-10-30T15:55:51.057+0000: 5018.238: [CMS-concurrent-mark: 0.037/0.037 secs] [Times: user=0.04 sys=0.00, real=0.04 secs] 
2015-10-30T15:55:51.057+0000: 5018.238: [CMS-concurrent-preclean-start]
2015-10-30T15:55:51.059+0000: 5018.240: [CMS-concurrent-preclean: 0.002/0.002 secs] [Times: user=0.00 sys=0.00, real=0.00 secs] 
2015-10-30T15:55:51.059+0000: 5018.240: [CMS-concurrent-abortable-preclean-start]
2015-10-30T15:55:53.612+0000: 5020.792: [GC (Allocation Failure) 5020.792: [ParNew: 36288K->3968K(36288K), 0.0076626 secs] 99081K->75542K(242952K), 0.0077555 secs] [Times: user=0.03 sys=0.00, real=0.01 secs] 
2015-10-30T15:55:53.657+0000: 5020.837: [GC (Allocation Failure) 5020.837: [ParNew: 36288K->3968K(36288K), 0.0135670 secs] 107862K->87788K(242952K), 0.0136501 secs] [Times: user=0.05 sys=0.00, real=0.02 secs] 
2015-10-30T15:55:53.692+0000: 5020.873: [GC (Allocation Failure) 5020.873: [ParNew: 36288K->2233K(36288K), 0.0056165 secs] 120108K->89968K(242952K), 0.0056783 secs] [Times: user=0.02 sys=0.00, real=0.01 secs] 
2015-10-30T15:55:53.699+0000: 5020.879: [CMS-concurrent-abortable-preclean: 0.584/2.640 secs] [Times: user=0.84 sys=0.01, real=2.64 secs] 
2015-10-30T15:55:53.704+0000: 5020.884: [GC (CMS Final Remark) [YG occupancy: 3349 K (36288 K)]5020.884: [Rescan (parallel) , 0.0072105 secs]5020.892: [weak refs processing, 0.0000130 secs]5020.892: [class unloading, 0.0144557 secs]5020.906: [scrub symbol table, 0.0066548 secs]5020.913: [scrub string table, 0.0007404 secs][1 CMS-remark: 87735K(206664K)] 91084K(242952K), 0.0304903 secs] [Times: user=0.05 sys=0.00, real=0.03 secs] 
2015-10-30T15:55:53.734+0000: 5020.915: [CMS-concurrent-sweep-start]
2015-10-30T15:55:53.755+0000: 5020.936: [GC (Allocation Failure) 5020.936: [ParNew: 34553K->2278K(36288K), 0.0028510 secs] 117639K->85365K(242952K), 0.0029125 secs] [Times: user=0.01 sys=0.00, real=0.01 secs] 
2015-10-30T15:55:53.763+0000: 5020.944: [CMS-concurrent-sweep: 0.026/0.029 secs] [Times: user=0.11 sys=0.00, real=0.03 secs] 
2015-10-30T15:55:53.763+0000: 5020.944: [CMS-concurrent-reset-start]
2015-10-30T15:55:53.766+0000: 5020.947: [CMS-concurrent-reset: 0.003/0.003 secs] [Times: user=0.01 sys=0.00, real=0.01 secs] 
2015-10-30T15:55:53.781+0000: 5020.961: [GC (Allocation Failure) 5020.961: [ParNew: 34598K->3350K(36288K), 0.0033699 secs] 117318K->86070K(242952K), 0.0034317 secs] [Times: user=0.01 sys=0.00, real=0.00 secs] 
2015-10-30T15:55:53.804+0000: 5020.985: [GC (Allocation Failure) 5020.985: [ParNew: 35670K->2865K(36288K), 0.0041120 secs] 118390K->86385K(242952K), 0.0041789 secs] [Times: user=0.02 sys=0.00, real=0.01 secs] 
2015-10-30T15:55:53.829+0000: 5021.010: [GC (Allocation Failure) 5021.010: [ParNew: 35185K->3104K(36288K), 0.0042769 secs] 118705K->87323K(242952K), 0.0043430 secs] [Times: user=0.02 sys=0.00, real=0.00 secs] 
2015-10-30T15:55:53.852+0000: 5021.033: [GC (Allocation Failure) 5021.033: [ParNew: 35424K->2789K(36288K), 0.0034402 secs] 119643K->87607K(242952K), 0.0034996 secs] [Times: user=0.01 sys=0.00, real=0.00 secs] 
2015-10-30T15:55:53.875+0000: 5021.055: [GC (Allocation Failure) 5021.055: [ParNew: 35109K->2315K(36288K), 0.0025865 secs] 119927K->87133K(242952K), 0.0026476 secs] [Times: user=0.01 sys=0.00, real=0.01 secs] 
2015-10-30T15:55:53.910+0000: 5021.090: [GC (Allocation Failure) 5021.090: [ParNew: 33002K->3968K(36288K), 0.0032615 secs] 117820K->97266K(242952K), 0.0033425 secs] [Times: user=0.01 sys=0.00, real=0.00 secs] 
2015-10-30T15:55:53.914+0000: 5021.095: [GC (CMS Initial Mark) [1 CMS-initial-mark: 93298K(206664K)] 102584K(242952K), 0.0018343 secs] [Times: user=0.01 sys=0.00, real=0.00 secs] 
2015-10-30T15:55:53.916+0000: 5021.096: [CMS-concurrent-mark-start]
2015-10-30T15:55:53.954+0000: 5021.134: [CMS-concurrent-mark: 0.038/0.038 secs] [Times: user=0.07 sys=0.00, real=0.04 secs] 
2015-10-30T15:55:53.954+0000: 5021.134: [CMS-concurrent-preclean-start]
2015-10-30T15:55:53.955+0000: 5021.136: [CMS-concurrent-preclean: 0.002/0.002 secs] [Times: user=0.00 sys=0.00, real=0.00 secs] 
2015-10-30T15:55:53.955+0000: 5021.136: [CMS-concurrent-abortable-preclean-start]
 CMS: abort preclean due to time 2015-10-30T15:55:59.036+0000: 5026.216: [CMS-concurrent-abortable-preclean: 1.282/5.080 secs] [Times: user=1.36 sys=0.01, real=5.08 secs] 
2015-10-30T15:55:59.036+0000: 5026.216: [GC (CMS Final Remark) [YG occupancy: 26906 K (36288 K)]5026.216: [Rescan (parallel) , 0.0025655 secs]5026.219: [weak refs processing, 0.0000165 secs]5026.219: [class unloading, 0.0147605 secs]5026.234: [scrub symbol table, 0.0066687 secs]5026.240: [scrub string table, 0.0007512 secs][1 CMS-remark: 93298K(206664K)] 120205K(242952K), 0.0262373 secs] [Times: user=0.04 sys=0.00, real=0.03 secs] 
2015-10-30T15:55:59.062+0000: 5026.243: [CMS-concurrent-sweep-start]
2015-10-30T15:55:59.086+0000: 5026.267: [CMS-concurrent-sweep: 0.024/0.024 secs] [Times: user=0.02 sys=0.00, real=0.03 secs] 
2015-10-30T15:55:59.086+0000: 5026.267: [CMS-concurrent-reset-start]
2015-10-30T15:55:59.089+0000: 5026.269: [CMS-concurrent-reset: 0.002/0.002 secs] [Times: user=0.00 sys=0.00, real=0.00 secs] 
2015-10-30T15:56:00.055+0000: 5027.235: [GC (Allocation Failure) 5027.235: [ParNew: 36283K->3968K(36288K), 0.0068763 secs] 99274K->72223K(242952K), 0.0069506 secs] [Times: user=0.03 sys=0.00, real=0.01 secs] 
2015-10-30T15:56:00.088+0000: 5027.269: [GC (Allocation Failure) 5027.269: [ParNew: 36288K->3968K(36288K), 0.0123755 secs] 104543K->83497K(242952K), 0.0124752 secs] [Times: user=0.04 sys=0.00, real=0.01 secs] 
2015-10-30T15:56:00.129+0000: 5027.310: [GC (Allocation Failure) 5027.310: [ParNew: 36288K->3968K(36288K), 0.0165060 secs] 115817K->92343K(242952K), 0.0166040 secs] [Times: user=0.05 sys=0.00, real=0.02 secs] 
2015-10-30T15:56:00.169+0000: 5027.350: [GC (Allocation Failure) 5027.350: [ParNew: 36288K->3968K(36288K), 0.0098585 secs] 124663K->95924K(242952K), 0.0099532 secs] [Times: user=0.04 sys=0.00, real=0.01 secs] 
2015-10-30T15:56:00.217+0000: 5027.398: [GC (Allocation Failure) 5027.398: [ParNew: 36288K->3968K(36288K), 0.0051594 secs] 128244K->95929K(242952K), 0.0052642 secs] [Times: user=0.02 sys=0.00, real=0.00 secs] 
2015-10-30T15:56:00.251+0000: 5027.431: [GC (Allocation Failure) 5027.431: [ParNew: 36288K->3167K(36288K), 0.0101880 secs] 128249K->97614K(242952K), 0.0102721 secs] [Times: user=0.04 sys=0.00, real=0.01 secs] 
2015-10-30T15:56:00.297+0000: 5027.478: [GC (Allocation Failure) 5027.478: [ParNew: 35110K->3968K(36288K), 0.0084184 secs] 129558K->100805K(242952K), 0.0084895 secs] [Times: user=0.03 sys=0.00, real=0.01 secs] 
2015-10-30T15:56:00.306+0000: 5027.487: [GC (CMS Initial Mark) [1 CMS-initial-mark: 96837K(206664K)] 101187K(242952K), 0.0021909 secs] [Times: user=0.01 sys=0.00, real=0.00 secs] 
2015-10-30T15:56:00.308+0000: 5027.489: [CMS-concurrent-mark-start]
2015-10-30T15:56:00.355+0000: 5027.536: [GC (GCLocker Initiated GC) 5027.536: [ParNew: 36288K->3968K(36288K), 0.0121142 secs] 133486K->107669K(242952K), 0.0122128 secs] [Times: user=0.04 sys=0.00, real=0.02 secs] 
2015-10-30T15:56:00.395+0000: 5027.575: [GC (Allocation Failure) 5027.575: [ParNew: 36288K->3968K(36288K), 0.0123418 secs] 139989K->112413K(242952K), 0.0124216 secs] [Times: user=0.04 sys=0.00, real=0.02 secs] 
2015-10-30T15:56:00.443+0000: 5027.623: [GC (Allocation Failure) 5027.623: [ParNew: 36288K->3597K(36288K), 0.0114552 secs] 144733K->115542K(242952K), 0.0115256 secs] [Times: user=0.03 sys=0.00, real=0.01 secs] 
2015-10-30T15:56:00.470+0000: 5027.650: [CMS-concurrent-mark: 0.118/0.162 secs] [Times: user=0.57 sys=0.01, real=0.16 secs] 
2015-10-30T15:56:00.470+0000: 5027.651: [CMS-concurrent-preclean-start]
2015-10-30T15:56:00.484+0000: 5027.665: [CMS-concurrent-preclean: 0.013/0.014 secs] [Times: user=0.04 sys=0.00, real=0.01 secs] 
2015-10-30T15:56:00.484+0000: 5027.665: [CMS-concurrent-abortable-preclean-start]
2015-10-30T15:56:03.614+0000: 5030.794: [GC (Allocation Failure) 5030.794: [ParNew: 35917K->3968K(36288K), 0.0092555 secs] 147862K->127156K(242952K), 0.0093491 secs] [Times: user=0.04 sys=0.00, real=0.01 secs] 
2015-10-30T15:56:03.651+0000: 5030.831: [CMS-concurrent-abortable-preclean: 0.820/3.167 secs] [Times: user=1.02 sys=0.00, real=3.17 secs] 
2015-10-30T15:56:03.653+0000: 5030.834: [GC (CMS Final Remark) [YG occupancy: 33693 K (36288 K)]5030.834: [Rescan (parallel) , 0.0154570 secs]5030.849: [weak refs processing, 0.0000244 secs]5030.849: [class unloading, 0.0154049 secs]5030.865: [scrub symbol table, 0.0067563 secs]5030.872: [scrub string table, 0.0007584 secs][1 CMS-remark: 123188K(206664K)] 156881K(242952K), 0.0399042 secs] [Times: user=0.08 sys=0.00, real=0.04 secs] 
2015-10-30T15:56:03.693+0000: 5030.874: [CMS-concurrent-sweep-start]
2015-10-30T15:56:03.696+0000: 5030.876: [GC (Allocation Failure) 5030.877: [ParNew: 36288K->3968K(36288K), 0.0119394 secs] 158640K->134567K(242952K), 0.0120138 secs] [Times: user=0.04 sys=0.01, real=0.02 secs] 
2015-10-30T15:56:03.730+0000: 5030.910: [GC (Allocation Failure) 5030.910: [ParNew: 36288K->3573K(36288K), 0.0062245 secs] 147150K->118247K(242952K), 0.0062992 secs] [Times: user=0.02 sys=0.00, real=0.00 secs] 
2015-10-30T15:56:03.758+0000: 5030.939: [GC (Allocation Failure) 5030.939: [ParNew: 35893K->2055K(36288K), 0.0033154 secs] 138592K->104755K(242952K), 0.0033661 secs] [Times: user=0.01 sys=0.00, real=0.00 secs] 
2015-10-30T15:56:03.775+0000: 5030.955: [CMS-concurrent-sweep: 0.055/0.081 secs] [Times: user=0.30 sys=0.01, real=0.08 secs] 
2015-10-30T15:56:03.775+0000: 5030.955: [CMS-concurrent-reset-start]
2015-10-30T15:56:03.777+0000: 5030.958: [CMS-concurrent-reset: 0.003/0.003 secs] [Times: user=0.01 sys=0.00, real=0.01 secs] 
2015-10-30T15:56:03.783+0000: 5030.963: [GC (Allocation Failure) 5030.963: [ParNew: 34375K->3241K(36288K), 0.0032861 secs] 131772K->100638K(242952K), 0.0033354 secs] [Times: user=0.01 sys=0.00, real=0.01 secs] 
2015-10-30T15:56:03.809+0000: 5030.989: [GC (Allocation Failure) 5030.989: [ParNew: 35561K->2303K(36288K), 0.0040289 secs] 132958K->100504K(242952K), 0.0040943 secs] [Times: user=0.02 sys=0.00, real=0.00 secs] 
2015-10-30T15:56:03.833+0000: 5031.014: [GC (Allocation Failure) 5031.014: [ParNew: 34623K->3652K(36288K), 0.0042195 secs] 132824K->102537K(242952K), 0.0043044 secs] [Times: user=0.01 sys=0.00, real=0.01 secs] 
2015-10-30T15:56:03.857+0000: 5031.037: [GC (Allocation Failure) 5031.037: [ParNew: 35972K->2224K(36288K), 0.0033273 secs] 134857K->101650K(242952K), 0.0033888 secs] [Times: user=0.01 sys=0.00, real=0.01 secs] 
2015-10-30T15:56:03.881+0000: 5031.062: [GC (Allocation Failure) 5031.062: [ParNew: 34544K->2160K(36288K), 0.0029392 secs] 133970K->101586K(242952K), 0.0029986 secs] [Times: user=0.01 sys=0.00, real=0.00 secs] 
2015-10-30T15:56:03.914+0000: 5031.094: [GC (Allocation Failure) 5031.094: [ParNew: 32651K->3374K(36288K), 0.0028419 secs] 132077K->108117K(242952K), 0.0029179 secs] [Times: user=0.01 sys=0.00, real=0.00 secs] 
2015-10-30T15:56:03.918+0000: 5031.099: [GC (CMS Initial Mark) [1 CMS-initial-mark: 104743K(206664K)] 116094K(242952K), 0.0019347 secs] [Times: user=0.00 sys=0.00, real=0.00 secs] 
2015-10-30T15:56:03.920+0000: 5031.101: [CMS-concurrent-mark-start]
2015-10-30T15:56:03.960+0000: 5031.140: [CMS-concurrent-mark: 0.040/0.040 secs] [Times: user=0.08 sys=0.00, real=0.04 secs] 
2015-10-30T15:56:03.960+0000: 5031.140: [CMS-concurrent-preclean-start]
2015-10-30T15:56:03.961+0000: 5031.142: [CMS-concurrent-preclean: 0.001/0.001 secs] [Times: user=0.00 sys=0.00, real=0.00 secs] 
2015-10-30T15:56:03.961+0000: 5031.142: [CMS-concurrent-abortable-preclean-start]
2015-10-30T15:56:04.039+0000: 5031.220: [GC (GCLocker Initiated GC) 5031.220: [ParNew: 35925K->3395K(36288K), 0.0039445 secs] 140668K->111293K(242952K), 0.0040109 secs] [Times: user=0.02 sys=0.00, real=0.00 secs] 
2015-10-30T15:56:04.116+0000: 5031.296: [GC (Allocation Failure) 5031.296: [ParNew: 35715K->3575K(36288K), 0.0053082 secs] 143613K->112835K(242952K), 0.0053828 secs] [Times: user=0.01 sys=0.00, real=0.01 secs] 
2015-10-30T15:56:04.153+0000: 5031.333: [CMS-concurrent-abortable-preclean: 0.067/0.192 secs] [Times: user=0.41 sys=0.02, real=0.19 secs] 
2015-10-30T15:56:04.153+0000: 5031.334: [GC (CMS Final Remark) [YG occupancy: 24994 K (36288 K)]5031.334: [Rescan (parallel) , 0.0120355 secs]5031.346: [weak refs processing, 0.0000292 secs]5031.346: [class unloading, 0.0157888 secs]5031.362: [scrub symbol table, 0.0067941 secs]5031.369: [scrub string table, 0.0007580 secs][1 CMS-remark: 109260K(206664K)] 134254K(242952K), 0.0369395 secs] [Times: user=0.06 sys=0.00, real=0.04 secs] 
2015-10-30T15:56:04.190+0000: 5031.371: [CMS-concurrent-sweep-start]
2015-10-30T15:56:04.250+0000: 5031.430: [CMS-concurrent-sweep: 0.059/0.059 secs] [Times: user=0.13 sys=0.01, real=0.06 secs] 
2015-10-30T15:56:04.250+0000: 5031.430: [CMS-concurrent-reset-start]
2015-10-30T15:56:04.254+0000: 5031.435: [CMS-concurrent-reset: 0.003/0.004 secs] [Times: user=0.01 sys=0.00, real=0.00 secs] 
2015-10-30T15:56:04.256+0000: 5031.437: [GC (GCLocker Initiated GC) 5031.437: [ParNew: 36287K->3687K(36288K), 0.0049525 secs] 108033K->76326K(242952K), 0.0050323 secs] [Times: user=0.02 sys=0.00, real=0.01 secs] 
2015-10-30T15:56:04.286+0000: 5031.467: [GC (Allocation Failure) 5031.467: [ParNew: 36007K->2802K(36288K), 0.0034583 secs] 108646K->77136K(242952K), 0.0035134 secs] [Times: user=0.02 sys=0.00, real=0.00 secs] 
2015-10-30T15:56:13.635+0000: 5040.816: [GC (Allocation Failure) 5040.816: [ParNew: 35107K->3968K(36288K), 0.0119006 secs] 109441K->92008K(242952K), 0.0119960 secs] [Times: user=0.04 sys=0.00, real=0.02 secs] 
2015-10-30T15:56:13.673+0000: 5040.854: [GC (Allocation Failure) 5040.854: [ParNew: 36288K->3968K(36288K), 0.0108991 secs] 124328K->99111K(242952K), 0.0109778 secs] [Times: user=0.03 sys=0.00, real=0.01 secs] 
2015-10-30T15:56:13.703+0000: 5040.884: [GC (Allocation Failure) 5040.884: [ParNew: 36288K->3546K(36288K), 0.0050852 secs] 131431K->102242K(242952K), 0.0051533 secs] [Times: user=0.02 sys=0.00, real=0.01 secs] 
2015-10-30T15:56:13.727+0000: 5040.907: [GC (Allocation Failure) 5040.907: [ParNew: 35866K->1912K(36288K), 0.0029388 secs] 134562K->100608K(242952K), 0.0029972 secs] [Times: user=0.01 sys=0.00, real=0.00 secs] 
2015-10-30T15:56:13.747+0000: 5040.928: [GC (Allocation Failure) 5040.928: [ParNew: 34232K->3516K(36288K), 0.0033347 secs] 132928K->102212K(242952K), 0.0033881 secs] [Times: user=0.01 sys=0.00, real=0.00 secs] 
2015-10-30T15:56:13.773+0000: 5040.953: [GC (Allocation Failure) 5040.953: [ParNew: 35836K->2768K(36288K), 0.0051958 secs] 134532K->102195K(242952K), 0.0052538 secs] [Times: user=0.02 sys=0.00, real=0.01 secs] 
2015-10-30T15:56:13.799+0000: 5040.979: [GC (Allocation Failure) 5040.979: [ParNew: 35088K->3968K(36288K), 0.0035225 secs] 134515K->103395K(242952K), 0.0035805 secs] [Times: user=0.01 sys=0.00, real=0.00 secs] 
2015-10-30T15:56:13.824+0000: 5041.005: [GC (Allocation Failure) 5041.005: [ParNew: 36288K->3337K(36288K), 0.0041389 secs] 135715K->104003K(242952K), 0.0041945 secs] [Times: user=0.02 sys=0.00, real=0.01 secs] 
2015-10-30T15:56:13.849+0000: 5041.030: [GC (Allocation Failure) 5041.030: [ParNew: 35657K->2418K(36288K), 0.0027772 secs] 136323K->103084K(242952K), 0.0028357 secs] [Times: user=0.01 sys=0.00, real=0.00 secs] 
2015-10-30T15:56:13.882+0000: 5041.063: [GC (Allocation Failure) 5041.063: [ParNew: 30992K->3041K(36288K), 0.0030613 secs] 131658K->109024K(242952K), 0.0031324 secs] [Times: user=0.01 sys=0.00, real=0.01 secs] 
2015-10-30T15:56:13.887+0000: 5041.067: [GC (CMS Initial Mark) [1 CMS-initial-mark: 105983K(206664K)] 117001K(242952K), 0.0019937 secs] [Times: user=0.00 sys=0.00, real=0.00 secs] 
2015-10-30T15:56:13.889+0000: 5041.069: [CMS-concurrent-mark-start]
2015-10-30T15:56:13.946+0000: 5041.127: [CMS-concurrent-mark: 0.057/0.057 secs] [Times: user=0.12 sys=0.00, real=0.06 secs] 
2015-10-30T15:56:13.946+0000: 5041.127: [CMS-concurrent-preclean-start]
2015-10-30T15:56:13.949+0000: 5041.129: [CMS-concurrent-preclean: 0.002/0.003 secs] [Times: user=0.00 sys=0.00, real=0.00 secs] 
2015-10-30T15:56:13.949+0000: 5041.129: [CMS-concurrent-abortable-preclean-start]
 CMS: abort preclean due to time 2015-10-30T15:56:19.002+0000: 5046.183: [CMS-concurrent-abortable-preclean: 1.173/5.054 secs] [Times: user=1.28 sys=0.00, real=5.05 secs] 
2015-10-30T15:56:19.003+0000: 5046.183: [GC (CMS Final Remark) [YG occupancy: 20895 K (36288 K)]5046.183: [Rescan (parallel) , 0.0026540 secs]5046.186: [weak refs processing, 0.0000176 secs]5046.186: [class unloading, 0.0145291 secs]5046.200: [scrub symbol table, 0.0066402 secs]5046.207: [scrub string table, 0.0007408 secs][1 CMS-remark: 105983K(206664K)] 126879K(242952K), 0.0260109 secs] [Times: user=0.03 sys=0.00, real=0.03 secs] 
2015-10-30T15:56:19.029+0000: 5046.209: [CMS-concurrent-sweep-start]
2015-10-30T15:56:19.068+0000: 5046.248: [CMS-concurrent-sweep: 0.039/0.039 secs] [Times: user=0.04 sys=0.00, real=0.04 secs] 
2015-10-30T15:56:19.068+0000: 5046.248: [CMS-concurrent-reset-start]
2015-10-30T15:56:19.070+0000: 5046.251: [CMS-concurrent-reset: 0.002/0.002 secs] [Times: user=0.00 sys=0.00, real=0.00 secs] 
2015-10-30T15:56:21.070+0000: 5048.250: [GC (CMS Initial Mark) [1 CMS-initial-mark: 65576K(206664K)] 86702K(242952K), 0.0031304 secs] [Times: user=0.00 sys=0.00, real=0.00 secs] 
2015-10-30T15:56:21.073+0000: 5048.253: [CMS-concurrent-mark-start]
2015-10-30T15:56:21.110+0000: 5048.291: [CMS-concurrent-mark: 0.037/0.037 secs] [Times: user=0.04 sys=0.00, real=0.04 secs] 
2015-10-30T15:56:21.110+0000: 5048.291: [CMS-concurrent-preclean-start]
2015-10-30T15:56:21.112+0000: 5048.293: [CMS-concurrent-preclean: 0.002/0.002 secs] [Times: user=0.00 sys=0.00, real=0.00 secs] 
2015-10-30T15:56:21.112+0000: 5048.293: [CMS-concurrent-abortable-preclean-start]
2015-10-30T15:56:23.637+0000: 5050.818: [GC (Allocation Failure) 5050.818: [ParNew: 35361K->3968K(36288K), 0.0099802 secs] 100937K->82334K(242952K), 0.0100741 secs] [Times: user=0.04 sys=0.00, real=0.01 secs] 
2015-10-30T15:56:23.685+0000: 5050.865: [GC (Allocation Failure) 5050.865: [ParNew: 36288K->3968K(36288K), 0.0095472 secs] 114654K->90241K(242952K), 0.0096282 secs] [Times: user=0.04 sys=0.00, real=0.01 secs] 
2015-10-30T15:56:23.694+0000: 5050.875: [CMS-concurrent-abortable-preclean: 0.606/2.582 secs] [Times: user=0.80 sys=0.01, real=2.58 secs] 
2015-10-30T15:56:23.697+0000: 5050.878: [GC (CMS Final Remark) [YG occupancy: 4294 K (36288 K)]5050.878: [Rescan (parallel) , 0.0047967 secs]5050.883: [weak refs processing, 0.0000115 secs]5050.883: [class unloading, 0.0145514 secs]5050.897: [scrub symbol table, 0.0066369 secs]5050.904: [scrub string table, 0.0007448 secs][1 CMS-remark: 86273K(206664K)] 90568K(242952K), 0.0281685 secs] [Times: user=0.04 sys=0.00, real=0.03 secs] 
2015-10-30T15:56:23.726+0000: 5050.906: [CMS-concurrent-sweep-start]
2015-10-30T15:56:23.748+0000: 5050.928: [GC (Allocation Failure) 5050.928: [ParNew: 36288K->3596K(36288K), 0.0055099 secs] 121569K->92584K(242952K), 0.0055781 secs] [Times: user=0.02 sys=0.00, real=0.00 secs] 
2015-10-30T15:56:23.773+0000: 5050.953: [CMS-concurrent-sweep: 0.040/0.047 secs] [Times: user=0.18 sys=0.00, real=0.04 secs] 
2015-10-30T15:56:23.773+0000: 5050.953: [CMS-concurrent-reset-start]
2015-10-30T15:56:23.775+0000: 5050.955: [GC (Allocation Failure) 5050.955: [ParNew: 35916K->1946K(36288K), 0.0054686 secs] 119010K->85041K(242952K), 0.0055186 secs] [Times: user=0.02 sys=0.00, real=0.01 secs] 
2015-10-30T15:56:23.782+0000: 5050.962: [CMS-concurrent-reset: 0.003/0.009 secs] [Times: user=0.03 sys=0.00, real=0.01 secs] 
2015-10-30T15:56:23.798+0000: 5050.979: [GC (Allocation Failure) 5050.979: [ParNew: 34266K->2893K(36288K), 0.0037761 secs] 117361K->85987K(242952K), 0.0038362 secs] [Times: user=0.02 sys=0.00, real=0.00 secs] 
2015-10-30T15:56:23.828+0000: 5051.009: [GC (Allocation Failure) 5051.009: [ParNew: 35213K->3302K(36288K), 0.0041713 secs] 118307K->87161K(242952K), 0.0042328 secs] [Times: user=0.01 sys=0.00, real=0.00 secs] 
2015-10-30T15:56:23.853+0000: 5051.034: [GC (Allocation Failure) 5051.034: [ParNew: 35622K->3122K(36288K), 0.0039049 secs] 119481K->87696K(242952K), 0.0039636 secs] [Times: user=0.02 sys=0.00, real=0.01 secs] 
2015-10-30T15:56:23.875+0000: 5051.056: [GC (Allocation Failure) 5051.056: [ParNew: 35442K->2480K(36288K), 0.0030930 secs] 120016K->87053K(242952K), 0.0031523 secs] [Times: user=0.01 sys=0.00, real=0.01 secs] 
2015-10-30T15:56:23.901+0000: 5051.082: [GC (Allocation Failure) 5051.082: [ParNew: 34800K->2555K(36288K), 0.0033210 secs] 119373K->87668K(242952K), 0.0033825 secs] [Times: user=0.02 sys=0.00, real=0.00 secs] 
2015-10-30T15:56:23.934+0000: 5051.115: [GC (Allocation Failure) 5051.115: [ParNew: 33637K->3112K(36288K), 0.0028868 secs] 118751K->93543K(242952K), 0.0029568 secs] [Times: user=0.01 sys=0.00, real=0.00 secs] 
2015-10-30T15:56:23.938+0000: 5051.119: [GC (CMS Initial Mark) [1 CMS-initial-mark: 90431K(206664K)] 101520K(242952K), 0.0017273 secs] [Times: user=0.01 sys=0.00, real=0.00 secs] 
2015-10-30T15:56:23.940+0000: 5051.120: [CMS-concurrent-mark-start]
2015-10-30T15:56:23.977+0000: 5051.158: [CMS-concurrent-mark: 0.037/0.037 secs] [Times: user=0.07 sys=0.00, real=0.04 secs] 
2015-10-30T15:56:23.978+0000: 5051.158: [CMS-concurrent-preclean-start]
2015-10-30T15:56:23.979+0000: 5051.159: [CMS-concurrent-preclean: 0.001/0.001 secs] [Times: user=0.00 sys=0.00, real=0.00 secs] 
2015-10-30T15:56:23.979+0000: 5051.159: [CMS-concurrent-abortable-preclean-start]
 CMS: abort preclean due to time 2015-10-30T15:56:29.034+0000: 5056.215: [CMS-concurrent-abortable-preclean: 1.293/5.055 secs] [Times: user=1.39 sys=0.02, real=5.05 secs] 
2015-10-30T15:56:29.034+0000: 5056.215: [GC (CMS Final Remark) [YG occupancy: 20986 K (36288 K)]5056.215: [Rescan (parallel) , 0.0027198 secs]5056.218: [weak refs processing, 0.0000211 secs]5056.218: [class unloading, 0.0150371 secs]5056.233: [scrub symbol table, 0.0066216 secs]5056.239: [scrub string table, 0.0007499 secs][1 CMS-remark: 90431K(206664K)] 111417K(242952K), 0.0265895 secs] [Times: user=0.03 sys=0.00, real=0.03 secs] 
2015-10-30T15:56:29.061+0000: 5056.242: [CMS-concurrent-sweep-start]
2015-10-30T15:56:29.102+0000: 5056.282: [CMS-concurrent-sweep: 0.041/0.041 secs] [Times: user=0.04 sys=0.00, real=0.04 secs] 
2015-10-30T15:56:29.102+0000: 5056.282: [CMS-concurrent-reset-start]
2015-10-30T15:56:29.104+0000: 5056.285: [CMS-concurrent-reset: 0.002/0.002 secs] [Times: user=0.00 sys=0.00, real=0.00 secs] 
2015-10-30T15:56:31.104+0000: 5058.285: [GC (CMS Initial Mark) [1 CMS-initial-mark: 65896K(206664K)] 87124K(242952K), 0.0032727 secs] [Times: user=0.01 sys=0.00, real=0.01 secs] 
2015-10-30T15:56:31.107+0000: 5058.288: [CMS-concurrent-mark-start]
2015-10-30T15:56:31.146+0000: 5058.327: [CMS-concurrent-mark: 0.039/0.039 secs] [Times: user=0.04 sys=0.00, real=0.04 secs] 
2015-10-30T15:56:31.146+0000: 5058.327: [CMS-concurrent-preclean-start]
2015-10-30T15:56:31.148+0000: 5058.329: [CMS-concurrent-preclean: 0.002/0.002 secs] [Times: user=0.00 sys=0.00, real=0.00 secs] 
2015-10-30T15:56:31.148+0000: 5058.329: [CMS-concurrent-abortable-preclean-start]
2015-10-30T15:56:33.597+0000: 5060.777: [GC (Allocation Failure) 5060.777: [ParNew: 35432K->3968K(36288K), 0.0112543 secs] 101328K->83192K(242952K), 0.0113506 secs] [Times: user=0.04 sys=0.00, real=0.02 secs] 
2015-10-30T15:56:33.639+0000: 5060.819: [GC (Allocation Failure) 5060.819: [ParNew: 36288K->3968K(36288K), 0.0096115 secs] 115512K->90266K(242952K), 0.0097058 secs] [Times: user=0.03 sys=0.00, real=0.01 secs] 
2015-10-30T15:56:33.649+0000: 5060.829: [CMS-concurrent-abortable-preclean: 0.668/2.500 secs] [Times: user=0.86 sys=0.01, real=2.50 secs] 
2015-10-30T15:56:33.653+0000: 5060.834: [GC (CMS Final Remark) [YG occupancy: 4304 K (36288 K)]5060.834: [Rescan (parallel) , 0.0045782 secs]5060.838: [weak refs processing, 0.0000161 secs]5060.838: [class unloading, 0.0147401 secs]5060.853: [scrub symbol table, 0.0066825 secs]5060.860: [scrub string table, 0.0007638 secs][1 CMS-remark: 86298K(206664K)] 90602K(242952K), 0.0282285 secs] [Times: user=0.05 sys=0.00, real=0.03 secs] 
2015-10-30T15:56:33.682+0000: 5060.862: [CMS-concurrent-sweep-start]
2015-10-30T15:56:33.703+0000: 5060.884: [GC (Allocation Failure) 5060.884: [ParNew: 36288K->3585K(36288K), 0.0056261 secs] 121470K->92531K(242952K), 0.0056920 secs] [Times: user=0.02 sys=0.00, real=0.01 secs] 
2015-10-30T15:56:33.719+0000: 5060.899: [CMS-concurrent-sweep: 0.031/0.037 secs] [Times: user=0.13 sys=0.00, real=0.04 secs] 
2015-10-30T15:56:33.719+0000: 5060.899: [CMS-concurrent-reset-start]
2015-10-30T15:56:33.721+0000: 5060.902: [CMS-concurrent-reset: 0.003/0.003 secs] [Times: user=0.01 sys=0.00, real=0.00 secs] 
2015-10-30T15:56:33.731+0000: 5060.911: [GC (Allocation Failure) 5060.911: [ParNew: 35905K->2209K(36288K), 0.0024360 secs] 119088K->85392K(242952K), 0.0024851 secs] [Times: user=0.01 sys=0.00, real=0.00 secs] 
2015-10-30T15:56:33.753+0000: 5060.934: [GC (Allocation Failure) 5060.934: [ParNew: 34529K->3069K(36288K), 0.0033058 secs] 117712K->86252K(242952K), 0.0033753 secs] [Times: user=0.01 sys=0.00, real=0.00 secs] 
2015-10-30T15:56:33.778+0000: 5060.959: [GC (Allocation Failure) 5060.959: [ParNew: 35389K->2720K(36288K), 0.0051637 secs] 118572K->86641K(242952K), 0.0052318 secs] [Times: user=0.02 sys=0.00, real=0.00 secs] 
2015-10-30T15:56:33.805+0000: 5060.986: [GC (Allocation Failure) 5060.986: [ParNew: 35040K->3968K(36288K), 0.0043701 secs] 118961K->87889K(242952K), 0.0044357 secs] [Times: user=0.01 sys=0.00, real=0.00 secs] 
2015-10-30T15:56:33.829+0000: 5061.010: [GC (Allocation Failure) 5061.010: [ParNew: 36288K->3271K(36288K), 0.0043481 secs] 120209K->88427K(242952K), 0.0044012 secs] [Times: user=0.01 sys=0.00, real=0.00 secs] 
2015-10-30T15:56:33.857+0000: 5061.038: [GC (Allocation Failure) 5061.038: [ParNew: 35591K->2445K(36288K), 0.0024656 secs] 120747K->87602K(242952K), 0.0025268 secs] [Times: user=0.00 sys=0.00, real=0.00 secs] 
2015-10-30T15:56:33.891+0000: 5061.071: [GC (Allocation Failure) 5061.071: [ParNew: 32541K->3470K(36288K), 0.0028293 secs] 117697K->93944K(242952K), 0.0029020 secs] [Times: user=0.01 sys=0.00, real=0.00 secs] 
2015-10-30T15:56:33.895+0000: 5061.075: [GC (CMS Initial Mark) [1 CMS-initial-mark: 90474K(206664K)] 101921K(242952K), 0.0017508 secs] [Times: user=0.00 sys=0.00, real=0.00 secs] 
2015-10-30T15:56:33.897+0000: 5061.077: [CMS-concurrent-mark-start]
2015-10-30T15:56:33.953+0000: 5061.134: [CMS-concurrent-mark: 0.057/0.057 secs] [Times: user=0.12 sys=0.00, real=0.06 secs] 
2015-10-30T15:56:33.954+0000: 5061.134: [CMS-concurrent-preclean-start]
2015-10-30T15:56:33.956+0000: 5061.136: [CMS-concurrent-preclean: 0.002/0.002 secs] [Times: user=0.00 sys=0.00, real=0.00 secs] 
2015-10-30T15:56:33.956+0000: 5061.136: [CMS-concurrent-abortable-preclean-start]
 CMS: abort preclean due to time 2015-10-30T15:56:38.987+0000: 5066.167: [CMS-concurrent-abortable-preclean: 1.344/5.031 secs] [Times: user=1.47 sys=0.00, real=5.04 secs] 
2015-10-30T15:56:38.987+0000: 5066.168: [GC (CMS Final Remark) [YG occupancy: 21224 K (36288 K)]5066.168: [Rescan (parallel) , 0.0026909 secs]5066.170: [weak refs processing, 0.0000155 secs]5066.170: [class unloading, 0.0146213 secs]5066.185: [scrub symbol table, 0.0066515 secs]5066.192: [scrub string table, 0.0007441 secs][1 CMS-remark: 90474K(206664K)] 111698K(242952K), 0.0261545 secs] [Times: user=0.03 sys=0.00, real=0.02 secs] 
2015-10-30T15:56:39.013+0000: 5066.194: [CMS-concurrent-sweep-start]
2015-10-30T15:56:39.048+0000: 5066.228: [CMS-concurrent-sweep: 0.034/0.034 secs] [Times: user=0.03 sys=0.00, real=0.04 secs] 
2015-10-30T15:56:39.048+0000: 5066.228: [CMS-concurrent-reset-start]
2015-10-30T15:56:39.050+0000: 5066.231: [CMS-concurrent-reset: 0.002/0.002 secs] [Times: user=0.01 sys=0.00, real=0.00 secs] 
2015-10-30T15:56:41.050+0000: 5068.230: [GC (CMS Initial Mark) [1 CMS-initial-mark: 65528K(206664K)] 87147K(242952K), 0.0029825 secs] [Times: user=0.01 sys=0.00, real=0.00 secs] 
2015-10-30T15:56:41.053+0000: 5068.233: [CMS-concurrent-mark-start]
2015-10-30T15:56:41.089+0000: 5068.270: [CMS-concurrent-mark: 0.037/0.037 secs] [Times: user=0.04 sys=0.00, real=0.04 secs] 
2015-10-30T15:56:41.090+0000: 5068.270: [CMS-concurrent-preclean-start]
2015-10-30T15:56:41.092+0000: 5068.272: [CMS-concurrent-preclean: 0.002/0.002 secs] [Times: user=0.00 sys=0.00, real=0.00 secs] 
2015-10-30T15:56:41.092+0000: 5068.272: [CMS-concurrent-abortable-preclean-start]
2015-10-30T15:56:43.628+0000: 5070.809: [GC (Allocation Failure) 5070.809: [ParNew: 35779K->3968K(36288K), 0.0106265 secs] 101307K->82233K(242952K), 0.0107233 secs] [Times: user=0.04 sys=0.00, real=0.01 secs] 
2015-10-30T15:56:43.671+0000: 5070.851: [GC (Allocation Failure) 5070.851: [ParNew: 36288K->3968K(36288K), 0.0107073 secs] 114553K->90224K(242952K), 0.0107888 secs] [Times: user=0.04 sys=0.00, real=0.01 secs] 
2015-10-30T15:56:43.701+0000: 5070.881: [GC (Allocation Failure) 5070.881: [ParNew: 36288K->3448K(36288K), 0.0054442 secs] 122544K->93469K(242952K), 0.0055096 secs] [Times: user=0.02 sys=0.00, real=0.01 secs] 
2015-10-30T15:56:43.707+0000: 5070.887: [CMS-concurrent-abortable-preclean: 0.663/2.615 secs] [Times: user=0.95 sys=0.00, real=2.62 secs] 
2015-10-30T15:56:43.709+0000: 5070.890: [GC (CMS Final Remark) [YG occupancy: 3804 K (36288 K)]5070.890: [Rescan (parallel) , 0.0072159 secs]5070.897: [weak refs processing, 0.0000131 secs]5070.897: [class unloading, 0.0144615 secs]5070.911: [scrub symbol table, 0.0065973 secs]5070.918: [scrub string table, 0.0007381 secs][1 CMS-remark: 90020K(206664K)] 93824K(242952K), 0.0304453 secs] [Times: user=0.05 sys=0.00, real=0.03 secs] 
2015-10-30T15:56:43.740+0000: 5070.920: [CMS-concurrent-sweep-start]
2015-10-30T15:56:43.761+0000: 5070.942: [GC (Allocation Failure) 5070.942: [ParNew: 35768K->2112K(36288K), 0.0025676 secs] 124631K->90974K(242952K), 0.0026260 secs] [Times: user=0.01 sys=0.00, real=0.00 secs] 
2015-10-30T15:56:43.768+0000: 5070.949: [CMS-concurrent-sweep: 0.026/0.029 secs] [Times: user=0.10 sys=0.00, real=0.03 secs] 
2015-10-30T15:56:43.768+0000: 5070.949: [CMS-concurrent-reset-start]
2015-10-30T15:56:43.771+0000: 5070.951: [CMS-concurrent-reset: 0.003/0.003 secs] [Times: user=0.01 sys=0.00, real=0.00 secs] 
2015-10-30T15:56:43.784+0000: 5070.965: [GC (Allocation Failure) 5070.965: [ParNew: 34432K->3241K(36288K), 0.0044235 secs] 117574K->86383K(242952K), 0.0044858 secs] [Times: user=0.02 sys=0.00, real=0.01 secs] 
2015-10-30T15:56:43.809+0000: 5070.990: [GC (Allocation Failure) 5070.990: [ParNew: 35561K->2876K(36288K), 0.0041285 secs] 118703K->86791K(242952K), 0.0042121 secs] [Times: user=0.02 sys=0.00, real=0.00 secs] 
2015-10-30T15:56:43.833+0000: 5071.014: [GC (Allocation Failure) 5071.014: [ParNew: 35196K->3968K(36288K), 0.0038994 secs] 119111K->87883K(242952K), 0.0039528 secs] [Times: user=0.01 sys=0.00, real=0.01 secs] 
2015-10-30T15:56:43.857+0000: 5071.038: [GC (Allocation Failure) 5071.038: [ParNew: 36288K->3633K(36288K), 0.0052627 secs] 120203K->88847K(242952K), 0.0053212 secs] [Times: user=0.02 sys=0.00, real=0.00 secs] 
2015-10-30T15:56:43.885+0000: 5071.066: [GC (Allocation Failure) 5071.066: [ParNew: 35953K->2589K(36288K), 0.0024771 secs] 121167K->87803K(242952K), 0.0025353 secs] [Times: user=0.01 sys=0.00, real=0.00 secs] 
2015-10-30T15:56:43.920+0000: 5071.100: [GC (Allocation Failure) 5071.100: [ParNew: 33892K->3547K(36288K), 0.0030176 secs] 119106K->94079K(242952K), 0.0030863 secs] [Times: user=0.01 sys=0.00, real=0.00 secs] 
2015-10-30T15:56:43.924+0000: 5071.105: [GC (CMS Initial Mark) [1 CMS-initial-mark: 90531K(206664K)] 102056K(242952K), 0.0017177 secs] [Times: user=0.00 sys=0.00, real=0.01 secs] 
2015-10-30T15:56:43.926+0000: 5071.106: [CMS-concurrent-mark-start]
2015-10-30T15:56:43.983+0000: 5071.163: [CMS-concurrent-mark: 0.057/0.057 secs] [Times: user=0.12 sys=0.00, real=0.05 secs] 
2015-10-30T15:56:43.983+0000: 5071.164: [CMS-concurrent-preclean-start]
2015-10-30T15:56:43.985+0000: 5071.165: [CMS-concurrent-preclean: 0.002/0.002 secs] [Times: user=0.00 sys=0.00, real=0.00 secs] 
2015-10-30T15:56:43.985+0000: 5071.165: [CMS-concurrent-abortable-preclean-start]
 CMS: abort preclean due to time 2015-10-30T15:56:49.088+0000: 5076.269: [CMS-concurrent-abortable-preclean: 1.391/5.103 secs] [Times: user=1.52 sys=0.00, real=5.11 secs] 
2015-10-30T15:56:49.089+0000: 5076.269: [GC (CMS Final Remark) [YG occupancy: 22784 K (36288 K)]5076.269: [Rescan (parallel) , 0.0032962 secs]5076.272: [weak refs processing, 0.0000168 secs]5076.272: [class unloading, 0.0152748 secs]5076.288: [scrub symbol table, 0.0066460 secs]5076.294: [scrub string table, 0.0007520 secs][1 CMS-remark: 90531K(206664K)] 113316K(242952K), 0.0274475 secs] [Times: user=0.03 sys=0.00, real=0.02 secs] 
2015-10-30T15:56:49.116+0000: 5076.297: [CMS-concurrent-sweep-start]
2015-10-30T15:56:49.140+0000: 5076.321: [CMS-concurrent-sweep: 0.024/0.024 secs] [Times: user=0.03 sys=0.00, real=0.03 secs] 
2015-10-30T15:56:49.141+0000: 5076.321: [CMS-concurrent-reset-start]
2015-10-30T15:56:49.143+0000: 5076.323: [CMS-concurrent-reset: 0.002/0.002 secs] [Times: user=0.00 sys=0.00, real=0.00 secs] 
2015-10-30T15:56:51.143+0000: 5078.323: [GC (CMS Initial Mark) [1 CMS-initial-mark: 65929K(206664K)] 88982K(242952K), 0.0035867 secs] [Times: user=0.02 sys=0.00, real=0.01 secs] 
2015-10-30T15:56:51.147+0000: 5078.327: [CMS-concurrent-mark-start]
2015-10-30T15:56:51.187+0000: 5078.367: [CMS-concurrent-mark: 0.040/0.040 secs] [Times: user=0.04 sys=0.00, real=0.04 secs] 
2015-10-30T15:56:51.187+0000: 5078.367: [CMS-concurrent-preclean-start]
2015-10-30T15:56:51.189+0000: 5078.369: [CMS-concurrent-preclean: 0.002/0.002 secs] [Times: user=0.00 sys=0.00, real=0.00 secs] 
2015-10-30T15:56:51.189+0000: 5078.369: [CMS-concurrent-abortable-preclean-start]
2015-10-30T15:56:53.634+0000: 5080.815: [GC (Allocation Failure) 5080.815: [ParNew2015-10-30T15:56:53.637+0000: 5080.818: [CMS-concurrent-abortable-preclean: 0.643/2.448 secs] [Times: user=0.71 sys=0.00, real=2.45 secs] 
: 35867K->3968K(36288K), 0.0094178 secs] 101796K->81517K(242952K), 0.0094975 secs] [Times: user=0.03 sys=0.00, real=0.01 secs] 
2015-10-30T15:56:53.644+0000: 5080.825: [GC (CMS Final Remark) [YG occupancy: 4080 K (36288 K)]5080.825: [Rescan (parallel) , 0.0040541 secs]5080.829: [weak refs processing, 0.0000123 secs]5080.829: [class unloading, 0.0145647 secs]5080.843: [scrub symbol table, 0.0066688 secs]5080.850: [scrub string table, 0.0007460 secs][1 CMS-remark: 77549K(206664K)] 81629K(242952K), 0.0274675 secs] [Times: user=0.04 sys=0.00, real=0.03 secs] 
2015-10-30T15:56:53.672+0000: 5080.852: [CMS-concurrent-sweep-start]
2015-10-30T15:56:53.692+0000: 5080.872: [CMS-concurrent-sweep: 0.020/0.020 secs] [Times: user=0.05 sys=0.00, real=0.02 secs] 
2015-10-30T15:56:53.692+0000: 5080.872: [CMS-concurrent-reset-start]
2015-10-30T15:56:53.694+0000: 5080.875: [CMS-concurrent-reset: 0.002/0.002 secs] [Times: user=0.01 sys=0.00, real=0.00 secs] 
2015-10-30T15:56:53.704+0000: 5080.884: [GC (Allocation Failure) 5080.884: [ParNew: 36288K->3968K(36288K), 0.0093572 secs] 108441K->85134K(242952K), 0.0094393 secs] [Times: user=0.03 sys=0.00, real=0.01 secs] 
2015-10-30T15:56:53.732+0000: 5080.912: [GC (Allocation Failure) 5080.912: [ParNew: 36288K->2540K(36288K), 0.0058493 secs] 117454K->87575K(242952K), 0.0059139 secs] [Times: user=0.02 sys=0.00, real=0.01 secs] 
2015-10-30T15:56:53.755+0000: 5080.936: [GC (Allocation Failure) 5080.936: [ParNew: 34860K->1840K(36288K), 0.0026774 secs] 119895K->86875K(242952K), 0.0027377 secs] [Times: user=0.01 sys=0.00, real=0.01 secs] 
2015-10-30T15:56:53.777+0000: 5080.958: [GC (Allocation Failure) 5080.958: [ParNew: 34160K->3107K(36288K), 0.0037737 secs] 119195K->88142K(242952K), 0.0038286 secs] [Times: user=0.01 sys=0.00, real=0.00 secs] 
2015-10-30T15:56:53.805+0000: 5080.986: [GC (Allocation Failure) 5080.986: [ParNew: 35427K->2742K(36288K), 0.0040647 secs] 120462K->88552K(242952K), 0.0041274 secs] [Times: user=0.02 sys=0.00, real=0.00 secs] 
2015-10-30T15:56:53.828+0000: 5081.009: [GC (Allocation Failure) 5081.009: [ParNew: 35062K->3590K(36288K), 0.0042559 secs] 120872K->90073K(242952K), 0.0043152 secs] [Times: user=0.02 sys=0.00, real=0.00 secs] 
2015-10-30T15:56:53.853+0000: 5081.034: [GC (Allocation Failure) 5081.034: [ParNew: 35910K->2979K(36288K), 0.0040131 secs] 122393K->90016K(242952K), 0.0040700 secs] [Times: user=0.02 sys=0.00, real=0.01 secs] 
2015-10-30T15:56:53.881+0000: 5081.062: [GC (Allocation Failure) 5081.062: [ParNew: 35299K->2424K(36288K), 0.0042634 secs] 122336K->89460K(242952K), 0.0043242 secs] [Times: user=0.01 sys=0.00, real=0.01 secs] 
2015-10-30T15:56:53.917+0000: 5081.097: [GC (Allocation Failure) 5081.098: [ParNew: 29738K->3968K(36288K), 0.0043595 secs] 116774K->99273K(242952K), 0.0044399 secs] [Times: user=0.01 sys=0.00, real=0.01 secs] 
2015-10-30T15:56:53.923+0000: 5081.103: [GC (CMS Initial Mark) [1 CMS-initial-mark: 95305K(206664K)] 104593K(242952K), 0.0017463 secs] [Times: user=0.01 sys=0.00, real=0.00 secs] 
2015-10-30T15:56:53.924+0000: 5081.105: [CMS-concurrent-mark-start]
2015-10-30T15:56:53.983+0000: 5081.163: [CMS-concurrent-mark: 0.058/0.058 secs] [Times: user=0.11 sys=0.00, real=0.06 secs] 
2015-10-30T15:56:53.983+0000: 5081.163: [CMS-concurrent-preclean-start]
2015-10-30T15:56:53.985+0000: 5081.165: [CMS-concurrent-preclean: 0.002/0.002 secs] [Times: user=0.01 sys=0.00, real=0.00 secs] 
2015-10-30T15:56:53.985+0000: 5081.165: [CMS-concurrent-abortable-preclean-start]
 CMS: abort preclean due to time 2015-10-30T15:56:58.992+0000: 5086.172: [CMS-concurrent-abortable-preclean: 1.212/5.007 secs] [Times: user=1.34 sys=0.00, real=5.01 secs] 
2015-10-30T15:56:58.992+0000: 5086.172: [GC (CMS Final Remark) [YG occupancy: 27046 K (36288 K)]5086.172: [Rescan (parallel) , 0.0024153 secs]5086.175: [weak refs processing, 0.0000157 secs]5086.175: [class unloading, 0.0149332 secs]5086.190: [scrub symbol table, 0.0067656 secs]5086.197: [scrub string table, 0.0007486 secs][1 CMS-remark: 95305K(206664K)] 122352K(242952K), 0.0263468 secs] [Times: user=0.03 sys=0.00, real=0.03 secs] 
2015-10-30T15:56:59.018+0000: 5086.199: [CMS-concurrent-sweep-start]
2015-10-30T15:56:59.042+0000: 5086.222: [CMS-concurrent-sweep: 0.024/0.024 secs] [Times: user=0.03 sys=0.00, real=0.02 secs] 
2015-10-30T15:56:59.042+0000: 5086.223: [CMS-concurrent-reset-start]
2015-10-30T15:56:59.045+0000: 5086.225: [CMS-concurrent-reset: 0.002/0.002 secs] [Times: user=0.00 sys=0.00, real=0.00 secs] 
2015-10-30T15:57:00.228+0000: 5087.408: [GC (Allocation Failure) 5087.409: [ParNew: 36288K->3968K(36288K), 0.0059666 secs] 101716K->71796K(242952K), 0.0060542 secs] [Times: user=0.01 sys=0.00, real=0.00 secs] 
2015-10-30T15:57:00.261+0000: 5087.441: [GC (Allocation Failure) 5087.441: [ParNew: 36288K->3968K(36288K), 0.0061014 secs] 104116K->75739K(242952K), 0.0061833 secs] [Times: user=0.02 sys=0.00, real=0.01 secs] 
2015-10-30T15:57:00.292+0000: 5087.473: [GC (Allocation Failure) 5087.473: [ParNew: 36288K->3968K(36288K), 0.0054594 secs] 108386K->78569K(242952K), 0.0055401 secs] [Times: user=0.02 sys=0.00, real=0.01 secs] 
2015-10-30T15:57:00.298+0000: 5087.479: [GC (GCLocker Initiated GC) 5087.479: [ParNew: 4062K->2159K(36288K), 0.0029693 secs] 78663K->79452K(242952K), 0.0030111 secs] [Times: user=0.01 sys=0.00, real=0.00 secs] 
2015-10-30T15:57:03.629+0000: 5090.809: [GC (Allocation Failure) 5090.809: [ParNew: 34479K->3968K(36288K), 0.0046502 secs] 111772K->86936K(242952K), 0.0047371 secs] [Times: user=0.02 sys=0.00, real=0.00 secs] 
2015-10-30T15:57:03.665+0000: 5090.846: [GC (Allocation Failure) 5090.846: [ParNew: 36288K->3968K(36288K), 0.0132419 secs] 119256K->98904K(242952K), 0.0133383 secs] [Times: user=0.05 sys=0.01, real=0.02 secs] 
2015-10-30T15:57:03.697+0000: 5090.878: [GC (Allocation Failure) 5090.878: [ParNew: 36288K->2963K(36288K), 0.0064349 secs] 131224K->101725K(242952K), 0.0065023 secs] [Times: user=0.02 sys=0.00, real=0.00 secs] 
2015-10-30T15:57:03.725+0000: 5090.906: [GC (Allocation Failure) 5090.906: [ParNew: 35283K->1698K(36288K), 0.0031284 secs] 134045K->100460K(242952K), 0.0031870 secs] [Times: user=0.01 sys=0.00, real=0.00 secs] 
2015-10-30T15:57:03.747+0000: 5090.927: [GC (Allocation Failure) 5090.927: [ParNew: 34018K->3040K(36288K), 0.0039798 secs] 132780K->101802K(242952K), 0.0040382 secs] [Times: user=0.02 sys=0.00, real=0.00 secs] 
2015-10-30T15:57:03.773+0000: 5090.953: [GC (Allocation Failure) 5090.953: [ParNew: 35360K->2753K(36288K), 0.0048424 secs] 134122K->102281K(242952K), 0.0049066 secs] [Times: user=0.02 sys=0.00, real=0.01 secs] 
2015-10-30T15:57:03.798+0000: 5090.978: [GC (Allocation Failure) 5090.978: [ParNew: 35073K->3094K(36288K), 0.0057260 secs] 134601K->103339K(242952K), 0.0057910 secs] [Times: user=0.01 sys=0.00, real=0.00 secs] 
2015-10-30T15:57:03.825+0000: 5091.006: [GC (Allocation Failure) 5091.006: [ParNew: 35414K->2740K(36288K), 0.0040283 secs] 135659K->103542K(242952K), 0.0040917 secs] [Times: user=0.02 sys=0.00, real=0.00 secs] 
2015-10-30T15:57:03.851+0000: 5091.031: [GC (Allocation Failure) 5091.031: [ParNew: 35060K->2690K(36288K), 0.0035745 secs] 135862K->103492K(242952K), 0.0036401 secs] [Times: user=0.01 sys=0.00, real=0.00 secs] 
2015-10-30T15:57:03.887+0000: 5091.067: [GC (Allocation Failure) 5091.067: [ParNew: 32066K->3968K(36288K), 0.0035563 secs] 132868K->113278K(242952K), 0.0036406 secs] [Times: user=0.02 sys=0.00, real=0.00 secs] 
2015-10-30T15:57:03.891+0000: 5091.072: [GC (CMS Initial Mark) [1 CMS-initial-mark: 109310K(206664K)] 118603K(242952K), 0.0018227 secs] [Times: user=0.01 sys=0.00, real=0.00 secs] 
2015-10-30T15:57:03.893+0000: 5091.074: [CMS-concurrent-mark-start]
2015-10-30T15:57:03.950+0000: 5091.131: [CMS-concurrent-mark: 0.057/0.057 secs] [Times: user=0.11 sys=0.00, real=0.06 secs] 
2015-10-30T15:57:03.950+0000: 5091.131: [CMS-concurrent-preclean-start]
2015-10-30T15:57:03.952+0000: 5091.133: [CMS-concurrent-preclean: 0.002/0.002 secs] [Times: user=0.00 sys=0.00, real=0.00 secs] 
2015-10-30T15:57:03.952+0000: 5091.133: [CMS-concurrent-abortable-preclean-start]
 CMS: abort preclean due to time 2015-10-30T15:57:09.026+0000: 5096.207: [CMS-concurrent-abortable-preclean: 1.316/5.074 secs] [Times: user=1.43 sys=0.01, real=5.08 secs] 
2015-10-30T15:57:09.027+0000: 5096.207: [GC (CMS Final Remark) [YG occupancy: 28623 K (36288 K)]5096.207: [Rescan (parallel) , 0.0032175 secs]5096.210: [weak refs processing, 0.0000223 secs]5096.211: [class unloading, 0.0152227 secs]5096.226: [scrub symbol table, 0.0066479 secs]5096.232: [scrub string table, 0.0007514 secs][1 CMS-remark: 109310K(206664K)] 137933K(242952K), 0.0273292 secs] [Times: user=0.04 sys=0.00, real=0.02 secs] 
2015-10-30T15:57:09.054+0000: 5096.235: [CMS-concurrent-sweep-start]
2015-10-30T15:57:09.082+0000: 5096.262: [CMS-concurrent-sweep: 0.027/0.027 secs] [Times: user=0.03 sys=0.00, real=0.03 secs] 
2015-10-30T15:57:09.082+0000: 5096.262: [CMS-concurrent-reset-start]
2015-10-30T15:57:09.084+0000: 5096.265: [CMS-concurrent-reset: 0.002/0.002 secs] [Times: user=0.00 sys=0.00, real=0.00 secs] 
2015-10-30T15:57:11.084+0000: 5098.264: [GC (CMS Initial Mark) [1 CMS-initial-mark: 64576K(206664K)] 93504K(242952K), 0.0033113 secs] [Times: user=0.01 sys=0.00, real=0.01 secs] 
2015-10-30T15:57:11.087+0000: 5098.268: [CMS-concurrent-mark-start]
2015-10-30T15:57:11.125+0000: 5098.305: [CMS-concurrent-mark: 0.038/0.038 secs] [Times: user=0.04 sys=0.00, real=0.03 secs] 
2015-10-30T15:57:11.125+0000: 5098.305: [CMS-concurrent-preclean-start]
2015-10-30T15:57:11.127+0000: 5098.307: [CMS-concurrent-preclean: 0.002/0.002 secs] [Times: user=0.00 sys=0.00, real=0.01 secs] 
2015-10-30T15:57:11.127+0000: 5098.307: [CMS-concurrent-abortable-preclean-start]
2015-10-30T15:57:13.625+0000: 5100.805: [GC (Allocation Failure) 5100.805: [ParNew: 36281K->3968K(36288K), 0.0064142 secs] 100857K->76844K(242952K), 0.0065038 secs] [Times: user=0.02 sys=0.00, real=0.01 secs] 
2015-10-30T15:57:13.666+0000: 5100.847: [GC (Allocation Failure) 5100.847: [ParNew: 36288K->3968K(36288K), 0.0150113 secs] 109164K->87874K(242952K), 0.0151043 secs] [Times: user=0.06 sys=0.00, real=0.01 secs] 
2015-10-30T15:57:13.705+0000: 5100.886: [GC (Allocation Failure) 5100.886: [ParNew: 36288K->3461K(36288K), 0.0056686 secs] 120194K->91283K(242952K), 0.0057419 secs] [Times: user=0.02 sys=0.00, real=0.00 secs] 
2015-10-30T15:57:13.733+0000: 5100.914: [GC (Allocation Failure) 5100.914: [ParNew: 35781K->1887K(36288K), 0.0031124 secs] 123603K->89709K(242952K), 0.0031733 secs] [Times: user=0.01 sys=0.00, real=0.00 secs] 
2015-10-30T15:57:13.741+0000: 5100.921: [CMS-concurrent-abortable-preclean: 0.686/2.614 secs] [Times: user=1.04 sys=0.00, real=2.61 secs] 
2015-10-30T15:57:13.745+0000: 5100.926: [GC (CMS Final Remark) [YG occupancy: 8157 K (36288 K)]5100.926: [Rescan (parallel) , 0.0052325 secs]5100.931: [weak refs processing, 0.0000213 secs]5100.931: [class unloading, 0.0150444 secs]5100.946: [scrub symbol table, 0.0067090 secs]5100.953: [scrub string table, 0.0007702 secs][1 CMS-remark: 87821K(206664K)] 95979K(242952K), 0.0292547 secs] [Times: user=0.05 sys=0.00, real=0.02 secs] 
2015-10-30T15:57:13.777+0000: 5100.958: [CMS-concurrent-sweep-start]
2015-10-30T15:57:13.793+0000: 5100.974: [GC (Allocation Failure) 5100.974: [ParNew: 34207K->3241K(36288K), 0.0034215 secs] 118447K->87480K(242952K), 0.0034926 secs] [Times: user=0.01 sys=0.00, real=0.00 secs] 
2015-10-30T15:57:13.817+0000: 5100.997: [CMS-concurrent-sweep: 0.036/0.040 secs] [Times: user=0.15 sys=0.00, real=0.03 secs] 
2015-10-30T15:57:13.817+0000: 5100.998: [CMS-concurrent-reset-start]
2015-10-30T15:57:13.821+0000: 5101.001: [CMS-concurrent-reset: 0.003/0.004 secs] [Times: user=0.01 sys=0.00, real=0.00 secs] 
2015-10-30T15:57:13.829+0000: 5101.009: [GC (Allocation Failure) 5101.009: [ParNew: 35561K->3528K(36288K), 0.0046036 secs] 117770K->86471K(242952K), 0.0046605 secs] [Times: user=0.01 sys=0.00, real=0.00 secs] 
2015-10-30T15:57:13.854+0000: 5101.034: [GC (Allocation Failure) 5101.034: [ParNew: 35848K->2381K(36288K), 0.0039507 secs] 118791K->86036K(242952K), 0.0040173 secs] [Times: user=0.02 sys=0.00, real=0.01 secs] 
2015-10-30T15:57:13.877+0000: 5101.058: [GC (Allocation Failure) 5101.058: [ParNew: 34701K->2718K(36288K), 0.0037957 secs] 118356K->86372K(242952K), 0.0038620 secs] [Times: user=0.01 sys=0.00, real=0.00 secs] 
2015-10-30T15:57:13.901+0000: 5101.082: [GC (Allocation Failure) 5101.082: [ParNew: 35038K->3156K(36288K), 0.0043662 secs] 118692K->87448K(242952K), 0.0044281 secs] [Times: user=0.01 sys=0.00, real=0.01 secs] 
2015-10-30T15:57:13.938+0000: 5101.119: [GC (Allocation Failure) 5101.119: [ParNew: 34317K->3968K(36288K), 0.0046010 secs] 118610K->96483K(242952K), 0.0046848 secs] [Times: user=0.01 sys=0.00, real=0.00 secs] 
2015-10-30T15:57:13.944+0000: 5101.125: [GC (CMS Initial Mark) [1 CMS-initial-mark: 92515K(206664K)] 101803K(242952K), 0.0016424 secs] [Times: user=0.01 sys=0.00, real=0.01 secs] 
2015-10-30T15:57:13.946+0000: 5101.126: [CMS-concurrent-mark-start]
2015-10-30T15:57:13.985+0000: 5101.165: [CMS-concurrent-mark: 0.039/0.039 secs] [Times: user=0.08 sys=0.00, real=0.03 secs] 
2015-10-30T15:57:13.985+0000: 5101.165: [CMS-concurrent-preclean-start]
2015-10-30T15:57:13.986+0000: 5101.167: [CMS-concurrent-preclean: 0.001/0.001 secs] [Times: user=0.00 sys=0.00, real=0.01 secs] 
2015-10-30T15:57:13.986+0000: 5101.167: [CMS-concurrent-abortable-preclean-start]
 CMS: abort preclean due to time 2015-10-30T15:57:19.001+0000: 5106.181: [CMS-concurrent-abortable-preclean: 0.835/5.015 secs] [Times: user=1.07 sys=0.00, real=5.01 secs] 
2015-10-30T15:57:19.001+0000: 5106.182: [GC (CMS Final Remark) [YG occupancy: 26987 K (36288 K)]5106.182: [Rescan (parallel) , 0.0021298 secs]5106.184: [weak refs processing, 0.0000218 secs]5106.184: [class unloading, 0.0143720 secs]5106.198: [scrub symbol table, 0.0065850 secs]5106.205: [scrub string table, 0.0007406 secs][1 CMS-remark: 92515K(206664K)] 119503K(242952K), 0.0252594 secs] [Times: user=0.03 sys=0.00, real=0.03 secs] 
2015-10-30T15:57:19.027+0000: 5106.207: [CMS-concurrent-sweep-start]
2015-10-30T15:57:19.053+0000: 5106.234: [CMS-concurrent-sweep: 0.027/0.027 secs] [Times: user=0.03 sys=0.00, real=0.02 secs] 
2015-10-30T15:57:19.053+0000: 5106.234: [CMS-concurrent-reset-start]
2015-10-30T15:57:19.056+0000: 5106.236: [CMS-concurrent-reset: 0.002/0.002 secs] [Times: user=0.00 sys=0.00, real=0.00 secs] 
2015-10-30T15:57:21.055+0000: 5108.236: [GC (CMS Initial Mark) [1 CMS-initial-mark: 63732K(206664K)] 91017K(242952K), 0.0028531 secs] [Times: user=0.01 sys=0.00, real=0.01 secs] 
2015-10-30T15:57:21.058+0000: 5108.239: [CMS-concurrent-mark-start]
2015-10-30T15:57:21.096+0000: 5108.277: [CMS-concurrent-mark: 0.038/0.038 secs] [Times: user=0.04 sys=0.00, real=0.03 secs] 
2015-10-30T15:57:21.097+0000: 5108.277: [CMS-concurrent-preclean-start]
2015-10-30T15:57:21.099+0000: 5108.279: [CMS-concurrent-preclean: 0.002/0.002 secs] [Times: user=0.00 sys=0.00, real=0.01 secs] 
2015-10-30T15:57:21.099+0000: 5108.279: [CMS-concurrent-abortable-preclean-start]
2015-10-30T15:57:23.601+0000: 5110.782: [GC (Allocation Failure) 5110.782: [ParNew: 36279K->3968K(36288K), 0.0050682 secs] 100011K->75857K(242952K), 0.0051546 secs] [Times: user=0.02 sys=0.00, real=0.01 secs] 
2015-10-30T15:57:23.646+0000: 5110.827: [GC (Allocation Failure) 5110.827: [ParNew: 36288K->3968K(36288K), 0.0128941 secs] 108177K->84502K(242952K), 0.0129788 secs] [Times: user=0.04 sys=0.00, real=0.01 secs] 
2015-10-30T15:57:23.682+0000: 5110.863: [GC (Allocation Failure) 5110.863: [ParNew: 36288K->3213K(36288K), 0.0061677 secs] 116822K->87634K(242952K), 0.0062487 secs] [Times: user=0.02 sys=0.00, real=0.01 secs] 
2015-10-30T15:57:23.711+0000: 5110.892: [GC (Allocation Failure) 5110.892: [ParNew: 35533K->2074K(36288K), 0.0027522 secs] 119954K->86495K(242952K), 0.0028168 secs] [Times: user=0.01 sys=0.00, real=0.00 secs] 
2015-10-30T15:57:23.718+0000: 5110.899: [CMS-concurrent-abortable-preclean: 0.437/2.619 secs] [Times: user=0.79 sys=0.00, real=2.62 secs] 
2015-10-30T15:57:23.724+0000: 5110.904: [GC (CMS Final Remark) [YG occupancy: 8128 K (36288 K)]5110.904: [Rescan (parallel) , 0.0058690 secs]5110.910: [weak refs processing, 0.0000179 secs]5110.910: [class unloading, 0.0154133 secs]5110.926: [scrub symbol table, 0.0070289 secs]5110.933: [scrub string table, 0.0007536 secs][1 CMS-remark: 84421K(206664K)] 92549K(242952K), 0.0306074 secs] [Times: user=0.04 sys=0.01, real=0.03 secs] 
2015-10-30T15:57:23.755+0000: 5110.935: [CMS-concurrent-sweep-start]
2015-10-30T15:57:23.772+0000: 5110.953: [GC (Allocation Failure) 5110.953: [ParNew: 34394K->3192K(36288K), 0.0032481 secs] 115686K->84483K(242952K), 0.0033216 secs] [Times: user=0.02 sys=0.00, real=0.00 secs] 
2015-10-30T15:57:23.793+0000: 5110.973: [CMS-concurrent-sweep: 0.035/0.038 secs] [Times: user=0.15 sys=0.00, real=0.04 secs] 
2015-10-30T15:57:23.793+0000: 5110.974: [CMS-concurrent-reset-start]
2015-10-30T15:57:23.796+0000: 5110.976: [CMS-concurrent-reset: 0.003/0.003 secs] [Times: user=0.01 sys=0.00, real=0.00 secs] 
2015-10-30T15:57:23.799+0000: 5110.980: [GC (Allocation Failure) 5110.980: [ParNew: 35512K->3279K(36288K), 0.0095563 secs] 115816K->84302K(242952K), 0.0096328 secs] [Times: user=0.03 sys=0.00, real=0.01 secs] 
2015-10-30T15:57:23.828+0000: 5111.008: [GC (Allocation Failure) 5111.008: [ParNew: 35599K->3077K(36288K), 0.0042057 secs] 116622K->84858K(242952K), 0.0042768 secs] [Times: user=0.02 sys=0.00, real=0.00 secs] 
2015-10-30T15:57:23.857+0000: 5111.038: [GC (Allocation Failure) 5111.038: [ParNew: 35397K->2130K(36288K), 0.0035330 secs] 117178K->84538K(242952K), 0.0036067 secs] [Times: user=0.01 sys=0.00, real=0.00 secs] 
2015-10-30T15:57:23.882+0000: 5111.063: [GC (Allocation Failure) 5111.063: [ParNew: 34450K->2032K(36288K), 0.0025281 secs] 116858K->84440K(242952K), 0.0025866 secs] [Times: user=0.01 sys=0.00, real=0.00 secs] 
2015-10-30T15:57:23.918+0000: 5111.098: [GC (Allocation Failure) 5111.098: [ParNew: 31694K->3968K(36288K), 0.0039882 secs] 114101K->94540K(242952K), 0.0040678 secs] [Times: user=0.01 sys=0.00, real=0.00 secs] 
2015-10-30T15:57:23.923+0000: 5111.104: [GC (CMS Initial Mark) [1 CMS-initial-mark: 90572K(206664K)] 99860K(242952K), 0.0015964 secs] [Times: user=0.01 sys=0.00, real=0.00 secs] 
2015-10-30T15:57:23.925+0000: 5111.105: [CMS-concurrent-mark-start]
2015-10-30T15:57:23.963+0000: 5111.144: [CMS-concurrent-mark: 0.038/0.038 secs] [Times: user=0.07 sys=0.00, real=0.04 secs] 
2015-10-30T15:57:23.963+0000: 5111.144: [CMS-concurrent-preclean-start]
2015-10-30T15:57:23.965+0000: 5111.145: [CMS-concurrent-preclean: 0.001/0.001 secs] [Times: user=0.01 sys=0.00, real=0.00 secs] 
2015-10-30T15:57:23.965+0000: 5111.145: [CMS-concurrent-abortable-preclean-start]
 CMS: abort preclean due to time 2015-10-30T15:57:29.010+0000: 5116.190: [CMS-concurrent-abortable-preclean: 1.128/5.045 secs] [Times: user=1.24 sys=0.00, real=5.05 secs] 
2015-10-30T15:57:29.010+0000: 5116.191: [GC (CMS Final Remark) [YG occupancy: 27045 K (36288 K)]5116.191: [Rescan (parallel) , 0.0022889 secs]5116.193: [weak refs processing, 0.0000281 secs]5116.193: [class unloading, 0.0147261 secs]5116.208: [scrub symbol table, 0.0066246 secs]5116.214: [scrub string table, 0.0007450 secs][1 CMS-remark: 90572K(206664K)] 117617K(242952K), 0.0258408 secs] [Times: user=0.04 sys=0.00, real=0.02 secs] 
2015-10-30T15:57:29.036+0000: 5116.217: [CMS-concurrent-sweep-start]
2015-10-30T15:57:29.064+0000: 5116.244: [CMS-concurrent-sweep: 0.028/0.028 secs] [Times: user=0.02 sys=0.00, real=0.03 secs] 
2015-10-30T15:57:29.064+0000: 5116.244: [CMS-concurrent-reset-start]
2015-10-30T15:57:29.066+0000: 5116.247: [CMS-concurrent-reset: 0.002/0.002 secs] [Times: user=0.01 sys=0.00, real=0.01 secs] 
2015-10-30T15:57:31.067+0000: 5118.247: [GC (CMS Initial Mark) [1 CMS-initial-mark: 62271K(206664K)] 89503K(242952K), 0.0027795 secs] [Times: user=0.01 sys=0.00, real=0.00 secs] 
2015-10-30T15:57:31.070+0000: 5118.250: [CMS-concurrent-mark-start]
2015-10-30T15:57:31.109+0000: 5118.289: [CMS-concurrent-mark: 0.039/0.039 secs] [Times: user=0.04 sys=0.00, real=0.04 secs] 
2015-10-30T15:57:31.109+0000: 5118.289: [CMS-concurrent-preclean-start]
2015-10-30T15:57:31.111+0000: 5118.292: [CMS-concurrent-preclean: 0.002/0.002 secs] [Times: user=0.00 sys=0.00, real=0.00 secs] 
2015-10-30T15:57:31.111+0000: 5118.292: [CMS-concurrent-abortable-preclean-start]
2015-10-30T15:57:33.647+0000: 5120.827: [GC (Allocation Failure) 5120.827: [ParNew: 36286K->3968K(36288K), 0.0063754 secs] 98557K->74994K(242952K), 0.0064774 secs] [Times: user=0.02 sys=0.00, real=0.00 secs] 
2015-10-30T15:57:33.686+0000: 5120.866: [GC (Allocation Failure) 5120.866: [ParNew: 36288K->3968K(36288K), 0.0152357 secs] 107314K->85648K(242952K), 0.0153299 secs] [Times: user=0.05 sys=0.00, real=0.01 secs] 
2015-10-30T15:57:33.722+0000: 5120.903: [GC (Allocation Failure) 5120.903: [ParNew: 36288K->3607K(36288K), 0.0058648 secs] 117968K->89236K(242952K), 0.0059544 secs] [Times: user=0.02 sys=0.00, real=0.01 secs] 
2015-10-30T15:57:33.730+0000: 5120.911: [CMS-concurrent-abortable-preclean: 0.621/2.619 secs] [Times: user=0.88 sys=0.00, real=2.62 secs] 
2015-10-30T15:57:33.736+0000: 5120.917: [GC (CMS Final Remark) [YG occupancy: 6506 K (36288 K)]5120.917: [Rescan (parallel) , 0.0093256 secs]5120.926: [weak refs processing, 0.0000181 secs]5120.926: [class unloading, 0.0151735 secs]5120.941: [scrub symbol table, 0.0066700 secs]5120.948: [scrub string table, 0.0007512 secs][1 CMS-remark: 85629K(206664K)] 92136K(242952K), 0.0334199 secs] [Times: user=0.06 sys=0.00, real=0.04 secs] 
2015-10-30T15:57:33.771+0000: 5120.952: [CMS-concurrent-sweep-start]
2015-10-30T15:57:33.793+0000: 5120.974: [GC (Allocation Failure) 5120.974: [ParNew: 35927K->2204K(36288K), 0.0026957 secs] 118952K->85229K(242952K), 0.0027577 secs] [Times: user=0.01 sys=0.00, real=0.00 secs] 
2015-10-30T15:57:33.803+0000: 5120.984: [CMS-concurrent-sweep: 0.026/0.032 secs] [Times: user=0.12 sys=0.00, real=0.03 secs] 
2015-10-30T15:57:33.804+0000: 5120.984: [CMS-concurrent-reset-start]
2015-10-30T15:57:33.806+0000: 5120.987: [CMS-concurrent-reset: 0.003/0.003 secs] [Times: user=0.01 sys=0.00, real=0.01 secs] 
2015-10-30T15:57:33.818+0000: 5120.999: [GC (Allocation Failure) 5120.999: [ParNew: 34524K->3245K(36288K), 0.0033376 secs] 116976K->85697K(242952K), 0.0034021 secs] [Times: user=0.01 sys=0.00, real=0.00 secs] 
2015-10-30T15:57:33.842+0000: 5121.023: [GC (Allocation Failure) 5121.023: [ParNew: 35565K->3346K(36288K), 0.0044182 secs] 118017K->86556K(242952K), 0.0044844 secs] [Times: user=0.02 sys=0.00, real=0.01 secs] 
2015-10-30T15:57:33.869+0000: 5121.049: [GC (Allocation Failure) 5121.049: [ParNew: 35666K->3560K(36288K), 0.0050566 secs] 118876K->86770K(242952K), 0.0051262 secs] [Times: user=0.02 sys=0.00, real=0.00 secs] 
2015-10-30T15:57:33.893+0000: 5121.074: [GC (Allocation Failure) 5121.074: [ParNew: 35880K->3366K(36288K), 0.0044145 secs] 119090K->87253K(242952K), 0.0044736 secs] [Times: user=0.02 sys=0.00, real=0.01 secs] 
2015-10-30T15:57:33.919+0000: 5121.100: [GC (Allocation Failure) 5121.100: [ParNew: 35686K->2674K(36288K), 0.0033052 secs] 119573K->87138K(242952K), 0.0033637 secs] [Times: user=0.01 sys=0.00, real=0.00 secs] 
2015-10-30T15:57:33.954+0000: 5121.135: [GC (Allocation Failure) 5121.135: [ParNew: 32245K->3968K(36288K), 0.0040106 secs] 116710K->96640K(242952K), 0.0040926 secs] [Times: user=0.01 sys=0.00, real=0.01 secs] 
2015-10-30T15:57:33.960+0000: 5121.140: [GC (CMS Initial Mark) [1 CMS-initial-mark: 92672K(206664K)] 101958K(242952K), 0.0019460 secs] [Times: user=0.01 sys=0.00, real=0.00 secs] 
2015-10-30T15:57:33.962+0000: 5121.142: [CMS-concurrent-mark-start]
2015-10-30T15:57:34.021+0000: 5121.202: [CMS-concurrent-mark: 0.060/0.060 secs] [Times: user=0.12 sys=0.00, real=0.06 secs] 
2015-10-30T15:57:34.021+0000: 5121.202: [CMS-concurrent-preclean-start]
2015-10-30T15:57:34.023+0000: 5121.204: [CMS-concurrent-preclean: 0.002/0.002 secs] [Times: user=0.00 sys=0.00, real=0.00 secs] 
2015-10-30T15:57:34.023+0000: 5121.204: [CMS-concurrent-abortable-preclean-start]
 CMS: abort preclean due to time 2015-10-30T15:57:39.054+0000: 5126.235: [CMS-concurrent-abortable-preclean: 1.223/5.031 secs] [Times: user=1.34 sys=0.01, real=5.03 secs] 
2015-10-30T15:57:39.055+0000: 5126.235: [GC (CMS Final Remark) [YG occupancy: 26984 K (36288 K)]5126.235: [Rescan (parallel) , 0.0025707 secs]5126.238: [weak refs processing, 0.0000157 secs]5126.238: [class unloading, 0.0146776 secs]5126.253: [scrub symbol table, 0.0066329 secs]5126.259: [scrub string table, 0.0007428 secs][1 CMS-remark: 92672K(206664K)] 119657K(242952K), 0.0260704 secs] [Times: user=0.03 sys=0.00, real=0.03 secs] 
2015-10-30T15:57:39.081+0000: 5126.262: [CMS-concurrent-sweep-start]
2015-10-30T15:57:39.105+0000: 5126.285: [CMS-concurrent-sweep: 0.024/0.024 secs] [Times: user=0.02 sys=0.00, real=0.02 secs] 
2015-10-30T15:57:39.105+0000: 5126.285: [CMS-concurrent-reset-start]
2015-10-30T15:57:39.107+0000: 5126.288: [CMS-concurrent-reset: 0.002/0.002 secs] [Times: user=0.01 sys=0.00, real=0.01 secs] 
2015-10-30T15:57:41.107+0000: 5128.288: [GC (CMS Initial Mark) [1 CMS-initial-mark: 63676K(206664K)] 91006K(242952K), 0.0027127 secs] [Times: user=0.01 sys=0.00, real=0.00 secs] 
2015-10-30T15:57:41.110+0000: 5128.290: [CMS-concurrent-mark-start]
2015-10-30T15:57:41.147+0000: 5128.328: [CMS-concurrent-mark: 0.037/0.037 secs] [Times: user=0.04 sys=0.00, real=0.04 secs] 
2015-10-30T15:57:41.147+0000: 5128.328: [CMS-concurrent-preclean-start]
2015-10-30T15:57:41.149+0000: 5128.330: [CMS-concurrent-preclean: 0.002/0.002 secs] [Times: user=0.00 sys=0.00, real=0.00 secs] 
2015-10-30T15:57:41.149+0000: 5128.330: [CMS-concurrent-abortable-preclean-start]
2015-10-30T15:57:43.633+0000: 5130.813: [GC (Allocation Failure) 5130.813: [ParNew: 36288K->3968K(36288K), 0.0138348 secs] 99964K->76230K(242952K), 0.0139244 secs] [Times: user=0.02 sys=0.00, real=0.02 secs] 
2015-10-30T15:57:43.678+0000: 5130.859: [GC (Allocation Failure) 5130.859: [ParNew: 36288K->3968K(36288K), 0.0139511 secs] 108550K->86405K(242952K), 0.0140352 secs] [Times: user=0.05 sys=0.00, real=0.01 secs] 
2015-10-30T15:57:43.715+0000: 5130.896: [GC (Allocation Failure) 5130.896: [ParNew: 36288K->3541K(36288K), 0.0051687 secs] 118725K->89808K(242952K), 0.0052462 secs] [Times: user=0.02 sys=0.00, real=0.01 secs] 
2015-10-30T15:57:43.742+0000: 5130.923: [GC (Allocation Failure) 5130.923: [ParNew: 35861K->1955K(36288K), 0.0027950 secs] 122128K->88222K(242952K), 0.0028539 secs] [Times: user=0.01 sys=0.00, real=0.00 secs] 
2015-10-30T15:57:43.752+0000: 5130.932: [CMS-concurrent-abortable-preclean: 0.536/2.603 secs] [Times: user=0.86 sys=0.02, real=2.60 secs] 
2015-10-30T15:57:43.753+0000: 5130.934: [GC (CMS Final Remark) [YG occupancy: 14924 K (36288 K)]5130.934: [Rescan (parallel) , 0.0088799 secs]5130.943: [weak refs processing, 0.0000156 secs]5130.943: [class unloading, 0.0149466 secs]5130.958: [scrub symbol table, 0.0066223 secs]5130.964: [scrub string table, 0.0007418 secs][1 CMS-remark: 86267K(206664K)] 101191K(242952K), 0.0326269 secs] [Times: user=0.05 sys=0.00, real=0.04 secs] 
2015-10-30T15:57:43.786+0000: 5130.967: [CMS-concurrent-sweep-start]
2015-10-30T15:57:43.801+0000: 5130.982: [GC (Allocation Failure) 5130.982: [ParNew: 34275K->3002K(36288K), 0.0034440 secs] 117424K->86151K(242952K), 0.0034996 secs] [Times: user=0.01 sys=0.00, real=0.00 secs] 
2015-10-30T15:57:43.825+0000: 5131.005: [CMS-concurrent-sweep: 0.034/0.039 secs] [Times: user=0.13 sys=0.00, real=0.03 secs] 
2015-10-30T15:57:43.825+0000: 5131.005: [CMS-concurrent-reset-start]
2015-10-30T15:57:43.827+0000: 5131.008: [CMS-concurrent-reset: 0.003/0.003 secs] [Times: user=0.01 sys=0.00, real=0.01 secs] 
2015-10-30T15:57:43.830+0000: 5131.010: [GC (Allocation Failure) 5131.010: [ParNew: 35322K->3028K(36288K), 0.0046606 secs] 116954K->86107K(242952K), 0.0047069 secs] [Times: user=0.01 sys=0.00, real=0.00 secs] 
2015-10-30T15:57:43.857+0000: 5131.038: [GC (Allocation Failure) 5131.038: [ParNew: 35348K->2715K(36288K), 0.0030300 secs] 118427K->85794K(242952K), 0.0030874 secs] [Times: user=0.02 sys=0.00, real=0.00 secs] 
2015-10-30T15:57:43.880+0000: 5131.061: [GC (Allocation Failure) 5131.061: [ParNew: 35035K->2889K(36288K), 0.0036943 secs] 118114K->86615K(242952K), 0.0037566 secs] [Times: user=0.01 sys=0.00, real=0.00 secs] 
2015-10-30T15:57:43.904+0000: 5131.084: [GC (Allocation Failure) 5131.084: [ParNew: 35209K->2141K(36288K), 0.0025061 secs] 118935K->85868K(242952K), 0.0025627 secs] [Times: user=0.01 sys=0.00, real=0.01 secs] 
2015-10-30T15:57:43.938+0000: 5131.118: [GC (Allocation Failure) 5131.118: [ParNew: 33429K->3968K(36288K), 0.0042293 secs] 117156K->95935K(242952K), 0.0043091 secs] [Times: user=0.01 sys=0.00, real=0.00 secs] 
2015-10-30T15:57:43.943+0000: 5131.124: [GC (CMS Initial Mark) [1 CMS-initial-mark: 91967K(206664K)] 101255K(242952K), 0.0020453 secs] [Times: user=0.01 sys=0.00, real=0.01 secs] 
2015-10-30T15:57:43.946+0000: 5131.126: [CMS-concurrent-mark-start]
2015-10-30T15:57:43.984+0000: 5131.164: [CMS-concurrent-mark: 0.038/0.038 secs] [Times: user=0.07 sys=0.00, real=0.03 secs] 
2015-10-30T15:57:43.984+0000: 5131.164: [CMS-concurrent-preclean-start]
2015-10-30T15:57:43.985+0000: 5131.165: [CMS-concurrent-preclean: 0.001/0.001 secs] [Times: user=0.00 sys=0.00, real=0.00 secs] 
2015-10-30T15:57:43.985+0000: 5131.165: [CMS-concurrent-abortable-preclean-start]
 CMS: abort preclean due to time 2015-10-30T15:57:49.100+0000: 5136.281: [CMS-concurrent-abortable-preclean: 1.047/5.115 secs] [Times: user=1.15 sys=0.00, real=5.12 secs] 
2015-10-30T15:57:49.101+0000: 5136.281: [GC (CMS Final Remark) [YG occupancy: 27017 K (36288 K)]5136.281: [Rescan (parallel) , 0.0023787 secs]5136.283: [weak refs processing, 0.0000227 secs]5136.284: [class unloading, 0.0146465 secs]5136.298: [scrub symbol table, 0.0066059 secs]5136.305: [scrub string table, 0.0007402 secs][1 CMS-remark: 91967K(206664K)] 118985K(242952K), 0.0258189 secs] [Times: user=0.03 sys=0.00, real=0.03 secs] 
2015-10-30T15:57:49.127+0000: 5136.307: [CMS-concurrent-sweep-start]
2015-10-30T15:57:49.150+0000: 5136.331: [CMS-concurrent-sweep: 0.024/0.024 secs] [Times: user=0.02 sys=0.00, real=0.02 secs] 
2015-10-30T15:57:49.150+0000: 5136.331: [CMS-concurrent-reset-start]
2015-10-30T15:57:49.153+0000: 5136.333: [CMS-concurrent-reset: 0.002/0.002 secs] [Times: user=0.00 sys=0.00, real=0.00 secs] 
2015-10-30T15:57:51.153+0000: 5138.333: [GC (CMS Initial Mark) [1 CMS-initial-mark: 63605K(206664K)] 90827K(242952K), 0.0029846 secs] [Times: user=0.01 sys=0.00, real=0.00 secs] 
2015-10-30T15:57:51.156+0000: 5138.336: [CMS-concurrent-mark-start]
2015-10-30T15:57:51.194+0000: 5138.374: [CMS-concurrent-mark: 0.038/0.038 secs] [Times: user=0.04 sys=0.00, real=0.04 secs] 
2015-10-30T15:57:51.194+0000: 5138.374: [CMS-concurrent-preclean-start]
2015-10-30T15:57:51.196+0000: 5138.376: [CMS-concurrent-preclean: 0.002/0.002 secs] [Times: user=0.00 sys=0.00, real=0.00 secs] 
2015-10-30T15:57:51.196+0000: 5138.376: [CMS-concurrent-abortable-preclean-start]
2015-10-30T15:57:53.612+0000: 5140.792: [GC (Allocation Failure) 5140.792: [ParNew: 36288K->3968K(36288K), 0.0063937 secs] 99893K->76468K(242952K), 0.0064795 secs] [Times: user=0.02 sys=0.00, real=0.01 secs] 
2015-10-30T15:57:53.652+0000: 5140.832: [GC (Allocation Failure) 5140.832: [ParNew: 36288K->3968K(36288K), 0.0129978 secs] 108788K->88441K(242952K), 0.0130867 secs] [Times: user=0.05 sys=0.00, real=0.01 secs] 
2015-10-30T15:57:53.689+0000: 5140.869: [GC (Allocation Failure) 5140.869: [ParNew: 36288K->3017K(36288K), 0.0056684 secs] 120761K->91417K(242952K), 0.0057345 secs] [Times: user=0.03 sys=0.00, real=0.00 secs] 
2015-10-30T15:57:53.717+0000: 5140.897: [GC (Allocation Failure) 5140.897: [ParNew: 35337K->2420K(36288K), 0.0026591 secs] 123737K->90819K(242952K), 0.0027213 secs] [Times: user=0.01 sys=0.00, real=0.01 secs] 
2015-10-30T15:57:53.724+0000: 5140.904: [CMS-concurrent-abortable-preclean: 0.594/2.528 secs] [Times: user=0.93 sys=0.01, real=2.53 secs] 
2015-10-30T15:57:53.725+0000: 5140.906: [GC (CMS Final Remark) [YG occupancy: 8709 K (36288 K)]5140.906: [Rescan (parallel) , 0.0049999 secs]5140.911: [weak refs processing, 0.0000132 secs]5140.911: [class unloading, 0.0146370 secs]5140.925: [scrub symbol table, 0.0066849 secs]5140.932: [scrub string table, 0.0007534 secs][1 CMS-remark: 88399K(206664K)] 97108K(242952K), 0.0285326 secs] [Times: user=0.04 sys=0.00, real=0.02 secs] 
2015-10-30T15:57:53.754+0000: 5140.934: [CMS-concurrent-sweep-start]
2015-10-30T15:57:53.769+0000: 5140.949: [GC (Allocation Failure) 5140.949: [ParNew: 34740K->3225K(36288K), 0.0031890 secs] 123128K->91613K(242952K), 0.0032474 secs] [Times: user=0.01 sys=0.00, real=0.00 secs] 
2015-10-30T15:57:53.791+0000: 5140.972: [CMS-concurrent-sweep: 0.034/0.038 secs] [Times: user=0.14 sys=0.00, real=0.04 secs] 
2015-10-30T15:57:53.792+0000: 5140.972: [CMS-concurrent-reset-start]
2015-10-30T15:57:53.794+0000: 5140.975: [CMS-concurrent-reset: 0.003/0.003 secs] [Times: user=0.01 sys=0.00, real=0.00 secs] 
2015-10-30T15:57:53.799+0000: 5140.979: [GC (Allocation Failure) 5140.979: [ParNew: 35545K->2820K(36288K), 0.0042687 secs] 118656K->86640K(242952K), 0.0043278 secs] [Times: user=0.02 sys=0.00, real=0.00 secs] 
2015-10-30T15:57:53.824+0000: 5141.004: [GC (Allocation Failure) 5141.004: [ParNew: 35140K->3968K(36288K), 0.0041243 secs] 118960K->87787K(242952K), 0.0041872 secs] [Times: user=0.01 sys=0.00, real=0.01 secs] 
2015-10-30T15:57:53.849+0000: 5141.029: [GC (Allocation Failure) 5141.029: [ParNew: 36288K->3500K(36288K), 0.0056217 secs] 120107K->88605K(242952K), 0.0056832 secs] [Times: user=0.02 sys=0.00, real=0.00 secs] 
2015-10-30T15:57:53.877+0000: 5141.058: [GC (Allocation Failure) 5141.058: [ParNew: 35820K->2592K(36288K), 0.0027165 secs] 120925K->87697K(242952K), 0.0027732 secs] [Times: user=0.01 sys=0.00, real=0.00 secs] 
2015-10-30T15:57:53.913+0000: 5141.093: [GC (Allocation Failure) 5141.093: [ParNew: 32236K->3968K(36288K), 0.0034395 secs] 117341K->97600K(242952K), 0.0035166 secs] [Times: user=0.01 sys=0.00, real=0.00 secs] 
2015-10-30T15:57:53.917+0000: 5141.098: [GC (CMS Initial Mark) [1 CMS-initial-mark: 93632K(206664K)] 102918K(242952K), 0.0019218 secs] [Times: user=0.01 sys=0.00, real=0.00 secs] 
2015-10-30T15:57:53.919+0000: 5141.100: [CMS-concurrent-mark-start]
2015-10-30T15:57:53.976+0000: 5141.156: [CMS-concurrent-mark: 0.057/0.057 secs] [Times: user=0.11 sys=0.00, real=0.05 secs] 
2015-10-30T15:57:53.976+0000: 5141.156: [CMS-concurrent-preclean-start]
2015-10-30T15:57:53.978+0000: 5141.158: [CMS-concurrent-preclean: 0.002/0.002 secs] [Times: user=0.01 sys=0.00, real=0.01 secs] 
2015-10-30T15:57:53.978+0000: 5141.158: [CMS-concurrent-abortable-preclean-start]
 CMS: abort preclean due to time 2015-10-30T15:57:58.996+0000: 5146.177: [CMS-concurrent-abortable-preclean: 1.127/5.018 secs] [Times: user=1.21 sys=0.00, real=5.01 secs] 
2015-10-30T15:57:58.997+0000: 5146.177: [GC (CMS Final Remark) [YG occupancy: 27030 K (36288 K)]5146.177: [Rescan (parallel) , 0.0024744 secs]5146.180: [weak refs processing, 0.0000203 secs]5146.180: [class unloading, 0.0147707 secs]5146.194: [scrub symbol table, 0.0065910 secs]5146.201: [scrub string table, 0.0007518 secs][1 CMS-remark: 93632K(206664K)] 120663K(242952K), 0.0260203 secs] [Times: user=0.03 sys=0.00, real=0.03 secs] 
2015-10-30T15:57:59.023+0000: 5146.203: [CMS-concurrent-sweep-start]
2015-10-30T15:57:59.046+0000: 5146.227: [CMS-concurrent-sweep: 0.024/0.024 secs] [Times: user=0.02 sys=0.00, real=0.03 secs] 
2015-10-30T15:57:59.046+0000: 5146.227: [CMS-concurrent-reset-start]
2015-10-30T15:57:59.049+0000: 5146.229: [CMS-concurrent-reset: 0.002/0.002 secs] [Times: user=0.01 sys=0.00, real=0.00 secs] 
2015-10-30T15:58:00.193+0000: 5147.373: [GC (Allocation Failure) 5147.373: [ParNew: 36288K->3968K(36288K), 0.0053675 secs] 99606K->69732K(242952K), 0.0054313 secs] [Times: user=0.02 sys=0.00, real=0.01 secs] 
2015-10-30T15:58:00.230+0000: 5147.410: [GC (Allocation Failure) 5147.410: [ParNew: 36288K->3968K(36288K), 0.0075824 secs] 102052K->75122K(242952K), 0.0076588 secs] [Times: user=0.03 sys=0.00, real=0.01 secs] 
2015-10-30T15:58:00.257+0000: 5147.438: [GC (Allocation Failure) 5147.438: [ParNew: 36288K->3571K(36288K), 0.0059093 secs] 107442K->77256K(242952K), 0.0059800 secs] [Times: user=0.02 sys=0.00, real=0.00 secs] 
2015-10-30T15:58:00.294+0000: 5147.475: [GC (GCLocker Initiated GC) 5147.475: [ParNew: 36288K->3968K(36288K), 0.0077435 secs] 110101K->80488K(242952K), 0.0078279 secs] [Times: user=0.02 sys=0.00, real=0.01 secs] 
2015-10-30T15:58:00.323+0000: 5147.503: [GC (Allocation Failure) 5147.503: [ParNew: 36288K->3968K(36288K), 0.0054811 secs] 112808K->83607K(242952K), 0.0055459 secs] [Times: user=0.02 sys=0.00, real=0.01 secs] 
2015-10-30T15:58:02.769+0000: 5149.950: [GC (Allocation Failure) 5149.950: [ParNew: 36288K->3968K(36288K), 0.0062331 secs] 115927K->86627K(242952K), 0.0063319 secs] [Times: user=0.02 sys=0.00, real=0.00 secs] 
2015-10-30T15:58:02.812+0000: 5149.993: [GC (Allocation Failure) 5149.993: [ParNew: 36288K->3785K(36288K), 0.0056286 secs] 118947K->88639K(242952K), 0.0057030 secs] [Times: user=0.02 sys=0.00, real=0.01 secs] 
2015-10-30T15:58:02.851+0000: 5150.032: [GC (GCLocker Initiated GC) 5150.032: [ParNew: 36287K->3968K(36288K), 0.0057386 secs] 121336K->90425K(242952K), 0.0058122 secs] [Times: user=0.02 sys=0.00, real=0.00 secs] 
2015-10-30T15:58:03.037+0000: 5150.218: [GC (GCLocker Initiated GC) 5150.218: [ParNew: 36288K->3968K(36288K), 0.0130805 secs] 122810K->94533K(242952K), 0.0131675 secs] [Times: user=0.04 sys=0.00, real=0.01 secs] 
2015-10-30T15:58:13.621+0000: 5160.802: [GC (Allocation Failure) 5160.802: [ParNew: 36272K->3968K(36288K), 0.0134194 secs] 126837K->106384K(242952K), 0.0135136 secs] [Times: user=0.04 sys=0.00, real=0.01 secs] 
2015-10-30T15:58:13.665+0000: 5160.845: [GC (Allocation Failure) 5160.845: [ParNew: 36288K->3968K(36288K), 0.0108474 secs] 138704K->114462K(242952K), 0.0109376 secs] [Times: user=0.03 sys=0.01, real=0.01 secs] 
2015-10-30T15:58:13.695+0000: 5160.875: [GC (Allocation Failure) 5160.875: [ParNew: 36288K->3928K(36288K), 0.0057276 secs] 146782K->118218K(242952K), 0.0058024 secs] [Times: user=0.02 sys=0.00, real=0.01 secs] 
2015-10-30T15:58:13.721+0000: 5160.902: [GC (Allocation Failure) 5160.902: [ParNew: 36248K->1773K(36288K), 0.0032599 secs] 150538K->116064K(242952K), 0.0033192 secs] [Times: user=0.01 sys=0.00, real=0.00 secs] 
2015-10-30T15:58:13.743+0000: 5160.924: [GC (Allocation Failure) 5160.924: [ParNew: 34093K->2946K(36288K), 0.0038012 secs] 148384K->117237K(242952K), 0.0038592 secs] [Times: user=0.01 sys=0.00, real=0.01 secs] 
2015-10-30T15:58:13.769+0000: 5160.949: [GC (Allocation Failure) 5160.949: [ParNew: 35266K->2774K(36288K), 0.0047014 secs] 149557K->117838K(242952K), 0.0047597 secs] [Times: user=0.02 sys=0.00, real=0.00 secs] 
2015-10-30T15:58:13.797+0000: 5160.978: [GC (Allocation Failure) 5160.978: [ParNew: 35094K->3099K(36288K), 0.0049205 secs] 150158K->118838K(242952K), 0.0049836 secs] [Times: user=0.02 sys=0.00, real=0.00 secs] 
2015-10-30T15:58:13.821+0000: 5161.001: [GC (Allocation Failure) 5161.002: [ParNew: 35419K->3293K(36288K), 0.0072534 secs] 151158K->119601K(242952K), 0.0073161 secs] [Times: user=0.02 sys=0.00, real=0.01 secs] 
2015-10-30T15:58:13.848+0000: 5161.029: [GC (Allocation Failure) 5161.029: [ParNew: 35613K->2300K(36288K), 0.0030987 secs] 151921K->118607K(242952K), 0.0031615 secs] [Times: user=0.01 sys=0.00, real=0.00 secs] 
2015-10-30T15:58:13.880+0000: 5161.061: [GC (Allocation Failure) 5161.061: [ParNew: 33160K->3560K(36288K), 0.0033497 secs] 149467K->125185K(242952K), 0.0034250 secs] [Times: user=0.01 sys=0.00, real=0.00 secs] 
2015-10-30T15:58:13.885+0000: 5161.066: [GC (CMS Initial Mark) [1 CMS-initial-mark: 121625K(206664K)] 133161K(242952K), 0.0018066 secs] [Times: user=0.01 sys=0.00, real=0.01 secs] 
2015-10-30T15:58:13.887+0000: 5161.067: [CMS-concurrent-mark-start]
2015-10-30T15:58:13.926+0000: 5161.106: [CMS-concurrent-mark: 0.039/0.039 secs] [Times: user=0.07 sys=0.00, real=0.04 secs] 
2015-10-30T15:58:13.926+0000: 5161.106: [CMS-concurrent-preclean-start]
2015-10-30T15:58:13.927+0000: 5161.108: [CMS-concurrent-preclean: 0.001/0.002 secs] [Times: user=0.01 sys=0.00, real=0.00 secs] 
2015-10-30T15:58:13.927+0000: 5161.108: [CMS-concurrent-abortable-preclean-start]
 CMS: abort preclean due to time 2015-10-30T15:58:18.959+0000: 5166.140: [CMS-concurrent-abortable-preclean: 1.325/5.032 secs] [Times: user=1.43 sys=0.00, real=5.03 secs] 
2015-10-30T15:58:18.959+0000: 5166.140: [GC (CMS Final Remark) [YG occupancy: 21297 K (36288 K)]5166.140: [Rescan (parallel) , 0.0031920 secs]5166.143: [weak refs processing, 0.0000238 secs]5166.143: [class unloading, 0.0150689 secs]5166.158: [scrub symbol table, 0.0066134 secs]5166.165: [scrub string table, 0.0007483 secs][1 CMS-remark: 121625K(206664K)] 142922K(242952K), 0.0270833 secs] [Times: user=0.03 sys=0.00, real=0.03 secs] 
2015-10-30T15:58:18.987+0000: 5166.167: [CMS-concurrent-sweep-start]
2015-10-30T15:58:19.025+0000: 5166.205: [CMS-concurrent-sweep: 0.038/0.038 secs] [Times: user=0.04 sys=0.00, real=0.03 secs] 
2015-10-30T15:58:19.025+0000: 5166.205: [CMS-concurrent-reset-start]
2015-10-30T15:58:19.027+0000: 5166.208: [CMS-concurrent-reset: 0.002/0.002 secs] [Times: user=0.00 sys=0.00, real=0.01 secs] 
2015-10-30T15:58:21.028+0000: 5168.208: [GC (CMS Initial Mark) [1 CMS-initial-mark: 65824K(206664K)] 87514K(242952K), 0.0032892 secs] [Times: user=0.01 sys=0.00, real=0.00 secs] 
2015-10-30T15:58:21.031+0000: 5168.212: [CMS-concurrent-mark-start]
2015-10-30T15:58:21.069+0000: 5168.249: [CMS-concurrent-mark: 0.037/0.037 secs] [Times: user=0.03 sys=0.00, real=0.04 secs] 
2015-10-30T15:58:21.069+0000: 5168.249: [CMS-concurrent-preclean-start]
2015-10-30T15:58:21.071+0000: 5168.251: [CMS-concurrent-preclean: 0.002/0.002 secs] [Times: user=0.00 sys=0.01, real=0.00 secs] 
2015-10-30T15:58:21.071+0000: 5168.251: [CMS-concurrent-abortable-preclean-start]
2015-10-30T15:58:23.643+0000: 5170.824: [GC (Allocation Failure) 5170.824: [ParNew: 35880K->3968K(36288K), 0.0109633 secs] 101704K->82579K(242952K), 0.0110535 secs] [Times: user=0.04 sys=0.00, real=0.01 secs] 
2015-10-30T15:58:23.684+0000: 5170.864: [GC (Allocation Failure) 5170.864: [ParNew: 36288K->3968K(36288K), 0.0106836 secs] 114899K->91489K(242952K), 0.0107657 secs] [Times: user=0.03 sys=0.00, real=0.01 secs] 
2015-10-30T15:58:23.695+0000: 5170.875: [CMS-concurrent-abortable-preclean: 0.674/2.624 secs] [Times: user=0.86 sys=0.00, real=2.62 secs] 
2015-10-30T15:58:23.695+0000: 5170.875: [GC (CMS Final Remark) [YG occupancy: 4343 K (36288 K)]5170.875: [Rescan (parallel) , 0.0041863 secs]5170.880: [weak refs processing, 0.0000158 secs]5170.880: [class unloading, 0.0146220 secs]5170.894: [scrub symbol table, 0.0065870 secs]5170.901: [scrub string table, 0.0007503 secs][1 CMS-remark: 87521K(206664K)] 91864K(242952K), 0.0275642 secs] [Times: user=0.04 sys=0.00, real=0.03 secs] 
2015-10-30T15:58:23.723+0000: 5170.903: [CMS-concurrent-sweep-start]
2015-10-30T15:58:23.745+0000: 5170.925: [GC (Allocation Failure) 5170.925: [ParNew: 36288K->2952K(36288K), 0.0053807 secs] 122318K->92699K(242952K), 0.0054588 secs] [Times: user=0.02 sys=0.00, real=0.01 secs] 
2015-10-30T15:58:23.769+0000: 5170.949: [CMS-concurrent-sweep: 0.040/0.046 secs] [Times: user=0.17 sys=0.00, real=0.05 secs] 
2015-10-30T15:58:23.769+0000: 5170.949: [CMS-concurrent-reset-start]
2015-10-30T15:58:23.771+0000: 5170.952: [CMS-concurrent-reset: 0.003/0.003 secs] [Times: user=0.02 sys=0.00, real=0.00 secs] 
2015-10-30T15:58:23.773+0000: 5170.954: [GC (Allocation Failure) 5170.954: [ParNew: 35272K->2187K(36288K), 0.0027365 secs] 119212K->86127K(242952K), 0.0027810 secs] [Times: user=0.01 sys=0.00, real=0.00 secs] 
2015-10-30T15:58:23.797+0000: 5170.978: [GC (Allocation Failure) 5170.978: [ParNew: 34507K->3284K(36288K), 0.0032753 secs] 118447K->87224K(242952K), 0.0033313 secs] [Times: user=0.01 sys=0.00, real=0.00 secs] 
2015-10-30T15:58:23.821+0000: 5171.002: [GC (Allocation Failure) 5171.002: [ParNew: 35604K->2904K(36288K), 0.0038668 secs] 119544K->87631K(242952K), 0.0039217 secs] [Times: user=0.01 sys=0.00, real=0.01 secs] 
2015-10-30T15:58:23.849+0000: 5171.029: [GC (Allocation Failure) 5171.029: [ParNew: 35224K->3968K(36288K), 0.0033950 secs] 119951K->88695K(242952K), 0.0034531 secs] [Times: user=0.02 sys=0.00, real=0.00 secs] 
2015-10-30T15:58:23.870+0000: 5171.051: [GC (Allocation Failure) 5171.051: [ParNew: 36288K->3313K(36288K), 0.0044429 secs] 121015K->89311K(242952K), 0.0045008 secs] [Times: user=0.01 sys=0.00, real=0.00 secs] 
2015-10-30T15:58:23.894+0000: 5171.074: [GC (Allocation Failure) 5171.074: [ParNew: 35633K->2474K(36288K), 0.0024450 secs] 121631K->88472K(242952K), 0.0025072 secs] [Times: user=0.01 sys=0.00, real=0.00 secs] 
2015-10-30T15:58:23.927+0000: 5171.107: [GC (Allocation Failure) 5171.107: [ParNew: 33570K->3196K(36288K), 0.0031549 secs] 119568K->94512K(242952K), 0.0032246 secs] [Times: user=0.01 sys=0.00, real=0.00 secs] 
2015-10-30T15:58:23.931+0000: 5171.112: [GC (CMS Initial Mark) [1 CMS-initial-mark: 91315K(206664K)] 102490K(242952K), 0.0016809 secs] [Times: user=0.01 sys=0.00, real=0.00 secs] 
2015-10-30T15:58:23.933+0000: 5171.114: [CMS-concurrent-mark-start]
2015-10-30T15:58:23.971+0000: 5171.151: [CMS-concurrent-mark: 0.038/0.038 secs] [Times: user=0.08 sys=0.00, real=0.04 secs] 
2015-10-30T15:58:23.971+0000: 5171.151: [CMS-concurrent-preclean-start]
2015-10-30T15:58:23.972+0000: 5171.153: [CMS-concurrent-preclean: 0.001/0.001 secs] [Times: user=0.00 sys=0.00, real=0.00 secs] 
2015-10-30T15:58:23.972+0000: 5171.153: [CMS-concurrent-abortable-preclean-start]
 CMS: abort preclean due to time 2015-10-30T15:58:28.981+0000: 5176.161: [CMS-concurrent-abortable-preclean: 1.309/5.008 secs] [Times: user=1.42 sys=0.00, real=5.01 secs] 
2015-10-30T15:58:28.981+0000: 5176.161: [GC (CMS Final Remark) [YG occupancy: 21094 K (36288 K)]5176.186: [Rescan (parallel) , 0.0026639 secs]5176.189: [weak refs processing, 0.0000247 secs]5176.189: [class unloading, 0.0149203 secs]5176.204: [scrub symbol table, 0.0066284 secs]5176.210: [scrub string table, 0.0007453 secs][1 CMS-remark: 91315K(206664K)] 112409K(242952K), 0.0509904 secs] [Times: user=0.03 sys=0.00, real=0.05 secs] 
2015-10-30T15:58:29.032+0000: 5176.213: [CMS-concurrent-sweep-start]
2015-10-30T15:58:29.080+0000: 5176.260: [CMS-concurrent-sweep: 0.048/0.048 secs] [Times: user=0.05 sys=0.00, real=0.05 secs] 
2015-10-30T15:58:29.080+0000: 5176.260: [CMS-concurrent-reset-start]
2015-10-30T15:58:29.082+0000: 5176.263: [CMS-concurrent-reset: 0.002/0.002 secs] [Times: user=0.00 sys=0.00, real=0.00 secs] 
2015-10-30T15:58:31.082+0000: 5178.262: [GC (CMS Initial Mark) [1 CMS-initial-mark: 65895K(206664K)] 87274K(242952K), 0.0030210 secs] [Times: user=0.01 sys=0.00, real=0.00 secs] 
2015-10-30T15:58:31.085+0000: 5178.265: [CMS-concurrent-mark-start]
2015-10-30T15:58:31.124+0000: 5178.304: [CMS-concurrent-mark: 0.039/0.039 secs] [Times: user=0.04 sys=0.00, real=0.04 secs] 
2015-10-30T15:58:31.124+0000: 5178.304: [CMS-concurrent-preclean-start]
2015-10-30T15:58:31.126+0000: 5178.307: [CMS-concurrent-preclean: 0.002/0.002 secs] [Times: user=0.00 sys=0.00, real=0.01 secs] 
2015-10-30T15:58:31.126+0000: 5178.307: [CMS-concurrent-abortable-preclean-start]
2015-10-30T15:58:33.648+0000: 5180.828: [GC (Allocation Failure) 5180.828: [ParNew: 35516K->3968K(36288K), 0.0111114 secs] 101412K->83228K(242952K), 0.0112136 secs] [Times: user=0.04 sys=0.00, real=0.01 secs] 
2015-10-30T15:58:33.687+0000: 5180.868: [CMS-concurrent-abortable-preclean: 0.671/2.561 secs] [Times: user=0.82 sys=0.01, real=2.56 secs] 
2015-10-30T15:58:33.688+0000: 5180.868: [GC (CMS Final Remark) [YG occupancy: 35532 K (36288 K)]5180.868: [Rescan (parallel) , 0.0163339 secs]5180.884: [weak refs processing, 0.0000196 secs]5180.885: [class unloading, 0.0148156 secs]5180.899: [scrub symbol table, 0.0066263 secs]5180.906: [scrub string table, 0.0007462 secs][1 CMS-remark: 79260K(206664K)] 114792K(242952K), 0.0399907 secs] [Times: user=0.08 sys=0.00, real=0.04 secs] 
2015-10-30T15:58:33.728+0000: 5180.908: [CMS-concurrent-sweep-start]
2015-10-30T15:58:33.729+0000: 5180.909: [GC (Allocation Failure) 5180.909: [ParNew: 36288K->3968K(36288K), 0.0083664 secs] 115548K->90201K(242952K), 0.0084364 secs] [Times: user=0.03 sys=0.00, real=0.00 secs] 
2015-10-30T15:58:33.761+0000: 5180.942: [GC (Allocation Failure) 5180.942: [ParNew: 36288K->3495K(36288K), 0.0060492 secs] 120838K->91740K(242952K), 0.0061206 secs] [Times: user=0.02 sys=0.00, real=0.01 secs] 
2015-10-30T15:58:33.774+0000: 5180.955: [CMS-concurrent-sweep: 0.029/0.046 secs] [Times: user=0.16 sys=0.00, real=0.04 secs] 
2015-10-30T15:58:33.774+0000: 5180.955: [CMS-concurrent-reset-start]
2015-10-30T15:58:33.777+0000: 5180.957: [CMS-concurrent-reset: 0.003/0.003 secs] [Times: user=0.01 sys=0.00, real=0.00 secs] 
2015-10-30T15:58:33.789+0000: 5180.969: [GC (Allocation Failure) 5180.969: [ParNew: 35815K->2205K(36288K), 0.0026099 secs] 118325K->84715K(242952K), 0.0026678 secs] [Times: user=0.01 sys=0.00, real=0.00 secs] 
2015-10-30T15:58:33.813+0000: 5180.994: [GC (Allocation Failure) 5180.994: [ParNew: 34525K->2899K(36288K), 0.0032400 secs] 117035K->85409K(242952K), 0.0033022 secs] [Times: user=0.02 sys=0.00, real=0.00 secs] 
2015-10-30T15:58:33.840+0000: 5181.021: [GC (Allocation Failure) 5181.021: [ParNew: 35219K->3934K(36288K), 0.0045793 secs] 117729K->87181K(242952K), 0.0046575 secs] [Times: user=0.01 sys=0.00, real=0.01 secs] 
2015-10-30T15:58:33.865+0000: 5181.046: [GC (Allocation Failure) 5181.046: [ParNew: 36254K->2575K(36288K), 0.0031308 secs] 119501K->85822K(242952K), 0.0031926 secs] [Times: user=0.01 sys=0.00, real=0.00 secs] 
2015-10-30T15:58:33.889+0000: 5181.070: [GC (Allocation Failure) 5181.070: [ParNew: 34895K->2618K(36288K), 0.0037765 secs] 118142K->86549K(242952K), 0.0038372 secs] [Times: user=0.01 sys=0.00, real=0.00 secs] 
2015-10-30T15:58:33.917+0000: 5181.098: [GC (Allocation Failure) 5181.098: [ParNew: 34938K->2018K(36288K), 0.0037263 secs] 118869K->86526K(242952K), 0.0037797 secs] [Times: user=0.02 sys=0.00, real=0.00 secs] 
2015-10-30T15:58:33.952+0000: 5181.132: [GC (Allocation Failure) 5181.132: [ParNew: 32579K->3006K(36288K), 0.0028248 secs] 117086K->92832K(242952K), 0.0028963 secs] [Times: user=0.01 sys=0.00, real=0.00 secs] 
2015-10-30T15:58:33.956+0000: 5181.136: [GC (CMS Initial Mark) [1 CMS-initial-mark: 89825K(206664K)] 100808K(242952K), 0.0018458 secs] [Times: user=0.00 sys=0.00, real=0.01 secs] 
2015-10-30T15:58:33.958+0000: 5181.138: [CMS-concurrent-mark-start]
2015-10-30T15:58:34.017+0000: 5181.197: [CMS-concurrent-mark: 0.059/0.059 secs] [Times: user=0.12 sys=0.00, real=0.05 secs] 
2015-10-30T15:58:34.017+0000: 5181.197: [CMS-concurrent-preclean-start]
2015-10-30T15:58:34.019+0000: 5181.199: [CMS-concurrent-preclean: 0.002/0.002 secs] [Times: user=0.01 sys=0.00, real=0.01 secs] 
2015-10-30T15:58:34.019+0000: 5181.199: [CMS-concurrent-abortable-preclean-start]
 CMS: abort preclean due to time 2015-10-30T15:58:39.040+0000: 5186.220: [CMS-concurrent-abortable-preclean: 1.343/5.021 secs] [Times: user=1.43 sys=0.01, real=5.02 secs] 
2015-10-30T15:58:39.040+0000: 5186.220: [GC (CMS Final Remark) [YG occupancy: 20770 K (36288 K)]5186.221: [Rescan (parallel) , 0.0027842 secs]5186.224: [weak refs processing, 0.0000185 secs]5186.224: [class unloading, 0.0147621 secs]5186.239: [scrub symbol table, 0.0066142 secs]5186.246: [scrub string table, 0.0007495 secs][1 CMS-remark: 89825K(206664K)] 110596K(242952K), 0.0272675 secs] [Times: user=0.03 sys=0.00, real=0.03 secs] 
2015-10-30T15:58:39.067+0000: 5186.248: [CMS-concurrent-sweep-start]
2015-10-30T15:58:39.094+0000: 5186.274: [CMS-concurrent-sweep: 0.026/0.026 secs] [Times: user=0.03 sys=0.00, real=0.02 secs] 
2015-10-30T15:58:39.094+0000: 5186.274: [CMS-concurrent-reset-start]
2015-10-30T15:58:39.096+0000: 5186.277: [CMS-concurrent-reset: 0.002/0.002 secs] [Times: user=0.00 sys=0.00, real=0.00 secs] 
2015-10-30T15:58:41.097+0000: 5188.277: [GC (CMS Initial Mark) [1 CMS-initial-mark: 65508K(206664K)] 86523K(242952K), 0.0030377 secs] [Times: user=0.01 sys=0.00, real=0.01 secs] 
2015-10-30T15:58:41.100+0000: 5188.280: [CMS-concurrent-mark-start]
2015-10-30T15:58:41.138+0000: 5188.318: [CMS-concurrent-mark: 0.038/0.038 secs] [Times: user=0.04 sys=0.00, real=0.04 secs] 
2015-10-30T15:58:41.138+0000: 5188.318: [CMS-concurrent-preclean-start]
2015-10-30T15:58:41.140+0000: 5188.320: [CMS-concurrent-preclean: 0.002/0.002 secs] [Times: user=0.00 sys=0.00, real=0.00 secs] 
2015-10-30T15:58:41.140+0000: 5188.320: [CMS-concurrent-abortable-preclean-start]
2015-10-30T15:58:43.641+0000: 5190.822: [GC (Allocation Failure) 5190.822: [ParNew: 35326K->3968K(36288K), 0.0110367 secs] 100834K->82704K(242952K), 0.0111338 secs] [Times: user=0.04 sys=0.00, real=0.01 secs] 
2015-10-30T15:58:43.682+0000: 5190.863: [CMS-concurrent-abortable-preclean: 0.649/2.542 secs] [Times: user=0.80 sys=0.01, real=2.54 secs] 
2015-10-30T15:58:43.683+0000: 5190.864: [GC (CMS Final Remark) [YG occupancy: 26540 K (36288 K)]5190.864: [Rescan (parallel) , 0.0111919 secs]5190.875: [weak refs processing, 0.0000185 secs]5190.875: [class unloading, 0.0146604 secs]5190.890: [scrub symbol table, 0.0065939 secs]5190.896: [scrub string table, 0.0007471 secs][1 CMS-remark: 78736K(206664K)] 105277K(242952K), 0.0346471 secs] [Times: user=0.07 sys=0.00, real=0.04 secs] 
2015-10-30T15:58:43.718+0000: 5190.899: [CMS-concurrent-sweep-start]
2015-10-30T15:58:43.725+0000: 5190.906: [GC (Allocation Failure) 5190.906: [ParNew: 36288K->3968K(36288K), 0.0097537 secs] 115021K->89647K(242952K), 0.0098194 secs] [Times: user=0.03 sys=0.00, real=0.00 secs] 
2015-10-30T15:58:43.754+0000: 5190.934: [CMS-concurrent-sweep: 0.025/0.035 secs] [Times: user=0.12 sys=0.00, real=0.03 secs] 
2015-10-30T15:58:43.754+0000: 5190.934: [CMS-concurrent-reset-start]
2015-10-30T15:58:43.756+0000: 5190.937: [CMS-concurrent-reset: 0.003/0.003 secs] [Times: user=0.01 sys=0.00, real=0.00 secs] 
2015-10-30T15:58:43.757+0000: 5190.937: [GC (Allocation Failure) 5190.937: [ParNew: 36288K->3620K(36288K), 0.0051266 secs] 116548K->87664K(242952K), 0.0051763 secs] [Times: user=0.01 sys=0.00, real=0.01 secs] 
2015-10-30T15:58:43.778+0000: 5190.959: [GC (Allocation Failure) 5190.959: [ParNew: 35940K->2244K(36288K), 0.0024815 secs] 119984K->86288K(242952K), 0.0025405 secs] [Times: user=0.01 sys=0.00, real=0.00 secs] 
2015-10-30T15:58:43.799+0000: 5190.980: [GC (Allocation Failure) 5190.980: [ParNew: 34564K->2795K(36288K), 0.0031975 secs] 118608K->86839K(242952K), 0.0032653 secs] [Times: user=0.02 sys=0.00, real=0.00 secs] 
2015-10-30T15:58:43.825+0000: 5191.005: [GC (Allocation Failure) 5191.005: [ParNew: 35115K->3254K(36288K), 0.0044058 secs] 119159K->88012K(242952K), 0.0044670 secs] [Times: user=0.01 sys=0.01, real=0.01 secs] 
2015-10-30T15:58:43.850+0000: 5191.030: [GC (Allocation Failure) 5191.030: [ParNew: 35574K->3629K(36288K), 0.0044026 secs] 120332K->89067K(242952K), 0.0044622 secs] [Times: user=0.02 sys=0.00, real=0.00 secs] 
2015-10-30T15:58:43.873+0000: 5191.053: [GC (Allocation Failure) 5191.053: [ParNew: 35949K->2197K(36288K), 0.0036506 secs] 121387K->88205K(242952K), 0.0037196 secs] [Times: user=0.01 sys=0.00, real=0.00 secs] 
2015-10-30T15:58:43.897+0000: 5191.078: [GC (Allocation Failure) 5191.078: [ParNew: 34517K->2083K(36288K), 0.0024826 secs] 120525K->88090K(242952K), 0.0025407 secs] [Times: user=0.01 sys=0.00, real=0.00 secs] 
2015-10-30T15:58:43.929+0000: 5191.110: [GC (Allocation Failure) 5191.110: [ParNew: 32495K->2907K(36288K), 0.0034495 secs] 118503K->94232K(242952K), 0.0035160 secs] [Times: user=0.01 sys=0.00, real=0.00 secs] 
2015-10-30T15:58:43.934+0000: 5191.114: [GC (CMS Initial Mark) [1 CMS-initial-mark: 91325K(206664K)] 102209K(242952K), 0.0020422 secs] [Times: user=0.01 sys=0.00, real=0.00 secs] 
2015-10-30T15:58:43.936+0000: 5191.117: [CMS-concurrent-mark-start]
2015-10-30T15:58:43.994+0000: 5191.174: [CMS-concurrent-mark: 0.057/0.057 secs] [Times: user=0.11 sys=0.00, real=0.06 secs] 
2015-10-30T15:58:43.994+0000: 5191.174: [CMS-concurrent-preclean-start]
2015-10-30T15:58:43.995+0000: 5191.176: [CMS-concurrent-preclean: 0.002/0.002 secs] [Times: user=0.01 sys=0.00, real=0.00 secs] 
2015-10-30T15:58:43.995+0000: 5191.176: [CMS-concurrent-abortable-preclean-start]
 CMS: abort preclean due to time 2015-10-30T15:58:49.063+0000: 5196.243: [CMS-concurrent-abortable-preclean: 1.367/5.067 secs] [Times: user=1.45 sys=0.03, real=5.07 secs] 
2015-10-30T15:58:49.063+0000: 5196.243: [GC (CMS Final Remark) [YG occupancy: 20781 K (36288 K)]5196.243: [Rescan (parallel) , 0.0029547 secs]5196.246: [weak refs processing, 0.0000203 secs]5196.246: [class unloading, 0.0146272 secs]5196.261: [scrub symbol table, 0.0066151 secs]5196.268: [scrub string table, 0.0007383 secs][1 CMS-remark: 91325K(206664K)] 112107K(242952K), 0.0263824 secs] [Times: user=0.04 sys=0.00, real=0.03 secs] 
2015-10-30T15:58:49.089+0000: 5196.270: [CMS-concurrent-sweep-start]
2015-10-30T15:58:49.118+0000: 5196.298: [CMS-concurrent-sweep: 0.028/0.028 secs] [Times: user=0.03 sys=0.00, real=0.03 secs] 
2015-10-30T15:58:49.118+0000: 5196.298: [CMS-concurrent-reset-start]
2015-10-30T15:58:49.120+0000: 5196.300: [CMS-concurrent-reset: 0.002/0.002 secs] [Times: user=0.00 sys=0.00, real=0.00 secs] 
2015-10-30T15:58:51.120+0000: 5198.300: [GC (CMS Initial Mark) [1 CMS-initial-mark: 67055K(206664K)] 88097K(242952K), 0.0032492 secs] [Times: user=0.01 sys=0.00, real=0.00 secs] 
2015-10-30T15:58:51.123+0000: 5198.304: [CMS-concurrent-mark-start]
2015-10-30T15:58:51.160+0000: 5198.341: [CMS-concurrent-mark: 0.037/0.037 secs] [Times: user=0.04 sys=0.00, real=0.04 secs] 
2015-10-30T15:58:51.161+0000: 5198.341: [CMS-concurrent-preclean-start]
2015-10-30T15:58:51.163+0000: 5198.343: [CMS-concurrent-preclean: 0.002/0.002 secs] [Times: user=0.00 sys=0.00, real=0.00 secs] 
2015-10-30T15:58:51.163+0000: 5198.343: [CMS-concurrent-abortable-preclean-start]
2015-10-30T15:58:53.661+0000: 5200.842: [GC (Allocation Failure) 5200.842: [ParNew: 35227K->3968K(36288K), 0.0111486 secs] 102282K->84272K(242952K), 0.0112431 secs] [Times: user=0.04 sys=0.00, real=0.01 secs] 
2015-10-30T15:58:53.698+0000: 5200.878: [CMS-concurrent-abortable-preclean: 0.616/2.535 secs] [Times: user=0.77 sys=0.00, real=2.54 secs] 
2015-10-30T15:58:53.698+0000: 5200.879: [GC (CMS Final Remark) [YG occupancy: 29421 K (36288 K)]5200.879: [Rescan (parallel) , 0.0127865 secs]5200.891: [weak refs processing, 0.0000493 secs]5200.891: [class unloading, 0.0146253 secs]5200.906: [scrub symbol table, 0.0066184 secs]5200.913: [scrub string table, 0.0007426 secs][1 CMS-remark: 80304K(206664K)] 109726K(242952K), 0.0362540 secs] [Times: user=0.07 sys=0.00, real=0.03 secs] 
2015-10-30T15:58:53.734+0000: 5200.915: [CMS-concurrent-sweep-start]
2015-10-30T15:58:53.739+0000: 5200.920: [GC (Allocation Failure) 5200.920: [ParNew: 36288K->3968K(36288K), 0.0095334 secs] 116441K->91681K(242952K), 0.0096077 secs] [Times: user=0.04 sys=0.00, real=0.01 secs] 
2015-10-30T15:58:53.767+0000: 5200.947: [CMS-concurrent-sweep: 0.023/0.033 secs] [Times: user=0.12 sys=0.00, real=0.04 secs] 
2015-10-30T15:58:53.767+0000: 5200.948: [CMS-concurrent-reset-start]
2015-10-30T15:58:53.770+0000: 5200.950: [CMS-concurrent-reset: 0.003/0.003 secs] [Times: user=0.01 sys=0.00, real=0.00 secs] 
2015-10-30T15:58:53.773+0000: 5200.953: [GC (Allocation Failure) 5200.953: [ParNew: 36288K->3675K(36288K), 0.0055039 secs] 117274K->88403K(242952K), 0.0055504 secs] [Times: user=0.02 sys=0.00, real=0.01 secs] 
2015-10-30T15:58:53.795+0000: 5200.976: [GC (Allocation Failure) 5200.976: [ParNew: 35995K->2260K(36288K), 0.0024528 secs] 120723K->86989K(242952K), 0.0025109 secs] [Times: user=0.01 sys=0.00, real=0.01 secs] 
2015-10-30T15:58:53.817+0000: 5200.998: [GC (Allocation Failure) 5200.998: [ParNew: 34580K->2820K(36288K), 0.0031781 secs] 119309K->87548K(242952K), 0.0032355 secs] [Times: user=0.01 sys=0.00, real=0.00 secs] 
2015-10-30T15:58:53.844+0000: 5201.024: [GC (Allocation Failure) 5201.024: [ParNew: 35140K->2747K(36288K), 0.0085592 secs] 119868K->88199K(242952K), 0.0086290 secs] [Times: user=0.02 sys=0.00, real=0.01 secs] 
2015-10-30T15:58:53.873+0000: 5201.054: [GC (Allocation Failure) 5201.054: [ParNew: 35067K->3136K(36288K), 0.0046442 secs] 120519K->89260K(242952K), 0.0047071 secs] [Times: user=0.02 sys=0.00, real=0.01 secs] 
2015-10-30T15:58:53.896+0000: 5201.077: [GC (Allocation Failure) 5201.077: [ParNew: 35456K->2433K(36288K), 0.0033314 secs] 121580K->89130K(242952K), 0.0033900 secs] [Times: user=0.01 sys=0.00, real=0.01 secs] 
2015-10-30T15:58:53.921+0000: 5201.102: [GC (Allocation Failure) 5201.102: [ParNew: 34753K->2567K(36288K), 0.0034293 secs] 121450K->89265K(242952K), 0.0035006 secs] [Times: user=0.01 sys=0.00, real=0.00 secs] 
2015-10-30T15:58:53.954+0000: 5201.134: [GC (Allocation Failure) 5201.134: [ParNew: 32790K->3688K(36288K), 0.0029457 secs] 119488K->95704K(242952K), 0.0030200 secs] [Times: user=0.01 sys=0.00, real=0.00 secs] 
2015-10-30T15:58:53.958+0000: 5201.138: [GC (CMS Initial Mark) [1 CMS-initial-mark: 92015K(206664K)] 103681K(242952K), 0.0017483 secs] [Times: user=0.01 sys=0.00, real=0.00 secs] 
2015-10-30T15:58:53.960+0000: 5201.140: [CMS-concurrent-mark-start]
2015-10-30T15:58:53.997+0000: 5201.177: [CMS-concurrent-mark: 0.037/0.037 secs] [Times: user=0.07 sys=0.00, real=0.03 secs] 
2015-10-30T15:58:53.997+0000: 5201.178: [CMS-concurrent-preclean-start]
2015-10-30T15:58:53.998+0000: 5201.179: [CMS-concurrent-preclean: 0.001/0.001 secs] [Times: user=0.00 sys=0.00, real=0.01 secs] 
2015-10-30T15:58:53.998+0000: 5201.179: [CMS-concurrent-abortable-preclean-start]
 CMS: abort preclean due to time 2015-10-30T15:58:59.068+0000: 5206.248: [CMS-concurrent-abortable-preclean: 1.329/5.069 secs] [Times: user=1.42 sys=0.01, real=5.07 secs] 
2015-10-30T15:58:59.068+0000: 5206.248: [GC (CMS Final Remark) [YG occupancy: 21497 K (36288 K)]5206.248: [Rescan (parallel) , 0.0036067 secs]5206.252: [weak refs processing, 0.0000212 secs]5206.252: [class unloading, 0.0148617 secs]5206.267: [scrub symbol table, 0.0066630 secs]5206.274: [scrub string table, 0.0007545 secs][1 CMS-remark: 92015K(206664K)] 113513K(242952K), 0.0273682 secs] [Times: user=0.04 sys=0.00, real=0.02 secs] 
2015-10-30T15:58:59.095+0000: 5206.276: [CMS-concurrent-sweep-start]
2015-10-30T15:58:59.119+0000: 5206.300: [CMS-concurrent-sweep: 0.024/0.024 secs] [Times: user=0.02 sys=0.00, real=0.03 secs] 
2015-10-30T15:58:59.120+0000: 5206.300: [CMS-concurrent-reset-start]
2015-10-30T15:58:59.122+0000: 5206.302: [CMS-concurrent-reset: 0.002/0.002 secs] [Times: user=0.01 sys=0.00, real=0.00 secs] 
2015-10-30T15:59:00.196+0000: 5207.376: [GC (Allocation Failure) 5207.376: [ParNew: 35985K->3968K(36288K), 0.0053810 secs] 103020K->74447K(242952K), 0.0054541 secs] [Times: user=0.01 sys=0.00, real=0.01 secs] 
2015-10-30T15:59:00.229+0000: 5207.410: [GC (Allocation Failure) 5207.410: [ParNew: 36288K->3968K(36288K), 0.0083373 secs] 106767K->77995K(242952K), 0.0084147 secs] [Times: user=0.02 sys=0.00, real=0.01 secs] 
2015-10-30T15:59:00.264+0000: 5207.445: [GC (Allocation Failure) 5207.445: [ParNew: 36288K->3831K(36288K), 0.0044222 secs] 110315K->79340K(242952K), 0.0044892 secs] [Times: user=0.01 sys=0.00, real=0.01 secs] 
2015-10-30T15:59:03.664+0000: 5210.845: [GC (Allocation Failure) 5210.845: [ParNew: 36151K->3968K(36288K), 0.0157531 secs] 111660K->96664K(242952K), 0.0158501 secs] [Times: user=0.06 sys=0.00, real=0.02 secs] 
2015-10-30T15:59:03.705+0000: 5210.886: [GC (Allocation Failure) 5210.886: [ParNew: 36288K->3968K(36288K), 0.0063712 secs] 128984K->100707K(242952K), 0.0064473 secs] [Times: user=0.02 sys=0.00, real=0.00 secs] 
2015-10-30T15:59:03.730+0000: 5210.911: [GC (Allocation Failure) 5210.911: [ParNew: 36288K->2065K(36288K), 0.0048729 secs] 133027K->101112K(242952K), 0.0049380 secs] [Times: user=0.01 sys=0.00, real=0.00 secs] 
2015-10-30T15:59:03.753+0000: 5210.933: [GC (Allocation Failure) 5210.933: [ParNew: 34385K->2034K(36288K), 0.0024874 secs] 133432K->101081K(242952K), 0.0025487 secs] [Times: user=0.01 sys=0.00, real=0.00 secs] 
2015-10-30T15:59:03.777+0000: 5210.958: [GC (Allocation Failure) 5210.958: [ParNew: 34354K->2780K(36288K), 0.0030031 secs] 133401K->101827K(242952K), 0.0030697 secs] [Times: user=0.01 sys=0.00, real=0.00 secs] 
2015-10-30T15:59:03.800+0000: 5210.980: [GC (Allocation Failure) 5210.980: [ParNew: 35100K->3539K(36288K), 0.0040607 secs] 134147K->103291K(242952K), 0.0041328 secs] [Times: user=0.01 sys=0.00, real=0.00 secs] 
2015-10-30T15:59:03.825+0000: 5211.006: [GC (Allocation Failure) 5211.006: [ParNew: 35859K->2881K(36288K), 0.0042498 secs] 135611K->103275K(242952K), 0.0043113 secs] [Times: user=0.02 sys=0.00, real=0.00 secs] 
2015-10-30T15:59:03.852+0000: 5211.032: [GC (Allocation Failure) 5211.032: [ParNew: 35201K->2695K(36288K), 0.0034460 secs] 135595K->103725K(242952K), 0.0035059 secs] [Times: user=0.01 sys=0.00, real=0.00 secs] 
2015-10-30T15:59:03.877+0000: 5211.058: [GC (Allocation Failure) 5211.058: [ParNew: 35015K->2138K(36288K), 0.0024453 secs] 136045K->103167K(242952K), 0.0025040 secs] [Times: user=0.01 sys=0.00, real=0.00 secs] 
2015-10-30T15:59:03.910+0000: 5211.091: [GC (Allocation Failure) 5211.091: [ParNew: 33392K->3113K(36288K), 0.0032086 secs] 134422K->112119K(242952K), 0.0032887 secs] [Times: user=0.02 sys=0.00, real=0.00 secs] 
2015-10-30T15:59:03.914+0000: 5211.094: [GC (CMS Initial Mark) [1 CMS-initial-mark: 109006K(206664K)] 114971K(242952K), 0.0016698 secs] [Times: user=0.00 sys=0.00, real=0.00 secs] 
2015-10-30T15:59:03.916+0000: 5211.096: [CMS-concurrent-mark-start]
2015-10-30T15:59:03.953+0000: 5211.134: [CMS-concurrent-mark: 0.038/0.038 secs] [Times: user=0.08 sys=0.00, real=0.04 secs] 
2015-10-30T15:59:03.953+0000: 5211.134: [CMS-concurrent-preclean-start]
2015-10-30T15:59:03.955+0000: 5211.136: [CMS-concurrent-preclean: 0.002/0.002 secs] [Times: user=0.00 sys=0.00, real=0.00 secs] 
2015-10-30T15:59:03.955+0000: 5211.136: [CMS-concurrent-abortable-preclean-start]
 CMS: abort preclean due to time 2015-10-30T15:59:09.065+0000: 5216.246: [CMS-concurrent-abortable-preclean: 1.218/5.110 secs] [Times: user=1.32 sys=0.02, real=5.12 secs] 
2015-10-30T15:59:09.066+0000: 5216.246: [GC (CMS Final Remark) [YG occupancy: 13877 K (36288 K)]5216.246: [Rescan (parallel) , 0.0025410 secs]5216.249: [weak refs processing, 0.0000164 secs]5216.249: [class unloading, 0.0152440 secs]5216.264: [scrub symbol table, 0.0066311 secs]5216.271: [scrub string table, 0.0007501 secs][1 CMS-remark: 109006K(206664K)] 122883K(242952K), 0.0266298 secs] [Times: user=0.03 sys=0.00, real=0.02 secs] 
2015-10-30T15:59:09.092+0000: 5216.273: [CMS-concurrent-sweep-start]
2015-10-30T15:59:09.121+0000: 5216.301: [CMS-concurrent-sweep: 0.028/0.028 secs] [Times: user=0.03 sys=0.00, real=0.03 secs] 
2015-10-30T15:59:09.121+0000: 5216.301: [CMS-concurrent-reset-start]
2015-10-30T15:59:09.123+0000: 5216.304: [CMS-concurrent-reset: 0.002/0.002 secs] [Times: user=0.00 sys=0.00, real=0.00 secs] 
2015-10-30T15:59:11.123+0000: 5218.303: [GC (CMS Initial Mark) [1 CMS-initial-mark: 60926K(206664K)] 75038K(242952K), 0.0033716 secs] [Times: user=0.01 sys=0.00, real=0.01 secs] 
2015-10-30T15:59:11.126+0000: 5218.307: [CMS-concurrent-mark-start]
2015-10-30T15:59:11.164+0000: 5218.345: [CMS-concurrent-mark: 0.038/0.038 secs] [Times: user=0.04 sys=0.00, real=0.03 secs] 
2015-10-30T15:59:11.164+0000: 5218.345: [CMS-concurrent-preclean-start]
2015-10-30T15:59:11.166+0000: 5218.347: [CMS-concurrent-preclean: 0.002/0.002 secs] [Times: user=0.00 sys=0.00, real=0.01 secs] 
2015-10-30T15:59:11.167+0000: 5218.347: [CMS-concurrent-abortable-preclean-start]
2015-10-30T15:59:12.868+0000: 5220.049: [GC (Allocation Failure) 5220.049: [ParNew: 35433K->3968K(36288K), 0.0193167 secs] 96359K->84732K(242952K), 0.0194098 secs] [Times: user=0.07 sys=0.00, real=0.02 secs] 
2015-10-30T15:59:12.912+0000: 5220.093: [GC (Allocation Failure) 5220.093: [ParNew: 36288K->3535K(36288K), 0.0046973 secs] 117052K->86125K(242952K), 0.0047711 secs] [Times: user=0.02 sys=0.00, real=0.01 secs] 
2015-10-30T15:59:12.925+0000: 5220.105: [CMS-concurrent-abortable-preclean: 0.392/1.758 secs] [Times: user=0.61 sys=0.01, real=1.75 secs] 
2015-10-30T15:59:12.929+0000: 5220.109: [GC (CMS Final Remark) [YG occupancy: 17594 K (36288 K)]5220.109: [Rescan (parallel) , 0.0101215 secs]5220.119: [weak refs processing, 0.0000195 secs]5220.119: [class unloading, 0.0150512 secs]5220.134: [scrub symbol table, 0.0067449 secs]5220.141: [scrub string table, 0.0007710 secs][1 CMS-remark: 82590K(206664K)] 100184K(242952K), 0.0342261 secs] [Times: user=0.06 sys=0.00, real=0.03 secs] 
2015-10-30T15:59:12.963+0000: 5220.143: [CMS-concurrent-sweep-start]
2015-10-30T15:59:12.974+0000: 5220.155: [GC (Allocation Failure) 5220.155: [ParNew: 35855K->3005K(36288K), 0.0032554 secs] 118436K->85586K(242952K), 0.0033272 secs] [Times: user=0.01 sys=0.00, real=0.01 secs] 
2015-10-30T15:59:13.001+0000: 5220.181: [GC (Allocation Failure) 5220.181: [ParNew: 35325K->2667K(36288K), 0.0044870 secs] 117484K->86389K(242952K), 0.0045497 secs] [Times: user=0.02 sys=0.00, real=0.01 secs] 
2015-10-30T15:59:13.009+0000: 5220.189: [CMS-concurrent-sweep: 0.037/0.046 secs] [Times: user=0.18 sys=0.00, real=0.05 secs] 
2015-10-30T15:59:13.009+0000: 5220.189: [CMS-concurrent-reset-start]
2015-10-30T15:59:13.011+0000: 5220.192: [CMS-concurrent-reset: 0.003/0.003 secs] [Times: user=0.01 sys=0.00, real=0.00 secs] 
2015-10-30T15:59:13.025+0000: 5220.205: [GC (Allocation Failure) 5220.205: [ParNew: 34987K->2471K(36288K), 0.0030327 secs] 118674K->86157K(242952K), 0.0030996 secs] [Times: user=0.01 sys=0.00, real=0.01 secs] 
2015-10-30T15:59:13.048+0000: 5220.229: [GC (Allocation Failure) 5220.229: [ParNew: 34791K->2351K(36288K), 0.0038772 secs] 118477K->86723K(242952K), 0.0039412 secs] [Times: user=0.01 sys=0.00, real=0.00 secs] 
2015-10-30T15:59:13.070+0000: 5220.251: [GC (Allocation Failure) 5220.251: [ParNew: 34671K->3835K(36288K), 0.0040587 secs] 119043K->88207K(242952K), 0.0041214 secs] [Times: user=0.01 sys=0.00, real=0.00 secs] 
2015-10-30T15:59:13.094+0000: 5220.274: [GC (Allocation Failure) 5220.274: [ParNew: 36155K->2683K(36288K), 0.0053672 secs] 120527K->88309K(242952K), 0.0054439 secs] [Times: user=0.01 sys=0.00, real=0.01 secs] 
2015-10-30T15:59:13.118+0000: 5220.298: [GC (Allocation Failure) 5220.298: [ParNew: 35003K->2376K(36288K), 0.0029774 secs] 120629K->88002K(242952K), 0.0030376 secs] [Times: user=0.00 sys=0.00, real=0.00 secs] 
2015-10-30T15:59:13.151+0000: 5220.332: [GC (Allocation Failure) 5220.332: [ParNew: 32500K->2697K(36288K), 0.0031542 secs] 118126K->96301K(242952K), 0.0032356 secs] [Times: user=0.01 sys=0.00, real=0.00 secs] 
2015-10-30T15:59:13.155+0000: 5220.336: [GC (CMS Initial Mark) [1 CMS-initial-mark: 93603K(206664K)] 99160K(242952K), 0.0018944 secs] [Times: user=0.01 sys=0.00, real=0.01 secs] 
2015-10-30T15:59:13.157+0000: 5220.338: [CMS-concurrent-mark-start]
2015-10-30T15:59:13.196+0000: 5220.376: [CMS-concurrent-mark: 0.038/0.038 secs] [Times: user=0.08 sys=0.00, real=0.03 secs] 
2015-10-30T15:59:13.196+0000: 5220.376: [CMS-concurrent-preclean-start]
2015-10-30T15:59:13.197+0000: 5220.378: [CMS-concurrent-preclean: 0.001/0.001 secs] [Times: user=0.00 sys=0.00, real=0.01 secs] 
2015-10-30T15:59:13.197+0000: 5220.378: [CMS-concurrent-abortable-preclean-start]
 CMS: abort preclean due to time 2015-10-30T15:59:18.212+0000: 5225.392: [CMS-concurrent-abortable-preclean: 1.262/5.015 secs] [Times: user=1.41 sys=0.01, real=5.01 secs] 
2015-10-30T15:59:18.212+0000: 5225.392: [GC (CMS Final Remark) [YG occupancy: 17138 K (36288 K)]5225.392: [Rescan (parallel) , 0.0027582 secs]5225.395: [weak refs processing, 0.0000192 secs]5225.395: [class unloading, 0.0147901 secs]5225.410: [scrub symbol table, 0.0065959 secs]5225.417: [scrub string table, 0.0007388 secs][1 CMS-remark: 93603K(206664K)] 110742K(242952K), 0.0263378 secs] [Times: user=0.04 sys=0.00, real=0.03 secs] 
2015-10-30T15:59:18.239+0000: 5225.419: [CMS-concurrent-sweep-start]
2015-10-30T15:59:18.266+0000: 5225.446: [CMS-concurrent-sweep: 0.027/0.027 secs] [Times: user=0.03 sys=0.00, real=0.03 secs] 
2015-10-30T15:59:18.266+0000: 5225.446: [CMS-concurrent-reset-start]
2015-10-30T15:59:18.268+0000: 5225.448: [CMS-concurrent-reset: 0.002/0.002 secs] [Times: user=0.00 sys=0.00, real=0.00 secs] 
2015-10-30T15:59:20.268+0000: 5227.449: [GC (CMS Initial Mark) [1 CMS-initial-mark: 62130K(206664K)] 79946K(242952K), 0.0028816 secs] [Times: user=0.01 sys=0.00, real=0.00 secs] 
2015-10-30T15:59:20.271+0000: 5227.452: [CMS-concurrent-mark-start]
2015-10-30T15:59:20.310+0000: 5227.490: [CMS-concurrent-mark: 0.039/0.039 secs] [Times: user=0.03 sys=0.00, real=0.04 secs] 
2015-10-30T15:59:20.310+0000: 5227.490: [CMS-concurrent-preclean-start]
2015-10-30T15:59:20.312+0000: 5227.493: [CMS-concurrent-preclean: 0.002/0.002 secs] [Times: user=0.01 sys=0.00, real=0.00 secs] 
2015-10-30T15:59:20.312+0000: 5227.493: [CMS-concurrent-abortable-preclean-start]
2015-10-30T15:59:22.861+0000: 5230.041: [GC (Allocation Failure) 5230.041: [ParNew: 34817K->3968K(36288K), 0.0146100 secs] 96948K->81771K(242952K), 0.0147042 secs] [Times: user=0.05 sys=0.00, real=0.01 secs] 
2015-10-30T15:59:22.902+0000: 5230.082: [GC (Allocation Failure) 5230.082: [ParNew: 36288K->3968K(36288K), 0.0080929 secs] 114091K->87634K(242952K), 0.0081687 secs] [Times: user=0.02 sys=0.00, real=0.01 secs] 
2015-10-30T15:59:22.928+0000: 5230.109: [CMS-concurrent-abortable-preclean: 0.613/2.616 secs] [Times: user=0.85 sys=0.01, real=2.62 secs] 
2015-10-30T15:59:22.929+0000: 5230.109: [GC (CMS Final Remark) [YG occupancy: 32878 K (36288 K)]5230.109: [Rescan (parallel) , 0.0186269 secs]5230.128: [weak refs processing, 0.0000391 secs]5230.128: [class unloading, 0.0146805 secs]5230.143: [scrub symbol table, 0.0066227 secs]5230.149: [scrub string table, 0.0007539 secs][1 CMS-remark: 83666K(206664K)] 116545K(242952K), 0.0421554 secs] [Times: user=0.10 sys=0.00, real=0.04 secs] 
2015-10-30T15:59:22.972+0000: 5230.153: [CMS-concurrent-sweep-start]
2015-10-30T15:59:22.974+0000: 5230.154: [GC (Allocation Failure) 5230.154: [ParNew: 36288K->3466K(36288K), 0.0044685 secs] 119946K->90784K(242952K), 0.0045230 secs] [Times: user=0.01 sys=0.00, real=0.01 secs] 
2015-10-30T15:59:23.001+0000: 5230.181: [GC (Allocation Failure) 5230.182: [ParNew: 35786K->2372K(36288K), 0.0026496 secs] 122413K->88999K(242952K), 0.0027084 secs] [Times: user=0.01 sys=0.00, real=0.00 secs] 
2015-10-30T15:59:23.007+0000: 5230.188: [CMS-concurrent-sweep: 0.027/0.035 secs] [Times: user=0.13 sys=0.00, real=0.04 secs] 
2015-10-30T15:59:23.007+0000: 5230.188: [CMS-concurrent-reset-start]
2015-10-30T15:59:23.010+0000: 5230.190: [CMS-concurrent-reset: 0.003/0.003 secs] [Times: user=0.01 sys=0.00, real=0.00 secs] 
2015-10-30T15:59:23.023+0000: 5230.204: [GC (Allocation Failure) 5230.204: [ParNew: 34692K->3004K(36288K), 0.0033801 secs] 121255K->89566K(242952K), 0.0034348 secs] [Times: user=0.01 sys=0.00, real=0.01 secs] 
2015-10-30T15:59:23.049+0000: 5230.230: [GC (Allocation Failure) 5230.230: [ParNew: 35324K->2791K(36288K), 0.0040368 secs] 121886K->90075K(242952K), 0.0040951 secs] [Times: user=0.01 sys=0.00, real=0.00 secs] 
2015-10-30T15:59:23.073+0000: 5230.254: [GC (Allocation Failure) 5230.254: [ParNew: 35111K->3632K(36288K), 0.0044309 secs] 122395K->91596K(242952K), 0.0044916 secs] [Times: user=0.01 sys=0.00, real=0.01 secs] 
2015-10-30T15:59:23.097+0000: 5230.278: [GC (Allocation Failure) 5230.278: [ParNew: 35952K->2381K(36288K), 0.0033247 secs] 123916K->90959K(242952K), 0.0033819 secs] [Times: user=0.02 sys=0.00, real=0.00 secs] 
2015-10-30T15:59:23.120+0000: 5230.301: [GC (Allocation Failure) 5230.301: [ParNew: 34701K->2236K(36288K), 0.0024165 secs] 123279K->90814K(242952K), 0.0024722 secs] [Times: user=0.01 sys=0.00, real=0.00 secs] 
2015-10-30T15:59:23.150+0000: 5230.330: [GC (Allocation Failure) 5230.330: [ParNew: 29472K->2953K(36288K), 0.0032725 secs] 118050K->96849K(242952K), 0.0033456 secs] [Times: user=0.01 sys=0.00, real=0.00 secs] 
2015-10-30T15:59:23.154+0000: 5230.335: [GC (CMS Initial Mark) [1 CMS-initial-mark: 93896K(206664K)] 104826K(242952K), 0.0018519 secs] [Times: user=0.00 sys=0.00, real=0.00 secs] 
2015-10-30T15:59:23.156+0000: 5230.337: [CMS-concurrent-mark-start]
2015-10-30T15:59:23.194+0000: 5230.374: [CMS-concurrent-mark: 0.038/0.038 secs] [Times: user=0.08 sys=0.00, real=0.04 secs] 
2015-10-30T15:59:23.194+0000: 5230.374: [CMS-concurrent-preclean-start]
2015-10-30T15:59:23.195+0000: 5230.376: [CMS-concurrent-preclean: 0.001/0.001 secs] [Times: user=0.00 sys=0.00, real=0.00 secs] 
2015-10-30T15:59:23.195+0000: 5230.376: [CMS-concurrent-abortable-preclean-start]
 CMS: abort preclean due to time 2015-10-30T15:59:28.205+0000: 5235.385: [CMS-concurrent-abortable-preclean: 1.160/5.009 secs] [Times: user=1.33 sys=0.00, real=5.01 secs] 
2015-10-30T15:59:28.205+0000: 5235.385: [GC (CMS Final Remark) [YG occupancy: 25342 K (36288 K)]5235.385: [Rescan (parallel) , 0.0025185 secs]5235.388: [weak refs processing, 0.0000216 secs]5235.388: [class unloading, 0.0146885 secs]5235.403: [scrub symbol table, 0.0066646 secs]5235.409: [scrub string table, 0.0007566 secs][1 CMS-remark: 93896K(206664K)] 119238K(242952K), 0.0260734 secs] [Times: user=0.03 sys=0.00, real=0.03 secs] 
2015-10-30T15:59:28.231+0000: 5235.412: [CMS-concurrent-sweep-start]
2015-10-30T15:59:28.258+0000: 5235.438: [CMS-concurrent-sweep: 0.027/0.027 secs] [Times: user=0.03 sys=0.00, real=0.03 secs] 
2015-10-30T15:59:28.258+0000: 5235.438: [CMS-concurrent-reset-start]
2015-10-30T15:59:28.260+0000: 5235.440: [CMS-concurrent-reset: 0.002/0.002 secs] [Times: user=0.00 sys=0.00, real=0.00 secs] 
2015-10-30T15:59:30.260+0000: 5237.440: [GC (CMS Initial Mark) [1 CMS-initial-mark: 68295K(206664K)] 94466K(242952K), 0.0030691 secs] [Times: user=0.01 sys=0.00, real=0.00 secs] 
2015-10-30T15:59:30.263+0000: 5237.443: [CMS-concurrent-mark-start]
2015-10-30T15:59:30.300+0000: 5237.481: [CMS-concurrent-mark: 0.037/0.037 secs] [Times: user=0.04 sys=0.00, real=0.04 secs] 
2015-10-30T15:59:30.300+0000: 5237.481: [CMS-concurrent-preclean-start]
2015-10-30T15:59:30.303+0000: 5237.483: [CMS-concurrent-preclean: 0.002/0.002 secs] [Times: user=0.00 sys=0.00, real=0.00 secs] 
2015-10-30T15:59:30.303+0000: 5237.483: [CMS-concurrent-abortable-preclean-start]
2015-10-30T15:59:33.632+0000: 5240.813: [GC (Allocation Failure) 5240.813: [ParNew: 35273K->3968K(36288K), 0.0056680 secs] 103568K->80629K(242952K), 0.0057657 secs] [Times: user=0.02 sys=0.00, real=0.01 secs] 
2015-10-30T15:59:33.678+0000: 5240.859: [CMS-concurrent-abortable-preclean: 0.862/3.376 secs] [Times: user=0.99 sys=0.00, real=3.38 secs] 
2015-10-30T15:59:33.680+0000: 5240.861: [GC (CMS Final Remark) [YG occupancy: 32880 K (36288 K)]5240.861: [Rescan (parallel) , 0.0126522 secs]5240.874: [weak refs processing, 0.0000200 secs]5240.874: [class unloading, 0.0152692 secs]5240.889: [scrub symbol table, 0.0068073 secs]5240.896: [scrub string table, 0.0007573 secs][1 CMS-remark: 76661K(206664K)] 109542K(242952K), 0.0370463 secs] [Times: user=0.08 sys=0.00, real=0.04 secs] 
2015-10-30T15:59:33.718+0000: 5240.898: [CMS-concurrent-sweep-start]
2015-10-30T15:59:33.720+0000: 5240.901: [GC (Allocation Failure) 5240.901: [ParNew: 36288K->3968K(36288K), 0.0144985 secs] 112887K->91820K(242952K), 0.0145771 secs] [Times: user=0.05 sys=0.00, real=0.01 secs] 
2015-10-30T15:59:33.757+0000: 5240.938: [GC (Allocation Failure) 5240.938: [ParNew: 36288K->3667K(36288K), 0.0057658 secs] 123257K->94554K(242952K), 0.0058502 secs] [Times: user=0.02 sys=0.00, real=0.00 secs] 
2015-10-30T15:59:33.767+0000: 5240.947: [CMS-concurrent-sweep: 0.027/0.049 secs] [Times: user=0.17 sys=0.00, real=0.05 secs] 
2015-10-30T15:59:33.767+0000: 5240.947: [CMS-concurrent-reset-start]
2015-10-30T15:59:33.769+0000: 5240.950: [CMS-concurrent-reset: 0.003/0.003 secs] [Times: user=0.01 sys=0.00, real=0.00 secs] 
2015-10-30T15:59:33.785+0000: 5240.966: [GC (Allocation Failure) 5240.966: [ParNew: 35987K->2014K(36288K), 0.0030946 secs] 120945K->86972K(242952K), 0.0031547 secs] [Times: user=0.01 sys=0.00, real=0.00 secs] 
2015-10-30T15:59:33.806+0000: 5240.987: [GC (Allocation Failure) 5240.987: [ParNew: 34334K->3067K(36288K), 0.0036422 secs] 119292K->88026K(242952K), 0.0037053 secs] [Times: user=0.01 sys=0.00, real=0.00 secs] 
2015-10-30T15:59:33.832+0000: 5241.012: [GC (Allocation Failure) 5241.012: [ParNew: 35387K->3458K(36288K), 0.0046972 secs] 120346K->89199K(242952K), 0.0047628 secs] [Times: user=0.02 sys=0.00, real=0.00 secs] 
2015-10-30T15:59:33.857+0000: 5241.038: [GC (Allocation Failure) 5241.038: [ParNew: 35778K->3238K(36288K), 0.0047354 secs] 121519K->89701K(242952K), 0.0048020 secs] [Times: user=0.02 sys=0.00, real=0.00 secs] 
2015-10-30T15:59:33.881+0000: 5241.061: [GC (Allocation Failure) 5241.061: [ParNew: 35558K->2311K(36288K), 0.0036222 secs] 122021K->89334K(242952K), 0.0036964 secs] [Times: user=0.01 sys=0.00, real=0.00 secs] 
2015-10-30T15:59:33.905+0000: 5241.086: [GC (Allocation Failure) 5241.086: [ParNew: 34631K->2298K(36288K), 0.0024655 secs] 121654K->89321K(242952K), 0.0025259 secs] [Times: user=0.01 sys=0.00, real=0.00 secs] 
2015-10-30T15:59:33.941+0000: 5241.121: [GC (Allocation Failure) 5241.121: [ParNew: 33643K->3968K(36288K), 0.0033952 secs] 120665K->99481K(242952K), 0.0034915 secs] [Times: user=0.01 sys=0.00, real=0.01 secs] 
2015-10-30T15:59:33.950+0000: 5241.130: [GC (CMS Initial Mark) [1 CMS-initial-mark: 95513K(206664K)] 104799K(242952K), 0.0022545 secs] [Times: user=0.01 sys=0.00, real=0.00 secs] 
2015-10-30T15:59:33.952+0000: 5241.133: [CMS-concurrent-mark-start]
2015-10-30T15:59:34.012+0000: 5241.192: [CMS-concurrent-mark: 0.059/0.059 secs] [Times: user=0.12 sys=0.00, real=0.06 secs] 
2015-10-30T15:59:34.012+0000: 5241.192: [CMS-concurrent-preclean-start]
2015-10-30T15:59:34.014+0000: 5241.194: [CMS-concurrent-preclean: 0.002/0.002 secs] [Times: user=0.00 sys=0.00, real=0.00 secs] 
2015-10-30T15:59:34.014+0000: 5241.195: [CMS-concurrent-abortable-preclean-start]
 CMS: abort preclean due to time 2015-10-30T15:59:39.027+0000: 5246.208: [CMS-concurrent-abortable-preclean: 1.303/5.013 secs] [Times: user=1.40 sys=0.00, real=5.02 secs] 
2015-10-30T15:59:39.028+0000: 5246.208: [GC (CMS Final Remark) [YG occupancy: 27294 K (36288 K)]5246.209: [Rescan (parallel) , 0.0036527 secs]5246.213: [weak refs processing, 0.0000195 secs]5246.213: [class unloading, 0.0146420 secs]5246.228: [scrub symbol table, 0.0066264 secs]5246.234: [scrub string table, 0.0007478 secs][1 CMS-remark: 95513K(206664K)] 122808K(242952K), 0.0283540 secs] [Times: user=0.04 sys=0.00, real=0.02 secs] 
2015-10-30T15:59:39.056+0000: 5246.237: [CMS-concurrent-sweep-start]
2015-10-30T15:59:39.084+0000: 5246.264: [CMS-concurrent-sweep: 0.028/0.028 secs] [Times: user=0.03 sys=0.00, real=0.03 secs] 
2015-10-30T15:59:39.084+0000: 5246.264: [CMS-concurrent-reset-start]
2015-10-30T15:59:39.086+0000: 5246.267: [CMS-concurrent-reset: 0.002/0.002 secs] [Times: user=0.00 sys=0.00, real=0.01 secs] 
2015-10-30T15:59:41.087+0000: 5248.267: [GC (CMS Initial Mark) [1 CMS-initial-mark: 66852K(206664K)] 94361K(242952K), 0.0032535 secs] [Times: user=0.01 sys=0.00, real=0.00 secs] 
2015-10-30T15:59:41.090+0000: 5248.270: [CMS-concurrent-mark-start]
2015-10-30T15:59:41.130+0000: 5248.310: [CMS-concurrent-mark: 0.040/0.040 secs] [Times: user=0.04 sys=0.00, real=0.04 secs] 
2015-10-30T15:59:41.130+0000: 5248.310: [CMS-concurrent-preclean-start]
2015-10-30T15:59:41.132+0000: 5248.312: [CMS-concurrent-preclean: 0.002/0.002 secs] [Times: user=0.00 sys=0.00, real=0.00 secs] 
2015-10-30T15:59:41.132+0000: 5248.312: [CMS-concurrent-abortable-preclean-start]
2015-10-30T15:59:42.863+0000: 5250.044: [GC (Allocation Failure) 5250.044: [ParNew: 36281K->3968K(36288K), 0.0069126 secs] 103134K->80225K(242952K), 0.0069973 secs] [Times: user=0.03 sys=0.00, real=0.01 secs] 
2015-10-30T15:59:42.912+0000: 5250.092: [GC (Allocation Failure) 5250.092: [ParNew: 36288K->3968K(36288K), 0.0150992 secs] 112545K->92159K(242952K), 0.0151745 secs] [Times: user=0.05 sys=0.00, real=0.02 secs] 
2015-10-30T15:59:42.949+0000: 5250.129: [GC (Allocation Failure) 5250.129: [ParNew: 36288K->3032K(36288K), 0.0064131 secs] 124479K->95037K(242952K), 0.0064786 secs] [Times: user=0.02 sys=0.00, real=0.00 secs] 
2015-10-30T15:59:42.956+0000: 5250.136: [CMS-concurrent-abortable-preclean: 0.499/1.824 secs] [Times: user=0.76 sys=0.00, real=1.82 secs] 
2015-10-30T15:59:42.959+0000: 5250.140: [GC (CMS Final Remark) [YG occupancy: 4802 K (36288 K)]5250.140: [Rescan (parallel) , 0.0084028 secs]5250.148: [weak refs processing, 0.0000155 secs]5250.148: [class unloading, 0.0148318 secs]5250.163: [scrub symbol table, 0.0066541 secs]5250.170: [scrub string table, 0.0007533 secs][1 CMS-remark: 92005K(206664K)] 96807K(242952K), 0.0321314 secs] [Times: user=0.06 sys=0.00, real=0.03 secs] 
2015-10-30T15:59:42.992+0000: 5250.172: [CMS-concurrent-sweep-start]
2015-10-30T15:59:43.011+0000: 5250.192: [GC (Allocation Failure) 5250.192: [ParNew: 35352K->2000K(36288K), 0.0026144 secs] 126291K->92939K(242952K), 0.0026721 secs] [Times: user=0.01 sys=0.00, real=0.00 secs] 
2015-10-30T15:59:43.019+0000: 5250.199: [CMS-concurrent-sweep: 0.024/0.027 secs] [Times: user=0.10 sys=0.00, real=0.03 secs] 
2015-10-30T15:59:43.019+0000: 5250.199: [CMS-concurrent-reset-start]
2015-10-30T15:59:43.021+0000: 5250.202: [CMS-concurrent-reset: 0.003/0.003 secs] [Times: user=0.01 sys=0.00, real=0.00 secs] 
2015-10-30T15:59:43.034+0000: 5250.214: [GC (Allocation Failure) 5250.214: [ParNew: 34320K->3239K(36288K), 0.0033752 secs] 122664K->91582K(242952K), 0.0034304 secs] [Times: user=0.02 sys=0.00, real=0.01 secs] 
2015-10-30T15:59:43.056+0000: 5250.237: [GC (Allocation Failure) 5250.237: [ParNew: 35559K->2930K(36288K), 0.0042594 secs] 123902K->92008K(242952K), 0.0043176 secs] [Times: user=0.02 sys=0.00, real=0.01 secs] 
2015-10-30T15:59:43.080+0000: 5250.261: [GC (Allocation Failure) 5250.261: [ParNew: 35250K->3237K(36288K), 0.0040587 secs] 124328K->93039K(242952K), 0.0041369 secs] [Times: user=0.02 sys=0.00, real=0.00 secs] 
2015-10-30T15:59:43.102+0000: 5250.282: [GC (Allocation Failure) 5250.282: [ParNew: 35557K->3014K(36288K), 0.0029067 secs] 125359K->92816K(242952K), 0.0029669 secs] [Times: user=0.01 sys=0.00, real=0.00 secs] 
2015-10-30T15:59:43.125+0000: 5250.306: [GC (Allocation Failure) 5250.306: [ParNew: 35334K->2058K(36288K), 0.0034164 secs] 125136K->92485K(242952K), 0.0034745 secs] [Times: user=0.02 sys=0.00, real=0.00 secs] 
2015-10-30T15:59:43.159+0000: 5250.340: [GC (Allocation Failure) 5250.340: [ParNew: 31612K->3968K(36288K), 0.0031651 secs] 122039K->102865K(242952K), 0.0032431 secs] [Times: user=0.01 sys=0.00, real=0.00 secs] 
2015-10-30T15:59:43.164+0000: 5250.344: [GC (CMS Initial Mark) [1 CMS-initial-mark: 98897K(206664K)] 108183K(242952K), 0.0018946 secs] [Times: user=0.01 sys=0.00, real=0.01 secs] 
2015-10-30T15:59:43.166+0000: 5250.346: [CMS-concurrent-mark-start]
2015-10-30T15:59:43.203+0000: 5250.383: [CMS-concurrent-mark: 0.037/0.037 secs] [Times: user=0.07 sys=0.00, real=0.03 secs] 
2015-10-30T15:59:43.203+0000: 5250.383: [CMS-concurrent-preclean-start]
2015-10-30T15:59:43.204+0000: 5250.385: [CMS-concurrent-preclean: 0.002/0.002 secs] [Times: user=0.01 sys=0.00, real=0.00 secs] 
2015-10-30T15:59:43.204+0000: 5250.385: [CMS-concurrent-abortable-preclean-start]
 CMS: abort preclean due to time 2015-10-30T15:59:48.213+0000: 5255.393: [CMS-concurrent-abortable-preclean: 1.279/5.008 secs] [Times: user=1.44 sys=0.01, real=5.01 secs] 
2015-10-30T15:59:48.213+0000: 5255.394: [GC (CMS Final Remark) [YG occupancy: 31654 K (36288 K)]5255.394: [Rescan (parallel) , 0.0024943 secs]5255.396: [weak refs processing, 0.0000206 secs]5255.396: [class unloading, 0.0146778 secs]5255.411: [scrub symbol table, 0.0066451 secs]5255.417: [scrub string table, 0.0007607 secs][1 CMS-remark: 98897K(206664K)] 130552K(242952K), 0.0260325 secs] [Times: user=0.03 sys=0.00, real=0.03 secs] 
2015-10-30T15:59:48.239+0000: 5255.420: [CMS-concurrent-sweep-start]
2015-10-30T15:59:48.263+0000: 5255.444: [CMS-concurrent-sweep: 0.024/0.024 secs] [Times: user=0.03 sys=0.00, real=0.02 secs] 
2015-10-30T15:59:48.263+0000: 5255.444: [CMS-concurrent-reset-start]
2015-10-30T15:59:48.266+0000: 5255.446: [CMS-concurrent-reset: 0.002/0.002 secs] [Times: user=0.00 sys=0.00, real=0.01 secs] 
2015-10-30T15:59:50.266+0000: 5257.446: [GC (CMS Initial Mark) [1 CMS-initial-mark: 65635K(206664K)] 97953K(242952K), 0.0028639 secs] [Times: user=0.01 sys=0.00, real=0.00 secs] 
2015-10-30T15:59:50.269+0000: 5257.449: [CMS-concurrent-mark-start]
2015-10-30T15:59:50.307+0000: 5257.487: [CMS-concurrent-mark: 0.038/0.038 secs] [Times: user=0.04 sys=0.00, real=0.04 secs] 
2015-10-30T15:59:50.307+0000: 5257.487: [CMS-concurrent-preclean-start]
2015-10-30T15:59:50.309+0000: 5257.490: [CMS-concurrent-preclean: 0.002/0.002 secs] [Times: user=0.00 sys=0.00, real=0.00 secs] 
2015-10-30T15:59:50.309+0000: 5257.490: [CMS-concurrent-abortable-preclean-start]
2015-10-30T15:59:52.884+0000: 5260.065: [GC (Allocation Failure) 5260.065: [ParNew: 36288K->3968K(36288K), 0.0060630 secs] 101923K->74581K(242952K), 0.0061361 secs] [Times: user=0.02 sys=0.00, real=0.01 secs] 
2015-10-30T15:59:52.928+0000: 5260.108: [GC (Allocation Failure) 5260.108: [ParNew: 36288K->3968K(36288K), 0.0142539 secs] 106901K->87192K(242952K), 0.0143394 secs] [Times: user=0.05 sys=0.00, real=0.01 secs] 
2015-10-30T15:59:52.964+0000: 5260.145: [GC (Allocation Failure) 5260.145: [ParNew: 36288K->3044K(36288K), 0.0055304 secs] 119512K->90215K(242952K), 0.0055920 secs] [Times: user=0.02 sys=0.00, real=0.01 secs] 
2015-10-30T15:59:52.989+0000: 5260.170: [GC (Allocation Failure) 5260.170: [ParNew: 35364K->1985K(36288K), 0.0030526 secs] 122535K->89155K(242952K), 0.0031127 secs] [Times: user=0.01 sys=0.00, real=0.00 secs] 
2015-10-30T15:59:53.006+0000: 5260.187: [CMS-concurrent-abortable-preclean: 0.702/2.697 secs] [Times: user=1.04 sys=0.01, real=2.70 secs] 
2015-10-30T15:59:53.013+0000: 5260.194: [GC (CMS Final Remark) [YG occupancy: 23097 K (36288 K)]5260.194: [Rescan (parallel) , 0.0141896 secs]5260.208: [weak refs processing, 0.0000189 secs]5260.208: [class unloading, 0.0147554 secs]5260.223: [scrub symbol table, 0.0066481 secs]5260.229: [scrub string table, 0.0007581 secs][1 CMS-remark: 87170K(206664K)] 110267K(242952K), 0.0378389 secs] [Times: user=0.07 sys=0.00, real=0.04 secs] 
2015-10-30T15:59:53.051+0000: 5260.232: [CMS-concurrent-sweep-start]
2015-10-30T15:59:53.059+0000: 5260.240: [GC (Allocation Failure) 5260.240: [ParNew: 34305K->3579K(36288K), 0.0036462 secs] 121406K->90680K(242952K), 0.0037108 secs] [Times: user=0.02 sys=0.00, real=0.00 secs] 
2015-10-30T15:59:53.081+0000: 5260.262: [CMS-concurrent-sweep: 0.026/0.030 secs] [Times: user=0.12 sys=0.00, real=0.03 secs] 
2015-10-30T15:59:53.081+0000: 5260.262: [CMS-concurrent-reset-start]
2015-10-30T15:59:53.084+0000: 5260.264: [CMS-concurrent-reset: 0.003/0.003 secs] [Times: user=0.01 sys=0.00, real=0.00 secs] 
2015-10-30T15:59:53.089+0000: 5260.269: [GC (Allocation Failure) 5260.269: [ParNew: 35899K->2966K(36288K), 0.0041823 secs] 119377K->87256K(242952K), 0.0042265 secs] [Times: user=0.02 sys=0.00, real=0.00 secs] 
2015-10-30T15:59:53.113+0000: 5260.294: [GC (Allocation Failure) 5260.294: [ParNew: 35286K->3286K(36288K), 0.0041680 secs] 119576K->88271K(242952K), 0.0042295 secs] [Times: user=0.02 sys=0.00, real=0.01 secs] 
2015-10-30T15:59:53.135+0000: 5260.315: [GC (Allocation Failure) 5260.315: [ParNew: 35606K->3380K(36288K), 0.0037497 secs] 120591K->88934K(242952K), 0.0038119 secs] [Times: user=0.02 sys=0.00, real=0.01 secs] 
2015-10-30T15:59:53.157+0000: 5260.337: [GC (Allocation Failure) 5260.337: [ParNew: 35700K->2397K(36288K), 0.0030601 secs] 121254K->87951K(242952K), 0.0031176 secs] [Times: user=0.01 sys=0.00, real=0.01 secs] 
2015-10-30T15:59:53.195+0000: 5260.375: [GC (Allocation Failure) 5260.375: [ParNew: 33268K->3968K(36288K), 0.0030863 secs] 118822K->92696K(242952K), 0.0031539 secs] [Times: user=0.02 sys=0.00, real=0.01 secs] 
2015-10-30T15:59:53.199+0000: 5260.379: [GC (CMS Initial Mark) [1 CMS-initial-mark: 88728K(206664K)] 98014K(242952K), 0.0018847 secs] [Times: user=0.00 sys=0.00, real=0.00 secs] 
2015-10-30T15:59:53.201+0000: 5260.381: [CMS-concurrent-mark-start]
2015-10-30T15:59:53.259+0000: 5260.439: [CMS-concurrent-mark: 0.058/0.058 secs] [Times: user=0.12 sys=0.00, real=0.06 secs] 
2015-10-30T15:59:53.259+0000: 5260.439: [CMS-concurrent-preclean-start]
2015-10-30T15:59:53.261+0000: 5260.441: [CMS-concurrent-preclean: 0.002/0.002 secs] [Times: user=0.00 sys=0.00, real=0.00 secs] 
2015-10-30T15:59:53.261+0000: 5260.441: [CMS-concurrent-abortable-preclean-start]
2015-10-30T15:59:57.792+0000: 5264.972: [GC (Allocation Failure) 5264.972: [ParNew: 36288K->1766K(36288K), 0.0053572 secs] 125016K->95599K(242952K), 0.0054263 secs] [Times: user=0.02 sys=0.00, real=0.01 secs] 
 CMS: abort preclean due to time 2015-10-30T15:59:58.345+0000: 5265.525: [CMS-concurrent-abortable-preclean: 1.262/5.084 secs] [Times: user=1.45 sys=0.00, real=5.08 secs] 
2015-10-30T15:59:58.345+0000: 5265.526: [GC (CMS Final Remark) [YG occupancy: 3115 K (36288 K)]5265.527: [Rescan (parallel) , 0.0015309 secs]5265.528: [weak refs processing, 0.0000224 secs]5265.528: [class unloading, 0.0149813 secs]5265.543: [scrub symbol table, 0.0067475 secs]5265.550: [scrub string table, 0.0007546 secs][1 CMS-remark: 93832K(206664K)] 96948K(242952K), 0.0264216 secs] [Times: user=0.03 sys=0.00, real=0.02 secs] 
2015-10-30T15:59:58.372+0000: 5265.552: [CMS-concurrent-sweep-start]
2015-10-30T15:59:58.396+0000: 5265.577: [CMS-concurrent-sweep: 0.024/0.024 secs] [Times: user=0.02 sys=0.00, real=0.02 secs] 
2015-10-30T15:59:58.396+0000: 5265.577: [CMS-concurrent-reset-start]
2015-10-30T15:59:58.399+0000: 5265.579: [CMS-concurrent-reset: 0.002/0.002 secs] [Times: user=0.00 sys=0.00, real=0.01 secs] 
2015-10-30T16:00:00.084+0000: 5267.265: [GC (Allocation Failure) 5267.265: [ParNew: 34086K->3968K(36288K), 0.0103729 secs] 105944K->82152K(242952K), 0.0104718 secs] [Times: user=0.04 sys=0.00, real=0.01 secs] 
2015-10-30T16:00:00.115+0000: 5267.295: [GC (Allocation Failure) 5267.295: [ParNew: 36288K->3968K(36288K), 0.0061902 secs] 114472K->84118K(242952K), 0.0062782 secs] [Times: user=0.02 sys=0.00, real=0.01 secs] 
2015-10-30T16:00:00.142+0000: 5267.323: [GC (Allocation Failure) 5267.323: [ParNew: 36288K->3047K(36288K), 0.0056272 secs] 116438K->86481K(242952K), 0.0057028 secs] [Times: user=0.02 sys=0.00, real=0.01 secs] 
2015-10-30T16:00:00.387+0000: 5267.567: [GC (Allocation Failure) 5267.567: [ParNew: 35367K->3968K(36288K), 0.0036724 secs] 118801K->87571K(242952K), 0.0037405 secs] [Times: user=0.02 sys=0.00, real=0.00 secs] 
2015-10-30T16:00:00.423+0000: 5267.603: [GC (Allocation Failure) 5267.603: [ParNew: 36288K->3891K(36288K), 0.0119434 secs] 119955K->90619K(242952K), 0.0120252 secs] [Times: user=0.03 sys=0.00, real=0.01 secs] 
2015-10-30T16:00:00.441+0000: 5267.622: [GC (GCLocker Initiated GC) 5267.622: [ParNew: 7866K->3292K(36288K), 0.0072730 secs] 94593K->92850K(242952K), 0.0073571 secs] [Times: user=0.02 sys=0.00, real=0.01 secs] 
2015-10-30T16:00:00.479+0000: 5267.660: [GC (Allocation Failure) 5267.660: [ParNew: 35612K->3968K(36288K), 0.0051593 secs] 125170K->94745K(242952K), 0.0052306 secs] [Times: user=0.02 sys=0.00, real=0.00 secs] 
2015-10-30T16:00:00.485+0000: 5267.665: [GC (GCLocker Initiated GC) 5267.666: [ParNew: 4107K->1664K(36288K), 0.0075488 secs] 94884K->96258K(242952K), 0.0075956 secs] [Times: user=0.01 sys=0.00, real=0.01 secs] 
2015-10-30T16:00:00.493+0000: 5267.674: [GC (CMS Initial Mark) [1 CMS-initial-mark: 94593K(206664K)] 96593K(242952K), 0.0012039 secs] [Times: user=0.00 sys=0.00, real=0.00 secs] 
2015-10-30T16:00:00.494+0000: 5267.675: [CMS-concurrent-mark-start]
2015-10-30T16:00:00.518+0000: 5267.698: [GC (Allocation Failure) 5267.698: [ParNew: 33984K->2933K(36288K), 0.0036583 secs] 128578K->97526K(242952K), 0.0037372 secs] [Times: user=0.01 sys=0.00, real=0.00 secs] 
2015-10-30T16:00:00.546+0000: 5267.726: [CMS-concurrent-mark: 0.047/0.051 secs] [Times: user=0.13 sys=0.00, real=0.06 secs] 
2015-10-30T16:00:00.546+0000: 5267.726: [CMS-concurrent-preclean-start]
2015-10-30T16:00:00.548+0000: 5267.728: [CMS-concurrent-preclean: 0.002/0.002 secs] [Times: user=0.01 sys=0.00, real=0.00 secs] 
2015-10-30T16:00:00.548+0000: 5267.728: [CMS-concurrent-abortable-preclean-start]
2015-10-30T16:00:03.300+0000: 5270.481: [GC (Allocation Failure) 5270.481: [ParNew: 36288K->3968K(36288K), 0.0066675 secs] 130887K->101296K(242952K), 0.0067423 secs] [Times: user=0.03 sys=0.00, real=0.01 secs] 
2015-10-30T16:00:03.311+0000: 5270.491: [GC (GCLocker Initiated GC) 5270.491: [ParNew: 7035K->2282K(36288K), 0.0047924 secs] 104363K->102345K(242952K), 0.0048400 secs] [Times: user=0.01 sys=0.00, real=0.00 secs] 
2015-10-30T16:00:03.335+0000: 5270.515: [CMS-concurrent-abortable-preclean: 0.665/2.787 secs] [Times: user=0.92 sys=0.01, real=2.78 secs] 
2015-10-30T16:00:03.339+0000: 5270.520: [GC (CMS Final Remark) [YG occupancy: 18986 K (36288 K)]5270.520: [Rescan (parallel) , 0.0069160 secs]5270.526: [weak refs processing, 0.0000290 secs]5270.527: [class unloading, 0.0153879 secs]5270.542: [scrub symbol table, 0.0067488 secs]5270.549: [scrub string table, 0.0007559 secs][1 CMS-remark: 100062K(206664K)] 119048K(242952K), 0.0313254 secs] [Times: user=0.05 sys=0.01, real=0.03 secs] 
2015-10-30T16:00:03.371+0000: 5270.551: [CMS-concurrent-sweep-start]
2015-10-30T16:00:03.388+0000: 5270.569: [GC (Allocation Failure) 5270.569: [ParNew: 34866K->3968K(36288K), 0.0066028 secs] 126085K->95940K(242952K), 0.0066797 secs] [Times: user=0.02 sys=0.00, real=0.00 secs] 
2015-10-30T16:00:03.397+0000: 5270.577: [GC (GCLocker Initiated GC) 5270.577: [ParNew: 4893K->3045K(36288K), 0.0082294 secs] 95835K->98034K(242952K), 0.0082950 secs] [Times: user=0.03 sys=0.00, real=0.01 secs] 
2015-10-30T16:00:03.433+0000: 5270.614: [GC (Allocation Failure) 5270.614: [ParNew: 35365K->3968K(36288K), 0.0061698 secs] 129821K->99039K(242952K), 0.0062499 secs] [Times: user=0.03 sys=0.00, real=0.01 secs] 
2015-10-30T16:00:03.471+0000: 5270.652: [CMS-concurrent-sweep: 0.078/0.101 secs] [Times: user=0.30 sys=0.01, real=0.10 secs] 
2015-10-30T16:00:03.471+0000: 5270.652: [CMS-concurrent-reset-start]
2015-10-30T16:00:03.474+0000: 5270.654: [CMS-concurrent-reset: 0.002/0.002 secs] [Times: user=0.01 sys=0.00, real=0.00 secs] 
2015-10-30T16:00:03.665+0000: 5270.846: [GC (Allocation Failure) 5270.846: [ParNew: 36288K->3968K(36288K), 0.0122585 secs] 106431K->84589K(242952K), 0.0123513 secs] [Times: user=0.04 sys=0.00, real=0.01 secs] 
2015-10-30T16:00:03.678+0000: 5270.858: [GC (CMS Initial Mark) [1 CMS-initial-mark: 80621K(206664K)] 84735K(242952K), 0.0014585 secs] [Times: user=0.00 sys=0.00, real=0.00 secs] 
2015-10-30T16:00:03.679+0000: 5270.860: [CMS-concurrent-mark-start]
2015-10-30T16:00:03.729+0000: 5270.910: [CMS-concurrent-mark: 0.050/0.050 secs] [Times: user=0.12 sys=0.00, real=0.05 secs] 
2015-10-30T16:00:03.730+0000: 5270.910: [GC (Allocation Failure) 5270.910: [ParNew: 36288K->3968K(36288K), 0.0166595 secs] 116909K->94923K(242952K), 0.0167341 secs] [Times: user=0.05 sys=0.00, real=0.02 secs] 
2015-10-30T16:00:03.746+0000: 5270.927: [CMS-concurrent-preclean-start]
2015-10-30T16:00:03.764+0000: 5270.944: [CMS-concurrent-preclean: 0.016/0.017 secs] [Times: user=0.05 sys=0.00, real=0.01 secs] 
2015-10-30T16:00:03.764+0000: 5270.944: [CMS-concurrent-abortable-preclean-start]
2015-10-30T16:00:03.776+0000: 5270.956: [GC (Allocation Failure) 5270.957: [ParNew: 36288K->3850K(36288K), 0.0059610 secs] 127243K->98426K(242952K), 0.0060422 secs] [Times: user=0.02 sys=0.00, real=0.01 secs] 
2015-10-30T16:00:03.789+0000: 5270.970: [CMS-concurrent-abortable-preclean: 0.018/0.025 secs] [Times: user=0.08 sys=0.00, real=0.03 secs] 
2015-10-30T16:00:03.792+0000: 5270.972: [GC (CMS Final Remark) [YG occupancy: 11460 K (36288 K)]5270.972: [Rescan (parallel) , 0.0060391 secs]5270.978: [weak refs processing, 0.0000237 secs]5270.978: [class unloading, 0.0156659 secs]5270.994: [scrub symbol table, 0.0071247 secs]5271.001: [scrub string table, 0.0007767 secs][1 CMS-remark: 94575K(206664K)] 106035K(242952K), 0.0311672 secs] [Times: user=0.05 sys=0.00, real=0.03 secs] 
2015-10-30T16:00:03.823+0000: 5271.004: [CMS-concurrent-sweep-start]
2015-10-30T16:00:03.839+0000: 5271.020: [GC (Allocation Failure) 5271.020: [ParNew: 36170K->2444K(36288K), 0.0028250 secs] 127907K->94181K(242952K), 0.0028868 secs] [Times: user=0.01 sys=0.00, real=0.00 secs] 
2015-10-30T16:00:03.865+0000: 5271.046: [GC (Allocation Failure) 5271.046: [ParNew: 34764K->3588K(36288K), 0.0070238 secs] 116660K->85483K(242952K), 0.0071027 secs] [Times: user=0.02 sys=0.01, real=0.00 secs] 
2015-10-30T16:00:03.880+0000: 5271.061: [CMS-concurrent-sweep: 0.047/0.057 secs] [Times: user=0.19 sys=0.01, real=0.06 secs] 
2015-10-30T16:00:03.881+0000: 5271.061: [CMS-concurrent-reset-start]
2015-10-30T16:00:03.883+0000: 5271.064: [CMS-concurrent-reset: 0.003/0.003 secs] [Times: user=0.01 sys=0.00, real=0.00 secs] 
2015-10-30T16:00:03.897+0000: 5271.078: [GC (Allocation Failure) 5271.078: [ParNew: 35908K->3401K(36288K), 0.0055491 secs] 113628K->81918K(242952K), 0.0056381 secs] [Times: user=0.02 sys=0.00, real=0.01 secs] 
2015-10-30T16:00:03.925+0000: 5271.106: [GC (Allocation Failure) 5271.106: [ParNew: 35721K->3941K(36288K), 0.0038991 secs] 114238K->82458K(242952K), 0.0039686 secs] [Times: user=0.01 sys=0.00, real=0.00 secs] 
2015-10-30T16:00:03.948+0000: 5271.128: [GC (Allocation Failure) 5271.128: [ParNew: 36261K->3303K(36288K), 0.0044404 secs] 114778K->83070K(242952K), 0.0045134 secs] [Times: user=0.01 sys=0.00, real=0.00 secs] 
2015-10-30T16:00:03.973+0000: 5271.154: [GC (Allocation Failure) 5271.154: [ParNew: 35623K->2543K(36288K), 0.0031128 secs] 115390K->82310K(242952K), 0.0031741 secs] [Times: user=0.01 sys=0.00, real=0.00 secs] 
2015-10-30T16:00:04.010+0000: 5271.190: [GC (Allocation Failure) 5271.190: [ParNew: 30584K->3968K(36288K), 0.0037104 secs] 110351K->92220K(242952K), 0.0037893 secs] [Times: user=0.01 sys=0.00, real=0.00 secs] 
2015-10-30T16:00:04.015+0000: 5271.195: [GC (CMS Initial Mark) [1 CMS-initial-mark: 88252K(206664K)] 97537K(242952K), 0.0018984 secs] [Times: user=0.00 sys=0.00, real=0.00 secs] 
2015-10-30T16:00:04.017+0000: 5271.197: [CMS-concurrent-mark-start]
2015-10-30T16:00:04.055+0000: 5271.236: [CMS-concurrent-mark: 0.038/0.038 secs] [Times: user=0.08 sys=0.00, real=0.04 secs] 
2015-10-30T16:00:04.055+0000: 5271.236: [CMS-concurrent-preclean-start]
2015-10-30T16:00:04.057+0000: 5271.237: [CMS-concurrent-preclean: 0.002/0.002 secs] [Times: user=0.00 sys=0.00, real=0.00 secs] 
2015-10-30T16:00:04.057+0000: 5271.237: [CMS-concurrent-abortable-preclean-start]
2015-10-30T16:00:09.047+0000: 5276.227: [GC (Allocation Failure) 5276.227: [ParNew: 36288K->3968K(36288K), 0.0099156 secs] 124540K->96143K(242952K), 0.0100047 secs] [Times: user=0.03 sys=0.00, real=0.00 secs] 
 CMS: abort preclean due to time 2015-10-30T16:00:09.085+0000: 5276.266: [CMS-concurrent-abortable-preclean: 1.257/5.028 secs] [Times: user=1.45 sys=0.01, real=5.04 secs] 
2015-10-30T16:00:09.086+0000: 5276.266: [GC (CMS Final Remark) [YG occupancy: 15676 K (36288 K)]5276.266: [Rescan (parallel) , 0.0048153 secs]5276.271: [weak refs processing, 0.0000166 secs]5276.271: [class unloading, 0.0146721 secs]5276.286: [scrub symbol table, 0.0066417 secs]5276.292: [scrub string table, 0.0007510 secs][1 CMS-remark: 92175K(206664K)] 107851K(242952K), 0.0283293 secs] [Times: user=0.04 sys=0.00, real=0.02 secs] 
2015-10-30T16:00:09.114+0000: 5276.295: [CMS-concurrent-sweep-start]
2015-10-30T16:00:09.139+0000: 5276.319: [CMS-concurrent-sweep: 0.025/0.025 secs] [Times: user=0.02 sys=0.00, real=0.03 secs] 
2015-10-30T16:00:09.139+0000: 5276.319: [CMS-concurrent-reset-start]
2015-10-30T16:00:09.141+0000: 5276.322: [CMS-concurrent-reset: 0.002/0.002 secs] [Times: user=0.00 sys=0.00, real=0.00 secs] 
2015-10-30T16:00:10.506+0000: 5277.686: [GC (Allocation Failure) 5277.686: [ParNew: 36288K->3748K(36288K), 0.0047135 secs] 104608K->75389K(242952K), 0.0048012 secs] [Times: user=0.02 sys=0.00, real=0.00 secs] 
2015-10-30T16:00:12.877+0000: 5280.057: [GC (Allocation Failure) 5280.057: [ParNew: 36039K->3968K(36288K), 0.0033699 secs] 107680K->78651K(242952K), 0.0034481 secs] [Times: user=0.01 sys=0.00, real=0.01 secs] 
2015-10-30T16:00:12.918+0000: 5280.098: [GC (Allocation Failure) 5280.098: [ParNew: 36288K->3968K(36288K), 0.0123226 secs] 110971K->89917K(242952K), 0.0124076 secs] [Times: user=0.04 sys=0.00, real=0.01 secs] 
2015-10-30T16:00:12.949+0000: 5280.130: [GC (Allocation Failure) 5280.130: [ParNew: 36288K->2531K(36288K), 0.0066096 secs] 122237K->92328K(242952K), 0.0066856 secs] [Times: user=0.01 sys=0.00, real=0.00 secs] 
2015-10-30T16:00:12.975+0000: 5280.155: [GC (Allocation Failure) 5280.155: [ParNew: 34851K->2156K(36288K), 0.0025693 secs] 124648K->91953K(242952K), 0.0026325 secs] [Times: user=0.00 sys=0.01, real=0.01 secs] 
2015-10-30T16:00:12.997+0000: 5280.178: [GC (Allocation Failure) 5280.178: [ParNew: 34476K->2865K(36288K), 0.0030135 secs] 124273K->92661K(242952K), 0.0030826 secs] [Times: user=0.01 sys=0.00, real=0.00 secs] 
2015-10-30T16:00:13.025+0000: 5280.206: [GC (Allocation Failure) 5280.206: [ParNew: 35185K->2442K(36288K), 0.0042198 secs] 124981K->93046K(242952K), 0.0042852 secs] [Times: user=0.01 sys=0.00, real=0.00 secs] 
2015-10-30T16:00:13.049+0000: 5280.229: [GC (Allocation Failure) 5280.229: [ParNew: 34762K->2656K(36288K), 0.0044449 secs] 125366K->93960K(242952K), 0.0045165 secs] [Times: user=0.01 sys=0.00, real=0.00 secs] 
2015-10-30T16:00:13.070+0000: 5280.251: [GC (Allocation Failure) 5280.251: [ParNew: 34976K->3145K(36288K), 0.0035282 secs] 126280K->95070K(242952K), 0.0035994 secs] [Times: user=0.01 sys=0.00, real=0.00 secs] 
2015-10-30T16:00:13.097+0000: 5280.278: [GC (Allocation Failure) 5280.278: [ParNew: 35465K->2289K(36288K), 0.0025033 secs] 127390K->94214K(242952K), 0.0025659 secs] [Times: user=0.01 sys=0.00, real=0.00 secs] 
2015-10-30T16:00:13.134+0000: 5280.314: [GC (Allocation Failure) 5280.315: [ParNew: 32118K->3968K(36288K), 0.0031407 secs] 124043K->99108K(242952K), 0.0032221 secs] [Times: user=0.01 sys=0.00, real=0.01 secs] 
2015-10-30T16:00:13.138+0000: 5280.319: [GC (CMS Initial Mark) [1 CMS-initial-mark: 95140K(206664K)] 104426K(242952K), 0.0016637 secs] [Times: user=0.01 sys=0.00, real=0.00 secs] 
2015-10-30T16:00:13.140+0000: 5280.320: [CMS-concurrent-mark-start]
2015-10-30T16:00:13.179+0000: 5280.360: [CMS-concurrent-mark: 0.039/0.039 secs] [Times: user=0.08 sys=0.00, real=0.04 secs] 
2015-10-30T16:00:13.179+0000: 5280.360: [CMS-concurrent-preclean-start]
2015-10-30T16:00:13.181+0000: 5280.361: [CMS-concurrent-preclean: 0.001/0.001 secs] [Times: user=0.00 sys=0.00, real=0.00 secs] 
2015-10-30T16:00:13.181+0000: 5280.361: [CMS-concurrent-abortable-preclean-start]
2015-10-30T16:00:13.913+0000: 5281.094: [GC (Allocation Failure) 5281.094: [ParNew: 36288K->1692K(36288K), 0.0057844 secs] 131428K->101863K(242952K), 0.0058614 secs] [Times: user=0.02 sys=0.00, real=0.01 secs] 
2015-10-30T16:00:15.416+0000: 5282.597: [GC (Allocation Failure) 5282.597: [ParNew: 33642K->2543K(36288K), 0.0027681 secs] 133814K->102715K(242952K), 0.0028292 secs] [Times: user=0.01 sys=0.00, real=0.01 secs] 
2015-10-30T16:00:16.624+0000: 5283.804: [CMS-concurrent-abortable-preclean: 0.545/3.443 secs] [Times: user=0.84 sys=0.03, real=3.44 secs] 
2015-10-30T16:00:16.624+0000: 5283.805: [GC (CMS Final Remark) [YG occupancy: 22774 K (36288 K)]5283.805: [Rescan (parallel) , 0.0075166 secs]5283.812: [weak refs processing, 0.0000179 secs]5283.812: [class unloading, 0.0153746 secs]5283.828: [scrub symbol table, 0.0070349 secs]5283.835: [scrub string table, 0.0007587 secs][1 CMS-remark: 100171K(206664K)] 122945K(242952K), 0.0321956 secs] [Times: user=0.06 sys=0.00, real=0.03 secs] 
2015-10-30T16:00:16.657+0000: 5283.837: [CMS-concurrent-sweep-start]
2015-10-30T16:00:16.684+0000: 5283.865: [CMS-concurrent-sweep: 0.028/0.028 secs] [Times: user=0.02 sys=0.00, real=0.03 secs] 
2015-10-30T16:00:16.685+0000: 5283.865: [CMS-concurrent-reset-start]
2015-10-30T16:00:16.687+0000: 5283.867: [CMS-concurrent-reset: 0.002/0.002 secs] [Times: user=0.01 sys=0.00, real=0.01 secs] 
2015-10-30T16:00:17.860+0000: 5285.040: [GC (Allocation Failure) 5285.040: [ParNew: 34863K->3968K(36288K), 0.0054432 secs] 105516K->82345K(242952K), 0.0055276 secs] [Times: user=0.02 sys=0.00, real=0.00 secs] 
2015-10-30T16:00:17.895+0000: 5285.076: [GC (Allocation Failure) 5285.076: [ParNew: 36288K->3968K(36288K), 0.0095308 secs] 114665K->91285K(242952K), 0.0096187 secs] [Times: user=0.04 sys=0.00, real=0.01 secs] 
2015-10-30T16:00:17.923+0000: 5285.104: [GC (Allocation Failure) 5285.104: [ParNew: 36288K->3495K(36288K), 0.0051072 secs] 123605K->94799K(242952K), 0.0051765 secs] [Times: user=0.01 sys=0.00, real=0.01 secs] 
2015-10-30T16:00:17.949+0000: 5285.130: [GC (Allocation Failure) 5285.130: [ParNew: 35815K->2178K(36288K), 0.0025029 secs] 127119K->93482K(242952K), 0.0025600 secs] [Times: user=0.01 sys=0.00, real=0.00 secs] 
2015-10-30T16:00:17.970+0000: 5285.151: [GC (Allocation Failure) 5285.151: [ParNew: 34498K->2727K(36288K), 0.0030736 secs] 125802K->94031K(242952K), 0.0031248 secs] [Times: user=0.01 sys=0.00, real=0.00 secs] 
2015-10-30T16:00:17.997+0000: 5285.178: [GC (Allocation Failure) 5285.178: [ParNew: 35047K->2736K(36288K), 0.0038078 secs] 126351K->94805K(242952K), 0.0038659 secs] [Times: user=0.02 sys=0.00, real=0.00 secs] 
2015-10-30T16:00:18.025+0000: 5285.206: [GC (Allocation Failure) 5285.206: [ParNew: 35056K->3968K(36288K), 0.0036648 secs] 127125K->96037K(242952K), 0.0037280 secs] [Times: user=0.01 sys=0.00, real=0.00 secs] 
2015-10-30T16:00:18.048+0000: 5285.228: [GC (Allocation Failure) 5285.228: [ParNew: 36288K->3470K(36288K), 0.0043308 secs] 128357K->96773K(242952K), 0.0043954 secs] [Times: user=0.02 sys=0.00, real=0.00 secs] 
2015-10-30T16:00:18.073+0000: 5285.254: [GC (Allocation Failure) 5285.254: [ParNew: 35790K->2284K(36288K), 0.0024036 secs] 129093K->95587K(242952K), 0.0024629 secs] [Times: user=0.01 sys=0.00, real=0.00 secs] 
2015-10-30T16:00:18.106+0000: 5285.286: [GC (Allocation Failure) 5285.287: [ParNew: 30311K->3968K(36288K), 0.0042656 secs] 123613K->105542K(242952K), 0.0043492 secs] [Times: user=0.01 sys=0.00, real=0.00 secs] 
2015-10-30T16:00:18.114+0000: 5285.295: [GC (CMS Initial Mark) [1 CMS-initial-mark: 101574K(206664K)] 110869K(242952K), 0.0018014 secs] [Times: user=0.00 sys=0.00, real=0.00 secs] 
2015-10-30T16:00:18.116+0000: 5285.297: [CMS-concurrent-mark-start]
2015-10-30T16:00:18.176+0000: 5285.357: [CMS-concurrent-mark: 0.060/0.060 secs] [Times: user=0.12 sys=0.00, real=0.06 secs] 
2015-10-30T16:00:18.176+0000: 5285.357: [CMS-concurrent-preclean-start]
2015-10-30T16:00:18.179+0000: 5285.359: [CMS-concurrent-preclean: 0.002/0.002 secs] [Times: user=0.01 sys=0.00, real=0.01 secs] 
2015-10-30T16:00:18.179+0000: 5285.359: [CMS-concurrent-abortable-preclean-start]
2015-10-30T16:00:19.464+0000: 5286.645: [GC (Allocation Failure) 5286.645: [ParNew: 36288K->3968K(36288K), 0.0061197 secs] 137862K->107841K(242952K), 0.0062148 secs] [Times: user=0.02 sys=0.00, real=0.01 secs] 
2015-10-30T16:00:21.530+0000: 5288.710: [CMS-concurrent-abortable-preclean: 0.497/3.351 secs] [Times: user=0.67 sys=0.00, real=3.35 secs] 
2015-10-30T16:00:21.530+0000: 5288.711: [GC (CMS Final Remark) [YG occupancy: 26078 K (36288 K)]5288.711: [Rescan (parallel) , 0.0089682 secs]5288.720: [weak refs processing, 0.0000246 secs]5288.720: [class unloading, 0.0146057 secs]5288.734: [scrub symbol table, 0.0066313 secs]5288.741: [scrub string table, 0.0007543 secs][1 CMS-remark: 103873K(206664K)] 129951K(242952K), 0.0324224 secs] [Times: user=0.06 sys=0.00, real=0.03 secs] 
2015-10-30T16:00:21.563+0000: 5288.743: [CMS-concurrent-sweep-start]
2015-10-30T16:00:21.590+0000: 5288.770: [CMS-concurrent-sweep: 0.027/0.027 secs] [Times: user=0.03 sys=0.00, real=0.03 secs] 
2015-10-30T16:00:21.590+0000: 5288.770: [CMS-concurrent-reset-start]
2015-10-30T16:00:21.592+0000: 5288.773: [CMS-concurrent-reset: 0.002/0.002 secs] [Times: user=0.00 sys=0.00, real=0.00 secs] 
2015-10-30T16:00:22.792+0000: 5289.972: [GC (Allocation Failure) 5289.972: [ParNew: 36288K->3968K(36288K), 0.0048176 secs] 105018K->75416K(242952K), 0.0048913 secs] [Times: user=0.02 sys=0.00, real=0.00 secs] 
2015-10-30T16:00:23.686+0000: 5290.867: [GC (Allocation Failure) 5290.867: [ParNew: 36288K->3968K(36288K), 0.0151415 secs] 107736K->87560K(242952K), 0.0152248 secs] [Times: user=0.05 sys=0.00, real=0.01 secs] 
2015-10-30T16:00:23.721+0000: 5290.902: [GC (Allocation Failure) 5290.902: [ParNew: 36288K->3469K(36288K), 0.0054891 secs] 119880K->90848K(242952K), 0.0055458 secs] [Times: user=0.02 sys=0.00, real=0.01 secs] 
2015-10-30T16:00:23.749+0000: 5290.930: [GC (Allocation Failure) 5290.930: [ParNew: 35789K->2179K(36288K), 0.0028923 secs] 123168K->89558K(242952K), 0.0029505 secs] [Times: user=0.02 sys=0.00, real=0.00 secs] 
2015-10-30T16:00:23.770+0000: 5290.951: [GC (Allocation Failure) 5290.951: [ParNew: 34499K->2980K(36288K), 0.0039176 secs] 121878K->90359K(242952K), 0.0039652 secs] [Times: user=0.01 sys=0.00, real=0.00 secs] 
2015-10-30T16:00:23.797+0000: 5290.978: [GC (Allocation Failure) 5290.978: [ParNew: 35300K->3118K(36288K), 0.0049495 secs] 122679K->91326K(242952K), 0.0050017 secs] [Times: user=0.02 sys=0.00, real=0.00 secs] 
2015-10-30T16:00:23.825+0000: 5291.006: [GC (Allocation Failure) 5291.006: [ParNew: 35438K->2559K(36288K), 0.0046062 secs] 123646K->91452K(242952K), 0.0046768 secs] [Times: user=0.02 sys=0.00, real=0.00 secs] 
2015-10-30T16:00:23.852+0000: 5291.032: [GC (Allocation Failure) 5291.033: [ParNew: 34879K->3953K(36288K), 0.0038081 secs] 123772K->92846K(242952K), 0.0038697 secs] [Times: user=0.01 sys=0.00, real=0.00 secs] 
2015-10-30T16:00:23.877+0000: 5291.058: [GC (Allocation Failure) 5291.058: [ParNew: 36273K->2761K(36288K), 0.0081159 secs] 125166K->92288K(242952K), 0.0081942 secs] [Times: user=0.03 sys=0.00, real=0.01 secs] 
2015-10-30T16:00:23.904+0000: 5291.085: [GC (Allocation Failure) 5291.085: [ParNew: 35081K->2612K(36288K), 0.0032345 secs] 124608K->92138K(242952K), 0.0032944 secs] [Times: user=0.01 sys=0.00, real=0.01 secs] 
2015-10-30T16:00:23.936+0000: 5291.116: [GC (Allocation Failure) 5291.116: [ParNew: 32344K->3034K(36288K), 0.0038183 secs] 121870K->95821K(242952K), 0.0038984 secs] [Times: user=0.01 sys=0.00, real=0.01 secs] 
2015-10-30T16:00:23.940+0000: 5291.121: [GC (CMS Initial Mark) [1 CMS-initial-mark: 92786K(206664K)] 98490K(242952K), 0.0015534 secs] [Times: user=0.01 sys=0.00, real=0.00 secs] 
2015-10-30T16:00:23.942+0000: 5291.122: [CMS-concurrent-mark-start]
2015-10-30T16:00:23.980+0000: 5291.160: [CMS-concurrent-mark: 0.038/0.038 secs] [Times: user=0.07 sys=0.00, real=0.04 secs] 
2015-10-30T16:00:23.980+0000: 5291.160: [CMS-concurrent-preclean-start]
2015-10-30T16:00:23.981+0000: 5291.161: [CMS-concurrent-preclean: 0.001/0.001 secs] [Times: user=0.01 sys=0.00, real=0.00 secs] 
2015-10-30T16:00:23.981+0000: 5291.161: [CMS-concurrent-abortable-preclean-start]
2015-10-30T16:00:27.848+0000: 5295.028: [GC (Allocation Failure) 5295.028: [ParNew: 35354K->3968K(36288K), 0.0057545 secs] 128141K->103696K(242952K), 0.0058387 secs] [Times: user=0.02 sys=0.00, real=0.00 secs] 
2015-10-30T16:00:27.888+0000: 5295.068: [GC (Allocation Failure) 5295.068: [ParNew: 36288K->3968K(36288K), 0.0152758 secs] 136016K->115962K(242952K), 0.0153675 secs] [Times: user=0.06 sys=0.00, real=0.01 secs] 
2015-10-30T16:00:27.924+0000: 5295.104: [CMS-concurrent-abortable-preclean: 0.887/3.943 secs] [Times: user=1.19 sys=0.01, real=3.94 secs] 
2015-10-30T16:00:27.927+0000: 5295.107: [GC (CMS Final Remark) [YG occupancy: 35264 K (36288 K)]5295.107: [Rescan (parallel) , 0.0194076 secs]5295.127: [weak refs processing, 0.0000250 secs]5295.127: [class unloading, 0.0150633 secs]5295.142: [scrub symbol table, 0.0066345 secs]5295.148: [scrub string table, 0.0007488 secs][1 CMS-remark: 111994K(206664K)] 147259K(242952K), 0.0433197 secs] [Times: user=0.10 sys=0.00, real=0.04 secs] 
2015-10-30T16:00:27.970+0000: 5295.151: [CMS-concurrent-sweep-start]
2015-10-30T16:00:27.971+0000: 5295.152: [GC (Allocation Failure) 5295.152: [ParNew: 36288K->3045K(36288K), 0.0052986 secs] 148083K->118743K(242952K), 0.0053456 secs] [Times: user=0.02 sys=0.00, real=0.00 secs] 
2015-10-30T16:00:28.000+0000: 5295.181: [GC (Allocation Failure) 5295.181: [ParNew: 35365K->1983K(36288K), 0.0027193 secs] 139319K->105937K(242952K), 0.0027753 secs] [Times: user=0.01 sys=0.00, real=0.00 secs] 
2015-10-30T16:00:28.028+0000: 5295.209: [GC (Allocation Failure) 5295.209: [ParNew: 34303K->3042K(36288K), 0.0031674 secs] 124139K->92878K(242952K), 0.0032177 secs] [Times: user=0.02 sys=0.00, real=0.00 secs] 
2015-10-30T16:00:28.032+0000: 5295.212: [CMS-concurrent-sweep: 0.046/0.062 secs] [Times: user=0.22 sys=0.00, real=0.06 secs] 
2015-10-30T16:00:28.032+0000: 5295.212: [CMS-concurrent-reset-start]
2015-10-30T16:00:28.034+0000: 5295.215: [CMS-concurrent-reset: 0.003/0.003 secs] [Times: user=0.01 sys=0.00, real=0.00 secs] 
2015-10-30T16:00:28.053+0000: 5295.234: [GC (Allocation Failure) 5295.234: [ParNew: 35362K->3292K(36288K), 0.0044600 secs] 125134K->93770K(242952K), 0.0045397 secs] [Times: user=0.02 sys=0.00, real=0.01 secs] 
2015-10-30T16:00:28.078+0000: 5295.259: [GC (Allocation Failure) 5295.259: [ParNew: 35612K->3475K(36288K), 0.0040877 secs] 126090K->94702K(242952K), 0.0041570 secs] [Times: user=0.01 sys=0.00, real=0.00 secs] 
2015-10-30T16:00:28.100+0000: 5295.281: [GC (Allocation Failure) 5295.281: [ParNew: 35795K->1661K(36288K), 0.0033935 secs] 127022K->93533K(242952K), 0.0034540 secs] [Times: user=0.01 sys=0.00, real=0.00 secs] 
2015-10-30T16:00:28.125+0000: 5295.306: [GC (Allocation Failure) 5295.306: [ParNew: 33981K->2581K(36288K), 0.0024534 secs] 125853K->94452K(242952K), 0.0025132 secs] [Times: user=0.01 sys=0.00, real=0.00 secs] 
2015-10-30T16:00:28.160+0000: 5295.341: [GC (Allocation Failure) 5295.341: [ParNew: 32932K->3968K(36288K), 0.0031649 secs] 124804K->104380K(242952K), 0.0032419 secs] [Times: user=0.02 sys=0.00, real=0.00 secs] 
2015-10-30T16:00:28.165+0000: 5295.345: [GC (CMS Initial Mark) [1 CMS-initial-mark: 100412K(206664K)] 109697K(242952K), 0.0017408 secs] [Times: user=0.00 sys=0.00, real=0.01 secs] 
2015-10-30T16:00:28.166+0000: 5295.347: [CMS-concurrent-mark-start]
2015-10-30T16:00:28.205+0000: 5295.385: [CMS-concurrent-mark: 0.038/0.038 secs] [Times: user=0.08 sys=0.00, real=0.03 secs] 
2015-10-30T16:00:28.205+0000: 5295.385: [CMS-concurrent-preclean-start]
2015-10-30T16:00:28.207+0000: 5295.387: [CMS-concurrent-preclean: 0.001/0.001 secs] [Times: user=0.00 sys=0.00, real=0.01 secs] 
2015-10-30T16:00:28.207+0000: 5295.387: [CMS-concurrent-abortable-preclean-start]
 CMS: abort preclean due to time 2015-10-30T16:00:33.237+0000: 5300.418: [CMS-concurrent-abortable-preclean: 1.124/5.031 secs] [Times: user=1.21 sys=0.01, real=5.03 secs] 
2015-10-30T16:00:33.238+0000: 5300.418: [GC (CMS Final Remark) [YG occupancy: 25604 K (36288 K)]5300.437: [Rescan (parallel) , 0.0046604 secs]5300.441: [weak refs processing, 0.0000185 secs]5300.441: [class unloading, 0.0150389 secs]5300.456: [scrub symbol table, 0.0067247 secs]5300.463: [scrub string table, 0.0007503 secs][1 CMS-remark: 100412K(206664K)] 126017K(242952K), 0.0469319 secs] [Times: user=0.04 sys=0.00, real=0.04 secs] 
2015-10-30T16:00:33.285+0000: 5300.465: [CMS-concurrent-sweep-start]
2015-10-30T16:00:33.319+0000: 5300.499: [CMS-concurrent-sweep: 0.034/0.034 secs] [Times: user=0.04 sys=0.00, real=0.04 secs] 
2015-10-30T16:00:33.319+0000: 5300.500: [CMS-concurrent-reset-start]
2015-10-30T16:00:33.322+0000: 5300.502: [CMS-concurrent-reset: 0.003/0.003 secs] [Times: user=0.00 sys=0.00, real=0.00 secs] 
2015-10-30T16:00:33.670+0000: 5300.851: [GC (Allocation Failure) 5300.851: [ParNew: 36288K->3968K(36288K), 0.0069342 secs] 104830K->82719K(242952K), 0.0070381 secs] [Times: user=0.02 sys=0.00, real=0.01 secs] 
2015-10-30T16:00:33.708+0000: 5300.889: [GC (Allocation Failure) 5300.889: [ParNew: 36288K->3968K(36288K), 0.0117894 secs] 115039K->93715K(242952K), 0.0118793 secs] [Times: user=0.04 sys=0.00, real=0.01 secs] 
2015-10-30T16:00:33.740+0000: 5300.920: [GC (Allocation Failure) 5300.920: [ParNew: 36288K->3576K(36288K), 0.0053745 secs] 126035K->97157K(242952K), 0.0054557 secs] [Times: user=0.01 sys=0.00, real=0.01 secs] 
2015-10-30T16:00:33.765+0000: 5300.946: [GC (Allocation Failure) 5300.946: [ParNew: 35896K->2228K(36288K), 0.0025309 secs] 129477K->95809K(242952K), 0.0025928 secs] [Times: user=0.01 sys=0.00, real=0.00 secs] 
2015-10-30T16:00:33.789+0000: 5300.970: [GC (Allocation Failure) 5300.970: [ParNew: 34548K->2781K(36288K), 0.0036753 secs] 128129K->96362K(242952K), 0.0037362 secs] [Times: user=0.01 sys=0.00, real=0.00 secs] 
2015-10-30T16:00:33.816+0000: 5300.996: [GC (Allocation Failure) 5300.996: [ParNew: 35101K->3298K(36288K), 0.0055513 secs] 128682K->97632K(242952K), 0.0056290 secs] [Times: user=0.02 sys=0.00, real=0.01 secs] 
2015-10-30T16:00:33.853+0000: 5301.033: [GC (Allocation Failure) 5301.033: [ParNew: 35618K->3578K(36288K), 0.0046028 secs] 129952K->98629K(242952K), 0.0046854 secs] [Times: user=0.02 sys=0.00, real=0.01 secs] 
2015-10-30T16:00:33.877+0000: 5301.057: [GC (Allocation Failure) 5301.057: [ParNew: 35898K->2447K(36288K), 0.0038513 secs] 130949K->98565K(242952K), 0.0039274 secs] [Times: user=0.01 sys=0.00, real=0.01 secs] 
2015-10-30T16:00:33.905+0000: 5301.086: [GC (Allocation Failure) 5301.086: [ParNew: 34767K->2105K(36288K), 0.0025876 secs] 130885K->98223K(242952K), 0.0026449 secs] [Times: user=0.01 sys=0.00, real=0.00 secs] 
2015-10-30T16:00:33.941+0000: 5301.121: [GC (Allocation Failure) 5301.121: [ParNew: 31488K->3968K(36288K), 0.0034614 secs] 127607K->107915K(242952K), 0.0035482 secs] [Times: user=0.02 sys=0.00, real=0.00 secs] 
2015-10-30T16:00:33.946+0000: 5301.126: [GC (CMS Initial Mark) [1 CMS-initial-mark: 103947K(206664K)] 113233K(242952K), 0.0016559 secs] [Times: user=0.00 sys=0.00, real=0.00 secs] 
2015-10-30T16:00:33.947+0000: 5301.128: [CMS-concurrent-mark-start]
2015-10-30T16:00:34.009+0000: 5301.190: [CMS-concurrent-mark: 0.062/0.062 secs] [Times: user=0.12 sys=0.01, real=0.06 secs] 
2015-10-30T16:00:34.009+0000: 5301.190: [CMS-concurrent-preclean-start]
2015-10-30T16:00:34.011+0000: 5301.192: [CMS-concurrent-preclean: 0.002/0.002 secs] [Times: user=0.01 sys=0.00, real=0.00 secs] 
2015-10-30T16:00:34.011+0000: 5301.192: [CMS-concurrent-abortable-preclean-start]
2015-10-30T16:00:36.584+0000: 5303.765: [GC (Allocation Failure) 5303.765: [ParNew: 36288K->3968K(36288K), 0.0098690 secs] 140235K->111334K(242952K), 0.0099753 secs] [Times: user=0.03 sys=0.00, real=0.01 secs] 
2015-10-30T16:00:37.103+0000: 5304.283: [CMS-concurrent-abortable-preclean: 0.476/3.092 secs] [Times: user=0.70 sys=0.01, real=3.09 secs] 
2015-10-30T16:00:37.103+0000: 5304.284: [GC (CMS Final Remark) [YG occupancy: 34731 K (36288 K)]5304.284: [Rescan (parallel) , 0.0096116 secs]5304.293: [weak refs processing, 0.0000226 secs]5304.293: [class unloading, 0.0147925 secs]5304.308: [scrub symbol table, 0.0066349 secs]5304.315: [scrub string table, 0.0007437 secs][1 CMS-remark: 107366K(206664K)] 142097K(242952K), 0.0332164 secs] [Times: user=0.06 sys=0.00, real=0.03 secs] 
2015-10-30T16:00:37.137+0000: 5304.317: [CMS-concurrent-sweep-start]
2015-10-30T16:00:37.165+0000: 5304.345: [CMS-concurrent-sweep: 0.028/0.028 secs] [Times: user=0.03 sys=0.00, real=0.03 secs] 
2015-10-30T16:00:37.165+0000: 5304.345: [CMS-concurrent-reset-start]
2015-10-30T16:00:37.167+0000: 5304.348: [CMS-concurrent-reset: 0.002/0.002 secs] [Times: user=0.01 sys=0.00, real=0.01 secs] 
2015-10-30T16:00:37.532+0000: 5304.713: [GC (Allocation Failure) 5304.713: [ParNew: 36288K->3968K(36288K), 0.0057996 secs] 107735K->79357K(242952K), 0.0058698 secs] [Times: user=0.02 sys=0.00, real=0.01 secs] 
2015-10-30T16:00:37.841+0000: 5305.022: [GC (Allocation Failure) 5305.022: [ParNew: 36288K->3968K(36288K), 0.0052108 secs] 111677K->82131K(242952K), 0.0052838 secs] [Times: user=0.01 sys=0.00, real=0.01 secs] 
2015-10-30T16:00:38.494+0000: 5305.674: [GC (Allocation Failure) 5305.674: [ParNew: 36288K->3968K(36288K), 0.0022544 secs] 114451K->82813K(242952K), 0.0023253 secs] [Times: user=0.01 sys=0.00, real=0.00 secs] 
2015-10-30T16:00:39.271+0000: 5306.452: [GC (Allocation Failure) 5306.452: [ParNew: 36288K->3968K(36288K), 0.0079348 secs] 115133K->85219K(242952K), 0.0080050 secs] [Times: user=0.03 sys=0.00, real=0.01 secs] 
2015-10-30T16:00:41.273+0000: 5308.453: [GC (Allocation Failure) 5308.453: [ParNew: 36288K->3968K(36288K), 0.0070006 secs] 117539K->89654K(242952K), 0.0070772 secs] [Times: user=0.02 sys=0.00, real=0.01 secs] 
2015-10-30T16:00:42.416+0000: 5309.596: [GC (Allocation Failure) 5309.596: [ParNew: 36258K->3968K(36288K), 0.0035043 secs] 121945K->91181K(242952K), 0.0035787 secs] [Times: user=0.01 sys=0.00, real=0.01 secs] 
2015-10-30T16:00:43.663+0000: 5310.843: [GC (Allocation Failure) 5310.843: [ParNew: 36230K->3968K(36288K), 0.0038727 secs] 123444K->94319K(242952K), 0.0039494 secs] [Times: user=0.01 sys=0.00, real=0.01 secs] 
2015-10-30T16:00:43.705+0000: 5310.886: [GC (Allocation Failure) 5310.886: [ParNew: 36288K->3968K(36288K), 0.0129800 secs] 126639K->106280K(242952K), 0.0130602 secs] [Times: user=0.05 sys=0.00, real=0.01 secs] 
2015-10-30T16:00:43.737+0000: 5310.917: [GC (Allocation Failure) 5310.918: [ParNew: 36288K->3771K(36288K), 0.0055295 secs] 138600K->109932K(242952K), 0.0055958 secs] [Times: user=0.01 sys=0.00, real=0.01 secs] 
2015-10-30T16:00:43.760+0000: 5310.941: [GC (Allocation Failure) 5310.941: [ParNew: 36091K->2288K(36288K), 0.0025403 secs] 142252K->108450K(242952K), 0.0025992 secs] [Times: user=0.01 sys=0.00, real=0.00 secs] 
2015-10-30T16:00:43.781+0000: 5310.962: [GC (Allocation Failure) 5310.962: [ParNew: 34608K->2453K(36288K), 0.0033595 secs] 140770K->108615K(242952K), 0.0034105 secs] [Times: user=0.01 sys=0.00, real=0.00 secs] 
2015-10-30T16:00:43.806+0000: 5310.987: [GC (Allocation Failure) 5310.987: [ParNew: 34773K->2357K(36288K), 0.0041464 secs] 140935K->109295K(242952K), 0.0041991 secs] [Times: user=0.01 sys=0.01, real=0.00 secs] 
2015-10-30T16:00:43.833+0000: 5311.014: [GC (Allocation Failure) 5311.014: [ParNew: 34677K->3859K(36288K), 0.0033900 secs] 141615K->110797K(242952K), 0.0034480 secs] [Times: user=0.02 sys=0.00, real=0.00 secs] 
2015-10-30T16:00:43.857+0000: 5311.038: [GC (Allocation Failure) 5311.038: [ParNew: 36179K->3217K(36288K), 0.0046128 secs] 143117K->111437K(242952K), 0.0046742 secs] [Times: user=0.02 sys=0.00, real=0.00 secs] 
2015-10-30T16:00:43.862+0000: 5311.043: [GC (CMS Initial Mark) [1 CMS-initial-mark: 108220K(206664K)] 111765K(242952K), 0.0018316 secs] [Times: user=0.01 sys=0.00, real=0.00 secs] 
2015-10-30T16:00:43.864+0000: 5311.045: [CMS-concurrent-mark-start]
2015-10-30T16:00:43.892+0000: 5311.073: [GC (Allocation Failure) 5311.073: [ParNew: 35537K->2463K(36288K), 0.0032210 secs] 143757K->110684K(242952K), 0.0032728 secs] [Times: user=0.01 sys=0.00, real=0.00 secs] 
2015-10-30T16:00:43.932+0000: 5311.112: [CMS-concurrent-mark: 0.058/0.067 secs] [Times: user=0.19 sys=0.00, real=0.07 secs] 
2015-10-30T16:00:43.932+0000: 5311.112: [CMS-concurrent-preclean-start]
2015-10-30T16:00:43.934+0000: 5311.114: [CMS-concurrent-preclean: 0.002/0.002 secs] [Times: user=0.01 sys=0.00, real=0.00 secs] 
2015-10-30T16:00:43.934+0000: 5311.114: [CMS-concurrent-abortable-preclean-start]
2015-10-30T16:00:43.934+0000: 5311.114: [GC (Allocation Failure) 5311.114: [ParNew: 30835K->3968K(36288K), 0.0027463 secs] 139056K->115357K(242952K), 0.0027925 secs] [Times: user=0.01 sys=0.00, real=0.00 secs] 
2015-10-30T16:00:44.056+0000: 5311.237: [CMS-concurrent-abortable-preclean: 0.019/0.123 secs] [Times: user=0.09 sys=0.01, real=0.12 secs] 
2015-10-30T16:00:44.057+0000: 5311.237: [GC (CMS Final Remark) [YG occupancy: 29800 K (36288 K)]5311.237: [Rescan (parallel) , 0.0027158 secs]5311.240: [weak refs processing, 0.0000233 secs]5311.240: [class unloading, 0.0147466 secs]5311.255: [scrub symbol table, 0.0066387 secs]5311.261: [scrub string table, 0.0007557 secs][1 CMS-remark: 111389K(206664K)] 141190K(242952K), 0.0262952 secs] [Times: user=0.03 sys=0.00, real=0.03 secs] 
2015-10-30T16:00:44.083+0000: 5311.264: [CMS-concurrent-sweep-start]
2015-10-30T16:00:44.110+0000: 5311.290: [CMS-concurrent-sweep: 0.027/0.027 secs] [Times: user=0.03 sys=0.00, real=0.03 secs] 
2015-10-30T16:00:44.110+0000: 5311.291: [CMS-concurrent-reset-start]
2015-10-30T16:00:44.112+0000: 5311.293: [CMS-concurrent-reset: 0.002/0.002 secs] [Times: user=0.00 sys=0.00, real=0.00 secs] 
2015-10-30T16:00:44.852+0000: 5312.032: [GC (Allocation Failure) 5312.033: [ParNew: 36288K->3312K(36288K), 0.0064311 secs] 116061K->88060K(242952K), 0.0065230 secs] [Times: user=0.03 sys=0.00, real=0.01 secs] 
2015-10-30T16:00:46.841+0000: 5314.021: [GC (Allocation Failure) 5314.021: [ParNew: 34860K->3968K(36288K), 0.0034747 secs] 119609K->90258K(242952K), 0.0035445 secs] [Times: user=0.01 sys=0.00, real=0.00 secs] 
2015-10-30T16:00:49.003+0000: 5316.183: [GC (Allocation Failure) 5316.183: [ParNew: 36288K->3968K(36288K), 0.0032621 secs] 122578K->91561K(242952K), 0.0033324 secs] [Times: user=0.01 sys=0.00, real=0.01 secs] 
2015-10-30T16:00:53.706+0000: 5320.887: [GC (Allocation Failure) 5320.887: [ParNew: 36288K->3968K(36288K), 0.0151125 secs] 123881K->104577K(242952K), 0.0151948 secs] [Times: user=0.05 sys=0.00, real=0.01 secs] 
2015-10-30T16:00:53.740+0000: 5320.921: [GC (Allocation Failure) 5320.921: [ParNew: 36248K->3506K(36288K), 0.0041165 secs] 136858K->107961K(242952K), 0.0041706 secs] [Times: user=0.02 sys=0.00, real=0.00 secs] 
2015-10-30T16:00:53.765+0000: 5320.946: [GC (Allocation Failure) 5320.946: [ParNew: 35826K->1912K(36288K), 0.0031337 secs] 140281K->106367K(242952K), 0.0031917 secs] [Times: user=0.01 sys=0.00, real=0.00 secs] 
2015-10-30T16:00:53.789+0000: 5320.970: [GC (Allocation Failure) 5320.970: [ParNew: 34232K->3123K(36288K), 0.0039546 secs] 138687K->107579K(242952K), 0.0040021 secs] [Times: user=0.01 sys=0.00, real=0.00 secs] 
2015-10-30T16:00:53.813+0000: 5320.993: [GC (Allocation Failure) 5320.994: [ParNew: 35443K->2587K(36288K), 0.0048136 secs] 139899K->107857K(242952K), 0.0052370 secs] [Times: user=0.02 sys=0.00, real=0.01 secs] 
2015-10-30T16:00:53.837+0000: 5321.018: [GC (Allocation Failure) 5321.018: [ParNew: 34907K->3087K(36288K), 0.0047275 secs] 140177K->109052K(242952K), 0.0047842 secs] [Times: user=0.01 sys=0.00, real=0.00 secs] 
2015-10-30T16:00:53.859+0000: 5321.040: [GC (Allocation Failure) 5321.040: [ParNew: 35407K->3840K(36288K), 0.0039900 secs] 141372K->109804K(242952K), 0.0040522 secs] [Times: user=0.02 sys=0.00, real=0.00 secs] 
2015-10-30T16:00:53.885+0000: 5321.066: [GC (Allocation Failure) 5321.066: [ParNew: 36160K->2779K(36288K), 0.0042641 secs] 142124K->109345K(242952K), 0.0043241 secs] [Times: user=0.02 sys=0.00, real=0.00 secs] 
2015-10-30T16:00:53.911+0000: 5321.092: [GC (Allocation Failure) 5321.092: [ParNew: 35099K->3446K(36288K), 0.0032753 secs] 141665K->110011K(242952K), 0.0033319 secs] [Times: user=0.01 sys=0.00, real=0.00 secs] 
2015-10-30T16:00:54.003+0000: 5321.183: [GC (Allocation Failure) 5321.184: [ParNew: 35672K->2903K(36288K), 0.0040625 secs] 142237K->112717K(242952K), 0.0041292 secs] [Times: user=0.02 sys=0.00, real=0.01 secs] 
2015-10-30T16:00:57.877+0000: 5325.058: [GC (Allocation Failure) 5325.058: [ParNew: 35223K->3968K(36288K), 0.0187686 secs] 145037K->126591K(242952K), 0.0188462 secs] [Times: user=0.07 sys=0.00, real=0.01 secs] 
2015-10-30T16:00:57.917+0000: 5325.097: [GC (Allocation Failure) 5325.097: [ParNew: 36288K->2923K(36288K), 0.0052798 secs] 158911K->129304K(242952K), 0.0053355 secs] [Times: user=0.02 sys=0.00, real=0.01 secs] 
2015-10-30T16:00:57.941+0000: 5325.122: [GC (Allocation Failure) 5325.122: [ParNew: 35243K->2164K(36288K), 0.0030740 secs] 161624K->128544K(242952K), 0.0031349 secs] [Times: user=0.01 sys=0.00, real=0.00 secs] 
2015-10-30T16:00:57.962+0000: 5325.143: [GC (Allocation Failure) 5325.143: [ParNew: 34484K->3112K(36288K), 0.0035090 secs] 160864K->129492K(242952K), 0.0035601 secs] [Times: user=0.02 sys=0.00, real=0.01 secs] 
2015-10-30T16:00:57.989+0000: 5325.170: [GC (Allocation Failure) 5325.170: [ParNew: 35432K->3049K(36288K), 0.0044752 secs] 161812K->130221K(242952K), 0.0045347 secs] [Times: user=0.02 sys=0.01, real=0.00 secs] 
2015-10-30T16:00:58.015+0000: 5325.196: [GC (Allocation Failure) 5325.196: [ParNew: 35369K->3285K(36288K), 0.0046988 secs] 162541K->131135K(242952K), 0.0047651 secs] [Times: user=0.02 sys=0.00, real=0.01 secs] 
2015-10-30T16:00:58.037+0000: 5325.218: [GC (Allocation Failure) 5325.218: [ParNew: 35605K->3466K(36288K), 0.0046764 secs] 163455K->131951K(242952K), 0.0047453 secs] [Times: user=0.02 sys=0.00, real=0.00 secs] 
2015-10-30T16:00:58.065+0000: 5325.246: [GC (Allocation Failure) 5325.246: [ParNew: 35786K->2485K(36288K), 0.0026255 secs] 164271K->130969K(242952K), 0.0026846 secs] [Times: user=0.01 sys=0.00, real=0.00 secs] 
2015-10-30T16:00:58.096+0000: 5325.276: [GC (Allocation Failure) 5325.276: [ParNew: 34509K->3968K(36288K), 0.0030358 secs] 162994K->133084K(242952K), 0.0031269 secs] [Times: user=0.01 sys=0.00, real=0.01 secs] 
2015-10-30T16:01:00.067+0000: 5327.247: [GC (Allocation Failure) 5327.248: [ParNew: 36288K->2263K(36288K), 0.0055769 secs] 165404K->135967K(242952K), 0.0056533 secs] [Times: user=0.02 sys=0.00, real=0.00 secs] 
2015-10-30T16:01:00.229+0000: 5327.410: [GC (Allocation Failure) 5327.410: [ParNew: 34583K->3968K(36288K), 0.0058324 secs] 168287K->139347K(242952K), 0.0059007 secs] [Times: user=0.02 sys=0.00, real=0.00 secs] 
2015-10-30T16:01:00.259+0000: 5327.439: [GC (Allocation Failure) 5327.439: [ParNew: 36288K->3968K(36288K), 0.0055135 secs] 171667K->141598K(242952K), 0.0055859 secs] [Times: user=0.02 sys=0.00, real=0.00 secs] 
2015-10-30T16:01:00.287+0000: 5327.467: [GC (Allocation Failure) 5327.467: [ParNew: 36288K->3968K(36288K), 0.0063225 secs] 173918K->144018K(242952K), 0.0063946 secs] [Times: user=0.02 sys=0.00, real=0.00 secs] 
2015-10-30T16:01:00.318+0000: 5327.499: [GC (Allocation Failure) 5327.499: [ParNew: 36288K->3968K(36288K), 0.0054277 secs] 176338K->146094K(242952K), 0.0055032 secs] [Times: user=0.02 sys=0.00, real=0.00 secs] 
2015-10-30T16:01:03.678+0000: 5330.859: [GC (Allocation Failure) 5330.859: [ParNew: 36288K->3968K(36288K), 0.0117691 secs] 178414K->160894K(242952K), 0.0118646 secs] [Times: user=0.04 sys=0.00, real=0.01 secs] 
2015-10-30T16:01:03.716+0000: 5330.897: [GC (Allocation Failure) 5330.897: [ParNew: 36288K->3968K(36288K), 0.0080146 secs] 193214K->167066K(242952K), 0.0081083 secs] [Times: user=0.03 sys=0.00, real=0.01 secs] 
2015-10-30T16:01:03.745+0000: 5330.926: [GC (Allocation Failure) 5330.926: [ParNew: 36288K->2853K(36288K), 0.0077706 secs] 199386K->169723K(242952K), 0.0078504 secs] [Times: user=0.02 sys=0.00, real=0.00 secs] 
2015-10-30T16:01:03.756+0000: 5330.937: [GC (CMS Initial Mark) [1 CMS-initial-mark: 166869K(206664K)] 169956K(242952K), 0.0015934 secs] [Times: user=0.01 sys=0.00, real=0.01 secs] 
2015-10-30T16:01:03.758+0000: 5330.938: [CMS-concurrent-mark-start]
2015-10-30T16:01:03.782+0000: 5330.962: [GC (Allocation Failure) 5330.962: [ParNew: 35173K->2358K(36288K), 0.0024997 secs] 202043K->169227K(242952K), 0.0025600 secs] [Times: user=0.01 sys=0.00, real=0.00 secs] 
2015-10-30T16:01:03.808+0000: 5330.988: [GC (Allocation Failure) 5330.988: [ParNew: 34678K->3028K(36288K), 0.0055632 secs] 201547K->169897K(242952K), 0.0056296 secs] [Times: user=0.01 sys=0.00, real=0.00 secs] 
2015-10-30T16:01:03.838+0000: 5331.018: [CMS-concurrent-mark: 0.067/0.080 secs] [Times: user=0.27 sys=0.00, real=0.08 secs] 
2015-10-30T16:01:03.838+0000: 5331.018: [CMS-concurrent-preclean-start]
2015-10-30T16:01:03.840+0000: 5331.021: [CMS-concurrent-preclean: 0.002/0.003 secs] [Times: user=0.01 sys=0.00, real=0.00 secs] 
2015-10-30T16:01:03.840+0000: 5331.021: [CMS-concurrent-abortable-preclean-start]
2015-10-30T16:01:03.841+0000: 5331.021: [GC (Allocation Failure) 5331.021: [ParNew: 35348K->3068K(36288K), 0.0042289 secs] 202217K->170655K(242952K), 0.0042787 secs] [Times: user=0.02 sys=0.00, real=0.00 secs] 
2015-10-30T16:01:03.867+0000: 5331.047: [GC (Allocation Failure) 5331.047: [ParNew: 35388K->3283K(36288K), 0.0041353 secs] 202975K->171586K(242952K), 0.0041996 secs] [Times: user=0.01 sys=0.00, real=0.00 secs] 
2015-10-30T16:01:03.887+0000: 5331.067: [CMS-concurrent-abortable-preclean: 0.037/0.046 secs] [Times: user=0.19 sys=0.00, real=0.05 secs] 
2015-10-30T16:01:03.889+0000: 5331.070: [GC (CMS Final Remark) [YG occupancy: 32019 K (36288 K)]5331.070: [Rescan (parallel) , 0.0190536 secs]5331.089: [weak refs processing, 0.0000329 secs]5331.089: [class unloading, 0.0153266 secs]5331.104: [scrub symbol table, 0.0069630 secs]5331.111: [scrub string table, 0.0007538 secs][1 CMS-remark: 168302K(206664K)] 200322K(242952K), 0.0436463 secs] [Times: user=0.10 sys=0.00, real=0.04 secs] 
2015-10-30T16:01:03.933+0000: 5331.114: [CMS-concurrent-sweep-start]
2015-10-30T16:01:03.936+0000: 5331.117: [GC (Allocation Failure) 5331.117: [ParNew: 35603K->2533K(36288K), 0.0027822 secs] 201673K->168604K(242952K), 0.0028289 secs] [Times: user=0.01 sys=0.00, real=0.01 secs] 
2015-10-30T16:01:03.964+0000: 5331.145: [GC (Allocation Failure) 5331.145: [ParNew: 34853K->2728K(36288K), 0.0036747 secs] 172172K->140652K(242952K), 0.0037397 secs] [Times: user=0.02 sys=0.00, real=0.01 secs] 
2015-10-30T16:01:03.998+0000: 5331.179: [GC (Allocation Failure) 5331.179: [ParNew: 30829K->2620K(36288K), 0.0028485 secs] 130319K->107428K(242952K), 0.0029292 secs] [Times: user=0.01 sys=0.00, real=0.00 secs] 
2015-10-30T16:01:04.020+0000: 5331.200: [CMS-concurrent-sweep: 0.076/0.086 secs] [Times: user=0.24 sys=0.01, real=0.09 secs] 
2015-10-30T16:01:04.020+0000: 5331.200: [CMS-concurrent-reset-start]
2015-10-30T16:01:04.022+0000: 5331.203: [CMS-concurrent-reset: 0.003/0.003 secs] [Times: user=0.01 sys=0.00, real=0.00 secs] 
2015-10-30T16:01:12.866+0000: 5340.047: [GC (Allocation Failure) 5340.047: [ParNew: 34940K->3968K(36288K), 0.0093042 secs] 117674K->100055K(242952K), 0.0094002 secs] [Times: user=0.04 sys=0.00, real=0.00 secs] 
2015-10-30T16:01:12.905+0000: 5340.086: [GC (Allocation Failure) 5340.086: [ParNew: 36288K->3968K(36288K), 0.0085964 secs] 132375K->107006K(242952K), 0.0086844 secs] [Times: user=0.03 sys=0.00, real=0.00 secs] 
2015-10-30T16:01:12.934+0000: 5340.115: [GC (Allocation Failure) 5340.115: [ParNew: 36288K->3707K(36288K), 0.0053529 secs] 139326K->110626K(242952K), 0.0054222 secs] [Times: user=0.02 sys=0.00, real=0.01 secs] 
2015-10-30T16:01:12.957+0000: 5340.137: [GC (Allocation Failure) 5340.137: [ParNew: 36027K->2241K(36288K), 0.0024995 secs] 142946K->109161K(242952K), 0.0025796 secs] [Times: user=0.01 sys=0.00, real=0.01 secs] 
2015-10-30T16:01:12.977+0000: 5340.158: [GC (Allocation Failure) 5340.158: [ParNew: 34561K->2858K(36288K), 0.0031450 secs] 141481K->109778K(242952K), 0.0031989 secs] [Times: user=0.01 sys=0.00, real=0.00 secs] 
2015-10-30T16:01:13.002+0000: 5340.182: [GC (Allocation Failure) 5340.182: [ParNew: 35178K->2739K(36288K), 0.0039352 secs] 142098K->110384K(242952K), 0.0039950 secs] [Times: user=0.01 sys=0.00, real=0.01 secs] 
2015-10-30T16:01:13.026+0000: 5340.206: [GC (Allocation Failure) 5340.206: [ParNew: 35059K->3083K(36288K), 0.0042016 secs] 142704K->111387K(242952K), 0.0042527 secs] [Times: user=0.02 sys=0.00, real=0.00 secs] 
2015-10-30T16:01:13.047+0000: 5340.228: [GC (Allocation Failure) 5340.228: [ParNew: 35403K->2220K(36288K), 0.0033054 secs] 143707K->111107K(242952K), 0.0033744 secs] [Times: user=0.01 sys=0.00, real=0.00 secs] 
2015-10-30T16:01:13.073+0000: 5340.254: [GC (Allocation Failure) 5340.254: [ParNew: 34540K->1693K(36288K), 0.0028460 secs] 143427K->110580K(242952K), 0.0029024 secs] [Times: user=0.00 sys=0.00, real=0.00 secs] 
2015-10-30T16:01:13.106+0000: 5340.286: [GC (Allocation Failure) 5340.286: [ParNew: 32094K->3293K(36288K), 0.0028194 secs] 140981K->117497K(242952K), 0.0028970 secs] [Times: user=0.01 sys=0.00, real=0.00 secs] 
2015-10-30T16:01:13.110+0000: 5340.290: [GC (CMS Initial Mark) [1 CMS-initial-mark: 114204K(206664K)] 125535K(242952K), 0.0018136 secs] [Times: user=0.01 sys=0.00, real=0.00 secs] 
2015-10-30T16:01:13.112+0000: 5340.292: [CMS-concurrent-mark-start]
2015-10-30T16:01:13.149+0000: 5340.330: [CMS-concurrent-mark: 0.037/0.037 secs] [Times: user=0.07 sys=0.00, real=0.04 secs] 
2015-10-30T16:01:13.149+0000: 5340.330: [CMS-concurrent-preclean-start]
2015-10-30T16:01:13.151+0000: 5340.331: [CMS-concurrent-preclean: 0.001/0.002 secs] [Times: user=0.01 sys=0.00, real=0.00 secs] 
2015-10-30T16:01:13.151+0000: 5340.331: [CMS-concurrent-abortable-preclean-start]
 CMS: abort preclean due to time 2015-10-30T16:01:18.207+0000: 5345.387: [CMS-concurrent-abortable-preclean: 1.272/5.056 secs] [Times: user=1.43 sys=0.00, real=5.06 secs] 
2015-10-30T16:01:18.207+0000: 5345.388: [GC (CMS Final Remark) [YG occupancy: 25419 K (36288 K)]5345.389: [Rescan (parallel) , 0.0025060 secs]5345.391: [weak refs processing, 0.0000165 secs]5345.391: [class unloading, 0.0146114 secs]5345.406: [scrub symbol table, 0.0066375 secs]5345.413: [scrub string table, 0.0007599 secs][1 CMS-remark: 114204K(206664K)] 139623K(242952K), 0.0272676 secs] [Times: user=0.03 sys=0.00, real=0.02 secs] 
2015-10-30T16:01:18.234+0000: 5345.415: [CMS-concurrent-sweep-start]
2015-10-30T16:01:18.288+0000: 5345.468: [CMS-concurrent-sweep: 0.053/0.053 secs] [Times: user=0.06 sys=0.00, real=0.06 secs] 
2015-10-30T16:01:18.288+0000: 5345.469: [CMS-concurrent-reset-start]
2015-10-30T16:01:18.291+0000: 5345.471: [CMS-concurrent-reset: 0.002/0.002 secs] [Times: user=0.00 sys=0.00, real=0.00 secs] 
2015-10-30T16:01:20.290+0000: 5347.471: [GC (CMS Initial Mark) [1 CMS-initial-mark: 71029K(206664K)] 97119K(242952K), 0.0027666 secs] [Times: user=0.01 sys=0.00, real=0.00 secs] 
2015-10-30T16:01:20.293+0000: 5347.474: [CMS-concurrent-mark-start]
2015-10-30T16:01:20.330+0000: 5347.510: [CMS-concurrent-mark: 0.037/0.037 secs] [Times: user=0.03 sys=0.00, real=0.04 secs] 
2015-10-30T16:01:20.330+0000: 5347.510: [CMS-concurrent-preclean-start]
2015-10-30T16:01:20.331+0000: 5347.512: [CMS-concurrent-preclean: 0.002/0.002 secs] [Times: user=0.00 sys=0.00, real=0.00 secs] 
2015-10-30T16:01:20.331+0000: 5347.512: [CMS-concurrent-abortable-preclean-start]
2015-10-30T16:01:22.889+0000: 5350.070: [GC (Allocation Failure) 5350.070: [ParNew: 35613K->3968K(36288K), 0.0074057 secs] 106642K->84751K(242952K), 0.0075016 secs] [Times: user=0.02 sys=0.00, real=0.00 secs] 
2015-10-30T16:01:22.937+0000: 5350.118: [GC (Allocation Failure) 5350.118: [ParNew: 36288K->3968K(36288K), 0.0124328 secs] 117071K->96345K(242952K), 0.0125161 secs] [Times: user=0.04 sys=0.00, real=0.01 secs] 
2015-10-30T16:01:22.973+0000: 5350.154: [GC (Allocation Failure) 5350.154: [ParNew: 36288K->2762K(36288K), 0.0052481 secs] 128665K->99082K(242952K), 0.0053228 secs] [Times: user=0.01 sys=0.00, real=0.01 secs] 
2015-10-30T16:01:22.996+0000: 5350.176: [CMS-concurrent-abortable-preclean: 0.669/2.664 secs] [Times: user=0.98 sys=0.01, real=2.66 secs] 
2015-10-30T16:01:22.997+0000: 5350.178: [GC (CMS Final Remark) [YG occupancy: 28790 K (36288 K)]5350.178: [Rescan (parallel) , 0.0164289 secs]5350.194: [weak refs processing, 0.0000206 secs]5350.194: [class unloading, 0.0148416 secs]5350.209: [scrub symbol table, 0.0066373 secs]5350.216: [scrub string table, 0.0007459 secs][1 CMS-remark: 96320K(206664K)] 125111K(242952K), 0.0401138 secs] [Times: user=0.08 sys=0.00, real=0.04 secs] 
2015-10-30T16:01:23.038+0000: 5350.218: [CMS-concurrent-sweep-start]
2015-10-30T16:01:23.042+0000: 5350.222: [GC (Allocation Failure) 5350.222: [ParNew: 35082K->1757K(36288K), 0.0029910 secs] 131401K->98076K(242952K), 0.0030334 secs] [Times: user=0.01 sys=0.00, real=0.00 secs] 
2015-10-30T16:01:23.064+0000: 5350.245: [GC (Allocation Failure) 5350.245: [ParNew: 34077K->3097K(36288K), 0.0032493 secs] 130330K->99350K(242952K), 0.0033011 secs] [Times: user=0.01 sys=0.00, real=0.01 secs] 
2015-10-30T16:01:23.091+0000: 5350.272: [GC (Allocation Failure) 5350.272: [ParNew: 35417K->2920K(36288K), 0.0041087 secs] 131668K->99902K(242952K), 0.0041689 secs] [Times: user=0.01 sys=0.00, real=0.00 secs] 
2015-10-30T16:01:23.117+0000: 5350.298: [GC (Allocation Failure) 5350.298: [ParNew: 35240K->3122K(36288K), 0.0039659 secs] 132221K->100793K(242952K), 0.0040244 secs] [Times: user=0.00 sys=0.01, real=0.00 secs] 
2015-10-30T16:01:23.126+0000: 5350.306: [CMS-concurrent-sweep: 0.065/0.088 secs] [Times: user=0.32 sys=0.01, real=0.09 secs] 
2015-10-30T16:01:23.126+0000: 5350.306: [CMS-concurrent-reset-start]
2015-10-30T16:01:23.128+0000: 5350.309: [CMS-concurrent-reset: 0.003/0.003 secs] [Times: user=0.01 sys=0.00, real=0.00 secs] 
2015-10-30T16:01:23.142+0000: 5350.322: [GC (Allocation Failure) 5350.322: [ParNew: 35442K->2439K(36288K), 0.0028425 secs] 127763K->94760K(242952K), 0.0029052 secs] [Times: user=0.01 sys=0.00, real=0.00 secs] 
2015-10-30T16:01:23.165+0000: 5350.346: [GC (Allocation Failure) 5350.346: [ParNew: 34759K->2337K(36288K), 0.0031777 secs] 127080K->95240K(242952K), 0.0032368 secs] [Times: user=0.01 sys=0.00, real=0.00 secs] 
2015-10-30T16:01:23.199+0000: 5350.379: [GC (Allocation Failure) 5350.379: [ParNew: 31558K->3968K(36288K), 0.0036805 secs] 124461K->105097K(242952K), 0.0037568 secs] [Times: user=0.01 sys=0.00, real=0.00 secs] 
2015-10-30T16:01:23.204+0000: 5350.384: [GC (CMS Initial Mark) [1 CMS-initial-mark: 101129K(206664K)] 110414K(242952K), 0.0018426 secs] [Times: user=0.01 sys=0.00, real=0.01 secs] 
2015-10-30T16:01:23.206+0000: 5350.386: [CMS-concurrent-mark-start]
2015-10-30T16:01:23.244+0000: 5350.424: [CMS-concurrent-mark: 0.038/0.038 secs] [Times: user=0.08 sys=0.00, real=0.03 secs] 
2015-10-30T16:01:23.244+0000: 5350.425: [CMS-concurrent-preclean-start]
2015-10-30T16:01:23.246+0000: 5350.426: [CMS-concurrent-preclean: 0.002/0.002 secs] [Times: user=0.00 sys=0.00, real=0.01 secs] 
2015-10-30T16:01:23.246+0000: 5350.426: [CMS-concurrent-abortable-preclean-start]
 CMS: abort preclean due to time 2015-10-30T16:01:28.320+0000: 5355.500: [CMS-concurrent-abortable-preclean: 1.141/5.074 secs] [Times: user=1.23 sys=0.00, real=5.07 secs] 
2015-10-30T16:01:28.320+0000: 5355.501: [GC (CMS Final Remark) [YG occupancy: 26985 K (36288 K)]5355.502: [Rescan (parallel) , 0.0023360 secs]5355.504: [weak refs processing, 0.0000210 secs]5355.504: [class unloading, 0.0146280 secs]5355.519: [scrub symbol table, 0.0066470 secs]5355.525: [scrub string table, 0.0007538 secs][1 CMS-remark: 101129K(206664K)] 128114K(242952K), 0.0269935 secs] [Times: user=0.04 sys=0.00, real=0.03 secs] 
2015-10-30T16:01:28.347+0000: 5355.528: [CMS-concurrent-sweep-start]
2015-10-30T16:01:28.412+0000: 5355.593: [CMS-concurrent-sweep: 0.065/0.065 secs] [Times: user=0.06 sys=0.00, real=0.06 secs] 
2015-10-30T16:01:28.412+0000: 5355.593: [CMS-concurrent-reset-start]
2015-10-30T16:01:28.415+0000: 5355.595: [CMS-concurrent-reset: 0.002/0.002 secs] [Times: user=0.01 sys=0.00, real=0.00 secs] 
2015-10-30T16:01:30.415+0000: 5357.596: [GC (CMS Initial Mark) [1 CMS-initial-mark: 70612K(206664K)] 98181K(242952K), 0.0026764 secs] [Times: user=0.01 sys=0.00, real=0.01 secs] 
2015-10-30T16:01:30.418+0000: 5357.598: [CMS-concurrent-mark-start]
2015-10-30T16:01:30.457+0000: 5357.637: [CMS-concurrent-mark: 0.039/0.039 secs] [Times: user=0.04 sys=0.00, real=0.03 secs] 
2015-10-30T16:01:30.457+0000: 5357.637: [CMS-concurrent-preclean-start]
2015-10-30T16:01:30.459+0000: 5357.639: [CMS-concurrent-preclean: 0.002/0.002 secs] [Times: user=0.00 sys=0.00, real=0.01 secs] 
2015-10-30T16:01:30.459+0000: 5357.639: [CMS-concurrent-abortable-preclean-start]
2015-10-30T16:01:32.870+0000: 5360.050: [GC (Allocation Failure) 5360.050: [ParNew: 36261K->3968K(36288K), 0.0061651 secs] 106873K->83125K(242952K), 0.0062550 secs] [Times: user=0.02 sys=0.00, real=0.00 secs] 
2015-10-30T16:01:32.909+0000: 5360.090: [GC (Allocation Failure) 5360.090: [ParNew: 36288K->3968K(36288K), 0.0151874 secs] 115445K->93453K(242952K), 0.0152793 secs] [Times: user=0.05 sys=0.00, real=0.01 secs] 
2015-10-30T16:01:32.949+0000: 5360.130: [GC (Allocation Failure) 5360.130: [ParNew: 36288K->3628K(36288K), 0.0060059 secs] 125773K->97007K(242952K), 0.0060799 secs] [Times: user=0.02 sys=0.00, real=0.00 secs] 
2015-10-30T16:01:32.981+0000: 5360.162: [GC (Allocation Failure) 5360.162: [ParNew: 35948K->2264K(36288K), 0.0025146 secs] 129327K->95642K(242952K), 0.0025745 secs] [Times: user=0.01 sys=0.00, real=0.00 secs] 
2015-10-30T16:01:32.985+0000: 5360.166: [CMS-concurrent-abortable-preclean: 0.617/2.526 secs] [Times: user=0.94 sys=0.02, real=2.53 secs] 
2015-10-30T16:01:32.989+0000: 5360.169: [GC (CMS Final Remark) [YG occupancy: 4779 K (36288 K)]5360.169: [Rescan (parallel) , 0.0027688 secs]5360.172: [weak refs processing, 0.0000185 secs]5360.172: [class unloading, 0.0150076 secs]5360.187: [scrub symbol table, 0.0069813 secs]5360.194: [scrub string table, 0.0007605 secs][1 CMS-remark: 93378K(206664K)] 98158K(242952K), 0.0270753 secs] [Times: user=0.03 sys=0.00, real=0.02 secs] 
2015-10-30T16:01:33.016+0000: 5360.197: [CMS-concurrent-sweep-start]
2015-10-30T16:01:33.037+0000: 5360.218: [GC (Allocation Failure) 5360.218: [ParNew: 34584K->3018K(36288K), 0.0035542 secs] 126004K->94438K(242952K), 0.0036135 secs] [Times: user=0.01 sys=0.00, real=0.00 secs] 
2015-10-30T16:01:33.049+0000: 5360.230: [CMS-concurrent-sweep: 0.029/0.033 secs] [Times: user=0.12 sys=0.00, real=0.04 secs] 
2015-10-30T16:01:33.049+0000: 5360.230: [CMS-concurrent-reset-start]
2015-10-30T16:01:33.052+0000: 5360.232: [CMS-concurrent-reset: 0.003/0.003 secs] [Times: user=0.01 sys=0.00, real=0.00 secs] 
2015-10-30T16:01:33.065+0000: 5360.246: [GC (Allocation Failure) 5360.246: [ParNew: 35338K->3014K(36288K), 0.0045694 secs] 124092K->93276K(242952K), 0.0046466 secs] [Times: user=0.02 sys=0.00, real=0.00 secs] 
2015-10-30T16:01:33.089+0000: 5360.269: [GC (Allocation Failure) 5360.269: [ParNew: 35334K->3071K(36288K), 0.0033358 secs] 125596K->93334K(242952K), 0.0034026 secs] [Times: user=0.02 sys=0.00, real=0.00 secs] 
2015-10-30T16:01:33.113+0000: 5360.294: [GC (Allocation Failure) 5360.294: [ParNew: 35391K->2717K(36288K), 0.0038334 secs] 125654K->93573K(242952K), 0.0038964 secs] [Times: user=0.01 sys=0.00, real=0.01 secs] 
2015-10-30T16:01:33.137+0000: 5360.318: [GC (Allocation Failure) 5360.318: [ParNew: 35037K->2276K(36288K), 0.0029505 secs] 125893K->93132K(242952K), 0.0030117 secs] [Times: user=0.01 sys=0.00, real=0.00 secs] 
2015-10-30T16:01:33.174+0000: 5360.354: [GC (Allocation Failure) 5360.354: [ParNew: 33298K->3968K(36288K), 0.0043161 secs] 124154K->103096K(242952K), 0.0043985 secs] [Times: user=0.01 sys=0.00, real=0.01 secs] 
2015-10-30T16:01:33.179+0000: 5360.360: [GC (CMS Initial Mark) [1 CMS-initial-mark: 99128K(206664K)] 108414K(242952K), 0.0019028 secs] [Times: user=0.01 sys=0.00, real=0.00 secs] 
2015-10-30T16:01:33.181+0000: 5360.362: [CMS-concurrent-mark-start]
2015-10-30T16:01:33.241+0000: 5360.422: [CMS-concurrent-mark: 0.060/0.060 secs] [Times: user=0.12 sys=0.00, real=0.06 secs] 
2015-10-30T16:01:33.241+0000: 5360.422: [CMS-concurrent-preclean-start]
2015-10-30T16:01:33.243+0000: 5360.424: [CMS-concurrent-preclean: 0.002/0.002 secs] [Times: user=0.00 sys=0.00, real=0.00 secs] 
2015-10-30T16:01:33.243+0000: 5360.424: [CMS-concurrent-abortable-preclean-start]
 CMS: abort preclean due to time 2015-10-30T16:01:38.338+0000: 5365.518: [CMS-concurrent-abortable-preclean: 1.101/5.094 secs] [Times: user=1.20 sys=0.00, real=5.10 secs] 
2015-10-30T16:01:38.338+0000: 5365.518: [GC (CMS Final Remark) [YG occupancy: 26920 K (36288 K)]5365.518: [Rescan (parallel) , 0.0023086 secs]5365.521: [weak refs processing, 0.0000161 secs]5365.521: [class unloading, 0.0151904 secs]5365.536: [scrub symbol table, 0.0067017 secs]5365.543: [scrub string table, 0.0007859 secs][1 CMS-remark: 99128K(206664K)] 126048K(242952K), 0.0264894 secs] [Times: user=0.03 sys=0.00, real=0.02 secs] 
2015-10-30T16:01:38.365+0000: 5365.545: [CMS-concurrent-sweep-start]
2015-10-30T16:01:38.391+0000: 5365.571: [CMS-concurrent-sweep: 0.026/0.026 secs] [Times: user=0.03 sys=0.00, real=0.03 secs] 
2015-10-30T16:01:38.391+0000: 5365.571: [CMS-concurrent-reset-start]
2015-10-30T16:01:38.393+0000: 5365.574: [CMS-concurrent-reset: 0.002/0.002 secs] [Times: user=0.00 sys=0.00, real=0.00 secs] 
2015-10-30T16:01:40.393+0000: 5367.573: [GC (CMS Initial Mark) [1 CMS-initial-mark: 70365K(206664K)] 97874K(242952K), 0.0025810 secs] [Times: user=0.01 sys=0.00, real=0.00 secs] 
2015-10-30T16:01:40.395+0000: 5367.576: [CMS-concurrent-mark-start]
2015-10-30T16:01:40.433+0000: 5367.613: [CMS-concurrent-mark: 0.037/0.037 secs] [Times: user=0.04 sys=0.00, real=0.04 secs] 
2015-10-30T16:01:40.433+0000: 5367.613: [CMS-concurrent-preclean-start]
2015-10-30T16:01:40.435+0000: 5367.615: [CMS-concurrent-preclean: 0.002/0.002 secs] [Times: user=0.00 sys=0.00, real=0.00 secs] 
2015-10-30T16:01:40.435+0000: 5367.615: [CMS-concurrent-abortable-preclean-start]
2015-10-30T16:01:42.869+0000: 5370.050: [GC (Allocation Failure) 5370.050: [ParNew: 36288K->3968K(36288K), 0.0063878 secs] 106653K->83227K(242952K), 0.0064726 secs] [Times: user=0.03 sys=0.00, real=0.00 secs] 
2015-10-30T16:01:42.907+0000: 5370.088: [GC (Allocation Failure) 5370.088: [ParNew: 36288K->3968K(36288K), 0.0123507 secs] 115547K->95183K(242952K), 0.0124318 secs] [Times: user=0.04 sys=0.00, real=0.01 secs] 
2015-10-30T16:01:42.942+0000: 5370.122: [GC (Allocation Failure) 5370.122: [ParNew: 36288K->3232K(36288K), 0.0070087 secs] 127503K->98361K(242952K), 0.0070827 secs] [Times: user=0.03 sys=0.00, real=0.01 secs] 
2015-10-30T16:01:42.970+0000: 5370.150: [GC (Allocation Failure) 5370.150: [ParNew: 35552K->1785K(36288K), 0.0030188 secs] 130681K->96915K(242952K), 0.0030786 secs] [Times: user=0.00 sys=0.00, real=0.00 secs] 
2015-10-30T16:01:42.977+0000: 5370.158: [CMS-concurrent-abortable-preclean: 0.549/2.542 secs] [Times: user=0.88 sys=0.01, real=2.55 secs] 
2015-10-30T16:01:42.992+0000: 5370.173: [GC (CMS Final Remark) [YG occupancy: 34105 K (36288 K)]5370.173: [Rescan (parallel) , 0.0204090 secs]5370.193: [weak refs processing, 0.0000253 secs]5370.193: [class unloading, 0.0150022 secs]5370.208: [scrub symbol table, 0.0066477 secs]5370.215: [scrub string table, 0.0007495 secs][1 CMS-remark: 95129K(206664K)] 129235K(242952K), 0.0442979 secs] [Times: user=0.11 sys=0.00, real=0.04 secs] 
2015-10-30T16:01:43.037+0000: 5370.217: [CMS-concurrent-sweep-start]
2015-10-30T16:01:43.037+0000: 5370.218: [GC (Allocation Failure) 5370.218: [ParNew: 34105K->3237K(36288K), 0.0030718 secs] 129235K->98367K(242952K), 0.0031115 secs] [Times: user=0.01 sys=0.00, real=0.00 secs] 
2015-10-30T16:01:43.066+0000: 5370.247: [GC (Allocation Failure) 5370.247: [ParNew: 35557K->3322K(36288K), 0.0048063 secs] 126064K->94536K(242952K), 0.0048640 secs] [Times: user=0.01 sys=0.00, real=0.00 secs] 
2015-10-30T16:01:43.071+0000: 5370.252: [CMS-concurrent-sweep: 0.031/0.035 secs] [Times: user=0.12 sys=0.00, real=0.04 secs] 
2015-10-30T16:01:43.072+0000: 5370.252: [CMS-concurrent-reset-start]
2015-10-30T16:01:43.074+0000: 5370.255: [CMS-concurrent-reset: 0.003/0.003 secs] [Times: user=0.01 sys=0.00, real=0.00 secs] 
2015-10-30T16:01:43.089+0000: 5370.270: [GC (Allocation Failure) 5370.270: [ParNew: 35642K->3859K(36288K), 0.0044509 secs] 126856K->95801K(242952K), 0.0045136 secs] [Times: user=0.01 sys=0.00, real=0.00 secs] 
2015-10-30T16:01:43.113+0000: 5370.294: [GC (Allocation Failure) 5370.294: [ParNew: 36179K->2401K(36288K), 0.0034169 secs] 128121K->94920K(242952K), 0.0034775 secs] [Times: user=0.01 sys=0.00, real=0.00 secs] 
2015-10-30T16:01:43.137+0000: 5370.318: [GC (Allocation Failure) 5370.318: [ParNew: 34721K->2196K(36288K), 0.0029109 secs] 127240K->94714K(242952K), 0.0029684 secs] [Times: user=0.01 sys=0.00, real=0.00 secs] 
2015-10-30T16:01:43.173+0000: 5370.353: [GC (Allocation Failure) 5370.353: [ParNew: 32003K->3968K(36288K), 0.0031605 secs] 124521K->104976K(242952K), 0.0032378 secs] [Times: user=0.01 sys=0.00, real=0.00 secs] 
2015-10-30T16:01:43.177+0000: 5370.358: [GC (CMS Initial Mark) [1 CMS-initial-mark: 101008K(206664K)] 110294K(242952K), 0.0021178 secs] [Times: user=0.01 sys=0.00, real=0.00 secs] 
2015-10-30T16:01:43.179+0000: 5370.360: [CMS-concurrent-mark-start]
2015-10-30T16:01:43.217+0000: 5370.397: [CMS-concurrent-mark: 0.037/0.037 secs] [Times: user=0.07 sys=0.00, real=0.03 secs] 
2015-10-30T16:01:43.217+0000: 5370.397: [CMS-concurrent-preclean-start]
2015-10-30T16:01:43.218+0000: 5370.398: [CMS-concurrent-preclean: 0.001/0.001 secs] [Times: user=0.00 sys=0.00, real=0.01 secs] 
2015-10-30T16:01:43.218+0000: 5370.398: [CMS-concurrent-abortable-preclean-start]
 CMS: abort preclean due to time 2015-10-30T16:01:48.323+0000: 5375.504: [CMS-concurrent-abortable-preclean: 1.216/5.105 secs] [Times: user=1.31 sys=0.00, real=5.10 secs] 
2015-10-30T16:01:48.323+0000: 5375.504: [GC (CMS Final Remark) [YG occupancy: 27023 K (36288 K)]5375.504: [Rescan (parallel) , 0.0025635 secs]5375.506: [weak refs processing, 0.0000168 secs]5375.507: [class unloading, 0.0147154 secs]5375.521: [scrub symbol table, 0.0066102 secs]5375.528: [scrub string table, 0.0007477 secs][1 CMS-remark: 101008K(206664K)] 128032K(242952K), 0.0260673 secs] [Times: user=0.03 sys=0.00, real=0.03 secs] 
2015-10-30T16:01:48.350+0000: 5375.530: [CMS-concurrent-sweep-start]
2015-10-30T16:01:48.375+0000: 5375.556: [CMS-concurrent-sweep: 0.026/0.026 secs] [Times: user=0.03 sys=0.00, real=0.02 secs] 
2015-10-30T16:01:48.375+0000: 5375.556: [CMS-concurrent-reset-start]
2015-10-30T16:01:48.378+0000: 5375.558: [CMS-concurrent-reset: 0.002/0.002 secs] [Times: user=0.00 sys=0.00, real=0.01 secs] 
2015-10-30T16:01:50.378+0000: 5377.558: [GC (CMS Initial Mark) [1 CMS-initial-mark: 69267K(206664K)] 96906K(242952K), 0.0027265 secs] [Times: user=0.01 sys=0.00, real=0.00 secs] 
2015-10-30T16:01:50.381+0000: 5377.561: [CMS-concurrent-mark-start]
2015-10-30T16:01:50.417+0000: 5377.597: [CMS-concurrent-mark: 0.036/0.036 secs] [Times: user=0.03 sys=0.00, real=0.03 secs] 
2015-10-30T16:01:50.417+0000: 5377.597: [CMS-concurrent-preclean-start]
2015-10-30T16:01:50.419+0000: 5377.599: [CMS-concurrent-preclean: 0.002/0.002 secs] [Times: user=0.01 sys=0.00, real=0.01 secs] 
2015-10-30T16:01:50.419+0000: 5377.599: [CMS-concurrent-abortable-preclean-start]
2015-10-30T16:01:52.863+0000: 5380.043: [GC (Allocation Failure) 5380.043: [ParNew: 36281K->3968K(36288K), 0.0073336 secs] 105548K->82378K(242952K), 0.0074162 secs] [Times: user=0.03 sys=0.00, real=0.01 secs] 
2015-10-30T16:01:52.904+0000: 5380.084: [GC (Allocation Failure) 5380.084: [ParNew: 36288K->3968K(36288K), 0.0126742 secs] 114698K->94508K(242952K), 0.0127578 secs] [Times: user=0.05 sys=0.00, real=0.01 secs] 
2015-10-30T16:01:52.941+0000: 5380.122: [GC (Allocation Failure) 5380.122: [ParNew: 36288K->3035K(36288K), 0.0055872 secs] 126828K->97412K(242952K), 0.0056590 secs] [Times: user=0.02 sys=0.00, real=0.01 secs] 
2015-10-30T16:01:52.948+0000: 5380.129: [CMS-concurrent-abortable-preclean: 0.648/2.530 secs] [Times: user=0.88 sys=0.02, real=2.53 secs] 
2015-10-30T16:01:52.952+0000: 5380.132: [GC (CMS Final Remark) [YG occupancy: 7823 K (36288 K)]5380.132: [Rescan (parallel) , 0.0099223 secs]5380.142: [weak refs processing, 0.0000182 secs]5380.142: [class unloading, 0.0148852 secs]5380.157: [scrub symbol table, 0.0066470 secs]5380.164: [scrub string table, 0.0007536 secs][1 CMS-remark: 94377K(206664K)] 102200K(242952K), 0.0336704 secs] [Times: user=0.06 sys=0.00, real=0.04 secs] 
2015-10-30T16:01:52.986+0000: 5380.166: [CMS-concurrent-sweep-start]
2015-10-30T16:01:53.005+0000: 5380.186: [GC (Allocation Failure) 5380.186: [ParNew: 35355K->1969K(36288K), 0.0026918 secs] 126801K->93416K(242952K), 0.0027494 secs] [Times: user=0.01 sys=0.00, real=0.00 secs] 
2015-10-30T16:01:53.016+0000: 5380.197: [CMS-concurrent-sweep: 0.026/0.031 secs] [Times: user=0.11 sys=0.00, real=0.02 secs] 
2015-10-30T16:01:53.016+0000: 5380.197: [CMS-concurrent-reset-start]
2015-10-30T16:01:53.019+0000: 5380.199: [CMS-concurrent-reset: 0.003/0.003 secs] [Times: user=0.01 sys=0.00, real=0.01 secs] 
2015-10-30T16:01:53.028+0000: 5380.208: [GC (Allocation Failure) 5380.208: [ParNew: 34289K->3172K(36288K), 0.0034007 secs] 122993K->91876K(242952K), 0.0034648 secs] [Times: user=0.01 sys=0.00, real=0.00 secs] 
2015-10-30T16:01:53.054+0000: 5380.235: [GC (Allocation Failure) 5380.235: [ParNew: 35492K->2827K(36288K), 0.0041901 secs] 124196K->92321K(242952K), 0.0042424 secs] [Times: user=0.02 sys=0.00, real=0.01 secs] 
2015-10-30T16:01:53.081+0000: 5380.262: [GC (Allocation Failure) 5380.262: [ParNew: 35147K->3152K(36288K), 0.0038692 secs] 124641K->93348K(242952K), 0.0039260 secs] [Times: user=0.02 sys=0.00, real=0.01 secs] 
2015-10-30T16:01:53.103+0000: 5380.283: [GC (Allocation Failure) 5380.283: [ParNew: 35472K->2683K(36288K), 0.0040661 secs] 125668K->93455K(242952K), 0.0041273 secs] [Times: user=0.02 sys=0.00, real=0.01 secs] 
2015-10-30T16:01:53.129+0000: 5380.310: [GC (Allocation Failure) 5380.310: [ParNew: 35003K->3063K(36288K), 0.0024944 secs] 125775K->93834K(242952K), 0.0025515 secs] [Times: user=0.01 sys=0.00, real=0.00 secs] 
2015-10-30T16:01:53.163+0000: 5380.344: [GC (Allocation Failure) 5380.344: [ParNew: 34385K->3968K(36288K), 0.0036580 secs] 125157K->103044K(242952K), 0.0037359 secs] [Times: user=0.02 sys=0.00, real=0.01 secs] 
2015-10-30T16:01:53.168+0000: 5380.349: [GC (CMS Initial Mark) [1 CMS-initial-mark: 99076K(206664K)] 108361K(242952K), 0.0018638 secs] [Times: user=0.00 sys=0.00, real=0.00 secs] 
2015-10-30T16:01:53.170+0000: 5380.351: [CMS-concurrent-mark-start]
2015-10-30T16:01:53.208+0000: 5380.389: [CMS-concurrent-mark: 0.038/0.038 secs] [Times: user=0.08 sys=0.00, real=0.04 secs] 
2015-10-30T16:01:53.208+0000: 5380.389: [CMS-concurrent-preclean-start]
2015-10-30T16:01:53.210+0000: 5380.391: [CMS-concurrent-preclean: 0.002/0.002 secs] [Times: user=0.00 sys=0.00, real=0.00 secs] 
2015-10-30T16:01:53.210+0000: 5380.391: [CMS-concurrent-abortable-preclean-start]
 CMS: abort preclean due to time 2015-10-30T16:01:58.212+0000: 5385.392: [CMS-concurrent-abortable-preclean: 1.079/5.002 secs] [Times: user=1.19 sys=0.00, real=5.00 secs] 
2015-10-30T16:01:58.212+0000: 5385.392: [GC (CMS Final Remark) [YG occupancy: 26913 K (36288 K)]5385.394: [Rescan (parallel) , 0.0023053 secs]5385.396: [weak refs processing, 0.0000211 secs]5385.396: [class unloading, 0.0148169 secs]5385.411: [scrub symbol table, 0.0066206 secs]5385.418: [scrub string table, 0.0007557 secs][1 CMS-remark: 99076K(206664K)] 125989K(242952K), 0.0271730 secs] [Times: user=0.03 sys=0.00, real=0.03 secs] 
2015-10-30T16:01:58.239+0000: 5385.420: [CMS-concurrent-sweep-start]
2015-10-30T16:01:58.263+0000: 5385.443: [CMS-concurrent-sweep: 0.024/0.024 secs] [Times: user=0.02 sys=0.00, real=0.02 secs] 
2015-10-30T16:01:58.263+0000: 5385.443: [CMS-concurrent-reset-start]
2015-10-30T16:01:58.265+0000: 5385.446: [CMS-concurrent-reset: 0.002/0.002 secs] [Times: user=0.01 sys=0.00, real=0.01 secs] 
2015-10-30T16:02:00.048+0000: 5387.228: [GC (Allocation Failure) 5387.228: [ParNew: 36288K->3968K(36288K), 0.0075918 secs] 105180K->79325K(242952K), 0.0076670 secs] [Times: user=0.02 sys=0.00, real=0.00 secs] 
2015-10-30T16:02:00.077+0000: 5387.258: [GC (Allocation Failure) 5387.258: [ParNew: 36288K->3968K(36288K), 0.0142336 secs] 111645K->91905K(242952K), 0.0143186 secs] [Times: user=0.05 sys=0.00, real=0.01 secs] 
2015-10-30T16:02:00.109+0000: 5387.290: [GC (Allocation Failure) 5387.290: [ParNew: 36288K->3968K(36288K), 0.0115008 secs] 124225K->100410K(242952K), 0.0115915 secs] [Times: user=0.04 sys=0.00, real=0.01 secs] 
2015-10-30T16:02:00.136+0000: 5387.316: [GC (Allocation Failure) 5387.316: [ParNew: 36288K->3088K(36288K), 0.0076449 secs] 132730K->103266K(242952K), 0.0077291 secs] [Times: user=0.03 sys=0.00, real=0.01 secs] 
2015-10-30T16:02:00.158+0000: 5387.339: [GC (Allocation Failure) 5387.339: [ParNew: 35408K->3928K(36288K), 0.0041247 secs] 135586K->104106K(242952K), 0.0041918 secs] [Times: user=0.01 sys=0.00, real=0.00 secs] 
2015-10-30T16:02:00.177+0000: 5387.358: [GC (Allocation Failure) 5387.358: [ParNew: 36248K->3213K(36288K), 0.0052345 secs] 136426K->104084K(242952K), 0.0053491 secs] [Times: user=0.01 sys=0.00, real=0.00 secs] 
2015-10-30T16:02:00.220+0000: 5387.401: [GC (GCLocker Initiated GC) 5387.401: [ParNew: 36287K->3968K(36288K), 0.0132823 secs] 137282K->108791K(242952K), 0.0133566 secs] [Times: user=0.04 sys=0.00, real=0.01 secs] 
2015-10-30T16:02:00.237+0000: 5387.418: [GC (CMS Initial Mark) [1 CMS-initial-mark: 104823K(206664K)] 108973K(242952K), 0.0025647 secs] [Times: user=0.00 sys=0.00, real=0.00 secs] 
2015-10-30T16:02:00.240+0000: 5387.421: [CMS-concurrent-mark-start]
2015-10-30T16:02:00.270+0000: 5387.450: [GC (Allocation Failure) 5387.450: [ParNew: 36288K->3968K(36288K), 0.0075691 secs] 141111K->111811K(242952K), 0.0076522 secs] [Times: user=0.03 sys=0.00, real=0.01 secs] 
2015-10-30T16:02:00.313+0000: 5387.494: [GC (Allocation Failure) 5387.494: [ParNew: 36288K->3968K(36288K), 0.0093356 secs] 144598K->116772K(242952K), 0.0094197 secs] [Times: user=0.04 sys=0.00, real=0.01 secs] 
2015-10-30T16:02:00.338+0000: 5387.519: [GC (GCLocker Initiated GC) 5387.519: [ParNew: 14008K->2663K(36288K), 0.0059146 secs] 126813K->119424K(242952K), 0.0059869 secs] [Times: user=0.01 sys=0.00, real=0.00 secs] 
2015-10-30T16:02:00.366+0000: 5387.546: [CMS-concurrent-mark: 0.100/0.126 secs] [Times: user=0.45 sys=0.01, real=0.13 secs] 
2015-10-30T16:02:00.366+0000: 5387.546: [CMS-concurrent-preclean-start]
2015-10-30T16:02:00.378+0000: 5387.559: [GC (Allocation Failure) 5387.559: [ParNew: 34983K->3952K(36288K), 0.0046449 secs] 151744K->120713K(242952K), 0.0047282 secs] [Times: user=0.02 sys=0.00, real=0.00 secs] 
2015-10-30T16:02:00.390+0000: 5387.571: [CMS-concurrent-preclean: 0.017/0.025 secs] [Times: user=0.09 sys=0.00, real=0.02 secs] 
2015-10-30T16:02:00.390+0000: 5387.571: [CMS-concurrent-abortable-preclean-start]
2015-10-30T16:02:04.802+0000: 5391.983: [GC (Allocation Failure) 5391.983: [ParNew: 36272K->3968K(36288K), 0.0074882 secs] 153033K->123725K(242952K), 0.0075576 secs] [Times: user=0.02 sys=0.00, real=0.01 secs] 
2015-10-30T16:02:04.841+0000: 5392.022: [GC (Allocation Failure) 5392.022: [ParNew: 36288K->3968K(36288K), 0.0057202 secs] 156045K->125862K(242952K), 0.0057807 secs] [Times: user=0.02 sys=0.00, real=0.01 secs] 
2015-10-30T16:02:04.848+0000: 5392.028: [GC (GCLocker Initiated GC) 5392.028: [ParNew: 4554K->1670K(36288K), 0.0035187 secs] 126449K->125832K(242952K), 0.0035548 secs] [Times: user=0.01 sys=0.00, real=0.00 secs] 
2015-10-30T16:02:04.869+0000: 5392.049: [CMS-concurrent-abortable-preclean: 1.250/4.479 secs] [Times: user=1.64 sys=0.05, real=4.48 secs] 
2015-10-30T16:02:04.873+0000: 5392.054: [GC (CMS Final Remark) [YG occupancy: 21636 K (36288 K)]5392.054: [Rescan (parallel) , 0.0077897 secs]5392.062: [weak refs processing, 0.0000185 secs]5392.062: [class unloading, 0.0156514 secs]5392.077: [scrub symbol table, 0.0066826 secs]5392.084: [scrub string table, 0.0007573 secs][1 CMS-remark: 124161K(206664K)] 145798K(242952K), 0.0323890 secs] [Times: user=0.05 sys=0.00, real=0.04 secs] 
2015-10-30T16:02:04.906+0000: 5392.086: [CMS-concurrent-sweep-start]
2015-10-30T16:02:04.919+0000: 5392.100: [GC (Allocation Failure) 5392.100: [ParNew: 33990K->3968K(36288K), 0.0120663 secs] 156240K->128236K(242952K), 0.0121351 secs] [Times: user=0.04 sys=0.00, real=0.01 secs] 
2015-10-30T16:02:04.969+0000: 5392.150: [GC (Allocation Failure) 5392.150: [ParNew: 36288K->3968K(36288K), 0.0155676 secs] 143503K->116236K(242952K), 0.0156479 secs] [Times: user=0.05 sys=0.00, real=0.01 secs] 
2015-10-30T16:02:04.988+0000: 5392.168: [GC (GCLocker Initiated GC) 5392.168: [ParNew: 6826K->3733K(36288K), 0.0090106 secs] 118357K->119373K(242952K), 0.0090662 secs] [Times: user=0.03 sys=0.00, real=0.00 secs] 
2015-10-30T16:02:05.022+0000: 5392.202: [CMS-concurrent-sweep: 0.077/0.116 secs] [Times: user=0.34 sys=0.03, real=0.11 secs] 
2015-10-30T16:02:05.022+0000: 5392.202: [CMS-concurrent-reset-start]
2015-10-30T16:02:05.024+0000: 5392.205: [CMS-concurrent-reset: 0.002/0.002 secs] [Times: user=0.01 sys=0.00, real=0.00 secs] 
2015-10-30T16:02:07.024+0000: 5394.204: [GC (CMS Initial Mark) [1 CMS-initial-mark: 97091K(206664K)] 108710K(242952K), 0.0039982 secs] [Times: user=0.02 sys=0.00, real=0.01 secs] 
2015-10-30T16:02:07.028+0000: 5394.208: [CMS-concurrent-mark-start]
2015-10-30T16:02:07.060+0000: 5394.241: [CMS-concurrent-mark: 0.032/0.032 secs] [Times: user=0.03 sys=0.00, real=0.03 secs] 
2015-10-30T16:02:07.060+0000: 5394.241: [CMS-concurrent-preclean-start]
2015-10-30T16:02:07.063+0000: 5394.244: [CMS-concurrent-preclean: 0.003/0.003 secs] [Times: user=0.00 sys=0.00, real=0.00 secs] 
2015-10-30T16:02:07.063+0000: 5394.244: [CMS-concurrent-abortable-preclean-start]
 CMS: abort preclean due to time 2015-10-30T16:02:12.094+0000: 5399.274: [CMS-concurrent-abortable-preclean: 0.432/5.030 secs] [Times: user=0.50 sys=0.00, real=5.03 secs] 
2015-10-30T16:02:12.094+0000: 5399.274: [GC (CMS Final Remark) [YG occupancy: 14126 K (36288 K)]5399.274: [Rescan (parallel) , 0.0050048 secs]5399.279: [weak refs processing, 0.0000237 secs]5399.279: [class unloading, 0.0152545 secs]5399.295: [scrub symbol table, 0.0066139 secs]5399.301: [scrub string table, 0.0007557 secs][1 CMS-remark: 97091K(206664K)] 111217K(242952K), 0.0290724 secs] [Times: user=0.04 sys=0.00, real=0.03 secs] 
2015-10-30T16:02:12.123+0000: 5399.304: [CMS-concurrent-sweep-start]
2015-10-30T16:02:12.192+0000: 5399.372: [CMS-concurrent-sweep: 0.068/0.068 secs] [Times: user=0.07 sys=0.00, real=0.07 secs] 
2015-10-30T16:02:12.192+0000: 5399.372: [CMS-concurrent-reset-start]
2015-10-30T16:02:12.194+0000: 5399.374: [CMS-concurrent-reset: 0.002/0.002 secs] [Times: user=0.00 sys=0.00, real=0.00 secs] 
2015-10-30T16:02:12.884+0000: 5400.064: [GC (Allocation Failure) 5400.064: [ParNew: 36053K->3968K(36288K), 0.0157835 secs] 99715K->83781K(242952K), 0.0158807 secs] [Times: user=0.04 sys=0.01, real=0.02 secs] 
2015-10-30T16:02:12.925+0000: 5400.105: [GC (Allocation Failure) 5400.105: [ParNew: 36288K->2991K(36288K), 0.0051224 secs] 116101K->86293K(242952K), 0.0051830 secs] [Times: user=0.02 sys=0.00, real=0.01 secs] 
2015-10-30T16:02:12.948+0000: 5400.128: [GC (Allocation Failure) 5400.128: [ParNew: 35311K->3296K(36288K), 0.0029045 secs] 118613K->86598K(242952K), 0.0029649 secs] [Times: user=0.01 sys=0.00, real=0.00 secs] 
2015-10-30T16:02:12.973+0000: 5400.154: [GC (Allocation Failure) 5400.154: [ParNew: 35616K->3065K(36288K), 0.0042537 secs] 118918K->88131K(242952K), 0.0043199 secs] [Times: user=0.02 sys=0.00, real=0.01 secs] 
2015-10-30T16:02:12.996+0000: 5400.177: [GC (Allocation Failure) 5400.177: [ParNew: 35385K->2655K(36288K), 0.0030547 secs] 120451K->87720K(242952K), 0.0031225 secs] [Times: user=0.01 sys=0.00, real=0.01 secs] 
2015-10-30T16:02:13.021+0000: 5400.202: [GC (Allocation Failure) 5400.202: [ParNew: 34975K->2933K(36288K), 0.0042153 secs] 120040K->88670K(242952K), 0.0042746 secs] [Times: user=0.01 sys=0.00, real=0.01 secs] 
2015-10-30T16:02:13.045+0000: 5400.226: [GC (Allocation Failure) 5400.226: [ParNew: 35253K->3027K(36288K), 0.0037228 secs] 120990K->89410K(242952K), 0.0038148 secs] [Times: user=0.01 sys=0.00, real=0.00 secs] 
2015-10-30T16:02:13.069+0000: 5400.249: [GC (Allocation Failure) 5400.249: [ParNew: 35347K->2933K(36288K), 0.0026509 secs] 121730K->89316K(242952K), 0.0027103 secs] [Times: user=0.01 sys=0.00, real=0.00 secs] 
2015-10-30T16:02:13.093+0000: 5400.274: [GC (Allocation Failure) 5400.274: [ParNew: 35253K->2957K(36288K), 0.0028067 secs] 121636K->89341K(242952K), 0.0028657 secs] [Times: user=0.01 sys=0.00, real=0.00 secs] 
2015-10-30T16:02:13.125+0000: 5400.306: [GC (Allocation Failure) 5400.306: [ParNew: 33504K->3275K(36288K), 0.0038094 secs] 119888K->98270K(242952K), 0.0038848 secs] [Times: user=0.02 sys=0.00, real=0.00 secs] 
2015-10-30T16:02:13.130+0000: 5400.311: [GC (CMS Initial Mark) [1 CMS-initial-mark: 94994K(206664K)] 101174K(242952K), 0.0018384 secs] [Times: user=0.01 sys=0.00, real=0.00 secs] 
2015-10-30T16:02:13.132+0000: 5400.312: [CMS-concurrent-mark-start]
2015-10-30T16:02:13.192+0000: 5400.373: [CMS-concurrent-mark: 0.060/0.060 secs] [Times: user=0.12 sys=0.00, real=0.06 secs] 
2015-10-30T16:02:13.192+0000: 5400.373: [CMS-concurrent-preclean-start]
2015-10-30T16:02:13.195+0000: 5400.375: [CMS-concurrent-preclean: 0.002/0.002 secs] [Times: user=0.00 sys=0.00, real=0.00 secs] 
2015-10-30T16:02:13.195+0000: 5400.375: [CMS-concurrent-abortable-preclean-start]
 CMS: abort preclean due to time 2015-10-30T16:02:18.203+0000: 5405.383: [CMS-concurrent-abortable-preclean: 1.207/5.008 secs] [Times: user=1.30 sys=0.01, real=5.01 secs] 
2015-10-30T16:02:18.203+0000: 5405.383: [GC (CMS Final Remark) [YG occupancy: 13099 K (36288 K)]5405.383: [Rescan (parallel) , 0.0029769 secs]5405.386: [weak refs processing, 0.0000163 secs]5405.386: [class unloading, 0.0147479 secs]5405.401: [scrub symbol table, 0.0066092 secs]5405.408: [scrub string table, 0.0007459 secs][1 CMS-remark: 94994K(206664K)] 108093K(242952K), 0.0265162 secs] [Times: user=0.03 sys=0.00, real=0.03 secs] 
2015-10-30T16:02:18.230+0000: 5405.410: [CMS-concurrent-sweep-start]
2015-10-30T16:02:18.255+0000: 5405.436: [CMS-concurrent-sweep: 0.026/0.026 secs] [Times: user=0.03 sys=0.00, real=0.02 secs] 
2015-10-30T16:02:18.255+0000: 5405.436: [CMS-concurrent-reset-start]
2015-10-30T16:02:18.258+0000: 5405.438: [CMS-concurrent-reset: 0.002/0.002 secs] [Times: user=0.00 sys=0.00, real=0.01 secs] 
2015-10-30T16:02:20.258+0000: 5407.439: [GC (CMS Initial Mark) [1 CMS-initial-mark: 66869K(206664K)] 80868K(242952K), 0.0028310 secs] [Times: user=0.01 sys=0.00, real=0.00 secs] 
2015-10-30T16:02:20.261+0000: 5407.441: [CMS-concurrent-mark-start]
2015-10-30T16:02:20.299+0000: 5407.479: [CMS-concurrent-mark: 0.038/0.038 secs] [Times: user=0.03 sys=0.00, real=0.04 secs] 
2015-10-30T16:02:20.299+0000: 5407.479: [CMS-concurrent-preclean-start]
2015-10-30T16:02:20.301+0000: 5407.481: [CMS-concurrent-preclean: 0.002/0.002 secs] [Times: user=0.01 sys=0.00, real=0.00 secs] 
2015-10-30T16:02:20.301+0000: 5407.481: [CMS-concurrent-abortable-preclean-start]
2015-10-30T16:02:22.856+0000: 5410.036: [GC (Allocation Failure) 5410.036: [ParNew: 35586K->3968K(36288K), 0.0182618 secs] 102456K->89923K(242952K), 0.0183584 secs] [Times: user=0.06 sys=0.00, real=0.02 secs] 
2015-10-30T16:02:22.905+0000: 5410.086: [GC (Allocation Failure) 5410.086: [ParNew: 36288K->3968K(36288K), 0.0055108 secs] 122243K->93841K(242952K), 0.0055730 secs] [Times: user=0.02 sys=0.00, real=0.00 secs] 
2015-10-30T16:02:22.928+0000: 5410.109: [CMS-concurrent-abortable-preclean: 0.677/2.627 secs] [Times: user=0.93 sys=0.00, real=2.63 secs] 
2015-10-30T16:02:22.929+0000: 5410.110: [GC (CMS Final Remark) [YG occupancy: 30310 K (36288 K)]5410.110: [Rescan (parallel) , 0.0169029 secs]5410.127: [weak refs processing, 0.0000186 secs]5410.127: [class unloading, 0.0146503 secs]5410.141: [scrub symbol table, 0.0068134 secs]5410.148: [scrub string table, 0.0007496 secs][1 CMS-remark: 89873K(206664K)] 120183K(242952K), 0.0406177 secs] [Times: user=0.09 sys=0.00, real=0.04 secs] 
2015-10-30T16:02:22.972+0000: 5410.153: [CMS-concurrent-sweep-start]
2015-10-30T16:02:22.974+0000: 5410.154: [GC (Allocation Failure) 5410.154: [ParNew: 36288K->2599K(36288K), 0.0044348 secs] 126160K->94834K(242952K), 0.0044990 secs] [Times: user=0.02 sys=0.00, real=0.01 secs] 
2015-10-30T16:02:23.002+0000: 5410.183: [GC (Allocation Failure) 5410.183: [ParNew: 34919K->2152K(36288K), 0.0029847 secs] 126139K->93372K(242952K), 0.0030348 secs] [Times: user=0.00 sys=0.00, real=0.01 secs] 
2015-10-30T16:02:23.011+0000: 5410.192: [CMS-concurrent-sweep: 0.031/0.039 secs] [Times: user=0.15 sys=0.00, real=0.04 secs] 
2015-10-30T16:02:23.011+0000: 5410.192: [CMS-concurrent-reset-start]
2015-10-30T16:02:23.014+0000: 5410.194: [CMS-concurrent-reset: 0.003/0.003 secs] [Times: user=0.01 sys=0.00, real=0.00 secs] 
2015-10-30T16:02:23.028+0000: 5410.209: [GC (Allocation Failure) 5410.209: [ParNew: 34472K->2806K(36288K), 0.0032120 secs] 125154K->93488K(242952K), 0.0032649 secs] [Times: user=0.01 sys=0.00, real=0.00 secs] 
2015-10-30T16:02:23.053+0000: 5410.234: [GC (Allocation Failure) 5410.234: [ParNew: 35126K->3208K(36288K), 0.0040158 secs] 125808K->94576K(242952K), 0.0040772 secs] [Times: user=0.02 sys=0.00, real=0.01 secs] 
2015-10-30T16:02:23.077+0000: 5410.258: [GC (Allocation Failure) 5410.258: [ParNew: 35528K->3263K(36288K), 0.0046439 secs] 126896K->95320K(242952K), 0.0047051 secs] [Times: user=0.01 sys=0.00, real=0.00 secs] 
2015-10-30T16:02:23.101+0000: 5410.281: [GC (Allocation Failure) 5410.281: [ParNew: 35583K->2214K(36288K), 0.0038445 secs] 127640K->94918K(242952K), 0.0039063 secs] [Times: user=0.01 sys=0.00, real=0.00 secs] 
2015-10-30T16:02:23.124+0000: 5410.304: [GC (Allocation Failure) 5410.304: [ParNew: 34534K->2430K(36288K), 0.0026937 secs] 127238K->95134K(242952K), 0.0027531 secs] [Times: user=0.01 sys=0.00, real=0.01 secs] 
2015-10-30T16:02:23.157+0000: 5410.338: [GC (Allocation Failure) 5410.338: [ParNew: 34003K->2491K(36288K), 0.0030316 secs] 126707K->103172K(242952K), 0.0031089 secs] [Times: user=0.01 sys=0.00, real=0.00 secs] 
2015-10-30T16:02:23.161+0000: 5410.341: [GC (CMS Initial Mark) [1 CMS-initial-mark: 100680K(206664K)] 106025K(242952K), 0.0020667 secs] [Times: user=0.00 sys=0.00, real=0.00 secs] 
2015-10-30T16:02:23.163+0000: 5410.344: [CMS-concurrent-mark-start]
2015-10-30T16:02:23.223+0000: 5410.403: [CMS-concurrent-mark: 0.060/0.060 secs] [Times: user=0.12 sys=0.00, real=0.06 secs] 
2015-10-30T16:02:23.223+0000: 5410.403: [CMS-concurrent-preclean-start]
2015-10-30T16:02:23.225+0000: 5410.405: [CMS-concurrent-preclean: 0.002/0.002 secs] [Times: user=0.01 sys=0.00, real=0.00 secs] 
2015-10-30T16:02:23.225+0000: 5410.405: [CMS-concurrent-abortable-preclean-start]
 CMS: abort preclean due to time 2015-10-30T16:02:28.235+0000: 5415.416: [CMS-concurrent-abortable-preclean: 1.290/5.010 secs] [Times: user=1.39 sys=0.00, real=5.01 secs] 
2015-10-30T16:02:28.236+0000: 5415.416: [GC (CMS Final Remark) [YG occupancy: 12497 K (36288 K)]5415.417: [Rescan (parallel) , 0.0029691 secs]5415.420: [weak refs processing, 0.0000227 secs]5415.420: [class unloading, 0.0150795 secs]5415.435: [scrub symbol table, 0.0066177 secs]5415.442: [scrub string table, 0.0007682 secs][1 CMS-remark: 100680K(206664K)] 113177K(242952K), 0.0280376 secs] [Times: user=0.04 sys=0.00, real=0.03 secs] 
2015-10-30T16:02:28.264+0000: 5415.444: [CMS-concurrent-sweep-start]
2015-10-30T16:02:28.294+0000: 5415.474: [CMS-concurrent-sweep: 0.030/0.030 secs] [Times: user=0.03 sys=0.00, real=0.03 secs] 
2015-10-30T16:02:28.294+0000: 5415.474: [CMS-concurrent-reset-start]
2015-10-30T16:02:28.296+0000: 5415.477: [CMS-concurrent-reset: 0.002/0.002 secs] [Times: user=0.00 sys=0.00, real=0.00 secs] 
2015-10-30T16:02:30.296+0000: 5417.476: [GC (CMS Initial Mark) [1 CMS-initial-mark: 66904K(206664K)] 80115K(242952K), 0.0029900 secs] [Times: user=0.01 sys=0.00, real=0.01 secs] 
2015-10-30T16:02:30.299+0000: 5417.479: [CMS-concurrent-mark-start]
2015-10-30T16:02:30.339+0000: 5417.519: [CMS-concurrent-mark: 0.040/0.040 secs] [Times: user=0.04 sys=0.00, real=0.04 secs] 
2015-10-30T16:02:30.339+0000: 5417.519: [CMS-concurrent-preclean-start]
2015-10-30T16:02:30.341+0000: 5417.522: [CMS-concurrent-preclean: 0.002/0.002 secs] [Times: user=0.00 sys=0.00, real=0.00 secs] 
2015-10-30T16:02:30.341+0000: 5417.522: [CMS-concurrent-abortable-preclean-start]
2015-10-30T16:02:32.893+0000: 5420.074: [GC (Allocation Failure) 5420.074: [ParNew: 34807K->3968K(36288K), 0.0192203 secs] 101711K->89891K(242952K), 0.0193212 secs] [Times: user=0.06 sys=0.00, real=0.02 secs] 
2015-10-30T16:02:32.939+0000: 5420.120: [GC (Allocation Failure) 5420.120: [ParNew: 36288K->3496K(36288K), 0.0046406 secs] 122211K->93384K(242952K), 0.0047229 secs] [Times: user=0.02 sys=0.00, real=0.00 secs] 
2015-10-30T16:02:32.955+0000: 5420.136: [CMS-concurrent-abortable-preclean: 0.628/2.614 secs] [Times: user=0.88 sys=0.00, real=2.61 secs] 
2015-10-30T16:02:32.956+0000: 5420.136: [GC (CMS Final Remark) [YG occupancy: 21236 K (36288 K)]5420.136: [Rescan (parallel) , 0.0137586 secs]5420.150: [weak refs processing, 0.0000200 secs]5420.150: [class unloading, 0.0149288 secs]5420.165: [scrub symbol table, 0.0067165 secs]5420.172: [scrub string table, 0.0007560 secs][1 CMS-remark: 89888K(206664K)] 111124K(242952K), 0.0376832 secs] [Times: user=0.08 sys=0.00, real=0.04 secs] 
2015-10-30T16:02:32.994+0000: 5420.174: [CMS-concurrent-sweep-start]
2015-10-30T16:02:33.005+0000: 5420.185: [GC (Allocation Failure) 5420.185: [ParNew: 35816K->2897K(36288K), 0.0049511 secs] 124290K->93733K(242952K), 0.0050318 secs] [Times: user=0.02 sys=0.00, real=0.01 secs] 
2015-10-30T16:02:33.023+0000: 5420.204: [CMS-concurrent-sweep: 0.024/0.030 secs] [Times: user=0.10 sys=0.00, real=0.03 secs] 
2015-10-30T16:02:33.023+0000: 5420.204: [CMS-concurrent-reset-start]
2015-10-30T16:02:33.026+0000: 5420.206: [CMS-concurrent-reset: 0.003/0.003 secs] [Times: user=0.01 sys=0.00, real=0.01 secs] 
2015-10-30T16:02:33.037+0000: 5420.218: [GC (Allocation Failure) 5420.218: [ParNew: 35217K->2009K(36288K), 0.0025850 secs] 124989K->91781K(242952K), 0.0026555 secs] [Times: user=0.01 sys=0.00, real=0.00 secs] 
2015-10-30T16:02:33.061+0000: 5420.242: [GC (Allocation Failure) 5420.242: [ParNew: 34329K->2370K(36288K), 0.0036142 secs] 124101K->92142K(242952K), 0.0036760 secs] [Times: user=0.01 sys=0.00, real=0.00 secs] 
2015-10-30T16:02:33.087+0000: 5420.267: [GC (Allocation Failure) 5420.267: [ParNew: 34690K->2980K(36288K), 0.0039255 secs] 124462K->93457K(242952K), 0.0039894 secs] [Times: user=0.01 sys=0.00, real=0.00 secs] 
2015-10-30T16:02:33.108+0000: 5420.289: [GC (Allocation Failure) 5420.289: [ParNew: 35300K->3077K(36288K), 0.0037936 secs] 125777K->94196K(242952K), 0.0038645 secs] [Times: user=0.02 sys=0.00, real=0.00 secs] 
2015-10-30T16:02:33.131+0000: 5420.311: [GC (Allocation Failure) 5420.311: [ParNew: 35397K->2872K(36288K), 0.0030326 secs] 126516K->93991K(242952K), 0.0031043 secs] [Times: user=0.01 sys=0.00, real=0.00 secs] 
2015-10-30T16:02:33.155+0000: 5420.335: [GC (Allocation Failure) 5420.335: [ParNew: 35192K->3434K(36288K), 0.0028366 secs] 126311K->94552K(242952K), 0.0029031 secs] [Times: user=0.01 sys=0.00, real=0.01 secs] 
2015-10-30T16:02:33.189+0000: 5420.369: [GC (Allocation Failure) 5420.369: [ParNew: 34634K->3179K(36288K), 0.0053225 secs] 125752K->102887K(242952K), 0.0054040 secs] [Times: user=0.02 sys=0.00, real=0.00 secs] 
2015-10-30T16:02:33.195+0000: 5420.375: [GC (CMS Initial Mark) [1 CMS-initial-mark: 99708K(206664K)] 105751K(242952K), 0.0022543 secs] [Times: user=0.00 sys=0.00, real=0.00 secs] 
2015-10-30T16:02:33.197+0000: 5420.377: [CMS-concurrent-mark-start]
2015-10-30T16:02:33.258+0000: 5420.439: [CMS-concurrent-mark: 0.061/0.061 secs] [Times: user=0.13 sys=0.00, real=0.07 secs] 
2015-10-30T16:02:33.258+0000: 5420.439: [CMS-concurrent-preclean-start]
2015-10-30T16:02:33.261+0000: 5420.441: [CMS-concurrent-preclean: 0.002/0.002 secs] [Times: user=0.00 sys=0.00, real=0.00 secs] 
2015-10-30T16:02:33.344+0000: 5420.525: [CMS-concurrent-abortable-preclean-start]
 CMS: abort preclean due to time 2015-10-30T16:02:38.358+0000: 5425.539: [CMS-concurrent-abortable-preclean: 1.238/5.014 secs] [Times: user=1.32 sys=0.00, real=5.02 secs] 
2015-10-30T16:02:38.372+0000: 5425.552: [GC (CMS Final Remark) [YG occupancy: 13135 K (36288 K)]5425.552: [Rescan (parallel) , 0.0025139 secs]5425.555: [weak refs processing, 0.0000216 secs]5425.555: [class unloading, 0.0147131 secs]5425.570: [scrub symbol table, 0.0066253 secs]5425.576: [scrub string table, 0.0007437 secs][1 CMS-remark: 99708K(206664K)] 112844K(242952K), 0.0260601 secs] [Times: user=0.03 sys=0.00, real=0.03 secs] 
2015-10-30T16:02:38.398+0000: 5425.579: [CMS-concurrent-sweep-start]
2015-10-30T16:02:38.424+0000: 5425.604: [CMS-concurrent-sweep: 0.025/0.025 secs] [Times: user=0.03 sys=0.00, real=0.02 secs] 
2015-10-30T16:02:38.424+0000: 5425.604: [CMS-concurrent-reset-start]
2015-10-30T16:02:38.426+0000: 5425.607: [CMS-concurrent-reset: 0.002/0.002 secs] [Times: user=0.00 sys=0.00, real=0.01 secs] 
2015-10-30T16:02:40.426+0000: 5427.607: [GC (CMS Initial Mark) [1 CMS-initial-mark: 66312K(206664K)] 80156K(242952K), 0.0028638 secs] [Times: user=0.01 sys=0.00, real=0.00 secs] 
2015-10-30T16:02:40.429+0000: 5427.610: [CMS-concurrent-mark-start]
2015-10-30T16:02:40.468+0000: 5427.649: [CMS-concurrent-mark: 0.039/0.039 secs] [Times: user=0.04 sys=0.00, real=0.04 secs] 
2015-10-30T16:02:40.468+0000: 5427.649: [CMS-concurrent-preclean-start]
2015-10-30T16:02:40.471+0000: 5427.651: [CMS-concurrent-preclean: 0.002/0.002 secs] [Times: user=0.01 sys=0.00, real=0.00 secs] 
2015-10-30T16:02:40.471+0000: 5427.651: [CMS-concurrent-abortable-preclean-start]
2015-10-30T16:02:42.880+0000: 5430.061: [GC (Allocation Failure) 5430.061: [ParNew: 35499K->3968K(36288K), 0.0176180 secs] 101811K->89407K(242952K), 0.0177140 secs] [Times: user=0.06 sys=0.00, real=0.02 secs] 
2015-10-30T16:02:42.924+0000: 5430.104: [GC (Allocation Failure) 5430.105: [ParNew: 36288K->3543K(36288K), 0.0053879 secs] 121727K->93000K(242952K), 0.0054462 secs] [Times: user=0.02 sys=0.00, real=0.01 secs] 
2015-10-30T16:02:42.950+0000: 5430.131: [CMS-concurrent-abortable-preclean: 0.620/2.479 secs] [Times: user=0.88 sys=0.01, real=2.48 secs] 
2015-10-30T16:02:42.953+0000: 5430.134: [GC (CMS Final Remark) [YG occupancy: 33698 K (36288 K)]5430.134: [Rescan (parallel) , 0.0203436 secs]5430.154: [weak refs processing, 0.0000195 secs]5430.154: [class unloading, 0.0146401 secs]5430.169: [scrub symbol table, 0.0066281 secs]5430.175: [scrub string table, 0.0007480 secs][1 CMS-remark: 89456K(206664K)] 123154K(242952K), 0.0438307 secs] [Times: user=0.10 sys=0.00, real=0.05 secs] 
2015-10-30T16:02:42.997+0000: 5430.178: [CMS-concurrent-sweep-start]
2015-10-30T16:02:43.000+0000: 5430.180: [GC (Allocation Failure) 5430.181: [ParNew: 35863K->2926K(36288K), 0.0044931 secs] 125319K->94632K(242952K), 0.0045407 secs] [Times: user=0.01 sys=0.00, real=0.00 secs] 
2015-10-30T16:02:43.027+0000: 5430.207: [CMS-concurrent-sweep: 0.025/0.029 secs] [Times: user=0.10 sys=0.00, real=0.03 secs] 
2015-10-30T16:02:43.027+0000: 5430.207: [CMS-concurrent-reset-start]
2015-10-30T16:02:43.028+0000: 5430.209: [GC (Allocation Failure) 5430.209: [ParNew: 35246K->1634K(36288K), 0.0024614 secs] 126847K->93234K(242952K), 0.0025052 secs] [Times: user=0.01 sys=0.00, real=0.00 secs] 
2015-10-30T16:02:43.032+0000: 5430.213: [CMS-concurrent-reset: 0.003/0.005 secs] [Times: user=0.02 sys=0.00, real=0.00 secs] 
2015-10-30T16:02:43.053+0000: 5430.234: [GC (Allocation Failure) 5430.234: [ParNew: 33954K->2696K(36288K), 0.0029411 secs] 125554K->94297K(242952K), 0.0029997 secs] [Times: user=0.02 sys=0.00, real=0.00 secs] 
2015-10-30T16:02:43.076+0000: 5430.257: [GC (Allocation Failure) 5430.257: [ParNew: 35016K->2486K(36288K), 0.0038722 secs] 126617K->94794K(242952K), 0.0039385 secs] [Times: user=0.02 sys=0.00, real=0.01 secs] 
2015-10-30T16:02:43.097+0000: 5430.278: [GC (Allocation Failure) 5430.278: [ParNew: 34806K->2516K(36288K), 0.0039313 secs] 127114K->95458K(242952K), 0.0039946 secs] [Times: user=0.01 sys=0.00, real=0.00 secs] 
2015-10-30T16:02:43.121+0000: 5430.302: [GC (Allocation Failure) 5430.302: [ParNew: 34836K->2863K(36288K), 0.0027823 secs] 127778K->95805K(242952K), 0.0028417 secs] [Times: user=0.01 sys=0.00, real=0.00 secs] 
2015-10-30T16:02:43.145+0000: 5430.326: [GC (Allocation Failure) 5430.326: [ParNew: 35183K->2534K(36288K), 0.0035974 secs] 128125K->96098K(242952K), 0.0036561 secs] [Times: user=0.01 sys=0.00, real=0.00 secs] 
2015-10-30T16:02:43.181+0000: 5430.361: [GC (Allocation Failure) 5430.361: [ParNew: 33382K->2693K(36288K), 0.0030449 secs] 126946K->104233K(242952K), 0.0031233 secs] [Times: user=0.01 sys=0.00, real=0.00 secs] 
2015-10-30T16:02:43.184+0000: 5430.365: [GC (CMS Initial Mark) [1 CMS-initial-mark: 101540K(206664K)] 107134K(242952K), 0.0016314 secs] [Times: user=0.01 sys=0.00, real=0.01 secs] 
2015-10-30T16:02:43.186+0000: 5430.367: [CMS-concurrent-mark-start]
2015-10-30T16:02:43.245+0000: 5430.426: [CMS-concurrent-mark: 0.059/0.059 secs] [Times: user=0.12 sys=0.00, real=0.06 secs] 
2015-10-30T16:02:43.245+0000: 5430.426: [CMS-concurrent-preclean-start]
2015-10-30T16:02:43.247+0000: 5430.428: [CMS-concurrent-preclean: 0.002/0.002 secs] [Times: user=0.00 sys=0.00, real=0.00 secs] 
2015-10-30T16:02:43.247+0000: 5430.428: [CMS-concurrent-abortable-preclean-start]
 CMS: abort preclean due to time 2015-10-30T16:02:48.305+0000: 5435.486: [CMS-concurrent-abortable-preclean: 1.288/5.058 secs] [Times: user=1.38 sys=0.01, real=5.06 secs] 
2015-10-30T16:02:48.306+0000: 5435.486: [GC (CMS Final Remark) [YG occupancy: 12600 K (36288 K)]5435.486: [Rescan (parallel) , 0.0024932 secs]5435.489: [weak refs processing, 0.0000240 secs]5435.489: [class unloading, 0.0146100 secs]5435.503: [scrub symbol table, 0.0066248 secs]5435.510: [scrub string table, 0.0007437 secs][1 CMS-remark: 101540K(206664K)] 114141K(242952K), 0.0259107 secs] [Times: user=0.03 sys=0.00, real=0.02 secs] 
2015-10-30T16:02:48.332+0000: 5435.512: [CMS-concurrent-sweep-start]
2015-10-30T16:02:48.357+0000: 5435.537: [CMS-concurrent-sweep: 0.025/0.025 secs] [Times: user=0.03 sys=0.00, real=0.02 secs] 
2015-10-30T16:02:48.357+0000: 5435.537: [CMS-concurrent-reset-start]
2015-10-30T16:02:48.359+0000: 5435.540: [CMS-concurrent-reset: 0.002/0.002 secs] [Times: user=0.00 sys=0.00, real=0.01 secs] 
2015-10-30T16:02:50.359+0000: 5437.540: [GC (CMS Initial Mark) [1 CMS-initial-mark: 67759K(206664K)] 81042K(242952K), 0.0028639 secs] [Times: user=0.00 sys=0.00, real=0.00 secs] 
2015-10-30T16:02:50.362+0000: 5437.543: [CMS-concurrent-mark-start]
2015-10-30T16:02:50.400+0000: 5437.581: [CMS-concurrent-mark: 0.038/0.038 secs] [Times: user=0.04 sys=0.00, real=0.04 secs] 
2015-10-30T16:02:50.400+0000: 5437.581: [CMS-concurrent-preclean-start]
2015-10-30T16:02:50.403+0000: 5437.583: [CMS-concurrent-preclean: 0.002/0.002 secs] [Times: user=0.01 sys=0.00, real=0.00 secs] 
2015-10-30T16:02:50.403+0000: 5437.583: [CMS-concurrent-abortable-preclean-start]
2015-10-30T16:02:52.853+0000: 5440.034: [GC (Allocation Failure) 5440.034: [ParNew: 35013K->3968K(36288K), 0.0181253 secs] 102772K->90984K(242952K), 0.0182237 secs] [Times: user=0.06 sys=0.00, real=0.02 secs] 
2015-10-30T16:02:52.897+0000: 5440.078: [GC (Allocation Failure) 5440.078: [ParNew: 36288K->3968K(36288K), 0.0039559 secs] 123304K->92827K(242952K), 0.0040116 secs] [Times: user=0.02 sys=0.00, real=0.00 secs] 
2015-10-30T16:02:52.915+0000: 5440.095: [CMS-concurrent-abortable-preclean: 0.610/2.512 secs] [Times: user=0.85 sys=0.00, real=2.51 secs] 
2015-10-30T16:02:52.917+0000: 5440.098: [GC (CMS Final Remark) [YG occupancy: 25421 K (36288 K)]5440.098: [Rescan (parallel) , 0.0140545 secs]5440.112: [weak refs processing, 0.0000185 secs]5440.112: [class unloading, 0.0147674 secs]5440.127: [scrub symbol table, 0.0065951 secs]5440.133: [scrub string table, 0.0007554 secs][1 CMS-remark: 88859K(206664K)] 114281K(242952K), 0.0376350 secs] [Times: user=0.08 sys=0.00, real=0.03 secs] 
2015-10-30T16:02:52.955+0000: 5440.136: [CMS-concurrent-sweep-start]
2015-10-30T16:02:52.963+0000: 5440.143: [GC (Allocation Failure) 5440.143: [ParNew: 36288K->1854K(36288K), 0.0046785 secs] 124982K->92785K(242952K), 0.0047397 secs] [Times: user=0.02 sys=0.00, real=0.01 secs] 
2015-10-30T16:02:52.990+0000: 5440.171: [GC (Allocation Failure) 5440.171: [ParNew: 34174K->1823K(36288K), 0.0025869 secs] 124000K->91650K(242952K), 0.0026507 secs] [Times: user=0.01 sys=0.00, real=0.00 secs] 
2015-10-30T16:02:52.995+0000: 5440.175: [CMS-concurrent-sweep: 0.032/0.040 secs] [Times: user=0.15 sys=0.00, real=0.04 secs] 
2015-10-30T16:02:52.995+0000: 5440.176: [CMS-concurrent-reset-start]
2015-10-30T16:02:52.998+0000: 5440.178: [CMS-concurrent-reset: 0.003/0.003 secs] [Times: user=0.01 sys=0.00, real=0.01 secs] 
2015-10-30T16:02:53.013+0000: 5440.194: [GC (Allocation Failure) 5440.194: [ParNew: 34143K->2372K(36288K), 0.0035073 secs] 123683K->91911K(242952K), 0.0035677 secs] [Times: user=0.01 sys=0.00, real=0.00 secs] 
2015-10-30T16:02:53.037+0000: 5440.218: [GC (Allocation Failure) 5440.218: [ParNew: 34692K->2967K(36288K), 0.0038675 secs] 124231K->93223K(242952K), 0.0039285 secs] [Times: user=0.01 sys=0.00, real=0.00 secs] 
2015-10-30T16:02:53.059+0000: 5440.240: [GC (Allocation Failure) 5440.240: [ParNew: 35287K->3548K(36288K), 0.0044159 secs] 125543K->94444K(242952K), 0.0044870 secs] [Times: user=0.01 sys=0.00, real=0.00 secs] 
2015-10-30T16:02:53.085+0000: 5440.266: [GC (Allocation Failure) 5440.266: [ParNew: 35868K->2193K(36288K), 0.0043765 secs] 126764K->93680K(242952K), 0.0044368 secs] [Times: user=0.01 sys=0.00, real=0.00 secs] 
2015-10-30T16:02:53.111+0000: 5440.292: [GC (Allocation Failure) 5440.292: [ParNew: 34513K->2030K(36288K), 0.0024623 secs] 126000K->93517K(242952K), 0.0025193 secs] [Times: user=0.01 sys=0.00, real=0.00 secs] 
2015-10-30T16:02:53.144+0000: 5440.325: [GC (Allocation Failure) 5440.325: [ParNew: 32755K->2543K(36288K), 0.0029879 secs] 124242K->102007K(242952K), 0.0030605 secs] [Times: user=0.02 sys=0.00, real=0.01 secs] 
2015-10-30T16:02:53.148+0000: 5440.328: [GC (CMS Initial Mark) [1 CMS-initial-mark: 99464K(206664K)] 104861K(242952K), 0.0017654 secs] [Times: user=0.00 sys=0.00, real=0.00 secs] 
2015-10-30T16:02:53.150+0000: 5440.330: [CMS-concurrent-mark-start]
2015-10-30T16:02:53.189+0000: 5440.369: [CMS-concurrent-mark: 0.039/0.039 secs] [Times: user=0.08 sys=0.00, real=0.04 secs] 
2015-10-30T16:02:53.189+0000: 5440.369: [CMS-concurrent-preclean-start]
2015-10-30T16:02:53.190+0000: 5440.371: [CMS-concurrent-preclean: 0.002/0.002 secs] [Times: user=0.00 sys=0.00, real=0.00 secs] 
2015-10-30T16:02:53.190+0000: 5440.371: [CMS-concurrent-abortable-preclean-start]
 CMS: abort preclean due to time 2015-10-30T16:02:58.223+0000: 5445.404: [CMS-concurrent-abortable-preclean: 1.286/5.033 secs] [Times: user=1.38 sys=0.01, real=5.03 secs] 
2015-10-30T16:02:58.224+0000: 5445.404: [GC (CMS Final Remark) [YG occupancy: 12473 K (36288 K)]5445.404: [Rescan (parallel) , 0.0025083 secs]5445.407: [weak refs processing, 0.0000157 secs]5445.407: [class unloading, 0.0147058 secs]5445.422: [scrub symbol table, 0.0066487 secs]5445.428: [scrub string table, 0.0007493 secs][1 CMS-remark: 99464K(206664K)] 111937K(242952K), 0.0260577 secs] [Times: user=0.04 sys=0.00, real=0.03 secs] 
2015-10-30T16:02:58.250+0000: 5445.430: [CMS-concurrent-sweep-start]
2015-10-30T16:02:58.274+0000: 5445.454: [CMS-concurrent-sweep: 0.024/0.024 secs] [Times: user=0.02 sys=0.00, real=0.02 secs] 
2015-10-30T16:02:58.274+0000: 5445.454: [CMS-concurrent-reset-start]
2015-10-30T16:02:58.276+0000: 5445.457: [CMS-concurrent-reset: 0.002/0.002 secs] [Times: user=0.00 sys=0.00, real=0.00 secs] 
2015-10-30T16:03:00.203+0000: 5447.384: [GC (Allocation Failure) 5447.384: [ParNew: 34863K->3968K(36288K), 0.0080318 secs] 103069K->77181K(242952K), 0.0081507 secs] [Times: user=0.03 sys=0.00, real=0.01 secs] 
2015-10-30T16:03:00.255+0000: 5447.435: [GC (Allocation Failure) 5447.435: [ParNew: 36288K->2773K(36288K), 0.0064097 secs] 112645K->81804K(242952K), 0.0065032 secs] [Times: user=0.02 sys=0.00, real=0.01 secs] 
2015-10-30T16:03:00.263+0000: 5447.443: [GC (GCLocker Initiated GC) 5447.443: [ParNew: 3009K->2543K(36288K), 0.0025431 secs] 82040K->81574K(242952K), 0.0025773 secs] [Times: user=0.01 sys=0.00, real=0.01 secs] 
2015-10-30T16:03:00.304+0000: 5447.484: [GC (Allocation Failure) 5447.484: [ParNew: 34863K->3968K(36288K), 0.0040434 secs] 113894K->84436K(242952K), 0.0041568 secs] [Times: user=0.01 sys=0.00, real=0.01 secs] 
2015-10-30T16:03:00.332+0000: 5447.512: [GC (Allocation Failure) 5447.512: [ParNew: 36288K->3968K(36288K), 0.0123825 secs] 116756K->92864K(242952K), 0.0124783 secs] [Times: user=0.05 sys=0.00, real=0.01 secs] 
2015-10-30T16:03:00.359+0000: 5447.539: [GC (CMS Initial Mark) [1 CMS-initial-mark: 88896K(206664K)] 107997K(242952K), 0.0113412 secs] [Times: user=0.03 sys=0.00, real=0.01 secs] 
2015-10-30T16:03:00.381+0000: 5447.562: [CMS-concurrent-mark-start]
2015-10-30T16:03:00.394+0000: 5447.574: [GC (Allocation Failure) 5447.574: [ParNew: 36288K->3968K(36288K), 0.0136102 secs] 125184K->96428K(242952K), 0.0137005 secs] [Times: user=0.03 sys=0.00, real=0.02 secs] 
2015-10-30T16:03:00.437+0000: 5447.618: [GC (Allocation Failure) 5447.618: [ParNew: 36288K->3968K(36288K), 0.0096376 secs] 128748K->96552K(242952K), 0.0097219 secs] [Times: user=0.02 sys=0.00, real=0.01 secs] 
2015-10-30T16:03:00.499+0000: 5447.679: [CMS-concurrent-mark: 0.092/0.117 secs] [Times: user=0.30 sys=0.00, real=0.12 secs] 
2015-10-30T16:03:00.499+0000: 5447.679: [CMS-concurrent-preclean-start]
2015-10-30T16:03:00.502+0000: 5447.682: [CMS-concurrent-preclean: 0.003/0.003 secs] [Times: user=0.00 sys=0.00, real=0.00 secs] 
2015-10-30T16:03:00.502+0000: 5447.682: [CMS-concurrent-abortable-preclean-start]
 CMS: abort preclean due to time 2015-10-30T16:03:05.592+0000: 5452.772: [CMS-concurrent-abortable-preclean: 1.870/5.090 secs] [Times: user=1.98 sys=0.01, real=5.09 secs] 
2015-10-30T16:03:05.592+0000: 5452.772: [GC (CMS Final Remark) [YG occupancy: 33879 K (36288 K)]5452.772: [Rescan (parallel) , 0.0148907 secs]5452.787: [weak refs processing, 0.0000207 secs]5452.787: [class unloading, 0.0155463 secs]5452.803: [scrub symbol table, 0.0069881 secs]5452.810: [scrub string table, 0.0007595 secs][1 CMS-remark: 92584K(206664K)] 126464K(242952K), 0.0397651 secs] [Times: user=0.09 sys=0.00, real=0.04 secs] 
2015-10-30T16:03:05.632+0000: 5452.812: [CMS-concurrent-sweep-start]
2015-10-30T16:03:05.657+0000: 5452.837: [CMS-concurrent-sweep: 0.025/0.025 secs] [Times: user=0.02 sys=0.00, real=0.02 secs] 
2015-10-30T16:03:05.657+0000: 5452.837: [CMS-concurrent-reset-start]
2015-10-30T16:03:05.659+0000: 5452.839: [CMS-concurrent-reset: 0.002/0.002 secs] [Times: user=0.00 sys=0.00, real=0.01 secs] 
2015-10-30T16:03:07.659+0000: 5454.839: [GC (CMS Initial Mark) [1 CMS-initial-mark: 71044K(206664K)] 105302K(242952K), 0.0130905 secs] [Times: user=0.05 sys=0.00, real=0.01 secs] 
2015-10-30T16:03:07.672+0000: 5454.852: [CMS-concurrent-mark-start]
2015-10-30T16:03:07.710+0000: 5454.890: [CMS-concurrent-mark: 0.038/0.038 secs] [Times: user=0.04 sys=0.00, real=0.04 secs] 
2015-10-30T16:03:07.710+0000: 5454.890: [CMS-concurrent-preclean-start]
2015-10-30T16:03:07.712+0000: 5454.892: [CMS-concurrent-preclean: 0.002/0.002 secs] [Times: user=0.00 sys=0.00, real=0.00 secs] 
2015-10-30T16:03:07.712+0000: 5454.892: [CMS-concurrent-abortable-preclean-start]
2015-10-30T16:03:09.149+0000: 5456.329: [GC (Allocation Failure) 5456.329: [ParNew: 36288K->3913K(36288K), 0.0060529 secs] 107332K->78103K(242952K), 0.0061361 secs] [Times: user=0.02 sys=0.00, real=0.00 secs] 
 CMS: abort preclean due to time 2015-10-30T16:03:12.723+0000: 5459.903: [CMS-concurrent-abortable-preclean: 1.104/5.011 secs] [Times: user=1.20 sys=0.00, real=5.01 secs] 
2015-10-30T16:03:12.723+0000: 5459.903: [GC (CMS Final Remark) [YG occupancy: 4563 K (36288 K)]5459.903: [Rescan (parallel) , 0.0016900 secs]5459.905: [weak refs processing, 0.0000210 secs]5459.905: [class unloading, 0.0154587 secs]5459.921: [scrub symbol table, 0.0067598 secs]5459.927: [scrub string table, 0.0007611 secs][1 CMS-remark: 74189K(206664K)] 78752K(242952K), 0.0261788 secs] [Times: user=0.03 sys=0.00, real=0.03 secs] 
2015-10-30T16:03:12.749+0000: 5459.930: [CMS-concurrent-sweep-start]
2015-10-30T16:03:12.771+0000: 5459.951: [CMS-concurrent-sweep: 0.021/0.021 secs] [Times: user=0.02 sys=0.00, real=0.02 secs] 
2015-10-30T16:03:12.771+0000: 5459.951: [CMS-concurrent-reset-start]
2015-10-30T16:03:12.773+0000: 5459.954: [CMS-concurrent-reset: 0.002/0.002 secs] [Times: user=0.00 sys=0.00, real=0.00 secs] 
2015-10-30T16:03:12.934+0000: 5460.115: [GC (Allocation Failure) 5460.115: [ParNew: 36233K->3968K(36288K), 0.0148585 secs] 105721K->84988K(242952K), 0.0149401 secs] [Times: user=0.05 sys=0.00, real=0.02 secs] 
2015-10-30T16:03:12.966+0000: 5460.147: [GC (Allocation Failure) 5460.147: [ParNew: 36288K->3246K(36288K), 0.0050264 secs] 117308K->88047K(242952K), 0.0051007 secs] [Times: user=0.02 sys=0.00, real=0.00 secs] 
2015-10-30T16:03:12.993+0000: 5460.174: [GC (Allocation Failure) 5460.174: [ParNew: 35566K->2034K(36288K), 0.0030528 secs] 120367K->86835K(242952K), 0.0031111 secs] [Times: user=0.01 sys=0.00, real=0.00 secs] 
2015-10-30T16:03:13.015+0000: 5460.196: [GC (Allocation Failure) 5460.196: [ParNew: 34354K->2936K(36288K), 0.0032109 secs] 119155K->87737K(242952K), 0.0032631 secs] [Times: user=0.01 sys=0.00, real=0.01 secs] 
2015-10-30T16:03:13.041+0000: 5460.222: [GC (Allocation Failure) 5460.222: [ParNew: 35256K->3024K(36288K), 0.0042113 secs] 120057K->88606K(242952K), 0.0042807 secs] [Times: user=0.02 sys=0.00, real=0.01 secs] 
2015-10-30T16:03:13.067+0000: 5460.247: [GC (Allocation Failure) 5460.248: [ParNew: 35344K->3157K(36288K), 0.0042176 secs] 120926K->89436K(242952K), 0.0042883 secs] [Times: user=0.01 sys=0.00, real=0.00 secs] 
2015-10-30T16:03:13.090+0000: 5460.270: [GC (Allocation Failure) 5460.270: [ParNew: 35477K->2821K(36288K), 0.0040760 secs] 121756K->89700K(242952K), 0.0041381 secs] [Times: user=0.01 sys=0.00, real=0.00 secs] 
2015-10-30T16:03:13.113+0000: 5460.294: [GC (Allocation Failure) 5460.294: [ParNew: 35141K->2842K(36288K), 0.0029967 secs] 122020K->89721K(242952K), 0.0030567 secs] [Times: user=0.01 sys=0.00, real=0.00 secs] 
2015-10-30T16:03:13.148+0000: 5460.328: [GC (Allocation Failure) 5460.328: [ParNew: 35111K->3968K(36288K), 0.0031954 secs] 121990K->92516K(242952K), 0.0032775 secs] [Times: user=0.02 sys=0.00, real=0.00 secs] 
2015-10-30T16:03:13.151+0000: 5460.332: [GC (CMS Initial Mark) [1 CMS-initial-mark: 88548K(206664K)] 93068K(242952K), 0.0019243 secs] [Times: user=0.00 sys=0.00, real=0.00 secs] 
2015-10-30T16:03:13.153+0000: 5460.334: [CMS-concurrent-mark-start]
2015-10-30T16:03:13.194+0000: 5460.375: [CMS-concurrent-mark: 0.041/0.041 secs] [Times: user=0.08 sys=0.00, real=0.04 secs] 
2015-10-30T16:03:13.194+0000: 5460.375: [CMS-concurrent-preclean-start]
2015-10-30T16:03:13.196+0000: 5460.376: [CMS-concurrent-preclean: 0.002/0.002 secs] [Times: user=0.01 sys=0.00, real=0.00 secs] 
2015-10-30T16:03:13.196+0000: 5460.376: [CMS-concurrent-abortable-preclean-start]
 CMS: abort preclean due to time 2015-10-30T16:03:18.223+0000: 5465.404: [CMS-concurrent-abortable-preclean: 1.441/5.027 secs] [Times: user=1.54 sys=0.02, real=5.03 secs] 
2015-10-30T16:03:18.223+0000: 5465.404: [GC (CMS Final Remark) [YG occupancy: 34202 K (36288 K)]5465.405: [Rescan (parallel) , 0.0032036 secs]5465.408: [weak refs processing, 0.0000168 secs]5465.408: [class unloading, 0.0150135 secs]5465.423: [scrub symbol table, 0.0066478 secs]5465.430: [scrub string table, 0.0007511 secs][1 CMS-remark: 88548K(206664K)] 122751K(242952K), 0.0278844 secs] [Times: user=0.03 sys=0.00, real=0.03 secs] 
2015-10-30T16:03:18.251+0000: 5465.432: [CMS-concurrent-sweep-start]
2015-10-30T16:03:18.276+0000: 5465.456: [CMS-concurrent-sweep: 0.024/0.024 secs] [Times: user=0.03 sys=0.00, real=0.02 secs] 
2015-10-30T16:03:18.276+0000: 5465.456: [CMS-concurrent-reset-start]
2015-10-30T16:03:18.278+0000: 5465.459: [CMS-concurrent-reset: 0.002/0.002 secs] [Times: user=0.00 sys=0.00, real=0.01 secs] 
2015-10-30T16:03:22.871+0000: 5470.051: [GC (Allocation Failure) 5470.051: [ParNew: 36267K->2896K(36288K), 0.0052363 secs] 103871K->75124K(242952K), 0.0052990 secs] [Times: user=0.02 sys=0.00, real=0.00 secs] 
2015-10-30T16:03:22.919+0000: 5470.099: [GC (Allocation Failure) 5470.099: [ParNew: 35216K->3968K(36288K), 0.0132423 secs] 107444K->87674K(242952K), 0.0133244 secs] [Times: user=0.04 sys=0.00, real=0.01 secs] 
2015-10-30T16:03:22.953+0000: 5470.134: [GC (Allocation Failure) 5470.134: [ParNew: 36288K->2188K(36288K), 0.0039632 secs] 119994K->89560K(242952K), 0.0040214 secs] [Times: user=0.02 sys=0.00, real=0.01 secs] 
2015-10-30T16:03:22.975+0000: 5470.156: [GC (Allocation Failure) 5470.156: [ParNew: 34487K->1797K(36288K), 0.0025623 secs] 121859K->89169K(242952K), 0.0026345 secs] [Times: user=0.01 sys=0.00, real=0.01 secs] 
2015-10-30T16:03:22.999+0000: 5470.180: [GC (Allocation Failure) 5470.180: [ParNew: 34117K->2676K(36288K), 0.0028404 secs] 121489K->90048K(242952K), 0.0028959 secs] [Times: user=0.01 sys=0.00, real=0.00 secs] 
2015-10-30T16:03:23.025+0000: 5470.206: [GC (Allocation Failure) 5470.206: [ParNew: 34996K->3251K(36288K), 0.0041157 secs] 122368K->91385K(242952K), 0.0041683 secs] [Times: user=0.01 sys=0.00, real=0.00 secs] 
2015-10-30T16:03:23.049+0000: 5470.229: [GC (Allocation Failure) 5470.229: [ParNew: 35571K->3050K(36288K), 0.0039577 secs] 123705K->91899K(242952K), 0.0040186 secs] [Times: user=0.01 sys=0.00, real=0.00 secs] 
2015-10-30T16:03:23.073+0000: 5470.254: [GC (Allocation Failure) 5470.254: [ParNew: 35370K->3478K(36288K), 0.0031312 secs] 124219K->92327K(242952K), 0.0031910 secs] [Times: user=0.01 sys=0.00, real=0.00 secs] 
2015-10-30T16:03:23.097+0000: 5470.278: [GC (Allocation Failure) 5470.278: [ParNew: 35798K->2745K(36288K), 0.0039140 secs] 124647K->92196K(242952K), 0.0039740 secs] [Times: user=0.02 sys=0.00, real=0.00 secs] 
2015-10-30T16:03:23.136+0000: 5470.316: [GC (Allocation Failure) 5470.316: [ParNew: 34075K->3968K(36288K), 0.0033619 secs] 123527K->96596K(242952K), 0.0034298 secs] [Times: user=0.01 sys=0.00, real=0.01 secs] 
2015-10-30T16:03:23.140+0000: 5470.321: [GC (CMS Initial Mark) [1 CMS-initial-mark: 92628K(206664K)] 101920K(242952K), 0.0017942 secs] [Times: user=0.00 sys=0.00, real=0.00 secs] 
2015-10-30T16:03:23.142+0000: 5470.322: [CMS-concurrent-mark-start]
2015-10-30T16:03:23.202+0000: 5470.383: [CMS-concurrent-mark: 0.060/0.060 secs] [Times: user=0.13 sys=0.00, real=0.06 secs] 
2015-10-30T16:03:23.202+0000: 5470.383: [CMS-concurrent-preclean-start]
2015-10-30T16:03:23.204+0000: 5470.384: [CMS-concurrent-preclean: 0.002/0.002 secs] [Times: user=0.00 sys=0.00, real=0.00 secs] 
2015-10-30T16:03:23.204+0000: 5470.384: [CMS-concurrent-abortable-preclean-start]
 CMS: abort preclean due to time 2015-10-30T16:03:28.215+0000: 5475.395: [CMS-concurrent-abortable-preclean: 1.258/5.011 secs] [Times: user=1.34 sys=0.02, real=5.01 secs] 
2015-10-30T16:03:28.215+0000: 5475.396: [GC (CMS Final Remark) [YG occupancy: 32403 K (36288 K)]5475.396: [Rescan (parallel) , 0.0027314 secs]5475.399: [weak refs processing, 0.0000196 secs]5475.399: [class unloading, 0.0146465 secs]5475.413: [scrub symbol table, 0.0068082 secs]5475.420: [scrub string table, 0.0007494 secs][1 CMS-remark: 92628K(206664K)] 125031K(242952K), 0.0264032 secs] [Times: user=0.04 sys=0.00, real=0.03 secs] 
2015-10-30T16:03:28.242+0000: 5475.422: [CMS-concurrent-sweep-start]
2015-10-30T16:03:28.266+0000: 5475.446: [CMS-concurrent-sweep: 0.024/0.024 secs] [Times: user=0.02 sys=0.00, real=0.03 secs] 
2015-10-30T16:03:28.266+0000: 5475.446: [CMS-concurrent-reset-start]
2015-10-30T16:03:28.268+0000: 5475.449: [CMS-concurrent-reset: 0.002/0.002 secs] [Times: user=0.00 sys=0.00, real=0.00 secs] 
2015-10-30T16:03:30.267+0000: 5477.448: [GC (CMS Initial Mark) [1 CMS-initial-mark: 70702K(206664K)] 103826K(242952K), 0.0029252 secs] [Times: user=0.01 sys=0.00, real=0.00 secs] 
2015-10-30T16:03:30.271+0000: 5477.451: [CMS-concurrent-mark-start]
2015-10-30T16:03:30.309+0000: 5477.489: [CMS-concurrent-mark: 0.038/0.038 secs] [Times: user=0.04 sys=0.00, real=0.04 secs] 
2015-10-30T16:03:30.309+0000: 5477.489: [CMS-concurrent-preclean-start]
2015-10-30T16:03:30.311+0000: 5477.492: [CMS-concurrent-preclean: 0.002/0.002 secs] [Times: user=0.01 sys=0.00, real=0.00 secs] 
2015-10-30T16:03:30.311+0000: 5477.492: [CMS-concurrent-abortable-preclean-start]
2015-10-30T16:03:32.860+0000: 5480.041: [GC (Allocation Failure) 5480.041: [ParNew: 36267K->3968K(36288K), 0.0057960 secs] 106969K->79804K(242952K), 0.0058921 secs] [Times: user=0.02 sys=0.00, real=0.01 secs] 
2015-10-30T16:03:32.905+0000: 5480.085: [GC (Allocation Failure) 5480.085: [ParNew: 36288K->3968K(36288K), 0.0151750 secs] 112124K->90923K(242952K), 0.0152604 secs] [Times: user=0.05 sys=0.00, real=0.02 secs] 
2015-10-30T16:03:32.942+0000: 5480.122: [GC (Allocation Failure) 5480.122: [ParNew: 36288K->3255K(36288K), 0.0054432 secs] 123243K->94012K(242952K), 0.0055306 secs] [Times: user=0.02 sys=0.00, real=0.01 secs] 
2015-10-30T16:03:32.950+0000: 5480.130: [CMS-concurrent-abortable-preclean: 0.593/2.638 secs] [Times: user=0.84 sys=0.00, real=2.64 secs] 
2015-10-30T16:03:32.950+0000: 5480.130: [GC (CMS Final Remark) [YG occupancy: 5957 K (36288 K)]5480.130: [Rescan (parallel) , 0.0081788 secs]5480.139: [weak refs processing, 0.0000212 secs]5480.139: [class unloading, 0.0150122 secs]5480.154: [scrub symbol table, 0.0067020 secs]5480.160: [scrub string table, 0.0007617 secs][1 CMS-remark: 90757K(206664K)] 96714K(242952K), 0.0321683 secs] [Times: user=0.05 sys=0.00, real=0.03 secs] 
2015-10-30T16:03:32.982+0000: 5480.163: [CMS-concurrent-sweep-start]
2015-10-30T16:03:33.005+0000: 5480.185: [GC (Allocation Failure) 5480.185: [ParNew: 35575K->2133K(36288K), 0.0028472 secs] 122224K->88782K(242952K), 0.0029109 secs] [Times: user=0.02 sys=0.00, real=0.01 secs] 
2015-10-30T16:03:33.012+0000: 5480.193: [CMS-concurrent-sweep: 0.027/0.030 secs] [Times: user=0.11 sys=0.00, real=0.03 secs] 
2015-10-30T16:03:33.012+0000: 5480.193: [CMS-concurrent-reset-start]
2015-10-30T16:03:33.015+0000: 5480.195: [CMS-concurrent-reset: 0.003/0.003 secs] [Times: user=0.01 sys=0.00, real=0.00 secs] 
2015-10-30T16:03:33.028+0000: 5480.208: [GC (Allocation Failure) 5480.208: [ParNew: 34453K->3010K(36288K), 0.0030727 secs] 120072K->88630K(242952K), 0.0031376 secs] [Times: user=0.01 sys=0.00, real=0.00 secs] 
2015-10-30T16:03:33.053+0000: 5480.234: [GC (Allocation Failure) 5480.234: [ParNew: 35330K->3028K(36288K), 0.0043668 secs] 120950K->89462K(242952K), 0.0044393 secs] [Times: user=0.01 sys=0.00, real=0.01 secs] 
2015-10-30T16:03:33.079+0000: 5480.259: [GC (Allocation Failure) 5480.259: [ParNew: 35348K->2674K(36288K), 0.0040249 secs] 121782K->89831K(242952K), 0.0041090 secs] [Times: user=0.02 sys=0.00, real=0.00 secs] 
2015-10-30T16:03:33.101+0000: 5480.282: [GC (Allocation Failure) 5480.282: [ParNew: 34994K->3900K(36288K), 0.0032929 secs] 122151K->91058K(242952K), 0.0033715 secs] [Times: user=0.01 sys=0.00, real=0.00 secs] 
2015-10-30T16:03:33.125+0000: 5480.306: [GC (Allocation Failure) 5480.306: [ParNew: 36220K->2847K(36288K), 0.0035345 secs] 123378K->90619K(242952K), 0.0036051 secs] [Times: user=0.01 sys=0.00, real=0.00 secs] 
2015-10-30T16:03:33.164+0000: 5480.345: [GC (Allocation Failure) 5480.345: [ParNew: 33656K->3968K(36288K), 0.0030765 secs] 121428K->95376K(242952K), 0.0031546 secs] [Times: user=0.01 sys=0.00, real=0.01 secs] 
2015-10-30T16:03:33.168+0000: 5480.349: [GC (CMS Initial Mark) [1 CMS-initial-mark: 91408K(206664K)] 100694K(242952K), 0.0020092 secs] [Times: user=0.01 sys=0.00, real=0.00 secs] 
2015-10-30T16:03:33.170+0000: 5480.351: [CMS-concurrent-mark-start]
2015-10-30T16:03:33.210+0000: 5480.390: [CMS-concurrent-mark: 0.039/0.039 secs] [Times: user=0.08 sys=0.00, real=0.04 secs] 
2015-10-30T16:03:33.210+0000: 5480.390: [CMS-concurrent-preclean-start]
2015-10-30T16:03:33.211+0000: 5480.392: [CMS-concurrent-preclean: 0.001/0.001 secs] [Times: user=0.00 sys=0.00, real=0.00 secs] 
2015-10-30T16:03:33.211+0000: 5480.392: [CMS-concurrent-abortable-preclean-start]
 CMS: abort preclean due to time 2015-10-30T16:03:38.246+0000: 5485.427: [CMS-concurrent-abortable-preclean: 1.208/5.035 secs] [Times: user=1.30 sys=0.01, real=5.04 secs] 
2015-10-30T16:03:38.246+0000: 5485.427: [GC (CMS Final Remark) [YG occupancy: 32399 K (36288 K)]5485.446: [Rescan (parallel) , 0.0026224 secs]5485.449: [weak refs processing, 0.0000173 secs]5485.449: [class unloading, 0.0148064 secs]5485.463: [scrub symbol table, 0.0067715 secs]5485.470: [scrub string table, 0.0007579 secs][1 CMS-remark: 91408K(206664K)] 123807K(242952K), 0.0454844 secs] [Times: user=0.03 sys=0.00, real=0.04 secs] 
2015-10-30T16:03:38.292+0000: 5485.473: [CMS-concurrent-sweep-start]
2015-10-30T16:03:38.316+0000: 5485.497: [CMS-concurrent-sweep: 0.024/0.024 secs] [Times: user=0.03 sys=0.00, real=0.02 secs] 
2015-10-30T16:03:38.316+0000: 5485.497: [CMS-concurrent-reset-start]
2015-10-30T16:03:38.319+0000: 5485.499: [CMS-concurrent-reset: 0.002/0.002 secs] [Times: user=0.00 sys=0.00, real=0.01 secs] 
2015-10-30T16:03:40.318+0000: 5487.499: [GC (CMS Initial Mark) [1 CMS-initial-mark: 71115K(206664K)] 104255K(242952K), 0.0032330 secs] [Times: user=0.01 sys=0.00, real=0.00 secs] 
2015-10-30T16:03:40.322+0000: 5487.502: [CMS-concurrent-mark-start]
2015-10-30T16:03:40.361+0000: 5487.541: [CMS-concurrent-mark: 0.039/0.039 secs] [Times: user=0.04 sys=0.00, real=0.04 secs] 
2015-10-30T16:03:40.361+0000: 5487.541: [CMS-concurrent-preclean-start]
2015-10-30T16:03:40.363+0000: 5487.543: [CMS-concurrent-preclean: 0.002/0.002 secs] [Times: user=0.00 sys=0.00, real=0.00 secs] 
2015-10-30T16:03:40.363+0000: 5487.543: [CMS-concurrent-abortable-preclean-start]
2015-10-30T16:03:42.881+0000: 5490.061: [GC (Allocation Failure) 5490.061: [ParNew: 36246K->3968K(36288K), 0.0055492 secs] 107362K->79482K(242952K), 0.0056257 secs] [Times: user=0.02 sys=0.00, real=0.01 secs] 
2015-10-30T16:03:42.933+0000: 5490.114: [GC (Allocation Failure) 5490.114: [ParNew: 36288K->3968K(36288K), 0.0151802 secs] 111802K->91512K(242952K), 0.0152623 secs] [Times: user=0.06 sys=0.00, real=0.02 secs] 
2015-10-30T16:03:42.973+0000: 5490.154: [GC (Allocation Failure) 5490.154: [ParNew: 36288K->3576K(36288K), 0.0055392 secs] 123832K->94923K(242952K), 0.0055997 secs] [Times: user=0.01 sys=0.00, real=0.01 secs] 
2015-10-30T16:03:43.004+0000: 5490.184: [GC (Allocation Failure) 5490.184: [ParNew: 35896K->2554K(36288K), 0.0033022 secs] 127243K->93901K(242952K), 0.0033569 secs] [Times: user=0.01 sys=0.00, real=0.01 secs] 
2015-10-30T16:03:43.008+0000: 5490.188: [CMS-concurrent-abortable-preclean: 0.672/2.645 secs] [Times: user=0.99 sys=0.01, real=2.65 secs] 
2015-10-30T16:03:43.009+0000: 5490.190: [GC (CMS Final Remark) [YG occupancy: 4127 K (36288 K)]5490.190: [Rescan (parallel) , 0.0025869 secs]5490.192: [weak refs processing, 0.0000122 secs]5490.192: [class unloading, 0.0151315 secs]5490.207: [scrub symbol table, 0.0066231 secs]5490.214: [scrub string table, 0.0007473 secs][1 CMS-remark: 91346K(206664K)] 95474K(242952K), 0.0265084 secs] [Times: user=0.04 sys=0.00, real=0.02 secs] 
2015-10-30T16:03:43.045+0000: 5490.226: [CMS-concurrent-sweep-start]
2015-10-30T16:03:43.055+0000: 5490.235: [GC (Allocation Failure) 5490.235: [ParNew: 34874K->3350K(36288K), 0.0028668 secs] 123317K->91793K(242952K), 0.0029262 secs] [Times: user=0.01 sys=0.00, real=0.01 secs] 
2015-10-30T16:03:43.073+0000: 5490.254: [CMS-concurrent-sweep: 0.025/0.028 secs] [Times: user=0.11 sys=0.00, real=0.02 secs] 
2015-10-30T16:03:43.074+0000: 5490.254: [CMS-concurrent-reset-start]
2015-10-30T16:03:43.076+0000: 5490.257: [CMS-concurrent-reset: 0.003/0.003 secs] [Times: user=0.01 sys=0.00, real=0.00 secs] 
2015-10-30T16:03:43.085+0000: 5490.266: [GC (Allocation Failure) 5490.266: [ParNew: 35670K->3047K(36288K), 0.0042906 secs] 120977K->89194K(242952K), 0.0043555 secs] [Times: user=0.02 sys=0.00, real=0.00 secs] 
2015-10-30T16:03:43.113+0000: 5490.294: [GC (Allocation Failure) 5490.294: [ParNew: 35331K->3234K(36288K), 0.0043852 secs] 121478K->90126K(242952K), 0.0044504 secs] [Times: user=0.02 sys=0.00, real=0.01 secs] 
2015-10-30T16:03:43.135+0000: 5490.316: [GC (Allocation Failure) 5490.316: [ParNew: 35554K->2341K(36288K), 0.0036700 secs] 122446K->89778K(242952K), 0.0037305 secs] [Times: user=0.01 sys=0.00, real=0.01 secs] 
2015-10-30T16:03:43.161+0000: 5490.342: [GC (Allocation Failure) 5490.342: [ParNew: 34661K->2315K(36288K), 0.0031009 secs] 122098K->89752K(242952K), 0.0031591 secs] [Times: user=0.01 sys=0.00, real=0.00 secs] 
2015-10-30T16:03:43.199+0000: 5490.379: [GC (Allocation Failure) 5490.379: [ParNew: 33705K->3968K(36288K), 0.0031615 secs] 121142K->94614K(242952K), 0.0032251 secs] [Times: user=0.01 sys=0.00, real=0.00 secs] 
2015-10-30T16:03:43.203+0000: 5490.383: [GC (CMS Initial Mark) [1 CMS-initial-mark: 90646K(206664K)] 99934K(242952K), 0.0017278 secs] [Times: user=0.00 sys=0.00, real=0.00 secs] 
2015-10-30T16:03:43.205+0000: 5490.385: [CMS-concurrent-mark-start]
2015-10-30T16:03:43.244+0000: 5490.424: [CMS-concurrent-mark: 0.039/0.039 secs] [Times: user=0.08 sys=0.00, real=0.04 secs] 
2015-10-30T16:03:43.244+0000: 5490.424: [CMS-concurrent-preclean-start]
2015-10-30T16:03:43.245+0000: 5490.426: [CMS-concurrent-preclean: 0.002/0.002 secs] [Times: user=0.01 sys=0.00, real=0.01 secs] 
2015-10-30T16:03:43.246+0000: 5490.426: [CMS-concurrent-abortable-preclean-start]
 CMS: abort preclean due to time 2015-10-30T16:03:48.354+0000: 5495.534: [CMS-concurrent-abortable-preclean: 1.268/5.108 secs] [Times: user=1.36 sys=0.00, real=5.10 secs] 
2015-10-30T16:03:48.354+0000: 5495.535: [GC (CMS Final Remark) [YG occupancy: 32474 K (36288 K)]5495.536: [Rescan (parallel) , 0.0026026 secs]5495.539: [weak refs processing, 0.0000223 secs]5495.539: [class unloading, 0.0146339 secs]5495.553: [scrub symbol table, 0.0066267 secs]5495.560: [scrub string table, 0.0007482 secs][1 CMS-remark: 90646K(206664K)] 123120K(242952K), 0.0272800 secs] [Times: user=0.03 sys=0.00, real=0.03 secs] 
2015-10-30T16:03:48.382+0000: 5495.562: [CMS-concurrent-sweep-start]
2015-10-30T16:03:48.405+0000: 5495.586: [CMS-concurrent-sweep: 0.024/0.024 secs] [Times: user=0.03 sys=0.00, real=0.03 secs] 
2015-10-30T16:03:48.405+0000: 5495.586: [CMS-concurrent-reset-start]
2015-10-30T16:03:48.408+0000: 5495.588: [CMS-concurrent-reset: 0.002/0.002 secs] [Times: user=0.00 sys=0.00, real=0.00 secs] 
2015-10-30T16:03:50.408+0000: 5497.588: [GC (CMS Initial Mark) [1 CMS-initial-mark: 70655K(206664K)] 103890K(242952K), 0.0029632 secs] [Times: user=0.01 sys=0.00, real=0.00 secs] 
2015-10-30T16:03:50.411+0000: 5497.591: [CMS-concurrent-mark-start]
2015-10-30T16:03:50.448+0000: 5497.629: [CMS-concurrent-mark: 0.038/0.038 secs] [Times: user=0.03 sys=0.00, real=0.04 secs] 
2015-10-30T16:03:50.448+0000: 5497.629: [CMS-concurrent-preclean-start]
2015-10-30T16:03:50.451+0000: 5497.631: [CMS-concurrent-preclean: 0.002/0.002 secs] [Times: user=0.01 sys=0.00, real=0.00 secs] 
2015-10-30T16:03:50.451+0000: 5497.631: [CMS-concurrent-abortable-preclean-start]
2015-10-30T16:03:52.861+0000: 5500.041: [GC (Allocation Failure) 5500.041: [ParNew2015-10-30T16:03:52.866+0000: 5500.046: [CMS-concurrent-abortable-preclean: 0.512/2.415 secs] [Times: user=0.56 sys=0.00, real=2.42 secs] 
: 36248K->3968K(36288K), 0.0060604 secs] 106903K->79880K(242952K), 0.0061187 secs] [Times: user=0.02 sys=0.00, real=0.01 secs] 
2015-10-30T16:03:52.867+0000: 5500.048: [GC (CMS Final Remark) [YG occupancy: 4034 K (36288 K)]5500.048: [Rescan (parallel) , 0.0028706 secs]5500.051: [weak refs processing, 0.0000118 secs]5500.051: [class unloading, 0.0146789 secs]5500.065: [scrub symbol table, 0.0066741 secs]5500.072: [scrub string table, 0.0007544 secs][1 CMS-remark: 75912K(206664K)] 79946K(242952K), 0.0264466 secs] [Times: user=0.04 sys=0.00, real=0.02 secs] 
2015-10-30T16:03:52.894+0000: 5500.074: [CMS-concurrent-sweep-start]
2015-10-30T16:03:52.916+0000: 5500.096: [CMS-concurrent-sweep: 0.022/0.022 secs] [Times: user=0.04 sys=0.00, real=0.02 secs] 
2015-10-30T16:03:52.916+0000: 5500.096: [CMS-concurrent-reset-start]
2015-10-30T16:03:52.918+0000: 5500.098: [CMS-concurrent-reset: 0.002/0.002 secs] [Times: user=0.01 sys=0.00, real=0.01 secs] 
2015-10-30T16:03:52.934+0000: 5500.115: [GC (Allocation Failure) 5500.115: [ParNew: 36288K->3968K(36288K), 0.0127392 secs] 106676K->85038K(242952K), 0.0128121 secs] [Times: user=0.04 sys=0.00, real=0.02 secs] 
2015-10-30T16:03:52.965+0000: 5500.145: [GC (Allocation Failure) 5500.146: [ParNew: 36288K->3493K(36288K), 0.0054805 secs] 117358K->88496K(242952K), 0.0055358 secs] [Times: user=0.02 sys=0.00, real=0.01 secs] 
2015-10-30T16:03:52.990+0000: 5500.170: [GC (Allocation Failure) 5500.170: [ParNew: 35813K->2174K(36288K), 0.0025998 secs] 120816K->87177K(242952K), 0.0026580 secs] [Times: user=0.01 sys=0.00, real=0.00 secs] 
2015-10-30T16:03:53.013+0000: 5500.194: [GC (Allocation Failure) 5500.194: [ParNew: 34494K->2853K(36288K), 0.0030089 secs] 119497K->87856K(242952K), 0.0030644 secs] [Times: user=0.01 sys=0.00, real=0.00 secs] 
2015-10-30T16:03:53.039+0000: 5500.219: [GC (Allocation Failure) 5500.219: [ParNew: 35173K->3330K(36288K), 0.0045009 secs] 120176K->89060K(242952K), 0.0045503 secs] [Times: user=0.01 sys=0.00, real=0.00 secs] 
2015-10-30T16:03:53.065+0000: 5500.245: [GC (Allocation Failure) 5500.245: [ParNew: 35650K->3701K(36288K), 0.0043363 secs] 121380K->90143K(242952K), 0.0043967 secs] [Times: user=0.02 sys=0.00, real=0.01 secs] 
2015-10-30T16:03:53.089+0000: 5500.269: [GC (Allocation Failure) 5500.269: [ParNew: 36021K->2323K(36288K), 0.0037043 secs] 122463K->89378K(242952K), 0.0037657 secs] [Times: user=0.02 sys=0.00, real=0.00 secs] 
2015-10-30T16:03:53.113+0000: 5500.294: [GC (Allocation Failure) 5500.294: [ParNew: 34643K->2335K(36288K), 0.0024982 secs] 121698K->89390K(242952K), 0.0025578 secs] [Times: user=0.01 sys=0.00, real=0.00 secs] 
2015-10-30T16:03:53.149+0000: 5500.330: [GC (Allocation Failure) 5500.330: [ParNew: 32013K->3968K(36288K), 0.0031407 secs] 119068K->94191K(242952K), 0.0032210 secs] [Times: user=0.01 sys=0.00, real=0.00 secs] 
2015-10-30T16:03:53.153+0000: 5500.334: [GC (CMS Initial Mark) [1 CMS-initial-mark: 90223K(206664K)] 99509K(242952K), 0.0021743 secs] [Times: user=0.01 sys=0.00, real=0.00 secs] 
2015-10-30T16:03:53.156+0000: 5500.336: [CMS-concurrent-mark-start]
2015-10-30T16:03:53.194+0000: 5500.375: [CMS-concurrent-mark: 0.039/0.039 secs] [Times: user=0.07 sys=0.00, real=0.04 secs] 
2015-10-30T16:03:53.194+0000: 5500.375: [CMS-concurrent-preclean-start]
2015-10-30T16:03:53.196+0000: 5500.376: [CMS-concurrent-preclean: 0.001/0.001 secs] [Times: user=0.01 sys=0.00, real=0.00 secs] 
2015-10-30T16:03:53.196+0000: 5500.376: [CMS-concurrent-abortable-preclean-start]
 CMS: abort preclean due to time 2015-10-30T16:03:58.245+0000: 5505.425: [CMS-concurrent-abortable-preclean: 1.348/5.049 secs] [Times: user=1.44 sys=0.00, real=5.05 secs] 
2015-10-30T16:03:58.245+0000: 5505.426: [GC (CMS Final Remark) [YG occupancy: 32443 K (36288 K)]5505.426: [Rescan (parallel) , 0.0027327 secs]5505.429: [weak refs processing, 0.0000167 secs]5505.429: [class unloading, 0.0152682 secs]5505.444: [scrub symbol table, 0.0066905 secs]5505.451: [scrub string table, 0.0007488 secs][1 CMS-remark: 90223K(206664K)] 122666K(242952K), 0.0268933 secs] [Times: user=0.03 sys=0.00, real=0.02 secs] 
2015-10-30T16:03:58.272+0000: 5505.453: [CMS-concurrent-sweep-start]
2015-10-30T16:03:58.296+0000: 5505.476: [CMS-concurrent-sweep: 0.024/0.024 secs] [Times: user=0.02 sys=0.00, real=0.02 secs] 
2015-10-30T16:03:58.296+0000: 5505.476: [CMS-concurrent-reset-start]
2015-10-30T16:03:58.298+0000: 5505.479: [CMS-concurrent-reset: 0.002/0.002 secs] [Times: user=0.00 sys=0.00, real=0.01 secs] 
2015-10-30T16:04:00.039+0000: 5507.220: [GC (Allocation Failure) 5507.220: [ParNew: 36288K->1682K(36288K), 0.0062402 secs] 106566K->76958K(242952K), 0.0063206 secs] [Times: user=0.02 sys=0.00, real=0.01 secs] 
2015-10-30T16:04:00.073+0000: 5507.254: [GC (Allocation Failure) 5507.254: [ParNew: 34002K->3968K(36288K), 0.0115612 secs] 109278K->89832K(242952K), 0.0116505 secs] [Times: user=0.04 sys=0.00, real=0.01 secs] 
2015-10-30T16:04:00.102+0000: 5507.282: [GC (Allocation Failure) 5507.282: [ParNew: 36288K->3968K(36288K), 0.0123533 secs] 122152K->96999K(242952K), 0.0124470 secs] [Times: user=0.04 sys=0.00, real=0.01 secs] 
2015-10-30T16:04:00.133+0000: 5507.314: [GC (Allocation Failure) 5507.314: [ParNew: 36288K->3968K(36288K), 0.0087851 secs] 129319K->100769K(242952K), 0.0088710 secs] [Times: user=0.03 sys=0.00, real=0.01 secs] 
2015-10-30T16:04:00.161+0000: 5507.341: [GC (Allocation Failure) 5507.341: [ParNew: 36288K->3393K(36288K), 0.0053702 secs] 133089K->101895K(242952K), 0.0054664 secs] [Times: user=0.02 sys=0.00, real=0.01 secs] 
2015-10-30T16:04:00.190+0000: 5507.371: [GC (Allocation Failure) 5507.371: [ParNew: 35713K->3270K(36288K), 0.0046742 secs] 134215K->101772K(242952K), 0.0047470 secs] [Times: user=0.02 sys=0.00, real=0.00 secs] 
2015-10-30T16:04:00.217+0000: 5507.398: [GC (Allocation Failure) 5507.398: [ParNew: 35590K->3968K(36288K), 0.0054643 secs] 134092K->106130K(242952K), 0.0055315 secs] [Times: user=0.02 sys=0.00, real=0.00 secs] 
2015-10-30T16:04:00.229+0000: 5507.410: [GC (CMS Initial Mark) [1 CMS-initial-mark: 102162K(206664K)] 114714K(242952K), 0.0037486 secs] [Times: user=0.01 sys=0.00, real=0.00 secs] 
2015-10-30T16:04:00.233+0000: 5507.414: [CMS-concurrent-mark-start]
2015-10-30T16:04:00.274+0000: 5507.454: [GC (GCLocker Initiated GC) 5507.454: [ParNew: 36288K->3968K(36288K), 0.0120976 secs] 138638K->110828K(242952K), 0.0121745 secs] [Times: user=0.05 sys=0.00, real=0.02 secs] 
2015-10-30T16:04:00.317+0000: 5507.498: [GC (Allocation Failure) 5507.498: [ParNew: 36288K->3968K(36288K), 0.0056735 secs] 143148K->112664K(242952K), 0.0057471 secs] [Times: user=0.02 sys=0.00, real=0.00 secs] 
2015-10-30T16:04:00.369+0000: 5507.550: [CMS-concurrent-mark: 0.115/0.136 secs] [Times: user=0.48 sys=0.02, real=0.14 secs] 
2015-10-30T16:04:00.370+0000: 5507.550: [GC (Allocation Failure) 5507.550: [ParNew: 36288K->3968K(36288K), 0.0083112 secs] 144984K->114763K(242952K), 0.0083818 secs] [Times: user=0.02 sys=0.00, real=0.01 secs] 
2015-10-30T16:04:00.378+0000: 5507.559: [CMS-concurrent-preclean-start]
2015-10-30T16:04:00.391+0000: 5507.572: [CMS-concurrent-preclean: 0.012/0.013 secs] [Times: user=0.05 sys=0.00, real=0.01 secs] 
2015-10-30T16:04:00.391+0000: 5507.572: [CMS-concurrent-abortable-preclean-start]
2015-10-30T16:04:02.859+0000: 5510.039: [GC (Allocation Failure) 5510.039: [ParNew: 36288K->3968K(36288K), 0.0171376 secs] 147083K->132275K(242952K), 0.0172348 secs] [Times: user=0.06 sys=0.00, real=0.01 secs] 
2015-10-30T16:04:02.905+0000: 5510.086: [GC (Allocation Failure) 5510.086: [ParNew: 36288K->3968K(36288K), 0.0046085 secs] 164595K->134815K(242952K), 0.0046730 secs] [Times: user=0.01 sys=0.00, real=0.00 secs] 
2015-10-30T16:04:02.911+0000: 5510.091: [CMS-concurrent-abortable-preclean: 0.521/2.519 secs] [Times: user=0.91 sys=0.01, real=2.52 secs] 
2015-10-30T16:04:02.915+0000: 5510.096: [GC (CMS Final Remark) [YG occupancy: 11668 K (36288 K)]5510.096: [Rescan (parallel) , 0.0068130 secs]5510.102: [weak refs processing, 0.0000226 secs]5510.102: [class unloading, 0.0174534 secs]5510.120: [scrub symbol table, 0.0086496 secs]5510.129: [scrub string table, 0.0008782 secs][1 CMS-remark: 130847K(206664K)] 142515K(242952K), 0.0355067 secs] [Times: user=0.05 sys=0.00, real=0.04 secs] 
2015-10-30T16:04:02.955+0000: 5510.136: [CMS-concurrent-sweep-start]
2015-10-30T16:04:02.980+0000: 5510.161: [GC (Allocation Failure) 5510.161: [ParNew: 36288K->3968K(36288K), 0.0083823 secs] 162080K->132276K(242952K), 0.0084564 secs] [Times: user=0.02 sys=0.00, real=0.01 secs] 
2015-10-30T16:04:03.017+0000: 5510.198: [GC (Allocation Failure) 5510.198: [ParNew: 36288K->3968K(36288K), 0.0101309 secs] 150299K->120607K(242952K), 0.0102219 secs] [Times: user=0.02 sys=0.00, real=0.01 secs] 
2015-10-30T16:04:03.059+0000: 5510.239: [GC (Allocation Failure) 5510.239: [ParNew: 36288K->3968K(36288K), 0.0098867 secs] 147999K->118900K(242952K), 0.0099578 secs] [Times: user=0.03 sys=0.00, real=0.01 secs] 
2015-10-30T16:04:03.092+0000: 5510.272: [CMS-concurrent-sweep: 0.107/0.137 secs] [Times: user=0.49 sys=0.01, real=0.14 secs] 
2015-10-30T16:04:03.092+0000: 5510.272: [CMS-concurrent-reset-start]
2015-10-30T16:04:03.095+0000: 5510.275: [CMS-concurrent-reset: 0.003/0.003 secs] [Times: user=0.01 sys=0.00, real=0.00 secs] 
2015-10-30T16:04:03.105+0000: 5510.286: [GC (Allocation Failure) 5510.286: [ParNew: 36288K->3968K(36288K), 0.0107259 secs] 137018K->108356K(242952K), 0.0108258 secs] [Times: user=0.04 sys=0.00, real=0.00 secs] 
2015-10-30T16:04:03.117+0000: 5510.298: [GC (GCLocker Initiated GC) 5510.298: [ParNew: 4241K->3182K(36288K), 0.0057256 secs] 108630K->110794K(242952K), 0.0057880 secs] [Times: user=0.02 sys=0.00, real=0.00 secs] 
2015-10-30T16:04:03.124+0000: 5510.304: [GC (CMS Initial Mark) [1 CMS-initial-mark: 107612K(206664K)] 111101K(242952K), 0.0010883 secs] [Times: user=0.00 sys=0.00, real=0.00 secs] 
2015-10-30T16:04:03.125+0000: 5510.305: [CMS-concurrent-mark-start]
2015-10-30T16:04:03.150+0000: 5510.330: [GC (Allocation Failure) 5510.330: [ParNew: 35502K->1795K(36288K), 0.0026600 secs] 143114K->109408K(242952K), 0.0027130 secs] [Times: user=0.01 sys=0.00, real=0.00 secs] 
2015-10-30T16:04:03.177+0000: 5510.357: [GC (Allocation Failure) 5510.357: [ParNew: 34115K->2551K(36288K), 0.0031584 secs] 141728K->110163K(242952K), 0.0032293 secs] [Times: user=0.01 sys=0.00, real=0.01 secs] 
2015-10-30T16:04:03.205+0000: 5510.386: [GC (Allocation Failure) 5510.386: [ParNew: 34871K->1868K(36288K), 0.0050080 secs] 142483K->110745K(242952K), 0.0050718 secs] [Times: user=0.02 sys=0.00, real=0.00 secs] 
2015-10-30T16:04:03.235+0000: 5510.415: [CMS-concurrent-mark: 0.094/0.110 secs] [Times: user=0.41 sys=0.01, real=0.11 secs] 
2015-10-30T16:04:03.235+0000: 5510.415: [GC (Allocation Failure) 5510.415: [ParNew: 34188K->2436K(36288K), 0.0031048 secs] 143065K->111313K(242952K), 0.0031487 secs] [Times: user=0.01 sys=0.00, real=0.01 secs] 
2015-10-30T16:04:03.238+0000: 5510.419: [CMS-concurrent-preclean-start]
2015-10-30T16:04:03.247+0000: 5510.428: [CMS-concurrent-preclean: 0.008/0.009 secs] [Times: user=0.03 sys=0.00, real=0.01 secs] 
2015-10-30T16:04:03.247+0000: 5510.428: [CMS-concurrent-abortable-preclean-start]
2015-10-30T16:04:03.263+0000: 5510.444: [GC (Allocation Failure) 5510.444: [ParNew: 34756K->3352K(36288K), 0.0039250 secs] 143633K->112229K(242952K), 0.0039762 secs] [Times: user=0.02 sys=0.00, real=0.01 secs] 
2015-10-30T16:04:03.284+0000: 5510.465: [CMS-concurrent-abortable-preclean: 0.023/0.037 secs] [Times: user=0.14 sys=0.00, real=0.03 secs] 
2015-10-30T16:04:03.289+0000: 5510.469: [GC (CMS Final Remark) [YG occupancy: 33931 K (36288 K)]5510.469: [Rescan (parallel) , 0.0213708 secs]5510.491: [weak refs processing, 0.0000271 secs]5510.491: [class unloading, 0.0148782 secs]5510.506: [scrub symbol table, 0.0066683 secs]5510.513: [scrub string table, 0.0007537 secs][1 CMS-remark: 108876K(206664K)] 142807K(242952K), 0.0451753 secs] [Times: user=0.09 sys=0.00, real=0.04 secs] 
2015-10-30T16:04:03.334+0000: 5510.515: [CMS-concurrent-sweep-start]
2015-10-30T16:04:03.338+0000: 5510.518: [GC (Allocation Failure) 5510.518: [ParNew: 35672K->3968K(36288K), 0.0095178 secs] 143646K->115431K(242952K), 0.0095909 secs] [Times: user=0.04 sys=0.00, real=0.01 secs] 
2015-10-30T16:04:03.381+0000: 5510.561: [GC (Allocation Failure) 5510.561: [ParNew: 32842K->3968K(36288K), 0.0123166 secs] 126764K->111412K(242952K), 0.0124105 secs] [Times: user=0.04 sys=0.00, real=0.01 secs] 
2015-10-30T16:04:03.403+0000: 5510.584: [CMS-concurrent-sweep: 0.046/0.069 secs] [Times: user=0.21 sys=0.00, real=0.07 secs] 
2015-10-30T16:04:03.403+0000: 5510.584: [CMS-concurrent-reset-start]
2015-10-30T16:04:03.406+0000: 5510.586: [CMS-concurrent-reset: 0.002/0.002 secs] [Times: user=0.01 sys=0.00, real=0.01 secs] 
2015-10-30T16:04:05.405+0000: 5512.586: [GC (CMS Initial Mark) [1 CMS-initial-mark: 97615K(206664K)] 122939K(242952K), 0.0024665 secs] [Times: user=0.01 sys=0.00, real=0.01 secs] 
2015-10-30T16:04:05.408+0000: 5512.588: [CMS-concurrent-mark-start]
2015-10-30T16:04:05.441+0000: 5512.621: [CMS-concurrent-mark: 0.033/0.033 secs] [Times: user=0.03 sys=0.00, real=0.03 secs] 
2015-10-30T16:04:05.441+0000: 5512.621: [CMS-concurrent-preclean-start]
2015-10-30T16:04:05.443+0000: 5512.624: [CMS-concurrent-preclean: 0.002/0.003 secs] [Times: user=0.00 sys=0.00, real=0.00 secs] 
2015-10-30T16:04:05.443+0000: 5512.624: [CMS-concurrent-abortable-preclean-start]
2015-10-30T16:04:07.881+0000: 5515.061: [GC (Allocation Failure) 5515.061: [ParNew: 36288K->3968K(36288K), 0.0095878 secs] 133903K->111927K(242952K), 0.0096820 secs] [Times: user=0.03 sys=0.00, real=0.01 secs] 
2015-10-30T16:04:07.923+0000: 5515.103: [GC (Allocation Failure) 5515.103: [ParNew: 36288K->3968K(36288K), 0.0135436 secs] 144247K->122031K(242952K), 0.0136251 secs] [Times: user=0.05 sys=0.00, real=0.01 secs] 
2015-10-30T16:04:07.938+0000: 5515.119: [CMS-concurrent-abortable-preclean: 0.827/2.495 secs] [Times: user=1.01 sys=0.01, real=2.50 secs] 
2015-10-30T16:04:07.941+0000: 5515.121: [GC (CMS Final Remark) [YG occupancy: 5279 K (36288 K)]5515.121: [Rescan (parallel) , 0.0057155 secs]5515.127: [weak refs processing, 0.0000187 secs]5515.127: [class unloading, 0.0150954 secs]5515.142: [scrub symbol table, 0.0066444 secs]5515.149: [scrub string table, 0.0007634 secs][1 CMS-remark: 118063K(206664K)] 123343K(242952K), 0.0296764 secs] [Times: user=0.05 sys=0.00, real=0.03 secs] 
2015-10-30T16:04:07.971+0000: 5515.151: [CMS-concurrent-sweep-start]
2015-10-30T16:04:07.991+0000: 5515.172: [GC (Allocation Failure) 5515.172: [ParNew: 36288K->3890K(36288K), 0.0056311 secs] 143137K->114673K(242952K), 0.0057010 secs] [Times: user=0.03 sys=0.00, real=0.00 secs] 
2015-10-30T16:04:08.025+0000: 5515.206: [GC (Allocation Failure) 5515.206: [ParNew: 36210K->2346K(36288K), 0.0025918 secs] 135124K->101259K(242952K), 0.0026498 secs] [Times: user=0.01 sys=0.00, real=0.00 secs] 
2015-10-30T16:04:08.046+0000: 5515.226: [CMS-concurrent-sweep: 0.064/0.075 secs] [Times: user=0.27 sys=0.01, real=0.08 secs] 
2015-10-30T16:04:08.046+0000: 5515.226: [CMS-concurrent-reset-start]
2015-10-30T16:04:08.048+0000: 5515.229: [CMS-concurrent-reset: 0.003/0.003 secs] [Times: user=0.01 sys=0.00, real=0.00 secs] 
2015-10-30T16:04:08.051+0000: 5515.231: [GC (Allocation Failure) 5515.231: [ParNew: 34666K->3010K(36288K), 0.0028978 secs] 120620K->88964K(242952K), 0.0029442 secs] [Times: user=0.01 sys=0.00, real=0.00 secs] 
2015-10-30T16:04:08.077+0000: 5515.258: [GC (Allocation Failure) 5515.258: [ParNew: 35330K->2399K(36288K), 0.0042176 secs] 121284K->89085K(242952K), 0.0042906 secs] [Times: user=0.02 sys=0.00, real=0.00 secs] 
2015-10-30T16:04:08.101+0000: 5515.282: [GC (Allocation Failure) 5515.282: [ParNew: 34719K->3968K(36288K), 0.0040966 secs] 121405K->90658K(242952K), 0.0041590 secs] [Times: user=0.02 sys=0.00, real=0.01 secs] 
2015-10-30T16:04:08.125+0000: 5515.306: [GC (Allocation Failure) 5515.306: [ParNew: 36288K->3490K(36288K), 0.0043212 secs] 122978K->91440K(242952K), 0.0043823 secs] [Times: user=0.01 sys=0.00, real=0.00 secs] 
2015-10-30T16:04:08.153+0000: 5515.334: [GC (Allocation Failure) 5515.334: [ParNew: 35810K->2540K(36288K), 0.0024382 secs] 123760K->90490K(242952K), 0.0024972 secs] [Times: user=0.01 sys=0.00, real=0.00 secs] 
2015-10-30T16:04:08.187+0000: 5515.367: [GC (Allocation Failure) 5515.367: [ParNew: 31127K->3968K(36288K), 0.0038430 secs] 119077K->100149K(242952K), 0.0039231 secs] [Times: user=0.01 sys=0.00, real=0.00 secs] 
2015-10-30T16:04:08.194+0000: 5515.375: [GC (CMS Initial Mark) [1 CMS-initial-mark: 96181K(206664K)] 105469K(242952K), 0.0018109 secs] [Times: user=0.00 sys=0.00, real=0.00 secs] 
2015-10-30T16:04:08.196+0000: 5515.377: [CMS-concurrent-mark-start]
2015-10-30T16:04:08.258+0000: 5515.439: [CMS-concurrent-mark: 0.062/0.062 secs] [Times: user=0.13 sys=0.00, real=0.07 secs] 
2015-10-30T16:04:08.258+0000: 5515.439: [CMS-concurrent-preclean-start]
2015-10-30T16:04:08.261+0000: 5515.441: [CMS-concurrent-preclean: 0.002/0.002 secs] [Times: user=0.00 sys=0.00, real=0.00 secs] 
2015-10-30T16:04:08.261+0000: 5515.441: [CMS-concurrent-abortable-preclean-start]
 CMS: abort preclean due to time 2015-10-30T16:04:13.288+0000: 5520.469: [CMS-concurrent-abortable-preclean: 1.192/5.028 secs] [Times: user=1.29 sys=0.00, real=5.03 secs] 
2015-10-30T16:04:13.289+0000: 5520.469: [GC (CMS Final Remark) [YG occupancy: 25897 K (36288 K)]5520.469: [Rescan (parallel) , 0.0019990 secs]5520.471: [weak refs processing, 0.0000239 secs]5520.471: [class unloading, 0.0150718 secs]5520.486: [scrub symbol table, 0.0066261 secs]5520.493: [scrub string table, 0.0007447 secs][1 CMS-remark: 96181K(206664K)] 122079K(242952K), 0.0259377 secs] [Times: user=0.03 sys=0.00, real=0.02 secs] 
2015-10-30T16:04:13.315+0000: 5520.495: [CMS-concurrent-sweep-start]
2015-10-30T16:04:13.351+0000: 5520.531: [CMS-concurrent-sweep: 0.036/0.036 secs] [Times: user=0.03 sys=0.00, real=0.04 secs] 
2015-10-30T16:04:13.351+0000: 5520.531: [CMS-concurrent-reset-start]
2015-10-30T16:04:13.353+0000: 5520.533: [CMS-concurrent-reset: 0.002/0.002 secs] [Times: user=0.00 sys=0.00, real=0.00 secs] 
2015-10-30T16:04:15.352+0000: 5522.533: [GC (CMS Initial Mark) [1 CMS-initial-mark: 71566K(206664K)] 98231K(242952K), 0.0024375 secs] [Times: user=0.00 sys=0.00, real=0.00 secs] 
2015-10-30T16:04:15.355+0000: 5522.535: [CMS-concurrent-mark-start]
2015-10-30T16:04:15.394+0000: 5522.574: [CMS-concurrent-mark: 0.039/0.039 secs] [Times: user=0.04 sys=0.00, real=0.04 secs] 
2015-10-30T16:04:15.394+0000: 5522.574: [CMS-concurrent-preclean-start]
2015-10-30T16:04:15.396+0000: 5522.577: [CMS-concurrent-preclean: 0.002/0.003 secs] [Times: user=0.01 sys=0.00, real=0.00 secs] 
2015-10-30T16:04:15.396+0000: 5522.577: [CMS-concurrent-abortable-preclean-start]
2015-10-30T16:04:17.873+0000: 5525.053: [GC (Allocation Failure) 5525.053: [ParNew: 36288K->3968K(36288K), 0.0058500 secs] 107854K->83852K(242952K), 0.0059357 secs] [Times: user=0.02 sys=0.00, real=0.01 secs] 
2015-10-30T16:04:17.911+0000: 5525.092: [GC (Allocation Failure) 5525.092: [ParNew: 36288K->3968K(36288K), 0.0137404 secs] 116172K->96529K(242952K), 0.0138272 secs] [Times: user=0.05 sys=0.00, real=0.02 secs] 
2015-10-30T16:04:17.947+0000: 5525.127: [GC (Allocation Failure) 5525.127: [ParNew: 36288K->3533K(36288K), 0.0055547 secs] 128849K->100044K(242952K), 0.0056273 secs] [Times: user=0.02 sys=0.00, real=0.00 secs] 
2015-10-30T16:04:17.977+0000: 5525.158: [GC (Allocation Failure) 5525.158: [ParNew: 35853K->2230K(36288K), 0.0024854 secs] 132364K->98740K(242952K), 0.0025450 secs] [Times: user=0.00 sys=0.00, real=0.00 secs] 
2015-10-30T16:04:17.981+0000: 5525.161: [CMS-concurrent-abortable-preclean: 0.646/2.584 secs] [Times: user=0.97 sys=0.01, real=2.59 secs] 
2015-10-30T16:04:17.982+0000: 5525.163: [GC (CMS Final Remark) [YG occupancy: 3664 K (36288 K)]5525.163: [Rescan (parallel) , 0.0023141 secs]5525.165: [weak refs processing, 0.0000123 secs]5525.165: [class unloading, 0.0147344 secs]5525.180: [scrub symbol table, 0.0066972 secs]5525.187: [scrub string table, 0.0007521 secs][1 CMS-remark: 96510K(206664K)] 100174K(242952K), 0.0259707 secs] [Times: user=0.03 sys=0.00, real=0.03 secs] 
2015-10-30T16:04:18.008+0000: 5525.189: [CMS-concurrent-sweep-start]
2015-10-30T16:04:18.033+0000: 5525.213: [GC (Allocation Failure) 5525.213: [ParNew: 34550K->3673K(36288K), 0.0033679 secs] 126387K->95511K(242952K), 0.0034262 secs] [Times: user=0.02 sys=0.00, real=0.00 secs] 
2015-10-30T16:04:18.057+0000: 5525.238: [GC (Allocation Failure) 5525.238: [ParNew: 35993K->3076K(36288K), 0.0051556 secs] 127433K->95966K(242952K), 0.0052317 secs] [Times: user=0.02 sys=0.00, real=0.00 secs] 
2015-10-30T16:04:18.075+0000: 5525.255: [CMS-concurrent-sweep: 0.055/0.066 secs] [Times: user=0.25 sys=0.01, real=0.06 secs] 
2015-10-30T16:04:18.075+0000: 5525.255: [CMS-concurrent-reset-start]
2015-10-30T16:04:18.078+0000: 5525.258: [CMS-concurrent-reset: 0.003/0.003 secs] [Times: user=0.01 sys=0.00, real=0.01 secs] 
2015-10-30T16:04:18.085+0000: 5525.266: [GC (Allocation Failure) 5525.266: [ParNew: 35396K->3140K(36288K), 0.0038276 secs] 127407K->95151K(242952K), 0.0038855 secs] [Times: user=0.01 sys=0.00, real=0.00 secs] 
2015-10-30T16:04:18.109+0000: 5525.289: [GC (Allocation Failure) 5525.289: [ParNew: 35460K->2708K(36288K), 0.0034322 secs] 127471K->95374K(242952K), 0.0034896 secs] [Times: user=0.02 sys=0.00, real=0.00 secs] 
2015-10-30T16:04:18.133+0000: 5525.313: [GC (Allocation Failure) 5525.313: [ParNew: 35028K->1983K(36288K), 0.0028948 secs] 127694K->94649K(242952K), 0.0029556 secs] [Times: user=0.01 sys=0.00, real=0.00 secs] 
2015-10-30T16:04:18.167+0000: 5525.347: [GC (Allocation Failure) 5525.347: [ParNew: 32987K->3968K(36288K), 0.0039875 secs] 125653K->104868K(242952K), 0.0040640 secs] [Times: user=0.01 sys=0.00, real=0.00 secs] 
2015-10-30T16:04:18.172+0000: 5525.353: [GC (CMS Initial Mark) [1 CMS-initial-mark: 100900K(206664K)] 110188K(242952K), 0.0017991 secs] [Times: user=0.01 sys=0.00, real=0.00 secs] 
2015-10-30T16:04:18.174+0000: 5525.354: [CMS-concurrent-mark-start]
2015-10-30T16:04:18.214+0000: 5525.395: [CMS-concurrent-mark: 0.040/0.040 secs] [Times: user=0.08 sys=0.00, real=0.04 secs] 
2015-10-30T16:04:18.214+0000: 5525.395: [CMS-concurrent-preclean-start]
2015-10-30T16:04:18.216+0000: 5525.396: [CMS-concurrent-preclean: 0.001/0.001 secs] [Times: user=0.00 sys=0.00, real=0.00 secs] 
2015-10-30T16:04:18.216+0000: 5525.396: [CMS-concurrent-abortable-preclean-start]
 CMS: abort preclean due to time 2015-10-30T16:04:23.223+0000: 5530.403: [CMS-concurrent-abortable-preclean: 1.112/5.007 secs] [Times: user=1.20 sys=0.00, real=5.01 secs] 
2015-10-30T16:04:23.223+0000: 5530.403: [GC (CMS Final Remark) [YG occupancy: 25978 K (36288 K)]5530.403: [Rescan (parallel) , 0.0019928 secs]5530.405: [weak refs processing, 0.0000164 secs]5530.405: [class unloading, 0.0146997 secs]5530.420: [scrub symbol table, 0.0067401 secs]5530.427: [scrub string table, 0.0007560 secs][1 CMS-remark: 100900K(206664K)] 126879K(242952K), 0.0256683 secs] [Times: user=0.03 sys=0.00, real=0.03 secs] 
2015-10-30T16:04:23.249+0000: 5530.429: [CMS-concurrent-sweep-start]
2015-10-30T16:04:23.294+0000: 5530.475: [CMS-concurrent-sweep: 0.046/0.046 secs] [Times: user=0.05 sys=0.01, real=0.04 secs] 
2015-10-30T16:04:23.294+0000: 5530.475: [CMS-concurrent-reset-start]
2015-10-30T16:04:23.297+0000: 5530.477: [CMS-concurrent-reset: 0.002/0.002 secs] [Times: user=0.00 sys=0.00, real=0.00 secs] 
2015-10-30T16:04:25.297+0000: 5532.477: [GC (CMS Initial Mark) [1 CMS-initial-mark: 70665K(206664K)] 97405K(242952K), 0.0025215 secs] [Times: user=0.01 sys=0.00, real=0.01 secs] 
2015-10-30T16:04:25.299+0000: 5532.480: [CMS-concurrent-mark-start]
2015-10-30T16:04:25.340+0000: 5532.520: [CMS-concurrent-mark: 0.040/0.040 secs] [Times: user=0.05 sys=0.00, real=0.04 secs] 
2015-10-30T16:04:25.340+0000: 5532.520: [CMS-concurrent-preclean-start]
2015-10-30T16:04:25.342+0000: 5532.523: [CMS-concurrent-preclean: 0.002/0.003 secs] [Times: user=0.00 sys=0.00, real=0.00 secs] 
2015-10-30T16:04:25.342+0000: 5532.523: [CMS-concurrent-abortable-preclean-start]
2015-10-30T16:04:27.907+0000: 5535.088: [GC (Allocation Failure) 5535.088: [ParNew: 36248K->3968K(36288K), 0.0054833 secs] 106913K->83096K(242952K), 0.0055749 secs] [Times: user=0.02 sys=0.00, real=0.00 secs] 
2015-10-30T16:04:27.946+0000: 5535.126: [GC (Allocation Failure) 5535.126: [ParNew: 36288K->3968K(36288K), 0.0139849 secs] 115416K->94125K(242952K), 0.0140641 secs] [Times: user=0.05 sys=0.00, real=0.01 secs] 
2015-10-30T16:04:27.985+0000: 5535.166: [GC (Allocation Failure) 5535.166: [ParNew: 36288K->3484K(36288K), 0.0053415 secs] 126445K->97555K(242952K), 0.0054054 secs] [Times: user=0.02 sys=0.00, real=0.00 secs] 
2015-10-30T16:04:28.013+0000: 5535.194: [CMS-concurrent-abortable-preclean: 0.571/2.671 secs] [Times: user=0.88 sys=0.02, real=2.67 secs] 
2015-10-30T16:04:28.014+0000: 5535.194: [GC (Allocation Failure) 5535.194: [ParNew: 35804K->1911K(36288K), 0.0026158 secs] 129875K->95982K(242952K), 0.0026574 secs] [Times: user=0.01 sys=0.00, real=0.00 secs] 
2015-10-30T16:04:28.017+0000: 5535.198: [GC (CMS Final Remark) [YG occupancy: 3366 K (36288 K)]5535.198: [Rescan (parallel) , 0.0056069 secs]5535.203: [weak refs processing, 0.0000190 secs]5535.203: [class unloading, 0.0150323 secs]5535.219: [scrub symbol table, 0.0066036 secs]5535.225: [scrub string table, 0.0007665 secs][1 CMS-remark: 94071K(206664K)] 97437K(242952K), 0.0294712 secs] [Times: user=0.04 sys=0.00, real=0.03 secs] 
2015-10-30T16:04:28.047+0000: 5535.227: [CMS-concurrent-sweep-start]
2015-10-30T16:04:28.069+0000: 5535.249: [GC (Allocation Failure) 5535.249: [ParNew: 34231K->3024K(36288K), 0.0032361 secs] 124877K->93670K(242952K), 0.0032961 secs] [Times: user=0.01 sys=0.00, real=0.00 secs] 
2015-10-30T16:04:28.081+0000: 5535.262: [CMS-concurrent-sweep: 0.031/0.034 secs] [Times: user=0.12 sys=0.00, real=0.03 secs] 
2015-10-30T16:04:28.081+0000: 5535.262: [CMS-concurrent-reset-start]
2015-10-30T16:04:28.084+0000: 5535.264: [CMS-concurrent-reset: 0.003/0.003 secs] [Times: user=0.01 sys=0.00, real=0.00 secs] 
2015-10-30T16:04:28.097+0000: 5535.278: [GC (Allocation Failure) 5535.278: [ParNew: 35344K->2763K(36288K), 0.0043247 secs] 124790K->92941K(242952K), 0.0043762 secs] [Times: user=0.02 sys=0.00, real=0.00 secs] 
2015-10-30T16:04:28.121+0000: 5535.301: [GC (Allocation Failure) 5535.301: [ParNew: 35083K->3606K(36288K), 0.0044524 secs] 125261K->94496K(242952K), 0.0045165 secs] [Times: user=0.02 sys=0.00, real=0.01 secs] 
2015-10-30T16:04:28.143+0000: 5535.323: [GC (Allocation Failure) 5535.323: [ParNew: 35926K->2895K(36288K), 0.0034003 secs] 126816K->94354K(242952K), 0.0034619 secs] [Times: user=0.01 sys=0.00, real=0.01 secs] 
2015-10-30T16:04:28.165+0000: 5535.346: [GC (Allocation Failure) 5535.346: [ParNew: 35215K->2319K(36288K), 0.0028591 secs] 126674K->93777K(242952K), 0.0029191 secs] [Times: user=0.01 sys=0.00, real=0.00 secs] 
2015-10-30T16:04:28.202+0000: 5535.382: [GC (Allocation Failure) 5535.382: [ParNew: 33124K->3968K(36288K), 0.0033417 secs] 124582K->103953K(242952K), 0.0034217 secs] [Times: user=0.02 sys=0.00, real=0.00 secs] 
2015-10-30T16:04:28.206+0000: 5535.387: [GC (CMS Initial Mark) [1 CMS-initial-mark: 99985K(206664K)] 109271K(242952K), 0.0018074 secs] [Times: user=0.00 sys=0.00, real=0.00 secs] 
2015-10-30T16:04:28.208+0000: 5535.389: [CMS-concurrent-mark-start]
2015-10-30T16:04:28.269+0000: 5535.449: [CMS-concurrent-mark: 0.061/0.061 secs] [Times: user=0.12 sys=0.00, real=0.06 secs] 
2015-10-30T16:04:28.269+0000: 5535.450: [CMS-concurrent-preclean-start]
2015-10-30T16:04:28.271+0000: 5535.452: [CMS-concurrent-preclean: 0.002/0.002 secs] [Times: user=0.01 sys=0.00, real=0.00 secs] 
2015-10-30T16:04:28.271+0000: 5535.452: [CMS-concurrent-abortable-preclean-start]
 CMS: abort preclean due to time 2015-10-30T16:04:33.368+0000: 5540.549: [CMS-concurrent-abortable-preclean: 1.289/5.097 secs] [Times: user=1.39 sys=0.00, real=5.10 secs] 
2015-10-30T16:04:33.369+0000: 5540.549: [GC (CMS Final Remark) [YG occupancy: 25906 K (36288 K)]5540.550: [Rescan (parallel) , 0.0026821 secs]5540.553: [weak refs processing, 0.0000207 secs]5540.553: [class unloading, 0.0149475 secs]5540.568: [scrub symbol table, 0.0066819 secs]5540.574: [scrub string table, 0.0007596 secs][1 CMS-remark: 99985K(206664K)] 125892K(242952K), 0.0273978 secs] [Times: user=0.03 sys=0.00, real=0.02 secs] 
2015-10-30T16:04:33.396+0000: 5540.577: [CMS-concurrent-sweep-start]
2015-10-30T16:04:33.426+0000: 5540.606: [CMS-concurrent-sweep: 0.030/0.030 secs] [Times: user=0.03 sys=0.00, real=0.04 secs] 
2015-10-30T16:04:33.426+0000: 5540.606: [CMS-concurrent-reset-start]
2015-10-30T16:04:33.428+0000: 5540.609: [CMS-concurrent-reset: 0.003/0.003 secs] [Times: user=0.01 sys=0.00, real=0.00 secs] 
2015-10-30T16:04:35.428+0000: 5542.608: [GC (CMS Initial Mark) [1 CMS-initial-mark: 71010K(206664K)] 97925K(242952K), 0.0028094 secs] [Times: user=0.00 sys=0.00, real=0.00 secs] 
2015-10-30T16:04:35.431+0000: 5542.611: [CMS-concurrent-mark-start]
2015-10-30T16:04:35.471+0000: 5542.652: [CMS-concurrent-mark: 0.040/0.040 secs] [Times: user=0.05 sys=0.00, real=0.04 secs] 
2015-10-30T16:04:35.471+0000: 5542.652: [CMS-concurrent-preclean-start]
2015-10-30T16:04:35.474+0000: 5542.654: [CMS-concurrent-preclean: 0.002/0.003 secs] [Times: user=0.00 sys=0.00, real=0.00 secs] 
2015-10-30T16:04:35.474+0000: 5542.654: [CMS-concurrent-abortable-preclean-start]
2015-10-30T16:04:37.891+0000: 5545.071: [GC (Allocation Failure) 5545.071: [ParNew: 36288K->3968K(36288K), 0.0064719 secs] 107298K->83265K(242952K), 0.0065545 secs] [Times: user=0.02 sys=0.00, real=0.01 secs] 
2015-10-30T16:04:37.933+0000: 5545.114: [GC (Allocation Failure) 5545.114: [ParNew: 36288K->3968K(36288K), 0.0146679 secs] 115585K->94422K(242952K), 0.0147518 secs] [Times: user=0.05 sys=0.00, real=0.02 secs] 
2015-10-30T16:04:37.973+0000: 5545.153: [GC (Allocation Failure) 5545.153: [ParNew: 36288K->3600K(36288K), 0.0054747 secs] 126742K->97936K(242952K), 0.0055515 secs] [Times: user=0.02 sys=0.00, real=0.01 secs] 
2015-10-30T16:04:38.001+0000: 5545.182: [GC (Allocation Failure) 5545.182: [ParNew: 35920K->1946K(36288K), 0.0030752 secs] 130256K->96281K(242952K), 0.0031390 secs] [Times: user=0.01 sys=0.00, real=0.00 secs] 
2015-10-30T16:04:38.005+0000: 5545.186: [CMS-concurrent-abortable-preclean: 0.771/2.532 secs] [Times: user=1.11 sys=0.01, real=2.54 secs] 
2015-10-30T16:04:38.009+0000: 5545.190: [GC (CMS Final Remark) [YG occupancy: 2926 K (36288 K)]5545.190: [Rescan (parallel) , 0.0029512 secs]5545.193: [weak refs processing, 0.0000130 secs]5545.193: [class unloading, 0.0152849 secs]5545.208: [scrub symbol table, 0.0066469 secs]5545.215: [scrub string table, 0.0007665 secs][1 CMS-remark: 94335K(206664K)] 97261K(242952K), 0.0270783 secs] [Times: user=0.03 sys=0.01, real=0.02 secs] 
2015-10-30T16:04:38.036+0000: 5545.217: [CMS-concurrent-sweep-start]
2015-10-30T16:04:38.061+0000: 5545.242: [GC (Allocation Failure) 5545.242: [ParNew: 34266K->3062K(36288K), 0.0030272 secs] 125455K->94252K(242952K), 0.0030786 secs] [Times: user=0.01 sys=0.00, real=0.00 secs] 
2015-10-30T16:04:38.068+0000: 5545.249: [CMS-concurrent-sweep: 0.026/0.032 secs] [Times: user=0.10 sys=0.00, real=0.04 secs] 
2015-10-30T16:04:38.068+0000: 5545.249: [CMS-concurrent-reset-start]
2015-10-30T16:04:38.071+0000: 5545.251: [CMS-concurrent-reset: 0.003/0.003 secs] [Times: user=0.01 sys=0.00, real=0.00 secs] 
2015-10-30T16:04:38.086+0000: 5545.267: [GC (Allocation Failure) 5545.267: [ParNew: 35382K->2729K(36288K), 0.0045804 secs] 126033K->94180K(242952K), 0.0046468 secs] [Times: user=0.01 sys=0.00, real=0.00 secs] 
2015-10-30T16:04:38.113+0000: 5545.294: [GC (Allocation Failure) 5545.294: [ParNew: 35049K->3162K(36288K), 0.0043798 secs] 126500K->95323K(242952K), 0.0044465 secs] [Times: user=0.01 sys=0.00, real=0.01 secs] 
2015-10-30T16:04:38.135+0000: 5545.316: [GC (Allocation Failure) 5545.316: [ParNew: 35482K->2321K(36288K), 0.0034565 secs] 127643K->95064K(242952K), 0.0035154 secs] [Times: user=0.02 sys=0.00, real=0.01 secs] 
2015-10-30T16:04:38.158+0000: 5545.338: [GC (Allocation Failure) 5545.338: [ParNew: 34641K->2253K(36288K), 0.0024868 secs] 127384K->94996K(242952K), 0.0025458 secs] [Times: user=0.01 sys=0.00, real=0.00 secs] 
2015-10-30T16:04:38.192+0000: 5545.373: [GC (Allocation Failure) 5545.373: [ParNew: 29308K->3968K(36288K), 0.0032130 secs] 122051K->99859K(242952K), 0.0032810 secs] [Times: user=0.02 sys=0.00, real=0.00 secs] 
2015-10-30T16:04:38.196+0000: 5545.377: [GC (CMS Initial Mark) [1 CMS-initial-mark: 95891K(206664K)] 105177K(242952K), 0.0018390 secs] [Times: user=0.00 sys=0.00, real=0.01 secs] 
2015-10-30T16:04:38.198+0000: 5545.379: [CMS-concurrent-mark-start]
2015-10-30T16:04:38.259+0000: 5545.439: [CMS-concurrent-mark: 0.061/0.061 secs] [Times: user=0.12 sys=0.00, real=0.06 secs] 
2015-10-30T16:04:38.259+0000: 5545.440: [CMS-concurrent-preclean-start]
2015-10-30T16:04:38.261+0000: 5545.441: [CMS-concurrent-preclean: 0.002/0.002 secs] [Times: user=0.01 sys=0.00, real=0.00 secs] 
2015-10-30T16:04:38.261+0000: 5545.441: [CMS-concurrent-abortable-preclean-start]
 CMS: abort preclean due to time 2015-10-30T16:04:43.267+0000: 5550.448: [CMS-concurrent-abortable-preclean: 1.299/5.006 secs] [Times: user=1.39 sys=0.01, real=5.01 secs] 
2015-10-30T16:04:43.268+0000: 5550.448: [GC (CMS Final Remark) [YG occupancy: 31243 K (36288 K)]5550.448: [Rescan (parallel) , 0.0021621 secs]5550.450: [weak refs processing, 0.0000171 secs]5550.450: [class unloading, 0.0149243 secs]5550.465: [scrub symbol table, 0.0066890 secs]5550.472: [scrub string table, 0.0007754 secs][1 CMS-remark: 95891K(206664K)] 127135K(242952K), 0.0260153 secs] [Times: user=0.03 sys=0.00, real=0.02 secs] 
2015-10-30T16:04:43.294+0000: 5550.474: [CMS-concurrent-sweep-start]
2015-10-30T16:04:43.320+0000: 5550.500: [CMS-concurrent-sweep: 0.026/0.026 secs] [Times: user=0.02 sys=0.00, real=0.03 secs] 
2015-10-30T16:04:43.320+0000: 5550.500: [CMS-concurrent-reset-start]
2015-10-30T16:04:43.322+0000: 5550.503: [CMS-concurrent-reset: 0.002/0.002 secs] [Times: user=0.00 sys=0.00, real=0.00 secs] 
2015-10-30T16:04:45.322+0000: 5552.503: [GC (CMS Initial Mark) [1 CMS-initial-mark: 72264K(206664K)] 104320K(242952K), 0.0025730 secs] [Times: user=0.01 sys=0.00, real=0.00 secs] 
2015-10-30T16:04:45.325+0000: 5552.506: [CMS-concurrent-mark-start]
2015-10-30T16:04:45.363+0000: 5552.544: [CMS-concurrent-mark: 0.038/0.038 secs] [Times: user=0.03 sys=0.00, real=0.03 secs] 
2015-10-30T16:04:45.363+0000: 5552.544: [CMS-concurrent-preclean-start]
2015-10-30T16:04:45.366+0000: 5552.546: [CMS-concurrent-preclean: 0.002/0.002 secs] [Times: user=0.01 sys=0.00, real=0.01 secs] 
2015-10-30T16:04:45.366+0000: 5552.546: [CMS-concurrent-abortable-preclean-start]
2015-10-30T16:04:47.902+0000: 5555.083: [GC (Allocation Failure) 5555.083: [ParNew: 36261K->3696K(36288K), 0.0058095 secs] 108525K->81004K(242952K), 0.0058880 secs] [Times: user=0.02 sys=0.00, real=0.01 secs] 
2015-10-30T16:04:47.949+0000: 5555.129: [GC (Allocation Failure) 5555.129: [ParNew: 36016K->3968K(36288K), 0.0142992 secs] 113324K->92610K(242952K), 0.0143800 secs] [Times: user=0.05 sys=0.00, real=0.01 secs] 
2015-10-30T16:04:47.985+0000: 5555.165: [GC (Allocation Failure) 5555.165: [ParNew: 36288K->3481K(36288K), 0.0051716 secs] 124930K->95846K(242952K), 0.0052343 secs] [Times: user=0.02 sys=0.00, real=0.01 secs] 
2015-10-30T16:04:47.991+0000: 5555.172: [CMS-concurrent-abortable-preclean: 0.680/2.625 secs] [Times: user=0.93 sys=0.00, real=2.62 secs] 
2015-10-30T16:04:47.991+0000: 5555.172: [GC (CMS Final Remark) [YG occupancy: 5735 K (36288 K)]5555.172: [Rescan (parallel) , 0.0076892 secs]5555.180: [weak refs processing, 0.0000170 secs]5555.180: [class unloading, 0.0146335 secs]5555.194: [scrub symbol table, 0.0065803 secs]5555.201: [scrub string table, 0.0007560 secs][1 CMS-remark: 92364K(206664K)] 98099K(242952K), 0.0310892 secs] [Times: user=0.06 sys=0.00, real=0.03 secs] 
2015-10-30T16:04:48.023+0000: 5555.203: [CMS-concurrent-sweep-start]
2015-10-30T16:04:48.045+0000: 5555.226: [GC (Allocation Failure) 5555.226: [ParNew: 35801K->2234K(36288K), 0.0032500 secs] 125759K->92192K(242952K), 0.0033111 secs] [Times: user=0.01 sys=0.00, real=0.00 secs] 
2015-10-30T16:04:48.063+0000: 5555.243: [CMS-concurrent-sweep: 0.034/0.040 secs] [Times: user=0.14 sys=0.00, real=0.04 secs] 
2015-10-30T16:04:48.063+0000: 5555.243: [CMS-concurrent-reset-start]
2015-10-30T16:04:48.066+0000: 5555.246: [CMS-concurrent-reset: 0.003/0.003 secs] [Times: user=0.01 sys=0.00, real=0.01 secs] 
2015-10-30T16:04:48.073+0000: 5555.254: [GC (Allocation Failure) 5555.254: [ParNew: 34554K->3362K(36288K), 0.0033135 secs] 121778K->90586K(242952K), 0.0033582 secs] [Times: user=0.01 sys=0.00, real=0.00 secs] 
2015-10-30T16:04:48.097+0000: 5555.278: [GC (Allocation Failure) 5555.278: [ParNew: 35682K->3460K(36288K), 0.0041495 secs] 122906K->91512K(242952K), 0.0042017 secs] [Times: user=0.01 sys=0.00, real=0.00 secs] 
2015-10-30T16:04:48.121+0000: 5555.301: [GC (Allocation Failure) 5555.301: [ParNew: 35780K->3235K(36288K), 0.0045736 secs] 123832K->92003K(242952K), 0.0046317 secs] [Times: user=0.01 sys=0.00, real=0.01 secs] 
2015-10-30T16:04:48.145+0000: 5555.326: [GC (Allocation Failure) 5555.326: [ParNew: 35555K->3159K(36288K), 0.0053941 secs] 124323K->92530K(242952K), 0.0054549 secs] [Times: user=0.02 sys=0.00, real=0.00 secs] 
2015-10-30T16:04:48.171+0000: 5555.351: [GC (Allocation Failure) 5555.351: [ParNew: 35479K->2073K(36288K), 0.0028579 secs] 124850K->91444K(242952K), 0.0029177 secs] [Times: user=0.01 sys=0.00, real=0.00 secs] 
2015-10-30T16:04:48.209+0000: 5555.390: [GC (Allocation Failure) 5555.390: [ParNew: 33774K->3968K(36288K), 0.0031492 secs] 123145K->96514K(242952K), 0.0032234 secs] [Times: user=0.01 sys=0.00, real=0.00 secs] 
2015-10-30T16:04:48.213+0000: 5555.394: [GC (CMS Initial Mark) [1 CMS-initial-mark: 92546K(206664K)] 101832K(242952K), 0.0019605 secs] [Times: user=0.01 sys=0.00, real=0.00 secs] 
2015-10-30T16:04:48.215+0000: 5555.396: [CMS-concurrent-mark-start]
2015-10-30T16:04:48.275+0000: 5555.456: [CMS-concurrent-mark: 0.060/0.060 secs] [Times: user=0.12 sys=0.00, real=0.06 secs] 
2015-10-30T16:04:48.276+0000: 5555.456: [CMS-concurrent-preclean-start]
2015-10-30T16:04:48.277+0000: 5555.458: [CMS-concurrent-preclean: 0.002/0.002 secs] [Times: user=0.00 sys=0.00, real=0.01 secs] 
2015-10-30T16:04:48.277+0000: 5555.458: [CMS-concurrent-abortable-preclean-start]
 CMS: abort preclean due to time 2015-10-30T16:04:53.308+0000: 5560.488: [CMS-concurrent-abortable-preclean: 1.222/5.030 secs] [Times: user=1.32 sys=0.02, real=5.03 secs] 
2015-10-30T16:04:53.308+0000: 5560.489: [GC (CMS Final Remark) [YG occupancy: 31259 K (36288 K)]5560.489: [Rescan (parallel) , 0.0024664 secs]5560.491: [weak refs processing, 0.0000197 secs]5560.491: [class unloading, 0.0150425 secs]5560.506: [scrub symbol table, 0.0066177 secs]5560.513: [scrub string table, 0.0007611 secs][1 CMS-remark: 92546K(206664K)] 123806K(242952K), 0.0263296 secs] [Times: user=0.03 sys=0.00, real=0.02 secs] 
2015-10-30T16:04:53.335+0000: 5560.515: [CMS-concurrent-sweep-start]
2015-10-30T16:04:53.359+0000: 5560.540: [CMS-concurrent-sweep: 0.025/0.025 secs] [Times: user=0.03 sys=0.00, real=0.03 secs] 
2015-10-30T16:04:53.359+0000: 5560.540: [CMS-concurrent-reset-start]
2015-10-30T16:04:53.362+0000: 5560.542: [CMS-concurrent-reset: 0.002/0.002 secs] [Times: user=0.00 sys=0.00, real=0.00 secs] 
2015-10-30T16:04:55.362+0000: 5562.542: [GC (CMS Initial Mark) [1 CMS-initial-mark: 72206K(206664K)] 104224K(242952K), 0.0026253 secs] [Times: user=0.01 sys=0.00, real=0.00 secs] 
2015-10-30T16:04:55.364+0000: 5562.545: [CMS-concurrent-mark-start]
2015-10-30T16:04:55.403+0000: 5562.583: [CMS-concurrent-mark: 0.039/0.039 secs] [Times: user=0.04 sys=0.00, real=0.04 secs] 
2015-10-30T16:04:55.403+0000: 5562.583: [CMS-concurrent-preclean-start]
2015-10-30T16:04:55.406+0000: 5562.586: [CMS-concurrent-preclean: 0.002/0.003 secs] [Times: user=0.00 sys=0.00, real=0.01 secs] 
2015-10-30T16:04:55.406+0000: 5562.586: [CMS-concurrent-abortable-preclean-start]
2015-10-30T16:04:57.906+0000: 5565.087: [GC (Allocation Failure) 5565.087: [ParNew: 36135K->3533K(36288K), 0.0061617 secs] 108342K->80837K(242952K), 0.0062370 secs] [Times: user=0.02 sys=0.00, real=0.00 secs] 
2015-10-30T16:04:57.957+0000: 5565.138: [GC (Allocation Failure) 5565.138: [ParNew: 35853K->3968K(36288K), 0.0144540 secs] 113157K->92537K(242952K), 0.0145334 secs] [Times: user=0.05 sys=0.00, real=0.01 secs] 
2015-10-30T16:04:57.994+0000: 5565.174: [GC (Allocation Failure) 5565.174: [ParNew: 36288K->2584K(36288K), 0.0056601 secs] 124857K->94987K(242952K), 0.0057251 secs] [Times: user=0.02 sys=0.00, real=0.01 secs] 
2015-10-30T16:04:58.025+0000: 5565.206: [GC (Allocation Failure) 5565.206: [ParNew: 34904K->2208K(36288K), 0.0023569 secs] 127307K->94611K(242952K), 0.0024147 secs] [Times: user=0.01 sys=0.01, real=0.00 secs] 
2015-10-30T16:04:58.028+0000: 5565.209: [CMS-concurrent-abortable-preclean: 0.633/2.623 secs] [Times: user=0.95 sys=0.02, real=2.62 secs] 
2015-10-30T16:04:58.041+0000: 5565.221: [GC (CMS Final Remark) [YG occupancy: 18154 K (36288 K)]5565.221: [Rescan (parallel) , 0.0111060 secs]5565.232: [weak refs processing, 0.0000221 secs]5565.232: [class unloading, 0.0147780 secs]5565.247: [scrub symbol table, 0.0066490 secs]5565.254: [scrub string table, 0.0007491 secs][1 CMS-remark: 92402K(206664K)] 110557K(242952K), 0.0347484 secs] [Times: user=0.07 sys=0.00, real=0.03 secs] 
2015-10-30T16:04:58.076+0000: 5565.256: [CMS-concurrent-sweep-start]
2015-10-30T16:04:58.088+0000: 5565.268: [GC (Allocation Failure) 5565.268: [ParNew: 34528K->3264K(36288K), 0.0033591 secs] 124854K->93590K(242952K), 0.0034134 secs] [Times: user=0.01 sys=0.00, real=0.00 secs] 
2015-10-30T16:04:58.105+0000: 5565.286: [CMS-concurrent-sweep: 0.026/0.030 secs] [Times: user=0.11 sys=0.00, real=0.04 secs] 
2015-10-30T16:04:58.106+0000: 5565.286: [CMS-concurrent-reset-start]
2015-10-30T16:04:58.108+0000: 5565.289: [CMS-concurrent-reset: 0.002/0.002 secs] [Times: user=0.00 sys=0.00, real=0.00 secs] 
2015-10-30T16:04:58.118+0000: 5565.298: [GC (Allocation Failure) 5565.299: [ParNew: 35584K->2914K(36288K), 0.0045451 secs] 124296K->92445K(242952K), 0.0046025 secs] [Times: user=0.01 sys=0.00, real=0.00 secs] 
2015-10-30T16:04:58.145+0000: 5565.326: [GC (Allocation Failure) 5565.326: [ParNew: 35234K->2694K(36288K), 0.0041364 secs] 124765K->92960K(242952K), 0.0042010 secs] [Times: user=0.02 sys=0.00, real=0.00 secs] 
2015-10-30T16:04:58.167+0000: 5565.348: [GC (Allocation Failure) 5565.348: [ParNew: 35014K->2629K(36288K), 0.0036401 secs] 125280K->93469K(242952K), 0.0037001 secs] [Times: user=0.01 sys=0.00, real=0.00 secs] 
2015-10-30T16:04:58.193+0000: 5565.374: [GC (Allocation Failure) 5565.374: [ParNew: 34949K->2761K(36288K), 0.0026930 secs] 125789K->93601K(242952K), 0.0027507 secs] [Times: user=0.01 sys=0.00, real=0.00 secs] 
2015-10-30T16:04:58.231+0000: 5565.412: [GC (Allocation Failure) 5565.412: [ParNew: 34130K->3968K(36288K), 0.0032273 secs] 124970K->98000K(242952K), 0.0032973 secs] [Times: user=0.01 sys=0.00, real=0.00 secs] 
2015-10-30T16:04:58.235+0000: 5565.416: [GC (CMS Initial Mark) [1 CMS-initial-mark: 94032K(206664K)] 103318K(242952K), 0.0016517 secs] [Times: user=0.01 sys=0.00, real=0.00 secs] 
2015-10-30T16:04:58.237+0000: 5565.417: [CMS-concurrent-mark-start]
2015-10-30T16:04:58.276+0000: 5565.457: [CMS-concurrent-mark: 0.039/0.039 secs] [Times: user=0.08 sys=0.00, real=0.04 secs] 
2015-10-30T16:04:58.276+0000: 5565.457: [CMS-concurrent-preclean-start]
2015-10-30T16:04:58.278+0000: 5565.458: [CMS-concurrent-preclean: 0.001/0.001 secs] [Times: user=0.00 sys=0.00, real=0.01 secs] 
2015-10-30T16:04:58.278+0000: 5565.458: [CMS-concurrent-abortable-preclean-start]
2015-10-30T16:05:00.181+0000: 5567.362: [GC (Allocation Failure) 5567.362: [ParNew: 36288K->1352K(36288K), 0.0073593 secs] 130320K->100476K(242952K), 0.0074288 secs] [Times: user=0.02 sys=0.00, real=0.01 secs] 
2015-10-30T16:05:00.227+0000: 5567.407: [CMS-concurrent-abortable-preclean: 0.535/1.949 secs] [Times: user=0.74 sys=0.00, real=1.95 secs] 
2015-10-30T16:05:00.227+0000: 5567.408: [GC (CMS Final Remark) [YG occupancy: 25108 K (36288 K)]5567.408: [Rescan (parallel) , 0.0093630 secs]5567.417: [weak refs processing, 0.0000194 secs]5567.417: [class unloading, 0.0157428 secs]5567.433: [scrub symbol table, 0.0068384 secs]5567.440: [scrub string table, 0.0007638 secs][1 CMS-remark: 99123K(206664K)] 124232K(242952K), 0.0342687 secs] [Times: user=0.07 sys=0.00, real=0.03 secs] 
2015-10-30T16:05:00.262+0000: 5567.442: [CMS-concurrent-sweep-start]
2015-10-30T16:05:00.272+0000: 5567.452: [GC (Allocation Failure) 5567.452: [ParNew: 33672K->3152K(36288K), 0.0037310 secs] 128746K->98225K(242952K), 0.0038046 secs] [Times: user=0.01 sys=0.00, real=0.00 secs] 
2015-10-30T16:05:00.304+0000: 5567.485: [CMS-concurrent-sweep: 0.038/0.043 secs] [Times: user=0.12 sys=0.00, real=0.04 secs] 
2015-10-30T16:05:00.304+0000: 5567.485: [CMS-concurrent-reset-start]
2015-10-30T16:05:00.307+0000: 5567.487: [CMS-concurrent-reset: 0.002/0.002 secs] [Times: user=0.00 sys=0.00, real=0.01 secs] 
2015-10-30T16:05:02.901+0000: 5570.081: [GC (Allocation Failure) 5570.081: [ParNew: 35472K->3968K(36288K), 0.0168523 secs] 114676K->100425K(242952K), 0.0169614 secs] [Times: user=0.06 sys=0.00, real=0.02 secs] 
2015-10-30T16:05:02.941+0000: 5570.121: [GC (Allocation Failure) 5570.121: [ParNew: 36288K->3265K(36288K), 0.0040489 secs] 132745K->102637K(242952K), 0.0041074 secs] [Times: user=0.02 sys=0.00, real=0.00 secs] 
2015-10-30T16:05:02.963+0000: 5570.143: [GC (Allocation Failure) 5570.143: [ParNew: 35585K->2236K(36288K), 0.0030289 secs] 134957K->101608K(242952K), 0.0030884 secs] [Times: user=0.01 sys=0.00, real=0.01 secs] 
2015-10-30T16:05:02.985+0000: 5570.165: [GC (Allocation Failure) 5570.165: [ParNew: 34556K->3841K(36288K), 0.0037397 secs] 133928K->103213K(242952K), 0.0038047 secs] [Times: user=0.02 sys=0.00, real=0.01 secs] 
2015-10-30T16:05:03.013+0000: 5570.194: [GC (Allocation Failure) 5570.194: [ParNew: 36161K->2951K(36288K), 0.0045535 secs] 135533K->103380K(242952K), 0.0046464 secs] [Times: user=0.02 sys=0.00, real=0.01 secs] 
2015-10-30T16:05:03.041+0000: 5570.221: [GC (Allocation Failure) 5570.221: [ParNew: 35271K->3344K(36288K), 0.0068491 secs] 135700K->104461K(242952K), 0.0069168 secs] [Times: user=0.01 sys=0.00, real=0.01 secs] 
2015-10-30T16:05:03.066+0000: 5570.247: [GC (Allocation Failure) 5570.247: [ParNew: 35664K->3650K(36288K), 0.0042119 secs] 136781K->105434K(242952K), 0.0042839 secs] [Times: user=0.02 sys=0.00, real=0.00 secs] 
2015-10-30T16:05:03.090+0000: 5570.270: [GC (Allocation Failure) 5570.270: [ParNew: 35970K->2012K(36288K), 0.0037902 secs] 137754K->104413K(242952K), 0.0038532 secs] [Times: user=0.01 sys=0.00, real=0.00 secs] 
2015-10-30T16:05:03.113+0000: 5570.294: [GC (Allocation Failure) 5570.294: [ParNew: 34332K->2337K(36288K), 0.0030243 secs] 136733K->104737K(242952K), 0.0030867 secs] [Times: user=0.01 sys=0.00, real=0.00 secs] 
2015-10-30T16:05:03.146+0000: 5570.327: [GC (Allocation Failure) 5570.327: [ParNew: 32181K->2466K(36288K), 0.0031279 secs] 134582K->112843K(242952K), 0.0032118 secs] [Times: user=0.01 sys=0.00, real=0.00 secs] 
2015-10-30T16:05:03.150+0000: 5570.331: [GC (CMS Initial Mark) [1 CMS-initial-mark: 110377K(206664K)] 115730K(242952K), 0.0018125 secs] [Times: user=0.00 sys=0.00, real=0.00 secs] 
2015-10-30T16:05:03.152+0000: 5570.333: [CMS-concurrent-mark-start]
2015-10-30T16:05:03.214+0000: 5570.395: [CMS-concurrent-mark: 0.062/0.062 secs] [Times: user=0.12 sys=0.00, real=0.06 secs] 
2015-10-30T16:05:03.214+0000: 5570.395: [CMS-concurrent-preclean-start]
2015-10-30T16:05:03.216+0000: 5570.397: [CMS-concurrent-preclean: 0.002/0.002 secs] [Times: user=0.01 sys=0.00, real=0.00 secs] 
2015-10-30T16:05:03.216+0000: 5570.397: [CMS-concurrent-abortable-preclean-start]
2015-10-30T16:05:07.870+0000: 5575.051: [GC (Allocation Failure) 5575.051: [ParNew: 34774K->3968K(36288K), 0.0061382 secs] 145152K->121476K(242952K), 0.0062275 secs] [Times: user=0.02 sys=0.00, real=0.00 secs] 
2015-10-30T16:05:07.913+0000: 5575.094: [GC (Allocation Failure) 5575.094: [ParNew: 36288K->3968K(36288K), 0.0174711 secs] 153796K->135822K(242952K), 0.0175634 secs] [Times: user=0.07 sys=0.00, real=0.03 secs] 
2015-10-30T16:05:07.964+0000: 5575.145: [GC (Allocation Failure) 5575.145: [ParNew: 36288K->3133K(36288K), 0.0052699 secs] 168142K->138791K(242952K), 0.0053344 secs] [Times: user=0.02 sys=0.00, real=0.01 secs] 
2015-10-30T16:05:07.985+0000: 5575.165: [CMS-concurrent-abortable-preclean: 1.210/4.769 secs] [Times: user=1.66 sys=0.02, real=4.77 secs] 
2015-10-30T16:05:07.989+0000: 5575.170: [GC (CMS Final Remark) [YG occupancy: 24008 K (36288 K)]5575.170: [Rescan (parallel) , 0.0137469 secs]5575.184: [weak refs processing, 0.0000188 secs]5575.184: [class unloading, 0.0148016 secs]5575.198: [scrub symbol table, 0.0066392 secs]5575.205: [scrub string table, 0.0007705 secs][1 CMS-remark: 135657K(206664K)] 159666K(242952K), 0.0374524 secs] [Times: user=0.07 sys=0.00, real=0.04 secs] 
2015-10-30T16:05:08.027+0000: 5575.207: [CMS-concurrent-sweep-start]
2015-10-30T16:05:08.035+0000: 5575.216: [GC (Allocation Failure) 5575.216: [ParNew: 35453K->2258K(36288K), 0.0065558 secs] 168023K->134828K(242952K), 0.0066263 secs] [Times: user=0.02 sys=0.00, real=0.01 secs] 
2015-10-30T16:05:08.067+0000: 5575.247: [GC (Allocation Failure) 5575.247: [ParNew: 34578K->3136K(36288K), 0.0033196 secs] 149980K->118538K(242952K), 0.0033852 secs] [Times: user=0.02 sys=0.00, real=0.00 secs] 
2015-10-30T16:05:08.085+0000: 5575.266: [CMS-concurrent-sweep: 0.046/0.058 secs] [Times: user=0.22 sys=0.00, real=0.06 secs] 
2015-10-30T16:05:08.085+0000: 5575.266: [CMS-concurrent-reset-start]
2015-10-30T16:05:08.088+0000: 5575.268: [CMS-concurrent-reset: 0.003/0.003 secs] [Times: user=0.01 sys=0.00, real=0.00 secs] 
2015-10-30T16:05:08.093+0000: 5575.273: [GC (Allocation Failure) 5575.273: [ParNew: 35456K->2742K(36288K), 0.0042766 secs] 128684K->96751K(242952K), 0.0043439 secs] [Times: user=0.02 sys=0.00, real=0.00 secs] 
2015-10-30T16:05:08.116+0000: 5575.297: [GC (Allocation Failure) 5575.297: [ParNew: 35062K->3096K(36288K), 0.0047154 secs] 129071K->97830K(242952K), 0.0048149 secs] [Times: user=0.01 sys=0.00, real=0.01 secs] 
2015-10-30T16:05:08.141+0000: 5575.322: [GC (Allocation Failure) 5575.322: [ParNew: 35416K->2388K(36288K), 0.0034668 secs] 130150K->97764K(242952K), 0.0035352 secs] [Times: user=0.01 sys=0.00, real=0.00 secs] 
2015-10-30T16:05:08.165+0000: 5575.346: [GC (Allocation Failure) 5575.346: [ParNew: 34708K->2155K(36288K), 0.0025239 secs] 130084K->97531K(242952K), 0.0025821 secs] [Times: user=0.01 sys=0.00, real=0.00 secs] 
2015-10-30T16:05:08.201+0000: 5575.381: [GC (Allocation Failure) 5575.381: [ParNew: 33977K->3968K(36288K), 0.0031967 secs] 129353K->107784K(242952K), 0.0032775 secs] [Times: user=0.02 sys=0.00, real=0.00 secs] 
2015-10-30T16:05:08.205+0000: 5575.386: [GC (CMS Initial Mark) [1 CMS-initial-mark: 103816K(206664K)] 113102K(242952K), 0.0017926 secs] [Times: user=0.00 sys=0.00, real=0.00 secs] 
2015-10-30T16:05:08.207+0000: 5575.388: [CMS-concurrent-mark-start]
2015-10-30T16:05:08.266+0000: 5575.447: [CMS-concurrent-mark: 0.059/0.059 secs] [Times: user=0.12 sys=0.01, real=0.06 secs] 
2015-10-30T16:05:08.266+0000: 5575.447: [CMS-concurrent-preclean-start]
2015-10-30T16:05:08.268+0000: 5575.449: [CMS-concurrent-preclean: 0.002/0.002 secs] [Times: user=0.00 sys=0.00, real=0.00 secs] 
2015-10-30T16:05:08.268+0000: 5575.449: [CMS-concurrent-abortable-preclean-start]
 CMS: abort preclean due to time 2015-10-30T16:05:13.276+0000: 5580.457: [CMS-concurrent-abortable-preclean: 1.300/5.008 secs] [Times: user=1.39 sys=0.01, real=5.00 secs] 
2015-10-30T16:05:13.277+0000: 5580.457: [GC (CMS Final Remark) [YG occupancy: 25937 K (36288 K)]5580.460: [Rescan (parallel) , 0.0021544 secs]5580.462: [weak refs processing, 0.0000233 secs]5580.462: [class unloading, 0.0150545 secs]5580.477: [scrub symbol table, 0.0066260 secs]5580.483: [scrub string table, 0.0007555 secs][1 CMS-remark: 103816K(206664K)] 129754K(242952K), 0.0285620 secs] [Times: user=0.04 sys=0.00, real=0.04 secs] 
2015-10-30T16:05:13.305+0000: 5580.486: [CMS-concurrent-sweep-start]
2015-10-30T16:05:13.343+0000: 5580.524: [CMS-concurrent-sweep: 0.038/0.038 secs] [Times: user=0.04 sys=0.00, real=0.03 secs] 
2015-10-30T16:05:13.343+0000: 5580.524: [CMS-concurrent-reset-start]
2015-10-30T16:05:13.346+0000: 5580.526: [CMS-concurrent-reset: 0.002/0.002 secs] [Times: user=0.00 sys=0.00, real=0.01 secs] 
2015-10-30T16:05:15.345+0000: 5582.526: [GC (CMS Initial Mark) [1 CMS-initial-mark: 71146K(206664K)] 97837K(242952K), 0.0024806 secs] [Times: user=0.01 sys=0.00, real=0.00 secs] 
2015-10-30T16:05:15.348+0000: 5582.528: [CMS-concurrent-mark-start]
2015-10-30T16:05:15.387+0000: 5582.568: [CMS-concurrent-mark: 0.039/0.039 secs] [Times: user=0.04 sys=0.00, real=0.04 secs] 
2015-10-30T16:05:15.387+0000: 5582.568: [CMS-concurrent-preclean-start]
2015-10-30T16:05:15.390+0000: 5582.570: [CMS-concurrent-preclean: 0.002/0.003 secs] [Times: user=0.01 sys=0.00, real=0.00 secs] 
2015-10-30T16:05:15.390+0000: 5582.570: [CMS-concurrent-abortable-preclean-start]
2015-10-30T16:05:17.874+0000: 5585.054: [GC (Allocation Failure) 5585.054: [ParNew: 36288K->3968K(36288K), 0.0066837 secs] 107434K->84395K(242952K), 0.0067763 secs] [Times: user=0.03 sys=0.00, real=0.01 secs] 
2015-10-30T16:05:17.916+0000: 5585.096: [GC (Allocation Failure) 5585.096: [ParNew: 36288K->3968K(36288K), 0.0131719 secs] 116715K->94952K(242952K), 0.0132531 secs] [Times: user=0.05 sys=0.00, real=0.02 secs] 
2015-10-30T16:05:17.951+0000: 5585.132: [GC (Allocation Failure) 5585.132: [ParNew: 36288K->3526K(36288K), 0.0061075 secs] 127272K->98473K(242952K), 0.0061731 secs] [Times: user=0.02 sys=0.00, real=0.01 secs] 
2015-10-30T16:05:17.979+0000: 5585.159: [GC (Allocation Failure) 5585.159: [ParNew: 35846K->2470K(36288K), 0.0026575 secs] 130793K->97417K(242952K), 0.0027168 secs] [Times: user=0.01 sys=0.00, real=0.00 secs] 
2015-10-30T16:05:17.988+0000: 5585.168: [CMS-concurrent-abortable-preclean: 0.699/2.598 secs] [Times: user=1.04 sys=0.01, real=2.60 secs] 
2015-10-30T16:05:17.989+0000: 5585.169: [GC (CMS Final Remark) [YG occupancy: 9741 K (36288 K)]5585.169: [Rescan (parallel) , 0.0058800 secs]5585.175: [weak refs processing, 0.0000172 secs]5585.175: [class unloading, 0.0146135 secs]5585.190: [scrub symbol table, 0.0065888 secs]5585.196: [scrub string table, 0.0007457 secs][1 CMS-remark: 94947K(206664K)] 104688K(242952K), 0.0292725 secs] [Times: user=0.05 sys=0.00, real=0.03 secs] 
2015-10-30T16:05:18.018+0000: 5585.199: [CMS-concurrent-sweep-start]
2015-10-30T16:05:18.036+0000: 5585.217: [GC (Allocation Failure) 5585.217: [ParNew: 34790K->3203K(36288K), 0.0032154 secs] 127090K->95503K(242952K), 0.0032782 secs] [Times: user=0.01 sys=0.00, real=0.01 secs] 
2015-10-30T16:05:18.059+0000: 5585.239: [CMS-concurrent-sweep: 0.037/0.041 secs] [Times: user=0.15 sys=0.00, real=0.04 secs] 
2015-10-30T16:05:18.059+0000: 5585.239: [CMS-concurrent-reset-start]
2015-10-30T16:05:18.061+0000: 5585.242: [CMS-concurrent-reset: 0.003/0.003 secs] [Times: user=0.01 sys=0.00, real=0.00 secs] 
2015-10-30T16:05:18.064+0000: 5585.245: [GC (Allocation Failure) 5585.245: [ParNew: 35523K->3731K(36288K), 0.0048766 secs] 126765K->95713K(242952K), 0.0049203 secs] [Times: user=0.02 sys=0.00, real=0.01 secs] 
2015-10-30T16:05:18.089+0000: 5585.270: [GC (Allocation Failure) 5585.270: [ParNew: 36051K->3403K(36288K), 0.0046871 secs] 128033K->96095K(242952K), 0.0047549 secs] [Times: user=0.01 sys=0.00, real=0.00 secs] 
2015-10-30T16:05:18.113+0000: 5585.294: [GC (Allocation Failure) 5585.294: [ParNew: 35723K->2243K(36288K), 0.0035651 secs] 128415K->95568K(242952K), 0.0036268 secs] [Times: user=0.01 sys=0.00, real=0.00 secs] 
2015-10-30T16:05:18.137+0000: 5585.318: [GC (Allocation Failure) 5585.318: [ParNew: 34563K->2500K(36288K), 0.0029865 secs] 127888K->95826K(242952K), 0.0030480 secs] [Times: user=0.01 sys=0.00, real=0.00 secs] 
2015-10-30T16:05:18.172+0000: 5585.353: [GC (Allocation Failure) 5585.353: [ParNew: 32966K->3968K(36288K), 0.0033383 secs] 126291K->105766K(242952K), 0.0034303 secs] [Times: user=0.01 sys=0.00, real=0.00 secs] 
2015-10-30T16:05:18.177+0000: 5585.357: [GC (CMS Initial Mark) [1 CMS-initial-mark: 101798K(206664K)] 111083K(242952K), 0.0017899 secs] [Times: user=0.00 sys=0.00, real=0.01 secs] 
2015-10-30T16:05:18.179+0000: 5585.359: [CMS-concurrent-mark-start]
2015-10-30T16:05:18.219+0000: 5585.399: [CMS-concurrent-mark: 0.040/0.040 secs] [Times: user=0.08 sys=0.00, real=0.04 secs] 
2015-10-30T16:05:18.219+0000: 5585.399: [CMS-concurrent-preclean-start]
2015-10-30T16:05:18.220+0000: 5585.401: [CMS-concurrent-preclean: 0.001/0.001 secs] [Times: user=0.00 sys=0.00, real=0.00 secs] 
2015-10-30T16:05:18.221+0000: 5585.401: [CMS-concurrent-abortable-preclean-start]
 CMS: abort preclean due to time 2015-10-30T16:05:23.339+0000: 5590.519: [CMS-concurrent-abortable-preclean: 1.296/5.118 secs] [Times: user=1.38 sys=0.01, real=5.12 secs] 
2015-10-30T16:05:23.339+0000: 5590.519: [GC (CMS Final Remark) [YG occupancy: 25814 K (36288 K)]5590.519: [Rescan (parallel) , 0.0023747 secs]5590.522: [weak refs processing, 0.0000214 secs]5590.522: [class unloading, 0.0150712 secs]5590.537: [scrub symbol table, 0.0066887 secs]5590.544: [scrub string table, 0.0007533 secs][1 CMS-remark: 101798K(206664K)] 127612K(242952K), 0.0263885 secs] [Times: user=0.03 sys=0.00, real=0.03 secs] 
2015-10-30T16:05:23.365+0000: 5590.546: [CMS-concurrent-sweep-start]
2015-10-30T16:05:23.395+0000: 5590.575: [CMS-concurrent-sweep: 0.029/0.029 secs] [Times: user=0.03 sys=0.00, real=0.02 secs] 
2015-10-30T16:05:23.395+0000: 5590.575: [CMS-concurrent-reset-start]
2015-10-30T16:05:23.397+0000: 5590.578: [CMS-concurrent-reset: 0.002/0.002 secs] [Times: user=0.00 sys=0.00, real=0.01 secs] 
2015-10-30T16:05:25.397+0000: 5592.577: [GC (CMS Initial Mark) [1 CMS-initial-mark: 72722K(206664K)] 99419K(242952K), 0.0028047 secs] [Times: user=0.01 sys=0.00, real=0.01 secs] 
2015-10-30T16:05:25.400+0000: 5592.580: [CMS-concurrent-mark-start]
2015-10-30T16:05:25.438+0000: 5592.619: [CMS-concurrent-mark: 0.039/0.039 secs] [Times: user=0.04 sys=0.00, real=0.04 secs] 
2015-10-30T16:05:25.438+0000: 5592.619: [CMS-concurrent-preclean-start]
2015-10-30T16:05:25.441+0000: 5592.621: [CMS-concurrent-preclean: 0.002/0.002 secs] [Times: user=0.00 sys=0.00, real=0.00 secs] 
2015-10-30T16:05:25.441+0000: 5592.621: [CMS-concurrent-abortable-preclean-start]
 CMS: abort preclean due to time 2015-10-30T16:05:30.551+0000: 5597.732: [CMS-concurrent-abortable-preclean: 1.295/5.110 secs] [Times: user=1.37 sys=0.01, real=5.11 secs] 
2015-10-30T16:05:30.551+0000: 5597.732: [GC (CMS Final Remark) [YG occupancy: 29415 K (36288 K)]5597.732: [Rescan (parallel) , 0.0040078 secs]5597.736: [weak refs processing, 0.0000213 secs]5597.736: [class unloading, 0.0150965 secs]5597.751: [scrub symbol table, 0.0068066 secs]5597.758: [scrub string table, 0.0007619 secs][1 CMS-remark: 72722K(206664K)] 102137K(242952K), 0.0281815 secs] [Times: user=0.04 sys=0.00, real=0.03 secs] 
2015-10-30T16:05:30.580+0000: 5597.760: [CMS-concurrent-sweep-start]
2015-10-30T16:05:30.607+0000: 5597.787: [CMS-concurrent-sweep: 0.027/0.027 secs] [Times: user=0.03 sys=0.00, real=0.03 secs] 
2015-10-30T16:05:30.607+0000: 5597.787: [CMS-concurrent-reset-start]
2015-10-30T16:05:30.609+0000: 5597.790: [CMS-concurrent-reset: 0.003/0.003 secs] [Times: user=0.00 sys=0.00, real=0.00 secs] 
2015-10-30T16:05:32.609+0000: 5599.789: [GC (CMS Initial Mark) [1 CMS-initial-mark: 67051K(206664K)] 96842K(242952K), 0.0036303 secs] [Times: user=0.02 sys=0.00, real=0.00 secs] 
2015-10-30T16:05:32.612+0000: 5599.793: [CMS-concurrent-mark-start]
2015-10-30T16:05:32.652+0000: 5599.833: [CMS-concurrent-mark: 0.040/0.040 secs] [Times: user=0.04 sys=0.00, real=0.04 secs] 
2015-10-30T16:05:32.652+0000: 5599.833: [CMS-concurrent-preclean-start]
2015-10-30T16:05:32.655+0000: 5599.835: [CMS-concurrent-preclean: 0.002/0.002 secs] [Times: user=0.00 sys=0.00, real=0.00 secs] 
2015-10-30T16:05:32.655+0000: 5599.835: [CMS-concurrent-abortable-preclean-start]
2015-10-30T16:05:32.691+0000: 5599.871: [GC (Allocation Failure) 5599.871: [ParNew: 36251K->3968K(36288K), 0.0031846 secs] 103302K->76743K(242952K), 0.0032657 secs] [Times: user=0.01 sys=0.00, real=0.00 secs] 
2015-10-30T16:05:32.728+0000: 5599.908: [GC (Allocation Failure) 5599.908: [ParNew: 36288K->3968K(36288K), 0.0172587 secs] 109063K->89565K(242952K), 0.0173454 secs] [Times: user=0.05 sys=0.00, real=0.02 secs] 
2015-10-30T16:05:32.767+0000: 5599.948: [GC (Allocation Failure) 5599.948: [ParNew: 36288K->2989K(36288K), 0.0062565 secs] 121885K->92566K(242952K), 0.0063432 secs] [Times: user=0.02 sys=0.00, real=0.00 secs] 
2015-10-30T16:05:32.775+0000: 5599.956: [CMS-concurrent-abortable-preclean: 0.044/0.120 secs] [Times: user=0.26 sys=0.00, real=0.12 secs] 
2015-10-30T16:05:32.776+0000: 5599.956: [GC (CMS Final Remark) [YG occupancy: 5864 K (36288 K)]5599.956: [Rescan (parallel) , 0.0101967 secs]5599.966: [weak refs processing, 0.0000175 secs]5599.966: [class unloading, 0.0147890 secs]5599.981: [scrub symbol table, 0.0066554 secs]5599.988: [scrub string table, 0.0007506 secs][1 CMS-remark: 89577K(206664K)] 95442K(242952K), 0.0338590 secs] [Times: user=0.06 sys=0.00, real=0.04 secs] 
2015-10-30T16:05:32.810+0000: 5599.990: [CMS-concurrent-sweep-start]
2015-10-30T16:05:32.831+0000: 5600.012: [GC (Allocation Failure) 5600.012: [ParNew: 35309K->2139K(36288K), 0.0027389 secs] 124884K->91714K(242952K), 0.0027986 secs] [Times: user=0.01 sys=0.00, real=0.00 secs] 
2015-10-30T16:05:32.838+0000: 5600.018: [CMS-concurrent-sweep: 0.025/0.028 secs] [Times: user=0.10 sys=0.00, real=0.03 secs] 
2015-10-30T16:05:32.838+0000: 5600.018: [CMS-concurrent-reset-start]
2015-10-30T16:05:32.840+0000: 5600.021: [CMS-concurrent-reset: 0.003/0.003 secs] [Times: user=0.01 sys=0.00, real=0.00 secs] 
2015-10-30T16:05:32.857+0000: 5600.038: [GC (Allocation Failure) 5600.038: [ParNew: 34459K->3104K(36288K), 0.0031736 secs] 124001K->92646K(242952K), 0.0032413 secs] [Times: user=0.01 sys=0.00, real=0.00 secs] 
2015-10-30T16:05:32.881+0000: 5600.062: [GC (Allocation Failure) 5600.062: [ParNew: 35424K->3104K(36288K), 0.0054891 secs] 124966K->93388K(242952K), 0.0055513 secs] [Times: user=0.02 sys=0.00, real=0.01 secs] 
2015-10-30T16:05:32.907+0000: 5600.088: [GC (Allocation Failure) 5600.088: [ParNew: 35424K->3184K(36288K), 0.0043237 secs] 125708K->94198K(242952K), 0.0043890 secs] [Times: user=0.02 sys=0.00, real=0.00 secs] 
2015-10-30T16:05:32.930+0000: 5600.110: [GC (Allocation Failure) 5600.110: [ParNew: 35504K->2617K(36288K), 0.0037344 secs] 126518K->94266K(242952K), 0.0038081 secs] [Times: user=0.01 sys=0.00, real=0.00 secs] 
2015-10-30T16:05:32.954+0000: 5600.134: [GC (Allocation Failure) 5600.134: [ParNew: 34937K->2192K(36288K), 0.0025381 secs] 126586K->93841K(242952K), 0.0026001 secs] [Times: user=0.01 sys=0.00, real=0.00 secs] 
2015-10-30T16:05:32.990+0000: 5600.171: [GC (Allocation Failure) 5600.171: [ParNew: 34185K->3968K(36288K), 0.0041131 secs] 125834K->103803K(242952K), 0.0041976 secs] [Times: user=0.01 sys=0.00, real=0.00 secs] 
2015-10-30T16:05:32.996+0000: 5600.176: [GC (CMS Initial Mark) [1 CMS-initial-mark: 99835K(206664K)] 109121K(242952K), 0.0018428 secs] [Times: user=0.01 sys=0.00, real=0.01 secs] 
2015-10-30T16:05:32.998+0000: 5600.178: [CMS-concurrent-mark-start]
2015-10-30T16:05:33.058+0000: 5600.239: [CMS-concurrent-mark: 0.061/0.061 secs] [Times: user=0.12 sys=0.00, real=0.06 secs] 
2015-10-30T16:05:33.058+0000: 5600.239: [CMS-concurrent-preclean-start]
2015-10-30T16:05:33.061+0000: 5600.241: [CMS-concurrent-preclean: 0.002/0.003 secs] [Times: user=0.00 sys=0.00, real=0.00 secs] 
2015-10-30T16:05:33.061+0000: 5600.241: [CMS-concurrent-abortable-preclean-start]
 CMS: abort preclean due to time 2015-10-30T16:05:38.068+0000: 5605.249: [CMS-concurrent-abortable-preclean: 1.210/5.007 secs] [Times: user=1.32 sys=0.01, real=5.01 secs] 
2015-10-30T16:05:38.069+0000: 5605.249: [GC (CMS Final Remark) [YG occupancy: 27343 K (36288 K)]5605.249: [Rescan (parallel) , 0.0027462 secs]5605.252: [weak refs processing, 0.0000167 secs]5605.252: [class unloading, 0.0146927 secs]5605.267: [scrub symbol table, 0.0065855 secs]5605.273: [scrub string table, 0.0007546 secs][1 CMS-remark: 99835K(206664K)] 127179K(242952K), 0.0262183 secs] [Times: user=0.03 sys=0.00, real=0.02 secs] 
2015-10-30T16:05:38.095+0000: 5605.276: [CMS-concurrent-sweep-start]
2015-10-30T16:05:38.118+0000: 5605.299: [CMS-concurrent-sweep: 0.023/0.023 secs] [Times: user=0.02 sys=0.00, real=0.03 secs] 
2015-10-30T16:05:38.118+0000: 5605.299: [CMS-concurrent-reset-start]
2015-10-30T16:05:38.121+0000: 5605.301: [CMS-concurrent-reset: 0.002/0.002 secs] [Times: user=0.01 sys=0.00, real=0.00 secs] 
2015-10-30T16:05:40.120+0000: 5607.300: [GC (CMS Initial Mark) [1 CMS-initial-mark: 72000K(206664K)] 100062K(242952K), 0.0032907 secs] [Times: user=0.00 sys=0.00, real=0.00 secs] 
2015-10-30T16:05:40.123+0000: 5607.304: [CMS-concurrent-mark-start]
2015-10-30T16:05:40.162+0000: 5607.342: [CMS-concurrent-mark: 0.038/0.038 secs] [Times: user=0.04 sys=0.00, real=0.04 secs] 
2015-10-30T16:05:40.162+0000: 5607.342: [CMS-concurrent-preclean-start]
2015-10-30T16:05:40.164+0000: 5607.345: [CMS-concurrent-preclean: 0.002/0.002 secs] [Times: user=0.01 sys=0.00, real=0.00 secs] 
2015-10-30T16:05:40.164+0000: 5607.345: [CMS-concurrent-abortable-preclean-start]
2015-10-30T16:05:42.640+0000: 5609.820: [GC (Allocation Failure) 5609.820: [ParNew: 36261K->3968K(36288K), 0.0059976 secs] 108262K->84351K(242952K), 0.0060823 secs] [Times: user=0.02 sys=0.00, real=0.01 secs] 
2015-10-30T16:05:42.686+0000: 5609.866: [GC (Allocation Failure) 5609.866: [ParNew: 36288K->3968K(36288K), 0.0141291 secs] 116671K->96639K(242952K), 0.0142041 secs] [Times: user=0.05 sys=0.00, real=0.01 secs] 
2015-10-30T16:05:42.721+0000: 5609.902: [GC (Allocation Failure) 5609.902: [ParNew: 36288K->3152K(36288K), 0.0058015 secs] 128959K->99754K(242952K), 0.0058663 secs] [Times: user=0.02 sys=0.00, real=0.01 secs] 
2015-10-30T16:05:42.728+0000: 5609.909: [CMS-concurrent-abortable-preclean: 0.624/2.564 secs] [Times: user=0.89 sys=0.01, real=2.57 secs] 
2015-10-30T16:05:42.733+0000: 5609.914: [GC (CMS Final Remark) [YG occupancy: 5265 K (36288 K)]5609.914: [Rescan (parallel) , 0.0088528 secs]5609.923: [weak refs processing, 0.0000157 secs]5609.923: [class unloading, 0.0146877 secs]5609.937: [scrub symbol table, 0.0066673 secs]5609.944: [scrub string table, 0.0007451 secs][1 CMS-remark: 96602K(206664K)] 101868K(242952K), 0.0324091 secs] [Times: user=0.06 sys=0.00, real=0.04 secs] 
2015-10-30T16:05:42.781+0000: 5609.962: [CMS-concurrent-sweep-start]
2015-10-30T16:05:42.782+0000: 5609.963: [GC (Allocation Failure) 5609.963: [ParNew: 35472K->2047K(36288K), 0.0025151 secs] 132074K->98650K(242952K), 0.0025713 secs] [Times: user=0.01 sys=0.00, real=0.00 secs] 
2015-10-30T16:05:42.807+0000: 5609.988: [GC (Allocation Failure) 5609.988: [ParNew: 34367K->2838K(36288K), 0.0032836 secs] 128852K->97323K(242952K), 0.0033411 secs] [Times: user=0.01 sys=0.00, real=0.00 secs] 
2015-10-30T16:05:42.813+0000: 5609.993: [CMS-concurrent-sweep: 0.025/0.032 secs] [Times: user=0.12 sys=0.00, real=0.03 secs] 
2015-10-30T16:05:42.813+0000: 5609.993: [CMS-concurrent-reset-start]
2015-10-30T16:05:42.815+0000: 5609.996: [CMS-concurrent-reset: 0.003/0.003 secs] [Times: user=0.01 sys=0.00, real=0.00 secs] 
2015-10-30T16:05:42.831+0000: 5610.012: [GC (Allocation Failure) 5610.012: [ParNew: 35158K->3403K(36288K), 0.0044815 secs] 128585K->97563K(242952K), 0.0045507 secs] [Times: user=0.01 sys=0.00, real=0.00 secs] 
2015-10-30T16:05:42.857+0000: 5610.038: [GC (Allocation Failure) 5610.038: [ParNew: 35723K->2990K(36288K), 0.0046118 secs] 129883K->97848K(242952K), 0.0046791 secs] [Times: user=0.02 sys=0.00, real=0.00 secs] 
2015-10-30T16:05:42.882+0000: 5610.062: [GC (Allocation Failure) 5610.062: [ParNew: 35310K->2713K(36288K), 0.0040464 secs] 130168K->98142K(242952K), 0.0041071 secs] [Times: user=0.02 sys=0.00, real=0.01 secs] 
2015-10-30T16:05:42.904+0000: 5610.085: [GC (Allocation Failure) 5610.085: [ParNew: 35033K->2263K(36288K), 0.0024550 secs] 130462K->97693K(242952K), 0.0025154 secs] [Times: user=0.01 sys=0.00, real=0.01 secs] 
2015-10-30T16:05:42.939+0000: 5610.119: [GC (Allocation Failure) 5610.119: [ParNew: 32079K->3968K(36288K), 0.0033302 secs] 127509K->107897K(242952K), 0.0034135 secs] [Times: user=0.01 sys=0.00, real=0.00 secs] 
2015-10-30T16:05:42.943+0000: 5610.124: [GC (CMS Initial Mark) [1 CMS-initial-mark: 103929K(206664K)] 113224K(242952K), 0.0017684 secs] [Times: user=0.01 sys=0.00, real=0.01 secs] 
2015-10-30T16:05:42.945+0000: 5610.126: [CMS-concurrent-mark-start]
2015-10-30T16:05:43.004+0000: 5610.184: [CMS-concurrent-mark: 0.058/0.058 secs] [Times: user=0.11 sys=0.00, real=0.05 secs] 
2015-10-30T16:05:43.004+0000: 5610.184: [CMS-concurrent-preclean-start]
2015-10-30T16:05:43.006+0000: 5610.186: [CMS-concurrent-preclean: 0.002/0.002 secs] [Times: user=0.01 sys=0.00, real=0.01 secs] 
2015-10-30T16:05:43.006+0000: 5610.186: [CMS-concurrent-abortable-preclean-start]
 CMS: abort preclean due to time 2015-10-30T16:05:48.077+0000: 5615.257: [CMS-concurrent-abortable-preclean: 1.393/5.071 secs] [Times: user=1.50 sys=0.01, real=5.06 secs] 
2015-10-30T16:05:48.077+0000: 5615.257: [GC (CMS Final Remark) [YG occupancy: 27306 K (36288 K)]5615.257: [Rescan (parallel) , 0.0035228 secs]5615.261: [weak refs processing, 0.0000217 secs]5615.261: [class unloading, 0.0153744 secs]5615.276: [scrub symbol table, 0.0066787 secs]5615.283: [scrub string table, 0.0007705 secs][1 CMS-remark: 103929K(206664K)] 131236K(242952K), 0.0278438 secs] [Times: user=0.03 sys=0.00, real=0.03 secs] 
2015-10-30T16:05:48.105+0000: 5615.285: [CMS-concurrent-sweep-start]
2015-10-30T16:05:48.130+0000: 5615.311: [CMS-concurrent-sweep: 0.025/0.025 secs] [Times: user=0.02 sys=0.00, real=0.03 secs] 
2015-10-30T16:05:48.130+0000: 5615.311: [CMS-concurrent-reset-start]
2015-10-30T16:05:48.133+0000: 5615.313: [CMS-concurrent-reset: 0.002/0.002 secs] [Times: user=0.00 sys=0.00, real=0.00 secs] 
2015-10-30T16:05:50.132+0000: 5617.313: [GC (CMS Initial Mark) [1 CMS-initial-mark: 72230K(206664K)] 100279K(242952K), 0.0030914 secs] [Times: user=0.01 sys=0.00, real=0.00 secs] 
2015-10-30T16:05:50.136+0000: 5617.316: [CMS-concurrent-mark-start]
2015-10-30T16:05:50.174+0000: 5617.354: [CMS-concurrent-mark: 0.038/0.038 secs] [Times: user=0.04 sys=0.00, real=0.04 secs] 
2015-10-30T16:05:50.174+0000: 5617.354: [CMS-concurrent-preclean-start]
2015-10-30T16:05:50.176+0000: 5617.357: [CMS-concurrent-preclean: 0.002/0.002 secs] [Times: user=0.00 sys=0.00, real=0.00 secs] 
2015-10-30T16:05:50.176+0000: 5617.357: [CMS-concurrent-abortable-preclean-start]
2015-10-30T16:05:52.632+0000: 5619.812: [GC (Allocation Failure) 5619.813: [ParNew: 36288K->3968K(36288K), 0.0066822 secs] 108518K->84852K(242952K), 0.0067753 secs] [Times: user=0.03 sys=0.00, real=0.01 secs] 
2015-10-30T16:05:52.672+0000: 5619.852: [GC (Allocation Failure) 5619.852: [ParNew: 36288K->3968K(36288K), 0.0146641 secs] 117172K->97070K(242952K), 0.0147465 secs] [Times: user=0.05 sys=0.00, real=0.02 secs] 
2015-10-30T16:05:52.708+0000: 5619.888: [GC (Allocation Failure) 5619.888: [ParNew: 36288K->3294K(36288K), 0.0060561 secs] 129390K->100351K(242952K), 0.0061214 secs] [Times: user=0.02 sys=0.00, real=0.00 secs] 
2015-10-30T16:05:52.739+0000: 5619.919: [GC (Allocation Failure) 5619.919: [ParNew: 35614K->2085K(36288K), 0.0025811 secs] 132671K->99142K(242952K), 0.0026459 secs] [Times: user=0.01 sys=0.00, real=0.00 secs] 
2015-10-30T16:05:52.746+0000: 5619.926: [CMS-concurrent-abortable-preclean: 0.622/2.569 secs] [Times: user=0.94 sys=0.02, real=2.58 secs] 
2015-10-30T16:05:52.747+0000: 5619.927: [GC (CMS Final Remark) [YG occupancy: 8498 K (36288 K)]5619.927: [Rescan (parallel) , 0.0049139 secs]5619.932: [weak refs processing, 0.0000194 secs]5619.932: [class unloading, 0.0146608 secs]5619.947: [scrub symbol table, 0.0066250 secs]5619.954: [scrub string table, 0.0007604 secs][1 CMS-remark: 97057K(206664K)] 105555K(242952K), 0.0283885 secs] [Times: user=0.04 sys=0.00, real=0.02 secs] 
2015-10-30T16:05:52.775+0000: 5619.956: [CMS-concurrent-sweep-start]
2015-10-30T16:05:52.794+0000: 5619.974: [GC (Allocation Failure) 5619.974: [ParNew: 34405K->2774K(36288K), 0.0037385 secs] 129857K->98226K(242952K), 0.0037965 secs] [Times: user=0.01 sys=0.00, real=0.01 secs] 
2015-10-30T16:05:52.805+0000: 5619.986: [CMS-concurrent-sweep: 0.026/0.030 secs] [Times: user=0.11 sys=0.00, real=0.04 secs] 
2015-10-30T16:05:52.805+0000: 5619.986: [CMS-concurrent-reset-start]
2015-10-30T16:05:52.808+0000: 5619.988: [CMS-concurrent-reset: 0.003/0.003 secs] [Times: user=0.01 sys=0.00, real=0.00 secs] 
2015-10-30T16:05:52.821+0000: 5620.002: [GC (Allocation Failure) 5620.002: [ParNew: 35094K->3332K(36288K), 0.0045883 secs] 128463K->97415K(242952K), 0.0046559 secs] [Times: user=0.01 sys=0.00, real=0.01 secs] 
2015-10-30T16:05:52.845+0000: 5620.026: [GC (Allocation Failure) 5620.026: [ParNew: 35652K->3107K(36288K), 0.0047060 secs] 129735K->97921K(242952K), 0.0047682 secs] [Times: user=0.01 sys=0.00, real=0.00 secs] 
2015-10-30T16:05:52.869+0000: 5620.049: [GC (Allocation Failure) 5620.049: [ParNew: 35427K->2738K(36288K), 0.0035448 secs] 130241K->98116K(242952K), 0.0036036 secs] [Times: user=0.01 sys=0.00, real=0.00 secs] 
2015-10-30T16:05:52.891+0000: 5620.071: [GC (Allocation Failure) 5620.071: [ParNew: 35058K->1965K(36288K), 0.0029168 secs] 130436K->97343K(242952K), 0.0029747 secs] [Times: user=0.00 sys=0.00, real=0.00 secs] 
2015-10-30T16:05:52.925+0000: 5620.106: [GC (Allocation Failure) 5620.106: [ParNew: 31500K->3968K(36288K), 0.0040438 secs] 126878K->107554K(242952K), 0.0041200 secs] [Times: user=0.01 sys=0.00, real=0.00 secs] 
2015-10-30T16:05:52.931+0000: 5620.111: [GC (CMS Initial Mark) [1 CMS-initial-mark: 103586K(206664K)] 112884K(242952K), 0.0020140 secs] [Times: user=0.00 sys=0.00, real=0.00 secs] 
2015-10-30T16:05:52.933+0000: 5620.113: [CMS-concurrent-mark-start]
2015-10-30T16:05:52.972+0000: 5620.153: [CMS-concurrent-mark: 0.039/0.039 secs] [Times: user=0.08 sys=0.01, real=0.04 secs] 
2015-10-30T16:05:52.972+0000: 5620.153: [CMS-concurrent-preclean-start]
2015-10-30T16:05:52.974+0000: 5620.154: [CMS-concurrent-preclean: 0.002/0.002 secs] [Times: user=0.00 sys=0.00, real=0.00 secs] 
2015-10-30T16:05:52.974+0000: 5620.154: [CMS-concurrent-abortable-preclean-start]
 CMS: abort preclean due to time 2015-10-30T16:05:58.020+0000: 5625.201: [CMS-concurrent-abortable-preclean: 1.153/5.046 secs] [Times: user=1.27 sys=0.00, real=5.05 secs] 
2015-10-30T16:05:58.020+0000: 5625.201: [GC (CMS Final Remark) [YG occupancy: 27244 K (36288 K)]5625.201: [Rescan (parallel) , 0.0027693 secs]5625.204: [weak refs processing, 0.0000165 secs]5625.204: [class unloading, 0.0148641 secs]5625.219: [scrub symbol table, 0.0065871 secs]5625.225: [scrub string table, 0.0007605 secs][1 CMS-remark: 103586K(206664K)] 130830K(242952K), 0.0264547 secs] [Times: user=0.04 sys=0.00, real=0.03 secs] 
2015-10-30T16:05:58.047+0000: 5625.227: [CMS-concurrent-sweep-start]
2015-10-30T16:05:58.073+0000: 5625.253: [CMS-concurrent-sweep: 0.026/0.026 secs] [Times: user=0.02 sys=0.00, real=0.02 secs] 
2015-10-30T16:05:58.073+0000: 5625.253: [CMS-concurrent-reset-start]
2015-10-30T16:05:58.075+0000: 5625.256: [CMS-concurrent-reset: 0.002/0.002 secs] [Times: user=0.00 sys=0.00, real=0.00 secs] 
2015-10-30T16:06:00.049+0000: 5627.230: [GC (Allocation Failure) 5627.230: [ParNew: 36288K->3968K(36288K), 0.0062910 secs] 109695K->82323K(242952K), 0.0063641 secs] [Times: user=0.03 sys=0.00, real=0.00 secs] 
2015-10-30T16:06:00.075+0000: 5627.256: [GC (Allocation Failure) 5627.256: [ParNew: 36288K->3968K(36288K), 0.0174765 secs] 114643K->96106K(242952K), 0.0175605 secs] [Times: user=0.06 sys=0.00, real=0.02 secs] 
2015-10-30T16:06:00.109+0000: 5627.290: [GC (Allocation Failure) 5627.290: [ParNew: 36288K->3968K(36288K), 0.0116224 secs] 128426K->101783K(242952K), 0.0117113 secs] [Times: user=0.04 sys=0.00, real=0.01 secs] 
2015-10-30T16:06:00.139+0000: 5627.319: [GC (Allocation Failure) 5627.319: [ParNew: 36288K->3968K(36288K), 0.0089710 secs] 134103K->105343K(242952K), 0.0090601 secs] [Times: user=0.03 sys=0.00, real=0.01 secs] 
2015-10-30T16:06:00.165+0000: 5627.346: [GC (Allocation Failure) 5627.346: [ParNew: 36288K->2851K(36288K), 0.0062904 secs] 137663K->106015K(242952K), 0.0063773 secs] [Times: user=0.02 sys=0.00, real=0.00 secs] 
2015-10-30T16:06:00.189+0000: 5627.370: [GC (Allocation Failure) 5627.370: [ParNew: 34367K->3968K(36288K), 0.0049806 secs] 137531K->107731K(242952K), 0.0050654 secs] [Times: user=0.02 sys=0.01, real=0.00 secs] 
2015-10-30T16:06:00.231+0000: 5627.412: [GC (Allocation Failure) 5627.412: [ParNew: 36285K->3968K(36288K), 0.0066563 secs] 140049K->109551K(242952K), 0.0067378 secs] [Times: user=0.02 sys=0.00, real=0.01 secs] 
2015-10-30T16:06:00.238+0000: 5627.419: [GC (CMS Initial Mark) [1 CMS-initial-mark: 105583K(206664K)] 110268K(242952K), 0.0018152 secs] [Times: user=0.00 sys=0.00, real=0.00 secs] 
2015-10-30T16:06:00.240+0000: 5627.421: [CMS-concurrent-mark-start]
2015-10-30T16:06:00.277+0000: 5627.458: [GC (Allocation Failure) 5627.458: [ParNew: 36288K->3968K(36288K), 0.0103056 secs] 141871K->113850K(242952K), 0.0103887 secs] [Times: user=0.03 sys=0.00, real=0.01 secs] 
2015-10-30T16:06:00.311+0000: 5627.491: [GC (Allocation Failure) 5627.491: [ParNew: 36288K->3968K(36288K), 0.0073244 secs] 146170K->116863K(242952K), 0.0074057 secs] [Times: user=0.03 sys=0.00, real=0.01 secs] 
2015-10-30T16:06:00.329+0000: 5627.510: [CMS-concurrent-mark: 0.070/0.089 secs] [Times: user=0.29 sys=0.02, real=0.09 secs] 
2015-10-30T16:06:00.330+0000: 5627.510: [CMS-concurrent-preclean-start]
2015-10-30T16:06:00.342+0000: 5627.523: [CMS-concurrent-preclean: 0.011/0.013 secs] [Times: user=0.05 sys=0.01, real=0.01 secs] 
2015-10-30T16:06:00.342+0000: 5627.523: [CMS-concurrent-abortable-preclean-start]
2015-10-30T16:06:00.345+0000: 5627.526: [GC (Allocation Failure) 5627.526: [ParNew: 36288K->3968K(36288K), 0.0092604 secs] 149183K->121200K(242952K), 0.0093223 secs] [Times: user=0.03 sys=0.00, real=0.00 secs] 
2015-10-30T16:06:00.385+0000: 5627.566: [GC (Allocation Failure) 5627.566: [ParNew: 36288K->3968K(36288K), 0.0081654 secs] 153520K->124538K(242952K), 0.0082400 secs] [Times: user=0.02 sys=0.01, real=0.00 secs] 
2015-10-30T16:06:00.400+0000: 5627.581: [CMS-concurrent-abortable-preclean: 0.035/0.058 secs] [Times: user=0.17 sys=0.01, real=0.06 secs] 
2015-10-30T16:06:00.401+0000: 5627.582: [GC (CMS Final Remark) [YG occupancy: 17153 K (36288 K)]5627.582: [Rescan (parallel) , 0.0092972 secs]5627.591: [weak refs processing, 0.0000223 secs]5627.591: [class unloading, 0.0149034 secs]5627.606: [scrub symbol table, 0.0066385 secs]5627.613: [scrub string table, 0.0007547 secs][1 CMS-remark: 120570K(206664K)] 137723K(242952K), 0.0330957 secs] [Times: user=0.05 sys=0.00, real=0.03 secs] 
2015-10-30T16:06:00.435+0000: 5627.615: [CMS-concurrent-sweep-start]
2015-10-30T16:06:00.451+0000: 5627.631: [GC (Allocation Failure) 5627.631: [ParNew: 36288K->3381K(36288K), 0.0060815 secs] 140549K->110543K(242952K), 0.0061478 secs] [Times: user=0.02 sys=0.00, real=0.00 secs] 
2015-10-30T16:06:00.483+0000: 5627.663: [CMS-concurrent-sweep: 0.042/0.048 secs] [Times: user=0.15 sys=0.00, real=0.05 secs] 
2015-10-30T16:06:00.483+0000: 5627.664: [CMS-concurrent-reset-start]
2015-10-30T16:06:00.486+0000: 5627.666: [CMS-concurrent-reset: 0.003/0.003 secs] [Times: user=0.00 sys=0.00, real=0.01 secs] 
2015-10-30T16:06:02.486+0000: 5629.666: [GC (CMS Initial Mark) [1 CMS-initial-mark: 81768K(206664K)] 105565K(242952K), 0.0076673 secs] [Times: user=0.03 sys=0.00, real=0.00 secs] 
2015-10-30T16:06:02.493+0000: 5629.674: [CMS-concurrent-mark-start]
2015-10-30T16:06:02.529+0000: 5629.710: [CMS-concurrent-mark: 0.036/0.036 secs] [Times: user=0.04 sys=0.00, real=0.04 secs] 
2015-10-30T16:06:02.529+0000: 5629.710: [CMS-concurrent-preclean-start]
2015-10-30T16:06:02.532+0000: 5629.713: [CMS-concurrent-preclean: 0.003/0.003 secs] [Times: user=0.00 sys=0.00, real=0.00 secs] 
2015-10-30T16:06:02.532+0000: 5629.713: [CMS-concurrent-abortable-preclean-start]
2015-10-30T16:06:02.589+0000: 5629.769: [GC (Allocation Failure) 5629.769: [ParNew: 35701K->3968K(36288K), 0.0061809 secs] 117470K->86548K(242952K), 0.0062605 secs] [Times: user=0.03 sys=0.00, real=0.00 secs] 
2015-10-30T16:06:02.650+0000: 5629.830: [GC (GCLocker Initiated GC) 5629.830: [ParNew: 36288K->3798K(36288K), 0.0120162 secs] 120248K->90447K(242952K), 0.0121067 secs] [Times: user=0.04 sys=0.00, real=0.01 secs] 
2015-10-30T16:06:02.678+0000: 5629.858: [CMS-concurrent-abortable-preclean: 0.071/0.145 secs] [Times: user=0.40 sys=0.04, real=0.15 secs] 
2015-10-30T16:06:02.679+0000: 5629.859: [GC (CMS Final Remark) [YG occupancy: 20979 K (36288 K)]5629.859: [Rescan (parallel) , 0.0087259 secs]5629.868: [weak refs processing, 0.0000191 secs]5629.868: [class unloading, 0.0149638 secs]5629.883: [scrub symbol table, 0.0066861 secs]5629.890: [scrub string table, 0.0007603 secs][1 CMS-remark: 86649K(206664K)] 107628K(242952K), 0.0326125 secs] [Times: user=0.05 sys=0.00, real=0.03 secs] 
2015-10-30T16:06:02.711+0000: 5629.892: [CMS-concurrent-sweep-start]
2015-10-30T16:06:02.729+0000: 5629.909: [GC (Allocation Failure) 5629.909: [ParNew: 36118K->3968K(36288K), 0.0091699 secs] 117040K->87763K(242952K), 0.0092517 secs] [Times: user=0.03 sys=0.00, real=0.01 secs] 
2015-10-30T16:06:02.796+0000: 5629.976: [CMS-concurrent-sweep: 0.075/0.084 secs] [Times: user=0.26 sys=0.00, real=0.08 secs] 
2015-10-30T16:06:02.796+0000: 5629.976: [CMS-concurrent-reset-start]
2015-10-30T16:06:02.798+0000: 5629.979: [CMS-concurrent-reset: 0.003/0.003 secs] [Times: user=0.01 sys=0.00, real=0.01 secs] 
2015-10-30T16:06:12.639+0000: 5639.820: [GC (Allocation Failure) 5639.820: [ParNew: 36288K->3968K(36288K), 0.0120970 secs] 108688K->86863K(242952K), 0.0121925 secs] [Times: user=0.04 sys=0.00, real=0.01 secs] 
2015-10-30T16:06:12.684+0000: 5639.865: [GC (Allocation Failure) 5639.865: [ParNew: 36288K->3968K(36288K), 0.0192527 secs] 119183K->99834K(242952K), 0.0193421 secs] [Times: user=0.06 sys=0.00, real=0.02 secs] 
2015-10-30T16:06:12.723+0000: 5639.904: [GC (Allocation Failure) 5639.904: [ParNew: 36288K->3886K(36288K), 0.0061346 secs] 132154K->103740K(242952K), 0.0062107 secs] [Times: user=0.02 sys=0.00, real=0.01 secs] 
2015-10-30T16:06:12.748+0000: 5639.928: [GC (Allocation Failure) 5639.928: [ParNew: 36206K->2083K(36288K), 0.0030456 secs] 136060K->101937K(242952K), 0.0031053 secs] [Times: user=0.01 sys=0.00, real=0.00 secs] 
2015-10-30T16:06:12.770+0000: 5639.951: [GC (Allocation Failure) 5639.951: [ParNew: 34403K->3242K(36288K), 0.0036216 secs] 134257K->103095K(242952K), 0.0036872 secs] [Times: user=0.01 sys=0.00, real=0.00 secs] 
2015-10-30T16:06:12.798+0000: 5639.979: [GC (Allocation Failure) 5639.979: [ParNew: 35562K->2657K(36288K), 0.0041568 secs] 135415K->103261K(242952K), 0.0042242 secs] [Times: user=0.02 sys=0.00, real=0.00 secs] 
2015-10-30T16:06:12.825+0000: 5640.006: [GC (Allocation Failure) 5640.006: [ParNew: 34977K->2547K(36288K), 0.0046655 secs] 135581K->103855K(242952K), 0.0047423 secs] [Times: user=0.02 sys=0.00, real=0.00 secs] 
2015-10-30T16:06:12.848+0000: 5640.029: [GC (Allocation Failure) 5640.029: [ParNew: 34867K->2788K(36288K), 0.0035174 secs] 136175K->104659K(242952K), 0.0035820 secs] [Times: user=0.01 sys=0.00, real=0.00 secs] 
2015-10-30T16:06:12.873+0000: 5640.054: [GC (Allocation Failure) 5640.054: [ParNew: 35108K->2334K(36288K), 0.0031187 secs] 136979K->104204K(242952K), 0.0031811 secs] [Times: user=0.01 sys=0.00, real=0.00 secs] 
2015-10-30T16:06:12.909+0000: 5640.089: [GC (Allocation Failure) 5640.089: [ParNew: 32986K->3968K(36288K), 0.0042523 secs] 134857K->114147K(242952K), 0.0043325 secs] [Times: user=0.01 sys=0.00, real=0.00 secs] 
2015-10-30T16:06:12.914+0000: 5640.095: [GC (CMS Initial Mark) [1 CMS-initial-mark: 110179K(206664K)] 119488K(242952K), 0.0018302 secs] [Times: user=0.01 sys=0.00, real=0.00 secs] 
2015-10-30T16:06:12.916+0000: 5640.097: [CMS-concurrent-mark-start]
2015-10-30T16:06:12.957+0000: 5640.137: [CMS-concurrent-mark: 0.041/0.041 secs] [Times: user=0.08 sys=0.00, real=0.04 secs] 
2015-10-30T16:06:12.957+0000: 5640.137: [CMS-concurrent-preclean-start]
2015-10-30T16:06:12.958+0000: 5640.139: [CMS-concurrent-preclean: 0.002/0.002 secs] [Times: user=0.00 sys=0.00, real=0.01 secs] 
2015-10-30T16:06:12.958+0000: 5640.139: [CMS-concurrent-abortable-preclean-start]
 CMS: abort preclean due to time 2015-10-30T16:06:17.970+0000: 5645.150: [CMS-concurrent-abortable-preclean: 1.329/5.012 secs] [Times: user=1.43 sys=0.00, real=5.01 secs] 
2015-10-30T16:06:17.970+0000: 5645.151: [GC (CMS Final Remark) [YG occupancy: 26990 K (36288 K)]5645.151: [Rescan (parallel) , 0.0023493 secs]5645.153: [weak refs processing, 0.0000210 secs]5645.153: [class unloading, 0.0152911 secs]5645.168: [scrub symbol table, 0.0067367 secs]5645.175: [scrub string table, 0.0007583 secs][1 CMS-remark: 110179K(206664K)] 137170K(242952K), 0.0266383 secs] [Times: user=0.04 sys=0.00, real=0.02 secs] 
2015-10-30T16:06:17.997+0000: 5645.178: [CMS-concurrent-sweep-start]
2015-10-30T16:06:18.030+0000: 5645.210: [CMS-concurrent-sweep: 0.033/0.033 secs] [Times: user=0.03 sys=0.01, real=0.04 secs] 
2015-10-30T16:06:18.030+0000: 5645.210: [CMS-concurrent-reset-start]
2015-10-30T16:06:18.032+0000: 5645.213: [CMS-concurrent-reset: 0.002/0.002 secs] [Times: user=0.00 sys=0.00, real=0.00 secs] 
2015-10-30T16:06:20.032+0000: 5647.212: [GC (CMS Initial Mark) [1 CMS-initial-mark: 70652K(206664K)] 98352K(242952K), 0.0027723 secs] [Times: user=0.01 sys=0.00, real=0.00 secs] 
2015-10-30T16:06:20.035+0000: 5647.215: [CMS-concurrent-mark-start]
2015-10-30T16:06:20.073+0000: 5647.253: [CMS-concurrent-mark: 0.038/0.038 secs] [Times: user=0.04 sys=0.00, real=0.04 secs] 
2015-10-30T16:06:20.073+0000: 5647.253: [CMS-concurrent-preclean-start]
2015-10-30T16:06:20.075+0000: 5647.255: [CMS-concurrent-preclean: 0.002/0.002 secs] [Times: user=0.00 sys=0.00, real=0.00 secs] 
2015-10-30T16:06:20.075+0000: 5647.255: [CMS-concurrent-abortable-preclean-start]
2015-10-30T16:06:22.690+0000: 5649.870: [GC (Allocation Failure) 5649.870: [ParNew: 36256K->3967K(36288K), 0.0053855 secs] 106909K->83364K(242952K), 0.0054674 secs] [Times: user=0.02 sys=0.00, real=0.00 secs] 
2015-10-30T16:06:22.727+0000: 5649.908: [GC (Allocation Failure) 5649.908: [ParNew: 36287K->3968K(36288K), 0.0137383 secs] 115684K->94556K(242952K), 0.0138181 secs] [Times: user=0.05 sys=0.00, real=0.01 secs] 
2015-10-30T16:06:22.762+0000: 5649.942: [GC (Allocation Failure) 5649.942: [ParNew: 36288K->3573K(36288K), 0.0056864 secs] 126876K->98003K(242952K), 0.0057635 secs] [Times: user=0.02 sys=0.00, real=0.01 secs] 
2015-10-30T16:06:22.789+0000: 5649.970: [GC (Allocation Failure) 5649.970: [ParNew: 35893K->2257K(36288K), 0.0025004 secs] 130323K->96687K(242952K), 0.0025581 secs] [Times: user=0.01 sys=0.01, real=0.00 secs] 
2015-10-30T16:06:22.796+0000: 5649.976: [CMS-concurrent-abortable-preclean: 0.659/2.721 secs] [Times: user=0.98 sys=0.01, real=2.72 secs] 
2015-10-30T16:06:22.809+0000: 5649.990: [GC (CMS Final Remark) [YG occupancy: 25379 K (36288 K)]5649.990: [Rescan (parallel) , 0.0151837 secs]5650.005: [weak refs processing, 0.0000187 secs]5650.005: [class unloading, 0.0146886 secs]5650.020: [scrub symbol table, 0.0066220 secs]5650.026: [scrub string table, 0.0007476 secs][1 CMS-remark: 94429K(206664K)] 119809K(242952K), 0.0387253 secs] [Times: user=0.08 sys=0.00, real=0.04 secs] 
2015-10-30T16:06:22.848+0000: 5650.029: [CMS-concurrent-sweep-start]
2015-10-30T16:06:22.855+0000: 5650.036: [GC (Allocation Failure) 5650.036: [ParNew: 34577K->3098K(36288K), 0.0032381 secs] 128995K->97516K(242952K), 0.0032898 secs] [Times: user=0.01 sys=0.00, real=0.01 secs] 
2015-10-30T16:06:22.881+0000: 5650.062: [GC (Allocation Failure) 5650.062: [ParNew: 35418K->2991K(36288K), 0.0039671 secs] 126794K->95155K(242952K), 0.0040250 secs] [Times: user=0.02 sys=0.00, real=0.01 secs] 
2015-10-30T16:06:22.893+0000: 5650.073: [CMS-concurrent-sweep: 0.037/0.045 secs] [Times: user=0.18 sys=0.00, real=0.04 secs] 
2015-10-30T16:06:22.893+0000: 5650.074: [CMS-concurrent-reset-start]
2015-10-30T16:06:22.896+0000: 5650.076: [CMS-concurrent-reset: 0.003/0.003 secs] [Times: user=0.00 sys=0.00, real=0.00 secs] 
2015-10-30T16:06:22.906+0000: 5650.086: [GC (Allocation Failure) 5650.086: [ParNew: 35311K->3476K(36288K), 0.0032284 secs] 126756K->94920K(242952K), 0.0032796 secs] [Times: user=0.02 sys=0.00, real=0.00 secs] 
2015-10-30T16:06:22.929+0000: 5650.110: [GC (Allocation Failure) 5650.110: [ParNew: 35796K->3692K(36288K), 0.0040899 secs] 127240K->95845K(242952K), 0.0041498 secs] [Times: user=0.01 sys=0.00, real=0.00 secs] 
2015-10-30T16:06:22.953+0000: 5650.134: [GC (Allocation Failure) 5650.134: [ParNew: 36012K->2162K(36288K), 0.0039806 secs] 128165K->94907K(242952K), 0.0040431 secs] [Times: user=0.01 sys=0.00, real=0.01 secs] 
2015-10-30T16:06:22.990+0000: 5650.170: [GC (Allocation Failure) 5650.170: [ParNew: 32861K->3968K(36288K), 0.0040748 secs] 125607K->104997K(242952K), 0.0041725 secs] [Times: user=0.01 sys=0.00, real=0.00 secs] 
2015-10-30T16:06:22.995+0000: 5650.176: [GC (CMS Initial Mark) [1 CMS-initial-mark: 101029K(206664K)] 110315K(242952K), 0.0018498 secs] [Times: user=0.01 sys=0.00, real=0.01 secs] 
2015-10-30T16:06:22.997+0000: 5650.178: [CMS-concurrent-mark-start]
2015-10-30T16:06:23.036+0000: 5650.217: [CMS-concurrent-mark: 0.039/0.039 secs] [Times: user=0.07 sys=0.00, real=0.03 secs] 
2015-10-30T16:06:23.036+0000: 5650.217: [CMS-concurrent-preclean-start]
2015-10-30T16:06:23.038+0000: 5650.218: [CMS-concurrent-preclean: 0.001/0.001 secs] [Times: user=0.01 sys=0.00, real=0.01 secs] 
2015-10-30T16:06:23.038+0000: 5650.218: [CMS-concurrent-abortable-preclean-start]
 CMS: abort preclean due to time 2015-10-30T16:06:28.080+0000: 5655.261: [CMS-concurrent-abortable-preclean: 1.214/5.043 secs] [Times: user=1.30 sys=0.02, real=5.04 secs] 
2015-10-30T16:06:28.081+0000: 5655.261: [GC (CMS Final Remark) [YG occupancy: 26968 K (36288 K)]5655.271: [Rescan (parallel) , 0.0024486 secs]5655.274: [weak refs processing, 0.0000214 secs]5655.274: [class unloading, 0.0147186 secs]5655.288: [scrub symbol table, 0.0066713 secs]5655.295: [scrub string table, 0.0007477 secs][1 CMS-remark: 101029K(206664K)] 127998K(242952K), 0.0361528 secs] [Times: user=0.03 sys=0.00, real=0.03 secs] 
2015-10-30T16:06:28.117+0000: 5655.297: [CMS-concurrent-sweep-start]
2015-10-30T16:06:28.156+0000: 5655.337: [CMS-concurrent-sweep: 0.039/0.039 secs] [Times: user=0.04 sys=0.00, real=0.04 secs] 
2015-10-30T16:06:28.156+0000: 5655.337: [CMS-concurrent-reset-start]
2015-10-30T16:06:28.159+0000: 5655.339: [CMS-concurrent-reset: 0.002/0.002 secs] [Times: user=0.00 sys=0.00, real=0.01 secs] 
2015-10-30T16:06:30.159+0000: 5657.339: [GC (CMS Initial Mark) [1 CMS-initial-mark: 71896K(206664K)] 99692K(242952K), 0.0030354 secs] [Times: user=0.01 sys=0.00, real=0.00 secs] 
2015-10-30T16:06:30.162+0000: 5657.342: [CMS-concurrent-mark-start]
2015-10-30T16:06:30.200+0000: 5657.381: [CMS-concurrent-mark: 0.039/0.039 secs] [Times: user=0.04 sys=0.00, real=0.04 secs] 
2015-10-30T16:06:30.200+0000: 5657.381: [CMS-concurrent-preclean-start]
2015-10-30T16:06:30.203+0000: 5657.383: [CMS-concurrent-preclean: 0.002/0.002 secs] [Times: user=0.00 sys=0.00, real=0.00 secs] 
2015-10-30T16:06:30.203+0000: 5657.383: [CMS-concurrent-abortable-preclean-start]
2015-10-30T16:06:32.679+0000: 5659.859: [GC (Allocation Failure) 5659.859: [ParNew: 36269K->3968K(36288K), 0.0068962 secs] 108166K->84694K(242952K), 0.0069926 secs] [Times: user=0.02 sys=0.00, real=0.01 secs] 
2015-10-30T16:06:32.720+0000: 5659.900: [GC (Allocation Failure) 5659.900: [ParNew: 36288K->3968K(36288K), 0.0136257 secs] 117014K->96761K(242952K), 0.0137181 secs] [Times: user=0.05 sys=0.00, real=0.01 secs] 
2015-10-30T16:06:32.757+0000: 5659.938: [GC (Allocation Failure) 5659.938: [ParNew: 36288K->2952K(36288K), 0.0068815 secs] 129081K->99641K(242952K), 0.0069619 secs] [Times: user=0.03 sys=0.00, real=0.00 secs] 
2015-10-30T16:06:32.787+0000: 5659.968: [GC (Allocation Failure) 5659.968: [ParNew: 35272K->1892K(36288K), 0.0027140 secs] 131961K->98580K(242952K), 0.0027854 secs] [Times: user=0.01 sys=0.00, real=0.00 secs] 
2015-10-30T16:06:32.796+0000: 5659.976: [CMS-concurrent-abortable-preclean: 0.603/2.593 secs] [Times: user=0.94 sys=0.00, real=2.59 secs] 
2015-10-30T16:06:32.797+0000: 5659.978: [GC (CMS Final Remark) [YG occupancy: 7610 K (36288 K)]5659.978: [Rescan (parallel) , 0.0047477 secs]5659.983: [weak refs processing, 0.0000219 secs]5659.983: [class unloading, 0.0149456 secs]5659.998: [scrub symbol table, 0.0066413 secs]5660.004: [scrub string table, 0.0007596 secs][1 CMS-remark: 96688K(206664K)] 104299K(242952K), 0.0285979 secs] [Times: user=0.03 sys=0.01, real=0.03 secs] 
2015-10-30T16:06:32.826+0000: 5660.007: [CMS-concurrent-sweep-start]
2015-10-30T16:06:32.845+0000: 5660.026: [GC (Allocation Failure) 5660.026: [ParNew: 34212K->3077K(36288K), 0.0037665 secs] 127724K->96590K(242952K), 0.0038372 secs] [Times: user=0.01 sys=0.00, real=0.00 secs] 
2015-10-30T16:06:32.860+0000: 5660.041: [CMS-concurrent-sweep: 0.030/0.034 secs] [Times: user=0.13 sys=0.00, real=0.03 secs] 
2015-10-30T16:06:32.860+0000: 5660.041: [CMS-concurrent-reset-start]
2015-10-30T16:06:32.863+0000: 5660.043: [CMS-concurrent-reset: 0.003/0.003 secs] [Times: user=0.01 sys=0.00, real=0.00 secs] 
2015-10-30T16:06:32.872+0000: 5660.053: [GC (Allocation Failure) 5660.053: [ParNew: 35397K->3038K(36288K), 0.0041446 secs] 127140K->95490K(242952K), 0.0042079 secs] [Times: user=0.01 sys=0.00, real=0.00 secs] 
2015-10-30T16:06:32.897+0000: 5660.078: [GC (Allocation Failure) 5660.078: [ParNew: 35358K->3003K(36288K), 0.0043259 secs] 127810K->96164K(242952K), 0.0043921 secs] [Times: user=0.01 sys=0.00, real=0.00 secs] 
2015-10-30T16:06:32.920+0000: 5660.101: [GC (Allocation Failure) 5660.101: [ParNew: 35323K->2818K(36288K), 0.0034302 secs] 128484K->96630K(242952K), 0.0034933 secs] [Times: user=0.02 sys=0.00, real=0.00 secs] 
2015-10-30T16:06:32.945+0000: 5660.126: [GC (Allocation Failure) 5660.126: [ParNew: 35138K->2251K(36288K), 0.0024811 secs] 128950K->96062K(242952K), 0.0025413 secs] [Times: user=0.00 sys=0.00, real=0.00 secs] 
2015-10-30T16:06:32.983+0000: 5660.163: [GC (Allocation Failure) 5660.163: [ParNew: 32172K->3968K(36288K), 0.0038847 secs] 125983K->105989K(242952K), 0.0039690 secs] [Times: user=0.01 sys=0.00, real=0.01 secs] 
2015-10-30T16:06:32.988+0000: 5660.168: [GC (CMS Initial Mark) [1 CMS-initial-mark: 102021K(206664K)] 111307K(242952K), 0.0016803 secs] [Times: user=0.01 sys=0.00, real=0.00 secs] 
2015-10-30T16:06:32.990+0000: 5660.170: [CMS-concurrent-mark-start]
2015-10-30T16:06:33.029+0000: 5660.209: [CMS-concurrent-mark: 0.039/0.039 secs] [Times: user=0.08 sys=0.00, real=0.04 secs] 
2015-10-30T16:06:33.029+0000: 5660.209: [CMS-concurrent-preclean-start]
2015-10-30T16:06:33.030+0000: 5660.211: [CMS-concurrent-preclean: 0.002/0.002 secs] [Times: user=0.00 sys=0.00, real=0.00 secs] 
2015-10-30T16:06:33.030+0000: 5660.211: [CMS-concurrent-abortable-preclean-start]
 CMS: abort preclean due to time 2015-10-30T16:06:38.091+0000: 5665.272: [CMS-concurrent-abortable-preclean: 1.182/5.061 secs] [Times: user=1.29 sys=0.00, real=5.06 secs] 
2015-10-30T16:06:38.092+0000: 5665.272: [GC (CMS Final Remark) [YG occupancy: 27094 K (36288 K)]5665.272: [Rescan (parallel) , 0.0023894 secs]5665.275: [weak refs processing, 0.0000203 secs]5665.275: [class unloading, 0.0146013 secs]5665.289: [scrub symbol table, 0.0066719 secs]5665.296: [scrub string table, 0.0007495 secs][1 CMS-remark: 102021K(206664K)] 129116K(242952K), 0.0258686 secs] [Times: user=0.04 sys=0.00, real=0.03 secs] 
2015-10-30T16:06:38.118+0000: 5665.298: [CMS-concurrent-sweep-start]
2015-10-30T16:06:38.147+0000: 5665.328: [CMS-concurrent-sweep: 0.029/0.029 secs] [Times: user=0.03 sys=0.00, real=0.03 secs] 
2015-10-30T16:06:38.147+0000: 5665.328: [CMS-concurrent-reset-start]
2015-10-30T16:06:38.150+0000: 5665.330: [CMS-concurrent-reset: 0.002/0.002 secs] [Times: user=0.00 sys=0.00, real=0.00 secs] 
2015-10-30T16:06:40.149+0000: 5667.330: [GC (CMS Initial Mark) [1 CMS-initial-mark: 71471K(206664K)] 99207K(242952K), 0.0028174 secs] [Times: user=0.01 sys=0.00, real=0.00 secs] 
2015-10-30T16:06:40.152+0000: 5667.333: [CMS-concurrent-mark-start]
2015-10-30T16:06:40.190+0000: 5667.370: [CMS-concurrent-mark: 0.038/0.038 secs] [Times: user=0.04 sys=0.00, real=0.04 secs] 
2015-10-30T16:06:40.190+0000: 5667.370: [CMS-concurrent-preclean-start]
2015-10-30T16:06:40.192+0000: 5667.372: [CMS-concurrent-preclean: 0.002/0.002 secs] [Times: user=0.00 sys=0.00, real=0.00 secs] 
2015-10-30T16:06:40.192+0000: 5667.372: [CMS-concurrent-abortable-preclean-start]
2015-10-30T16:06:42.652+0000: 5669.832: [GC (Allocation Failure) 5669.832: [ParNew: 36288K->3966K(36288K), 0.0062628 secs] 107759K->84565K(242952K), 0.0063522 secs] [Times: user=0.03 sys=0.00, real=0.01 secs] 
2015-10-30T16:06:42.690+0000: 5669.870: [GC (Allocation Failure) 5669.870: [ParNew: 36286K->3968K(36288K), 0.0140544 secs] 116885K->96439K(242952K), 0.0141360 secs] [Times: user=0.05 sys=0.00, real=0.01 secs] 
2015-10-30T16:06:42.725+0000: 5669.906: [GC (Allocation Failure) 5669.906: [ParNew: 36288K->3604K(36288K), 0.0059797 secs] 128759K->99960K(242952K), 0.0060510 secs] [Times: user=0.02 sys=0.00, real=0.00 secs] 
2015-10-30T16:06:42.757+0000: 5669.938: [GC (Allocation Failure) 5669.938: [ParNew: 35924K->2253K(36288K), 0.0025636 secs] 132280K->98609K(242952K), 0.0026218 secs] [Times: user=0.01 sys=0.00, real=0.00 secs] 
2015-10-30T16:06:42.767+0000: 5669.948: [CMS-concurrent-abortable-preclean: 0.614/2.576 secs] [Times: user=0.97 sys=0.00, real=2.58 secs] 
2015-10-30T16:06:42.771+0000: 5669.952: [GC (CMS Final Remark) [YG occupancy: 20796 K (36288 K)]5669.952: [Rescan (parallel) , 0.0129068 secs]5669.965: [weak refs processing, 0.0000186 secs]5669.965: [class unloading, 0.0151673 secs]5669.980: [scrub symbol table, 0.0066280 secs]5669.986: [scrub string table, 0.0007538 secs][1 CMS-remark: 96356K(206664K)] 117152K(242952K), 0.0369441 secs] [Times: user=0.08 sys=0.00, real=0.04 secs] 
2015-10-30T16:06:42.809+0000: 5669.989: [CMS-concurrent-sweep-start]
2015-10-30T16:06:42.819+0000: 5669.999: [GC (Allocation Failure) 5669.999: [ParNew: 34573K->2931K(36288K), 0.0031949 secs] 128706K->97064K(242952K), 0.0032462 secs] [Times: user=0.02 sys=0.00, real=0.00 secs] 
2015-10-30T16:06:42.841+0000: 5670.021: [CMS-concurrent-sweep: 0.029/0.032 secs] [Times: user=0.11 sys=0.01, real=0.03 secs] 
2015-10-30T16:06:42.841+0000: 5670.022: [CMS-concurrent-reset-start]
2015-10-30T16:06:42.844+0000: 5670.024: [CMS-concurrent-reset: 0.002/0.002 secs] [Times: user=0.01 sys=0.00, real=0.00 secs] 
2015-10-30T16:06:42.849+0000: 5670.029: [GC (Allocation Failure) 5670.029: [ParNew: 35251K->2760K(36288K), 0.0041538 secs] 126978K->95208K(242952K), 0.0042028 secs] [Times: user=0.02 sys=0.00, real=0.00 secs] 
2015-10-30T16:06:42.873+0000: 5670.053: [GC (Allocation Failure) 5670.053: [ParNew: 35080K->3175K(36288K), 0.0043921 secs] 127528K->96371K(242952K), 0.0044573 secs] [Times: user=0.02 sys=0.00, real=0.01 secs] 
2015-10-30T16:06:42.895+0000: 5670.076: [GC (Allocation Failure) 5670.076: [ParNew: 35495K->2281K(36288K), 0.0034119 secs] 128691K->96023K(242952K), 0.0034744 secs] [Times: user=0.01 sys=0.00, real=0.01 secs] 
2015-10-30T16:06:42.918+0000: 5670.098: [GC (Allocation Failure) 5670.098: [ParNew: 34601K->2606K(36288K), 0.0029439 secs] 128343K->96348K(242952K), 0.0030011 secs] [Times: user=0.01 sys=0.00, real=0.00 secs] 
2015-10-30T16:06:42.953+0000: 5670.133: [GC (Allocation Failure) 5670.133: [ParNew: 32922K->3968K(36288K), 0.0031685 secs] 126665K->106206K(242952K), 0.0032489 secs] [Times: user=0.01 sys=0.00, real=0.00 secs] 
2015-10-30T16:06:42.957+0000: 5670.138: [GC (CMS Initial Mark) [1 CMS-initial-mark: 102238K(206664K)] 111524K(242952K), 0.0018720 secs] [Times: user=0.00 sys=0.00, real=0.00 secs] 
2015-10-30T16:06:42.959+0000: 5670.140: [CMS-concurrent-mark-start]
2015-10-30T16:06:42.998+0000: 5670.179: [CMS-concurrent-mark: 0.039/0.039 secs] [Times: user=0.08 sys=0.00, real=0.04 secs] 
2015-10-30T16:06:42.998+0000: 5670.179: [CMS-concurrent-preclean-start]
2015-10-30T16:06:43.000+0000: 5670.180: [CMS-concurrent-preclean: 0.002/0.002 secs] [Times: user=0.00 sys=0.00, real=0.00 secs] 
2015-10-30T16:06:43.000+0000: 5670.180: [CMS-concurrent-abortable-preclean-start]
 CMS: abort preclean due to time 2015-10-30T16:06:48.082+0000: 5675.263: [CMS-concurrent-abortable-preclean: 1.310/5.082 secs] [Times: user=1.41 sys=0.00, real=5.08 secs] 
2015-10-30T16:06:48.083+0000: 5675.263: [GC (CMS Final Remark) [YG occupancy: 27040 K (36288 K)]5675.263: [Rescan (parallel) , 0.0024596 secs]5675.266: [weak refs processing, 0.0000215 secs]5675.266: [class unloading, 0.0147352 secs]5675.280: [scrub symbol table, 0.0066158 secs]5675.287: [scrub string table, 0.0007486 secs][1 CMS-remark: 102238K(206664K)] 129278K(242952K), 0.0260047 secs] [Times: user=0.03 sys=0.00, real=0.03 secs] 
2015-10-30T16:06:48.109+0000: 5675.289: [CMS-concurrent-sweep-start]
2015-10-30T16:06:48.135+0000: 5675.315: [CMS-concurrent-sweep: 0.026/0.026 secs] [Times: user=0.03 sys=0.00, real=0.02 secs] 
2015-10-30T16:06:48.135+0000: 5675.315: [CMS-concurrent-reset-start]
2015-10-30T16:06:48.137+0000: 5675.318: [CMS-concurrent-reset: 0.002/0.002 secs] [Times: user=0.00 sys=0.00, real=0.01 secs] 
2015-10-30T16:06:50.137+0000: 5677.318: [GC (CMS Initial Mark) [1 CMS-initial-mark: 70246K(206664K)] 97931K(242952K), 0.0028627 secs] [Times: user=0.01 sys=0.00, real=0.00 secs] 
2015-10-30T16:06:50.140+0000: 5677.321: [CMS-concurrent-mark-start]
2015-10-30T16:06:50.178+0000: 5677.359: [CMS-concurrent-mark: 0.038/0.038 secs] [Times: user=0.04 sys=0.00, real=0.04 secs] 
2015-10-30T16:06:50.178+0000: 5677.359: [CMS-concurrent-preclean-start]
2015-10-30T16:06:50.180+0000: 5677.361: [CMS-concurrent-preclean: 0.002/0.002 secs] [Times: user=0.00 sys=0.00, real=0.00 secs] 
2015-10-30T16:06:50.180+0000: 5677.361: [CMS-concurrent-abortable-preclean-start]
2015-10-30T16:06:52.692+0000: 5679.872: [GC (Allocation Failure) 5679.872: [ParNew: 36288K->3968K(36288K), 0.0074167 secs] 106534K->83381K(242952K), 0.0075063 secs] [Times: user=0.02 sys=0.00, real=0.01 secs] 
2015-10-30T16:06:52.740+0000: 5679.920: [GC (Allocation Failure) 5679.920: [ParNew: 36288K->3968K(36288K), 0.0135815 secs] 115701K->94830K(242952K), 0.0136679 secs] [Times: user=0.05 sys=0.00, real=0.01 secs] 
2015-10-30T16:06:52.777+0000: 5679.958: [GC (Allocation Failure) 5679.958: [ParNew: 36288K->3098K(36288K), 0.0056284 secs] 127150K->97816K(242952K), 0.0056994 secs] [Times: user=0.02 sys=0.00, real=0.00 secs] 
2015-10-30T16:06:52.784+0000: 5679.965: [CMS-concurrent-abortable-preclean: 0.659/2.604 secs] [Times: user=0.93 sys=0.01, real=2.60 secs] 
2015-10-30T16:06:52.785+0000: 5679.966: [GC (CMS Final Remark) [YG occupancy: 5618 K (36288 K)]5679.966: [Rescan (parallel) , 0.0076290 secs]5679.973: [weak refs processing, 0.0000161 secs]5679.973: [class unloading, 0.0149225 secs]5679.988: [scrub symbol table, 0.0067177 secs]5679.995: [scrub string table, 0.0007615 secs][1 CMS-remark: 94718K(206664K)] 100337K(242952K), 0.0315293 secs] [Times: user=0.05 sys=0.00, real=0.02 secs] 
2015-10-30T16:06:52.817+0000: 5679.997: [CMS-concurrent-sweep-start]
2015-10-30T16:06:52.833+0000: 5680.014: [GC (Allocation Failure) 5680.014: [ParNew: 35418K->1710K(36288K), 0.0030038 secs] 130080K->96372K(242952K), 0.0030639 secs] [Times: user=0.01 sys=0.00, real=0.00 secs] 
2015-10-30T16:06:52.861+0000: 5680.042: [GC (Allocation Failure) 5680.042: [ParNew: 34030K->3366K(36288K), 0.0038900 secs] 125401K->94737K(242952K), 0.0039515 secs] [Times: user=0.01 sys=0.00, real=0.01 secs] 
2015-10-30T16:06:52.870+0000: 5680.051: [CMS-concurrent-sweep: 0.043/0.053 secs] [Times: user=0.19 sys=0.01, real=0.06 secs] 
2015-10-30T16:06:52.870+0000: 5680.051: [CMS-concurrent-reset-start]
2015-10-30T16:06:52.873+0000: 5680.053: [CMS-concurrent-reset: 0.003/0.003 secs] [Times: user=0.01 sys=0.00, real=0.00 secs] 
2015-10-30T16:06:52.889+0000: 5680.070: [GC (Allocation Failure) 5680.070: [ParNew: 35686K->2915K(36288K), 0.0047473 secs] 125262K->93917K(242952K), 0.0048210 secs] [Times: user=0.02 sys=0.00, real=0.00 secs] 
2015-10-30T16:06:52.917+0000: 5680.098: [GC (Allocation Failure) 5680.098: [ParNew: 35235K->2987K(36288K), 0.0031082 secs] 126237K->93989K(242952K), 0.0031685 secs] [Times: user=0.01 sys=0.00, real=0.00 secs] 
2015-10-30T16:06:52.941+0000: 5680.122: [GC (Allocation Failure) 5680.122: [ParNew: 35307K->2960K(36288K), 0.0035523 secs] 126309K->94595K(242952K), 0.0036148 secs] [Times: user=0.01 sys=0.00, real=0.00 secs] 
2015-10-30T16:06:52.965+0000: 5680.146: [GC (Allocation Failure) 5680.146: [ParNew: 35280K->1841K(36288K), 0.0029219 secs] 126915K->93476K(242952K), 0.0029825 secs] [Times: user=0.01 sys=0.00, real=0.00 secs] 
2015-10-30T16:06:53.001+0000: 5680.181: [GC (Allocation Failure) 5680.181: [ParNew: 31398K->3968K(36288K), 0.0045195 secs] 123033K->103761K(242952K), 0.0046010 secs] [Times: user=0.02 sys=0.00, real=0.01 secs] 
2015-10-30T16:06:53.006+0000: 5680.187: [GC (CMS Initial Mark) [1 CMS-initial-mark: 99793K(206664K)] 109079K(242952K), 0.0017951 secs] [Times: user=0.00 sys=0.00, real=0.00 secs] 
2015-10-30T16:06:53.008+0000: 5680.189: [CMS-concurrent-mark-start]
2015-10-30T16:06:53.046+0000: 5680.227: [CMS-concurrent-mark: 0.038/0.038 secs] [Times: user=0.08 sys=0.00, real=0.04 secs] 
2015-10-30T16:06:53.046+0000: 5680.227: [CMS-concurrent-preclean-start]
2015-10-30T16:06:53.048+0000: 5680.228: [CMS-concurrent-preclean: 0.002/0.002 secs] [Times: user=0.00 sys=0.00, real=0.00 secs] 
2015-10-30T16:06:53.048+0000: 5680.228: [CMS-concurrent-abortable-preclean-start]
 CMS: abort preclean due to time 2015-10-30T16:06:58.079+0000: 5685.259: [CMS-concurrent-abortable-preclean: 1.195/5.031 secs] [Times: user=1.29 sys=0.01, real=5.03 secs] 
2015-10-30T16:06:58.079+0000: 5685.260: [GC (CMS Final Remark) [YG occupancy: 27029 K (36288 K)]5685.260: [Rescan (parallel) , 0.0023543 secs]5685.262: [weak refs processing, 0.0000199 secs]5685.262: [class unloading, 0.0147771 secs]5685.277: [scrub symbol table, 0.0066209 secs]5685.284: [scrub string table, 0.0007477 secs][1 CMS-remark: 99793K(206664K)] 126822K(242952K), 0.0259531 secs] [Times: user=0.03 sys=0.00, real=0.03 secs] 
2015-10-30T16:06:58.105+0000: 5685.286: [CMS-concurrent-sweep-start]
2015-10-30T16:06:58.132+0000: 5685.312: [CMS-concurrent-sweep: 0.026/0.026 secs] [Times: user=0.03 sys=0.00, real=0.02 secs] 
2015-10-30T16:06:58.132+0000: 5685.312: [CMS-concurrent-reset-start]
2015-10-30T16:06:58.134+0000: 5685.315: [CMS-concurrent-reset: 0.002/0.002 secs] [Times: user=0.00 sys=0.00, real=0.00 secs] 
2015-10-30T16:07:00.046+0000: 5687.226: [GC (Allocation Failure) 5687.226: [ParNew: 36271K->3968K(36288K), 0.0078534 secs] 105163K->77613K(242952K), 0.0079349 secs] [Times: user=0.02 sys=0.00, real=0.00 secs] 
2015-10-30T16:07:00.072+0000: 5687.252: [GC (GCLocker Initiated GC) 5687.252: [ParNew: 36288K->2690K(36288K), 0.0040954 secs] 110175K->77843K(242952K), 0.0041491 secs] [Times: user=0.02 sys=0.00, real=0.00 secs] 
2015-10-30T16:07:00.227+0000: 5687.407: [GC (Allocation Failure) 5687.407: [ParNew: 35010K->3968K(36288K), 0.0058678 secs] 110163K->80033K(242952K), 0.0059332 secs] [Times: user=0.01 sys=0.00, real=0.00 secs] 
2015-10-30T16:07:00.264+0000: 5687.445: [GC (Allocation Failure) 5687.445: [ParNew: 36288K->3968K(36288K), 0.0104056 secs] 112353K->84542K(242952K), 0.0104867 secs] [Times: user=0.04 sys=0.00, real=0.01 secs] 
2015-10-30T16:07:00.298+0000: 5687.478: [GC (Allocation Failure) 5687.478: [ParNew: 36288K->3968K(36288K), 0.0124352 secs] 116862K->90582K(242952K), 0.0125151 secs] [Times: user=0.03 sys=0.00, real=0.01 secs] 
2015-10-30T16:07:00.335+0000: 5687.515: [GC (Allocation Failure) 5687.515: [ParNew: 36288K->3968K(36288K), 0.0062622 secs] 122974K->93637K(242952K), 0.0063364 secs] [Times: user=0.02 sys=0.00, real=0.01 secs] 
2015-10-30T16:07:00.342+0000: 5687.522: [GC (CMS Initial Mark) [1 CMS-initial-mark: 89669K(206664K)] 93828K(242952K), 0.0017498 secs] [Times: user=0.01 sys=0.00, real=0.00 secs] 
2015-10-30T16:07:00.343+0000: 5687.524: [CMS-concurrent-mark-start]
2015-10-30T16:07:00.366+0000: 5687.547: [GC (Allocation Failure) 5687.547: [ParNew: 36288K->3557K(36288K), 0.0062638 secs] 125957K->96171K(242952K), 0.0063466 secs] [Times: user=0.02 sys=0.00, real=0.00 secs] 
2015-10-30T16:07:00.404+0000: 5687.584: [CMS-concurrent-mark: 0.054/0.060 secs] [Times: user=0.16 sys=0.00, real=0.06 secs] 
2015-10-30T16:07:00.404+0000: 5687.584: [CMS-concurrent-preclean-start]
2015-10-30T16:07:00.406+0000: 5687.586: [CMS-concurrent-preclean: 0.002/0.002 secs] [Times: user=0.00 sys=0.00, real=0.01 secs] 
2015-10-30T16:07:00.406+0000: 5687.586: [CMS-concurrent-abortable-preclean-start]
 CMS: abort preclean due to time 2015-10-30T16:07:05.414+0000: 5692.594: [CMS-concurrent-abortable-preclean: 1.225/5.008 secs] [Times: user=1.33 sys=0.00, real=5.00 secs] 
2015-10-30T16:07:05.414+0000: 5692.595: [GC (CMS Final Remark) [YG occupancy: 27601 K (36288 K)]5692.595: [Rescan (parallel) , 0.0102171 secs]5692.605: [weak refs processing, 0.0000192 secs]5692.605: [class unloading, 0.0147461 secs]5692.620: [scrub symbol table, 0.0066455 secs]5692.626: [scrub string table, 0.0007512 secs][1 CMS-remark: 92614K(206664K)] 120216K(242952K), 0.0338252 secs] [Times: user=0.07 sys=0.00, real=0.04 secs] 
2015-10-30T16:07:05.448+0000: 5692.629: [CMS-concurrent-sweep-start]
2015-10-30T16:07:05.473+0000: 5692.653: [CMS-concurrent-sweep: 0.025/0.025 secs] [Times: user=0.02 sys=0.00, real=0.02 secs] 
2015-10-30T16:07:05.473+0000: 5692.653: [CMS-concurrent-reset-start]
2015-10-30T16:07:05.475+0000: 5692.656: [CMS-concurrent-reset: 0.002/0.002 secs] [Times: user=0.01 sys=0.00, real=0.00 secs] 
2015-10-30T16:07:07.475+0000: 5694.655: [GC (CMS Initial Mark) [1 CMS-initial-mark: 68892K(206664K)] 96748K(242952K), 0.0093465 secs] [Times: user=0.03 sys=0.00, real=0.01 secs] 
2015-10-30T16:07:07.484+0000: 5694.665: [CMS-concurrent-mark-start]
2015-10-30T16:07:07.516+0000: 5694.697: [CMS-concurrent-mark: 0.032/0.032 secs] [Times: user=0.04 sys=0.00, real=0.03 secs] 
2015-10-30T16:07:07.516+0000: 5694.697: [CMS-concurrent-preclean-start]
2015-10-30T16:07:07.518+0000: 5694.698: [CMS-concurrent-preclean: 0.002/0.002 secs] [Times: user=0.00 sys=0.00, real=0.01 secs] 
2015-10-30T16:07:07.518+0000: 5694.698: [CMS-concurrent-abortable-preclean-start]
2015-10-30T16:07:10.168+0000: 5697.349: [GC (Allocation Failure) 5697.349: [ParNew: 35877K->3968K(36288K), 0.0034278 secs] 104769K->72860K(242952K), 0.0034896 secs] [Times: user=0.02 sys=0.00, real=0.00 secs] 
2015-10-30T16:07:10.520+0000: 5697.701: [CMS-concurrent-abortable-preclean: 0.755/3.002 secs] [Times: user=0.91 sys=0.00, real=3.00 secs] 
2015-10-30T16:07:10.521+0000: 5697.701: [GC (CMS Final Remark) [YG occupancy: 25233 K (36288 K)]5697.701: [Rescan (parallel) , 0.0062752 secs]5697.707: [weak refs processing, 0.0000193 secs]5697.707: [class unloading, 0.0147379 secs]5697.722: [scrub symbol table, 0.0066283 secs]5697.729: [scrub string table, 0.0007548 secs][1 CMS-remark: 68892K(206664K)] 94125K(242952K), 0.0298642 secs] [Times: user=0.05 sys=0.00, real=0.03 secs] 
2015-10-30T16:07:10.551+0000: 5697.731: [CMS-concurrent-sweep-start]
2015-10-30T16:07:10.582+0000: 5697.763: [CMS-concurrent-sweep: 0.031/0.031 secs] [Times: user=0.04 sys=0.00, real=0.03 secs] 
2015-10-30T16:07:10.582+0000: 5697.763: [CMS-concurrent-reset-start]
2015-10-30T16:07:10.585+0000: 5697.765: [CMS-concurrent-reset: 0.002/0.002 secs] [Times: user=0.00 sys=0.00, real=0.00 secs] 
2015-10-30T16:07:10.733+0000: 5697.913: [GC (Allocation Failure) 5697.913: [ParNew: 36288K->2287K(36288K), 0.0048805 secs] 100136K->69100K(242952K), 0.0049352 secs] [Times: user=0.01 sys=0.00, real=0.01 secs] 
2015-10-30T16:07:17.666+0000: 5704.847: [GC (Allocation Failure) 5704.847: [ParNew: 34607K->3968K(36288K), 0.0144378 secs] 101420K->82629K(242952K), 0.0145185 secs] [Times: user=0.05 sys=0.00, real=0.01 secs] 
2015-10-30T16:07:17.700+0000: 5704.881: [GC (Allocation Failure) 5704.881: [ParNew: 36288K->2187K(36288K), 0.0044493 secs] 114949K->84686K(242952K), 0.0045057 secs] [Times: user=0.02 sys=0.00, real=0.00 secs] 
2015-10-30T16:07:17.723+0000: 5704.903: [GC (Allocation Failure) 5704.903: [ParNew: 34507K->2135K(36288K), 0.0028365 secs] 117006K->84635K(242952K), 0.0028943 secs] [Times: user=0.01 sys=0.00, real=0.01 secs] 
2015-10-30T16:07:17.745+0000: 5704.926: [GC (Allocation Failure) 5704.926: [ParNew: 34455K->3246K(36288K), 0.0035450 secs] 116955K->85746K(242952K), 0.0036053 secs] [Times: user=0.01 sys=0.00, real=0.00 secs] 
2015-10-30T16:07:17.770+0000: 5704.951: [GC (Allocation Failure) 5704.951: [ParNew: 35566K->2755K(36288K), 0.0046810 secs] 118066K->86080K(242952K), 0.0047509 secs] [Times: user=0.02 sys=0.00, real=0.00 secs] 
2015-10-30T16:07:17.798+0000: 5704.978: [GC (Allocation Failure) 5704.978: [ParNew: 35075K->3319K(36288K), 0.0041718 secs] 118400K->87349K(242952K), 0.0042287 secs] [Times: user=0.02 sys=0.00, real=0.00 secs] 
2015-10-30T16:07:17.821+0000: 5705.002: [GC (Allocation Failure) 5705.002: [ParNew: 35639K->3683K(36288K), 0.0043200 secs] 119669K->88325K(242952K), 0.0043826 secs] [Times: user=0.02 sys=0.00, real=0.01 secs] 
2015-10-30T16:07:17.845+0000: 5705.026: [GC (Allocation Failure) 5705.026: [ParNew: 36003K->2394K(36288K), 0.0039641 secs] 120645K->87657K(242952K), 0.0040263 secs] [Times: user=0.01 sys=0.00, real=0.00 secs] 
2015-10-30T16:07:17.869+0000: 5705.050: [GC (Allocation Failure) 5705.050: [ParNew: 34714K->2523K(36288K), 0.0028192 secs] 119977K->87786K(242952K), 0.0028777 secs] [Times: user=0.01 sys=0.00, real=0.00 secs] 
2015-10-30T16:07:17.902+0000: 5705.082: [GC (Allocation Failure) 5705.082: [ParNew: 32572K->2564K(36288K), 0.0031436 secs] 117835K->95803K(242952K), 0.0032234 secs] [Times: user=0.01 sys=0.00, real=0.00 secs] 
2015-10-30T16:07:17.906+0000: 5705.086: [GC (CMS Initial Mark) [1 CMS-initial-mark: 93239K(206664K)] 98666K(242952K), 0.0019800 secs] [Times: user=0.01 sys=0.00, real=0.00 secs] 
2015-10-30T16:07:17.908+0000: 5705.088: [CMS-concurrent-mark-start]
2015-10-30T16:07:17.946+0000: 5705.126: [CMS-concurrent-mark: 0.038/0.038 secs] [Times: user=0.08 sys=0.00, real=0.04 secs] 
2015-10-30T16:07:17.946+0000: 5705.126: [CMS-concurrent-preclean-start]
2015-10-30T16:07:17.947+0000: 5705.128: [CMS-concurrent-preclean: 0.002/0.002 secs] [Times: user=0.00 sys=0.00, real=0.00 secs] 
2015-10-30T16:07:17.947+0000: 5705.128: [CMS-concurrent-abortable-preclean-start]
 CMS: abort preclean due to time 2015-10-30T16:07:23.026+0000: 5710.207: [CMS-concurrent-abortable-preclean: 1.257/5.079 secs] [Times: user=1.35 sys=0.01, real=5.08 secs] 
2015-10-30T16:07:23.028+0000: 5710.208: [GC (CMS Final Remark) [YG occupancy: 10813 K (36288 K)]5710.208: [Rescan (parallel) , 0.0018972 secs]5710.210: [weak refs processing, 0.0000206 secs]5710.210: [class unloading, 0.0152891 secs]5710.225: [scrub symbol table, 0.0066145 secs]5710.232: [scrub string table, 0.0007483 secs][1 CMS-remark: 93239K(206664K)] 104052K(242952K), 0.0260074 secs] [Times: user=0.03 sys=0.00, real=0.02 secs] 
2015-10-30T16:07:23.054+0000: 5710.234: [CMS-concurrent-sweep-start]
2015-10-30T16:07:23.075+0000: 5710.256: [CMS-concurrent-sweep: 0.021/0.021 secs] [Times: user=0.02 sys=0.00, real=0.02 secs] 
2015-10-30T16:07:23.075+0000: 5710.256: [CMS-concurrent-reset-start]
2015-10-30T16:07:23.078+0000: 5710.258: [CMS-concurrent-reset: 0.002/0.002 secs] [Times: user=0.00 sys=0.00, real=0.01 secs] 
2015-10-30T16:07:25.078+0000: 5712.258: [GC (CMS Initial Mark) [1 CMS-initial-mark: 65816K(206664K)] 77289K(242952K), 0.0021775 secs] [Times: user=0.01 sys=0.00, real=0.00 secs] 
2015-10-30T16:07:25.080+0000: 5712.261: [CMS-concurrent-mark-start]
2015-10-30T16:07:25.116+0000: 5712.297: [CMS-concurrent-mark: 0.036/0.036 secs] [Times: user=0.03 sys=0.00, real=0.03 secs] 
2015-10-30T16:07:25.116+0000: 5712.297: [CMS-concurrent-preclean-start]
2015-10-30T16:07:25.118+0000: 5712.299: [CMS-concurrent-preclean: 0.002/0.002 secs] [Times: user=0.01 sys=0.00, real=0.01 secs] 
2015-10-30T16:07:25.118+0000: 5712.299: [CMS-concurrent-abortable-preclean-start]
2015-10-30T16:07:27.670+0000: 5714.851: [GC (Allocation Failure) 5714.851: [ParNew: 34884K->3968K(36288K), 0.0177533 secs] 100700K->85323K(242952K), 0.0178344 secs] [Times: user=0.06 sys=0.00, real=0.02 secs] 
2015-10-30T16:07:27.713+0000: 5714.894: [GC (Allocation Failure) 5714.894: [ParNew: 36288K->1843K(36288K), 0.0045598 secs] 117643K->86992K(242952K), 0.0046125 secs] [Times: user=0.02 sys=0.00, real=0.01 secs] 
2015-10-30T16:07:27.727+0000: 5714.907: [CMS-concurrent-abortable-preclean: 0.678/2.608 secs] [Times: user=0.91 sys=0.01, real=2.61 secs] 
2015-10-30T16:07:27.729+0000: 5714.910: [GC (CMS Final Remark) [YG occupancy: 15634 K (36288 K)]5714.910: [Rescan (parallel) , 0.0089567 secs]5714.919: [weak refs processing, 0.0000170 secs]5714.919: [class unloading, 0.0148540 secs]5714.934: [scrub symbol table, 0.0066078 secs]5714.940: [scrub string table, 0.0007476 secs][1 CMS-remark: 85148K(206664K)] 100783K(242952K), 0.0326100 secs] [Times: user=0.06 sys=0.00, real=0.03 secs] 
2015-10-30T16:07:27.762+0000: 5714.942: [CMS-concurrent-sweep-start]
2015-10-30T16:07:27.775+0000: 5714.956: [GC (Allocation Failure) 5714.956: [ParNew: 34163K->1903K(36288K), 0.0028310 secs] 118204K->85944K(242952K), 0.0028894 secs] [Times: user=0.01 sys=0.00, real=0.01 secs] 
2015-10-30T16:07:27.789+0000: 5714.970: [CMS-concurrent-sweep: 0.024/0.027 secs] [Times: user=0.11 sys=0.00, real=0.03 secs] 
2015-10-30T16:07:27.789+0000: 5714.970: [CMS-concurrent-reset-start]
2015-10-30T16:07:27.792+0000: 5714.972: [CMS-concurrent-reset: 0.003/0.003 secs] [Times: user=0.01 sys=0.00, real=0.00 secs] 
2015-10-30T16:07:27.802+0000: 5714.982: [GC (Allocation Failure) 5714.982: [ParNew: 34223K->2887K(36288K), 0.0036303 secs] 117602K->86266K(242952K), 0.0036850 secs] [Times: user=0.01 sys=0.00, real=0.01 secs] 
2015-10-30T16:07:27.837+0000: 5715.018: [GC (Allocation Failure) 5715.018: [ParNew: 35207K->2714K(36288K), 0.0047320 secs] 118586K->86942K(242952K), 0.0047910 secs] [Times: user=0.01 sys=0.00, real=0.00 secs] 
2015-10-30T16:07:27.865+0000: 5715.045: [GC (Allocation Failure) 5715.045: [ParNew: 35034K->2691K(36288K), 0.0039182 secs] 119262K->87609K(242952K), 0.0039751 secs] [Times: user=0.01 sys=0.00, real=0.01 secs] 
2015-10-30T16:07:27.889+0000: 5715.070: [GC (Allocation Failure) 5715.070: [ParNew: 35011K->3043K(36288K), 0.0044185 secs] 119929K->88588K(242952K), 0.0044775 secs] [Times: user=0.01 sys=0.00, real=0.00 secs] 
2015-10-30T16:07:27.913+0000: 5715.094: [GC (Allocation Failure) 5715.094: [ParNew: 35363K->2397K(36288K), 0.0026889 secs] 120908K->87942K(242952K), 0.0027585 secs] [Times: user=0.01 sys=0.00, real=0.00 secs] 
2015-10-30T16:07:27.935+0000: 5715.115: [GC (Allocation Failure) 5715.116: [ParNew: 34717K->3359K(36288K), 0.0029173 secs] 120262K->88903K(242952K), 0.0029799 secs] [Times: user=0.01 sys=0.00, real=0.01 secs] 
2015-10-30T16:07:27.968+0000: 5715.148: [GC (Allocation Failure) 5715.148: [ParNew: 33244K->3153K(36288K), 0.0040026 secs] 118789K->97298K(242952K), 0.0040773 secs] [Times: user=0.01 sys=0.00, real=0.00 secs] 
2015-10-30T16:07:27.972+0000: 5715.153: [GC (CMS Initial Mark) [1 CMS-initial-mark: 94145K(206664K)] 100160K(242952K), 0.0017038 secs] [Times: user=0.01 sys=0.00, real=0.00 secs] 
2015-10-30T16:07:27.974+0000: 5715.155: [CMS-concurrent-mark-start]
2015-10-30T16:07:28.028+0000: 5715.209: [CMS-concurrent-mark: 0.054/0.054 secs] [Times: user=0.11 sys=0.00, real=0.06 secs] 
2015-10-30T16:07:28.028+0000: 5715.209: [CMS-concurrent-preclean-start]
2015-10-30T16:07:28.030+0000: 5715.211: [CMS-concurrent-preclean: 0.002/0.002 secs] [Times: user=0.00 sys=0.00, real=0.00 secs] 
2015-10-30T16:07:28.039+0000: 5715.219: [CMS-concurrent-abortable-preclean-start]
 CMS: abort preclean due to time 2015-10-30T16:07:33.098+0000: 5720.278: [CMS-concurrent-abortable-preclean: 1.236/5.059 secs] [Times: user=1.32 sys=0.00, real=5.06 secs] 
2015-10-30T16:07:33.098+0000: 5720.279: [GC (CMS Final Remark) [YG occupancy: 11391 K (36288 K)]5720.280: [Rescan (parallel) , 0.0019012 secs]5720.281: [weak refs processing, 0.0000232 secs]5720.282: [class unloading, 0.0150082 secs]5720.297: [scrub symbol table, 0.0067021 secs]5720.303: [scrub string table, 0.0007584 secs][1 CMS-remark: 94145K(206664K)] 105537K(242952K), 0.0267557 secs] [Times: user=0.03 sys=0.00, real=0.02 secs] 
2015-10-30T16:07:33.125+0000: 5720.306: [CMS-concurrent-sweep-start]
2015-10-30T16:07:33.149+0000: 5720.330: [CMS-concurrent-sweep: 0.024/0.024 secs] [Times: user=0.03 sys=0.00, real=0.02 secs] 
2015-10-30T16:07:33.149+0000: 5720.330: [CMS-concurrent-reset-start]
2015-10-30T16:07:33.152+0000: 5720.332: [CMS-concurrent-reset: 0.002/0.002 secs] [Times: user=0.00 sys=0.00, real=0.00 secs] 
2015-10-30T16:07:35.151+0000: 5722.332: [GC (CMS Initial Mark) [1 CMS-initial-mark: 65763K(206664K)] 77856K(242952K), 0.0025591 secs] [Times: user=0.00 sys=0.00, real=0.00 secs] 
2015-10-30T16:07:35.154+0000: 5722.334: [CMS-concurrent-mark-start]
2015-10-30T16:07:35.190+0000: 5722.371: [CMS-concurrent-mark: 0.036/0.036 secs] [Times: user=0.04 sys=0.00, real=0.04 secs] 
2015-10-30T16:07:35.190+0000: 5722.371: [CMS-concurrent-preclean-start]
2015-10-30T16:07:35.192+0000: 5722.373: [CMS-concurrent-preclean: 0.002/0.002 secs] [Times: user=0.00 sys=0.00, real=0.00 secs] 
2015-10-30T16:07:35.192+0000: 5722.373: [CMS-concurrent-abortable-preclean-start]
2015-10-30T16:07:37.707+0000: 5724.888: [GC (Allocation Failure) 5724.888: [ParNew2015-10-30T16:07:37.721+0000: 5724.902: [CMS-concurrent-abortable-preclean: 0.625/2.529 secs] [Times: user=0.75 sys=0.01, real=2.53 secs] 
: 35473K->3968K(36288K), 0.0182519 secs] 101236K->85358K(242952K), 0.0183222 secs] [Times: user=0.06 sys=0.00, real=0.02 secs] 
2015-10-30T16:07:37.726+0000: 5724.907: [GC (CMS Final Remark) [YG occupancy: 4229 K (36288 K)]5724.907: [Rescan (parallel) , 0.0070717 secs]5724.914: [weak refs processing, 0.0000129 secs]5724.914: [class unloading, 0.0148940 secs]5724.929: [scrub symbol table, 0.0067400 secs]5724.935: [scrub string table, 0.0007638 secs][1 CMS-remark: 81390K(206664K)] 85620K(242952K), 0.0309813 secs] [Times: user=0.06 sys=0.00, real=0.03 secs] 
2015-10-30T16:07:37.758+0000: 5724.939: [CMS-concurrent-sweep-start]
2015-10-30T16:07:37.781+0000: 5724.961: [GC (Allocation Failure) 5724.961: [ParNew: 36288K->2401K(36288K), 0.0048862 secs] 117607K->86925K(242952K), 0.0049429 secs] [Times: user=0.01 sys=0.00, real=0.01 secs] 
2015-10-30T16:07:37.792+0000: 5724.972: [CMS-concurrent-sweep: 0.028/0.033 secs] [Times: user=0.11 sys=0.00, real=0.03 secs] 
2015-10-30T16:07:37.792+0000: 5724.972: [CMS-concurrent-reset-start]
2015-10-30T16:07:37.794+0000: 5724.975: [CMS-concurrent-reset: 0.003/0.003 secs] [Times: user=0.01 sys=0.00, real=0.00 secs] 
2015-10-30T16:07:37.809+0000: 5724.990: [GC (Allocation Failure) 5724.990: [ParNew: 34721K->1870K(36288K), 0.0025541 secs] 119215K->86365K(242952K), 0.0026119 secs] [Times: user=0.01 sys=0.00, real=0.00 secs] 
2015-10-30T16:07:37.835+0000: 5725.015: [GC (Allocation Failure) 5725.015: [ParNew: 34190K->2864K(36288K), 0.0031533 secs] 118685K->87359K(242952K), 0.0032171 secs] [Times: user=0.02 sys=0.00, real=0.01 secs] 
2015-10-30T16:07:37.859+0000: 5725.040: [GC (Allocation Failure) 5725.040: [ParNew: 35184K->3187K(36288K), 0.0044208 secs] 119679K->88507K(242952K), 0.0045026 secs] [Times: user=0.02 sys=0.00, real=0.00 secs] 
2015-10-30T16:07:37.885+0000: 5725.066: [GC (Allocation Failure) 5725.066: [ParNew: 35507K->2705K(36288K), 0.0039024 secs] 120827K->88726K(242952K), 0.0039629 secs] [Times: user=0.02 sys=0.00, real=0.00 secs] 
2015-10-30T16:07:37.908+0000: 5725.089: [GC (Allocation Failure) 5725.089: [ParNew: 35025K->3533K(36288K), 0.0031515 secs] 121046K->89555K(242952K), 0.0032118 secs] [Times: user=0.01 sys=0.00, real=0.00 secs] 
2015-10-30T16:07:37.933+0000: 5725.114: [GC (Allocation Failure) 5725.114: [ParNew: 35853K->2896K(36288K), 0.0037578 secs] 121875K->89573K(242952K), 0.0038194 secs] [Times: user=0.01 sys=0.00, real=0.01 secs] 
2015-10-30T16:07:37.957+0000: 5725.138: [GC (Allocation Failure) 5725.138: [ParNew: 35216K->3042K(36288K), 0.0028830 secs] 121893K->89720K(242952K), 0.0029417 secs] [Times: user=0.01 sys=0.00, real=0.00 secs] 
2015-10-30T16:07:37.990+0000: 5725.170: [GC (Allocation Failure) 5725.170: [ParNew: 32861K->3246K(36288K), 0.0039619 secs] 119539K->98515K(242952K), 0.0040384 secs] [Times: user=0.01 sys=0.00, real=0.00 secs] 
2015-10-30T16:07:37.994+0000: 5725.175: [GC (CMS Initial Mark) [1 CMS-initial-mark: 95269K(206664K)] 101376K(242952K), 0.0015448 secs] [Times: user=0.01 sys=0.00, real=0.00 secs] 
2015-10-30T16:07:37.996+0000: 5725.176: [CMS-concurrent-mark-start]
2015-10-30T16:07:38.033+0000: 5725.214: [CMS-concurrent-mark: 0.037/0.037 secs] [Times: user=0.07 sys=0.00, real=0.04 secs] 
2015-10-30T16:07:38.033+0000: 5725.214: [CMS-concurrent-preclean-start]
2015-10-30T16:07:38.035+0000: 5725.215: [CMS-concurrent-preclean: 0.002/0.002 secs] [Times: user=0.01 sys=0.00, real=0.00 secs] 
2015-10-30T16:07:38.035+0000: 5725.215: [CMS-concurrent-abortable-preclean-start]
 CMS: abort preclean due to time 2015-10-30T16:07:43.122+0000: 5730.302: [CMS-concurrent-abortable-preclean: 1.233/5.087 secs] [Times: user=1.31 sys=0.01, real=5.09 secs] 
2015-10-30T16:07:43.122+0000: 5730.303: [GC (CMS Final Remark) [YG occupancy: 11521 K (36288 K)]5730.304: [Rescan (parallel) , 0.0018994 secs]5730.306: [weak refs processing, 0.0000172 secs]5730.306: [class unloading, 0.0147194 secs]5730.321: [scrub symbol table, 0.0066668 secs]5730.327: [scrub string table, 0.0007547 secs][1 CMS-remark: 95269K(206664K)] 106791K(242952K), 0.0267730 secs] [Times: user=0.03 sys=0.00, real=0.03 secs] 
2015-10-30T16:07:43.149+0000: 5730.330: [CMS-concurrent-sweep-start]
2015-10-30T16:07:43.173+0000: 5730.354: [CMS-concurrent-sweep: 0.024/0.024 secs] [Times: user=0.02 sys=0.00, real=0.02 secs] 
2015-10-30T16:07:43.173+0000: 5730.354: [CMS-concurrent-reset-start]
2015-10-30T16:07:43.176+0000: 5730.356: [CMS-concurrent-reset: 0.002/0.002 secs] [Times: user=0.00 sys=0.00, real=0.00 secs] 
2015-10-30T16:07:45.176+0000: 5732.356: [GC (CMS Initial Mark) [1 CMS-initial-mark: 67351K(206664K)] 79555K(242952K), 0.0022644 secs] [Times: user=0.01 sys=0.00, real=0.01 secs] 
2015-10-30T16:07:45.178+0000: 5732.359: [CMS-concurrent-mark-start]
2015-10-30T16:07:45.214+0000: 5732.394: [CMS-concurrent-mark: 0.036/0.036 secs] [Times: user=0.03 sys=0.00, real=0.03 secs] 
2015-10-30T16:07:45.214+0000: 5732.395: [CMS-concurrent-preclean-start]
2015-10-30T16:07:45.216+0000: 5732.397: [CMS-concurrent-preclean: 0.002/0.002 secs] [Times: user=0.01 sys=0.00, real=0.00 secs] 
2015-10-30T16:07:45.216+0000: 5732.397: [CMS-concurrent-abortable-preclean-start]
2015-10-30T16:07:47.665+0000: 5734.846: [GC (Allocation Failure) 5734.846: [ParNew: 35566K->3968K(36288K), 0.0162874 secs] 102917K->86497K(242952K), 0.0163821 secs] [Times: user=0.06 sys=0.00, real=0.01 secs] 
2015-10-30T16:07:47.705+0000: 5734.886: [GC (Allocation Failure) 5734.886: [ParNew: 36288K->3782K(36288K), 0.0057532 secs] 118817K->90320K(242952K), 0.0058271 secs] [Times: user=0.03 sys=0.00, real=0.00 secs] 
2015-10-30T16:07:47.711+0000: 5734.892: [CMS-concurrent-abortable-preclean: 0.566/2.495 secs] [Times: user=0.77 sys=0.01, real=2.50 secs] 
2015-10-30T16:07:47.713+0000: 5734.894: [GC (CMS Final Remark) [YG occupancy: 4038 K (36288 K)]5734.894: [Rescan (parallel) , 0.0032146 secs]5734.897: [weak refs processing, 0.0000125 secs]5734.897: [class unloading, 0.0146740 secs]5734.912: [scrub symbol table, 0.0066226 secs]5734.918: [scrub string table, 0.0007458 secs][1 CMS-remark: 86538K(206664K)] 90576K(242952K), 0.0266740 secs] [Times: user=0.03 sys=0.00, real=0.03 secs] 
2015-10-30T16:07:47.740+0000: 5734.921: [CMS-concurrent-sweep-start]
2015-10-30T16:07:47.762+0000: 5734.942: [GC (Allocation Failure) 5734.942: [ParNew: 36102K->2456K(36288K), 0.0026826 secs] 121440K->87794K(242952K), 0.0027408 secs] [Times: user=0.01 sys=0.00, real=0.00 secs] 
2015-10-30T16:07:47.769+0000: 5734.950: [CMS-concurrent-sweep: 0.026/0.029 secs] [Times: user=0.11 sys=0.00, real=0.03 secs] 
2015-10-30T16:07:47.769+0000: 5734.950: [CMS-concurrent-reset-start]
2015-10-30T16:07:47.772+0000: 5734.952: [CMS-concurrent-reset: 0.003/0.003 secs] [Times: user=0.01 sys=0.00, real=0.00 secs] 
2015-10-30T16:07:47.785+0000: 5734.966: [GC (Allocation Failure) 5734.966: [ParNew: 34776K->3799K(36288K), 0.0034827 secs] 119761K->88785K(242952K), 0.0035508 secs] [Times: user=0.01 sys=0.00, real=0.00 secs] 
2015-10-30T16:07:47.819+0000: 5734.999: [GC (Allocation Failure) 5734.999: [ParNew: 36119K->3461K(36288K), 0.0044456 secs] 121105K->89472K(242952K), 0.0045066 secs] [Times: user=0.02 sys=0.00, real=0.00 secs] 
2015-10-30T16:07:47.849+0000: 5735.029: [GC (Allocation Failure) 5735.029: [ParNew: 35781K->3371K(36288K), 0.0040845 secs] 121792K->90090K(242952K), 0.0041488 secs] [Times: user=0.02 sys=0.00, real=0.00 secs] 
2015-10-30T16:07:47.872+0000: 5735.052: [GC (Allocation Failure) 5735.052: [ParNew: 35691K->3830K(36288K), 0.0041080 secs] 122410K->91171K(242952K), 0.0041711 secs] [Times: user=0.01 sys=0.00, real=0.00 secs] 
2015-10-30T16:07:47.897+0000: 5735.078: [GC (Allocation Failure) 5735.078: [ParNew: 36150K->2307K(36288K), 0.0034841 secs] 123491K->90299K(242952K), 0.0035460 secs] [Times: user=0.01 sys=0.00, real=0.00 secs] 
2015-10-30T16:07:47.921+0000: 5735.102: [GC (Allocation Failure) 5735.102: [ParNew: 34627K->2090K(36288K), 0.0029431 secs] 122619K->90081K(242952K), 0.0030008 secs] [Times: user=0.00 sys=0.00, real=0.00 secs] 
2015-10-30T16:07:47.954+0000: 5735.135: [GC (Allocation Failure) 5735.135: [ParNew: 32991K->3087K(36288K), 0.0032465 secs] 120983K->99055K(242952K), 0.0033213 secs] [Times: user=0.01 sys=0.00, real=0.01 secs] 
2015-10-30T16:07:47.958+0000: 5735.138: [GC (CMS Initial Mark) [1 CMS-initial-mark: 95967K(206664K)] 101909K(242952K), 0.0016611 secs] [Times: user=0.00 sys=0.00, real=0.00 secs] 
2015-10-30T16:07:47.960+0000: 5735.140: [CMS-concurrent-mark-start]
2015-10-30T16:07:47.996+0000: 5735.176: [CMS-concurrent-mark: 0.036/0.036 secs] [Times: user=0.08 sys=0.00, real=0.03 secs] 
2015-10-30T16:07:47.996+0000: 5735.176: [CMS-concurrent-preclean-start]
2015-10-30T16:07:47.997+0000: 5735.178: [CMS-concurrent-preclean: 0.001/0.001 secs] [Times: user=0.00 sys=0.00, real=0.01 secs] 
2015-10-30T16:07:47.997+0000: 5735.178: [CMS-concurrent-abortable-preclean-start]
2015-10-30T16:07:52.709+0000: 5739.890: [GC (Allocation Failure) 5739.890: [ParNew: 35407K->3968K(36288K), 0.0147621 secs] 131375K->114670K(242952K), 0.0148533 secs] [Times: user=0.04 sys=0.00, real=0.01 secs] 
2015-10-30T16:07:52.747+0000: 5739.928: [CMS-concurrent-abortable-preclean: 1.202/4.750 secs] [Times: user=1.40 sys=0.01, real=4.75 secs] 
2015-10-30T16:07:52.752+0000: 5739.933: [GC (CMS Final Remark) [YG occupancy: 31633 K (36288 K)]5739.933: [Rescan (parallel) , 0.0146618 secs]5739.948: [weak refs processing, 0.0000252 secs]5739.948: [class unloading, 0.0150042 secs]5739.963: [scrub symbol table, 0.0066555 secs]5739.969: [scrub string table, 0.0007700 secs][1 CMS-remark: 110702K(206664K)] 142335K(242952K), 0.0386229 secs] [Times: user=0.08 sys=0.00, real=0.04 secs] 
2015-10-30T16:07:52.794+0000: 5739.974: [CMS-concurrent-sweep-start]
2015-10-30T16:07:52.794+0000: 5739.975: [GC (Allocation Failure) 5739.975: [ParNew: 36288K->3968K(36288K), 0.0097680 secs] 146990K->121888K(242952K), 0.0098468 secs] [Times: user=0.04 sys=0.00, real=0.01 secs] 
2015-10-30T16:07:52.825+0000: 5740.006: [GC (Allocation Failure) 5740.006: [ParNew: 36288K->3589K(36288K), 0.0054790 secs] 144689K->115612K(242952K), 0.0055695 secs] [Times: user=0.02 sys=0.00, real=0.01 secs] 
2015-10-30T16:07:52.851+0000: 5740.032: [CMS-concurrent-sweep: 0.051/0.057 secs] [Times: user=0.22 sys=0.00, real=0.06 secs] 
2015-10-30T16:07:52.851+0000: 5740.032: [CMS-concurrent-reset-start]
2015-10-30T16:07:52.857+0000: 5740.038: [GC (Allocation Failure) 5740.038: [ParNew: 35909K->2233K(36288K), 0.0026058 secs] 129201K->95525K(242952K), 0.0026493 secs] [Times: user=0.01 sys=0.00, real=0.00 secs] 
2015-10-30T16:07:52.861+0000: 5740.041: [CMS-concurrent-reset: 0.003/0.010 secs] [Times: user=0.02 sys=0.00, real=0.01 secs] 
2015-10-30T16:07:52.878+0000: 5740.058: [GC (Allocation Failure) 5740.058: [ParNew: 34553K->3430K(36288K), 0.0032498 secs] 127845K->96722K(242952K), 0.0033088 secs] [Times: user=0.01 sys=0.00, real=0.00 secs] 
2015-10-30T16:07:52.901+0000: 5740.082: [GC (Allocation Failure) 5740.082: [ParNew: 35750K->3506K(36288K), 0.0041574 secs] 129042K->97540K(242952K), 0.0042163 secs] [Times: user=0.02 sys=0.00, real=0.01 secs] 
2015-10-30T16:07:52.924+0000: 5740.104: [GC (Allocation Failure) 5740.105: [ParNew: 35826K->3924K(36288K), 0.0041305 secs] 129860K->98644K(242952K), 0.0041914 secs] [Times: user=0.01 sys=0.00, real=0.01 secs] 
2015-10-30T16:07:52.946+0000: 5740.126: [GC (Allocation Failure) 5740.126: [ParNew: 36244K->3533K(36288K), 0.0034204 secs] 130964K->98845K(242952K), 0.0034799 secs] [Times: user=0.02 sys=0.00, real=0.00 secs] 
2015-10-30T16:07:52.969+0000: 5740.149: [GC (Allocation Failure) 5740.149: [ParNew: 35853K->2327K(36288K), 0.0024619 secs] 131165K->97639K(242952K), 0.0025216 secs] [Times: user=0.01 sys=0.00, real=0.00 secs] 
2015-10-30T16:07:53.000+0000: 5740.181: [GC (Allocation Failure) 5740.181: [ParNew: 31779K->3420K(36288K), 0.0028051 secs] 127091K->104050K(242952K), 0.0028748 secs] [Times: user=0.01 sys=0.00, real=0.00 secs] 
2015-10-30T16:07:53.004+0000: 5740.185: [GC (CMS Initial Mark) [1 CMS-initial-mark: 100629K(206664K)] 112027K(242952K), 0.0015955 secs] [Times: user=0.00 sys=0.00, real=0.01 secs] 
2015-10-30T16:07:53.006+0000: 5740.186: [CMS-concurrent-mark-start]
2015-10-30T16:07:53.042+0000: 5740.223: [CMS-concurrent-mark: 0.036/0.036 secs] [Times: user=0.08 sys=0.00, real=0.03 secs] 
2015-10-30T16:07:53.042+0000: 5740.223: [CMS-concurrent-preclean-start]
2015-10-30T16:07:53.044+0000: 5740.224: [CMS-concurrent-preclean: 0.001/0.001 secs] [Times: user=0.00 sys=0.00, real=0.00 secs] 
2015-10-30T16:07:53.044+0000: 5740.224: [CMS-concurrent-abortable-preclean-start]
 CMS: abort preclean due to time 2015-10-30T16:07:58.062+0000: 5745.243: [CMS-concurrent-abortable-preclean: 1.260/5.019 secs] [Times: user=1.35 sys=0.01, real=5.02 secs] 
2015-10-30T16:07:58.062+0000: 5745.243: [GC (CMS Final Remark) [YG occupancy: 21089 K (36288 K)]5745.243: [Rescan (parallel) , 0.0025044 secs]5745.245: [weak refs processing, 0.0000255 secs]5745.245: [class unloading, 0.0146964 secs]5745.260: [scrub symbol table, 0.0066367 secs]5745.267: [scrub string table, 0.0007534 secs][1 CMS-remark: 100629K(206664K)] 121718K(242952K), 0.0260510 secs] [Times: user=0.04 sys=0.00, real=0.03 secs] 
2015-10-30T16:07:58.089+0000: 5745.269: [CMS-concurrent-sweep-start]
2015-10-30T16:07:58.125+0000: 5745.306: [CMS-concurrent-sweep: 0.037/0.037 secs] [Times: user=0.03 sys=0.00, real=0.04 secs] 
2015-10-30T16:07:58.126+0000: 5745.306: [CMS-concurrent-reset-start]
2015-10-30T16:07:58.128+0000: 5745.308: [CMS-concurrent-reset: 0.002/0.002 secs] [Times: user=0.01 sys=0.00, real=0.00 secs] 
2015-10-30T16:08:00.059+0000: 5747.240: [GC (Allocation Failure) 5747.240: [ParNew: 35740K->3968K(36288K), 0.0103302 secs] 106873K->80436K(242952K), 0.0104284 secs] [Times: user=0.03 sys=0.00, real=0.01 secs] 
2015-10-30T16:08:00.091+0000: 5747.271: [GC (Allocation Failure) 5747.271: [ParNew: 36288K->3968K(36288K), 0.0181263 secs] 112756K->92832K(242952K), 0.0182365 secs] [Times: user=0.06 sys=0.00, real=0.02 secs] 
2015-10-30T16:08:00.130+0000: 5747.311: [GC (Allocation Failure) 5747.311: [ParNew: 36288K->3968K(36288K), 0.0160055 secs] 125152K->98307K(242952K), 0.0160959 secs] [Times: user=0.05 sys=0.00, real=0.02 secs] 
2015-10-30T16:08:00.165+0000: 5747.346: [GC (Allocation Failure) 5747.346: [ParNew: 36288K->3732K(36288K), 0.0104810 secs] 130627K->101621K(242952K), 0.0105698 secs] [Times: user=0.04 sys=0.00, real=0.00 secs] 
2015-10-30T16:08:00.196+0000: 5747.377: [GC (Allocation Failure) 5747.377: [ParNew: 36052K->3191K(36288K), 0.0059712 secs] 133941K->101079K(242952K), 0.0060530 secs] [Times: user=0.02 sys=0.00, real=0.01 secs] 
2015-10-30T16:08:00.229+0000: 5747.410: [GC (Allocation Failure) 5747.410: [ParNew: 35511K->3968K(36288K), 0.0079987 secs] 133399K->102460K(242952K), 0.0080789 secs] [Times: user=0.03 sys=0.00, real=0.01 secs] 
2015-10-30T16:08:00.264+0000: 5747.445: [GC (GCLocker Initiated GC) 5747.445: [ParNew: 36288K->3804K(36288K), 0.0073166 secs] 135410K->104386K(242952K), 0.0073979 secs] [Times: user=0.03 sys=0.00, real=0.01 secs] 
2015-10-30T16:08:00.312+0000: 5747.492: [GC (Allocation Failure) 5747.492: [ParNew: 36287K->3968K(36288K), 0.0063020 secs] 137373K->108453K(242952K), 0.0063727 secs] [Times: user=0.03 sys=0.00, real=0.01 secs] 
2015-10-30T16:08:00.322+0000: 5747.502: [GC (GCLocker Initiated GC) 5747.502: [ParNew: 8972K->1877K(36288K), 0.0031338 secs] 113458K->109459K(242952K), 0.0031706 secs] [Times: user=0.01 sys=0.00, real=0.01 secs] 
2015-10-30T16:08:00.329+0000: 5747.510: [GC (CMS Initial Mark) [1 CMS-initial-mark: 107581K(206664K)] 110956K(242952K), 0.0012311 secs] [Times: user=0.01 sys=0.00, real=0.00 secs] 
2015-10-30T16:08:00.331+0000: 5747.511: [CMS-concurrent-mark-start]
2015-10-30T16:08:00.363+0000: 5747.544: [GC (Allocation Failure) 5747.544: [ParNew: 34197K->3968K(36288K), 0.0084353 secs] 141779K->114289K(242952K), 0.0084992 secs] [Times: user=0.03 sys=0.00, real=0.01 secs] 
2015-10-30T16:08:00.431+0000: 5747.612: [CMS-concurrent-mark: 0.092/0.101 secs] [Times: user=0.29 sys=0.00, real=0.10 secs] 
2015-10-30T16:08:00.431+0000: 5747.612: [CMS-concurrent-preclean-start]
2015-10-30T16:08:00.438+0000: 5747.618: [CMS-concurrent-preclean: 0.006/0.006 secs] [Times: user=0.01 sys=0.00, real=0.01 secs] 
2015-10-30T16:08:00.438+0000: 5747.618: [CMS-concurrent-abortable-preclean-start]
2015-10-30T16:08:02.491+0000: 5749.671: [GC (Allocation Failure) 5749.672: [ParNew: 36288K->3852K(36288K), 0.0080846 secs] 146609K->117469K(242952K), 0.0081548 secs] [Times: user=0.02 sys=0.01, real=0.01 secs] 
2015-10-30T16:08:02.536+0000: 5749.717: [GC (Allocation Failure) 5749.717: [ParNew: 36172K->3968K(36288K), 0.0057833 secs] 149789K->119664K(242952K), 0.0058477 secs] [Times: user=0.02 sys=0.00, real=0.01 secs] 
2015-10-30T16:08:02.560+0000: 5749.740: [CMS-concurrent-abortable-preclean: 0.616/2.122 secs] [Times: user=1.05 sys=0.03, real=2.12 secs] 
2015-10-30T16:08:02.561+0000: 5749.742: [GC (CMS Final Remark) [YG occupancy: 19075 K (36288 K)]5749.742: [Rescan (parallel) , 0.0065794 secs]5749.748: [weak refs processing, 0.0000220 secs]5749.748: [class unloading, 0.0151830 secs]5749.764: [scrub symbol table, 0.0066580 secs]5749.770: [scrub string table, 0.0007498 secs][1 CMS-remark: 115696K(206664K)] 134771K(242952K), 0.0306556 secs] [Times: user=0.05 sys=0.00, real=0.03 secs] 
2015-10-30T16:08:02.601+0000: 5749.782: [CMS-concurrent-sweep-start]
2015-10-30T16:08:02.602+0000: 5749.782: [GC (Allocation Failure) 5749.782: [ParNew: 36288K->3968K(36288K), 0.0076185 secs] 151960K->121756K(242952K), 0.0076847 secs] [Times: user=0.03 sys=0.00, real=0.01 secs] 
2015-10-30T16:08:02.634+0000: 5749.815: [GC (Allocation Failure) 5749.815: [ParNew: 36288K->3968K(36288K), 0.0093439 secs] 147880K->118370K(242952K), 0.0094272 secs] [Times: user=0.04 sys=0.00, real=0.01 secs] 
2015-10-30T16:08:02.704+0000: 5749.885: [CMS-concurrent-sweep: 0.085/0.103 secs] [Times: user=0.28 sys=0.02, real=0.10 secs] 
2015-10-30T16:08:02.704+0000: 5749.885: [CMS-concurrent-reset-start]
2015-10-30T16:08:02.707+0000: 5749.888: [CMS-concurrent-reset: 0.003/0.003 secs] [Times: user=0.01 sys=0.00, real=0.01 secs] 
2015-10-30T16:08:02.709+0000: 5749.890: [GC (Allocation Failure) 5749.890: [ParNew: 36229K->3968K(36288K), 0.0154209 secs] 112559K->95093K(242952K), 0.0154987 secs] [Times: user=0.05 sys=0.00, real=0.01 secs] 
2015-10-30T16:08:02.725+0000: 5749.905: [GC (CMS Initial Mark) [1 CMS-initial-mark: 91125K(206664K)] 95262K(242952K), 0.0019268 secs] [Times: user=0.01 sys=0.00, real=0.01 secs] 
2015-10-30T16:08:02.727+0000: 5749.907: [CMS-concurrent-mark-start]
2015-10-30T16:08:02.761+0000: 5749.941: [GC (Allocation Failure) 5749.941: [ParNew: 36288K->3968K(36288K), 0.0102809 secs] 127413K->102013K(242952K), 0.0103690 secs] [Times: user=0.03 sys=0.01, real=0.01 secs] 
2015-10-30T16:08:02.796+0000: 5749.977: [CMS-concurrent-mark: 0.059/0.069 secs] [Times: user=0.22 sys=0.01, real=0.06 secs] 
2015-10-30T16:08:02.797+0000: 5749.977: [GC (Allocation Failure) 5749.977: [ParNew: 36288K->3915K(36288K), 0.0058803 secs] 134333K->105780K(242952K), 0.0059279 secs] [Times: user=0.02 sys=0.00, real=0.01 secs] 
2015-10-30T16:08:02.803+0000: 5749.983: [CMS-concurrent-preclean-start]
2015-10-30T16:08:02.820+0000: 5750.000: [CMS-concurrent-preclean: 0.015/0.017 secs] [Times: user=0.06 sys=0.00, real=0.02 secs] 
2015-10-30T16:08:02.820+0000: 5750.000: [CMS-concurrent-abortable-preclean-start]
2015-10-30T16:08:02.829+0000: 5750.010: [GC (Allocation Failure) 5750.010: [ParNew: 36235K->2167K(36288K), 0.0032595 secs] 138100K->104032K(242952K), 0.0033156 secs] [Times: user=0.00 sys=0.00, real=0.00 secs] 
2015-10-30T16:08:02.835+0000: 5750.015: [CMS-concurrent-abortable-preclean: 0.008/0.015 secs] [Times: user=0.04 sys=0.00, real=0.01 secs] 
2015-10-30T16:08:02.849+0000: 5750.030: [GC (CMS Final Remark) [YG occupancy: 25933 K (36288 K)]5750.030: [Rescan (parallel) , 0.0165007 secs]5750.046: [weak refs processing, 0.0000284 secs]5750.046: [class unloading, 0.0156173 secs]5750.062: [scrub symbol table, 0.0066793 secs]5750.069: [scrub string table, 0.0007585 secs][1 CMS-remark: 101864K(206664K)] 127798K(242952K), 0.0411262 secs] [Times: user=0.08 sys=0.00, real=0.04 secs] 
2015-10-30T16:08:02.890+0000: 5750.071: [CMS-concurrent-sweep-start]
2015-10-30T16:08:02.897+0000: 5750.077: [GC (Allocation Failure) 5750.077: [ParNew: 34487K->3153K(36288K), 0.0032881 secs] 134355K->103020K(242952K), 0.0033426 secs] [Times: user=0.01 sys=0.00, real=0.01 secs] 
2015-10-30T16:08:02.929+0000: 5750.109: [GC (Allocation Failure) 5750.109: [ParNew: 35473K->2837K(36288K), 0.0045028 secs] 125410K->93520K(242952K), 0.0045667 secs] [Times: user=0.02 sys=0.00, real=0.00 secs] 
2015-10-30T16:08:02.946+0000: 5750.127: [CMS-concurrent-sweep: 0.041/0.056 secs] [Times: user=0.21 sys=0.00, real=0.06 secs] 
2015-10-30T16:08:02.947+0000: 5750.127: [CMS-concurrent-reset-start]
2015-10-30T16:08:02.954+0000: 5750.134: [GC (Allocation Failure) 5750.134: [ParNew: 35157K->3968K(36288K), 0.0048453 secs] 120507K->90012K(242952K), 0.0049103 secs] [Times: user=0.01 sys=0.00, real=0.01 secs] 
2015-10-30T16:08:02.959+0000: 5750.140: [CMS-concurrent-reset: 0.007/0.012 secs] [Times: user=0.04 sys=0.00, real=0.01 secs] 
2015-10-30T16:08:02.977+0000: 5750.158: [GC (Allocation Failure) 5750.158: [ParNew: 36288K->2494K(36288K), 0.0037017 secs] 122332K->89091K(242952K), 0.0037625 secs] [Times: user=0.01 sys=0.00, real=0.01 secs] 
2015-10-30T16:08:03.005+0000: 5750.186: [GC (Allocation Failure) 5750.186: [ParNew: 34814K->1833K(36288K), 0.0026810 secs] 121411K->88430K(242952K), 0.0027384 secs] [Times: user=0.01 sys=0.00, real=0.00 secs] 
2015-10-30T16:08:03.036+0000: 5750.217: [GC (Allocation Failure) 5750.217: [ParNew: 30130K->3405K(36288K), 0.0028773 secs] 116727K->95319K(242952K), 0.0029504 secs] [Times: user=0.01 sys=0.00, real=0.01 secs] 
2015-10-30T16:08:03.040+0000: 5750.221: [GC (CMS Initial Mark) [1 CMS-initial-mark: 91914K(206664K)] 103298K(242952K), 0.0017188 secs] [Times: user=0.00 sys=0.00, real=0.00 secs] 
2015-10-30T16:08:03.042+0000: 5750.223: [CMS-concurrent-mark-start]
2015-10-30T16:08:03.099+0000: 5750.279: [CMS-concurrent-mark: 0.057/0.057 secs] [Times: user=0.12 sys=0.00, real=0.06 secs] 
2015-10-30T16:08:03.099+0000: 5750.279: [CMS-concurrent-preclean-start]
2015-10-30T16:08:03.102+0000: 5750.282: [CMS-concurrent-preclean: 0.002/0.003 secs] [Times: user=0.00 sys=0.00, real=0.00 secs] 
2015-10-30T16:08:03.102+0000: 5750.282: [CMS-concurrent-abortable-preclean-start]
2015-10-30T16:08:07.653+0000: 5754.833: [GC (Allocation Failure) 5754.833: [ParNew: 35725K->3967K(36288K), 0.0145354 secs] 127639K->111342K(242952K), 0.0146339 secs] [Times: user=0.04 sys=0.00, real=0.02 secs] 
2015-10-30T16:08:07.694+0000: 5754.875: [CMS-concurrent-abortable-preclean: 1.096/4.593 secs] [Times: user=1.29 sys=0.02, real=4.59 secs] 
2015-10-30T16:08:07.697+0000: 5754.878: [GC (CMS Final Remark) [YG occupancy: 34709 K (36288 K)]5754.878: [Rescan (parallel) , 0.0171796 secs]5754.895: [weak refs processing, 0.0000193 secs]5754.895: [class unloading, 0.0146380 secs]5754.910: [scrub symbol table, 0.0066007 secs]5754.916: [scrub string table, 0.0007513 secs][1 CMS-remark: 107375K(206664K)] 142084K(242952K), 0.0406435 secs] [Times: user=0.08 sys=0.00, real=0.04 secs] 
2015-10-30T16:08:07.738+0000: 5754.919: [CMS-concurrent-sweep-start]
2015-10-30T16:08:07.740+0000: 5754.920: [GC (Allocation Failure) 5754.920: [ParNew: 36287K->3968K(36288K), 0.0066537 secs] 143453K->115693K(242952K), 0.0067161 secs] [Times: user=0.02 sys=0.00, real=0.01 secs] 
2015-10-30T16:08:07.768+0000: 5754.948: [GC (Allocation Failure) 5754.948: [ParNew: 36288K->3292K(36288K), 0.0055325 secs] 137465K->108237K(242952K), 0.0056074 secs] [Times: user=0.02 sys=0.00, real=0.00 secs] 
2015-10-30T16:08:07.797+0000: 5754.977: [CMS-concurrent-sweep: 0.043/0.059 secs] [Times: user=0.21 sys=0.00, real=0.05 secs] 
2015-10-30T16:08:07.797+0000: 5754.977: [CMS-concurrent-reset-start]
2015-10-30T16:08:07.799+0000: 5754.980: [CMS-concurrent-reset: 0.002/0.002 secs] [Times: user=0.01 sys=0.00, real=0.01 secs] 
2015-10-30T16:08:07.807+0000: 5754.987: [GC (Allocation Failure) 5754.987: [ParNew: 35612K->2169K(36288K), 0.0032782 secs] 132673K->99230K(242952K), 0.0033229 secs] [Times: user=0.01 sys=0.00, real=0.00 secs] 
2015-10-30T16:08:07.828+0000: 5755.009: [GC (Allocation Failure) 5755.009: [ParNew: 34489K->3398K(36288K), 0.0043760 secs] 131550K->100459K(242952K), 0.0044403 secs] [Times: user=0.01 sys=0.00, real=0.00 secs] 
2015-10-30T16:08:07.857+0000: 5755.038: [GC (Allocation Failure) 5755.038: [ParNew: 35718K->3536K(36288K), 0.0046579 secs] 132779K->101372K(242952K), 0.0047289 secs] [Times: user=0.01 sys=0.00, real=0.00 secs] 
2015-10-30T16:08:07.881+0000: 5755.062: [GC (Allocation Failure) 5755.062: [ParNew: 35856K->3097K(36288K), 0.0051112 secs] 133692K->101646K(242952K), 0.0051867 secs] [Times: user=0.02 sys=0.00, real=0.01 secs] 
2015-10-30T16:08:07.909+0000: 5755.090: [GC (Allocation Failure) 5755.090: [ParNew: 35417K->2077K(36288K), 0.0035846 secs] 133966K->101188K(242952K), 0.0036533 secs] [Times: user=0.01 sys=0.00, real=0.00 secs] 
2015-10-30T16:08:07.933+0000: 5755.114: [GC (Allocation Failure) 5755.114: [ParNew: 34397K->2368K(36288K), 0.0028805 secs] 133508K->101478K(242952K), 0.0029375 secs] [Times: user=0.01 sys=0.00, real=0.00 secs] 
2015-10-30T16:08:07.965+0000: 5755.145: [GC (Allocation Failure) 5755.145: [ParNew: 30592K->2835K(36288K), 0.0031610 secs] 129702K->107264K(242952K), 0.0032320 secs] [Times: user=0.01 sys=0.00, real=0.01 secs] 
2015-10-30T16:08:07.969+0000: 5755.149: [GC (CMS Initial Mark) [1 CMS-initial-mark: 104428K(206664K)] 115240K(242952K), 0.0020380 secs] [Times: user=0.01 sys=0.00, real=0.00 secs] 
2015-10-30T16:08:07.971+0000: 5755.152: [CMS-concurrent-mark-start]
2015-10-30T16:08:08.009+0000: 5755.189: [CMS-concurrent-mark: 0.038/0.038 secs] [Times: user=0.07 sys=0.00, real=0.04 secs] 
2015-10-30T16:08:08.009+0000: 5755.190: [CMS-concurrent-preclean-start]
2015-10-30T16:08:08.010+0000: 5755.191: [CMS-concurrent-preclean: 0.001/0.001 secs] [Times: user=0.01 sys=0.00, real=0.00 secs] 
2015-10-30T16:08:08.010+0000: 5755.191: [CMS-concurrent-abortable-preclean-start]
 CMS: abort preclean due to time 2015-10-30T16:08:13.122+0000: 5760.302: [CMS-concurrent-abortable-preclean: 1.149/5.111 secs] [Times: user=1.23 sys=0.00, real=5.11 secs] 
2015-10-30T16:08:13.122+0000: 5760.302: [GC (CMS Final Remark) [YG occupancy: 19432 K (36288 K)]5760.302: [Rescan (parallel) , 0.0024682 secs]5760.305: [weak refs processing, 0.0000214 secs]5760.305: [class unloading, 0.0154654 secs]5760.320: [scrub symbol table, 0.0066736 secs]5760.327: [scrub string table, 0.0007581 secs][1 CMS-remark: 104428K(206664K)] 123860K(242952K), 0.0268788 secs] [Times: user=0.02 sys=0.00, real=0.03 secs] 
2015-10-30T16:08:13.149+0000: 5760.329: [CMS-concurrent-sweep-start]
2015-10-30T16:08:13.179+0000: 5760.359: [CMS-concurrent-sweep: 0.030/0.030 secs] [Times: user=0.03 sys=0.00, real=0.03 secs] 
2015-10-30T16:08:13.179+0000: 5760.359: [CMS-concurrent-reset-start]
2015-10-30T16:08:13.181+0000: 5760.362: [CMS-concurrent-reset: 0.002/0.002 secs] [Times: user=0.01 sys=0.00, real=0.00 secs] 
2015-10-30T16:08:15.181+0000: 5762.361: [GC (CMS Initial Mark) [1 CMS-initial-mark: 72649K(206664K)] 92802K(242952K), 0.0025871 secs] [Times: user=0.01 sys=0.00, real=0.00 secs] 
2015-10-30T16:08:15.183+0000: 5762.364: [CMS-concurrent-mark-start]
2015-10-30T16:08:15.222+0000: 5762.402: [CMS-concurrent-mark: 0.039/0.039 secs] [Times: user=0.04 sys=0.00, real=0.04 secs] 
2015-10-30T16:08:15.222+0000: 5762.402: [CMS-concurrent-preclean-start]
2015-10-30T16:08:15.224+0000: 5762.405: [CMS-concurrent-preclean: 0.002/0.002 secs] [Times: user=0.00 sys=0.00, real=0.00 secs] 
2015-10-30T16:08:15.224+0000: 5762.405: [CMS-concurrent-abortable-preclean-start]
2015-10-30T16:08:17.646+0000: 5764.826: [GC (Allocation Failure) 5764.826: [ParNew: 35155K->3968K(36288K), 0.0123992 secs] 107805K->90838K(242952K), 0.0124958 secs] [Times: user=0.05 sys=0.00, real=0.01 secs] 
2015-10-30T16:08:17.687+0000: 5764.868: [CMS-concurrent-abortable-preclean: 0.590/2.463 secs] [Times: user=0.73 sys=0.01, real=2.47 secs] 
2015-10-30T16:08:17.689+0000: 5764.869: [GC (CMS Final Remark) [YG occupancy: 27678 K (36288 K)]5764.869: [Rescan (parallel) , 0.0165606 secs]5764.886: [weak refs processing, 0.0000184 secs]5764.886: [class unloading, 0.0146032 secs]5764.901: [scrub symbol table, 0.0066412 secs]5764.907: [scrub string table, 0.0007499 secs][1 CMS-remark: 86870K(206664K)] 114548K(242952K), 0.0400113 secs] [Times: user=0.07 sys=0.00, real=0.04 secs] 
2015-10-30T16:08:17.729+0000: 5764.910: [CMS-concurrent-sweep-start]
2015-10-30T16:08:17.735+0000: 5764.915: [GC (Allocation Failure) 5764.915: [ParNew: 36288K->3968K(36288K), 0.0068981 secs] 123138K->96557K(242952K), 0.0069658 secs] [Times: user=0.03 sys=0.01, real=0.01 secs] 
2015-10-30T16:08:17.763+0000: 5764.944: [GC (Allocation Failure) 5764.944: [ParNew: 36288K->3440K(36288K), 0.0058909 secs] 128020K->98809K(242952K), 0.0059602 secs] [Times: user=0.02 sys=0.00, real=0.01 secs] 
2015-10-30T16:08:17.780+0000: 5764.960: [CMS-concurrent-sweep: 0.037/0.051 secs] [Times: user=0.18 sys=0.01, real=0.05 secs] 
2015-10-30T16:08:17.780+0000: 5764.961: [CMS-concurrent-reset-start]
2015-10-30T16:08:17.783+0000: 5764.963: [CMS-concurrent-reset: 0.003/0.003 secs] [Times: user=0.01 sys=0.00, real=0.00 secs] 
2015-10-30T16:08:17.792+0000: 5764.973: [GC (Allocation Failure) 5764.973: [ParNew: 35760K->2234K(36288K), 0.0026058 secs] 125170K->91644K(242952K), 0.0026636 secs] [Times: user=0.01 sys=0.00, real=0.00 secs] 
2015-10-30T16:08:17.823+0000: 5765.003: [GC (Allocation Failure) 5765.004: [ParNew: 34554K->3361K(36288K), 0.0034679 secs] 123964K->92771K(242952K), 0.0035349 secs] [Times: user=0.01 sys=0.00, real=0.01 secs] 
2015-10-30T16:08:17.847+0000: 5765.027: [GC (Allocation Failure) 5765.027: [ParNew: 35681K->2988K(36288K), 0.0041054 secs] 125091K->93208K(242952K), 0.0041838 secs] [Times: user=0.02 sys=0.00, real=0.00 secs] 
2015-10-30T16:08:17.873+0000: 5765.054: [GC (Allocation Failure) 5765.054: [ParNew: 35308K->3650K(36288K), 0.0047686 secs] 125528K->94539K(242952K), 0.0048335 secs] [Times: user=0.02 sys=0.00, real=0.01 secs] 
2015-10-30T16:08:17.897+0000: 5765.078: [GC (Allocation Failure) 5765.078: [ParNew: 35970K->2997K(36288K), 0.0039360 secs] 126859K->94498K(242952K), 0.0039992 secs] [Times: user=0.01 sys=0.00, real=0.00 secs] 
2015-10-30T16:08:17.921+0000: 5765.102: [GC (Allocation Failure) 5765.102: [ParNew: 35317K->2061K(36288K), 0.0023821 secs] 126818K->93562K(242952K), 0.0024391 secs] [Times: user=0.00 sys=0.00, real=0.00 secs] 
2015-10-30T16:08:17.954+0000: 5765.135: [GC (Allocation Failure) 5765.135: [ParNew: 32947K->3518K(36288K), 0.0027189 secs] 124448K->100337K(242952K), 0.0027897 secs] [Times: user=0.01 sys=0.00, real=0.00 secs] 
2015-10-30T16:08:17.958+0000: 5765.138: [GC (CMS Initial Mark) [1 CMS-initial-mark: 96818K(206664K)] 108314K(242952K), 0.0017071 secs] [Times: user=0.01 sys=0.00, real=0.00 secs] 
2015-10-30T16:08:17.960+0000: 5765.140: [CMS-concurrent-mark-start]
2015-10-30T16:08:18.018+0000: 5765.198: [CMS-concurrent-mark: 0.058/0.058 secs] [Times: user=0.12 sys=0.00, real=0.06 secs] 
2015-10-30T16:08:18.018+0000: 5765.198: [CMS-concurrent-preclean-start]
2015-10-30T16:08:18.019+0000: 5765.200: [CMS-concurrent-preclean: 0.002/0.002 secs] [Times: user=0.00 sys=0.00, real=0.00 secs] 
2015-10-30T16:08:18.019+0000: 5765.200: [CMS-concurrent-abortable-preclean-start]
2015-10-30T16:08:22.628+0000: 5769.809: [GC (Allocation Failure) 5769.809: [ParNew: 35829K->2876K(36288K), 0.0040964 secs] 132648K->102824K(242952K), 0.0041658 secs] [Times: user=0.01 sys=0.00, real=0.00 secs] 
2015-10-30T16:08:22.666+0000: 5769.847: [CMS-concurrent-abortable-preclean: 1.186/4.647 secs] [Times: user=1.41 sys=0.01, real=4.65 secs] 
2015-10-30T16:08:22.666+0000: 5769.847: [GC (CMS Final Remark) [YG occupancy: 24485 K (36288 K)]5769.847: [Rescan (parallel) , 0.0046698 secs]5769.852: [weak refs processing, 0.0000170 secs]5769.852: [class unloading, 0.0150140 secs]5769.867: [scrub symbol table, 0.0066478 secs]5769.873: [scrub string table, 0.0007817 secs][1 CMS-remark: 99947K(206664K)] 124433K(242952K), 0.0286088 secs] [Times: user=0.04 sys=0.00, real=0.02 secs] 
2015-10-30T16:08:22.695+0000: 5769.876: [CMS-concurrent-sweep-start]
2015-10-30T16:08:22.706+0000: 5769.887: [GC (Allocation Failure) 5769.887: [ParNew: 35196K->3968K(36288K), 0.0200975 secs] 128233K->110377K(242952K), 0.0201814 secs] [Times: user=0.06 sys=0.01, real=0.02 secs] 
2015-10-30T16:08:22.748+0000: 5769.928: [GC (Allocation Failure) 5769.928: [ParNew: 36288K->2411K(36288K), 0.0045193 secs] 133509K->103423K(242952K), 0.0045987 secs] [Times: user=0.02 sys=0.00, real=0.00 secs] 
2015-10-30T16:08:22.764+0000: 5769.944: [CMS-concurrent-sweep: 0.043/0.068 secs] [Times: user=0.24 sys=0.01, real=0.07 secs] 
2015-10-30T16:08:22.764+0000: 5769.944: [CMS-concurrent-reset-start]
2015-10-30T16:08:22.766+0000: 5769.947: [CMS-concurrent-reset: 0.003/0.003 secs] [Times: user=0.01 sys=0.00, real=0.01 secs] 
2015-10-30T16:08:22.777+0000: 5769.958: [GC (Allocation Failure) 5769.958: [ParNew: 34731K->1837K(36288K), 0.0031288 secs] 127028K->94134K(242952K), 0.0031964 secs] [Times: user=0.01 sys=0.00, real=0.00 secs] 
2015-10-30T16:08:22.801+0000: 5769.982: [GC (Allocation Failure) 5769.982: [ParNew: 34157K->2703K(36288K), 0.0028266 secs] 126454K->95000K(242952K), 0.0028789 secs] [Times: user=0.01 sys=0.00, real=0.00 secs] 
2015-10-30T16:08:22.825+0000: 5770.006: [GC (Allocation Failure) 5770.006: [ParNew: 35023K->3307K(36288K), 0.0049725 secs] 127320K->96385K(242952K), 0.0050312 secs] [Times: user=0.01 sys=0.00, real=0.00 secs] 
2015-10-30T16:08:22.853+0000: 5770.034: [GC (Allocation Failure) 5770.034: [ParNew: 35627K->3239K(36288K), 0.0038815 secs] 128705K->97027K(242952K), 0.0039415 secs] [Times: user=0.02 sys=0.01, real=0.01 secs] 
2015-10-30T16:08:22.877+0000: 5770.058: [GC (Allocation Failure) 5770.058: [ParNew: 35559K->3521K(36288K), 0.0036037 secs] 129347K->97309K(242952K), 0.0036645 secs] [Times: user=0.01 sys=0.00, real=0.00 secs] 
2015-10-30T16:08:22.901+0000: 5770.082: [GC (Allocation Failure) 5770.082: [ParNew: 35841K->2878K(36288K), 0.0036542 secs] 129629K->97274K(242952K), 0.0037116 secs] [Times: user=0.01 sys=0.00, real=0.00 secs] 
2015-10-30T16:08:22.939+0000: 5770.120: [GC (Allocation Failure) 5770.120: [ParNew: 35009K->3968K(36288K), 0.0030658 secs] 129406K->100947K(242952K), 0.0031378 secs] [Times: user=0.01 sys=0.00, real=0.00 secs] 
2015-10-30T16:08:22.943+0000: 5770.123: [GC (CMS Initial Mark) [1 CMS-initial-mark: 96979K(206664K)] 101459K(242952K), 0.0019152 secs] [Times: user=0.01 sys=0.00, real=0.00 secs] 
2015-10-30T16:08:22.944+0000: 5770.125: [CMS-concurrent-mark-start]
2015-10-30T16:08:23.004+0000: 5770.185: [CMS-concurrent-mark: 0.060/0.060 secs] [Times: user=0.12 sys=0.00, real=0.06 secs] 
2015-10-30T16:08:23.004+0000: 5770.185: [CMS-concurrent-preclean-start]
2015-10-30T16:08:23.007+0000: 5770.187: [CMS-concurrent-preclean: 0.002/0.002 secs] [Times: user=0.00 sys=0.00, real=0.01 secs] 
2015-10-30T16:08:23.007+0000: 5770.187: [CMS-concurrent-abortable-preclean-start]
 CMS: abort preclean due to time 2015-10-30T16:08:28.099+0000: 5775.280: [CMS-concurrent-abortable-preclean: 1.292/5.093 secs] [Times: user=1.40 sys=0.01, real=5.09 secs] 
2015-10-30T16:08:28.100+0000: 5775.280: [GC (CMS Final Remark) [YG occupancy: 33645 K (36288 K)]5775.280: [Rescan (parallel) , 0.0028823 secs]5775.283: [weak refs processing, 0.0000169 secs]5775.283: [class unloading, 0.0154678 secs]5775.298: [scrub symbol table, 0.0066129 secs]5775.305: [scrub string table, 0.0007643 secs][1 CMS-remark: 96979K(206664K)] 130625K(242952K), 0.0272122 secs] [Times: user=0.04 sys=0.00, real=0.03 secs] 
2015-10-30T16:08:28.127+0000: 5775.307: [CMS-concurrent-sweep-start]
2015-10-30T16:08:28.165+0000: 5775.346: [CMS-concurrent-sweep: 0.038/0.038 secs] [Times: user=0.04 sys=0.00, real=0.03 secs] 
2015-10-30T16:08:28.165+0000: 5775.346: [CMS-concurrent-reset-start]
2015-10-30T16:08:28.168+0000: 5775.348: [CMS-concurrent-reset: 0.002/0.002 secs] [Times: user=0.00 sys=0.01, real=0.00 secs] 
2015-10-30T16:08:30.167+0000: 5777.347: [GC (CMS Initial Mark) [1 CMS-initial-mark: 69869K(206664K)] 104156K(242952K), 0.0034040 secs] [Times: user=0.01 sys=0.00, real=0.00 secs] 
2015-10-30T16:08:30.170+0000: 5777.351: [CMS-concurrent-mark-start]
2015-10-30T16:08:30.209+0000: 5777.389: [CMS-concurrent-mark: 0.039/0.039 secs] [Times: user=0.04 sys=0.00, real=0.04 secs] 
2015-10-30T16:08:30.209+0000: 5777.390: [CMS-concurrent-preclean-start]
2015-10-30T16:08:30.211+0000: 5777.392: [CMS-concurrent-preclean: 0.002/0.002 secs] [Times: user=0.00 sys=0.00, real=0.00 secs] 
2015-10-30T16:08:30.211+0000: 5777.392: [CMS-concurrent-abortable-preclean-start]
2015-10-30T16:08:32.642+0000: 5779.823: [GC (Allocation Failure) 5779.823: [ParNew: 36276K->3371K(36288K), 0.0065282 secs] 106146K->77629K(242952K), 0.0066169 secs] [Times: user=0.02 sys=0.00, real=0.01 secs] 
2015-10-30T16:08:32.697+0000: 5779.878: [GC (Allocation Failure) 5779.878: [ParNew: 35691K->3968K(36288K), 0.0167781 secs] 109949K->90268K(242952K), 0.0168686 secs] [Times: user=0.06 sys=0.00, real=0.01 secs] 
2015-10-30T16:08:32.735+0000: 5779.916: [GC (Allocation Failure) 5779.916: [ParNew: 36288K->3342K(36288K), 0.0059470 secs] 122588K->93500K(242952K), 0.0060376 secs] [Times: user=0.02 sys=0.00, real=0.01 secs] 
2015-10-30T16:08:32.743+0000: 5779.924: [CMS-concurrent-abortable-preclean: 0.723/2.532 secs] [Times: user=0.97 sys=0.00, real=2.53 secs] 
2015-10-30T16:08:32.745+0000: 5779.926: [GC (CMS Final Remark) [YG occupancy: 6239 K (36288 K)]5779.926: [Rescan (parallel) , 0.0103186 secs]5779.936: [weak refs processing, 0.0000192 secs]5779.936: [class unloading, 0.0151385 secs]5779.951: [scrub symbol table, 0.0070881 secs]5779.958: [scrub string table, 0.0007641 secs][1 CMS-remark: 90158K(206664K)] 96397K(242952K), 0.0348886 secs] [Times: user=0.06 sys=0.00, real=0.03 secs] 
2015-10-30T16:08:32.780+0000: 5779.961: [CMS-concurrent-sweep-start]
2015-10-30T16:08:32.801+0000: 5779.982: [GC (Allocation Failure) 5779.982: [ParNew: 35662K->2058K(36288K), 0.0026300 secs] 122105K->88501K(242952K), 0.0026936 secs] [Times: user=0.01 sys=0.00, real=0.00 secs] 
2015-10-30T16:08:32.810+0000: 5779.991: [CMS-concurrent-sweep: 0.027/0.030 secs] [Times: user=0.11 sys=0.00, real=0.03 secs] 
2015-10-30T16:08:32.811+0000: 5779.991: [CMS-concurrent-reset-start]
2015-10-30T16:08:32.813+0000: 5779.994: [CMS-concurrent-reset: 0.003/0.003 secs] [Times: user=0.01 sys=0.00, real=0.00 secs] 
2015-10-30T16:08:32.824+0000: 5780.005: [GC (Allocation Failure) 5780.005: [ParNew: 34378K->3390K(36288K), 0.0034170 secs] 119378K->88390K(242952K), 0.0034798 secs] [Times: user=0.02 sys=0.00, real=0.01 secs] 
2015-10-30T16:08:32.849+0000: 5780.030: [GC (Allocation Failure) 5780.030: [ParNew: 35710K->2487K(36288K), 0.0059416 secs] 120710K->89031K(242952K), 0.0060223 secs] [Times: user=0.01 sys=0.00, real=0.00 secs] 
2015-10-30T16:08:32.875+0000: 5780.055: [GC (Allocation Failure) 5780.055: [ParNew: 34807K->2686K(36288K), 0.0032790 secs] 121351K->89231K(242952K), 0.0033427 secs] [Times: user=0.01 sys=0.00, real=0.01 secs] 
2015-10-30T16:08:32.897+0000: 5780.078: [GC (Allocation Failure) 5780.078: [ParNew: 35006K->2968K(36288K), 0.0038356 secs] 121551K->90120K(242952K), 0.0039074 secs] [Times: user=0.01 sys=0.00, real=0.00 secs] 
2015-10-30T16:08:32.921+0000: 5780.102: [GC (Allocation Failure) 5780.102: [ParNew: 35288K->2310K(36288K), 0.0031341 secs] 122440K->89462K(242952K), 0.0031978 secs] [Times: user=0.00 sys=0.00, real=0.00 secs] 
2015-10-30T16:08:32.960+0000: 5780.140: [GC (Allocation Failure) 5780.140: [ParNew: 34630K->3968K(36288K), 0.0035613 secs] 121782K->93812K(242952K), 0.0036490 secs] [Times: user=0.01 sys=0.00, real=0.00 secs] 
2015-10-30T16:08:32.964+0000: 5780.144: [GC (CMS Initial Mark) [1 CMS-initial-mark: 89844K(206664K)] 93856K(242952K), 0.0020570 secs] [Times: user=0.01 sys=0.00, real=0.01 secs] 
2015-10-30T16:08:32.966+0000: 5780.146: [CMS-concurrent-mark-start]
2015-10-30T16:08:33.007+0000: 5780.187: [CMS-concurrent-mark: 0.041/0.041 secs] [Times: user=0.08 sys=0.00, real=0.04 secs] 
2015-10-30T16:08:33.007+0000: 5780.187: [CMS-concurrent-preclean-start]
2015-10-30T16:08:33.008+0000: 5780.189: [CMS-concurrent-preclean: 0.002/0.002 secs] [Times: user=0.01 sys=0.00, real=0.00 secs] 
2015-10-30T16:08:33.008+0000: 5780.189: [CMS-concurrent-abortable-preclean-start]
 CMS: abort preclean due to time 2015-10-30T16:08:38.083+0000: 5785.264: [CMS-concurrent-abortable-preclean: 1.370/5.075 secs] [Times: user=1.50 sys=0.00, real=5.07 secs] 
2015-10-30T16:08:38.083+0000: 5785.264: [GC (CMS Final Remark) [YG occupancy: 32907 K (36288 K)]5785.264: [Rescan (parallel) , 0.0025851 secs]5785.266: [weak refs processing, 0.0000155 secs]5785.266: [class unloading, 0.0152207 secs]5785.282: [scrub symbol table, 0.0065955 secs]5785.288: [scrub string table, 0.0007439 secs][1 CMS-remark: 89844K(206664K)] 122751K(242952K), 0.0265767 secs] [Times: user=0.03 sys=0.00, real=0.03 secs] 
2015-10-30T16:08:38.110+0000: 5785.291: [CMS-concurrent-sweep-start]
2015-10-30T16:08:38.136+0000: 5785.317: [CMS-concurrent-sweep: 0.026/0.026 secs] [Times: user=0.03 sys=0.00, real=0.02 secs] 
2015-10-30T16:08:38.136+0000: 5785.317: [CMS-concurrent-reset-start]
2015-10-30T16:08:38.139+0000: 5785.319: [CMS-concurrent-reset: 0.002/0.002 secs] [Times: user=0.00 sys=0.00, real=0.01 secs] 
2015-10-30T16:08:40.138+0000: 5787.319: [GC (CMS Initial Mark) [1 CMS-initial-mark: 69485K(206664K)] 103113K(242952K), 0.0033140 secs] [Times: user=0.00 sys=0.00, real=0.00 secs] 
2015-10-30T16:08:40.142+0000: 5787.322: [CMS-concurrent-mark-start]
2015-10-30T16:08:40.180+0000: 5787.360: [CMS-concurrent-mark: 0.038/0.038 secs] [Times: user=0.04 sys=0.00, real=0.04 secs] 
2015-10-30T16:08:40.180+0000: 5787.360: [CMS-concurrent-preclean-start]
2015-10-30T16:08:40.182+0000: 5787.363: [CMS-concurrent-preclean: 0.002/0.002 secs] [Times: user=0.01 sys=0.00, real=0.00 secs] 
2015-10-30T16:08:40.182+0000: 5787.363: [CMS-concurrent-abortable-preclean-start]
2015-10-30T16:08:42.632+0000: 5789.813: [GC (Allocation Failure) 5789.813: [ParNew: 36214K->3968K(36288K), 0.0054212 secs] 105699K->78194K(242952K), 0.0054928 secs] [Times: user=0.02 sys=0.00, real=0.01 secs] 
2015-10-30T16:08:42.685+0000: 5789.866: [GC (Allocation Failure) 5789.866: [ParNew: 36288K->3968K(36288K), 0.0143365 secs] 110514K->89952K(242952K), 0.0144130 secs] [Times: user=0.05 sys=0.00, real=0.01 secs] 
2015-10-30T16:08:42.721+0000: 5789.902: [GC (Allocation Failure) 5789.902: [ParNew: 36288K->3037K(36288K), 0.0058228 secs] 122272K->92804K(242952K), 0.0058822 secs] [Times: user=0.02 sys=0.00, real=0.01 secs] 
2015-10-30T16:08:42.749+0000: 5789.930: [GC (Allocation Failure) 5789.930: [ParNew: 35357K->2217K(36288K), 0.0024763 secs] 125124K->91984K(242952K), 0.0025359 secs] [Times: user=0.01 sys=0.00, real=0.00 secs] 
2015-10-30T16:08:42.766+0000: 5789.946: [CMS-concurrent-abortable-preclean: 0.704/2.583 secs] [Times: user=1.07 sys=0.01, real=2.59 secs] 
2015-10-30T16:08:42.772+0000: 5789.953: [GC (CMS Final Remark) [YG occupancy: 26086 K (36288 K)]5789.953: [Rescan (parallel) , 0.0155304 secs]5789.968: [weak refs processing, 0.0000192 secs]5789.968: [class unloading, 0.0146563 secs]5789.983: [scrub symbol table, 0.0066128 secs]5789.989: [scrub string table, 0.0007551 secs][1 CMS-remark: 89767K(206664K)] 115853K(242952K), 0.0390106 secs] [Times: user=0.09 sys=0.00, real=0.04 secs] 
2015-10-30T16:08:42.811+0000: 5789.992: [CMS-concurrent-sweep-start]
2015-10-30T16:08:42.817+0000: 5789.998: [GC (Allocation Failure) 5789.998: [ParNew: 34537K->3662K(36288K), 0.0033168 secs] 123969K->93093K(242952K), 0.0033606 secs] [Times: user=0.02 sys=0.00, real=0.00 secs] 
2015-10-30T16:08:42.841+0000: 5790.022: [GC (Allocation Failure) 5790.022: [ParNew: 35982K->3058K(36288K), 0.0055760 secs] 122084K->90730K(242952K), 0.0056344 secs] [Times: user=0.03 sys=0.00, real=0.01 secs] 
2015-10-30T16:08:42.858+0000: 5790.038: [CMS-concurrent-sweep: 0.037/0.046 secs] [Times: user=0.18 sys=0.00, real=0.05 secs] 
2015-10-30T16:08:42.858+0000: 5790.038: [CMS-concurrent-reset-start]
2015-10-30T16:08:42.860+0000: 5790.041: [CMS-concurrent-reset: 0.003/0.003 secs] [Times: user=0.01 sys=0.00, real=0.00 secs] 
2015-10-30T16:08:42.869+0000: 5790.049: [GC (Allocation Failure) 5790.049: [ParNew: 35378K->2692K(36288K), 0.0029926 secs] 121700K->89013K(242952K), 0.0030441 secs] [Times: user=0.01 sys=0.00, real=0.00 secs] 
2015-10-30T16:08:42.891+0000: 5790.071: [GC (Allocation Failure) 5790.071: [ParNew: 35012K->3306K(36288K), 0.0042268 secs] 121333K->90185K(242952K), 0.0042904 secs] [Times: user=0.02 sys=0.00, real=0.00 secs] 
2015-10-30T16:08:42.914+0000: 5790.095: [GC (Allocation Failure) 5790.095: [ParNew: 35626K->2081K(36288K), 0.0034461 secs] 122505K->89526K(242952K), 0.0035210 secs] [Times: user=0.01 sys=0.00, real=0.01 secs] 
2015-10-30T16:08:42.954+0000: 5790.134: [GC (Allocation Failure) 5790.134: [ParNew: 33624K->3968K(36288K), 0.0026145 secs] 121070K->94520K(242952K), 0.0026905 secs] [Times: user=0.01 sys=0.00, real=0.00 secs] 
2015-10-30T16:08:42.957+0000: 5790.138: [GC (CMS Initial Mark) [1 CMS-initial-mark: 90552K(206664K)] 99837K(242952K), 0.0018307 secs] [Times: user=0.00 sys=0.00, real=0.00 secs] 
2015-10-30T16:08:42.959+0000: 5790.140: [CMS-concurrent-mark-start]
2015-10-30T16:08:43.020+0000: 5790.200: [CMS-concurrent-mark: 0.061/0.061 secs] [Times: user=0.12 sys=0.00, real=0.06 secs] 
2015-10-30T16:08:43.020+0000: 5790.200: [CMS-concurrent-preclean-start]
2015-10-30T16:08:43.022+0000: 5790.202: [CMS-concurrent-preclean: 0.002/0.002 secs] [Times: user=0.01 sys=0.00, real=0.00 secs] 
2015-10-30T16:08:43.022+0000: 5790.202: [CMS-concurrent-abortable-preclean-start]
 CMS: abort preclean due to time 2015-10-30T16:08:48.061+0000: 5795.241: [CMS-concurrent-abortable-preclean: 1.133/5.039 secs] [Times: user=1.23 sys=0.01, real=5.04 secs] 
2015-10-30T16:08:48.061+0000: 5795.242: [GC (CMS Final Remark) [YG occupancy: 32282 K (36288 K)]5795.242: [Rescan (parallel) , 0.0023310 secs]5795.244: [weak refs processing, 0.0000210 secs]5795.244: [class unloading, 0.0155278 secs]5795.260: [scrub symbol table, 0.0067110 secs]5795.266: [scrub string table, 0.0007563 secs][1 CMS-remark: 90552K(206664K)] 122834K(242952K), 0.0268392 secs] [Times: user=0.04 sys=0.00, real=0.03 secs] 
2015-10-30T16:08:48.088+0000: 5795.269: [CMS-concurrent-sweep-start]
2015-10-30T16:08:48.114+0000: 5795.294: [CMS-concurrent-sweep: 0.025/0.025 secs] [Times: user=0.02 sys=0.00, real=0.02 secs] 
2015-10-30T16:08:48.114+0000: 5795.294: [CMS-concurrent-reset-start]
2015-10-30T16:08:48.116+0000: 5795.297: [CMS-concurrent-reset: 0.002/0.002 secs] [Times: user=0.01 sys=0.00, real=0.00 secs] 
2015-10-30T16:08:50.116+0000: 5797.296: [GC (CMS Initial Mark) [1 CMS-initial-mark: 70390K(206664K)] 103467K(242952K), 0.0029644 secs] [Times: user=0.01 sys=0.00, real=0.01 secs] 
2015-10-30T16:08:50.119+0000: 5797.300: [CMS-concurrent-mark-start]
2015-10-30T16:08:50.157+0000: 5797.337: [CMS-concurrent-mark: 0.038/0.038 secs] [Times: user=0.04 sys=0.00, real=0.03 secs] 
2015-10-30T16:08:50.157+0000: 5797.337: [CMS-concurrent-preclean-start]
2015-10-30T16:08:50.159+0000: 5797.340: [CMS-concurrent-preclean: 0.002/0.002 secs] [Times: user=0.00 sys=0.00, real=0.01 secs] 
2015-10-30T16:08:50.159+0000: 5797.340: [CMS-concurrent-abortable-preclean-start]
2015-10-30T16:08:52.679+0000: 5799.859: [GC (Allocation Failure) 5799.859: [ParNew: 36242K->3890K(36288K), 0.0050199 secs] 106632K->78906K(242952K), 0.0050930 secs] [Times: user=0.02 sys=0.00, real=0.00 secs] 
2015-10-30T16:08:52.726+0000: 5799.907: [GC (Allocation Failure) 5799.907: [ParNew: 36210K->3968K(36288K), 0.0145749 secs] 111226K->90226K(242952K), 0.0146601 secs] [Times: user=0.05 sys=0.00, real=0.01 secs] 
2015-10-30T16:08:52.764+0000: 5799.944: [GC (Allocation Failure) 5799.944: [ParNew: 36288K->3450K(36288K), 0.0054104 secs] 122546K->93514K(242952K), 0.0054877 secs] [Times: user=0.02 sys=0.00, real=0.01 secs] 
2015-10-30T16:08:52.793+0000: 5799.973: [GC (Allocation Failure) 5799.973: [ParNew: 35770K->2223K(36288K), 0.0022743 secs] 125834K->92288K(242952K), 0.0023369 secs] [Times: user=0.01 sys=0.00, real=0.00 secs] 
2015-10-30T16:08:52.796+0000: 5799.976: [CMS-concurrent-abortable-preclean: 0.610/2.636 secs] [Times: user=0.92 sys=0.02, real=2.63 secs] 
2015-10-30T16:08:52.799+0000: 5799.979: [GC (CMS Final Remark) [YG occupancy: 2579 K (36288 K)]5799.979: [Rescan (parallel) , 0.0016011 secs]5799.981: [weak refs processing, 0.0000174 secs]5799.981: [class unloading, 0.0150007 secs]5799.996: [scrub symbol table, 0.0066630 secs]5800.003: [scrub string table, 0.0007800 secs][1 CMS-remark: 90064K(206664K)] 92644K(242952K), 0.0255142 secs] [Times: user=0.03 sys=0.00, real=0.02 secs] 
2015-10-30T16:08:52.825+0000: 5800.005: [CMS-concurrent-sweep-start]
2015-10-30T16:08:52.849+0000: 5800.030: [GC (Allocation Failure) 5800.030: [ParNew: 34543K->3462K(36288K), 0.0038227 secs] 121466K->90385K(242952K), 0.0038781 secs] [Times: user=0.01 sys=0.00, real=0.00 secs] 
2015-10-30T16:08:52.857+0000: 5800.037: [CMS-concurrent-sweep: 0.025/0.032 secs] [Times: user=0.11 sys=0.00, real=0.03 secs] 
2015-10-30T16:08:52.857+0000: 5800.037: [CMS-concurrent-reset-start]
2015-10-30T16:08:52.860+0000: 5800.040: [CMS-concurrent-reset: 0.003/0.003 secs] [Times: user=0.01 sys=0.00, real=0.01 secs] 
2015-10-30T16:08:52.877+0000: 5800.057: [GC (Allocation Failure) 5800.057: [ParNew: 35782K->2912K(36288K), 0.0049392 secs] 122156K->90086K(242952K), 0.0049944 secs] [Times: user=0.02 sys=0.00, real=0.01 secs] 
2015-10-30T16:08:52.901+0000: 5800.081: [GC (Allocation Failure) 5800.081: [ParNew: 35232K->3276K(36288K), 0.0049682 secs] 122406K->91163K(242952K), 0.0050288 secs] [Times: user=0.02 sys=0.00, real=0.01 secs] 
2015-10-30T16:08:52.925+0000: 5800.105: [GC (Allocation Failure) 5800.105: [ParNew: 35596K->3252K(36288K), 0.0042680 secs] 123483K->91730K(242952K), 0.0043291 secs] [Times: user=0.02 sys=0.00, real=0.01 secs] 
2015-10-30T16:08:52.948+0000: 5800.129: [GC (Allocation Failure) 5800.129: [ParNew: 35572K->2382K(36288K), 0.0028501 secs] 124050K->90860K(242952K), 0.0029254 secs] [Times: user=0.01 sys=0.00, real=0.00 secs] 
2015-10-30T16:08:52.987+0000: 5800.167: [GC (Allocation Failure) 5800.167: [ParNew: 33660K->3968K(36288K), 0.0034878 secs] 122139K->95646K(242952K), 0.0035538 secs] [Times: user=0.01 sys=0.00, real=0.00 secs] 
2015-10-30T16:08:52.991+0000: 5800.172: [GC (CMS Initial Mark) [1 CMS-initial-mark: 91678K(206664K)] 100966K(242952K), 0.0017179 secs] [Times: user=0.01 sys=0.00, real=0.00 secs] 
2015-10-30T16:08:52.993+0000: 5800.173: [CMS-concurrent-mark-start]
2015-10-30T16:08:53.052+0000: 5800.232: [CMS-concurrent-mark: 0.059/0.059 secs] [Times: user=0.11 sys=0.00, real=0.06 secs] 
2015-10-30T16:08:53.052+0000: 5800.232: [CMS-concurrent-preclean-start]
2015-10-30T16:08:53.054+0000: 5800.234: [CMS-concurrent-preclean: 0.002/0.002 secs] [Times: user=0.01 sys=0.00, real=0.00 secs] 
2015-10-30T16:08:53.054+0000: 5800.234: [CMS-concurrent-abortable-preclean-start]
 CMS: abort preclean due to time 2015-10-30T16:08:58.101+0000: 5805.282: [CMS-concurrent-abortable-preclean: 1.373/5.047 secs] [Times: user=1.49 sys=0.00, real=5.05 secs] 
2015-10-30T16:08:58.102+0000: 5805.282: [GC (CMS Final Remark) [YG occupancy: 32305 K (36288 K)]5805.282: [Rescan (parallel) , 0.0025398 secs]5805.285: [weak refs processing, 0.0000156 secs]5805.285: [class unloading, 0.0151729 secs]5805.300: [scrub symbol table, 0.0066338 secs]5805.306: [scrub string table, 0.0007472 secs][1 CMS-remark: 91678K(206664K)] 123983K(242952K), 0.0265265 secs] [Times: user=0.03 sys=0.00, real=0.03 secs] 
2015-10-30T16:08:58.128+0000: 5805.309: [CMS-concurrent-sweep-start]
2015-10-30T16:08:58.152+0000: 5805.333: [CMS-concurrent-sweep: 0.024/0.024 secs] [Times: user=0.02 sys=0.00, real=0.02 secs] 
2015-10-30T16:08:58.153+0000: 5805.333: [CMS-concurrent-reset-start]
2015-10-30T16:08:58.155+0000: 5805.335: [CMS-concurrent-reset: 0.002/0.002 secs] [Times: user=0.01 sys=0.00, real=0.00 secs] 
2015-10-30T16:09:00.030+0000: 5807.210: [GC (Allocation Failure) 5807.210: [ParNew: 36288K->3968K(36288K), 0.0085748 secs] 107676K->77766K(242952K), 0.0086475 secs] [Times: user=0.03 sys=0.00, real=0.01 secs] 
2015-10-30T16:09:00.211+0000: 5807.391: [GC (Allocation Failure) 5807.391: [ParNew: 36288K->3968K(36288K), 0.0050534 secs] 110086K->80750K(242952K), 0.0051289 secs] [Times: user=0.02 sys=0.00, real=0.00 secs] 
2015-10-30T16:09:00.237+0000: 5807.418: [GC (Allocation Failure) 5807.418: [ParNew: 36288K->3010K(36288K), 0.0045454 secs] 113070K->81806K(242952K), 0.0046136 secs] [Times: user=0.01 sys=0.00, real=0.00 secs] 
2015-10-30T16:09:10.029+0000: 5817.209: [GC (Allocation Failure) 5817.209: [ParNew: 35330K->3968K(36288K), 0.0046866 secs] 114126K->83936K(242952K), 0.0047705 secs] [Times: user=0.02 sys=0.00, real=0.00 secs] 
2015-10-30T16:09:13.533+0000: 5820.714: [GC (Allocation Failure) 5820.714: [ParNew: 36288K->3968K(36288K), 0.0198458 secs] 116256K->98382K(242952K), 0.0199366 secs] [Times: user=0.07 sys=0.00, real=0.02 secs] 
2015-10-30T16:09:13.578+0000: 5820.759: [GC (Allocation Failure) 5820.759: [ParNew: 36288K->3621K(36288K), 0.0067063 secs] 130702K->101902K(242952K), 0.0067840 secs] [Times: user=0.02 sys=0.00, real=0.00 secs] 
2015-10-30T16:09:13.605+0000: 5820.786: [GC (Allocation Failure) 5820.786: [ParNew: 35941K->2460K(36288K), 0.0036883 secs] 134222K->100740K(242952K), 0.0037525 secs] [Times: user=0.01 sys=0.00, real=0.00 secs] 
2015-10-30T16:09:13.626+0000: 5820.807: [GC (Allocation Failure) 5820.807: [ParNew: 34780K->3146K(36288K), 0.0060507 secs] 133060K->102384K(242952K), 0.0061342 secs] [Times: user=0.02 sys=0.00, real=0.00 secs] 
2015-10-30T16:09:13.651+0000: 5820.831: [GC (Allocation Failure) 5820.831: [ParNew: 35466K->2152K(36288K), 0.0041196 secs] 134704K->102085K(242952K), 0.0041925 secs] [Times: user=0.01 sys=0.00, real=0.00 secs] 
2015-10-30T16:09:13.677+0000: 5820.858: [GC (Allocation Failure) 5820.858: [ParNew: 34472K->3320K(36288K), 0.0033268 secs] 134405K->103253K(242952K), 0.0033890 secs] [Times: user=0.01 sys=0.00, real=0.00 secs] 
2015-10-30T16:09:13.705+0000: 5820.885: [GC (Allocation Failure) 5820.885: [ParNew: 35640K->2951K(36288K), 0.0048094 secs] 135573K->103603K(242952K), 0.0048914 secs] [Times: user=0.02 sys=0.00, real=0.01 secs] 
2015-10-30T16:09:13.728+0000: 5820.908: [GC (Allocation Failure) 5820.908: [ParNew: 35271K->2540K(36288K), 0.0036844 secs] 135923K->103753K(242952K), 0.0037528 secs] [Times: user=0.01 sys=0.00, real=0.00 secs] 
2015-10-30T16:09:13.760+0000: 5820.940: [GC (Allocation Failure) 5820.940: [ParNew: 34585K->3968K(36288K), 0.0027909 secs] 135798K->105286K(242952K), 0.0028568 secs] [Times: user=0.01 sys=0.00, real=0.00 secs] 
2015-10-30T16:09:23.465+0000: 5830.646: [GC (Allocation Failure) 5830.646: [ParNew: 36262K->3968K(36288K), 0.0046608 secs] 137581K->106746K(242952K), 0.0047341 secs] [Times: user=0.01 sys=0.00, real=0.00 secs] 
2015-10-30T16:09:23.512+0000: 5830.692: [GC (Allocation Failure) 5830.692: [ParNew: 36288K->3968K(36288K), 0.0145415 secs] 139066K->119678K(242952K), 0.0146175 secs] [Times: user=0.05 sys=0.00, real=0.02 secs] 
2015-10-30T16:09:23.545+0000: 5830.725: [GC (Allocation Failure) 5830.725: [ParNew: 36288K->2386K(36288K), 0.0049329 secs] 151998K->121881K(242952K), 0.0049885 secs] [Times: user=0.02 sys=0.00, real=0.01 secs] 
2015-10-30T16:09:23.567+0000: 5830.747: [GC (Allocation Failure) 5830.747: [ParNew: 34706K->2054K(36288K), 0.0026095 secs] 154201K->121548K(242952K), 0.0026681 secs] [Times: user=0.01 sys=0.00, real=0.00 secs] 
2015-10-30T16:09:23.589+0000: 5830.769: [GC (Allocation Failure) 5830.770: [ParNew: 34374K->2919K(36288K), 0.0034323 secs] 153868K->122413K(242952K), 0.0034828 secs] [Times: user=0.00 sys=0.01, real=0.00 secs] 
2015-10-30T16:09:23.613+0000: 5830.794: [GC (Allocation Failure) 5830.794: [ParNew: 35239K->3037K(36288K), 0.0043291 secs] 154733K->123320K(242952K), 0.0043808 secs] [Times: user=0.02 sys=0.00, real=0.01 secs] 
2015-10-30T16:09:23.637+0000: 5830.818: [GC (Allocation Failure) 5830.818: [ParNew: 35357K->3155K(36288K), 0.0041918 secs] 155640K->124136K(242952K), 0.0042500 secs] [Times: user=0.02 sys=0.00, real=0.00 secs] 
2015-10-30T16:09:23.659+0000: 5830.839: [GC (Allocation Failure) 5830.839: [ParNew: 35475K->3041K(36288K), 0.0036612 secs] 156456K->124612K(242952K), 0.0037208 secs] [Times: user=0.02 sys=0.00, real=0.00 secs] 
2015-10-30T16:09:23.685+0000: 5830.866: [GC (Allocation Failure) 5830.866: [ParNew: 35361K->2404K(36288K), 0.0031178 secs] 156932K->123975K(242952K), 0.0031793 secs] [Times: user=0.01 sys=0.00, real=0.00 secs] 
2015-10-30T16:09:23.719+0000: 5830.900: [GC (Allocation Failure) 5830.900: [ParNew: 34372K->3968K(36288K), 0.0034023 secs] 155943K->127190K(242952K), 0.0034705 secs] [Times: user=0.01 sys=0.00, real=0.00 secs] 
2015-10-30T16:09:23.723+0000: 5830.904: [GC (CMS Initial Mark) [1 CMS-initial-mark: 123222K(206664K)] 127702K(242952K), 0.0019696 secs] [Times: user=0.00 sys=0.00, real=0.00 secs] 
2015-10-30T16:09:23.725+0000: 5830.906: [CMS-concurrent-mark-start]
2015-10-30T16:09:23.781+0000: 5830.961: [CMS-concurrent-mark: 0.055/0.055 secs] [Times: user=0.11 sys=0.00, real=0.05 secs] 
2015-10-30T16:09:23.781+0000: 5830.961: [CMS-concurrent-preclean-start]
2015-10-30T16:09:23.783+0000: 5830.963: [CMS-concurrent-preclean: 0.002/0.002 secs] [Times: user=0.01 sys=0.00, real=0.00 secs] 
2015-10-30T16:09:23.783+0000: 5830.963: [CMS-concurrent-abortable-preclean-start]
 CMS: abort preclean due to time 2015-10-30T16:09:28.803+0000: 5835.984: [CMS-concurrent-abortable-preclean: 1.350/5.020 secs] [Times: user=1.45 sys=0.01, real=5.02 secs] 
2015-10-30T16:09:28.803+0000: 5835.984: [GC (CMS Final Remark) [YG occupancy: 34211 K (36288 K)]5835.984: [Rescan (parallel) , 0.0027217 secs]5835.987: [weak refs processing, 0.0000265 secs]5835.987: [class unloading, 0.0152182 secs]5836.002: [scrub symbol table, 0.0066157 secs]5836.008: [scrub string table, 0.0007510 secs][1 CMS-remark: 123222K(206664K)] 157433K(242952K), 0.0268048 secs] [Times: user=0.03 sys=0.00, real=0.03 secs] 
2015-10-30T16:09:28.830+0000: 5836.011: [CMS-concurrent-sweep-start]
2015-10-30T16:09:28.870+0000: 5836.051: [CMS-concurrent-sweep: 0.040/0.040 secs] [Times: user=0.04 sys=0.00, real=0.04 secs] 
2015-10-30T16:09:28.870+0000: 5836.051: [CMS-concurrent-reset-start]
2015-10-30T16:09:28.873+0000: 5836.053: [CMS-concurrent-reset: 0.002/0.002 secs] [Times: user=0.00 sys=0.00, real=0.00 secs] 
2015-10-30T16:09:30.872+0000: 5838.052: [GC (CMS Initial Mark) [1 CMS-initial-mark: 68498K(206664K)] 102971K(242952K), 0.0030045 secs] [Times: user=0.01 sys=0.00, real=0.00 secs] 
2015-10-30T16:09:30.875+0000: 5838.056: [CMS-concurrent-mark-start]
2015-10-30T16:09:30.912+0000: 5838.092: [CMS-concurrent-mark: 0.036/0.036 secs] [Times: user=0.03 sys=0.00, real=0.04 secs] 
2015-10-30T16:09:30.912+0000: 5838.092: [CMS-concurrent-preclean-start]
2015-10-30T16:09:30.914+0000: 5838.094: [CMS-concurrent-preclean: 0.002/0.002 secs] [Times: user=0.01 sys=0.00, real=0.00 secs] 
2015-10-30T16:09:30.914+0000: 5838.094: [CMS-concurrent-abortable-preclean-start]
2015-10-30T16:09:33.441+0000: 5840.622: [GC (Allocation Failure) 5840.622: [ParNew: 36222K->3391K(36288K), 0.0056958 secs] 104720K->76536K(242952K), 0.0057895 secs] [Times: user=0.02 sys=0.00, real=0.01 secs] 
2015-10-30T16:09:33.497+0000: 5840.678: [GC (Allocation Failure) 5840.678: [ParNew: 35711K->3968K(36288K), 0.0163158 secs] 108856K->88850K(242952K), 0.0164178 secs] [Times: user=0.05 sys=0.00, real=0.01 secs] 
2015-10-30T16:09:33.537+0000: 5840.717: [GC (Allocation Failure) 5840.717: [ParNew: 36288K->2813K(36288K), 0.0049088 secs] 121170K->91489K(242952K), 0.0049729 secs] [Times: user=0.02 sys=0.00, real=0.01 secs] 
2015-10-30T16:09:33.555+0000: 5840.735: [CMS-concurrent-abortable-preclean: 0.751/2.641 secs] [Times: user=1.00 sys=0.03, real=2.64 secs] 
2015-10-30T16:09:33.557+0000: 5840.738: [GC (CMS Final Remark) [YG occupancy: 17915 K (36288 K)]5840.738: [Rescan (parallel) , 0.0105161 secs]5840.748: [weak refs processing, 0.0000194 secs]5840.748: [class unloading, 0.0151514 secs]5840.764: [scrub symbol table, 0.0071140 secs]5840.771: [scrub string table, 0.0007609 secs][1 CMS-remark: 88676K(206664K)] 106591K(242952K), 0.0350784 secs] [Times: user=0.06 sys=0.00, real=0.03 secs] 
2015-10-30T16:09:33.593+0000: 5840.773: [CMS-concurrent-sweep-start]
2015-10-30T16:09:33.605+0000: 5840.786: [GC (Allocation Failure) 5840.786: [ParNew: 35133K->1852K(36288K), 0.0025014 secs] 123289K->90008K(242952K), 0.0025601 secs] [Times: user=0.01 sys=0.00, real=0.00 secs] 
2015-10-30T16:09:33.631+0000: 5840.812: [GC (Allocation Failure) 5840.812: [ParNew: 34172K->2747K(36288K), 0.0032153 secs] 120723K->89298K(242952K), 0.0032671 secs] [Times: user=0.01 sys=0.00, real=0.00 secs] 
2015-10-30T16:09:33.639+0000: 5840.819: [CMS-concurrent-sweep: 0.039/0.046 secs] [Times: user=0.17 sys=0.00, real=0.05 secs] 
2015-10-30T16:09:33.639+0000: 5840.819: [CMS-concurrent-reset-start]
2015-10-30T16:09:33.641+0000: 5840.822: [CMS-concurrent-reset: 0.003/0.003 secs] [Times: user=0.01 sys=0.00, real=0.00 secs] 
2015-10-30T16:09:33.656+0000: 5840.837: [GC (Allocation Failure) 5840.837: [ParNew: 35067K->2391K(36288K), 0.0040744 secs] 121582K->89687K(242952K), 0.0041288 secs] [Times: user=0.02 sys=0.00, real=0.01 secs] 
2015-10-30T16:09:33.681+0000: 5840.862: [GC (Allocation Failure) 5840.862: [ParNew: 34711K->3039K(36288K), 0.0039760 secs] 122007K->91031K(242952K), 0.0040408 secs] [Times: user=0.02 sys=0.00, real=0.01 secs] 
2015-10-30T16:09:33.705+0000: 5840.886: [GC (Allocation Failure) 5840.886: [ParNew: 35359K->3063K(36288K), 0.0036272 secs] 123351K->91655K(242952K), 0.0036911 secs] [Times: user=0.01 sys=0.00, real=0.00 secs] 
2015-10-30T16:09:33.729+0000: 5840.909: [GC (Allocation Failure) 5840.909: [ParNew: 35383K->2256K(36288K), 0.0025079 secs] 123975K->90848K(242952K), 0.0025691 secs] [Times: user=0.01 sys=0.00, real=0.00 secs] 
2015-10-30T16:09:33.766+0000: 5840.946: [GC (Allocation Failure) 5840.946: [ParNew: 34547K->3968K(36288K), 0.0030364 secs] 123138K->95768K(242952K), 0.0031072 secs] [Times: user=0.01 sys=0.00, real=0.00 secs] 
2015-10-30T16:09:33.770+0000: 5840.950: [GC (CMS Initial Mark) [1 CMS-initial-mark: 91800K(206664K)] 101243K(242952K), 0.0019968 secs] [Times: user=0.00 sys=0.00, real=0.00 secs] 
2015-10-30T16:09:33.772+0000: 5840.952: [CMS-concurrent-mark-start]
2015-10-30T16:09:33.831+0000: 5841.011: [CMS-concurrent-mark: 0.059/0.059 secs] [Times: user=0.12 sys=0.00, real=0.06 secs] 
2015-10-30T16:09:33.831+0000: 5841.011: [CMS-concurrent-preclean-start]
2015-10-30T16:09:33.833+0000: 5841.014: [CMS-concurrent-preclean: 0.002/0.002 secs] [Times: user=0.00 sys=0.00, real=0.00 secs] 
2015-10-30T16:09:33.833+0000: 5841.014: [CMS-concurrent-abortable-preclean-start]
 CMS: abort preclean due to time 2015-10-30T16:09:38.901+0000: 5846.081: [CMS-concurrent-abortable-preclean: 1.319/5.067 secs] [Times: user=1.44 sys=0.00, real=5.07 secs] 
2015-10-30T16:09:38.901+0000: 5846.081: [GC (CMS Final Remark) [YG occupancy: 32568 K (36288 K)]5846.081: [Rescan (parallel) , 0.0025887 secs]5846.084: [weak refs processing, 0.0000163 secs]5846.084: [class unloading, 0.0151325 secs]5846.099: [scrub symbol table, 0.0068519 secs]5846.106: [scrub string table, 0.0007643 secs][1 CMS-remark: 91800K(206664K)] 124369K(242952K), 0.0268614 secs] [Times: user=0.03 sys=0.00, real=0.03 secs] 
2015-10-30T16:09:38.928+0000: 5846.108: [CMS-concurrent-sweep-start]
2015-10-30T16:09:38.970+0000: 5846.150: [CMS-concurrent-sweep: 0.042/0.042 secs] [Times: user=0.05 sys=0.00, real=0.04 secs] 
2015-10-30T16:09:38.970+0000: 5846.150: [CMS-concurrent-reset-start]
2015-10-30T16:09:38.972+0000: 5846.153: [CMS-concurrent-reset: 0.002/0.002 secs] [Times: user=0.00 sys=0.00, real=0.00 secs] 
2015-10-30T16:09:40.972+0000: 5848.152: [GC (CMS Initial Mark) [1 CMS-initial-mark: 71306K(206664K)] 104063K(242952K), 0.0030497 secs] [Times: user=0.01 sys=0.00, real=0.00 secs] 
2015-10-30T16:09:40.975+0000: 5848.155: [CMS-concurrent-mark-start]
2015-10-30T16:09:41.012+0000: 5848.193: [CMS-concurrent-mark: 0.037/0.037 secs] [Times: user=0.04 sys=0.00, real=0.04 secs] 
2015-10-30T16:09:41.012+0000: 5848.193: [CMS-concurrent-preclean-start]
2015-10-30T16:09:41.014+0000: 5848.195: [CMS-concurrent-preclean: 0.002/0.002 secs] [Times: user=0.00 sys=0.00, real=0.00 secs] 
2015-10-30T16:09:41.014+0000: 5848.195: [CMS-concurrent-abortable-preclean-start]
2015-10-30T16:09:43.487+0000: 5850.668: [GC (Allocation Failure) 5850.668: [ParNew: 36254K->3968K(36288K), 0.0050290 secs] 107560K->80390K(242952K), 0.0051040 secs] [Times: user=0.02 sys=0.00, real=0.00 secs] 
2015-10-30T16:09:43.537+0000: 5850.718: [GC (Allocation Failure) 5850.718: [ParNew: 36288K->3968K(36288K), 0.0140529 secs] 112710K->91217K(242952K), 0.0141348 secs] [Times: user=0.05 sys=0.00, real=0.01 secs] 
2015-10-30T16:09:43.577+0000: 5850.758: [GC (Allocation Failure) 5850.758: [ParNew: 36288K->3475K(36288K), 0.0061914 secs] 123537K->94599K(242952K), 0.0062612 secs] [Times: user=0.02 sys=0.00, real=0.00 secs] 
2015-10-30T16:09:43.606+0000: 5850.786: [CMS-concurrent-abortable-preclean: 0.698/2.592 secs] [Times: user=0.98 sys=0.02, real=2.60 secs] 
2015-10-30T16:09:43.609+0000: 5850.790: [GC (CMS Final Remark) [YG occupancy: 34859 K (36288 K)]5850.790: [Rescan (parallel) , 0.0193631 secs]5850.809: [weak refs processing, 0.0000205 secs]5850.809: [class unloading, 0.0147221 secs]5850.824: [scrub symbol table, 0.0066458 secs]5850.831: [scrub string table, 0.0007531 secs][1 CMS-remark: 91124K(206664K)] 125983K(242952K), 0.0429505 secs] [Times: user=0.10 sys=0.00, real=0.04 secs] 
2015-10-30T16:09:43.653+0000: 5850.834: [GC (Allocation Failure) 5850.834: [ParNew: 35795K->2190K(36288K), 0.0022809 secs] 126919K->93314K(242952K), 0.0023215 secs] [Times: user=0.01 sys=0.00, real=0.00 secs] 
2015-10-30T16:09:43.656+0000: 5850.836: [CMS-concurrent-sweep-start]
2015-10-30T16:09:43.679+0000: 5850.859: [GC (Allocation Failure) 5850.859: [ParNew: 34510K->2765K(36288K), 0.0029842 secs] 122519K->90774K(242952K), 0.0030393 secs] [Times: user=0.01 sys=0.00, real=0.00 secs] 
2015-10-30T16:09:43.690+0000: 5850.871: [CMS-concurrent-sweep: 0.031/0.034 secs] [Times: user=0.13 sys=0.00, real=0.04 secs] 
2015-10-30T16:09:43.690+0000: 5850.871: [CMS-concurrent-reset-start]
2015-10-30T16:09:43.693+0000: 5850.873: [CMS-concurrent-reset: 0.002/0.002 secs] [Times: user=0.00 sys=0.00, real=0.00 secs] 
2015-10-30T16:09:43.705+0000: 5850.886: [GC (Allocation Failure) 5850.886: [ParNew: 35085K->2841K(36288K), 0.0041279 secs] 122549K->91057K(242952K), 0.0041824 secs] [Times: user=0.02 sys=0.00, real=0.00 secs] 
2015-10-30T16:09:43.729+0000: 5850.910: [GC (Allocation Failure) 5850.910: [ParNew: 35161K->3635K(36288K), 0.0040046 secs] 123377K->92560K(242952K), 0.0040650 secs] [Times: user=0.02 sys=0.01, real=0.00 secs] 
2015-10-30T16:09:43.750+0000: 5850.931: [GC (Allocation Failure) 5850.931: [ParNew: 35955K->2716K(36288K), 0.0035068 secs] 124880K->92248K(242952K), 0.0035649 secs] [Times: user=0.01 sys=0.00, real=0.00 secs] 
2015-10-30T16:09:43.773+0000: 5850.954: [GC (Allocation Failure) 5850.954: [ParNew: 35036K->2248K(36288K), 0.0025458 secs] 124568K->91781K(242952K), 0.0026049 secs] [Times: user=0.01 sys=0.00, real=0.00 secs] 
2015-10-30T16:09:43.809+0000: 5850.989: [GC (Allocation Failure) 5850.989: [ParNew: 32085K->3968K(36288K), 0.0029036 secs] 121618K->96644K(242952K), 0.0029672 secs] [Times: user=0.02 sys=0.00, real=0.00 secs] 
2015-10-30T16:09:43.813+0000: 5850.993: [GC (CMS Initial Mark) [1 CMS-initial-mark: 92676K(206664K)] 101964K(242952K), 0.0018099 secs] [Times: user=0.00 sys=0.00, real=0.00 secs] 
2015-10-30T16:09:43.815+0000: 5850.995: [CMS-concurrent-mark-start]
2015-10-30T16:09:43.852+0000: 5851.033: [CMS-concurrent-mark: 0.038/0.038 secs] [Times: user=0.08 sys=0.00, real=0.04 secs] 
2015-10-30T16:09:43.852+0000: 5851.033: [CMS-concurrent-preclean-start]
2015-10-30T16:09:43.854+0000: 5851.034: [CMS-concurrent-preclean: 0.001/0.001 secs] [Times: user=0.00 sys=0.00, real=0.00 secs] 
2015-10-30T16:09:43.854+0000: 5851.034: [CMS-concurrent-abortable-preclean-start]
 CMS: abort preclean due to time 2015-10-30T16:09:48.913+0000: 5856.093: [CMS-concurrent-abortable-preclean: 1.358/5.059 secs] [Times: user=1.46 sys=0.00, real=5.06 secs] 
2015-10-30T16:09:48.913+0000: 5856.094: [GC (CMS Final Remark) [YG occupancy: 32383 K (36288 K)]5856.094: [Rescan (parallel) , 0.0029839 secs]5856.097: [weak refs processing, 0.0000202 secs]5856.097: [class unloading, 0.0148314 secs]5856.112: [scrub symbol table, 0.0066461 secs]5856.118: [scrub string table, 0.0007511 secs][1 CMS-remark: 92676K(206664K)] 125059K(242952K), 0.0266592 secs] [Times: user=0.04 sys=0.00, real=0.03 secs] 
2015-10-30T16:09:48.940+0000: 5856.120: [CMS-concurrent-sweep-start]
2015-10-30T16:09:48.973+0000: 5856.153: [CMS-concurrent-sweep: 0.033/0.033 secs] [Times: user=0.03 sys=0.00, real=0.03 secs] 
2015-10-30T16:09:48.973+0000: 5856.153: [CMS-concurrent-reset-start]
2015-10-30T16:09:48.975+0000: 5856.156: [CMS-concurrent-reset: 0.002/0.002 secs] [Times: user=0.00 sys=0.00, real=0.00 secs] 
2015-10-30T16:09:50.975+0000: 5858.155: [GC (CMS Initial Mark) [1 CMS-initial-mark: 71307K(206664K)] 103908K(242952K), 0.0028597 secs] [Times: user=0.00 sys=0.00, real=0.01 secs] 
2015-10-30T16:09:50.978+0000: 5858.158: [CMS-concurrent-mark-start]
2015-10-30T16:09:51.015+0000: 5858.195: [CMS-concurrent-mark: 0.037/0.037 secs] [Times: user=0.04 sys=0.00, real=0.03 secs] 
2015-10-30T16:09:51.015+0000: 5858.195: [CMS-concurrent-preclean-start]
2015-10-30T16:09:51.017+0000: 5858.197: [CMS-concurrent-preclean: 0.002/0.002 secs] [Times: user=0.00 sys=0.00, real=0.00 secs] 
2015-10-30T16:09:51.017+0000: 5858.197: [CMS-concurrent-abortable-preclean-start]
2015-10-30T16:09:53.490+0000: 5860.670: [GC (Allocation Failure) 5860.670: [ParNew: 36274K->3968K(36288K), 0.0053953 secs] 107581K->81027K(242952K), 0.0054673 secs] [Times: user=0.02 sys=0.00, real=0.00 secs] 
2015-10-30T16:09:53.534+0000: 5860.715: [GC (Allocation Failure) 5860.715: [ParNew: 36288K->3968K(36288K), 0.0167103 secs] 113347K->91535K(242952K), 0.0167879 secs] [Times: user=0.05 sys=0.00, real=0.02 secs] 
2015-10-30T16:09:53.572+0000: 5860.752: [GC (Allocation Failure) 5860.752: [ParNew: 36288K->2886K(36288K), 0.0051635 secs] 123855K->94239K(242952K), 0.0052431 secs] [Times: user=0.02 sys=0.00, real=0.00 secs] 
2015-10-30T16:09:53.578+0000: 5860.759: [CMS-concurrent-abortable-preclean: 0.700/2.562 secs] [Times: user=0.95 sys=0.00, real=2.57 secs] 
2015-10-30T16:09:53.593+0000: 5860.774: [GC (CMS Final Remark) [YG occupancy: 26118 K (36288 K)]5860.774: [Rescan (parallel) , 0.0198433 secs]5860.794: [weak refs processing, 0.0000217 secs]5860.794: [class unloading, 0.0148452 secs]5860.809: [scrub symbol table, 0.0066042 secs]5860.815: [scrub string table, 0.0007445 secs][1 CMS-remark: 91353K(206664K)] 117471K(242952K), 0.0434950 secs] [Times: user=0.10 sys=0.00, real=0.04 secs] 
2015-10-30T16:09:53.638+0000: 5860.818: [CMS-concurrent-sweep-start]
2015-10-30T16:09:53.644+0000: 5860.824: [GC (Allocation Failure) 5860.824: [ParNew: 35206K->1909K(36288K), 0.0025634 secs] 126558K->93261K(242952K), 0.0026172 secs] [Times: user=0.01 sys=0.00, real=0.01 secs] 
2015-10-30T16:09:53.671+0000: 5860.852: [GC (Allocation Failure) 5860.852: [ParNew: 34229K->3553K(36288K), 0.0036939 secs] 121892K->91215K(242952K), 0.0037516 secs] [Times: user=0.01 sys=0.00, real=0.00 secs] 
2015-10-30T16:09:53.676+0000: 5860.856: [CMS-concurrent-sweep: 0.029/0.038 secs] [Times: user=0.13 sys=0.00, real=0.03 secs] 
2015-10-30T16:09:53.676+0000: 5860.856: [CMS-concurrent-reset-start]
2015-10-30T16:09:53.678+0000: 5860.859: [CMS-concurrent-reset: 0.003/0.003 secs] [Times: user=0.01 sys=0.00, real=0.01 secs] 
2015-10-30T16:09:53.697+0000: 5860.878: [GC (Allocation Failure) 5860.878: [ParNew: 35873K->3615K(36288K), 0.0047548 secs] 123535K->92113K(242952K), 0.0048156 secs] [Times: user=0.01 sys=0.00, real=0.00 secs] 
2015-10-30T16:09:53.725+0000: 5860.906: [GC (Allocation Failure) 5860.906: [ParNew: 35935K->2790K(36288K), 0.0042031 secs] 124433K->91985K(242952K), 0.0042620 secs] [Times: user=0.02 sys=0.00, real=0.00 secs] 
2015-10-30T16:09:53.747+0000: 5860.928: [GC (Allocation Failure) 5860.928: [ParNew: 35110K->3183K(36288K), 0.0033041 secs] 124305K->92378K(242952K), 0.0033651 secs] [Times: user=0.01 sys=0.00, real=0.00 secs] 
2015-10-30T16:09:53.771+0000: 5860.952: [GC (Allocation Failure) 5860.952: [ParNew: 35503K->2721K(36288K), 0.0034608 secs] 124698K->92585K(242952K), 0.0035225 secs] [Times: user=0.02 sys=0.00, real=0.00 secs] 
2015-10-30T16:09:53.810+0000: 5860.990: [GC (Allocation Failure) 5860.990: [ParNew: 34285K->3968K(36288K), 0.0041261 secs] 124149K->96847K(242952K), 0.0042020 secs] [Times: user=0.01 sys=0.00, real=0.00 secs] 
2015-10-30T16:09:53.815+0000: 5860.995: [GC (CMS Initial Mark) [1 CMS-initial-mark: 92879K(206664K)] 102165K(242952K), 0.0017144 secs] [Times: user=0.01 sys=0.00, real=0.00 secs] 
2015-10-30T16:09:53.817+0000: 5860.997: [CMS-concurrent-mark-start]
2015-10-30T16:09:53.856+0000: 5861.036: [CMS-concurrent-mark: 0.039/0.039 secs] [Times: user=0.08 sys=0.00, real=0.04 secs] 
2015-10-30T16:09:53.856+0000: 5861.036: [CMS-concurrent-preclean-start]
2015-10-30T16:09:53.858+0000: 5861.038: [CMS-concurrent-preclean: 0.002/0.002 secs] [Times: user=0.00 sys=0.00, real=0.01 secs] 
2015-10-30T16:09:53.858+0000: 5861.038: [CMS-concurrent-abortable-preclean-start]
 CMS: abort preclean due to time 2015-10-30T16:09:58.964+0000: 5866.144: [CMS-concurrent-abortable-preclean: 1.253/5.106 secs] [Times: user=1.36 sys=0.00, real=5.10 secs] 
2015-10-30T16:09:58.964+0000: 5866.145: [GC (CMS Final Remark) [YG occupancy: 32261 K (36288 K)]5866.145: [Rescan (parallel) , 0.0023801 secs]5866.147: [weak refs processing, 0.0000168 secs]5866.147: [class unloading, 0.0149682 secs]5866.162: [scrub symbol table, 0.0066569 secs]5866.169: [scrub string table, 0.0007511 secs][1 CMS-remark: 92879K(206664K)] 125141K(242952K), 0.0262445 secs] [Times: user=0.03 sys=0.00, real=0.03 secs] 
2015-10-30T16:09:58.991+0000: 5866.171: [CMS-concurrent-sweep-start]
2015-10-30T16:09:59.017+0000: 5866.197: [CMS-concurrent-sweep: 0.026/0.026 secs] [Times: user=0.03 sys=0.00, real=0.02 secs] 
2015-10-30T16:09:59.017+0000: 5866.197: [CMS-concurrent-reset-start]
2015-10-30T16:09:59.019+0000: 5866.200: [CMS-concurrent-reset: 0.002/0.002 secs] [Times: user=0.00 sys=0.00, real=0.01 secs] 
2015-10-30T16:10:01.019+0000: 5868.199: [GC (CMS Initial Mark) [1 CMS-initial-mark: 72388K(206664K)] 105858K(242952K), 0.0035213 secs] [Times: user=0.00 sys=0.00, real=0.00 secs] 
2015-10-30T16:10:01.023+0000: 5868.203: [CMS-concurrent-mark-start]
2015-10-30T16:10:01.061+0000: 5868.242: [CMS-concurrent-mark: 0.038/0.038 secs] [Times: user=0.03 sys=0.00, real=0.04 secs] 
2015-10-30T16:10:01.061+0000: 5868.242: [CMS-concurrent-preclean-start]
2015-10-30T16:10:01.064+0000: 5868.244: [CMS-concurrent-preclean: 0.002/0.003 secs] [Times: user=0.00 sys=0.00, real=0.00 secs] 
2015-10-30T16:10:01.064+0000: 5868.244: [CMS-concurrent-abortable-preclean-start]
2015-10-30T16:10:03.532+0000: 5870.712: [GC (Allocation Failure) 5870.712: [ParNew: 36283K->2768K(36288K), 0.0059939 secs] 108672K->79828K(242952K), 0.0060730 secs] [Times: user=0.02 sys=0.00, real=0.01 secs] 
2015-10-30T16:10:03.581+0000: 5870.761: [GC (Allocation Failure) 5870.761: [ParNew: 35088K->3968K(36288K), 0.0187494 secs] 112148K->92502K(242952K), 0.0188371 secs] [Times: user=0.05 sys=0.00, real=0.02 secs] 
2015-10-30T16:10:03.622+0000: 5870.802: [GC (Allocation Failure) 5870.802: [ParNew: 36288K->3117K(36288K), 0.0048439 secs] 124822K->95451K(242952K), 0.0049211 secs] [Times: user=0.02 sys=0.00, real=0.01 secs] 
2015-10-30T16:10:03.648+0000: 5870.828: [GC (Allocation Failure) 5870.828: [ParNew: 35437K->2196K(36288K), 0.0030922 secs] 127771K->94531K(242952K), 0.0031625 secs] [Times: user=0.01 sys=0.00, real=0.00 secs] 
2015-10-30T16:10:03.652+0000: 5870.833: [CMS-concurrent-abortable-preclean: 0.506/2.589 secs] [Times: user=0.83 sys=0.01, real=2.59 secs] 
2015-10-30T16:10:03.653+0000: 5870.834: [GC (CMS Final Remark) [YG occupancy: 4044 K (36288 K)]5870.834: [Rescan (parallel) , 0.0029468 secs]5870.837: [weak refs processing, 0.0000163 secs]5870.837: [class unloading, 0.0150722 secs]5870.852: [scrub symbol table, 0.0066587 secs]5870.859: [scrub string table, 0.0007592 secs][1 CMS-remark: 92334K(206664K)] 96379K(242952K), 0.0269025 secs] [Times: user=0.03 sys=0.00, real=0.03 secs] 
2015-10-30T16:10:03.680+0000: 5870.861: [CMS-concurrent-sweep-start]
2015-10-30T16:10:03.705+0000: 5870.886: [GC (Allocation Failure) 5870.886: [ParNew: 34516K->3664K(36288K), 0.0038320 secs] 124178K->93326K(242952K), 0.0038932 secs] [Times: user=0.01 sys=0.00, real=0.00 secs] 
2015-10-30T16:10:03.716+0000: 5870.897: [CMS-concurrent-sweep: 0.028/0.036 secs] [Times: user=0.12 sys=0.00, real=0.03 secs] 
2015-10-30T16:10:03.716+0000: 5870.897: [CMS-concurrent-reset-start]
2015-10-30T16:10:03.719+0000: 5870.899: [CMS-concurrent-reset: 0.003/0.003 secs] [Times: user=0.01 sys=0.00, real=0.01 secs] 
2015-10-30T16:10:03.733+0000: 5870.914: [GC (Allocation Failure) 5870.914: [ParNew: 35984K->3004K(36288K), 0.0050877 secs] 125092K->93660K(242952K), 0.0051650 secs] [Times: user=0.02 sys=0.00, real=0.01 secs] 
2015-10-30T16:10:03.759+0000: 5870.940: [GC (Allocation Failure) 5870.940: [ParNew: 35324K->2313K(36288K), 0.0027915 secs] 125980K->92969K(242952K), 0.0028570 secs] [Times: user=0.01 sys=0.00, real=0.00 secs] 
2015-10-30T16:10:03.780+0000: 5870.960: [GC (Allocation Failure) 5870.960: [ParNew: 34633K->3521K(36288K), 0.0030337 secs] 125289K->94177K(242952K), 0.0030989 secs] [Times: user=0.01 sys=0.00, real=0.00 secs] 
2015-10-30T16:10:03.805+0000: 5870.986: [GC (Allocation Failure) 5870.986: [ParNew: 35841K->2690K(36288K), 0.0035745 secs] 126497K->93934K(242952K), 0.0036441 secs] [Times: user=0.02 sys=0.00, real=0.00 secs] 
2015-10-30T16:10:03.853+0000: 5871.034: [GC (Allocation Failure) 5871.034: [ParNew: 34960K->3968K(36288K), 0.0041249 secs] 126204K->98370K(242952K), 0.0042059 secs] [Times: user=0.01 sys=0.00, real=0.01 secs] 
2015-10-30T16:10:03.858+0000: 5871.039: [GC (CMS Initial Mark) [1 CMS-initial-mark: 94402K(206664K)] 103687K(242952K), 0.0018816 secs] [Times: user=0.01 sys=0.00, real=0.00 secs] 
2015-10-30T16:10:03.860+0000: 5871.041: [CMS-concurrent-mark-start]
2015-10-30T16:10:03.918+0000: 5871.098: [CMS-concurrent-mark: 0.057/0.057 secs] [Times: user=0.17 sys=0.00, real=0.06 secs] 
2015-10-30T16:10:03.918+0000: 5871.098: [CMS-concurrent-preclean-start]
2015-10-30T16:10:03.919+0000: 5871.100: [CMS-concurrent-preclean: 0.002/0.002 secs] [Times: user=0.01 sys=0.00, real=0.00 secs] 
2015-10-30T16:10:03.919+0000: 5871.100: [CMS-concurrent-abortable-preclean-start]
 CMS: abort preclean due to time 2015-10-30T16:10:08.956+0000: 5876.136: [CMS-concurrent-abortable-preclean: 1.110/5.036 secs] [Times: user=1.40 sys=0.02, real=5.03 secs] 
2015-10-30T16:10:08.956+0000: 5876.137: [GC (CMS Final Remark) [YG occupancy: 31980 K (36288 K)]5876.137: [Rescan (parallel) , 0.0023696 secs]5876.139: [weak refs processing, 0.0000204 secs]5876.139: [class unloading, 0.0153104 secs]5876.154: [scrub symbol table, 0.0066193 secs]5876.161: [scrub string table, 0.0007634 secs][1 CMS-remark: 94402K(206664K)] 126382K(242952K), 0.0265400 secs] [Times: user=0.03 sys=0.00, real=0.03 secs] 
2015-10-30T16:10:08.983+0000: 5876.163: [CMS-concurrent-sweep-start]
2015-10-30T16:10:09.009+0000: 5876.189: [CMS-concurrent-sweep: 0.026/0.026 secs] [Times: user=0.03 sys=0.00, real=0.03 secs] 
2015-10-30T16:10:09.009+0000: 5876.189: [CMS-concurrent-reset-start]
2015-10-30T16:10:09.011+0000: 5876.191: [CMS-concurrent-reset: 0.002/0.002 secs] [Times: user=0.00 sys=0.00, real=0.00 secs] 
2015-10-30T16:10:11.010+0000: 5878.191: [GC (CMS Initial Mark) [1 CMS-initial-mark: 73294K(206664K)] 105384K(242952K), 0.0025074 secs] [Times: user=0.01 sys=0.00, real=0.00 secs] 
2015-10-30T16:10:11.013+0000: 5878.193: [CMS-concurrent-mark-start]
2015-10-30T16:10:11.049+0000: 5878.230: [CMS-concurrent-mark: 0.036/0.036 secs] [Times: user=0.04 sys=0.00, real=0.04 secs] 
2015-10-30T16:10:11.049+0000: 5878.230: [CMS-concurrent-preclean-start]
2015-10-30T16:10:11.051+0000: 5878.231: [CMS-concurrent-preclean: 0.002/0.002 secs] [Times: user=0.00 sys=0.00, real=0.00 secs] 
2015-10-30T16:10:11.051+0000: 5878.231: [CMS-concurrent-abortable-preclean-start]
2015-10-30T16:10:13.562+0000: 5880.743: [GC (Allocation Failure) 5880.743: [ParNew: 36243K->3968K(36288K), 0.0058034 secs] 109537K->82959K(242952K), 0.0058876 secs] [Times: user=0.02 sys=0.00, real=0.01 secs] 
2015-10-30T16:10:13.607+0000: 5880.787: [GC (Allocation Failure) 5880.787: [ParNew: 36288K->3968K(36288K), 0.0140029 secs] 115279K->93399K(242952K), 0.0140945 secs] [Times: user=0.05 sys=0.00, real=0.01 secs] 
2015-10-30T16:10:13.642+0000: 5880.822: [GC (Allocation Failure) 5880.822: [ParNew: 36288K->2591K(36288K), 0.0057639 secs] 125719K->95913K(242952K), 0.0058411 secs] [Times: user=0.02 sys=0.00, real=0.01 secs] 
2015-10-30T16:10:13.673+0000: 5880.853: [GC (Allocation Failure) 5880.853: [ParNew: 34911K->2150K(36288K), 0.0024252 secs] 128233K->95472K(242952K), 0.0024838 secs] [Times: user=0.01 sys=0.00, real=0.00 secs] 
2015-10-30T16:10:13.679+0000: 5880.859: [CMS-concurrent-abortable-preclean: 0.578/2.628 secs] [Times: user=0.90 sys=0.00, real=2.63 secs] 
2015-10-30T16:10:13.681+0000: 5880.862: [GC (CMS Final Remark) [YG occupancy: 8072 K (36288 K)]5880.862: [Rescan (parallel) , 0.0052566 secs]5880.867: [weak refs processing, 0.0000202 secs]5880.867: [class unloading, 0.0150460 secs]5880.882: [scrub symbol table, 0.0066465 secs]5880.889: [scrub string table, 0.0007535 secs][1 CMS-remark: 93322K(206664K)] 101395K(242952K), 0.0291829 secs] [Times: user=0.04 sys=0.00, real=0.03 secs] 
2015-10-30T16:10:13.711+0000: 5880.891: [CMS-concurrent-sweep-start]
2015-10-30T16:10:13.733+0000: 5880.914: [GC (Allocation Failure) 5880.914: [ParNew: 34470K->3552K(36288K), 0.0031939 secs] 123668K->92750K(242952K), 0.0032473 secs] [Times: user=0.01 sys=0.00, real=0.00 secs] 
2015-10-30T16:10:13.745+0000: 5880.925: [CMS-concurrent-sweep: 0.027/0.034 secs] [Times: user=0.12 sys=0.00, real=0.03 secs] 
2015-10-30T16:10:13.745+0000: 5880.925: [CMS-concurrent-reset-start]
2015-10-30T16:10:13.748+0000: 5880.928: [CMS-concurrent-reset: 0.003/0.003 secs] [Times: user=0.00 sys=0.00, real=0.01 secs] 
2015-10-30T16:10:13.765+0000: 5880.946: [GC (Allocation Failure) 5880.946: [ParNew: 35872K->3504K(36288K), 0.0045270 secs] 124052K->92437K(242952K), 0.0045979 secs] [Times: user=0.01 sys=0.00, real=0.00 secs] 
2015-10-30T16:10:13.789+0000: 5880.970: [GC (Allocation Failure) 5880.970: [ParNew: 35824K->2683K(36288K), 0.0048055 secs] 124757K->92313K(242952K), 0.0048641 secs] [Times: user=0.01 sys=0.00, real=0.00 secs] 
2015-10-30T16:10:13.813+0000: 5880.994: [GC (Allocation Failure) 5880.994: [ParNew: 35003K->3580K(36288K), 0.0030258 secs] 124633K->93210K(242952K), 0.0030865 secs] [Times: user=0.01 sys=0.00, real=0.00 secs] 
2015-10-30T16:10:13.845+0000: 5881.026: [GC (Allocation Failure) 5881.026: [ParNew: 35900K->2129K(36288K), 0.0039222 secs] 125530K->92320K(242952K), 0.0039798 secs] [Times: user=0.02 sys=0.00, real=0.00 secs] 
2015-10-30T16:10:13.884+0000: 5881.064: [GC (Allocation Failure) 5881.064: [ParNew: 31944K->3968K(36288K), 0.0030116 secs] 122135K->97310K(242952K), 0.0030870 secs] [Times: user=0.01 sys=0.00, real=0.01 secs] 
2015-10-30T16:10:13.888+0000: 5881.068: [GC (CMS Initial Mark) [1 CMS-initial-mark: 93342K(206664K)] 102627K(242952K), 0.0019120 secs] [Times: user=0.01 sys=0.00, real=0.00 secs] 
2015-10-30T16:10:13.890+0000: 5881.070: [CMS-concurrent-mark-start]
2015-10-30T16:10:13.944+0000: 5881.125: [CMS-concurrent-mark: 0.055/0.055 secs] [Times: user=0.11 sys=0.00, real=0.05 secs] 
2015-10-30T16:10:13.944+0000: 5881.125: [CMS-concurrent-preclean-start]
2015-10-30T16:10:13.946+0000: 5881.126: [CMS-concurrent-preclean: 0.002/0.002 secs] [Times: user=0.00 sys=0.00, real=0.01 secs] 
2015-10-30T16:10:13.946+0000: 5881.126: [CMS-concurrent-abortable-preclean-start]
 CMS: abort preclean due to time 2015-10-30T16:10:18.948+0000: 5886.128: [CMS-concurrent-abortable-preclean: 1.075/5.002 secs] [Times: user=1.16 sys=0.01, real=5.00 secs] 
2015-10-30T16:10:18.948+0000: 5886.129: [GC (CMS Final Remark) [YG occupancy: 31930 K (36288 K)]5886.129: [Rescan (parallel) , 0.0023554 secs]5886.131: [weak refs processing, 0.0000165 secs]5886.131: [class unloading, 0.0150846 secs]5886.146: [scrub symbol table, 0.0066323 secs]5886.153: [scrub string table, 0.0007662 secs][1 CMS-remark: 93342K(206664K)] 125272K(242952K), 0.0263002 secs] [Times: user=0.03 sys=0.00, real=0.02 secs] 
2015-10-30T16:10:18.975+0000: 5886.155: [CMS-concurrent-sweep-start]
2015-10-30T16:10:18.999+0000: 5886.180: [CMS-concurrent-sweep: 0.025/0.025 secs] [Times: user=0.03 sys=0.00, real=0.03 secs] 
2015-10-30T16:10:18.999+0000: 5886.180: [CMS-concurrent-reset-start]
2015-10-30T16:10:19.002+0000: 5886.182: [CMS-concurrent-reset: 0.002/0.002 secs] [Times: user=0.00 sys=0.00, real=0.00 secs] 
2015-10-30T16:10:21.002+0000: 5888.182: [GC (CMS Initial Mark) [1 CMS-initial-mark: 73455K(206664K)] 105576K(242952K), 0.0029323 secs] [Times: user=0.01 sys=0.00, real=0.00 secs] 
2015-10-30T16:10:21.005+0000: 5888.185: [CMS-concurrent-mark-start]
2015-10-30T16:10:21.040+0000: 5888.221: [CMS-concurrent-mark: 0.035/0.035 secs] [Times: user=0.04 sys=0.00, real=0.04 secs] 
2015-10-30T16:10:21.040+0000: 5888.221: [CMS-concurrent-preclean-start]
2015-10-30T16:10:21.042+0000: 5888.222: [CMS-concurrent-preclean: 0.002/0.002 secs] [Times: user=0.00 sys=0.00, real=0.00 secs] 
2015-10-30T16:10:21.042+0000: 5888.222: [CMS-concurrent-abortable-preclean-start]
2015-10-30T16:10:23.547+0000: 5890.728: [GC (Allocation Failure) 5890.728: [ParNew: 36270K->3968K(36288K), 0.0058440 secs] 109725K->82990K(242952K), 0.0059164 secs] [Times: user=0.02 sys=0.00, real=0.00 secs] 
2015-10-30T16:10:23.592+0000: 5890.773: [GC (Allocation Failure) 5890.773: [ParNew: 36288K->3968K(36288K), 0.0136767 secs] 115310K->93864K(242952K), 0.0137567 secs] [Times: user=0.05 sys=0.00, real=0.02 secs] 
2015-10-30T16:10:23.629+0000: 5890.810: [GC (Allocation Failure) 5890.810: [ParNew: 36288K->3380K(36288K), 0.0052806 secs] 126184K->97030K(242952K), 0.0053417 secs] [Times: user=0.01 sys=0.01, real=0.00 secs] 
2015-10-30T16:10:23.657+0000: 5890.837: [GC (Allocation Failure) 5890.837: [ParNew: 35700K->2186K(36288K), 0.0022662 secs] 129350K->95836K(242952K), 0.0023276 secs] [Times: user=0.01 sys=0.00, real=0.01 secs] 
2015-10-30T16:10:23.660+0000: 5890.840: [CMS-concurrent-abortable-preclean: 0.555/2.618 secs] [Times: user=0.84 sys=0.01, real=2.62 secs] 
2015-10-30T16:10:23.665+0000: 5890.846: [GC (CMS Final Remark) [YG occupancy: 3009 K (36288 K)]5890.846: [Rescan (parallel) , 0.0020345 secs]5890.848: [weak refs processing, 0.0000188 secs]5890.848: [class unloading, 0.0151969 secs]5890.863: [scrub symbol table, 0.0066359 secs]5890.870: [scrub string table, 0.0007518 secs][1 CMS-remark: 93649K(206664K)] 96659K(242952K), 0.0261081 secs] [Times: user=0.04 sys=0.00, real=0.02 secs] 
2015-10-30T16:10:23.692+0000: 5890.872: [CMS-concurrent-sweep-start]
2015-10-30T16:10:23.717+0000: 5890.898: [GC (Allocation Failure) 5890.898: [ParNew: 34506K->2958K(36288K), 0.0027742 secs] 123965K->92417K(242952K), 0.0028283 secs] [Times: user=0.01 sys=0.00, real=0.00 secs] 
2015-10-30T16:10:23.726+0000: 5890.906: [CMS-concurrent-sweep: 0.027/0.034 secs] [Times: user=0.11 sys=0.01, real=0.04 secs] 
2015-10-30T16:10:23.726+0000: 5890.906: [CMS-concurrent-reset-start]
2015-10-30T16:10:23.728+0000: 5890.909: [CMS-concurrent-reset: 0.003/0.003 secs] [Times: user=0.02 sys=0.00, real=0.00 secs] 
2015-10-30T16:10:23.743+0000: 5890.923: [GC (Allocation Failure) 5890.923: [ParNew: 35278K->2885K(36288K), 0.0044955 secs] 123787K->92226K(242952K), 0.0045588 secs] [Times: user=0.02 sys=0.00, real=0.01 secs] 
2015-10-30T16:10:23.769+0000: 5890.950: [GC (Allocation Failure) 5890.950: [ParNew: 35205K->3914K(36288K), 0.0037092 secs] 124546K->93255K(242952K), 0.0037723 secs] [Times: user=0.00 sys=0.00, real=0.00 secs] 
2015-10-30T16:10:23.793+0000: 5890.974: [GC (Allocation Failure) 5890.974: [ParNew: 36234K->3086K(36288K), 0.0044660 secs] 125575K->93724K(242952K), 0.0045257 secs] [Times: user=0.02 sys=0.00, real=0.01 secs] 
2015-10-30T16:10:23.817+0000: 5890.998: [GC (Allocation Failure) 5890.998: [ParNew: 35406K->2489K(36288K), 0.0029467 secs] 126044K->93127K(242952K), 0.0030046 secs] [Times: user=0.01 sys=0.00, real=0.00 secs] 
2015-10-30T16:10:23.855+0000: 5891.036: [GC (Allocation Failure) 5891.036: [ParNew: 32505K->3968K(36288K), 0.0029953 secs] 123142K->97768K(242952K), 0.0030593 secs] [Times: user=0.01 sys=0.00, real=0.01 secs] 
2015-10-30T16:10:23.859+0000: 5891.040: [GC (CMS Initial Mark) [1 CMS-initial-mark: 93800K(206664K)] 103086K(242952K), 0.0018504 secs] [Times: user=0.00 sys=0.00, real=0.00 secs] 
2015-10-30T16:10:23.861+0000: 5891.041: [CMS-concurrent-mark-start]
2015-10-30T16:10:23.918+0000: 5891.098: [CMS-concurrent-mark: 0.057/0.057 secs] [Times: user=0.12 sys=0.00, real=0.06 secs] 
2015-10-30T16:10:23.918+0000: 5891.098: [CMS-concurrent-preclean-start]
2015-10-30T16:10:23.919+0000: 5891.100: [CMS-concurrent-preclean: 0.002/0.002 secs] [Times: user=0.00 sys=0.00, real=0.00 secs] 
2015-10-30T16:10:23.919+0000: 5891.100: [CMS-concurrent-abortable-preclean-start]
 CMS: abort preclean due to time 2015-10-30T16:10:29.004+0000: 5896.184: [CMS-concurrent-abortable-preclean: 1.117/5.085 secs] [Times: user=1.20 sys=0.00, real=5.08 secs] 
2015-10-30T16:10:29.004+0000: 5896.185: [GC (CMS Final Remark) [YG occupancy: 31994 K (36288 K)]5896.185: [Rescan (parallel) , 0.0023462 secs]5896.187: [weak refs processing, 0.0000162 secs]5896.187: [class unloading, 0.0148676 secs]5896.202: [scrub symbol table, 0.0065893 secs]5896.209: [scrub string table, 0.0007498 secs][1 CMS-remark: 93800K(206664K)] 125795K(242952K), 0.0260005 secs] [Times: user=0.04 sys=0.00, real=0.03 secs] 
2015-10-30T16:10:29.030+0000: 5896.211: [CMS-concurrent-sweep-start]
2015-10-30T16:10:29.054+0000: 5896.235: [CMS-concurrent-sweep: 0.024/0.024 secs] [Times: user=0.02 sys=0.00, real=0.02 secs] 
2015-10-30T16:10:29.054+0000: 5896.235: [CMS-concurrent-reset-start]
2015-10-30T16:10:29.057+0000: 5896.237: [CMS-concurrent-reset: 0.002/0.002 secs] [Times: user=0.00 sys=0.00, real=0.00 secs] 
2015-10-30T16:10:31.056+0000: 5898.237: [GC (CMS Initial Mark) [1 CMS-initial-mark: 70945K(206664K)] 103036K(242952K), 0.0026879 secs] [Times: user=0.01 sys=0.00, real=0.01 secs] 
2015-10-30T16:10:31.059+0000: 5898.239: [CMS-concurrent-mark-start]
2015-10-30T16:10:31.095+0000: 5898.275: [CMS-concurrent-mark: 0.036/0.036 secs] [Times: user=0.04 sys=0.00, real=0.03 secs] 
2015-10-30T16:10:31.095+0000: 5898.275: [CMS-concurrent-preclean-start]
2015-10-30T16:10:31.096+0000: 5898.277: [CMS-concurrent-preclean: 0.002/0.002 secs] [Times: user=0.00 sys=0.00, real=0.00 secs] 
2015-10-30T16:10:31.096+0000: 5898.277: [CMS-concurrent-abortable-preclean-start]
2015-10-30T16:10:33.523+0000: 5900.703: [GC (Allocation Failure) 5900.703: [ParNew: 36255K->3968K(36288K), 0.0059118 secs] 107201K->80670K(242952K), 0.0059945 secs] [Times: user=0.02 sys=0.00, real=0.01 secs] 
2015-10-30T16:10:33.567+0000: 5900.747: [GC (Allocation Failure) 5900.747: [ParNew: 36288K->3968K(36288K), 0.0138043 secs] 112990K->90259K(242952K), 0.0138912 secs] [Times: user=0.05 sys=0.00, real=0.01 secs] 
2015-10-30T16:10:33.602+0000: 5900.782: [GC (Allocation Failure) 5900.783: [ParNew: 36288K->3585K(36288K), 0.0056414 secs] 122579K->93736K(242952K), 0.0057338 secs] [Times: user=0.02 sys=0.00, real=0.01 secs] 
2015-10-30T16:10:33.610+0000: 5900.790: [CMS-concurrent-abortable-preclean: 0.604/2.513 secs] [Times: user=0.85 sys=0.00, real=2.52 secs] 
2015-10-30T16:10:33.613+0000: 5900.794: [GC (CMS Final Remark) [YG occupancy: 6150 K (36288 K)]5900.794: [Rescan (parallel) , 0.0081825 secs]5900.802: [weak refs processing, 0.0000235 secs]5900.802: [class unloading, 0.0151955 secs]5900.817: [scrub symbol table, 0.0066401 secs]5900.824: [scrub string table, 0.0007542 secs][1 CMS-remark: 90151K(206664K)] 96301K(242952K), 0.0322830 secs] [Times: user=0.05 sys=0.00, real=0.04 secs] 
2015-10-30T16:10:33.649+0000: 5900.830: [CMS-concurrent-sweep-start]
2015-10-30T16:10:33.664+0000: 5900.844: [GC (Allocation Failure) 5900.844: [ParNew: 35905K->2215K(36288K), 0.0027623 secs] 124460K->90770K(242952K), 0.0028265 secs] [Times: user=0.01 sys=0.00, real=0.01 secs] 
2015-10-30T16:10:33.684+0000: 5900.865: [CMS-concurrent-sweep: 0.032/0.035 secs] [Times: user=0.14 sys=0.00, real=0.03 secs] 
2015-10-30T16:10:33.684+0000: 5900.865: [CMS-concurrent-reset-start]
2015-10-30T16:10:33.687+0000: 5900.867: [CMS-concurrent-reset: 0.003/0.003 secs] [Times: user=0.01 sys=0.00, real=0.01 secs] 
2015-10-30T16:10:33.693+0000: 5900.874: [GC (Allocation Failure) 5900.874: [ParNew: 34535K->2877K(36288K), 0.0034372 secs] 121001K->89343K(242952K), 0.0034831 secs] [Times: user=0.01 sys=0.00, real=0.00 secs] 
2015-10-30T16:10:33.719+0000: 5900.899: [GC (Allocation Failure) 5900.900: [ParNew: 35197K->2412K(36288K), 0.0042970 secs] 121663K->89632K(242952K), 0.0043657 secs] [Times: user=0.02 sys=0.00, real=0.00 secs] 
2015-10-30T16:10:33.743+0000: 5900.923: [GC (Allocation Failure) 5900.923: [ParNew: 34732K->3106K(36288K), 0.0042758 secs] 121952K->91015K(242952K), 0.0043378 secs] [Times: user=0.02 sys=0.00, real=0.01 secs] 
2015-10-30T16:10:33.765+0000: 5900.946: [GC (Allocation Failure) 5900.946: [ParNew: 35426K->2290K(36288K), 0.0034822 secs] 123335K->90818K(242952K), 0.0035485 secs] [Times: user=0.01 sys=0.00, real=0.00 secs] 
2015-10-30T16:10:33.788+0000: 5900.968: [GC (Allocation Failure) 5900.968: [ParNew: 34610K->1793K(36288K), 0.0029426 secs] 123138K->90321K(242952K), 0.0030017 secs] [Times: user=0.01 sys=0.00, real=0.00 secs] 
2015-10-30T16:10:33.824+0000: 5901.005: [GC (Allocation Failure) 5901.005: [ParNew: 30657K->3968K(36288K), 0.0030201 secs] 119185K->95626K(242952K), 0.0031017 secs] [Times: user=0.02 sys=0.00, real=0.01 secs] 
2015-10-30T16:10:33.828+0000: 5901.009: [GC (CMS Initial Mark) [1 CMS-initial-mark: 91658K(206664K)] 100944K(242952K), 0.0018637 secs] [Times: user=0.00 sys=0.00, real=0.00 secs] 
2015-10-30T16:10:33.830+0000: 5901.011: [CMS-concurrent-mark-start]
2015-10-30T16:10:33.869+0000: 5901.049: [CMS-concurrent-mark: 0.039/0.039 secs] [Times: user=0.08 sys=0.00, real=0.04 secs] 
2015-10-30T16:10:33.869+0000: 5901.049: [CMS-concurrent-preclean-start]
2015-10-30T16:10:33.870+0000: 5901.051: [CMS-concurrent-preclean: 0.002/0.002 secs] [Times: user=0.00 sys=0.00, real=0.00 secs] 
2015-10-30T16:10:33.870+0000: 5901.051: [CMS-concurrent-abortable-preclean-start]
 CMS: abort preclean due to time 2015-10-30T16:10:38.984+0000: 5906.164: [CMS-concurrent-abortable-preclean: 1.249/5.113 secs] [Times: user=1.34 sys=0.01, real=5.11 secs] 
2015-10-30T16:10:38.984+0000: 5906.165: [GC (CMS Final Remark) [YG occupancy: 32089 K (36288 K)]5906.165: [Rescan (parallel) , 0.0023368 secs]5906.167: [weak refs processing, 0.0000216 secs]5906.167: [class unloading, 0.0146958 secs]5906.182: [scrub symbol table, 0.0065996 secs]5906.188: [scrub string table, 0.0007455 secs][1 CMS-remark: 91658K(206664K)] 123748K(242952K), 0.0258240 secs] [Times: user=0.03 sys=0.00, real=0.03 secs] 
2015-10-30T16:10:39.010+0000: 5906.191: [CMS-concurrent-sweep-start]
2015-10-30T16:10:39.033+0000: 5906.214: [CMS-concurrent-sweep: 0.023/0.023 secs] [Times: user=0.02 sys=0.00, real=0.02 secs] 
2015-10-30T16:10:39.034+0000: 5906.214: [CMS-concurrent-reset-start]
2015-10-30T16:10:39.036+0000: 5906.216: [CMS-concurrent-reset: 0.002/0.002 secs] [Times: user=0.01 sys=0.00, real=0.00 secs] 
2015-10-30T16:10:41.035+0000: 5908.216: [GC (CMS Initial Mark) [1 CMS-initial-mark: 71085K(206664K)] 103339K(242952K), 0.0026176 secs] [Times: user=0.01 sys=0.00, real=0.01 secs] 
2015-10-30T16:10:41.038+0000: 5908.218: [CMS-concurrent-mark-start]
2015-10-30T16:10:41.074+0000: 5908.254: [CMS-concurrent-mark: 0.036/0.036 secs] [Times: user=0.04 sys=0.00, real=0.03 secs] 
2015-10-30T16:10:41.074+0000: 5908.254: [CMS-concurrent-preclean-start]
2015-10-30T16:10:41.075+0000: 5908.256: [CMS-concurrent-preclean: 0.002/0.002 secs] [Times: user=0.00 sys=0.00, real=0.00 secs] 
2015-10-30T16:10:41.075+0000: 5908.256: [CMS-concurrent-abortable-preclean-start]
2015-10-30T16:10:43.549+0000: 5910.729: [GC (Allocation Failure) 5910.729: [ParNew: 36258K->3968K(36288K), 0.0057870 secs] 107344K->80792K(242952K), 0.0058594 secs] [Times: user=0.02 sys=0.00, real=0.00 secs] 
2015-10-30T16:10:43.595+0000: 5910.776: [GC (Allocation Failure) 5910.776: [ParNew: 36288K->3968K(36288K), 0.0152784 secs] 113112K->92014K(242952K), 0.0153646 secs] [Times: user=0.05 sys=0.00, real=0.02 secs] 
2015-10-30T16:10:43.632+0000: 5910.812: [GC (Allocation Failure) 5910.812: [ParNew: 36288K->3477K(36288K), 0.0050592 secs] 124334K->95303K(242952K), 0.0051190 secs] [Times: user=0.02 sys=0.00, real=0.00 secs] 
2015-10-30T16:10:43.658+0000: 5910.838: [GC (Allocation Failure) 5910.838: [ParNew: 35797K->2227K(36288K), 0.0024293 secs] 127623K->94053K(242952K), 0.0024881 secs] [Times: user=0.01 sys=0.00, real=0.00 secs] 
2015-10-30T16:10:43.675+0000: 5910.855: [CMS-concurrent-abortable-preclean: 0.642/2.599 secs] [Times: user=0.99 sys=0.00, real=2.60 secs] 
2015-10-30T16:10:43.679+0000: 5910.859: [GC (CMS Final Remark) [YG occupancy: 34547 K (36288 K)]5910.859: [Rescan (parallel) , 0.0204614 secs]5910.880: [weak refs processing, 0.0000207 secs]5910.880: [class unloading, 0.0149540 secs]5910.895: [scrub symbol table, 0.0066483 secs]5910.901: [scrub string table, 0.0007676 secs][1 CMS-remark: 91825K(206664K)] 126373K(242952K), 0.0443493 secs] [Times: user=0.10 sys=0.00, real=0.04 secs] 
2015-10-30T16:10:43.724+0000: 5910.904: [GC (Allocation Failure) 5910.904: [ParNew: 34547K->2926K(36288K), 0.0030167 secs] 126373K->94752K(242952K), 0.0030568 secs] [Times: user=0.01 sys=0.00, real=0.01 secs] 
2015-10-30T16:10:43.727+0000: 5910.907: [CMS-concurrent-sweep-start]
2015-10-30T16:10:43.750+0000: 5910.930: [CMS-concurrent-sweep: 0.023/0.023 secs] [Times: user=0.08 sys=0.00, real=0.02 secs] 
2015-10-30T16:10:43.750+0000: 5910.930: [CMS-concurrent-reset-start]
2015-10-30T16:10:43.753+0000: 5910.933: [CMS-concurrent-reset: 0.003/0.003 secs] [Times: user=0.01 sys=0.00, real=0.00 secs] 
2015-10-30T16:10:43.754+0000: 5910.935: [GC (Allocation Failure) 5910.935: [ParNew: 35246K->2923K(36288K), 0.0045825 secs] 122850K->91320K(242952K), 0.0046289 secs] [Times: user=0.02 sys=0.00, real=0.01 secs] 
2015-10-30T16:10:43.781+0000: 5910.962: [GC (Allocation Failure) 5910.962: [ParNew: 35243K->3038K(36288K), 0.0047374 secs] 123640K->92178K(242952K), 0.0048136 secs] [Times: user=0.00 sys=0.01, real=0.01 secs] 
2015-10-30T16:10:43.805+0000: 5910.986: [GC (Allocation Failure) 5910.986: [ParNew: 35358K->3208K(36288K), 0.0039574 secs] 124498K->92937K(242952K), 0.0040227 secs] [Times: user=0.01 sys=0.00, real=0.00 secs] 
2015-10-30T16:10:43.829+0000: 5911.010: [GC (Allocation Failure) 5911.010: [ParNew: 35528K->2313K(36288K), 0.0042451 secs] 125257K->92041K(242952K), 0.0043000 secs] [Times: user=0.01 sys=0.00, real=0.00 secs] 
2015-10-30T16:10:43.868+0000: 5911.048: [GC (Allocation Failure) 5911.048: [ParNew: 33098K->3968K(36288K), 0.0031648 secs] 122827K->96887K(242952K), 0.0032282 secs] [Times: user=0.01 sys=0.00, real=0.00 secs] 
2015-10-30T16:10:43.872+0000: 5911.052: [GC (CMS Initial Mark) [1 CMS-initial-mark: 92919K(206664K)] 102206K(242952K), 0.0019276 secs] [Times: user=0.01 sys=0.00, real=0.00 secs] 
2015-10-30T16:10:43.874+0000: 5911.054: [CMS-concurrent-mark-start]
2015-10-30T16:10:43.930+0000: 5911.110: [CMS-concurrent-mark: 0.056/0.056 secs] [Times: user=0.11 sys=0.00, real=0.06 secs] 
2015-10-30T16:10:43.930+0000: 5911.110: [CMS-concurrent-preclean-start]
2015-10-30T16:10:43.931+0000: 5911.112: [CMS-concurrent-preclean: 0.002/0.002 secs] [Times: user=0.00 sys=0.00, real=0.00 secs] 
2015-10-30T16:10:43.931+0000: 5911.112: [CMS-concurrent-abortable-preclean-start]
 CMS: abort preclean due to time 2015-10-30T16:10:48.942+0000: 5916.122: [CMS-concurrent-abortable-preclean: 1.044/5.010 secs] [Times: user=1.14 sys=0.00, real=5.01 secs] 
2015-10-30T16:10:48.942+0000: 5916.122: [GC (CMS Final Remark) [YG occupancy: 32021 K (36288 K)]5916.122: [Rescan (parallel) , 0.0029492 secs]5916.125: [weak refs processing, 0.0000226 secs]5916.125: [class unloading, 0.0149407 secs]5916.140: [scrub symbol table, 0.0065958 secs]5916.147: [scrub string table, 0.0007511 secs][1 CMS-remark: 92919K(206664K)] 124940K(242952K), 0.0266872 secs] [Times: user=0.04 sys=0.00, real=0.03 secs] 
2015-10-30T16:10:48.969+0000: 5916.149: [CMS-concurrent-sweep-start]
2015-10-30T16:10:48.992+0000: 5916.173: [CMS-concurrent-sweep: 0.023/0.023 secs] [Times: user=0.02 sys=0.00, real=0.02 secs] 
2015-10-30T16:10:48.992+0000: 5916.173: [CMS-concurrent-reset-start]
2015-10-30T16:10:48.995+0000: 5916.175: [CMS-concurrent-reset: 0.002/0.002 secs] [Times: user=0.00 sys=0.00, real=0.00 secs] 
2015-10-30T16:10:50.994+0000: 5918.175: [GC (CMS Initial Mark) [1 CMS-initial-mark: 70977K(206664K)] 103096K(242952K), 0.0028642 secs] [Times: user=0.00 sys=0.00, real=0.01 secs] 
2015-10-30T16:10:50.997+0000: 5918.178: [CMS-concurrent-mark-start]
2015-10-30T16:10:51.033+0000: 5918.213: [CMS-concurrent-mark: 0.036/0.036 secs] [Times: user=0.04 sys=0.00, real=0.03 secs] 
2015-10-30T16:10:51.033+0000: 5918.213: [CMS-concurrent-preclean-start]
2015-10-30T16:10:51.035+0000: 5918.215: [CMS-concurrent-preclean: 0.002/0.002 secs] [Times: user=0.00 sys=0.00, real=0.00 secs] 
2015-10-30T16:10:51.035+0000: 5918.215: [CMS-concurrent-abortable-preclean-start]
2015-10-30T16:10:53.552+0000: 5920.732: [GC (Allocation Failure) 5920.732: [ParNew: 36244K->3968K(36288K), 0.0058842 secs] 107222K->80458K(242952K), 0.0059579 secs] [Times: user=0.03 sys=0.00, real=0.01 secs] 
2015-10-30T16:10:53.597+0000: 5920.778: [GC (Allocation Failure) 5920.778: [ParNew: 36288K->3968K(36288K), 0.0144039 secs] 112778K->91349K(242952K), 0.0144888 secs] [Times: user=0.05 sys=0.00, real=0.01 secs] 
2015-10-30T16:10:53.637+0000: 5920.818: [GC (Allocation Failure) 5920.818: [ParNew: 36288K->3395K(36288K), 0.0051338 secs] 123669K->94598K(242952K), 0.0052091 secs] [Times: user=0.02 sys=0.00, real=0.00 secs] 
2015-10-30T16:10:53.664+0000: 5920.845: [CMS-concurrent-abortable-preclean: 0.572/2.630 secs] [Times: user=0.86 sys=0.01, real=2.63 secs] 
2015-10-30T16:10:53.665+0000: 5920.846: [GC (CMS Final Remark) [YG occupancy: 34539 K (36288 K)]5920.846: [Rescan (parallel) , 0.0202256 secs]5920.866: [weak refs processing, 0.0000196 secs]5920.866: [class unloading, 0.0146584 secs]5920.881: [scrub symbol table, 0.0066076 secs]5920.887: [scrub string table, 0.0007460 secs][1 CMS-remark: 91202K(206664K)] 125741K(242952K), 0.0437036 secs] [Times: user=0.10 sys=0.00, real=0.04 secs] 
2015-10-30T16:10:53.709+0000: 5920.890: [CMS-concurrent-sweep-start]
2015-10-30T16:10:53.711+0000: 5920.891: [GC (Allocation Failure) 5920.891: [ParNew: 35715K->2453K(36288K), 0.0035559 secs] 126917K->93654K(242952K), 0.0035996 secs] [Times: user=0.01 sys=0.00, real=0.00 secs] 
2015-10-30T16:10:53.735+0000: 5920.916: [GC (Allocation Failure) 5920.916: [ParNew: 34773K->3083K(36288K), 0.0033814 secs] 124392K->92702K(242952K), 0.0034324 secs] [Times: user=0.01 sys=0.00, real=0.01 secs] 
2015-10-30T16:10:53.761+0000: 5920.942: [GC (Allocation Failure) 5920.942: [ParNew: 35403K->3041K(36288K), 0.0054863 secs] 123823K->92988K(242952K), 0.0055484 secs] [Times: user=0.02 sys=0.00, real=0.01 secs] 
2015-10-30T16:10:53.772+0000: 5920.953: [CMS-concurrent-sweep: 0.037/0.063 secs] [Times: user=0.21 sys=0.00, real=0.06 secs] 
2015-10-30T16:10:53.772+0000: 5920.953: [CMS-concurrent-reset-start]
2015-10-30T16:10:53.775+0000: 5920.955: [CMS-concurrent-reset: 0.003/0.003 secs] [Times: user=0.01 sys=0.00, real=0.00 secs] 
2015-10-30T16:10:53.789+0000: 5920.970: [GC (Allocation Failure) 5920.970: [ParNew: 35243K->2664K(36288K), 0.0030158 secs] 123897K->91318K(242952K), 0.0030773 secs] [Times: user=0.02 sys=0.00, real=0.00 secs] 
2015-10-30T16:10:53.811+0000: 5920.992: [GC (Allocation Failure) 5920.992: [ParNew: 34984K->2843K(36288K), 0.0033751 secs] 123638K->92084K(242952K), 0.0034365 secs] [Times: user=0.01 sys=0.00, real=0.00 secs] 
2015-10-30T16:10:53.836+0000: 5921.017: [GC (Allocation Failure) 5921.017: [ParNew: 35163K->2221K(36288K), 0.0025304 secs] 124404K->91462K(242952K), 0.0025907 secs] [Times: user=0.01 sys=0.00, real=0.01 secs] 
2015-10-30T16:10:53.873+0000: 5921.053: [GC (Allocation Failure) 5921.053: [ParNew: 32605K->3968K(36288K), 0.0030896 secs] 121846K->96412K(242952K), 0.0031589 secs] [Times: user=0.02 sys=0.00, real=0.00 secs] 
2015-10-30T16:10:53.877+0000: 5921.057: [GC (CMS Initial Mark) [1 CMS-initial-mark: 92444K(206664K)] 101730K(242952K), 0.0019913 secs] [Times: user=0.00 sys=0.00, real=0.01 secs] 
2015-10-30T16:10:53.879+0000: 5921.059: [CMS-concurrent-mark-start]
2015-10-30T16:10:53.935+0000: 5921.116: [CMS-concurrent-mark: 0.056/0.056 secs] [Times: user=0.12 sys=0.00, real=0.05 secs] 
2015-10-30T16:10:53.935+0000: 5921.116: [CMS-concurrent-preclean-start]
2015-10-30T16:10:53.937+0000: 5921.117: [CMS-concurrent-preclean: 0.002/0.002 secs] [Times: user=0.00 sys=0.00, real=0.00 secs] 
2015-10-30T16:10:53.937+0000: 5921.117: [CMS-concurrent-abortable-preclean-start]
 CMS: abort preclean due to time 2015-10-30T16:10:58.938+0000: 5926.119: [CMS-concurrent-abortable-preclean: 1.049/5.002 secs] [Times: user=1.13 sys=0.00, real=5.01 secs] 
2015-10-30T16:10:58.939+0000: 5926.119: [GC (CMS Final Remark) [YG occupancy: 32060 K (36288 K)]5926.119: [Rescan (parallel) , 0.0023473 secs]5926.122: [weak refs processing, 0.0000164 secs]5926.122: [class unloading, 0.0148454 secs]5926.136: [scrub symbol table, 0.0066375 secs]5926.143: [scrub string table, 0.0007523 secs][1 CMS-remark: 92444K(206664K)] 124505K(242952K), 0.0260539 secs] [Times: user=0.03 sys=0.00, real=0.02 secs] 
2015-10-30T16:10:58.965+0000: 5926.145: [CMS-concurrent-sweep-start]
2015-10-30T16:10:58.990+0000: 5926.171: [CMS-concurrent-sweep: 0.025/0.025 secs] [Times: user=0.03 sys=0.00, real=0.03 secs] 
2015-10-30T16:10:58.990+0000: 5926.171: [CMS-concurrent-reset-start]
2015-10-30T16:10:58.993+0000: 5926.173: [CMS-concurrent-reset: 0.002/0.002 secs] [Times: user=0.00 sys=0.00, real=0.00 secs] 
2015-10-30T16:11:00.946+0000: 5928.127: [GC (Allocation Failure) 5928.127: [ParNew: 36288K->1714K(36288K), 0.0052913 secs] 108715K->79194K(242952K), 0.0053593 secs] [Times: user=0.02 sys=0.00, real=0.00 secs] 
2015-10-30T16:11:01.195+0000: 5928.375: [GC (GCLocker Initiated GC) 5928.375: [ParNew: 34061K->2168K(36288K), 0.0078865 secs] 111542K->79649K(242952K), 0.0079467 secs] [Times: user=0.02 sys=0.00, real=0.01 secs] 
2015-10-30T16:11:01.262+0000: 5928.442: [GC (Allocation Failure) 5928.442: [ParNew: 34488K->3968K(36288K), 0.0033344 secs] 111969K->81449K(242952K), 0.0034009 secs] [Times: user=0.01 sys=0.00, real=0.01 secs] 
2015-10-30T16:11:01.292+0000: 5928.473: [GC (Allocation Failure) 5928.473: [ParNew: 36288K->3968K(36288K), 0.0084533 secs] 113769K->86672K(242952K), 0.0085423 secs] [Times: user=0.03 sys=0.00, real=0.01 secs] 
2015-10-30T16:11:01.329+0000: 5928.509: [GC (Allocation Failure) 5928.509: [ParNew: 36288K->3968K(36288K), 0.0048200 secs] 118992K->88953K(242952K), 0.0048924 secs] [Times: user=0.02 sys=0.00, real=0.00 secs] 
2015-10-30T16:11:01.360+0000: 5928.540: [GC (Allocation Failure) 5928.540: [ParNew: 35744K->3096K(36288K), 0.0037570 secs] 120730K->90320K(242952K), 0.0038274 secs] [Times: user=0.01 sys=0.00, real=0.00 secs] 
2015-10-30T16:11:13.601+0000: 5940.781: [GC (Allocation Failure) 5940.782: [ParNew: 35416K->3968K(36288K), 0.0156906 secs] 122640K->108515K(242952K), 0.0157870 secs] [Times: user=0.05 sys=0.00, real=0.01 secs] 
2015-10-30T16:11:13.639+0000: 5940.820: [GC (Allocation Failure) 5940.820: [ParNew: 36288K->2808K(36288K), 0.0043896 secs] 140835K->109887K(242952K), 0.0044671 secs] [Times: user=0.02 sys=0.00, real=0.00 secs] 
2015-10-30T16:11:13.662+0000: 5940.842: [GC (Allocation Failure) 5940.842: [ParNew: 35128K->2161K(36288K), 0.0026177 secs] 142207K->109240K(242952K), 0.0026871 secs] [Times: user=0.01 sys=0.00, real=0.00 secs] 
2015-10-30T16:11:13.685+0000: 5940.866: [GC (Allocation Failure) 5940.866: [ParNew: 34481K->3016K(36288K), 0.0036074 secs] 141560K->110094K(242952K), 0.0036734 secs] [Times: user=0.01 sys=0.00, real=0.00 secs] 
2015-10-30T16:11:13.715+0000: 5940.895: [GC (Allocation Failure) 5940.895: [ParNew: 35336K->3309K(36288K), 0.0044840 secs] 142414K->111324K(242952K), 0.0045559 secs] [Times: user=0.02 sys=0.00, real=0.01 secs] 
2015-10-30T16:11:13.746+0000: 5940.927: [GC (Allocation Failure) 5940.927: [ParNew: 35629K->2699K(36288K), 0.0055279 secs] 143644K->111408K(242952K), 0.0055999 secs] [Times: user=0.03 sys=0.00, real=0.00 secs] 
2015-10-30T16:11:13.778+0000: 5940.959: [GC (Allocation Failure) 5940.959: [ParNew: 35019K->3358K(36288K), 0.0065128 secs] 143728K->112700K(242952K), 0.0065942 secs] [Times: user=0.03 sys=0.00, real=0.00 secs] 
2015-10-30T16:11:13.809+0000: 5940.989: [GC (Allocation Failure) 5940.989: [ParNew: 35678K->2928K(36288K), 0.0047366 secs] 145020K->112882K(242952K), 0.0048123 secs] [Times: user=0.02 sys=0.00, real=0.00 secs] 
2015-10-30T16:11:13.839+0000: 5941.019: [GC (Allocation Failure) 5941.019: [ParNew: 35248K->2151K(36288K), 0.0025665 secs] 145202K->112105K(242952K), 0.0026317 secs] [Times: user=0.01 sys=0.00, real=0.00 secs] 
2015-10-30T16:11:13.872+0000: 5941.053: [GC (Allocation Failure) 5941.053: [ParNew: 34388K->3968K(36288K), 0.0027666 secs] 144342K->114630K(242952K), 0.0028342 secs] [Times: user=0.01 sys=0.00, real=0.00 secs] 
2015-10-30T16:11:23.595+0000: 5950.776: [GC (Allocation Failure) 5950.776: [ParNew: 36288K->3968K(36288K), 0.0163677 secs] 146950K->129703K(242952K), 0.0164518 secs] [Times: user=0.06 sys=0.00, real=0.02 secs] 
2015-10-30T16:11:23.630+0000: 5950.811: [GC (Allocation Failure) 5950.811: [ParNew: 36288K->2782K(36288K), 0.0046888 secs] 162023K->132229K(242952K), 0.0047602 secs] [Times: user=0.01 sys=0.00, real=0.00 secs] 
2015-10-30T16:11:23.652+0000: 5950.833: [GC (Allocation Failure) 5950.833: [ParNew: 35102K->2178K(36288K), 0.0026914 secs] 164549K->131626K(242952K), 0.0027542 secs] [Times: user=0.01 sys=0.00, real=0.00 secs] 
2015-10-30T16:11:23.672+0000: 5950.853: [GC (Allocation Failure) 5950.853: [ParNew: 34498K->3260K(36288K), 0.0030870 secs] 163946K->132707K(242952K), 0.0031542 secs] [Times: user=0.01 sys=0.00, real=0.00 secs] 
2015-10-30T16:11:23.697+0000: 5950.878: [GC (Allocation Failure) 5950.878: [ParNew: 35580K->3246K(36288K), 0.0043685 secs] 165027K->133508K(242952K), 0.0044201 secs] [Times: user=0.02 sys=0.00, real=0.00 secs] 
2015-10-30T16:11:23.721+0000: 5950.901: [GC (Allocation Failure) 5950.902: [ParNew: 35566K->2703K(36288K), 0.0038466 secs] 165828K->133652K(242952K), 0.0039195 secs] [Times: user=0.02 sys=0.00, real=0.00 secs] 
2015-10-30T16:11:23.745+0000: 5950.926: [GC (Allocation Failure) 5950.926: [ParNew: 35023K->2561K(36288K), 0.0036625 secs] 165972K->134128K(242952K), 0.0037232 secs] [Times: user=0.02 sys=0.00, real=0.00 secs] 
2015-10-30T16:11:23.769+0000: 5950.949: [GC (Allocation Failure) 5950.949: [ParNew: 34881K->2908K(36288K), 0.0027192 secs] 166448K->134475K(242952K), 0.0027783 secs] [Times: user=0.01 sys=0.00, real=0.00 secs] 
2015-10-30T16:11:23.789+0000: 5950.969: [GC (Allocation Failure) 5950.970: [ParNew: 35228K->2966K(36288K), 0.0043920 secs] 166795K->135139K(242952K), 0.0044517 secs] [Times: user=0.02 sys=0.00, real=0.00 secs] 
2015-10-30T16:11:23.867+0000: 5951.047: [GC (Allocation Failure) 5951.048: [ParNew: 35206K->3068K(36288K), 0.0042697 secs] 167379K->140576K(242952K), 0.0043400 secs] [Times: user=0.01 sys=0.00, real=0.00 secs] 
2015-10-30T16:11:23.872+0000: 5951.052: [GC (CMS Initial Mark) [1 CMS-initial-mark: 137508K(206664K)] 141104K(242952K), 0.0018503 secs] [Times: user=0.01 sys=0.00, real=0.00 secs] 
2015-10-30T16:11:23.874+0000: 5951.054: [CMS-concurrent-mark-start]
2015-10-30T16:11:23.918+0000: 5951.098: [CMS-concurrent-mark: 0.044/0.044 secs] [Times: user=0.06 sys=0.00, real=0.05 secs] 
2015-10-30T16:11:23.918+0000: 5951.098: [CMS-concurrent-preclean-start]
2015-10-30T16:11:23.919+0000: 5951.100: [CMS-concurrent-preclean: 0.002/0.002 secs] [Times: user=0.00 sys=0.00, real=0.00 secs] 
2015-10-30T16:11:23.920+0000: 5951.100: [GC (CMS Final Remark) [YG occupancy: 4676 K (36288 K)]5951.100: [Rescan (parallel) , 0.0017624 secs]5951.102: [weak refs processing, 0.0000248 secs]5951.102: [class unloading, 0.0151189 secs]5951.117: [scrub symbol table, 0.0066319 secs]5951.124: [scrub string table, 0.0007504 secs][1 CMS-remark: 137508K(206664K)] 142185K(242952K), 0.0257204 secs] [Times: user=0.03 sys=0.00, real=0.03 secs] 
2015-10-30T16:11:23.946+0000: 5951.126: [CMS-concurrent-sweep-start]
2015-10-30T16:11:23.984+0000: 5951.164: [CMS-concurrent-sweep: 0.038/0.038 secs] [Times: user=0.04 sys=0.00, real=0.03 secs] 
2015-10-30T16:11:23.984+0000: 5951.164: [CMS-concurrent-reset-start]
2015-10-30T16:11:23.986+0000: 5951.167: [CMS-concurrent-reset: 0.002/0.002 secs] [Times: user=0.00 sys=0.00, real=0.01 secs] 
2015-10-30T16:11:33.608+0000: 5960.789: [GC (Allocation Failure) 5960.789: [ParNew: 35388K->3968K(36288K), 0.0130175 secs] 106791K->85562K(242952K), 0.0131034 secs] [Times: user=0.04 sys=0.00, real=0.01 secs] 
2015-10-30T16:11:33.639+0000: 5960.819: [GC (Allocation Failure) 5960.819: [ParNew: 36288K->3200K(36288K), 0.0054993 secs] 117882K->88504K(242952K), 0.0055622 secs] [Times: user=0.01 sys=0.00, real=0.00 secs] 
2015-10-30T16:11:33.665+0000: 5960.846: [GC (Allocation Failure) 5960.846: [ParNew: 35520K->2074K(36288K), 0.0030841 secs] 120824K->87377K(242952K), 0.0031431 secs] [Times: user=0.01 sys=0.00, real=0.00 secs] 
2015-10-30T16:11:33.687+0000: 5960.867: [GC (Allocation Failure) 5960.867: [ParNew: 34394K->3025K(36288K), 0.0029733 secs] 119697K->88329K(242952K), 0.0030244 secs] [Times: user=0.01 sys=0.00, real=0.00 secs] 
2015-10-30T16:11:33.710+0000: 5960.890: [GC (Allocation Failure) 5960.890: [ParNew: 35345K->2509K(36288K), 0.0043418 secs] 120649K->88636K(242952K), 0.0044161 secs] [Times: user=0.01 sys=0.00, real=0.00 secs] 
2015-10-30T16:11:33.737+0000: 5960.918: [GC (Allocation Failure) 5960.918: [ParNew: 34829K->3130K(36288K), 0.0042247 secs] 120956K->89940K(242952K), 0.0042968 secs] [Times: user=0.01 sys=0.00, real=0.00 secs] 
2015-10-30T16:11:33.758+0000: 5960.939: [GC (Allocation Failure) 5960.939: [ParNew: 35450K->3968K(36288K), 0.0031033 secs] 122260K->90778K(242952K), 0.0031699 secs] [Times: user=0.01 sys=0.00, real=0.00 secs] 
2015-10-30T16:11:33.781+0000: 5960.962: [GC (Allocation Failure) 5960.962: [ParNew: 36288K->2428K(36288K), 0.0051066 secs] 123098K->89882K(242952K), 0.0051690 secs] [Times: user=0.01 sys=0.00, real=0.01 secs] 
2015-10-30T16:11:33.808+0000: 5960.988: [GC (Allocation Failure) 5960.989: [ParNew: 34714K->3968K(36288K), 0.0027236 secs] 122168K->91421K(242952K), 0.0028008 secs] [Times: user=0.01 sys=0.00, real=0.00 secs] 
2015-10-30T16:11:37.790+0000: 5964.971: [GC (Allocation Failure) 5964.971: [ParNew: 36288K->1999K(36288K), 0.0037069 secs] 123741K->93114K(242952K), 0.0037732 secs] [Times: user=0.01 sys=0.00, real=0.00 secs] 
2015-10-30T16:11:43.594+0000: 5970.775: [GC (Allocation Failure) 5970.775: [ParNew: 34319K->3968K(36288K), 0.0164933 secs] 125434K->107875K(242952K), 0.0165771 secs] [Times: user=0.05 sys=0.00, real=0.02 secs] 
2015-10-30T16:11:43.630+0000: 5970.811: [GC (Allocation Failure) 5970.811: [ParNew: 36288K->2966K(36288K), 0.0054381 secs] 140195K->110740K(242952K), 0.0054941 secs] [Times: user=0.02 sys=0.00, real=0.00 secs] 
2015-10-30T16:11:43.654+0000: 5970.835: [GC (Allocation Failure) 5970.835: [ParNew: 35286K->2320K(36288K), 0.0028954 secs] 143060K->110093K(242952K), 0.0029542 secs] [Times: user=0.01 sys=0.00, real=0.00 secs] 
2015-10-30T16:11:43.677+0000: 5970.858: [GC (Allocation Failure) 5970.858: [ParNew: 34640K->3044K(36288K), 0.0037037 secs] 142413K->110817K(242952K), 0.0037582 secs] [Times: user=0.01 sys=0.00, real=0.00 secs] 
2015-10-30T16:11:43.705+0000: 5970.886: [GC (Allocation Failure) 5970.886: [ParNew: 35364K->3011K(36288K), 0.0050615 secs] 143137K->111604K(242952K), 0.0051342 secs] [Times: user=0.02 sys=0.00, real=0.01 secs] 
2015-10-30T16:11:43.733+0000: 5970.914: [GC (Allocation Failure) 5970.914: [ParNew: 35331K->3094K(36288K), 0.0042247 secs] 143924K->112350K(242952K), 0.0042857 secs] [Times: user=0.02 sys=0.00, real=0.01 secs] 
2015-10-30T16:11:43.756+0000: 5970.936: [GC (Allocation Failure) 5970.936: [ParNew: 35414K->3915K(36288K), 0.0037259 secs] 144670K->113171K(242952K), 0.0037921 secs] [Times: user=0.01 sys=0.00, real=0.01 secs] 
2015-10-30T16:11:43.781+0000: 5970.962: [GC (Allocation Failure) 5970.962: [ParNew: 36235K->2860K(36288K), 0.0040595 secs] 145491K->112760K(242952K), 0.0041183 secs] [Times: user=0.02 sys=0.00, real=0.01 secs] 
2015-10-30T16:11:43.812+0000: 5970.993: [GC (Allocation Failure) 5970.993: [ParNew: 34954K->3968K(36288K), 0.0032060 secs] 144854K->114380K(242952K), 0.0032698 secs] [Times: user=0.01 sys=0.00, real=0.00 secs] 
2015-10-30T16:11:53.549+0000: 5980.729: [GC (Allocation Failure) 5980.729: [ParNew: 36244K->2479K(36288K), 0.0045316 secs] 146656K->117342K(242952K), 0.0046200 secs] [Times: user=0.00 sys=0.02, real=0.00 secs] 
2015-10-30T16:11:53.597+0000: 5980.778: [GC (Allocation Failure) 5980.778: [ParNew: 34799K->3968K(36288K), 0.0129580 secs] 149662K->129404K(242952K), 0.0130435 secs] [Times: user=0.04 sys=0.00, real=0.01 secs] 
2015-10-30T16:11:53.629+0000: 5980.810: [GC (Allocation Failure) 5980.810: [ParNew: 36288K->2794K(36288K), 0.0056022 secs] 161724K->132002K(242952K), 0.0056730 secs] [Times: user=0.02 sys=0.00, real=0.00 secs] 
2015-10-30T16:11:53.653+0000: 5980.833: [GC (Allocation Failure) 5980.833: [ParNew: 35114K->2374K(36288K), 0.0027263 secs] 164322K->131582K(242952K), 0.0027889 secs] [Times: user=0.01 sys=0.00, real=0.00 secs] 
2015-10-30T16:11:53.677+0000: 5980.858: [GC (Allocation Failure) 5980.858: [ParNew: 34694K->3206K(36288K), 0.0029943 secs] 163902K->132414K(242952K), 0.0030465 secs] [Times: user=0.01 sys=0.00, real=0.00 secs] 
2015-10-30T16:11:53.701+0000: 5980.882: [GC (Allocation Failure) 5980.882: [ParNew: 35526K->3132K(36288K), 0.0044400 secs] 164734K->133132K(242952K), 0.0044912 secs] [Times: user=0.01 sys=0.00, real=0.01 secs] 
2015-10-30T16:11:53.724+0000: 5980.905: [GC (Allocation Failure) 5980.905: [ParNew: 35452K->2755K(36288K), 0.0039011 secs] 165452K->133424K(242952K), 0.0039610 secs] [Times: user=0.01 sys=0.00, real=0.01 secs] 
2015-10-30T16:11:53.746+0000: 5980.926: [GC (Allocation Failure) 5980.926: [ParNew: 35075K->3171K(36288K), 0.0036775 secs] 165744K->134480K(242952K), 0.0037412 secs] [Times: user=0.01 sys=0.00, real=0.00 secs] 
2015-10-30T16:11:53.768+0000: 5980.949: [GC (Allocation Failure) 5980.949: [ParNew: 35491K->2509K(36288K), 0.0030267 secs] 166800K->133819K(242952K), 0.0030881 secs] [Times: user=0.01 sys=0.00, real=0.00 secs] 
2015-10-30T16:11:53.802+0000: 5980.983: [GC (Allocation Failure) 5980.983: [ParNew: 34655K->3968K(36288K), 0.0041691 secs] 165964K->136966K(242952K), 0.0042332 secs] [Times: user=0.02 sys=0.00, real=0.01 secs] 
2015-10-30T16:12:00.042+0000: 5987.222: [GC (Allocation Failure) 5987.222: [ParNew: 36288K->2118K(36288K), 0.0049575 secs] 169286K->139211K(242952K), 0.0050384 secs] [Times: user=0.01 sys=0.00, real=0.01 secs] 
2015-10-30T16:12:00.076+0000: 5987.256: [GC (Allocation Failure) 5987.256: [ParNew: 34438K->3968K(36288K), 0.0080690 secs] 171531K->147750K(242952K), 0.0081538 secs] [Times: user=0.02 sys=0.00, real=0.01 secs] 
2015-10-30T16:12:00.106+0000: 5987.287: [GC (Allocation Failure) 5987.287: [ParNew: 36288K->3968K(36288K), 0.0148972 secs] 180070K->158167K(242952K), 0.0149873 secs] [Times: user=0.05 sys=0.00, real=0.01 secs] 
2015-10-30T16:12:00.137+0000: 5987.318: [GC (Allocation Failure) 5987.318: [ParNew: 36288K->3968K(36288K), 0.0067968 secs] 190487K->161776K(242952K), 0.0068848 secs] [Times: user=0.03 sys=0.00, real=0.00 secs] 
2015-10-30T16:12:00.145+0000: 5987.326: [GC (CMS Initial Mark) [1 CMS-initial-mark: 157808K(206664K)] 162186K(242952K), 0.0024302 secs] [Times: user=0.00 sys=0.00, real=0.00 secs] 
2015-10-30T16:12:00.148+0000: 5987.328: [CMS-concurrent-mark-start]
2015-10-30T16:12:00.166+0000: 5987.347: [GC (Allocation Failure) 5987.347: [ParNew: 36288K->2308K(36288K), 0.0056410 secs] 194096K->161163K(242952K), 0.0057157 secs] [Times: user=0.02 sys=0.00, real=0.00 secs] 
2015-10-30T16:12:00.189+0000: 5987.369: [GC (Allocation Failure) 5987.369: [ParNew: 34628K->3237K(36288K), 0.0033138 secs] 193483K->162093K(242952K), 0.0033799 secs] [Times: user=0.02 sys=0.00, real=0.00 secs] 
2015-10-30T16:12:00.214+0000: 5987.395: [CMS-concurrent-mark: 0.057/0.067 secs] [Times: user=0.24 sys=0.00, real=0.06 secs] 
2015-10-30T16:12:00.214+0000: 5987.395: [CMS-concurrent-preclean-start]
2015-10-30T16:12:00.217+0000: 5987.397: [CMS-concurrent-preclean: 0.003/0.003 secs] [Times: user=0.00 sys=0.00, real=0.00 secs] 
2015-10-30T16:12:00.217+0000: 5987.397: [CMS-concurrent-abortable-preclean-start]
2015-10-30T16:12:01.081+0000: 5988.261: [GC (Allocation Failure) 5988.261: [ParNew: 35557K->3968K(36288K), 0.0046619 secs] 194413K->164497K(242952K), 0.0047381 secs] [Times: user=0.02 sys=0.00, real=0.01 secs] 
2015-10-30T16:12:01.113+0000: 5988.293: [CMS-concurrent-abortable-preclean: 0.288/0.895 secs] [Times: user=0.41 sys=0.01, real=0.90 secs] 
2015-10-30T16:12:01.113+0000: 5988.293: [GC (CMS Final Remark) [YG occupancy: 34254 K (36288 K)]5988.293: [Rescan (parallel) , 0.0151086 secs]5988.308: [weak refs processing, 0.0000197 secs]5988.308: [class unloading, 0.0160724 secs]5988.325: [scrub symbol table, 0.0066958 secs]5988.331: [scrub string table, 0.0007601 secs][1 CMS-remark: 160529K(206664K)] 194783K(242952K), 0.0402585 secs] [Times: user=0.08 sys=0.01, real=0.04 secs] 
2015-10-30T16:12:01.153+0000: 5988.334: [CMS-concurrent-sweep-start]
2015-10-30T16:12:01.159+0000: 5988.339: [GC (Allocation Failure) 5988.339: [ParNew: 36288K->3447K(36288K), 0.0043559 secs] 195892K->165791K(242952K), 0.0044219 secs] [Times: user=0.02 sys=0.00, real=0.00 secs] 
2015-10-30T16:12:01.164+0000: 5988.344: [GC (GCLocker Initiated GC) 5988.344: [ParNew: 4350K->1844K(36288K), 0.0028770 secs] 166162K->165987K(242952K), 0.0029159 secs] [Times: user=0.01 sys=0.00, real=0.01 secs] 
2015-10-30T16:12:01.200+0000: 5988.381: [GC (Allocation Failure) 5988.381: [ParNew: 34164K->3303K(36288K), 0.0038181 secs] 191543K->160682K(242952K), 0.0038815 secs] [Times: user=0.01 sys=0.00, real=0.00 secs] 
2015-10-30T16:12:01.269+0000: 5988.449: [CMS-concurrent-sweep: 0.099/0.113 secs] [Times: user=0.35 sys=0.01, real=0.12 secs] 
2015-10-30T16:12:01.269+0000: 5988.449: [CMS-concurrent-reset-start]
2015-10-30T16:12:01.271+0000: 5988.452: [CMS-concurrent-reset: 0.002/0.002 secs] [Times: user=0.00 sys=0.00, real=0.00 secs] 
2015-10-30T16:12:13.561+0000: 6000.741: [GC (Allocation Failure) 6000.742: [ParNew: 35615K->3968K(36288K), 0.0054256 secs] 119432K->90897K(242952K), 0.0055428 secs] [Times: user=0.01 sys=0.00, real=0.01 secs] 
2015-10-30T16:12:13.606+0000: 6000.786: [GC (Allocation Failure) 6000.786: [ParNew: 36288K->3968K(36288K), 0.0137766 secs] 123217K->101930K(242952K), 0.0138638 secs] [Times: user=0.05 sys=0.00, real=0.01 secs] 
2015-10-30T16:12:13.640+0000: 6000.820: [GC (Allocation Failure) 6000.820: [ParNew: 36288K->3567K(36288K), 0.0047517 secs] 134250K->105338K(242952K), 0.0048244 secs] [Times: user=0.02 sys=0.00, real=0.00 secs] 
2015-10-30T16:12:13.665+0000: 6000.846: [GC (Allocation Failure) 6000.846: [ParNew: 35887K->1994K(36288K), 0.0029766 secs] 137658K->103766K(242952K), 0.0030508 secs] [Times: user=0.01 sys=0.00, real=0.00 secs] 
2015-10-30T16:12:13.689+0000: 6000.870: [GC (Allocation Failure) 6000.870: [ParNew: 34314K->2549K(36288K), 0.0034334 secs] 136086K->104321K(242952K), 0.0034854 secs] [Times: user=0.01 sys=0.00, real=0.00 secs] 
2015-10-30T16:12:13.717+0000: 6000.898: [GC (Allocation Failure) 6000.898: [ParNew: 34869K->3465K(36288K), 0.0045861 secs] 136641K->106029K(242952K), 0.0046466 secs] [Times: user=0.02 sys=0.00, real=0.00 secs] 
2015-10-30T16:12:13.740+0000: 6000.921: [GC (Allocation Failure) 6000.921: [ParNew: 35785K->3656K(36288K), 0.0040325 secs] 138349K->106944K(242952K), 0.0041075 secs] [Times: user=0.02 sys=0.00, real=0.00 secs] 
2015-10-30T16:12:13.765+0000: 6000.946: [GC (Allocation Failure) 6000.946: [ParNew: 35976K->3350K(36288K), 0.0033989 secs] 139264K->107227K(242952K), 0.0034617 secs] [Times: user=0.02 sys=0.00, real=0.00 secs] 
2015-10-30T16:12:13.788+0000: 6000.968: [GC (Allocation Failure) 6000.968: [ParNew: 35670K->2383K(36288K), 0.0027283 secs] 139547K->106261K(242952K), 0.0028042 secs] [Times: user=0.01 sys=0.00, real=0.00 secs] 
2015-10-30T16:12:13.825+0000: 6001.005: [GC (Allocation Failure) 6001.005: [ParNew: 32963K->3968K(36288K), 0.0030605 secs] 136840K->111039K(242952K), 0.0031335 secs] [Times: user=0.01 sys=0.00, real=0.01 secs] 
2015-10-30T16:12:23.557+0000: 6010.737: [GC (Allocation Failure) 6010.737: [ParNew: 36268K->3968K(36288K), 0.0048070 secs] 143340K->116491K(242952K), 0.0048812 secs] [Times: user=0.02 sys=0.00, real=0.01 secs] 
2015-10-30T16:12:23.600+0000: 6010.780: [GC (Allocation Failure) 6010.780: [ParNew: 36288K->3968K(36288K), 0.0120748 secs] 148811K->129567K(242952K), 0.0121569 secs] [Times: user=0.04 sys=0.00, real=0.01 secs] 
2015-10-30T16:12:23.633+0000: 6010.814: [GC (Allocation Failure) 6010.814: [ParNew: 36288K->3065K(36288K), 0.0046256 secs] 161887K->132489K(242952K), 0.0046960 secs] [Times: user=0.01 sys=0.00, real=0.01 secs] 
2015-10-30T16:12:23.657+0000: 6010.838: [GC (Allocation Failure) 6010.838: [ParNew: 35385K->1992K(36288K), 0.0029403 secs] 164809K->131416K(242952K), 0.0030003 secs] [Times: user=0.01 sys=0.00, real=0.00 secs] 
2015-10-30T16:12:23.677+0000: 6010.858: [GC (Allocation Failure) 6010.858: [ParNew: 34312K->2852K(36288K), 0.0028393 secs] 163736K->132276K(242952K), 0.0028902 secs] [Times: user=0.01 sys=0.00, real=0.00 secs] 
2015-10-30T16:12:23.700+0000: 6010.881: [GC (Allocation Failure) 6010.881: [ParNew: 35172K->2929K(36288K), 0.0046020 secs] 164596K->133159K(242952K), 0.0046540 secs] [Times: user=0.01 sys=0.00, real=0.01 secs] 
2015-10-30T16:12:23.725+0000: 6010.906: [GC (Allocation Failure) 6010.906: [ParNew: 35249K->3661K(36288K), 0.0044500 secs] 165479K->134611K(242952K), 0.0045113 secs] [Times: user=0.01 sys=0.00, real=0.00 secs] 
2015-10-30T16:12:23.749+0000: 6010.930: [GC (Allocation Failure) 6010.930: [ParNew: 35981K->2001K(36288K), 0.0035854 secs] 166931K->133553K(242952K), 0.0036536 secs] [Times: user=0.01 sys=0.00, real=0.00 secs] 
2015-10-30T16:12:23.773+0000: 6010.953: [GC (Allocation Failure) 6010.953: [ParNew: 34321K->2818K(36288K), 0.0025243 secs] 165873K->134369K(242952K), 0.0025846 secs] [Times: user=0.01 sys=0.00, real=0.00 secs] 
2015-10-30T16:12:23.809+0000: 6010.990: [GC (Allocation Failure) 6010.990: [ParNew: 33359K->3968K(36288K), 0.0044948 secs] 164910K->138567K(242952K), 0.0045709 secs] [Times: user=0.01 sys=0.00, real=0.00 secs] 
2015-10-30T16:12:23.815+0000: 6010.995: [GC (CMS Initial Mark) [1 CMS-initial-mark: 134599K(206664K)] 143884K(242952K), 0.0018687 secs] [Times: user=0.01 sys=0.00, real=0.00 secs] 
2015-10-30T16:12:23.817+0000: 6010.997: [CMS-concurrent-mark-start]
2015-10-30T16:12:23.875+0000: 6011.055: [CMS-concurrent-mark: 0.058/0.058 secs] [Times: user=0.12 sys=0.00, real=0.06 secs] 
2015-10-30T16:12:23.875+0000: 6011.055: [CMS-concurrent-preclean-start]
2015-10-30T16:12:23.876+0000: 6011.057: [CMS-concurrent-preclean: 0.002/0.002 secs] [Times: user=0.00 sys=0.00, real=0.00 secs] 
2015-10-30T16:12:23.876+0000: 6011.057: [CMS-concurrent-abortable-preclean-start]
 CMS: abort preclean due to time 2015-10-30T16:12:28.932+0000: 6016.113: [CMS-concurrent-abortable-preclean: 0.897/5.056 secs] [Times: user=0.99 sys=0.00, real=5.06 secs] 
2015-10-30T16:12:28.932+0000: 6016.113: [GC (CMS Final Remark) [YG occupancy: 32160 K (36288 K)]6016.113: [Rescan (parallel) , 0.0022170 secs]6016.115: [weak refs processing, 0.0000356 secs]6016.115: [class unloading, 0.0156847 secs]6016.131: [scrub symbol table, 0.0066097 secs]6016.137: [scrub string table, 0.0007686 secs][1 CMS-remark: 134599K(206664K)] 166759K(242952K), 0.0267832 secs] [Times: user=0.03 sys=0.00, real=0.03 secs] 
2015-10-30T16:12:28.959+0000: 6016.140: [CMS-concurrent-sweep-start]
2015-10-30T16:12:29.017+0000: 6016.198: [CMS-concurrent-sweep: 0.058/0.058 secs] [Times: user=0.06 sys=0.00, real=0.06 secs] 
2015-10-30T16:12:29.017+0000: 6016.198: [CMS-concurrent-reset-start]
2015-10-30T16:12:29.020+0000: 6016.200: [CMS-concurrent-reset: 0.002/0.002 secs] [Times: user=0.00 sys=0.00, real=0.00 secs] 
2015-10-30T16:12:31.019+0000: 6018.199: [GC (CMS Initial Mark) [1 CMS-initial-mark: 69977K(206664K)] 102288K(242952K), 0.0025356 secs] [Times: user=0.01 sys=0.00, real=0.00 secs] 
2015-10-30T16:12:31.022+0000: 6018.202: [CMS-concurrent-mark-start]
2015-10-30T16:12:31.059+0000: 6018.239: [CMS-concurrent-mark: 0.037/0.037 secs] [Times: user=0.03 sys=0.00, real=0.04 secs] 
2015-10-30T16:12:31.059+0000: 6018.239: [CMS-concurrent-preclean-start]
2015-10-30T16:12:31.060+0000: 6018.241: [CMS-concurrent-preclean: 0.002/0.002 secs] [Times: user=0.01 sys=0.00, real=0.00 secs] 
2015-10-30T16:12:31.060+0000: 6018.241: [CMS-concurrent-abortable-preclean-start]
2015-10-30T16:12:33.526+0000: 6020.706: [GC (Allocation Failure) 6020.706: [ParNew: 36240K->3968K(36288K), 0.0051344 secs] 106218K->78792K(242952K), 0.0052173 secs] [Times: user=0.02 sys=0.00, real=0.00 secs] 
2015-10-30T16:12:33.568+0000: 6020.749: [GC (Allocation Failure) 6020.749: [ParNew: 36288K->3968K(36288K), 0.0137673 secs] 111112K->91670K(242952K), 0.0138545 secs] [Times: user=0.05 sys=0.00, real=0.01 secs] 
2015-10-30T16:12:33.605+0000: 6020.785: [GC (Allocation Failure) 6020.785: [ParNew: 36288K->2973K(36288K), 0.0053137 secs] 123990K->94515K(242952K), 0.0053943 secs] [Times: user=0.02 sys=0.01, real=0.01 secs] 
2015-10-30T16:12:33.626+0000: 6020.806: [CMS-concurrent-abortable-preclean: 0.485/2.566 secs] [Times: user=0.75 sys=0.01, real=2.57 secs] 
2015-10-30T16:12:33.629+0000: 6020.809: [GC (CMS Final Remark) [YG occupancy: 25861 K (36288 K)]6020.809: [Rescan (parallel) , 0.0148915 secs]6020.824: [weak refs processing, 0.0000195 secs]6020.824: [class unloading, 0.0151039 secs]6020.840: [scrub symbol table, 0.0067531 secs]6020.846: [scrub string table, 0.0007628 secs][1 CMS-remark: 91541K(206664K)] 117403K(242952K), 0.0391277 secs] [Times: user=0.08 sys=0.00, real=0.04 secs] 
2015-10-30T16:12:33.668+0000: 6020.849: [CMS-concurrent-sweep-start]
2015-10-30T16:12:33.675+0000: 6020.856: [GC (Allocation Failure) 6020.856: [ParNew: 35293K->1979K(36288K), 0.0030501 secs] 126794K->93480K(242952K), 0.0031097 secs] [Times: user=0.01 sys=0.00, real=0.01 secs] 
2015-10-30T16:12:33.701+0000: 6020.882: [GC (Allocation Failure) 6020.882: [ParNew: 34299K->2921K(36288K), 0.0031144 secs] 122733K->91355K(242952K), 0.0031775 secs] [Times: user=0.01 sys=0.00, real=0.00 secs] 
2015-10-30T16:12:33.726+0000: 6020.906: [CMS-concurrent-sweep: 0.050/0.057 secs] [Times: user=0.22 sys=0.00, real=0.06 secs] 
2015-10-30T16:12:33.726+0000: 6020.906: [CMS-concurrent-reset-start]
2015-10-30T16:12:33.728+0000: 6020.908: [GC (Allocation Failure) 6020.908: [ParNew: 35241K->3232K(36288K), 0.0041654 secs] 123071K->91860K(242952K), 0.0042219 secs] [Times: user=0.01 sys=0.00, real=0.00 secs] 
2015-10-30T16:12:33.733+0000: 6020.913: [CMS-concurrent-reset: 0.003/0.007 secs] [Times: user=0.03 sys=0.00, real=0.00 secs] 
2015-10-30T16:12:33.753+0000: 6020.934: [GC (Allocation Failure) 6020.934: [ParNew: 35552K->3228K(36288K), 0.0038643 secs] 124180K->92581K(242952K), 0.0039297 secs] [Times: user=0.01 sys=0.00, real=0.01 secs] 
2015-10-30T16:12:33.777+0000: 6020.958: [GC (Allocation Failure) 6020.958: [ParNew: 35548K->3102K(36288K), 0.0036209 secs] 124901K->93066K(242952K), 0.0036867 secs] [Times: user=0.02 sys=0.00, real=0.00 secs] 
2015-10-30T16:12:33.801+0000: 6020.982: [GC (Allocation Failure) 6020.982: [ParNew: 35422K->2346K(36288K), 0.0025657 secs] 125386K->92311K(242952K), 0.0026249 secs] [Times: user=0.01 sys=0.00, real=0.00 secs] 
2015-10-30T16:12:33.837+0000: 6021.018: [GC (Allocation Failure) 6021.018: [ParNew: 32893K->3968K(36288K), 0.0030090 secs] 122857K->97132K(242952K), 0.0030875 secs] [Times: user=0.01 sys=0.00, real=0.01 secs] 
2015-10-30T16:12:33.841+0000: 6021.021: [GC (CMS Initial Mark) [1 CMS-initial-mark: 93164K(206664K)] 102454K(242952K), 0.0020064 secs] [Times: user=0.01 sys=0.00, real=0.00 secs] 
2015-10-30T16:12:33.843+0000: 6021.024: [CMS-concurrent-mark-start]
2015-10-30T16:12:33.900+0000: 6021.080: [CMS-concurrent-mark: 0.056/0.056 secs] [Times: user=0.11 sys=0.00, real=0.06 secs] 
2015-10-30T16:12:33.900+0000: 6021.080: [CMS-concurrent-preclean-start]
2015-10-30T16:12:33.901+0000: 6021.082: [CMS-concurrent-preclean: 0.002/0.002 secs] [Times: user=0.00 sys=0.00, real=0.00 secs] 
2015-10-30T16:12:33.901+0000: 6021.082: [CMS-concurrent-abortable-preclean-start]
 CMS: abort preclean due to time 2015-10-30T16:12:38.974+0000: 6026.155: [CMS-concurrent-abortable-preclean: 1.086/5.073 secs] [Times: user=1.18 sys=0.01, real=5.07 secs] 
2015-10-30T16:12:38.975+0000: 6026.155: [GC (CMS Final Remark) [YG occupancy: 32170 K (36288 K)]6026.155: [Rescan (parallel) , 0.0023536 secs]6026.157: [weak refs processing, 0.0000200 secs]6026.158: [class unloading, 0.0148661 secs]6026.172: [scrub symbol table, 0.0066904 secs]6026.179: [scrub string table, 0.0007743 secs][1 CMS-remark: 93164K(206664K)] 125335K(242952K), 0.0261601 secs] [Times: user=0.04 sys=0.00, real=0.03 secs] 
2015-10-30T16:12:39.001+0000: 6026.181: [CMS-concurrent-sweep-start]
2015-10-30T16:12:39.070+0000: 6026.251: [CMS-concurrent-sweep: 0.069/0.069 secs] [Times: user=0.07 sys=0.00, real=0.07 secs] 
2015-10-30T16:12:39.070+0000: 6026.251: [CMS-concurrent-reset-start]
2015-10-30T16:12:39.073+0000: 6026.253: [CMS-concurrent-reset: 0.002/0.002 secs] [Times: user=0.00 sys=0.00, real=0.00 secs] 
2015-10-30T16:12:41.073+0000: 6028.253: [GC (CMS Initial Mark) [1 CMS-initial-mark: 70033K(206664K)] 102343K(242952K), 0.0026521 secs] [Times: user=0.01 sys=0.00, real=0.00 secs] 
2015-10-30T16:12:41.076+0000: 6028.256: [CMS-concurrent-mark-start]
2015-10-30T16:12:41.112+0000: 6028.292: [CMS-concurrent-mark: 0.036/0.036 secs] [Times: user=0.03 sys=0.00, real=0.04 secs] 
2015-10-30T16:12:41.112+0000: 6028.292: [CMS-concurrent-preclean-start]
2015-10-30T16:12:41.114+0000: 6028.294: [CMS-concurrent-preclean: 0.002/0.002 secs] [Times: user=0.00 sys=0.00, real=0.00 secs] 
2015-10-30T16:12:41.114+0000: 6028.294: [CMS-concurrent-abortable-preclean-start]
2015-10-30T16:12:43.553+0000: 6030.733: [GC (Allocation Failure) 6030.734: [ParNew: 36280K->3968K(36288K), 0.0054659 secs] 106313K->80179K(242952K), 0.0055652 secs] [Times: user=0.02 sys=0.00, real=0.01 secs] 
2015-10-30T16:12:43.600+0000: 6030.781: [GC (Allocation Failure) 6030.781: [ParNew: 36288K->3968K(36288K), 0.0141825 secs] 112499K->91235K(242952K), 0.0142716 secs] [Times: user=0.05 sys=0.00, real=0.01 secs] 
2015-10-30T16:12:43.637+0000: 6030.817: [GC (Allocation Failure) 6030.817: [ParNew: 36288K->3306K(36288K), 0.0057637 secs] 123555K->94442K(242952K), 0.0058391 secs] [Times: user=0.02 sys=0.00, real=0.01 secs] 
2015-10-30T16:12:43.662+0000: 6030.843: [CMS-concurrent-abortable-preclean: 0.573/2.548 secs] [Times: user=0.89 sys=0.00, real=2.55 secs] 
2015-10-30T16:12:43.669+0000: 6030.850: [GC (CMS Final Remark) [YG occupancy: 31675 K (36288 K)]6030.850: [Rescan (parallel) , 0.0176630 secs]6030.867: [weak refs processing, 0.0000249 secs]6030.867: [class unloading, 0.0147256 secs]6030.882: [scrub symbol table, 0.0066294 secs]6030.889: [scrub string table, 0.0007635 secs][1 CMS-remark: 91135K(206664K)] 122811K(242952K), 0.0412686 secs] [Times: user=0.09 sys=0.00, real=0.04 secs] 
2015-10-30T16:12:43.711+0000: 6030.891: [CMS-concurrent-sweep-start]
2015-10-30T16:12:43.714+0000: 6030.894: [GC (Allocation Failure) 6030.894: [ParNew: 35626K->2078K(36288K), 0.0029510 secs] 126760K->93212K(242952K), 0.0029940 secs] [Times: user=0.01 sys=0.00, real=0.00 secs] 
2015-10-30T16:12:43.739+0000: 6030.919: [GC (Allocation Failure) 6030.919: [ParNew: 34398K->3011K(36288K), 0.0038282 secs] 122935K->91549K(242952K), 0.0038822 secs] [Times: user=0.02 sys=0.00, real=0.00 secs] 
2015-10-30T16:12:43.751+0000: 6030.932: [CMS-concurrent-sweep: 0.033/0.041 secs] [Times: user=0.16 sys=0.00, real=0.04 secs] 
2015-10-30T16:12:43.751+0000: 6030.932: [CMS-concurrent-reset-start]
2015-10-30T16:12:43.754+0000: 6030.934: [CMS-concurrent-reset: 0.003/0.003 secs] [Times: user=0.01 sys=0.00, real=0.00 secs] 
2015-10-30T16:12:43.765+0000: 6030.946: [GC (Allocation Failure) 6030.946: [ParNew: 35331K->3465K(36288K), 0.0050085 secs] 122777K->91667K(242952K), 0.0050719 secs] [Times: user=0.01 sys=0.00, real=0.00 secs] 
2015-10-30T16:12:43.793+0000: 6030.974: [GC (Allocation Failure) 6030.974: [ParNew: 35785K->3325K(36288K), 0.0049322 secs] 123987K->92186K(242952K), 0.0049939 secs] [Times: user=0.02 sys=0.00, real=0.01 secs] 
2015-10-30T16:12:43.816+0000: 6030.997: [GC (Allocation Failure) 6030.997: [ParNew: 35645K->3069K(36288K), 0.0039617 secs] 124506K->92562K(242952K), 0.0040279 secs] [Times: user=0.02 sys=0.00, real=0.01 secs] 
2015-10-30T16:12:43.840+0000: 6031.020: [GC (Allocation Failure) 6031.020: [ParNew: 35389K->2417K(36288K), 0.0029526 secs] 124882K->91911K(242952K), 0.0030131 secs] [Times: user=0.01 sys=0.00, real=0.00 secs] 
2015-10-30T16:12:43.875+0000: 6031.056: [GC (Allocation Failure) 6031.056: [ParNew: 31775K->3968K(36288K), 0.0033545 secs] 121268K->96657K(242952K), 0.0034207 secs] [Times: user=0.01 sys=0.00, real=0.01 secs] 
2015-10-30T16:12:43.880+0000: 6031.060: [GC (CMS Initial Mark) [1 CMS-initial-mark: 92689K(206664K)] 101975K(242952K), 0.0017189 secs] [Times: user=0.01 sys=0.00, real=0.00 secs] 
2015-10-30T16:12:43.881+0000: 6031.062: [CMS-concurrent-mark-start]
2015-10-30T16:12:43.919+0000: 6031.100: [CMS-concurrent-mark: 0.038/0.038 secs] [Times: user=0.07 sys=0.00, real=0.04 secs] 
2015-10-30T16:12:43.919+0000: 6031.100: [CMS-concurrent-preclean-start]
2015-10-30T16:12:43.921+0000: 6031.102: [CMS-concurrent-preclean: 0.002/0.002 secs] [Times: user=0.01 sys=0.00, real=0.00 secs] 
2015-10-30T16:12:43.921+0000: 6031.102: [CMS-concurrent-abortable-preclean-start]
2015-10-30T16:12:47.975+0000: 6035.156: [GC (Allocation Failure) 6035.156: [ParNew: 36288K->2065K(36288K), 0.0062007 secs] 128977K->99727K(242952K), 0.0062625 secs] [Times: user=0.03 sys=0.00, real=0.01 secs] 
2015-10-30T16:12:48.012+0000: 6035.193: [CMS-concurrent-abortable-preclean: 1.029/4.091 secs] [Times: user=1.19 sys=0.03, real=4.09 secs] 
2015-10-30T16:12:48.013+0000: 6035.194: [GC (CMS Final Remark) [YG occupancy: 26704 K (36288 K)]6035.194: [Rescan (parallel) , 0.0091922 secs]6035.203: [weak refs processing, 0.0000174 secs]6035.203: [class unloading, 0.0147504 secs]6035.218: [scrub symbol table, 0.0066575 secs]6035.224: [scrub string table, 0.0007663 secs][1 CMS-remark: 97661K(206664K)] 124366K(242952K), 0.0328381 secs] [Times: user=0.06 sys=0.00, real=0.04 secs] 
2015-10-30T16:12:48.047+0000: 6035.227: [CMS-concurrent-sweep-start]
2015-10-30T16:12:48.053+0000: 6035.234: [GC (Allocation Failure) 6035.234: [ParNew: 34612K->3968K(36288K), 0.0033437 secs] 130807K->100164K(242952K), 0.0034045 secs] [Times: user=0.01 sys=0.00, real=0.00 secs] 
2015-10-30T16:12:48.059+0000: 6035.239: [GC (GCLocker Initiated GC) 6035.239: [ParNew: 6709K->2811K(36288K), 0.0049369 secs] 102344K->101547K(242952K), 0.0049731 secs] [Times: user=0.01 sys=0.00, real=0.00 secs] 
2015-10-30T16:12:48.118+0000: 6035.299: [GC (Allocation Failure) 6035.299: [ParNew: 35073K->3968K(36288K), 0.0080649 secs] 115095K->85558K(242952K), 0.0081337 secs] [Times: user=0.03 sys=0.00, real=0.01 secs] 
2015-10-30T16:12:48.127+0000: 6035.307: [CMS-concurrent-sweep: 0.062/0.080 secs] [Times: user=0.23 sys=0.00, real=0.08 secs] 
2015-10-30T16:12:48.127+0000: 6035.307: [CMS-concurrent-reset-start]
2015-10-30T16:12:48.129+0000: 6035.310: [CMS-concurrent-reset: 0.003/0.003 secs] [Times: user=0.01 sys=0.00, real=0.00 secs] 
2015-10-30T16:12:50.957+0000: 6038.137: [GC (Allocation Failure) 6038.137: [ParNew: 36288K->2936K(36288K), 0.0075044 secs] 117588K->88290K(242952K), 0.0075773 secs] [Times: user=0.02 sys=0.00, real=0.01 secs] 
2015-10-30T16:12:53.565+0000: 6040.746: [GC (Allocation Failure) 6040.746: [ParNew: 35191K->3968K(36288K), 0.0023895 secs] 120546K->90393K(242952K), 0.0024661 secs] [Times: user=0.01 sys=0.00, real=0.01 secs] 
2015-10-30T16:12:53.606+0000: 6040.786: [GC (Allocation Failure) 6040.786: [ParNew: 36288K->3968K(36288K), 0.0127767 secs] 122713K->101699K(242952K), 0.0128584 secs] [Times: user=0.05 sys=0.00, real=0.01 secs] 
2015-10-30T16:12:53.637+0000: 6040.818: [GC (Allocation Failure) 6040.818: [ParNew: 36288K->3247K(36288K), 0.0049297 secs] 134019K->104747K(242952K), 0.0049886 secs] [Times: user=0.02 sys=0.00, real=0.00 secs] 
2015-10-30T16:12:53.660+0000: 6040.840: [GC (Allocation Failure) 6040.840: [ParNew: 35567K->2087K(36288K), 0.0026766 secs] 137067K->103587K(242952K), 0.0027356 secs] [Times: user=0.01 sys=0.00, real=0.00 secs] 
2015-10-30T16:12:53.681+0000: 6040.862: [GC (Allocation Failure) 6040.862: [ParNew: 34407K->2749K(36288K), 0.0028524 secs] 135907K->104249K(242952K), 0.0028998 secs] [Times: user=0.01 sys=0.00, real=0.00 secs] 
2015-10-30T16:12:53.705+0000: 6040.886: [GC (Allocation Failure) 6040.886: [ParNew: 35069K->2813K(36288K), 0.0041880 secs] 136569K->105042K(242952K), 0.0042438 secs] [Times: user=0.01 sys=0.01, real=0.00 secs] 
2015-10-30T16:12:53.729+0000: 6040.910: [GC (Allocation Failure) 6040.910: [ParNew: 35133K->3064K(36288K), 0.0039629 secs] 137362K->106001K(242952K), 0.0040247 secs] [Times: user=0.02 sys=0.00, real=0.00 secs] 
2015-10-30T16:12:53.751+0000: 6040.931: [GC (Allocation Failure) 6040.931: [ParNew: 35384K->3025K(36288K), 0.0035778 secs] 138321K->106574K(242952K), 0.0036389 secs] [Times: user=0.01 sys=0.00, real=0.00 secs] 
2015-10-30T16:12:53.773+0000: 6040.954: [GC (Allocation Failure) 6040.954: [ParNew: 35345K->2207K(36288K), 0.0024384 secs] 138894K->105756K(242952K), 0.0025075 secs] [Times: user=0.01 sys=0.00, real=0.00 secs] 
2015-10-30T16:12:53.809+0000: 6040.989: [GC (Allocation Failure) 6040.989: [ParNew: 32049K->3967K(36288K), 0.0030351 secs] 135598K->110706K(242952K), 0.0031030 secs] [Times: user=0.01 sys=0.00, real=0.00 secs] 
2015-10-30T16:12:53.813+0000: 6040.993: [GC (CMS Initial Mark) [1 CMS-initial-mark: 106738K(206664K)] 116026K(242952K), 0.0017723 secs] [Times: user=0.00 sys=0.00, real=0.00 secs] 
2015-10-30T16:12:53.815+0000: 6040.995: [CMS-concurrent-mark-start]
2015-10-30T16:12:53.853+0000: 6041.033: [CMS-concurrent-mark: 0.038/0.038 secs] [Times: user=0.08 sys=0.00, real=0.04 secs] 
2015-10-30T16:12:53.853+0000: 6041.033: [CMS-concurrent-preclean-start]
2015-10-30T16:12:53.855+0000: 6041.035: [CMS-concurrent-preclean: 0.002/0.002 secs] [Times: user=0.00 sys=0.00, real=0.00 secs] 
2015-10-30T16:12:53.855+0000: 6041.035: [CMS-concurrent-abortable-preclean-start]
 CMS: abort preclean due to time 2015-10-30T16:12:58.892+0000: 6046.072: [CMS-concurrent-abortable-preclean: 1.247/5.037 secs] [Times: user=1.33 sys=0.01, real=5.04 secs] 
2015-10-30T16:12:58.892+0000: 6046.073: [GC (CMS Final Remark) [YG occupancy: 32092 K (36288 K)]6046.073: [Rescan (parallel) , 0.0024246 secs]6046.075: [weak refs processing, 0.0000183 secs]6046.075: [class unloading, 0.0148086 secs]6046.090: [scrub symbol table, 0.0066156 secs]6046.097: [scrub string table, 0.0007489 secs][1 CMS-remark: 106738K(206664K)] 138831K(242952K), 0.0260726 secs] [Times: user=0.03 sys=0.00, real=0.03 secs] 
2015-10-30T16:12:58.919+0000: 6046.099: [CMS-concurrent-sweep-start]
2015-10-30T16:12:58.950+0000: 6046.131: [CMS-concurrent-sweep: 0.032/0.032 secs] [Times: user=0.04 sys=0.00, real=0.03 secs] 
2015-10-30T16:12:58.950+0000: 6046.131: [CMS-concurrent-reset-start]
2015-10-30T16:12:58.953+0000: 6046.133: [CMS-concurrent-reset: 0.002/0.002 secs] [Times: user=0.00 sys=0.00, real=0.00 secs] 
2015-10-30T16:13:00.458+0000: 6047.638: [GC (Allocation Failure) 6047.638: [ParNew: 36242K->2062K(36288K), 0.0061714 secs] 105502K->76314K(242952K), 0.0062541 secs] [Times: user=0.01 sys=0.00, real=0.00 secs] 
2015-10-30T16:13:00.578+0000: 6047.759: [GC (Allocation Failure) 6047.759: [ParNew: 34382K->3968K(36288K), 0.0035823 secs] 108634K->78269K(242952K), 0.0036527 secs] [Times: user=0.02 sys=0.00, real=0.00 secs] 
2015-10-30T16:13:00.605+0000: 6047.786: [GC (Allocation Failure) 6047.786: [ParNew: 36288K->3968K(36288K), 0.0054800 secs] 110589K->80731K(242952K), 0.0055474 secs] [Times: user=0.02 sys=0.00, real=0.00 secs] 
2015-10-30T16:13:00.630+0000: 6047.810: [GC (Allocation Failure) 6047.810: [ParNew: 35990K->3632K(36288K), 0.0032449 secs] 112754K->82383K(242952K), 0.0033058 secs] [Times: user=0.01 sys=0.00, real=0.00 secs] 
2015-10-30T16:13:03.596+0000: 6050.776: [GC (Allocation Failure) 6050.776: [ParNew: 35952K->3968K(36288K), 0.0158936 secs] 114703K->95320K(242952K), 0.0159675 secs] [Times: user=0.04 sys=0.00, real=0.02 secs] 
2015-10-30T16:13:03.633+0000: 6050.814: [GC (Allocation Failure) 6050.814: [ParNew: 36288K->2697K(36288K), 0.0046881 secs] 127640K->97693K(242952K), 0.0047642 secs] [Times: user=0.02 sys=0.00, real=0.01 secs] 
2015-10-30T16:13:03.657+0000: 6050.838: [GC (Allocation Failure) 6050.838: [ParNew: 35017K->2009K(36288K), 0.0026343 secs] 130013K->97005K(242952K), 0.0027002 secs] [Times: user=0.00 sys=0.00, real=0.00 secs] 
2015-10-30T16:13:03.677+0000: 6050.857: [GC (Allocation Failure) 6050.858: [ParNew: 34329K->2870K(36288K), 0.0030200 secs] 129325K->97865K(242952K), 0.0030721 secs] [Times: user=0.01 sys=0.00, real=0.01 secs] 
2015-10-30T16:13:03.701+0000: 6050.882: [GC (Allocation Failure) 6050.882: [ParNew: 35190K->3008K(36288K), 0.0043988 secs] 130185K->98822K(242952K), 0.0044644 secs] [Times: user=0.01 sys=0.00, real=0.01 secs] 
2015-10-30T16:13:03.729+0000: 6050.910: [GC (Allocation Failure) 6050.910: [ParNew: 35328K->3068K(36288K), 0.0087527 secs] 131142K->99566K(242952K), 0.0088247 secs] [Times: user=0.02 sys=0.01, real=0.01 secs] 
2015-10-30T16:13:03.757+0000: 6050.938: [GC (Allocation Failure) 6050.938: [ParNew: 35388K->3968K(36288K), 0.0030109 secs] 131886K->100466K(242952K), 0.0030718 secs] [Times: user=0.01 sys=0.00, real=0.00 secs] 
2015-10-30T16:13:03.779+0000: 6050.960: [GC (Allocation Failure) 6050.960: [ParNew: 36288K->2383K(36288K), 0.0037824 secs] 132786K->99499K(242952K), 0.0038549 secs] [Times: user=0.01 sys=0.00, real=0.00 secs] 
2015-10-30T16:13:03.804+0000: 6050.985: [GC (Allocation Failure) 6050.985: [ParNew: 34628K->3968K(36288K), 0.0027564 secs] 131744K->101084K(242952K), 0.0028181 secs] [Times: user=0.01 sys=0.00, real=0.01 secs] 
2015-10-30T16:13:07.790+0000: 6054.971: [GC (Allocation Failure) 6054.971: [ParNew: 36288K->2259K(36288K), 0.0037599 secs] 133404K->102609K(242952K), 0.0038432 secs] [Times: user=0.01 sys=0.00, real=0.00 secs] 
2015-10-30T16:13:08.601+0000: 6055.782: [GC (Allocation Failure) 6055.782: [ParNew: 34579K->3968K(36288K), 0.0181429 secs] 134929K->117741K(242952K), 0.0182183 secs] [Times: user=0.06 sys=0.00, real=0.02 secs] 
2015-10-30T16:13:08.639+0000: 6055.819: [GC (Allocation Failure) 6055.820: [ParNew: 36288K->2546K(36288K), 0.0060586 secs] 150061K->120147K(242952K), 0.0061261 secs] [Times: user=0.01 sys=0.00, real=0.01 secs] 
2015-10-30T16:13:08.665+0000: 6055.846: [GC (Allocation Failure) 6055.846: [ParNew: 34866K->1968K(36288K), 0.0032281 secs] 152467K->119569K(242952K), 0.0032885 secs] [Times: user=0.01 sys=0.00, real=0.00 secs] 
2015-10-30T16:13:08.689+0000: 6055.870: [GC (Allocation Failure) 6055.870: [ParNew: 34288K->3064K(36288K), 0.0029858 secs] 151889K->120665K(242952K), 0.0030366 secs] [Times: user=0.02 sys=0.00, real=0.00 secs] 
2015-10-30T16:13:08.713+0000: 6055.894: [GC (Allocation Failure) 6055.894: [ParNew: 35384K->3013K(36288K), 0.0041609 secs] 152985K->121404K(242952K), 0.0042164 secs] [Times: user=0.02 sys=0.00, real=0.01 secs] 
2015-10-30T16:13:08.737+0000: 6055.917: [GC (Allocation Failure) 6055.917: [ParNew: 35333K->3048K(36288K), 0.0040012 secs] 153724K->122110K(242952K), 0.0040641 secs] [Times: user=0.01 sys=0.00, real=0.01 secs] 
2015-10-30T16:13:08.761+0000: 6055.942: [GC (Allocation Failure) 6055.942: [ParNew: 35368K->3077K(36288K), 0.0054051 secs] 154430K->122776K(242952K), 0.0054721 secs] [Times: user=0.02 sys=0.00, real=0.01 secs] 
2015-10-30T16:13:08.786+0000: 6055.967: [GC (Allocation Failure) 6055.967: [ParNew: 35397K->2339K(36288K), 0.0026382 secs] 155096K->122037K(242952K), 0.0026985 secs] [Times: user=0.01 sys=0.00, real=0.00 secs] 
2015-10-30T16:13:08.816+0000: 6055.996: [GC (Allocation Failure) 6055.996: [ParNew: 34304K->3968K(36288K), 0.0030344 secs] 154002K->124288K(242952K), 0.0030946 secs] [Times: user=0.01 sys=0.00, real=0.01 secs] 
2015-10-30T16:13:18.554+0000: 6065.735: [GC (Allocation Failure) 6065.735: [ParNew: 36221K->2417K(36288K), 0.0050015 secs] 156541K->127401K(242952K), 0.0050734 secs] [Times: user=0.02 sys=0.00, real=0.01 secs] 
2015-10-30T16:13:18.601+0000: 6065.782: [GC (Allocation Failure) 6065.782: [ParNew: 34737K->3968K(36288K), 0.0138885 secs] 159721K->140245K(242952K), 0.0139731 secs] [Times: user=0.05 sys=0.00, real=0.01 secs] 
2015-10-30T16:13:18.637+0000: 6065.818: [GC (Allocation Failure) 6065.818: [ParNew: 36288K->2012K(36288K), 0.0039677 secs] 172565K->142071K(242952K), 0.0040466 secs] [Times: user=0.01 sys=0.00, real=0.00 secs] 
2015-10-30T16:13:18.660+0000: 6065.840: [GC (Allocation Failure) 6065.840: [ParNew: 34332K->1808K(36288K), 0.0026212 secs] 174391K->141867K(242952K), 0.0026808 secs] [Times: user=0.01 sys=0.00, real=0.00 secs] 
2015-10-30T16:13:18.681+0000: 6065.862: [GC (Allocation Failure) 6065.862: [ParNew: 34128K->2526K(36288K), 0.0028554 secs] 174187K->142586K(242952K), 0.0029043 secs] [Times: user=0.01 sys=0.00, real=0.00 secs] 
2015-10-30T16:13:18.706+0000: 6065.886: [GC (Allocation Failure) 6065.886: [ParNew: 34846K->2857K(36288K), 0.0045540 secs] 174906K->143688K(242952K), 0.0046096 secs] [Times: user=0.02 sys=0.00, real=0.00 secs] 
2015-10-30T16:13:18.731+0000: 6065.912: [GC (Allocation Failure) 6065.912: [ParNew: 35177K->2555K(36288K), 0.0047026 secs] 176008K->144101K(242952K), 0.0047636 secs] [Times: user=0.02 sys=0.00, real=0.00 secs] 
2015-10-30T16:13:18.757+0000: 6065.938: [GC (Allocation Failure) 6065.938: [ParNew: 34875K->3404K(36288K), 0.0035050 secs] 176421K->145544K(242952K), 0.0035642 secs] [Times: user=0.01 sys=0.00, real=0.00 secs] 
2015-10-30T16:13:18.780+0000: 6065.960: [GC (Allocation Failure) 6065.960: [ParNew: 35724K->2655K(36288K), 0.0027071 secs] 177864K->144796K(242952K), 0.0027674 secs] [Times: user=0.01 sys=0.00, real=0.00 secs] 
2015-10-30T16:13:18.816+0000: 6065.997: [GC (Allocation Failure) 6065.997: [ParNew: 34967K->3968K(36288K), 0.0031448 secs] 177107K->149331K(242952K), 0.0032101 secs] [Times: user=0.01 sys=0.00, real=0.01 secs] 
2015-10-30T16:13:18.821+0000: 6066.001: [GC (CMS Initial Mark) [1 CMS-initial-mark: 145363K(206664K)] 154651K(242952K), 0.0019227 secs] [Times: user=0.01 sys=0.00, real=0.00 secs] 
2015-10-30T16:13:18.823+0000: 6066.003: [CMS-concurrent-mark-start]
2015-10-30T16:13:18.860+0000: 6066.040: [CMS-concurrent-mark: 0.037/0.037 secs] [Times: user=0.07 sys=0.00, real=0.04 secs] 
2015-10-30T16:13:18.860+0000: 6066.040: [CMS-concurrent-preclean-start]
2015-10-30T16:13:18.861+0000: 6066.042: [CMS-concurrent-preclean: 0.001/0.001 secs] [Times: user=0.01 sys=0.00, real=0.00 secs] 
2015-10-30T16:13:18.861+0000: 6066.042: [CMS-concurrent-abortable-preclean-start]
 CMS: abort preclean due to time 2015-10-30T16:13:23.976+0000: 6071.157: [CMS-concurrent-abortable-preclean: 1.301/5.115 secs] [Times: user=1.37 sys=0.01, real=5.11 secs] 
2015-10-30T16:13:23.976+0000: 6071.157: [GC (CMS Final Remark) [YG occupancy: 30769 K (36288 K)]6071.157: [Rescan (parallel) , 0.0020903 secs]6071.159: [weak refs processing, 0.0000279 secs]6071.159: [class unloading, 0.0148388 secs]6071.174: [scrub symbol table, 0.0067198 secs]6071.181: [scrub string table, 0.0007626 secs][1 CMS-remark: 145363K(206664K)] 176133K(242952K), 0.0259299 secs] [Times: user=0.03 sys=0.00, real=0.03 secs] 
2015-10-30T16:13:24.003+0000: 6071.183: [CMS-concurrent-sweep-start]
2015-10-30T16:13:24.051+0000: 6071.231: [CMS-concurrent-sweep: 0.048/0.048 secs] [Times: user=0.05 sys=0.00, real=0.05 secs] 
2015-10-30T16:13:24.051+0000: 6071.231: [CMS-concurrent-reset-start]
2015-10-30T16:13:24.054+0000: 6071.234: [CMS-concurrent-reset: 0.002/0.002 secs] [Times: user=0.00 sys=0.00, real=0.00 secs] 
2015-10-30T16:13:26.053+0000: 6073.233: [GC (CMS Initial Mark) [1 CMS-initial-mark: 72964K(206664K)] 103921K(242952K), 0.0022193 secs] [Times: user=0.00 sys=0.00, real=0.00 secs] 
2015-10-30T16:13:26.055+0000: 6073.236: [CMS-concurrent-mark-start]
2015-10-30T16:13:26.091+0000: 6073.271: [CMS-concurrent-mark: 0.036/0.036 secs] [Times: user=0.04 sys=0.00, real=0.04 secs] 
2015-10-30T16:13:26.091+0000: 6073.271: [CMS-concurrent-preclean-start]
2015-10-30T16:13:26.093+0000: 6073.273: [CMS-concurrent-preclean: 0.002/0.002 secs] [Times: user=0.00 sys=0.00, real=0.00 secs] 
2015-10-30T16:13:26.093+0000: 6073.273: [CMS-concurrent-abortable-preclean-start]
2015-10-30T16:13:28.566+0000: 6075.746: [GC (Allocation Failure) 6075.746: [ParNew: 36286K->3968K(36288K), 0.0054040 secs] 109251K->82321K(242952K), 0.0054777 secs] [Times: user=0.02 sys=0.00, real=0.00 secs] 
2015-10-30T16:13:28.613+0000: 6075.793: [GC (Allocation Failure) 6075.793: [ParNew: 36288K->3968K(36288K), 0.0142317 secs] 114641K->93527K(242952K), 0.0143027 secs] [Times: user=0.05 sys=0.00, real=0.02 secs] 
2015-10-30T16:13:28.649+0000: 6075.830: [GC (Allocation Failure) 6075.830: [ParNew: 36288K->3556K(36288K), 0.0056622 secs] 125847K->96923K(242952K), 0.0057228 secs] [Times: user=0.02 sys=0.00, real=0.00 secs] 
2015-10-30T16:13:28.676+0000: 6075.856: [CMS-concurrent-abortable-preclean: 0.611/2.583 secs] [Times: user=0.92 sys=0.00, real=2.58 secs] 
2015-10-30T16:13:28.677+0000: 6075.858: [GC (CMS Final Remark) [YG occupancy: 34092 K (36288 K)]6075.858: [Rescan (parallel) , 0.0187976 secs]6075.877: [weak refs processing, 0.0000195 secs]6075.877: [class unloading, 0.0149729 secs]6075.892: [scrub symbol table, 0.0066200 secs]6075.898: [scrub string table, 0.0007551 secs][1 CMS-remark: 93366K(206664K)] 127458K(242952K), 0.0426241 secs] [Times: user=0.09 sys=0.00, real=0.04 secs] 
2015-10-30T16:13:28.720+0000: 6075.901: [CMS-concurrent-sweep-start]
2015-10-30T16:13:28.722+0000: 6075.902: [GC (Allocation Failure) 6075.902: [ParNew: 35876K->2319K(36288K), 0.0034168 secs] 129237K->95680K(242952K), 0.0034589 secs] [Times: user=0.01 sys=0.00, real=0.01 secs] 
2015-10-30T16:13:28.747+0000: 6075.928: [GC (Allocation Failure) 6075.928: [ParNew: 34639K->3324K(36288K), 0.0035290 secs] 124876K->93561K(242952K), 0.0035852 secs] [Times: user=0.01 sys=0.00, real=0.00 secs] 
2015-10-30T16:13:28.778+0000: 6075.958: [GC (Allocation Failure) 6075.958: [ParNew: 35644K->2975K(36288K), 0.0043828 secs] 125328K->93448K(242952K), 0.0044382 secs] [Times: user=0.02 sys=0.00, real=0.00 secs] 
2015-10-30T16:13:28.782+0000: 6075.963: [CMS-concurrent-sweep: 0.054/0.062 secs] [Times: user=0.24 sys=0.00, real=0.06 secs] 
2015-10-30T16:13:28.782+0000: 6075.963: [CMS-concurrent-reset-start]
2015-10-30T16:13:28.785+0000: 6075.965: [CMS-concurrent-reset: 0.003/0.003 secs] [Times: user=0.00 sys=0.00, real=0.00 secs] 
2015-10-30T16:13:28.805+0000: 6075.986: [GC (Allocation Failure) 6075.986: [ParNew: 35295K->3437K(36288K), 0.0041152 secs] 125768K->94651K(242952K), 0.0041772 secs] [Times: user=0.02 sys=0.00, real=0.00 secs] 
2015-10-30T16:13:28.827+0000: 6076.007: [GC (Allocation Failure) 6076.007: [ParNew: 35757K->2247K(36288K), 0.0034826 secs] 126971K->94089K(242952K), 0.0035444 secs] [Times: user=0.01 sys=0.00, real=0.00 secs] 
2015-10-30T16:13:28.853+0000: 6076.034: [GC (Allocation Failure) 6076.034: [ParNew: 34567K->2256K(36288K), 0.0024997 secs] 126409K->94098K(242952K), 0.0025605 secs] [Times: user=0.01 sys=0.00, real=0.00 secs] 
2015-10-30T16:13:28.889+0000: 6076.070: [GC (Allocation Failure) 6076.070: [ParNew: 32830K->3968K(36288K), 0.0030480 secs] 124672K->98961K(242952K), 0.0031188 secs] [Times: user=0.01 sys=0.00, real=0.00 secs] 
2015-10-30T16:13:28.893+0000: 6076.074: [GC (CMS Initial Mark) [1 CMS-initial-mark: 94993K(206664K)] 104281K(242952K), 0.0020277 secs] [Times: user=0.00 sys=0.00, real=0.00 secs] 
2015-10-30T16:13:28.895+0000: 6076.076: [CMS-concurrent-mark-start]
2015-10-30T16:13:28.934+0000: 6076.114: [CMS-concurrent-mark: 0.038/0.038 secs] [Times: user=0.08 sys=0.00, real=0.04 secs] 
2015-10-30T16:13:28.934+0000: 6076.114: [CMS-concurrent-preclean-start]
2015-10-30T16:13:28.935+0000: 6076.116: [CMS-concurrent-preclean: 0.001/0.001 secs] [Times: user=0.00 sys=0.00, real=0.00 secs] 
2015-10-30T16:13:28.935+0000: 6076.116: [CMS-concurrent-abortable-preclean-start]
 CMS: abort preclean due to time 2015-10-30T16:13:33.975+0000: 6081.156: [CMS-concurrent-abortable-preclean: 1.208/5.040 secs] [Times: user=1.30 sys=0.01, real=5.04 secs] 
2015-10-30T16:13:33.976+0000: 6081.156: [GC (CMS Final Remark) [YG occupancy: 30778 K (36288 K)]6081.156: [Rescan (parallel) , 0.0019391 secs]6081.158: [weak refs processing, 0.0000211 secs]6081.158: [class unloading, 0.0149380 secs]6081.173: [scrub symbol table, 0.0068292 secs]6081.180: [scrub string table, 0.0007560 secs][1 CMS-remark: 94993K(206664K)] 125772K(242952K), 0.0260027 secs] [Times: user=0.03 sys=0.00, real=0.03 secs] 
2015-10-30T16:13:34.002+0000: 6081.182: [CMS-concurrent-sweep-start]
2015-10-30T16:13:34.082+0000: 6081.263: [CMS-concurrent-sweep: 0.080/0.080 secs] [Times: user=0.08 sys=0.00, real=0.08 secs] 
2015-10-30T16:13:34.082+0000: 6081.263: [CMS-concurrent-reset-start]
2015-10-30T16:13:34.085+0000: 6081.265: [CMS-concurrent-reset: 0.002/0.002 secs] [Times: user=0.00 sys=0.00, real=0.00 secs] 
2015-10-30T16:13:36.084+0000: 6083.265: [GC (CMS Initial Mark) [1 CMS-initial-mark: 72693K(206664K)] 103641K(242952K), 0.0022705 secs] [Times: user=0.01 sys=0.00, real=0.01 secs] 
2015-10-30T16:13:36.087+0000: 6083.267: [CMS-concurrent-mark-start]
2015-10-30T16:13:36.124+0000: 6083.304: [CMS-concurrent-mark: 0.037/0.037 secs] [Times: user=0.04 sys=0.00, real=0.03 secs] 
2015-10-30T16:13:36.124+0000: 6083.304: [CMS-concurrent-preclean-start]
2015-10-30T16:13:36.125+0000: 6083.306: [CMS-concurrent-preclean: 0.002/0.002 secs] [Times: user=0.00 sys=0.00, real=0.01 secs] 
2015-10-30T16:13:36.125+0000: 6083.306: [CMS-concurrent-abortable-preclean-start]
 CMS: abort preclean due to time 2015-10-30T16:13:41.140+0000: 6088.320: [CMS-concurrent-abortable-preclean: 1.228/5.014 secs] [Times: user=1.30 sys=0.00, real=5.01 secs] 
2015-10-30T16:13:41.140+0000: 6088.320: [GC (CMS Final Remark) [YG occupancy: 33179 K (36288 K)]6088.320: [Rescan (parallel) , 0.0027634 secs]6088.323: [weak refs processing, 0.0000210 secs]6088.323: [class unloading, 0.0153707 secs]6088.339: [scrub symbol table, 0.0066299 secs]6088.345: [scrub string table, 0.0007652 secs][1 CMS-remark: 72693K(206664K)] 105872K(242952K), 0.0270259 secs] [Times: user=0.03 sys=0.00, real=0.03 secs] 
2015-10-30T16:13:41.167+0000: 6088.348: [CMS-concurrent-sweep-start]
2015-10-30T16:13:41.209+0000: 6088.389: [CMS-concurrent-sweep: 0.042/0.042 secs] [Times: user=0.05 sys=0.00, real=0.04 secs] 
2015-10-30T16:13:41.209+0000: 6088.389: [CMS-concurrent-reset-start]
2015-10-30T16:13:41.211+0000: 6088.392: [CMS-concurrent-reset: 0.002/0.002 secs] [Times: user=0.00 sys=0.00, real=0.00 secs] 
2015-10-30T16:13:43.211+0000: 6090.391: [GC (CMS Initial Mark) [1 CMS-initial-mark: 69008K(206664K)] 102350K(242952K), 0.0032476 secs] [Times: user=0.01 sys=0.00, real=0.00 secs] 
2015-10-30T16:13:43.214+0000: 6090.394: [CMS-concurrent-mark-start]
2015-10-30T16:13:43.251+0000: 6090.432: [CMS-concurrent-mark: 0.037/0.037 secs] [Times: user=0.03 sys=0.00, real=0.04 secs] 
2015-10-30T16:13:43.251+0000: 6090.432: [CMS-concurrent-preclean-start]
2015-10-30T16:13:43.253+0000: 6090.433: [CMS-concurrent-preclean: 0.002/0.002 secs] [Times: user=0.01 sys=0.00, real=0.00 secs] 
2015-10-30T16:13:43.253+0000: 6090.433: [CMS-concurrent-abortable-preclean-start]
2015-10-30T16:13:43.577+0000: 6090.758: [GC (Allocation Failure) 6090.758: [ParNew: 36264K->3957K(36288K), 0.0017948 secs] 105273K->76210K(242952K), 0.0018585 secs] [Times: user=0.01 sys=0.00, real=0.00 secs] 
2015-10-30T16:13:43.620+0000: 6090.801: [GC (Allocation Failure) 6090.801: [ParNew: 36277K->3968K(36288K), 0.0162157 secs] 108530K->87490K(242952K), 0.0163030 secs] [Times: user=0.05 sys=0.00, real=0.01 secs] 
2015-10-30T16:13:43.661+0000: 6090.842: [GC (Allocation Failure) 6090.842: [ParNew: 36288K->3521K(36288K), 0.0054476 secs] 119810K->90736K(242952K), 0.0055070 secs] [Times: user=0.02 sys=0.01, real=0.01 secs] 
2015-10-30T16:13:43.692+0000: 6090.872: [GC (Allocation Failure) 6090.872: [ParNew: 35841K->2245K(36288K), 0.0024334 secs] 123056K->89460K(242952K), 0.0024914 secs] [Times: user=0.01 sys=0.00, real=0.00 secs] 
2015-10-30T16:13:43.695+0000: 6090.875: [CMS-concurrent-abortable-preclean: 0.135/0.442 secs] [Times: user=0.38 sys=0.02, real=0.44 secs] 
2015-10-30T16:13:43.695+0000: 6090.875: [GC (CMS Final Remark) [YG occupancy: 3264 K (36288 K)]6090.875: [Rescan (parallel) , 0.0052100 secs]6090.881: [weak refs processing, 0.0000161 secs]6090.881: [class unloading, 0.0145951 secs]6090.895: [scrub symbol table, 0.0066411 secs]6090.902: [scrub string table, 0.0007464 secs][1 CMS-remark: 87215K(206664K)] 90479K(242952K), 0.0286313 secs] [Times: user=0.04 sys=0.00, real=0.03 secs] 
2015-10-30T16:13:43.724+0000: 6090.904: [CMS-concurrent-sweep-start]
2015-10-30T16:13:43.746+0000: 6090.927: [GC (Allocation Failure) 6090.927: [ParNew: 34565K->2905K(36288K), 0.0036298 secs] 121746K->90086K(242952K), 0.0036905 secs] [Times: user=0.01 sys=0.00, real=0.00 secs] 
2015-10-30T16:13:43.752+0000: 6090.933: [CMS-concurrent-sweep: 0.024/0.028 secs] [Times: user=0.11 sys=0.00, real=0.03 secs] 
2015-10-30T16:13:43.752+0000: 6090.933: [CMS-concurrent-reset-start]
2015-10-30T16:13:43.755+0000: 6090.935: [CMS-concurrent-reset: 0.003/0.003 secs] [Times: user=0.01 sys=0.00, real=0.00 secs] 
2015-10-30T16:13:43.773+0000: 6090.954: [GC (Allocation Failure) 6090.954: [ParNew: 35225K->2779K(36288K), 0.0047524 secs] 122406K->90777K(242952K), 0.0048230 secs] [Times: user=0.02 sys=0.00, real=0.01 secs] 
2015-10-30T16:13:43.798+0000: 6090.978: [GC (Allocation Failure) 6090.978: [ParNew: 35099K->2680K(36288K), 0.0040928 secs] 123097K->91395K(242952K), 0.0041520 secs] [Times: user=0.02 sys=0.00, real=0.00 secs] 
2015-10-30T16:13:43.821+0000: 6091.001: [GC (Allocation Failure) 6091.001: [ParNew: 35000K->2545K(36288K), 0.0042532 secs] 123715K->91848K(242952K), 0.0043103 secs] [Times: user=0.02 sys=0.00, real=0.01 secs] 
2015-10-30T16:13:43.845+0000: 6091.026: [GC (Allocation Failure) 6091.026: [ParNew: 34865K->3125K(36288K), 0.0030756 secs] 124168K->92428K(242952K), 0.0031320 secs] [Times: user=0.00 sys=0.00, real=0.00 secs] 
2015-10-30T16:13:43.884+0000: 6091.064: [GC (Allocation Failure) 6091.064: [ParNew: 34449K->3968K(36288K), 0.0038468 secs] 123752K->96369K(242952K), 0.0039164 secs] [Times: user=0.01 sys=0.00, real=0.01 secs] 
2015-10-30T16:13:43.889+0000: 6091.069: [GC (CMS Initial Mark) [1 CMS-initial-mark: 92401K(206664K)] 101686K(242952K), 0.0015831 secs] [Times: user=0.01 sys=0.00, real=0.00 secs] 
2015-10-30T16:13:43.890+0000: 6091.071: [CMS-concurrent-mark-start]
2015-10-30T16:13:43.928+0000: 6091.109: [CMS-concurrent-mark: 0.038/0.038 secs] [Times: user=0.08 sys=0.00, real=0.04 secs] 
2015-10-30T16:13:43.928+0000: 6091.109: [CMS-concurrent-preclean-start]
2015-10-30T16:13:43.930+0000: 6091.110: [CMS-concurrent-preclean: 0.001/0.001 secs] [Times: user=0.00 sys=0.00, real=0.00 secs] 
2015-10-30T16:13:43.930+0000: 6091.110: [CMS-concurrent-abortable-preclean-start]
 CMS: abort preclean due to time 2015-10-30T16:13:49.041+0000: 6096.222: [CMS-concurrent-abortable-preclean: 1.012/5.112 secs] [Times: user=1.13 sys=0.01, real=5.11 secs] 
2015-10-30T16:13:49.041+0000: 6096.222: [GC (CMS Final Remark) [YG occupancy: 32541 K (36288 K)]6096.222: [Rescan (parallel) , 0.0024933 secs]6096.224: [weak refs processing, 0.0000188 secs]6096.224: [class unloading, 0.0147873 secs]6096.239: [scrub symbol table, 0.0066218 secs]6096.246: [scrub string table, 0.0007535 secs][1 CMS-remark: 92401K(206664K)] 124942K(242952K), 0.0261128 secs] [Times: user=0.04 sys=0.00, real=0.03 secs] 
2015-10-30T16:13:49.068+0000: 6096.248: [CMS-concurrent-sweep-start]
2015-10-30T16:13:49.091+0000: 6096.272: [CMS-concurrent-sweep: 0.024/0.024 secs] [Times: user=0.02 sys=0.00, real=0.02 secs] 
2015-10-30T16:13:49.091+0000: 6096.272: [CMS-concurrent-reset-start]
2015-10-30T16:13:49.094+0000: 6096.274: [CMS-concurrent-reset: 0.002/0.002 secs] [Times: user=0.00 sys=0.00, real=0.00 secs] 
2015-10-30T16:13:51.094+0000: 6098.275: [GC (CMS Initial Mark) [1 CMS-initial-mark: 72570K(206664K)] 105259K(242952K), 0.0028370 secs] [Times: user=0.01 sys=0.00, real=0.00 secs] 
2015-10-30T16:13:51.097+0000: 6098.277: [CMS-concurrent-mark-start]
2015-10-30T16:13:51.134+0000: 6098.315: [CMS-concurrent-mark: 0.037/0.037 secs] [Times: user=0.04 sys=0.00, real=0.04 secs] 
2015-10-30T16:13:51.134+0000: 6098.315: [CMS-concurrent-preclean-start]
2015-10-30T16:13:51.136+0000: 6098.316: [CMS-concurrent-preclean: 0.002/0.002 secs] [Times: user=0.00 sys=0.00, real=0.00 secs] 
2015-10-30T16:13:51.136+0000: 6098.316: [CMS-concurrent-abortable-preclean-start]
2015-10-30T16:13:53.559+0000: 6100.740: [GC (Allocation Failure) 6100.740: [ParNew: 36263K->3968K(36288K), 0.0050160 secs] 108833K->81213K(242952K), 0.0051025 secs] [Times: user=0.02 sys=0.00, real=0.00 secs] 
2015-10-30T16:13:53.603+0000: 6100.783: [GC (Allocation Failure) 6100.783: [ParNew: 36288K->3968K(36288K), 0.0149150 secs] 113533K->92543K(242952K), 0.0149985 secs] [Times: user=0.05 sys=0.00, real=0.02 secs] 
2015-10-30T16:13:53.638+0000: 6100.819: [GC (Allocation Failure) 6100.819: [ParNew: 36288K->3035K(36288K), 0.0056468 secs] 124863K->95419K(242952K), 0.0057139 secs] [Times: user=0.01 sys=0.00, real=0.00 secs] 
2015-10-30T16:13:53.667+0000: 6100.847: [GC (Allocation Failure) 6100.847: [ParNew: 35355K->2267K(36288K), 0.0027671 secs] 127739K->94650K(242952K), 0.0028245 secs] [Times: user=0.01 sys=0.00, real=0.00 secs] 
2015-10-30T16:13:53.680+0000: 6100.860: [CMS-concurrent-abortable-preclean: 0.479/2.544 secs] [Times: user=0.81 sys=0.00, real=2.55 secs] 
2015-10-30T16:13:53.681+0000: 6100.862: [GC (CMS Final Remark) [YG occupancy: 19066 K (36288 K)]6100.862: [Rescan (parallel) , 0.0112964 secs]6100.873: [weak refs processing, 0.0000193 secs]6100.873: [class unloading, 0.0151434 secs]6100.888: [scrub symbol table, 0.0066856 secs]6100.895: [scrub string table, 0.0007602 secs][1 CMS-remark: 92383K(206664K)] 111450K(242952K), 0.0354154 secs] [Times: user=0.06 sys=0.00, real=0.03 secs] 
2015-10-30T16:13:53.717+0000: 6100.897: [CMS-concurrent-sweep-start]
2015-10-30T16:13:53.729+0000: 6100.910: [GC (Allocation Failure) 6100.910: [ParNew: 34587K->2971K(36288K), 0.0029715 secs] 126951K->95336K(242952K), 0.0030192 secs] [Times: user=0.01 sys=0.00, real=0.00 secs] 
2015-10-30T16:13:53.756+0000: 6100.936: [GC (Allocation Failure) 6100.936: [ParNew: 35291K->2601K(36288K), 0.0045491 secs] 124471K->92574K(242952K), 0.0046053 secs] [Times: user=0.02 sys=0.00, real=0.01 secs] 
2015-10-30T16:13:53.761+0000: 6100.942: [CMS-concurrent-sweep: 0.034/0.044 secs] [Times: user=0.16 sys=0.01, real=0.05 secs] 
2015-10-30T16:13:53.765+0000: 6100.946: [CMS-concurrent-reset-start]
2015-10-30T16:13:53.768+0000: 6100.948: [CMS-concurrent-reset: 0.003/0.003 secs] [Times: user=0.01 sys=0.00, real=0.00 secs] 
2015-10-30T16:13:53.780+0000: 6100.961: [GC (Allocation Failure) 6100.961: [ParNew: 34921K->3150K(36288K), 0.0044343 secs] 124894K->93865K(242952K), 0.0044895 secs] [Times: user=0.02 sys=0.00, real=0.00 secs] 
2015-10-30T16:13:53.805+0000: 6100.986: [GC (Allocation Failure) 6100.986: [ParNew: 35470K->2820K(36288K), 0.0036934 secs] 126185K->94111K(242952K), 0.0037667 secs] [Times: user=0.01 sys=0.00, real=0.00 secs] 
2015-10-30T16:13:53.829+0000: 6101.009: [GC (Allocation Failure) 6101.009: [ParNew: 35140K->2759K(36288K), 0.0030911 secs] 126431K->94051K(242952K), 0.0031458 secs] [Times: user=0.01 sys=0.00, real=0.00 secs] 
2015-10-30T16:13:53.865+0000: 6101.046: [GC (Allocation Failure) 6101.046: [ParNew: 34226K->3968K(36288K), 0.0041654 secs] 125518K->98331K(242952K), 0.0042307 secs] [Times: user=0.01 sys=0.00, real=0.00 secs] 
2015-10-30T16:13:53.870+0000: 6101.051: [GC (CMS Initial Mark) [1 CMS-initial-mark: 94363K(206664K)] 103651K(242952K), 0.0017639 secs] [Times: user=0.01 sys=0.00, real=0.00 secs] 
2015-10-30T16:13:53.872+0000: 6101.053: [CMS-concurrent-mark-start]
2015-10-30T16:13:53.929+0000: 6101.110: [CMS-concurrent-mark: 0.057/0.057 secs] [Times: user=0.11 sys=0.00, real=0.06 secs] 
2015-10-30T16:13:53.929+0000: 6101.110: [CMS-concurrent-preclean-start]
2015-10-30T16:13:53.931+0000: 6101.111: [CMS-concurrent-preclean: 0.002/0.002 secs] [Times: user=0.00 sys=0.00, real=0.00 secs] 
2015-10-30T16:13:53.931+0000: 6101.111: [CMS-concurrent-abortable-preclean-start]
 CMS: abort preclean due to time 2015-10-30T16:13:59.007+0000: 6106.187: [CMS-concurrent-abortable-preclean: 1.009/5.076 secs] [Times: user=1.11 sys=0.00, real=5.08 secs] 
2015-10-30T16:13:59.007+0000: 6106.187: [GC (CMS Final Remark) [YG occupancy: 32028 K (36288 K)]6106.187: [Rescan (parallel) , 0.0022037 secs]6106.190: [weak refs processing, 0.0000205 secs]6106.190: [class unloading, 0.0146425 secs]6106.204: [scrub symbol table, 0.0066183 secs]6106.211: [scrub string table, 0.0007512 secs][1 CMS-remark: 94363K(206664K)] 126391K(242952K), 0.0256542 secs] [Times: user=0.03 sys=0.00, real=0.02 secs] 
2015-10-30T16:13:59.033+0000: 6106.213: [CMS-concurrent-sweep-start]
2015-10-30T16:13:59.059+0000: 6106.239: [CMS-concurrent-sweep: 0.026/0.026 secs] [Times: user=0.03 sys=0.00, real=0.03 secs] 
2015-10-30T16:13:59.059+0000: 6106.239: [CMS-concurrent-reset-start]
2015-10-30T16:13:59.061+0000: 6106.242: [CMS-concurrent-reset: 0.002/0.002 secs] [Times: user=0.00 sys=0.00, real=0.00 secs] 
2015-10-30T16:14:00.050+0000: 6107.231: [GC (Allocation Failure) 6107.231: [ParNew: 35851K->3968K(36288K), 0.0044175 secs] 106809K->77278K(242952K), 0.0044788 secs] [Times: user=0.01 sys=0.00, real=0.00 secs] 
2015-10-30T16:14:00.077+0000: 6107.258: [GC (Allocation Failure) 6107.258: [ParNew: 36288K->3968K(36288K), 0.0112818 secs] 109598K->92687K(242952K), 0.0113692 secs] [Times: user=0.04 sys=0.00, real=0.01 secs] 
2015-10-30T16:14:00.103+0000: 6107.284: [GC (Allocation Failure) 6107.284: [ParNew: 36288K->3968K(36288K), 0.0098021 secs] 125007K->100795K(242952K), 0.0098930 secs] [Times: user=0.04 sys=0.00, real=0.01 secs] 
2015-10-30T16:14:00.133+0000: 6107.314: [GC (Allocation Failure) 6107.314: [ParNew: 36288K->3968K(36288K), 0.0183354 secs] 133115K->112155K(242952K), 0.0184268 secs] [Times: user=0.06 sys=0.00, real=0.02 secs] 
2015-10-30T16:14:00.152+0000: 6107.333: [GC (CMS Initial Mark) [1 CMS-initial-mark: 108187K(206664K)] 112510K(242952K), 0.0020610 secs] [Times: user=0.01 sys=0.00, real=0.00 secs] 
2015-10-30T16:14:00.154+0000: 6107.335: [CMS-concurrent-mark-start]
2015-10-30T16:14:00.173+0000: 6107.354: [GC (Allocation Failure) 6107.354: [ParNew: 36288K->3726K(36288K), 0.0076411 secs] 144475K->115717K(242952K), 0.0077296 secs] [Times: user=0.03 sys=0.00, real=0.01 secs] 
2015-10-30T16:14:00.203+0000: 6107.383: [GC (Allocation Failure) 6107.383: [ParNew: 36046K->3439K(36288K), 0.0061924 secs] 148037K->116874K(242952K), 0.0062923 secs] [Times: user=0.02 sys=0.00, real=0.01 secs] 
2015-10-30T16:14:00.224+0000: 6107.404: [GC (Allocation Failure) 6107.404: [ParNew: 35759K->2801K(36288K), 0.0061498 secs] 149194K->117341K(242952K), 0.0062247 secs] [Times: user=0.02 sys=0.00, real=0.01 secs] 
2015-10-30T16:14:00.246+0000: 6107.426: [GC (Allocation Failure) 6107.426: [ParNew: 35121K->1663K(36288K), 0.0024301 secs] 149661K->116202K(242952K), 0.0024911 secs] [Times: user=0.01 sys=0.00, real=0.00 secs] 
2015-10-30T16:14:00.271+0000: 6107.451: [CMS-concurrent-mark: 0.092/0.117 secs] [Times: user=0.43 sys=0.00, real=0.12 secs] 
2015-10-30T16:14:00.271+0000: 6107.452: [CMS-concurrent-preclean-start]
2015-10-30T16:14:00.271+0000: 6107.452: [GC (Allocation Failure) 6107.452: [ParNew: 33983K->3968K(36288K), 0.0033540 secs] 148522K->118536K(242952K), 0.0033996 secs] [Times: user=0.01 sys=0.00, real=0.00 secs] 
2015-10-30T16:14:00.276+0000: 6107.456: [GC (GCLocker Initiated GC) 6107.456: [ParNew: 4422K->1798K(36288K), 0.0054424 secs] 118991K->119862K(242952K), 0.0054923 secs] [Times: user=0.02 sys=0.00, real=0.01 secs] 
2015-10-30T16:14:00.295+0000: 6107.475: [CMS-concurrent-preclean: 0.013/0.023 secs] [Times: user=0.07 sys=0.01, real=0.02 secs] 
2015-10-30T16:14:00.295+0000: 6107.475: [CMS-concurrent-abortable-preclean-start]
2015-10-30T16:14:00.403+0000: 6107.583: [CMS-concurrent-abortable-preclean: 0.008/0.108 secs] [Times: user=0.14 sys=0.00, real=0.11 secs] 
2015-10-30T16:14:00.403+0000: 6107.584: [GC (CMS Final Remark) [YG occupancy: 27995 K (36288 K)]6107.584: [Rescan (parallel) , 0.0065576 secs]6107.590: [weak refs processing, 0.0000253 secs]6107.590: [class unloading, 0.0154511 secs]6107.606: [scrub symbol table, 0.0067596 secs]6107.613: [scrub string table, 0.0007626 secs][1 CMS-remark: 118063K(206664K)] 146058K(242952K), 0.0312270 secs] [Times: user=0.05 sys=0.00, real=0.03 secs] 
2015-10-30T16:14:00.435+0000: 6107.615: [CMS-concurrent-sweep-start]
2015-10-30T16:14:00.445+0000: 6107.625: [GC (GCLocker Initiated GC) 6107.625: [ParNew: 34508K->3968K(36288K), 0.0031666 secs] 150300K->120288K(242952K), 0.0032210 secs] [Times: user=0.02 sys=0.00, real=0.01 secs] 
2015-10-30T16:14:00.485+0000: 6107.665: [GC (Allocation Failure) 6107.665: [ParNew: 36288K->3968K(36288K), 0.0073524 secs] 138136K->109776K(242952K), 0.0074188 secs] [Times: user=0.02 sys=0.00, real=0.01 secs] 
2015-10-30T16:14:00.494+0000: 6107.674: [GC (GCLocker Initiated GC) 6107.674: [ParNew: 4754K->1713K(36288K), 0.0041260 secs] 110449K->110952K(242952K), 0.0041778 secs] [Times: user=0.02 sys=0.00, real=0.01 secs] 
2015-10-30T16:14:00.514+0000: 6107.695: [CMS-concurrent-sweep: 0.063/0.080 secs] [Times: user=0.23 sys=0.01, real=0.08 secs] 
2015-10-30T16:14:00.514+0000: 6107.695: [CMS-concurrent-reset-start]
2015-10-30T16:14:00.517+0000: 6107.698: [CMS-concurrent-reset: 0.003/0.003 secs] [Times: user=0.00 sys=0.00, real=0.01 secs] 
2015-10-30T16:14:00.529+0000: 6107.710: [GC (Allocation Failure) 6107.710: [ParNew: 34033K->3968K(36288K), 0.0047579 secs] 134005K->104033K(242952K), 0.0048200 secs] [Times: user=0.02 sys=0.00, real=0.00 secs] 
2015-10-30T16:14:00.558+0000: 6107.739: [GC (Allocation Failure) 6107.739: [ParNew: 36243K->3048K(36288K), 0.0073178 secs] 136308K->106317K(242952K), 0.0073854 secs] [Times: user=0.02 sys=0.00, real=0.01 secs] 
2015-10-30T16:14:00.566+0000: 6107.746: [GC (CMS Initial Mark) [1 CMS-initial-mark: 103268K(206664K)] 106929K(242952K), 0.0017956 secs] [Times: user=0.01 sys=0.00, real=0.00 secs] 
2015-10-30T16:14:00.568+0000: 6107.748: [CMS-concurrent-mark-start]
2015-10-30T16:14:00.602+0000: 6107.782: [CMS-concurrent-mark: 0.034/0.034 secs] [Times: user=0.05 sys=0.00, real=0.03 secs] 
2015-10-30T16:14:00.602+0000: 6107.782: [CMS-concurrent-preclean-start]
2015-10-30T16:14:00.603+0000: 6107.784: [CMS-concurrent-preclean: 0.002/0.002 secs] [Times: user=0.00 sys=0.00, real=0.00 secs] 
2015-10-30T16:14:00.603+0000: 6107.784: [CMS-concurrent-abortable-preclean-start]
 CMS: abort preclean due to time 2015-10-30T16:14:05.638+0000: 6112.819: [CMS-concurrent-abortable-preclean: 0.810/5.035 secs] [Times: user=0.86 sys=0.01, real=5.04 secs] 
2015-10-30T16:14:05.638+0000: 6112.819: [GC (CMS Final Remark) [YG occupancy: 12857 K (36288 K)]6112.819: [Rescan (parallel) , 0.0020460 secs]6112.821: [weak refs processing, 0.0000235 secs]6112.821: [class unloading, 0.0153652 secs]6112.836: [scrub symbol table, 0.0067829 secs]6112.843: [scrub string table, 0.0008165 secs][1 CMS-remark: 103268K(206664K)] 116126K(242952K), 0.0264797 secs] [Times: user=0.03 sys=0.00, real=0.02 secs] 
2015-10-30T16:14:05.665+0000: 6112.846: [CMS-concurrent-sweep-start]
2015-10-30T16:14:05.704+0000: 6112.884: [CMS-concurrent-sweep: 0.039/0.039 secs] [Times: user=0.04 sys=0.00, real=0.03 secs] 
2015-10-30T16:14:05.704+0000: 6112.884: [CMS-concurrent-reset-start]
2015-10-30T16:14:05.706+0000: 6112.887: [CMS-concurrent-reset: 0.002/0.002 secs] [Times: user=0.00 sys=0.00, real=0.01 secs] 
2015-10-30T16:14:07.706+0000: 6114.886: [GC (CMS Initial Mark) [1 CMS-initial-mark: 64833K(206664K)] 77885K(242952K), 0.0023451 secs] [Times: user=0.01 sys=0.00, real=0.00 secs] 
2015-10-30T16:14:07.708+0000: 6114.889: [CMS-concurrent-mark-start]
2015-10-30T16:14:07.741+0000: 6114.921: [CMS-concurrent-mark: 0.032/0.032 secs] [Times: user=0.03 sys=0.00, real=0.03 secs] 
2015-10-30T16:14:07.741+0000: 6114.921: [CMS-concurrent-preclean-start]
2015-10-30T16:14:07.743+0000: 6114.923: [CMS-concurrent-preclean: 0.002/0.002 secs] [Times: user=0.00 sys=0.00, real=0.00 secs] 
2015-10-30T16:14:07.743+0000: 6114.923: [CMS-concurrent-abortable-preclean-start]
2015-10-30T16:14:08.594+0000: 6115.775: [GC (Allocation Failure) 6115.775: [ParNew: 35368K->3968K(36288K), 0.0177624 secs] 100201K->85167K(242952K), 0.0178637 secs] [Times: user=0.06 sys=0.00, real=0.02 secs] 
2015-10-30T16:14:08.638+0000: 6115.819: [GC (Allocation Failure) 6115.819: [ParNew: 36288K->3394K(36288K), 0.0040188 secs] 117487K->87882K(242952K), 0.0041000 secs] [Times: user=0.01 sys=0.00, real=0.00 secs] 
2015-10-30T16:14:08.658+0000: 6115.838: [CMS-concurrent-abortable-preclean: 0.183/0.915 secs] [Times: user=0.43 sys=0.00, real=0.92 secs] 
2015-10-30T16:14:08.664+0000: 6115.845: [GC (CMS Final Remark) [YG occupancy: 24404 K (36288 K)]6115.845: [Rescan (parallel) , 0.0142301 secs]6115.859: [weak refs processing, 0.0000242 secs]6115.859: [class unloading, 0.0147409 secs]6115.874: [scrub symbol table, 0.0066159 secs]6115.880: [scrub string table, 0.0007505 secs][1 CMS-remark: 84488K(206664K)] 108893K(242952K), 0.0378566 secs] [Times: user=0.08 sys=0.00, real=0.04 secs] 
2015-10-30T16:14:08.702+0000: 6115.883: [CMS-concurrent-sweep-start]
2015-10-30T16:14:08.710+0000: 6115.891: [GC (Allocation Failure) 6115.891: [ParNew: 35714K->2264K(36288K), 0.0047223 secs] 120171K->89183K(242952K), 0.0047836 secs] [Times: user=0.02 sys=0.00, real=0.00 secs] 
2015-10-30T16:14:08.739+0000: 6115.919: [GC (Allocation Failure) 6115.919: [ParNew: 34584K->2361K(36288K), 0.0032550 secs] 120091K->87867K(242952K), 0.0033061 secs] [Times: user=0.01 sys=0.00, real=0.00 secs] 
2015-10-30T16:14:08.757+0000: 6115.937: [CMS-concurrent-sweep: 0.045/0.054 secs] [Times: user=0.20 sys=0.00, real=0.05 secs] 
2015-10-30T16:14:08.757+0000: 6115.937: [CMS-concurrent-reset-start]
2015-10-30T16:14:08.759+0000: 6115.940: [CMS-concurrent-reset: 0.003/0.003 secs] [Times: user=0.02 sys=0.00, real=0.01 secs] 
2015-10-30T16:14:08.765+0000: 6115.946: [GC (Allocation Failure) 6115.946: [ParNew: 34681K->3427K(36288K), 0.0033771 secs] 119879K->88625K(242952K), 0.0034275 secs] [Times: user=0.01 sys=0.00, real=0.00 secs] 
2015-10-30T16:14:08.787+0000: 6115.968: [GC (Allocation Failure) 6115.968: [ParNew: 35747K->2676K(36288K), 0.0039644 secs] 120945K->88614K(242952K), 0.0040326 secs] [Times: user=0.02 sys=0.00, real=0.00 secs] 
2015-10-30T16:14:08.809+0000: 6115.990: [GC (Allocation Failure) 6115.990: [ParNew: 34996K->3075K(36288K), 0.0045094 secs] 120934K->89673K(242952K), 0.0045719 secs] [Times: user=0.02 sys=0.00, real=0.00 secs] 
2015-10-30T16:14:08.833+0000: 6116.014: [GC (Allocation Failure) 6116.014: [ParNew: 35395K->2333K(36288K), 0.0036245 secs] 121993K->89506K(242952K), 0.0036854 secs] [Times: user=0.01 sys=0.00, real=0.00 secs] 
2015-10-30T16:14:08.857+0000: 6116.038: [GC (Allocation Failure) 6116.038: [ParNew: 34653K->1926K(36288K), 0.0028919 secs] 121826K->89100K(242952K), 0.0029508 secs] [Times: user=0.00 sys=0.00, real=0.00 secs] 
2015-10-30T16:14:08.890+0000: 6116.071: [GC (Allocation Failure) 6116.071: [ParNew: 33567K->3149K(36288K), 0.0031787 secs] 120740K->98299K(242952K), 0.0032587 secs] [Times: user=0.01 sys=0.00, real=0.00 secs] 
2015-10-30T16:14:08.894+0000: 6116.075: [GC (CMS Initial Mark) [1 CMS-initial-mark: 95150K(206664K)] 101155K(242952K), 0.0017194 secs] [Times: user=0.01 sys=0.00, real=0.00 secs] 
2015-10-30T16:14:08.896+0000: 6116.076: [CMS-concurrent-mark-start]
2015-10-30T16:14:08.933+0000: 6116.114: [CMS-concurrent-mark: 0.038/0.038 secs] [Times: user=0.07 sys=0.00, real=0.04 secs] 
2015-10-30T16:14:08.934+0000: 6116.114: [CMS-concurrent-preclean-start]
2015-10-30T16:14:08.935+0000: 6116.116: [CMS-concurrent-preclean: 0.002/0.002 secs] [Times: user=0.01 sys=0.00, real=0.00 secs] 
2015-10-30T16:14:08.935+0000: 6116.116: [CMS-concurrent-abortable-preclean-start]
 CMS: abort preclean due to time 2015-10-30T16:14:14.029+0000: 6121.210: [CMS-concurrent-abortable-preclean: 1.100/5.094 secs] [Times: user=1.18 sys=0.00, real=5.10 secs] 
2015-10-30T16:14:14.029+0000: 6121.210: [GC (CMS Final Remark) [YG occupancy: 11291 K (36288 K)]6121.210: [Rescan (parallel) , 0.0021615 secs]6121.212: [weak refs processing, 0.0000216 secs]6121.212: [class unloading, 0.0148945 secs]6121.227: [scrub symbol table, 0.0065859 secs]6121.234: [scrub string table, 0.0007539 secs][1 CMS-remark: 95150K(206664K)] 106442K(242952K), 0.0258434 secs] [Times: user=0.03 sys=0.00, real=0.02 secs] 
2015-10-30T16:14:14.055+0000: 6121.236: [CMS-concurrent-sweep-start]
2015-10-30T16:14:14.098+0000: 6121.278: [CMS-concurrent-sweep: 0.042/0.042 secs] [Times: user=0.04 sys=0.00, real=0.05 secs] 
2015-10-30T16:14:14.098+0000: 6121.278: [CMS-concurrent-reset-start]
2015-10-30T16:14:14.100+0000: 6121.281: [CMS-concurrent-reset: 0.002/0.002 secs] [Times: user=0.00 sys=0.00, real=0.00 secs] 
2015-10-30T16:14:16.100+0000: 6123.280: [GC (CMS Initial Mark) [1 CMS-initial-mark: 65910K(206664K)] 77371K(242952K), 0.0024190 secs] [Times: user=0.01 sys=0.00, real=0.00 secs] 
2015-10-30T16:14:16.102+0000: 6123.282: [CMS-concurrent-mark-start]
2015-10-30T16:14:16.139+0000: 6123.320: [CMS-concurrent-mark: 0.037/0.037 secs] [Times: user=0.03 sys=0.00, real=0.04 secs] 
2015-10-30T16:14:16.139+0000: 6123.320: [CMS-concurrent-preclean-start]
2015-10-30T16:14:16.141+0000: 6123.322: [CMS-concurrent-preclean: 0.002/0.002 secs] [Times: user=0.01 sys=0.00, real=0.00 secs] 
2015-10-30T16:14:16.141+0000: 6123.322: [CMS-concurrent-abortable-preclean-start]
2015-10-30T16:14:18.595+0000: 6125.775: [GC (Allocation Failure) 6125.775: [ParNew: 35469K->3968K(36288K), 0.0206254 secs] 101379K->85372K(242952K), 0.0207236 secs] [Times: user=0.07 sys=0.00, real=0.02 secs] 
2015-10-30T16:14:18.638+0000: 6125.819: [GC (Allocation Failure) 6125.819: [ParNew: 36288K->1645K(36288K), 0.0039532 secs] 117692K->86996K(242952K), 0.0040059 secs] [Times: user=0.02 sys=0.00, real=0.00 secs] 
2015-10-30T16:14:18.652+0000: 6125.832: [CMS-concurrent-abortable-preclean: 0.556/2.510 secs] [Times: user=0.88 sys=0.00, real=2.51 secs] 
2015-10-30T16:14:18.653+0000: 6125.834: [GC (CMS Final Remark) [YG occupancy: 13691 K (36288 K)]6125.834: [Rescan (parallel) , 0.0078281 secs]6125.842: [weak refs processing, 0.0000165 secs]6125.842: [class unloading, 0.0147428 secs]6125.856: [scrub symbol table, 0.0065781 secs]6125.863: [scrub string table, 0.0007474 secs][1 CMS-remark: 85351K(206664K)] 99042K(242952K), 0.0313346 secs] [Times: user=0.05 sys=0.00, real=0.03 secs] 
2015-10-30T16:14:18.685+0000: 6125.865: [CMS-concurrent-sweep-start]
2015-10-30T16:14:18.699+0000: 6125.879: [GC (Allocation Failure) 6125.879: [ParNew: 33965K->1799K(36288K), 0.0025844 secs] 118469K->86304K(242952K), 0.0026461 secs] [Times: user=0.01 sys=0.00, real=0.00 secs] 
2015-10-30T16:14:18.720+0000: 6125.900: [CMS-concurrent-sweep: 0.032/0.035 secs] [Times: user=0.13 sys=0.01, real=0.04 secs] 
2015-10-30T16:14:18.720+0000: 6125.900: [CMS-concurrent-reset-start]
2015-10-30T16:14:18.722+0000: 6125.903: [CMS-concurrent-reset: 0.003/0.003 secs] [Times: user=0.01 sys=0.00, real=0.00 secs] 
2015-10-30T16:14:18.725+0000: 6125.906: [GC (Allocation Failure) 6125.906: [ParNew: 34119K->3065K(36288K), 0.0037175 secs] 118312K->87258K(242952K), 0.0037615 secs] [Times: user=0.01 sys=0.00, real=0.00 secs] 
2015-10-30T16:14:18.749+0000: 6125.929: [GC (Allocation Failure) 6125.929: [ParNew: 35385K->3087K(36288K), 0.0040695 secs] 119578K->88103K(242952K), 0.0041318 secs] [Times: user=0.02 sys=0.00, real=0.00 secs] 
2015-10-30T16:14:18.772+0000: 6125.952: [GC (Allocation Failure) 6125.952: [ParNew: 35407K->3072K(36288K), 0.0038090 secs] 120423K->88783K(242952K), 0.0038665 secs] [Times: user=0.02 sys=0.00, real=0.00 secs] 
2015-10-30T16:14:18.793+0000: 6125.974: [GC (Allocation Failure) 6125.974: [ParNew: 35392K->3962K(36288K), 0.0034292 secs] 121103K->89673K(242952K), 0.0034994 secs] [Times: user=0.01 sys=0.01, real=0.00 secs] 
2015-10-30T16:14:18.817+0000: 6125.998: [GC (Allocation Failure) 6125.998: [ParNew: 36282K->3232K(36288K), 0.0041018 secs] 121993K->90203K(242952K), 0.0041602 secs] [Times: user=0.02 sys=0.00, real=0.00 secs] 
2015-10-30T16:14:18.840+0000: 6126.021: [GC (Allocation Failure) 6126.021: [ParNew: 35552K->2570K(36288K), 0.0025400 secs] 122523K->89541K(242952K), 0.0026004 secs] [Times: user=0.01 sys=0.00, real=0.00 secs] 
2015-10-30T16:14:18.873+0000: 6126.053: [GC (Allocation Failure) 6126.053: [ParNew: 34462K->2809K(36288K), 0.0026413 secs] 121433K->92449K(242952K), 0.0027065 secs] [Times: user=0.01 sys=0.00, real=0.00 secs] 
2015-10-30T16:14:18.876+0000: 6126.056: [GC (CMS Initial Mark) [1 CMS-initial-mark: 89639K(206664K)] 95116K(242952K), 0.0019058 secs] [Times: user=0.01 sys=0.00, real=0.01 secs] 
2015-10-30T16:14:18.878+0000: 6126.058: [CMS-concurrent-mark-start]
2015-10-30T16:14:18.916+0000: 6126.097: [CMS-concurrent-mark: 0.038/0.038 secs] [Times: user=0.07 sys=0.00, real=0.03 secs] 
2015-10-30T16:14:18.916+0000: 6126.097: [CMS-concurrent-preclean-start]
2015-10-30T16:14:18.918+0000: 6126.098: [CMS-concurrent-preclean: 0.002/0.002 secs] [Times: user=0.01 sys=0.00, real=0.01 secs] 
2015-10-30T16:14:18.918+0000: 6126.098: [CMS-concurrent-abortable-preclean-start]
 CMS: abort preclean due to time 2015-10-30T16:14:23.970+0000: 6131.150: [CMS-concurrent-abortable-preclean: 1.137/5.052 secs] [Times: user=1.21 sys=0.00, real=5.05 secs] 
2015-10-30T16:14:23.970+0000: 6131.151: [GC (CMS Final Remark) [YG occupancy: 8293 K (36288 K)]6131.151: [Rescan (parallel) , 0.0017992 secs]6131.152: [weak refs processing, 0.0000219 secs]6131.152: [class unloading, 0.0152945 secs]6131.168: [scrub symbol table, 0.0065556 secs]6131.174: [scrub string table, 0.0007445 secs][1 CMS-remark: 89639K(206664K)] 97932K(242952K), 0.0258384 secs] [Times: user=0.03 sys=0.00, real=0.02 secs] 
2015-10-30T16:14:23.996+0000: 6131.177: [CMS-concurrent-sweep-start]
2015-10-30T16:14:24.029+0000: 6131.210: [CMS-concurrent-sweep: 0.033/0.033 secs] [Times: user=0.03 sys=0.00, real=0.04 secs] 
2015-10-30T16:14:24.029+0000: 6131.210: [CMS-concurrent-reset-start]
2015-10-30T16:14:24.032+0000: 6131.212: [CMS-concurrent-reset: 0.002/0.002 secs] [Times: user=0.01 sys=0.00, real=0.00 secs] 
2015-10-30T16:14:26.031+0000: 6133.212: [GC (CMS Initial Mark) [1 CMS-initial-mark: 69128K(206664K)] 77618K(242952K), 0.0024497 secs] [Times: user=0.00 sys=0.00, real=0.00 secs] 
2015-10-30T16:14:26.034+0000: 6133.214: [CMS-concurrent-mark-start]
2015-10-30T16:14:26.072+0000: 6133.252: [CMS-concurrent-mark: 0.038/0.038 secs] [Times: user=0.04 sys=0.00, real=0.04 secs] 
2015-10-30T16:14:26.072+0000: 6133.252: [CMS-concurrent-preclean-start]
2015-10-30T16:14:26.074+0000: 6133.254: [CMS-concurrent-preclean: 0.002/0.002 secs] [Times: user=0.00 sys=0.00, real=0.00 secs] 
2015-10-30T16:14:26.074+0000: 6133.254: [CMS-concurrent-abortable-preclean-start]
2015-10-30T16:14:28.595+0000: 6135.775: [GC (Allocation Failure) 6135.775: [ParNew: 35129K->3968K(36288K), 0.0159897 secs] 104257K->84652K(242952K), 0.0160875 secs] [Times: user=0.05 sys=0.01, real=0.02 secs] 
2015-10-30T16:14:28.637+0000: 6135.818: [GC (Allocation Failure) 6135.818: [ParNew: 36288K->2292K(36288K), 0.0044214 secs] 116972K->86789K(242952K), 0.0044772 secs] [Times: user=0.02 sys=0.00, real=0.00 secs] 
2015-10-30T16:14:28.650+0000: 6135.830: [CMS-concurrent-abortable-preclean: 0.619/2.576 secs] [Times: user=0.83 sys=0.02, real=2.58 secs] 
2015-10-30T16:14:28.650+0000: 6135.831: [GC (CMS Final Remark) [YG occupancy: 15643 K (36288 K)]6135.831: [Rescan (parallel) , 0.0083921 secs]6135.839: [weak refs processing, 0.0000165 secs]6135.839: [class unloading, 0.0147874 secs]6135.854: [scrub symbol table, 0.0070989 secs]6135.861: [scrub string table, 0.0008905 secs][1 CMS-remark: 84496K(206664K)] 100139K(242952K), 0.0327032 secs] [Times: user=0.06 sys=0.00, real=0.03 secs] 
2015-10-30T16:14:28.683+0000: 6135.864: [CMS-concurrent-sweep-start]
2015-10-30T16:14:28.696+0000: 6135.876: [GC (Allocation Failure) 6135.876: [ParNew: 34612K->2105K(36288K), 0.0025786 secs] 119105K->86598K(242952K), 0.0026398 secs] [Times: user=0.01 sys=0.00, real=0.01 secs] 
2015-10-30T16:14:28.719+0000: 6135.900: [CMS-concurrent-sweep: 0.033/0.036 secs] [Times: user=0.14 sys=0.00, real=0.04 secs] 
2015-10-30T16:14:28.719+0000: 6135.900: [CMS-concurrent-reset-start]
2015-10-30T16:14:28.721+0000: 6135.901: [GC (Allocation Failure) 6135.901: [ParNew: 34425K->2922K(36288K), 0.0032143 secs] 118824K->87321K(242952K), 0.0032567 secs] [Times: user=0.01 sys=0.00, real=0.00 secs] 
2015-10-30T16:14:28.725+0000: 6135.906: [CMS-concurrent-reset: 0.003/0.006 secs] [Times: user=0.02 sys=0.00, real=0.01 secs] 
2015-10-30T16:14:28.749+0000: 6135.930: [GC (Allocation Failure) 6135.930: [ParNew: 35242K->2746K(36288K), 0.0045686 secs] 119641K->87969K(242952K), 0.0046271 secs] [Times: user=0.02 sys=0.00, real=0.00 secs] 
2015-10-30T16:14:28.773+0000: 6135.953: [GC (Allocation Failure) 6135.953: [ParNew: 35066K->2600K(36288K), 0.0037810 secs] 120289K->88521K(242952K), 0.0038421 secs] [Times: user=0.02 sys=0.00, real=0.00 secs] 
2015-10-30T16:14:28.794+0000: 6135.974: [GC (Allocation Failure) 6135.974: [ParNew: 34920K->3968K(36288K), 0.0038726 secs] 120841K->89889K(242952K), 0.0039349 secs] [Times: user=0.02 sys=0.00, real=0.01 secs] 
2015-10-30T16:14:28.816+0000: 6135.996: [GC (Allocation Failure) 6135.996: [ParNew: 36288K->3220K(36288K), 0.0043094 secs] 122209K->90345K(242952K), 0.0043709 secs] [Times: user=0.01 sys=0.00, real=0.01 secs] 
2015-10-30T16:14:28.838+0000: 6136.019: [GC (Allocation Failure) 6136.019: [ParNew: 35540K->2368K(36288K), 0.0029090 secs] 122665K->89494K(242952K), 0.0029685 secs] [Times: user=0.01 sys=0.00, real=0.00 secs] 
2015-10-30T16:14:28.871+0000: 6136.051: [GC (Allocation Failure) 6136.051: [ParNew: 32481K->2985K(36288K), 0.0025341 secs] 119607K->92779K(242952K), 0.0026008 secs] [Times: user=0.01 sys=0.00, real=0.00 secs] 
2015-10-30T16:14:28.874+0000: 6136.054: [GC (CMS Initial Mark) [1 CMS-initial-mark: 89793K(206664K)] 95446K(242952K), 0.0018477 secs] [Times: user=0.01 sys=0.00, real=0.00 secs] 
2015-10-30T16:14:28.876+0000: 6136.056: [CMS-concurrent-mark-start]
2015-10-30T16:14:28.913+0000: 6136.094: [CMS-concurrent-mark: 0.037/0.037 secs] [Times: user=0.07 sys=0.00, real=0.04 secs] 
2015-10-30T16:14:28.913+0000: 6136.094: [CMS-concurrent-preclean-start]
2015-10-30T16:14:28.914+0000: 6136.095: [CMS-concurrent-preclean: 0.001/0.001 secs] [Times: user=0.00 sys=0.00, real=0.00 secs] 
2015-10-30T16:14:28.915+0000: 6136.095: [CMS-concurrent-abortable-preclean-start]
2015-10-30T16:14:29.679+0000: 6136.860: [GC (GCLocker Initiated GC) 6136.860: [ParNew: 36287K->3968K(36288K), 0.0068105 secs] 126246K->94571K(242952K), 0.0069074 secs] [Times: user=0.02 sys=0.00, real=0.01 secs] 
2015-10-30T16:14:29.704+0000: 6136.885: [CMS-concurrent-abortable-preclean: 0.168/0.790 secs] [Times: user=0.36 sys=0.02, real=0.79 secs] 
2015-10-30T16:14:29.705+0000: 6136.885: [GC (CMS Final Remark) [YG occupancy: 24632 K (36288 K)]6136.885: [Rescan (parallel) , 0.0098964 secs]6136.895: [weak refs processing, 0.0000218 secs]6136.895: [class unloading, 0.0151525 secs]6136.911: [scrub symbol table, 0.0065395 secs]6136.917: [scrub string table, 0.0007564 secs][1 CMS-remark: 90603K(206664K)] 115235K(242952K), 0.0337988 secs] [Times: user=0.06 sys=0.00, real=0.04 secs] 
2015-10-30T16:14:29.739+0000: 6136.920: [CMS-concurrent-sweep-start]
2015-10-30T16:14:29.771+0000: 6136.951: [CMS-concurrent-sweep: 0.031/0.031 secs] [Times: user=0.05 sys=0.01, real=0.03 secs] 
2015-10-30T16:14:29.771+0000: 6136.951: [CMS-concurrent-reset-start]
2015-10-30T16:14:29.773+0000: 6136.954: [CMS-concurrent-reset: 0.002/0.002 secs] [Times: user=0.00 sys=0.00, real=0.00 secs] 
2015-10-30T16:14:29.790+0000: 6136.970: [GC (Allocation Failure) 6136.970: [ParNew: 36288K->3581K(36288K), 0.0048981 secs] 106078K->75957K(242952K), 0.0049465 secs] [Times: user=0.02 sys=0.00, real=0.00 secs] 
2015-10-30T16:14:29.938+0000: 6137.118: [GC (Allocation Failure) 6137.118: [ParNew: 35929K->3124K(36288K), 0.0023238 secs] 108305K->75501K(242952K), 0.0023748 secs] [Times: user=0.01 sys=0.00, real=0.00 secs] 
2015-10-30T16:14:29.940+0000: 6137.121: [GC (GCLocker Initiated GC) 6137.121: [ParNew: 3530K->2618K(36288K), 0.0015962 secs] 75907K->75818K(242952K), 0.0016265 secs] [Times: user=0.01 sys=0.00, real=0.00 secs] 
2015-10-30T16:14:32.129+0000: 6139.309: [GC (Allocation Failure) 6139.309: [ParNew: 34924K->2718K(36288K), 0.0021166 secs] 108124K->75917K(242952K), 0.0021742 secs] [Times: user=0.01 sys=0.00, real=0.00 secs] 
2015-10-30T16:14:33.602+0000: 6140.783: [GC (Allocation Failure) 6140.783: [ParNew: 35038K->3968K(36288K), 0.0169672 secs] 108237K->90019K(242952K), 0.0170509 secs] [Times: user=0.06 sys=0.00, real=0.02 secs] 
2015-10-30T16:14:33.641+0000: 6140.822: [GC (Allocation Failure) 6140.822: [ParNew: 36288K->3269K(36288K), 0.0040635 secs] 122339K->93095K(242952K), 0.0041482 secs] [Times: user=0.02 sys=0.00, real=0.01 secs] 
2015-10-30T16:14:33.664+0000: 6140.845: [GC (Allocation Failure) 6140.845: [ParNew: 35589K->2078K(36288K), 0.0026349 secs] 125415K->91904K(242952K), 0.0026984 secs] [Times: user=0.01 sys=0.00, real=0.01 secs] 
2015-10-30T16:14:33.689+0000: 6140.869: [GC (Allocation Failure) 6140.869: [ParNew: 34398K->2915K(36288K), 0.0030519 secs] 124224K->92742K(242952K), 0.0031200 secs] [Times: user=0.01 sys=0.00, real=0.00 secs] 
2015-10-30T16:14:33.716+0000: 6140.897: [GC (Allocation Failure) 6140.897: [ParNew: 35235K->2934K(36288K), 0.0043311 secs] 125062K->93590K(242952K), 0.0043947 secs] [Times: user=0.02 sys=0.00, real=0.01 secs] 
2015-10-30T16:14:33.741+0000: 6140.922: [GC (Allocation Failure) 6140.922: [ParNew: 35254K->3035K(36288K), 0.0038715 secs] 125910K->94378K(242952K), 0.0039384 secs] [Times: user=0.02 sys=0.00, real=0.01 secs] 
2015-10-30T16:14:33.762+0000: 6140.943: [GC (Allocation Failure) 6140.943: [ParNew: 35355K->3896K(36288K), 0.0031628 secs] 126698K->95239K(242952K), 0.0032264 secs] [Times: user=0.01 sys=0.00, real=0.01 secs] 
2015-10-30T16:14:33.785+0000: 6140.966: [GC (Allocation Failure) 6140.966: [ParNew: 36216K->2701K(36288K), 0.0040341 secs] 127559K->94684K(242952K), 0.0041023 secs] [Times: user=0.01 sys=0.00, real=0.00 secs] 
2015-10-30T16:14:33.811+0000: 6140.992: [GC (Allocation Failure) 6140.992: [ParNew: 34518K->3968K(36288K), 0.0028571 secs] 126501K->95964K(242952K), 0.0029263 secs] [Times: user=0.01 sys=0.00, real=0.00 secs] 
2015-10-30T16:14:37.791+0000: 6144.971: [GC (Allocation Failure) 6144.971: [ParNew: 36273K->2830K(36288K), 0.0051230 secs] 128269K->98973K(242952K), 0.0051950 secs] [Times: user=0.02 sys=0.00, real=0.00 secs] 
2015-10-30T16:14:48.612+0000: 6155.792: [GC (Allocation Failure) 6155.792: [ParNew: 35150K->3968K(36288K), 0.0144651 secs] 131293K->112344K(242952K), 0.0145460 secs] [Times: user=0.05 sys=0.00, real=0.02 secs] 
2015-10-30T16:14:48.649+0000: 6155.829: [GC (Allocation Failure) 6155.829: [ParNew: 36288K->2351K(36288K), 0.0053835 secs] 144664K->114564K(242952K), 0.0054596 secs] [Times: user=0.02 sys=0.00, real=0.00 secs] 
2015-10-30T16:14:48.672+0000: 6155.853: [GC (Allocation Failure) 6155.853: [ParNew: 34671K->2005K(36288K), 0.0031541 secs] 146884K->114218K(242952K), 0.0032151 secs] [Times: user=0.01 sys=0.00, real=0.00 secs] 
2015-10-30T16:14:48.695+0000: 6155.875: [GC (Allocation Failure) 6155.875: [ParNew: 34325K->2569K(36288K), 0.0032717 secs] 146538K->114782K(242952K), 0.0033217 secs] [Times: user=0.01 sys=0.00, real=0.01 secs] 
2015-10-30T16:14:48.719+0000: 6155.900: [GC (Allocation Failure) 6155.900: [ParNew: 34889K->2894K(36288K), 0.0044397 secs] 147102K->115941K(242952K), 0.0044917 secs] [Times: user=0.01 sys=0.00, real=0.00 secs] 
2015-10-30T16:14:48.745+0000: 6155.926: [GC (Allocation Failure) 6155.926: [ParNew: 35214K->3530K(36288K), 0.0043995 secs] 148261K->117253K(242952K), 0.0044584 secs] [Times: user=0.01 sys=0.00, real=0.00 secs] 
2015-10-30T16:14:48.766+0000: 6155.947: [GC (Allocation Failure) 6155.947: [ParNew: 35850K->1887K(36288K), 0.0037327 secs] 149573K->116261K(242952K), 0.0037968 secs] [Times: user=0.01 sys=0.00, real=0.00 secs] 
2015-10-30T16:14:48.789+0000: 6155.969: [GC (Allocation Failure) 6155.969: [ParNew: 34207K->3180K(36288K), 0.0026055 secs] 148581K->117554K(242952K), 0.0026647 secs] [Times: user=0.01 sys=0.00, real=0.00 secs] 
2015-10-30T16:14:48.814+0000: 6155.994: [GC (Allocation Failure) 6155.994: [ParNew: 35500K->3192K(36288K), 0.0027336 secs] 149874K->117566K(242952K), 0.0027905 secs] [Times: user=0.01 sys=0.00, real=0.00 secs] 
2015-10-30T16:14:57.790+0000: 6164.971: [GC (Allocation Failure) 6164.971: [ParNew: 35512K->2223K(36288K), 0.0060158 secs] 149886K->120736K(242952K), 0.0060781 secs] [Times: user=0.01 sys=0.00, real=0.00 secs] 
2015-10-30T16:14:58.608+0000: 6165.789: [GC (Allocation Failure) 6165.789: [ParNew: 34543K->3968K(36288K), 0.0144177 secs] 153056K->134328K(242952K), 0.0144948 secs] [Times: user=0.05 sys=0.00, real=0.01 secs] 
2015-10-30T16:14:58.641+0000: 6165.821: [GC (Allocation Failure) 6165.821: [ParNew: 36288K->2241K(36288K), 0.0046986 secs] 166648K->136511K(242952K), 0.0047531 secs] [Times: user=0.02 sys=0.00, real=0.01 secs] 
2015-10-30T16:14:58.664+0000: 6165.844: [GC (Allocation Failure) 6165.844: [ParNew: 34561K->2132K(36288K), 0.0027240 secs] 168831K->136401K(242952K), 0.0027824 secs] [Times: user=0.01 sys=0.00, real=0.01 secs] 
2015-10-30T16:14:58.685+0000: 6165.866: [GC (Allocation Failure) 6165.866: [ParNew: 34452K->2996K(36288K), 0.0033281 secs] 168721K->137266K(242952K), 0.0033747 secs] [Times: user=0.01 sys=0.01, real=0.00 secs] 
2015-10-30T16:14:58.709+0000: 6165.890: [GC (Allocation Failure) 6165.890: [ParNew: 35316K->2918K(36288K), 0.0049562 secs] 169586K->137985K(242952K), 0.0050110 secs] [Times: user=0.02 sys=0.00, real=0.00 secs] 
2015-10-30T16:14:58.734+0000: 6165.914: [GC (Allocation Failure) 6165.914: [ParNew: 35238K->3083K(36288K), 0.0046109 secs] 170305K->138807K(242952K), 0.0046748 secs] [Times: user=0.02 sys=0.00, real=0.01 secs] 
2015-10-30T16:14:58.757+0000: 6165.937: [GC (Allocation Failure) 6165.937: [ParNew: 35403K->2587K(36288K), 0.0037613 secs] 171127K->138984K(242952K), 0.0038262 secs] [Times: user=0.02 sys=0.00, real=0.01 secs] 
2015-10-30T16:14:58.781+0000: 6165.962: [GC (Allocation Failure) 6165.962: [ParNew: 34907K->2227K(36288K), 0.0029568 secs] 171304K->138624K(242952K), 0.0030157 secs] [Times: user=0.01 sys=0.00, real=0.00 secs] 
2015-10-30T16:14:58.814+0000: 6165.994: [GC (Allocation Failure) 6165.994: [ParNew: 34191K->3968K(36288K), 0.0037446 secs] 170587K->141675K(242952K), 0.0038081 secs] [Times: user=0.01 sys=0.00, real=0.01 secs] 
2015-10-30T16:15:00.315+0000: 6167.496: [GC (Allocation Failure) 6167.496: [ParNew: 36277K->2211K(36288K), 0.0046635 secs] 173985K->144297K(242952K), 0.0047375 secs] [Times: user=0.02 sys=0.00, real=0.01 secs] 
2015-10-30T16:15:00.357+0000: 6167.537: [GC (Allocation Failure) 6167.537: [ParNew: 34531K->3444K(36288K), 0.0028460 secs] 176617K->145530K(242952K), 0.0029258 secs] [Times: user=0.02 sys=0.00, real=0.01 secs] 
2015-10-30T16:15:00.381+0000: 6167.561: [GC (Allocation Failure) 6167.561: [ParNew: 35764K->3968K(36288K), 0.0035503 secs] 177850K->147293K(242952K), 0.0036129 secs] [Times: user=0.02 sys=0.00, real=0.00 secs] 
2015-10-30T16:15:13.589+0000: 6180.769: [GC (Allocation Failure) 6180.770: [ParNew: 36283K->3968K(36288K), 0.0135589 secs] 179609K->162136K(242952K), 0.0136578 secs] [Times: user=0.05 sys=0.00, real=0.01 secs] 
2015-10-30T16:15:13.626+0000: 6180.807: [GC (Allocation Failure) 6180.807: [ParNew: 36288K->3968K(36288K), 0.0038746 secs] 194456K->164702K(242952K), 0.0039484 secs] [Times: user=0.02 sys=0.00, real=0.00 secs] 
2015-10-30T16:15:13.648+0000: 6180.828: [GC (Allocation Failure) 6180.828: [ParNew: 36288K->2977K(36288K), 0.0049571 secs] 197022K->166544K(242952K), 0.0050270 secs] [Times: user=0.02 sys=0.00, real=0.00 secs] 
2015-10-30T16:15:13.670+0000: 6180.851: [GC (Allocation Failure) 6180.851: [ParNew: 35297K->1923K(36288K), 0.0024208 secs] 198864K->165490K(242952K), 0.0024786 secs] [Times: user=0.01 sys=0.00, real=0.00 secs] 
2015-10-30T16:15:13.692+0000: 6180.873: [GC (Allocation Failure) 6180.873: [ParNew: 34243K->2620K(36288K), 0.0029362 secs] 197810K->166188K(242952K), 0.0029972 secs] [Times: user=0.01 sys=0.00, real=0.00 secs] 
2015-10-30T16:15:13.717+0000: 6180.898: [GC (Allocation Failure) 6180.898: [ParNew: 34940K->2847K(36288K), 0.0049827 secs] 198508K->167102K(242952K), 0.0050456 secs] [Times: user=0.01 sys=0.00, real=0.00 secs] 
2015-10-30T16:15:13.740+0000: 6180.920: [GC (Allocation Failure) 6180.920: [ParNew: 35167K->3923K(36288K), 0.0035755 secs] 199422K->168179K(242952K), 0.0036354 secs] [Times: user=0.01 sys=0.00, real=0.00 secs] 
2015-10-30T16:15:13.765+0000: 6180.946: [GC (Allocation Failure) 6180.946: [ParNew: 36243K->2523K(36288K), 0.0042825 secs] 200499K->168043K(242952K), 0.0043471 secs] [Times: user=0.01 sys=0.00, real=0.00 secs] 
2015-10-30T16:15:13.789+0000: 6180.969: [GC (Allocation Failure) 6180.969: [ParNew: 34843K->2283K(36288K), 0.0023437 secs] 200363K->167803K(242952K), 0.0024025 secs] [Times: user=0.01 sys=0.00, real=0.00 secs] 
2015-10-30T16:15:13.822+0000: 6181.002: [GC (Allocation Failure) 6181.002: [ParNew: 34572K->3287K(36288K), 0.0031236 secs] 200092K->176783K(242952K), 0.0031961 secs] [Times: user=0.02 sys=0.00, real=0.00 secs] 
2015-10-30T16:15:13.826+0000: 6181.006: [GC (CMS Initial Mark) [1 CMS-initial-mark: 173496K(206664K)] 179654K(242952K), 0.0016830 secs] [Times: user=0.00 sys=0.00, real=0.00 secs] 
2015-10-30T16:15:13.827+0000: 6181.008: [CMS-concurrent-mark-start]
2015-10-30T16:15:13.865+0000: 6181.046: [CMS-concurrent-mark: 0.038/0.038 secs] [Times: user=0.08 sys=0.00, real=0.04 secs] 
2015-10-30T16:15:13.865+0000: 6181.046: [CMS-concurrent-preclean-start]
2015-10-30T16:15:13.867+0000: 6181.047: [CMS-concurrent-preclean: 0.001/0.001 secs] [Times: user=0.00 sys=0.00, real=0.00 secs] 
2015-10-30T16:15:13.867+0000: 6181.047: [CMS-concurrent-abortable-preclean-start]
 CMS: abort preclean due to time 2015-10-30T16:15:18.925+0000: 6186.106: [CMS-concurrent-abortable-preclean: 0.990/5.058 secs] [Times: user=1.08 sys=0.00, real=5.06 secs] 
2015-10-30T16:15:18.926+0000: 6186.106: [GC (CMS Final Remark) [YG occupancy: 12683 K (36288 K)]6186.106: [Rescan (parallel) , 0.0025541 secs]6186.109: [weak refs processing, 0.0000269 secs]6186.109: [class unloading, 0.0150798 secs]6186.124: [scrub symbol table, 0.0066093 secs]6186.130: [scrub string table, 0.0007496 secs][1 CMS-remark: 173496K(206664K)] 186179K(242952K), 0.0265281 secs] [Times: user=0.03 sys=0.00, real=0.02 secs] 
2015-10-30T16:15:18.952+0000: 6186.133: [CMS-concurrent-sweep-start]
2015-10-30T16:15:19.020+0000: 6186.201: [CMS-concurrent-sweep: 0.068/0.068 secs] [Times: user=0.07 sys=0.01, real=0.07 secs] 
2015-10-30T16:15:19.020+0000: 6186.201: [CMS-concurrent-reset-start]
2015-10-30T16:15:19.023+0000: 6186.203: [CMS-concurrent-reset: 0.002/0.002 secs] [Times: user=0.00 sys=0.00, real=0.00 secs] 
2015-10-30T16:15:21.023+0000: 6188.203: [GC (CMS Initial Mark) [1 CMS-initial-mark: 65580K(206664K)] 78401K(242952K), 0.0025563 secs] [Times: user=0.01 sys=0.00, real=0.01 secs] 
2015-10-30T16:15:21.025+0000: 6188.206: [CMS-concurrent-mark-start]
2015-10-30T16:15:21.062+0000: 6188.243: [CMS-concurrent-mark: 0.037/0.037 secs] [Times: user=0.03 sys=0.00, real=0.03 secs] 
2015-10-30T16:15:21.062+0000: 6188.243: [CMS-concurrent-preclean-start]
2015-10-30T16:15:21.064+0000: 6188.245: [CMS-concurrent-preclean: 0.002/0.002 secs] [Times: user=0.01 sys=0.00, real=0.00 secs] 
2015-10-30T16:15:21.064+0000: 6188.245: [CMS-concurrent-abortable-preclean-start]
2015-10-30T16:15:23.592+0000: 6190.773: [GC (Allocation Failure) 6190.773: [ParNew: 35607K->3968K(36288K), 0.0202891 secs] 101187K->85079K(242952K), 0.0203752 secs] [Times: user=0.07 sys=0.00, real=0.02 secs] 
2015-10-30T16:15:23.635+0000: 6190.816: [CMS-concurrent-abortable-preclean: 0.492/2.571 secs] [Times: user=0.66 sys=0.01, real=2.57 secs] 
2015-10-30T16:15:23.637+0000: 6190.818: [GC (CMS Final Remark) [YG occupancy: 32900 K (36288 K)]6190.818: [Rescan (parallel) , 0.0184138 secs]6190.836: [weak refs processing, 0.0000258 secs]6190.836: [class unloading, 0.0151509 secs]6190.851: [scrub symbol table, 0.0066095 secs]6190.858: [scrub string table, 0.0007582 secs][1 CMS-remark: 81111K(206664K)] 114011K(242952K), 0.0424612 secs] [Times: user=0.10 sys=0.00, real=0.04 secs] 
2015-10-30T16:15:23.680+0000: 6190.860: [CMS-concurrent-sweep-start]
2015-10-30T16:15:23.682+0000: 6190.863: [GC (Allocation Failure) 6190.863: [ParNew: 36288K->1324K(36288K), 0.0032714 secs] 117398K->86146K(242952K), 0.0033225 secs] [Times: user=0.01 sys=0.00, real=0.01 secs] 
2015-10-30T16:15:23.706+0000: 6190.887: [GC (Allocation Failure) 6190.887: [ParNew: 33644K->1975K(36288K), 0.0028543 secs] 118312K->86643K(242952K), 0.0029129 secs] [Times: user=0.01 sys=0.00, real=0.00 secs] 
2015-10-30T16:15:23.730+0000: 6190.910: [GC (Allocation Failure) 6190.910: [ParNew: 34295K->2929K(36288K), 0.0037043 secs] 118855K->87489K(242952K), 0.0037548 secs] [Times: user=0.02 sys=0.00, real=0.00 secs] 
2015-10-30T16:15:23.755+0000: 6190.936: [CMS-concurrent-sweep: 0.064/0.075 secs] [Times: user=0.27 sys=0.00, real=0.07 secs] 
2015-10-30T16:15:23.755+0000: 6190.936: [CMS-concurrent-reset-start]
2015-10-30T16:15:23.758+0000: 6190.938: [GC (Allocation Failure) 6190.938: [ParNew: 35249K->3191K(36288K), 0.0052120 secs] 119306K->88120K(242952K), 0.0052620 secs] [Times: user=0.02 sys=0.00, real=0.00 secs] 
2015-10-30T16:15:23.764+0000: 6190.944: [CMS-concurrent-reset: 0.003/0.009 secs] [Times: user=0.03 sys=0.00, real=0.01 secs] 
2015-10-30T16:15:23.785+0000: 6190.966: [GC (Allocation Failure) 6190.966: [ParNew: 35511K->2735K(36288K), 0.0046274 secs] 120440K->88355K(242952K), 0.0046946 secs] [Times: user=0.01 sys=0.00, real=0.00 secs] 
2015-10-30T16:15:23.808+0000: 6190.988: [GC (Allocation Failure) 6190.988: [ParNew: 35055K->3059K(36288K), 0.0047648 secs] 120675K->89306K(242952K), 0.0048314 secs] [Times: user=0.01 sys=0.00, real=0.00 secs] 
2015-10-30T16:15:23.833+0000: 6191.013: [GC (Allocation Failure) 6191.013: [ParNew: 35379K->2869K(36288K), 0.0034143 secs] 121626K->89116K(242952K), 0.0034748 secs] [Times: user=0.01 sys=0.00, real=0.00 secs] 
2015-10-30T16:15:23.855+0000: 6191.035: [GC (Allocation Failure) 6191.035: [ParNew: 35189K->2983K(36288K), 0.0040032 secs] 121436K->89845K(242952K), 0.0040622 secs] [Times: user=0.01 sys=0.00, real=0.01 secs] 
2015-10-30T16:15:23.888+0000: 6191.069: [GC (Allocation Failure) 6191.069: [ParNew: 34547K->2745K(36288K), 0.0030410 secs] 121409K->92275K(242952K), 0.0031120 secs] [Times: user=0.01 sys=0.00, real=0.00 secs] 
2015-10-30T16:15:23.892+0000: 6191.072: [GC (CMS Initial Mark) [1 CMS-initial-mark: 89529K(206664K)] 94958K(242952K), 0.0015971 secs] [Times: user=0.01 sys=0.00, real=0.00 secs] 
2015-10-30T16:15:23.893+0000: 6191.074: [CMS-concurrent-mark-start]
2015-10-30T16:15:23.950+0000: 6191.130: [CMS-concurrent-mark: 0.057/0.057 secs] [Times: user=0.11 sys=0.00, real=0.06 secs] 
2015-10-30T16:15:23.950+0000: 6191.130: [CMS-concurrent-preclean-start]
2015-10-30T16:15:23.952+0000: 6191.132: [CMS-concurrent-preclean: 0.002/0.002 secs] [Times: user=0.01 sys=0.00, real=0.00 secs] 
2015-10-30T16:15:23.965+0000: 6191.145: [CMS-concurrent-abortable-preclean-start]
 CMS: abort preclean due to time 2015-10-30T16:15:29.060+0000: 6196.241: [CMS-concurrent-abortable-preclean: 0.980/5.095 secs] [Times: user=1.04 sys=0.00, real=5.10 secs] 
2015-10-30T16:15:29.060+0000: 6196.241: [GC (CMS Final Remark) [YG occupancy: 9595 K (36288 K)]6196.242: [Rescan (parallel) , 0.0022167 secs]6196.244: [weak refs processing, 0.0000241 secs]6196.244: [class unloading, 0.0154383 secs]6196.260: [scrub symbol table, 0.0065320 secs]6196.266: [scrub string table, 0.0007411 secs][1 CMS-remark: 89529K(206664K)] 99125K(242952K), 0.0275802 secs] [Times: user=0.03 sys=0.00, real=0.03 secs] 
2015-10-30T16:15:29.088+0000: 6196.269: [CMS-concurrent-sweep-start]
2015-10-30T16:15:29.162+0000: 6196.342: [CMS-concurrent-sweep: 0.074/0.074 secs] [Times: user=0.08 sys=0.00, real=0.07 secs] 
2015-10-30T16:15:29.162+0000: 6196.342: [CMS-concurrent-reset-start]
2015-10-30T16:15:29.164+0000: 6196.345: [CMS-concurrent-reset: 0.002/0.002 secs] [Times: user=0.00 sys=0.00, real=0.00 secs] 
2015-10-30T16:15:31.164+0000: 6198.345: [GC (CMS Initial Mark) [1 CMS-initial-mark: 67690K(206664K)] 77797K(242952K), 0.0028074 secs] [Times: user=0.01 sys=0.00, real=0.01 secs] 
2015-10-30T16:15:31.167+0000: 6198.348: [CMS-concurrent-mark-start]
2015-10-30T16:15:31.204+0000: 6198.385: [CMS-concurrent-mark: 0.037/0.037 secs] [Times: user=0.04 sys=0.00, real=0.03 secs] 
2015-10-30T16:15:31.205+0000: 6198.385: [CMS-concurrent-preclean-start]
2015-10-30T16:15:31.206+0000: 6198.387: [CMS-concurrent-preclean: 0.002/0.002 secs] [Times: user=0.00 sys=0.00, real=0.01 secs] 
2015-10-30T16:15:31.206+0000: 6198.387: [CMS-concurrent-abortable-preclean-start]
2015-10-30T16:15:33.595+0000: 6200.775: [GC (Allocation Failure) 6200.775: [ParNew: 35065K->3968K(36288K), 0.0139861 secs] 102756K->81819K(242952K), 0.0140711 secs] [Times: user=0.05 sys=0.00, real=0.02 secs] 
2015-10-30T16:15:33.631+0000: 6200.811: [GC (Allocation Failure) 6200.811: [ParNew: 36288K->2713K(36288K), 0.0051660 secs] 114139K->84336K(242952K), 0.0052315 secs] [Times: user=0.02 sys=0.00, real=0.00 secs] 
2015-10-30T16:15:33.655+0000: 6200.836: [CMS-concurrent-abortable-preclean: 0.494/2.449 secs] [Times: user=0.75 sys=0.00, real=2.44 secs] 
2015-10-30T16:15:33.661+0000: 6200.842: [GC (CMS Final Remark) [YG occupancy: 32638 K (36288 K)]6200.842: [Rescan (parallel) , 0.0187340 secs]6200.861: [weak refs processing, 0.0000202 secs]6200.861: [class unloading, 0.0149556 secs]6200.876: [scrub symbol table, 0.0067281 secs]6200.882: [scrub string table, 0.0007545 secs][1 CMS-remark: 81623K(206664K)] 114261K(242952K), 0.0427560 secs] [Times: user=0.10 sys=0.00, real=0.04 secs] 
2015-10-30T16:15:33.704+0000: 6200.885: [CMS-concurrent-sweep-start]
2015-10-30T16:15:33.706+0000: 6200.887: [GC (Allocation Failure) 6200.887: [ParNew: 35033K->2299K(36288K), 0.0025572 secs] 116646K->83912K(242952K), 0.0026039 secs] [Times: user=0.01 sys=0.00, real=0.00 secs] 
2015-10-30T16:15:33.732+0000: 6200.912: [GC (Allocation Failure) 6200.912: [ParNew: 34619K->3018K(36288K), 0.0032136 secs] 116147K->84546K(242952K), 0.0032745 secs] [Times: user=0.01 sys=0.00, real=0.00 secs] 
2015-10-30T16:15:33.751+0000: 6200.931: [CMS-concurrent-sweep: 0.040/0.047 secs] [Times: user=0.18 sys=0.01, real=0.05 secs] 
2015-10-30T16:15:33.751+0000: 6200.931: [CMS-concurrent-reset-start]
2015-10-30T16:15:33.754+0000: 6200.934: [CMS-concurrent-reset: 0.003/0.003 secs] [Times: user=0.01 sys=0.00, real=0.00 secs] 
2015-10-30T16:15:33.759+0000: 6200.939: [GC (Allocation Failure) 6200.939: [ParNew: 35338K->3189K(36288K), 0.0042183 secs] 116831K->85509K(242952K), 0.0042702 secs] [Times: user=0.02 sys=0.00, real=0.00 secs] 
2015-10-30T16:15:33.785+0000: 6200.966: [GC (Allocation Failure) 6200.966: [ParNew: 35509K->3258K(36288K), 0.0038122 secs] 117829K->86279K(242952K), 0.0038870 secs] [Times: user=0.01 sys=0.00, real=0.00 secs] 
2015-10-30T16:15:33.809+0000: 6200.989: [GC (Allocation Failure) 6200.989: [ParNew: 35578K->3186K(36288K), 0.0033220 secs] 118599K->86207K(242952K), 0.0033977 secs] [Times: user=0.01 sys=0.00, real=0.00 secs] 
2015-10-30T16:15:33.833+0000: 6201.014: [GC (Allocation Failure) 6201.014: [ParNew: 35506K->3311K(36288K), 0.0051160 secs] 118527K->86971K(242952K), 0.0051817 secs] [Times: user=0.02 sys=0.00, real=0.01 secs] 
2015-10-30T16:15:33.859+0000: 6201.040: [GC (Allocation Failure) 6201.040: [ParNew: 35631K->2884K(36288K), 0.0029752 secs] 119291K->86544K(242952K), 0.0030400 secs] [Times: user=0.01 sys=0.00, real=0.00 secs] 
2015-10-30T16:15:33.891+0000: 6201.072: [GC (Allocation Failure) 6201.072: [ParNew: 33747K->3034K(36288K), 0.0034277 secs] 117406K->89935K(242952K), 0.0035095 secs] [Times: user=0.02 sys=0.00, real=0.00 secs] 
2015-10-30T16:15:33.896+0000: 6201.076: [GC (CMS Initial Mark) [1 CMS-initial-mark: 86900K(206664K)] 92603K(242952K), 0.0015396 secs] [Times: user=0.00 sys=0.00, real=0.01 secs] 
2015-10-30T16:15:33.897+0000: 6201.078: [CMS-concurrent-mark-start]
2015-10-30T16:15:33.936+0000: 6201.117: [CMS-concurrent-mark: 0.039/0.039 secs] [Times: user=0.08 sys=0.00, real=0.03 secs] 
2015-10-30T16:15:33.936+0000: 6201.117: [CMS-concurrent-preclean-start]
2015-10-30T16:15:33.938+0000: 6201.118: [CMS-concurrent-preclean: 0.001/0.001 secs] [Times: user=0.00 sys=0.00, real=0.01 secs] 
2015-10-30T16:15:33.938+0000: 6201.118: [CMS-concurrent-abortable-preclean-start]
 CMS: abort preclean due to time 2015-10-30T16:15:38.942+0000: 6206.122: [CMS-concurrent-abortable-preclean: 1.019/5.004 secs] [Times: user=1.09 sys=0.02, real=5.00 secs] 
2015-10-30T16:15:38.942+0000: 6206.122: [GC (CMS Final Remark) [YG occupancy: 9852 K (36288 K)]6206.122: [Rescan (parallel) , 0.0024947 secs]6206.125: [weak refs processing, 0.0000165 secs]6206.125: [class unloading, 0.0152163 secs]6206.140: [scrub symbol table, 0.0065683 secs]6206.147: [scrub string table, 0.0007441 secs][1 CMS-remark: 86900K(206664K)] 96753K(242952K), 0.0264823 secs] [Times: user=0.03 sys=0.00, real=0.03 secs] 
2015-10-30T16:15:38.969+0000: 6206.149: [CMS-concurrent-sweep-start]
2015-10-30T16:15:39.010+0000: 6206.191: [CMS-concurrent-sweep: 0.042/0.042 secs] [Times: user=0.05 sys=0.00, real=0.04 secs] 
2015-10-30T16:15:39.011+0000: 6206.191: [CMS-concurrent-reset-start]
2015-10-30T16:15:39.013+0000: 6206.193: [CMS-concurrent-reset: 0.002/0.002 secs] [Times: user=0.00 sys=0.00, real=0.00 secs] 
2015-10-30T16:15:41.012+0000: 6208.193: [GC (CMS Initial Mark) [1 CMS-initial-mark: 68012K(206664K)] 77978K(242952K), 0.0025396 secs] [Times: user=0.01 sys=0.00, real=0.00 secs] 
2015-10-30T16:15:41.015+0000: 6208.195: [CMS-concurrent-mark-start]
2015-10-30T16:15:41.053+0000: 6208.234: [CMS-concurrent-mark: 0.038/0.038 secs] [Times: user=0.04 sys=0.00, real=0.04 secs] 
2015-10-30T16:15:41.053+0000: 6208.234: [CMS-concurrent-preclean-start]
2015-10-30T16:15:41.055+0000: 6208.236: [CMS-concurrent-preclean: 0.002/0.002 secs] [Times: user=0.00 sys=0.00, real=0.00 secs] 
2015-10-30T16:15:41.055+0000: 6208.236: [CMS-concurrent-abortable-preclean-start]
2015-10-30T16:15:43.639+0000: 6210.820: [GC (Allocation Failure) 6210.820: [ParNew: 35354K->3968K(36288K), 0.0147584 secs] 103367K->83520K(242952K), 0.0148404 secs] [Times: user=0.05 sys=0.00, real=0.01 secs] 
2015-10-30T16:15:43.674+0000: 6210.855: [GC (Allocation Failure) 6210.855: [ParNew: 36288K->2452K(36288K), 0.0038484 secs] 115840K->85836K(242952K), 0.0039027 secs] [Times: user=0.02 sys=0.00, real=0.01 secs] 
2015-10-30T16:15:43.692+0000: 6210.873: [CMS-concurrent-abortable-preclean: 0.561/2.637 secs] [Times: user=0.80 sys=0.00, real=2.64 secs] 
2015-10-30T16:15:43.693+0000: 6210.874: [GC (CMS Final Remark) [YG occupancy: 24393 K (36288 K)]6210.874: [Rescan (parallel) , 0.0140978 secs]6210.888: [weak refs processing, 0.0000181 secs]6210.888: [class unloading, 0.0145886 secs]6210.903: [scrub symbol table, 0.0065528 secs]6210.909: [scrub string table, 0.0007527 secs][1 CMS-remark: 83384K(206664K)] 107777K(242952K), 0.0374498 secs] [Times: user=0.08 sys=0.00, real=0.04 secs] 
2015-10-30T16:15:43.731+0000: 6210.911: [CMS-concurrent-sweep-start]
2015-10-30T16:15:43.741+0000: 6210.921: [GC (Allocation Failure) 6210.921: [ParNew: 34772K->1927K(36288K), 0.0025429 secs] 118091K->85246K(242952K), 0.0025932 secs] [Times: user=0.01 sys=0.00, real=0.00 secs] 
2015-10-30T16:15:43.761+0000: 6210.941: [CMS-concurrent-sweep: 0.027/0.030 secs] [Times: user=0.11 sys=0.00, real=0.03 secs] 
2015-10-30T16:15:43.761+0000: 6210.942: [CMS-concurrent-reset-start]
2015-10-30T16:15:43.764+0000: 6210.944: [CMS-concurrent-reset: 0.003/0.003 secs] [Times: user=0.01 sys=0.00, real=0.00 secs] 
2015-10-30T16:15:43.766+0000: 6210.947: [GC (Allocation Failure) 6210.947: [ParNew: 34247K->2727K(36288K), 0.0033103 secs] 117529K->86009K(242952K), 0.0033580 secs] [Times: user=0.01 sys=0.00, real=0.00 secs] 
2015-10-30T16:15:43.791+0000: 6210.971: [GC (Allocation Failure) 6210.971: [ParNew: 35047K->2981K(36288K), 0.0041680 secs] 118329K->87087K(242952K), 0.0042207 secs] [Times: user=0.02 sys=0.00, real=0.00 secs] 
2015-10-30T16:15:43.815+0000: 6210.995: [GC (Allocation Failure) 6210.995: [ParNew: 35301K->2554K(36288K), 0.0040339 secs] 119407K->87345K(242952K), 0.0040921 secs] [Times: user=0.01 sys=0.00, real=0.01 secs] 
2015-10-30T16:15:43.836+0000: 6211.017: [GC (Allocation Failure) 6211.017: [ParNew: 34874K->3851K(36288K), 0.0031926 secs] 119665K->88643K(242952K), 0.0032537 secs] [Times: user=0.01 sys=0.00, real=0.01 secs] 
2015-10-30T16:15:43.858+0000: 6211.039: [GC (Allocation Failure) 6211.039: [ParNew: 36171K->2773K(36288K), 0.0036162 secs] 120963K->88210K(242952K), 0.0036744 secs] [Times: user=0.02 sys=0.00, real=0.00 secs] 
2015-10-30T16:15:43.881+0000: 6211.062: [GC (Allocation Failure) 6211.062: [ParNew: 35093K->3380K(36288K), 0.0033740 secs] 120530K->88817K(242952K), 0.0034291 secs] [Times: user=0.01 sys=0.00, real=0.00 secs] 
2015-10-30T16:15:43.937+0000: 6211.118: [GC (Allocation Failure) 6211.118: [ParNew: 35561K->3135K(36288K), 0.0036880 secs] 120998K->94465K(242952K), 0.0037655 secs] [Times: user=0.01 sys=0.00, real=0.00 secs] 
2015-10-30T16:15:43.942+0000: 6211.122: [GC (CMS Initial Mark) [1 CMS-initial-mark: 91329K(206664K)] 94847K(242952K), 0.0020165 secs] [Times: user=0.01 sys=0.00, real=0.00 secs] 
2015-10-30T16:15:43.944+0000: 6211.124: [CMS-concurrent-mark-start]
2015-10-30T16:15:43.981+0000: 6211.161: [CMS-concurrent-mark: 0.037/0.037 secs] [Times: user=0.07 sys=0.00, real=0.04 secs] 
2015-10-30T16:15:43.981+0000: 6211.162: [CMS-concurrent-preclean-start]
2015-10-30T16:15:43.983+0000: 6211.163: [CMS-concurrent-preclean: 0.001/0.002 secs] [Times: user=0.00 sys=0.00, real=0.00 secs] 
2015-10-30T16:15:43.983+0000: 6211.163: [GC (CMS Final Remark) [YG occupancy: 5003 K (36288 K)]6211.163: [Rescan (parallel) , 0.0014686 secs]6211.165: [weak refs processing, 0.0000215 secs]6211.165: [class unloading, 0.0151242 secs]6211.180: [scrub symbol table, 0.0065769 secs]6211.187: [scrub string table, 0.0007431 secs][1 CMS-remark: 91329K(206664K)] 96333K(242952K), 0.0254145 secs] [Times: user=0.03 sys=0.00, real=0.03 secs] 
2015-10-30T16:15:44.008+0000: 6211.189: [CMS-concurrent-sweep-start]
2015-10-30T16:15:44.034+0000: 6211.215: [CMS-concurrent-sweep: 0.026/0.026 secs] [Times: user=0.03 sys=0.00, real=0.02 secs] 
2015-10-30T16:15:44.034+0000: 6211.215: [CMS-concurrent-reset-start]
2015-10-30T16:15:44.037+0000: 6211.217: [CMS-concurrent-reset: 0.002/0.002 secs] [Times: user=0.00 sys=0.00, real=0.00 secs] 
2015-10-30T16:15:46.036+0000: 6213.217: [GC (CMS Initial Mark) [1 CMS-initial-mark: 70887K(206664K)] 76069K(242952K), 0.0018908 secs] [Times: user=0.00 sys=0.00, real=0.01 secs] 
2015-10-30T16:15:46.038+0000: 6213.219: [CMS-concurrent-mark-start]
2015-10-30T16:15:46.075+0000: 6213.256: [CMS-concurrent-mark: 0.037/0.037 secs] [Times: user=0.04 sys=0.00, real=0.03 secs] 
2015-10-30T16:15:46.075+0000: 6213.256: [CMS-concurrent-preclean-start]
2015-10-30T16:15:46.077+0000: 6213.258: [CMS-concurrent-preclean: 0.002/0.002 secs] [Times: user=0.00 sys=0.00, real=0.00 secs] 
2015-10-30T16:15:46.077+0000: 6213.258: [GC (CMS Final Remark) [YG occupancy: 5181 K (36288 K)]6213.258: [Rescan (parallel) , 0.0019109 secs]6213.260: [weak refs processing, 0.0000143 secs]6213.260: [class unloading, 0.0144516 secs]6213.274: [scrub symbol table, 0.0065534 secs]6213.281: [scrub string table, 0.0007416 secs][1 CMS-remark: 70887K(206664K)] 76069K(242952K), 0.0251154 secs] [Times: user=0.03 sys=0.00, real=0.02 secs] 
2015-10-30T16:15:46.103+0000: 6213.283: [CMS-concurrent-sweep-start]
2015-10-30T16:15:46.122+0000: 6213.303: [CMS-concurrent-sweep: 0.020/0.020 secs] [Times: user=0.02 sys=0.00, real=0.02 secs] 
2015-10-30T16:15:46.122+0000: 6213.303: [CMS-concurrent-reset-start]
2015-10-30T16:15:46.125+0000: 6213.305: [CMS-concurrent-reset: 0.002/0.002 secs] [Times: user=0.00 sys=0.00, real=0.00 secs] 
2015-10-30T16:15:53.606+0000: 6220.786: [GC (Allocation Failure) 6220.786: [ParNew: 35455K->3966K(36288K), 0.0150737 secs] 103622K->83736K(242952K), 0.0151567 secs] [Times: user=0.05 sys=0.00, real=0.01 secs] 
2015-10-30T16:15:53.639+0000: 6220.819: [GC (Allocation Failure) 6220.819: [ParNew: 36286K->2843K(36288K), 0.0041679 secs] 116056K->86406K(242952K), 0.0042222 secs] [Times: user=0.02 sys=0.00, real=0.00 secs] 
2015-10-30T16:15:53.661+0000: 6220.842: [GC (Allocation Failure) 6220.842: [ParNew: 35163K->2137K(36288K), 0.0025794 secs] 118726K->85700K(242952K), 0.0026395 secs] [Times: user=0.01 sys=0.00, real=0.00 secs] 
2015-10-30T16:15:53.682+0000: 6220.862: [GC (Allocation Failure) 6220.862: [ParNew: 34457K->3051K(36288K), 0.0029390 secs] 118020K->86614K(242952K), 0.0029901 secs] [Times: user=0.02 sys=0.00, real=0.00 secs] 
2015-10-30T16:15:53.705+0000: 6220.886: [GC (Allocation Failure) 6220.886: [ParNew: 35371K->3063K(36288K), 0.0051101 secs] 118934K->87456K(242952K), 0.0051608 secs] [Times: user=0.01 sys=0.00, real=0.00 secs] 
2015-10-30T16:15:53.733+0000: 6220.914: [GC (Allocation Failure) 6220.914: [ParNew: 35383K->3133K(36288K), 0.0045668 secs] 119776K->88198K(242952K), 0.0046270 secs] [Times: user=0.01 sys=0.00, real=0.01 secs] 
2015-10-30T16:15:53.756+0000: 6220.936: [GC (Allocation Failure) 6220.936: [ParNew: 35453K->2563K(36288K), 0.0041573 secs] 120518K->88283K(242952K), 0.0042273 secs] [Times: user=0.02 sys=0.00, real=0.01 secs] 
2015-10-30T16:15:53.781+0000: 6220.962: [GC (Allocation Failure) 6220.962: [ParNew: 34883K->2349K(36288K), 0.0032973 secs] 120603K->88069K(242952K), 0.0033570 secs] [Times: user=0.00 sys=0.00, real=0.00 secs] 
2015-10-30T16:15:53.806+0000: 6220.987: [GC (Allocation Failure) 6220.987: [ParNew: 34605K->3968K(36288K), 0.0032175 secs] 120325K->89688K(242952K), 0.0032806 secs] [Times: user=0.01 sys=0.00, real=0.00 secs] 
2015-10-30T16:15:57.790+0000: 6224.971: [GC (Allocation Failure) 6224.971: [ParNew: 36288K->2956K(36288K), 0.0051221 secs] 122008K->92865K(242952K), 0.0051910 secs] [Times: user=0.02 sys=0.00, real=0.00 secs] 
2015-10-30T16:16:00.077+0000: 6227.258: [GC (Allocation Failure) 6227.258: [ParNew: 35276K->3968K(36288K), 0.0098448 secs] 125185K->99599K(242952K), 0.0099280 secs] [Times: user=0.03 sys=0.00, real=0.01 secs] 
2015-10-30T16:16:00.114+0000: 6227.295: [GC (Allocation Failure) 6227.295: [ParNew: 36288K->3968K(36288K), 0.0180355 secs] 131919K->111891K(242952K), 0.0181311 secs] [Times: user=0.06 sys=0.01, real=0.02 secs] 
2015-10-30T16:16:00.158+0000: 6227.339: [GC (Allocation Failure) 6227.339: [ParNew: 36288K->3968K(36288K), 0.0150096 secs] 144211K->116654K(242952K), 0.0151051 secs] [Times: user=0.06 sys=0.00, real=0.01 secs] 
2015-10-30T16:16:00.194+0000: 6227.374: [GC (Allocation Failure) 6227.374: [ParNew: 36288K->2504K(36288K), 0.0071559 secs] 148974K->118175K(242952K), 0.0072321 secs] [Times: user=0.02 sys=0.00, real=0.01 secs] 
2015-10-30T16:16:00.225+0000: 6227.405: [GC (Allocation Failure) 6227.405: [ParNew: 34824K->2982K(36288K), 0.0034448 secs] 150495K->118653K(242952K), 0.0035002 secs] [Times: user=0.01 sys=0.00, real=0.01 secs] 
2015-10-30T16:16:00.248+0000: 6227.429: [GC (Allocation Failure) 6227.429: [ParNew: 35043K->3815K(36288K), 0.0039724 secs] 150714K->120143K(242952K), 0.0040297 secs] [Times: user=0.02 sys=0.00, real=0.00 secs] 
2015-10-30T16:16:00.294+0000: 6227.474: [GC (GCLocker Initiated GC) 6227.474: [ParNew: 36288K->3968K(36288K), 0.0071800 secs] 152982K->125122K(242952K), 0.0072614 secs] [Times: user=0.02 sys=0.00, real=0.01 secs] 
2015-10-30T16:16:00.330+0000: 6227.510: [GC (GCLocker Initiated GC) 6227.510: [ParNew: 36288K->2760K(36288K), 0.0052096 secs] 157475K->126648K(242952K), 0.0052707 secs] [Times: user=0.02 sys=0.00, real=0.00 secs] 
2015-10-30T16:16:03.613+0000: 6230.793: [GC (Allocation Failure) 6230.793: [ParNew: 35080K->3968K(36288K), 0.0134656 secs] 158968K->139977K(242952K), 0.0135592 secs] [Times: user=0.03 sys=0.00, real=0.02 secs] 
2015-10-30T16:16:03.657+0000: 6230.838: [GC (Allocation Failure) 6230.838: [ParNew: 36288K->3968K(36288K), 0.0104791 secs] 172297K->147367K(242952K), 0.0105753 secs] [Times: user=0.04 sys=0.00, real=0.01 secs] 
2015-10-30T16:16:03.687+0000: 6230.867: [GC (Allocation Failure) 6230.867: [ParNew: 36288K->3721K(36288K), 0.0057714 secs] 179687K->150722K(242952K), 0.0058381 secs] [Times: user=0.02 sys=0.00, real=0.00 secs] 
2015-10-30T16:16:03.711+0000: 6230.891: [GC (Allocation Failure) 6230.891: [ParNew: 36041K->2291K(36288K), 0.0027799 secs] 183042K->149292K(242952K), 0.0028398 secs] [Times: user=0.01 sys=0.00, real=0.00 secs] 
2015-10-30T16:16:03.731+0000: 6230.912: [GC (Allocation Failure) 6230.912: [ParNew: 34611K->2880K(36288K), 0.0036791 secs] 181612K->149881K(242952K), 0.0037414 secs] [Times: user=0.02 sys=0.00, real=0.00 secs] 
2015-10-30T16:16:03.757+0000: 6230.938: [GC (Allocation Failure) 6230.938: [ParNew: 35200K->2833K(36288K), 0.0050283 secs] 182201K->150564K(242952K), 0.0050902 secs] [Times: user=0.01 sys=0.00, real=0.00 secs] 
2015-10-30T16:16:03.783+0000: 6230.964: [GC (Allocation Failure) 6230.964: [ParNew: 35153K->3297K(36288K), 0.0049440 secs] 182884K->151723K(242952K), 0.0050075 secs] [Times: user=0.01 sys=0.00, real=0.01 secs] 
2015-10-30T16:16:03.806+0000: 6230.987: [GC (Allocation Failure) 6230.987: [ParNew: 35617K->2347K(36288K), 0.0038073 secs] 184043K->151342K(242952K), 0.0038677 secs] [Times: user=0.02 sys=0.00, real=0.00 secs] 
2015-10-30T16:16:03.833+0000: 6231.014: [GC (Allocation Failure) 6231.014: [ParNew: 34667K->2193K(36288K), 0.0027616 secs] 183662K->151188K(242952K), 0.0028177 secs] [Times: user=0.01 sys=0.00, real=0.00 secs] 
2015-10-30T16:16:03.863+0000: 6231.044: [GC (Allocation Failure) 6231.044: [ParNew: 32088K->2559K(36288K), 0.0034160 secs] 181083K->156872K(242952K), 0.0034881 secs] [Times: user=0.01 sys=0.00, real=0.01 secs] 
2015-10-30T16:16:03.868+0000: 6231.048: [GC (CMS Initial Mark) [1 CMS-initial-mark: 154312K(206664K)] 164849K(242952K), 0.0020211 secs] [Times: user=0.00 sys=0.00, real=0.00 secs] 
2015-10-30T16:16:03.870+0000: 6231.050: [CMS-concurrent-mark-start]
2015-10-30T16:16:03.908+0000: 6231.088: [CMS-concurrent-mark: 0.038/0.038 secs] [Times: user=0.08 sys=0.00, real=0.04 secs] 
2015-10-30T16:16:03.908+0000: 6231.088: [CMS-concurrent-preclean-start]
2015-10-30T16:16:03.909+0000: 6231.090: [CMS-concurrent-preclean: 0.001/0.001 secs] [Times: user=0.00 sys=0.00, real=0.00 secs] 
2015-10-30T16:16:03.909+0000: 6231.090: [CMS-concurrent-abortable-preclean-start]
2015-10-30T16:16:08.565+0000: 6235.745: [GC (Allocation Failure) 6235.745: [ParNew: 34879K->3968K(36288K), 0.0131319 secs] 189192K->173253K(242952K), 0.0132241 secs] [Times: user=0.05 sys=0.00, real=0.02 secs] 
2015-10-30T16:16:08.601+0000: 6235.782: [CMS-concurrent-abortable-preclean: 1.088/4.692 secs] [Times: user=1.27 sys=0.00, real=4.69 secs] 
2015-10-30T16:16:08.605+0000: 6235.786: [GC (CMS Final Remark) [YG occupancy: 21814 K (36288 K)]6235.786: [Rescan (parallel) , 0.0087141 secs]6235.795: [weak refs processing, 0.0000285 secs]6235.795: [class unloading, 0.0151128 secs]6235.810: [scrub symbol table, 0.0065506 secs]6235.816: [scrub string table, 0.0007472 secs][1 CMS-remark: 169285K(206664K)] 191099K(242952K), 0.0326045 secs] [Times: user=0.06 sys=0.00, real=0.03 secs] 
2015-10-30T16:16:08.638+0000: 6235.819: [CMS-concurrent-sweep-start]
2015-10-30T16:16:08.648+0000: 6235.829: [GC (Allocation Failure) 6235.829: [ParNew: 36288K->3968K(36288K), 0.0076931 secs] 197851K->171074K(242952K), 0.0077887 secs] [Times: user=0.03 sys=0.00, real=0.00 secs] 
2015-10-30T16:16:08.681+0000: 6235.862: [GC (Allocation Failure) 6235.862: [ParNew: 36288K->3611K(36288K), 0.0051512 secs] 174048K->145190K(242952K), 0.0052299 secs] [Times: user=0.02 sys=0.00, real=0.01 secs] 
2015-10-30T16:16:08.709+0000: 6235.890: [GC (Allocation Failure) 6235.890: [ParNew: 35931K->2237K(36288K), 0.0025909 secs] 160933K->127238K(242952K), 0.0026528 secs] [Times: user=0.01 sys=0.00, real=0.00 secs] 
2015-10-30T16:16:08.737+0000: 6235.918: [GC (Allocation Failure) 6235.918: [ParNew: 34557K->2983K(36288K), 0.0036837 secs] 141125K->109552K(242952K), 0.0037460 secs] [Times: user=0.01 sys=0.00, real=0.00 secs] 
2015-10-30T16:16:08.749+0000: 6235.929: [CMS-concurrent-sweep: 0.084/0.111 secs] [Times: user=0.38 sys=0.01, real=0.11 secs] 
2015-10-30T16:16:08.749+0000: 6235.929: [CMS-concurrent-reset-start]
2015-10-30T16:16:08.751+0000: 6235.932: [CMS-concurrent-reset: 0.003/0.003 secs] [Times: user=0.01 sys=0.00, real=0.00 secs] 
2015-10-30T16:16:08.764+0000: 6235.944: [GC (Allocation Failure) 6235.944: [ParNew: 35303K->2666K(36288K), 0.0039275 secs] 130914K->99024K(242952K), 0.0039860 secs] [Times: user=0.01 sys=0.00, real=0.01 secs] 
2015-10-30T16:16:08.786+0000: 6235.967: [GC (Allocation Failure) 6235.967: [ParNew: 34986K->3937K(36288K), 0.0032317 secs] 131344K->100296K(242952K), 0.0032950 secs] [Times: user=0.01 sys=0.00, real=0.00 secs] 
2015-10-30T16:16:08.809+0000: 6235.990: [GC (Allocation Failure) 6235.990: [ParNew: 36257K->3659K(36288K), 0.0037923 secs] 132616K->100695K(242952K), 0.0038680 secs] [Times: user=0.02 sys=0.00, real=0.00 secs] 
2015-10-30T16:16:08.833+0000: 6236.014: [GC (Allocation Failure) 6236.014: [ParNew: 35979K->2079K(36288K), 0.0032104 secs] 133015K->99754K(242952K), 0.0032697 secs] [Times: user=0.02 sys=0.00, real=0.00 secs] 
2015-10-30T16:16:08.865+0000: 6236.046: [GC (Allocation Failure) 6236.046: [ParNew: 30437K->3098K(36288K), 0.0027097 secs] 128111K->106090K(242952K), 0.0027953 secs] [Times: user=0.01 sys=0.00, real=0.01 secs] 
2015-10-30T16:16:08.869+0000: 6236.049: [GC (CMS Initial Mark) [1 CMS-initial-mark: 102992K(206664K)] 114067K(242952K), 0.0016681 secs] [Times: user=0.01 sys=0.00, real=0.00 secs] 
2015-10-30T16:16:08.871+0000: 6236.051: [CMS-concurrent-mark-start]
2015-10-30T16:16:08.928+0000: 6236.109: [CMS-concurrent-mark: 0.058/0.058 secs] [Times: user=0.11 sys=0.00, real=0.06 secs] 
2015-10-30T16:16:08.928+0000: 6236.109: [CMS-concurrent-preclean-start]
2015-10-30T16:16:08.930+0000: 6236.111: [CMS-concurrent-preclean: 0.002/0.002 secs] [Times: user=0.01 sys=0.00, real=0.00 secs] 
2015-10-30T16:16:08.930+0000: 6236.111: [CMS-concurrent-abortable-preclean-start]
2015-10-30T16:16:13.218+0000: 6240.399: [GC (Allocation Failure) 6240.399: [ParNew: 36288K->3968K(36288K), 0.0044328 secs] 139527K->110234K(242952K), 0.0044926 secs] [Times: user=0.01 sys=0.00, real=0.00 secs] 
2015-10-30T16:16:13.233+0000: 6240.414: [GC (GCLocker Initiated GC) 6240.414: [ParNew: 12422K->3968K(36288K), 0.0051637 secs] 118688K->112089K(242952K), 0.0052088 secs] [Times: user=0.01 sys=0.00, real=0.01 secs] 
2015-10-30T16:16:13.265+0000: 6240.445: [CMS-concurrent-abortable-preclean: 1.048/4.334 secs] [Times: user=1.30 sys=0.02, real=4.33 secs] 
2015-10-30T16:16:13.267+0000: 6240.447: [GC (CMS Final Remark) [YG occupancy: 30821 K (36288 K)]6240.447: [Rescan (parallel) , 0.0126276 secs]6240.460: [weak refs processing, 0.0000266 secs]6240.460: [class unloading, 0.0146132 secs]6240.475: [scrub symbol table, 0.0065767 secs]6240.481: [scrub string table, 0.0007576 secs][1 CMS-remark: 108121K(206664K)] 138942K(242952K), 0.0360920 secs] [Times: user=0.07 sys=0.00, real=0.03 secs] 
2015-10-30T16:16:13.303+0000: 6240.484: [CMS-concurrent-sweep-start]
2015-10-30T16:16:13.319+0000: 6240.500: [GC (Allocation Failure) 6240.500: [ParNew: 36288K->3724K(36288K), 0.0032523 secs] 133165K->101195K(242952K), 0.0033042 secs] [Times: user=0.01 sys=0.00, real=0.00 secs] 
2015-10-30T16:16:13.392+0000: 6240.572: [CMS-concurrent-sweep: 0.085/0.088 secs] [Times: user=0.23 sys=0.00, real=0.09 secs] 
2015-10-30T16:16:13.392+0000: 6240.572: [CMS-concurrent-reset-start]
2015-10-30T16:16:13.394+0000: 6240.575: [CMS-concurrent-reset: 0.002/0.002 secs] [Times: user=0.01 sys=0.00, real=0.00 secs] 
2015-10-30T16:16:13.577+0000: 6240.758: [GC (Allocation Failure) 6240.758: [ParNew: 36015K->3968K(36288K), 0.0030437 secs] 114166K->84736K(242952K), 0.0031104 secs] [Times: user=0.01 sys=0.00, real=0.00 secs] 
2015-10-30T16:16:13.624+0000: 6240.804: [GC (Allocation Failure) 6240.804: [ParNew: 36288K->3968K(36288K), 0.0170330 secs] 117056K->95597K(242952K), 0.0171206 secs] [Times: user=0.06 sys=0.00, real=0.02 secs] 
2015-10-30T16:16:13.645+0000: 6240.826: [GC (CMS Initial Mark) [1 CMS-initial-mark: 91629K(206664K)] 97696K(242952K), 0.0044528 secs] [Times: user=0.01 sys=0.00, real=0.00 secs] 
2015-10-30T16:16:13.650+0000: 6240.830: [CMS-concurrent-mark-start]
2015-10-30T16:16:13.677+0000: 6240.857: [GC (Allocation Failure) 6240.857: [ParNew: 36288K->3730K(36288K), 0.0062480 secs] 127917K->99227K(242952K), 0.0063182 secs] [Times: user=0.02 sys=0.00, real=0.01 secs] 
2015-10-30T16:16:13.702+0000: 6240.883: [GC (Allocation Failure) 6240.883: [ParNew: 36050K->2341K(36288K), 0.0030692 secs] 131547K->97837K(242952K), 0.0031298 secs] [Times: user=0.00 sys=0.00, real=0.01 secs] 
2015-10-30T16:16:13.725+0000: 6240.906: [CMS-concurrent-mark: 0.065/0.075 secs] [Times: user=0.28 sys=0.00, real=0.08 secs] 
2015-10-30T16:16:13.725+0000: 6240.906: [CMS-concurrent-preclean-start]
2015-10-30T16:16:13.729+0000: 6240.909: [GC (Allocation Failure) 6240.909: [ParNew: 34661K->3403K(36288K), 0.0038980 secs] 130157K->98900K(242952K), 0.0039429 secs] [Times: user=0.02 sys=0.00, real=0.00 secs] 
2015-10-30T16:16:13.738+0000: 6240.918: [CMS-concurrent-preclean: 0.008/0.013 secs] [Times: user=0.05 sys=0.00, real=0.01 secs] 
2015-10-30T16:16:13.738+0000: 6240.918: [CMS-concurrent-abortable-preclean-start]
2015-10-30T16:16:13.755+0000: 6240.935: [GC (Allocation Failure) 6240.935: [ParNew: 35723K->3968K(36288K), 0.0059209 secs] 131220K->100255K(242952K), 0.0059746 secs] [Times: user=0.01 sys=0.00, real=0.01 secs] 
2015-10-30T16:16:13.764+0000: 6240.944: [CMS-concurrent-abortable-preclean: 0.019/0.026 secs] [Times: user=0.08 sys=0.01, real=0.02 secs] 
2015-10-30T16:16:13.764+0000: 6240.945: [GC (CMS Final Remark) [YG occupancy: 6418 K (36288 K)]6240.945: [Rescan (parallel) , 0.0032098 secs]6240.948: [weak refs processing, 0.0000142 secs]6240.948: [class unloading, 0.0147804 secs]6240.963: [scrub symbol table, 0.0066080 secs]6240.969: [scrub string table, 0.0007536 secs][1 CMS-remark: 96287K(206664K)] 102706K(242952K), 0.0268013 secs] [Times: user=0.03 sys=0.00, real=0.03 secs] 
2015-10-30T16:16:13.791+0000: 6240.971: [CMS-concurrent-sweep-start]
2015-10-30T16:16:13.815+0000: 6240.995: [GC (Allocation Failure) 6240.995: [ParNew: 36288K->2452K(36288K), 0.0052552 secs] 125096K->91963K(242952K), 0.0053230 secs] [Times: user=0.02 sys=0.00, real=0.01 secs] 
2015-10-30T16:16:13.842+0000: 6241.022: [GC (Allocation Failure) 6241.022: [ParNew: 34772K->2929K(36288K), 0.0042429 secs] 121444K->90274K(242952K), 0.0043049 secs] [Times: user=0.01 sys=0.00, real=0.01 secs] 
2015-10-30T16:16:13.868+0000: 6241.049: [CMS-concurrent-sweep: 0.067/0.077 secs] [Times: user=0.30 sys=0.00, real=0.08 secs] 
2015-10-30T16:16:13.868+0000: 6241.049: [CMS-concurrent-reset-start]
2015-10-30T16:16:13.869+0000: 6241.050: [GC (Allocation Failure) 6241.050: [ParNew: 35249K->2529K(36288K), 0.0035165 secs] 112982K->80882K(242952K), 0.0035585 secs] [Times: user=0.01 sys=0.00, real=0.00 secs] 
2015-10-30T16:16:13.875+0000: 6241.055: [CMS-concurrent-reset: 0.003/0.006 secs] [Times: user=0.02 sys=0.00, real=0.00 secs] 
2015-10-30T16:16:13.906+0000: 6241.087: [GC (Allocation Failure) 6241.087: [ParNew: 32305K->3968K(36288K), 0.0026003 secs] 110658K->84945K(242952K), 0.0026669 secs] [Times: user=0.01 sys=0.00, real=0.00 secs] 
2015-10-30T16:16:23.554+0000: 6250.735: [GC (Allocation Failure) 6250.735: [ParNew: 36272K->3968K(36288K), 0.0040931 secs] 117250K->89701K(242952K), 0.0041668 secs] [Times: user=0.01 sys=0.00, real=0.01 secs] 
2015-10-30T16:16:23.596+0000: 6250.776: [GC (Allocation Failure) 6250.776: [ParNew: 36288K->3968K(36288K), 0.0128511 secs] 122021K->102155K(242952K), 0.0129340 secs] [Times: user=0.04 sys=0.00, real=0.02 secs] 
2015-10-30T16:16:23.627+0000: 6250.807: [GC (Allocation Failure) 6250.807: [ParNew: 36288K->2794K(36288K), 0.0056276 secs] 134475K->104898K(242952K), 0.0056969 secs] [Times: user=0.01 sys=0.00, real=0.00 secs] 
2015-10-30T16:16:23.652+0000: 6250.832: [GC (Allocation Failure) 6250.832: [ParNew: 35114K->1825K(36288K), 0.0025151 secs] 137218K->103929K(242952K), 0.0025812 secs] [Times: user=0.01 sys=0.00, real=0.00 secs] 
2015-10-30T16:16:23.672+0000: 6250.853: [GC (Allocation Failure) 6250.853: [ParNew: 34145K->2319K(36288K), 0.0033946 secs] 136249K->104423K(242952K), 0.0034438 secs] [Times: user=0.01 sys=0.00, real=0.00 secs] 
2015-10-30T16:16:23.696+0000: 6250.877: [GC (Allocation Failure) 6250.877: [ParNew: 34639K->2836K(36288K), 0.0041322 secs] 136743K->105671K(242952K), 0.0041854 secs] [Times: user=0.01 sys=0.00, real=0.01 secs] 
2015-10-30T16:16:23.721+0000: 6250.902: [GC (Allocation Failure) 6250.902: [ParNew: 35156K->2605K(36288K), 0.0038593 secs] 137991K->106145K(242952K), 0.0039206 secs] [Times: user=0.02 sys=0.00, real=0.01 secs] 
2015-10-30T16:16:23.745+0000: 6250.926: [GC (Allocation Failure) 6250.926: [ParNew: 34925K->2916K(36288K), 0.0034509 secs] 138465K->106456K(242952K), 0.0035091 secs] [Times: user=0.01 sys=0.00, real=0.00 secs] 
2015-10-30T16:16:23.769+0000: 6250.950: [GC (Allocation Failure) 6250.950: [ParNew: 35236K->2720K(36288K), 0.0039551 secs] 138776K->106832K(242952K), 0.0040068 secs] [Times: user=0.01 sys=0.00, real=0.00 secs] 
2015-10-30T16:16:23.807+0000: 6250.987: [GC (Allocation Failure) 6250.987: [ParNew: 32876K->3968K(36288K), 0.0029281 secs] 136989K->111223K(242952K), 0.0029934 secs] [Times: user=0.02 sys=0.00, real=0.00 secs] 
2015-10-30T16:16:23.811+0000: 6250.991: [GC (CMS Initial Mark) [1 CMS-initial-mark: 107255K(206664K)] 116553K(242952K), 0.0017948 secs] [Times: user=0.00 sys=0.00, real=0.00 secs] 
2015-10-30T16:16:23.812+0000: 6250.993: [CMS-concurrent-mark-start]
2015-10-30T16:16:23.851+0000: 6251.031: [CMS-concurrent-mark: 0.038/0.038 secs] [Times: user=0.08 sys=0.00, real=0.04 secs] 
2015-10-30T16:16:23.851+0000: 6251.031: [CMS-concurrent-preclean-start]
2015-10-30T16:16:23.852+0000: 6251.033: [CMS-concurrent-preclean: 0.002/0.002 secs] [Times: user=0.00 sys=0.00, real=0.00 secs] 
2015-10-30T16:16:23.852+0000: 6251.033: [CMS-concurrent-abortable-preclean-start]
 CMS: abort preclean due to time 2015-10-30T16:16:28.943+0000: 6256.123: [CMS-concurrent-abortable-preclean: 1.398/5.090 secs] [Times: user=1.49 sys=0.00, real=5.09 secs] 
2015-10-30T16:16:28.943+0000: 6256.123: [GC (CMS Final Remark) [YG occupancy: 32170 K (36288 K)]6256.123: [Rescan (parallel) , 0.0024820 secs]6256.126: [weak refs processing, 0.0000250 secs]6256.126: [class unloading, 0.0151574 secs]6256.141: [scrub symbol table, 0.0065509 secs]6256.148: [scrub string table, 0.0007373 secs][1 CMS-remark: 107255K(206664K)] 139425K(242952K), 0.0263832 secs] [Times: user=0.04 sys=0.00, real=0.03 secs] 
2015-10-30T16:16:28.970+0000: 6256.150: [CMS-concurrent-sweep-start]
2015-10-30T16:16:29.008+0000: 6256.188: [CMS-concurrent-sweep: 0.038/0.038 secs] [Times: user=0.03 sys=0.00, real=0.04 secs] 
2015-10-30T16:16:29.008+0000: 6256.188: [CMS-concurrent-reset-start]
2015-10-30T16:16:29.010+0000: 6256.191: [CMS-concurrent-reset: 0.002/0.002 secs] [Times: user=0.01 sys=0.00, real=0.00 secs] 
2015-10-30T16:16:31.010+0000: 6258.190: [GC (CMS Initial Mark) [1 CMS-initial-mark: 70248K(206664K)] 102698K(242952K), 0.0030518 secs] [Times: user=0.01 sys=0.00, real=0.00 secs] 
2015-10-30T16:16:31.013+0000: 6258.193: [CMS-concurrent-mark-start]
2015-10-30T16:16:31.049+0000: 6258.230: [CMS-concurrent-mark: 0.036/0.036 secs] [Times: user=0.03 sys=0.00, real=0.04 secs] 
2015-10-30T16:16:31.049+0000: 6258.230: [CMS-concurrent-preclean-start]
2015-10-30T16:16:31.051+0000: 6258.232: [CMS-concurrent-preclean: 0.002/0.002 secs] [Times: user=0.00 sys=0.00, real=0.00 secs] 
2015-10-30T16:16:31.051+0000: 6258.232: [CMS-concurrent-abortable-preclean-start]
2015-10-30T16:16:33.569+0000: 6260.749: [GC (Allocation Failure) 6260.749: [ParNew: 36241K->3968K(36288K), 0.0074780 secs] 106489K->79446K(242952K), 0.0075728 secs] [Times: user=0.02 sys=0.00, real=0.00 secs] 
2015-10-30T16:16:33.615+0000: 6260.796: [GC (Allocation Failure) 6260.796: [ParNew: 36288K->3968K(36288K), 0.0157456 secs] 111766K->90730K(242952K), 0.0158256 secs] [Times: user=0.06 sys=0.00, real=0.02 secs] 
2015-10-30T16:16:33.654+0000: 6260.835: [GC (Allocation Failure) 6260.835: [ParNew: 36288K->3592K(36288K), 0.0059904 secs] 123050K->94097K(242952K), 0.0060764 secs] [Times: user=0.02 sys=0.00, real=0.01 secs] 
2015-10-30T16:16:33.685+0000: 6260.866: [GC (Allocation Failure) 6260.866: [ParNew: 35912K->2035K(36288K), 0.0033001 secs] 126417K->92540K(242952K), 0.0033744 secs] [Times: user=0.01 sys=0.00, real=0.00 secs] 
2015-10-30T16:16:33.690+0000: 6260.871: [CMS-concurrent-abortable-preclean: 0.736/2.639 secs] [Times: user=1.07 sys=0.01, real=2.64 secs] 
2015-10-30T16:16:33.693+0000: 6260.874: [GC (CMS Final Remark) [YG occupancy: 4590 K (36288 K)]6260.874: [Rescan (parallel) , 0.0033340 secs]6260.877: [weak refs processing, 0.0000171 secs]6260.877: [class unloading, 0.0151158 secs]6260.892: [scrub symbol table, 0.0073053 secs]6260.900: [scrub string table, 0.0007555 secs][1 CMS-remark: 90505K(206664K)] 95096K(242952K), 0.0280574 secs] [Times: user=0.03 sys=0.00, real=0.03 secs] 
2015-10-30T16:16:33.727+0000: 6260.907: [CMS-concurrent-sweep-start]
2015-10-30T16:16:33.741+0000: 6260.922: [GC (Allocation Failure) 6260.922: [ParNew: 34355K->2870K(36288K), 0.0030863 secs] 124858K->93374K(242952K), 0.0031439 secs] [Times: user=0.01 sys=0.00, real=0.00 secs] 
2015-10-30T16:16:33.769+0000: 6260.950: [GC (Allocation Failure) 6260.950: [ParNew: 35190K->2493K(36288K), 0.0046778 secs] 123550K->91659K(242952K), 0.0047539 secs] [Times: user=0.02 sys=0.00, real=0.00 secs] 
2015-10-30T16:16:33.784+0000: 6260.964: [CMS-concurrent-sweep: 0.047/0.057 secs] [Times: user=0.22 sys=0.00, real=0.05 secs] 
2015-10-30T16:16:33.784+0000: 6260.964: [CMS-concurrent-reset-start]
2015-10-30T16:16:33.787+0000: 6260.967: [CMS-concurrent-reset: 0.003/0.003 secs] [Times: user=0.01 sys=0.00, real=0.01 secs] 
2015-10-30T16:16:33.796+0000: 6260.977: [GC (Allocation Failure) 6260.977: [ParNew: 34813K->3230K(36288K), 0.0040661 secs] 122439K->91586K(242952K), 0.0041321 secs] [Times: user=0.01 sys=0.00, real=0.01 secs] 
2015-10-30T16:16:33.821+0000: 6261.002: [GC (Allocation Failure) 6261.002: [ParNew: 35550K->3050K(36288K), 0.0035512 secs] 123906K->91996K(242952K), 0.0036129 secs] [Times: user=0.02 sys=0.00, real=0.00 secs] 
2015-10-30T16:16:33.849+0000: 6261.029: [GC (Allocation Failure) 6261.029: [ParNew: 35370K->2356K(36288K), 0.0027158 secs] 124316K->91302K(242952K), 0.0027837 secs] [Times: user=0.01 sys=0.00, real=0.00 secs] 
2015-10-30T16:16:33.887+0000: 6261.067: [GC (Allocation Failure) 6261.067: [ParNew: 33777K->3968K(36288K), 0.0031817 secs] 122723K->96129K(242952K), 0.0032666 secs] [Times: user=0.02 sys=0.00, real=0.00 secs] 
2015-10-30T16:16:33.891+0000: 6261.071: [GC (CMS Initial Mark) [1 CMS-initial-mark: 92161K(206664K)] 101449K(242952K), 0.0018196 secs] [Times: user=0.00 sys=0.00, real=0.00 secs] 
2015-10-30T16:16:33.893+0000: 6261.073: [CMS-concurrent-mark-start]
2015-10-30T16:16:33.933+0000: 6261.114: [CMS-concurrent-mark: 0.040/0.040 secs] [Times: user=0.08 sys=0.00, real=0.04 secs] 
2015-10-30T16:16:33.933+0000: 6261.114: [CMS-concurrent-preclean-start]
2015-10-30T16:16:33.935+0000: 6261.115: [CMS-concurrent-preclean: 0.002/0.002 secs] [Times: user=0.00 sys=0.00, real=0.00 secs] 
2015-10-30T16:16:33.935+0000: 6261.115: [CMS-concurrent-abortable-preclean-start]
 CMS: abort preclean due to time 2015-10-30T16:16:39.031+0000: 6266.211: [CMS-concurrent-abortable-preclean: 1.364/5.096 secs] [Times: user=1.45 sys=0.02, real=5.10 secs] 
2015-10-30T16:16:39.031+0000: 6266.211: [GC (CMS Final Remark) [YG occupancy: 32162 K (36288 K)]6266.211: [Rescan (parallel) , 0.0025804 secs]6266.214: [weak refs processing, 0.0000165 secs]6266.214: [class unloading, 0.0151154 secs]6266.229: [scrub symbol table, 0.0065567 secs]6266.236: [scrub string table, 0.0007468 secs][1 CMS-remark: 92161K(206664K)] 124324K(242952K), 0.0264857 secs] [Times: user=0.03 sys=0.00, real=0.03 secs] 
2015-10-30T16:16:39.058+0000: 6266.238: [CMS-concurrent-sweep-start]
2015-10-30T16:16:39.107+0000: 6266.287: [CMS-concurrent-sweep: 0.049/0.049 secs] [Times: user=0.04 sys=0.00, real=0.05 secs] 
2015-10-30T16:16:39.107+0000: 6266.287: [CMS-concurrent-reset-start]
2015-10-30T16:16:39.109+0000: 6266.290: [CMS-concurrent-reset: 0.002/0.002 secs] [Times: user=0.01 sys=0.00, real=0.00 secs] 
2015-10-30T16:16:41.110+0000: 6268.290: [GC (CMS Initial Mark) [1 CMS-initial-mark: 70173K(206664K)] 102629K(242952K), 0.0027696 secs] [Times: user=0.01 sys=0.00, real=0.00 secs] 
2015-10-30T16:16:41.112+0000: 6268.293: [CMS-concurrent-mark-start]
2015-10-30T16:16:41.150+0000: 6268.330: [CMS-concurrent-mark: 0.037/0.037 secs] [Times: user=0.03 sys=0.00, real=0.04 secs] 
2015-10-30T16:16:41.150+0000: 6268.330: [CMS-concurrent-preclean-start]
2015-10-30T16:16:41.152+0000: 6268.332: [CMS-concurrent-preclean: 0.002/0.002 secs] [Times: user=0.01 sys=0.00, real=0.00 secs] 
2015-10-30T16:16:41.152+0000: 6268.332: [CMS-concurrent-abortable-preclean-start]
 CMS: abort preclean due to time 2015-10-30T16:16:46.169+0000: 6273.349: [CMS-concurrent-abortable-preclean: 1.310/5.017 secs] [Times: user=1.35 sys=0.01, real=5.02 secs] 
2015-10-30T16:16:46.169+0000: 6273.350: [GC (CMS Final Remark) [YG occupancy: 33520 K (36288 K)]6273.350: [Rescan (parallel) , 0.0028916 secs]6273.353: [weak refs processing, 0.0000203 secs]6273.353: [class unloading, 0.0149648 secs]6273.368: [scrub symbol table, 0.0065812 secs]6273.374: [scrub string table, 0.0007494 secs][1 CMS-remark: 70173K(206664K)] 103693K(242952K), 0.0266462 secs] [Times: user=0.04 sys=0.00, real=0.02 secs] 
2015-10-30T16:16:46.196+0000: 6273.376: [CMS-concurrent-sweep-start]
2015-10-30T16:16:46.244+0000: 6273.424: [CMS-concurrent-sweep: 0.048/0.048 secs] [Times: user=0.05 sys=0.00, real=0.05 secs] 
2015-10-30T16:16:46.244+0000: 6273.424: [CMS-concurrent-reset-start]
2015-10-30T16:16:46.246+0000: 6273.427: [CMS-concurrent-reset: 0.002/0.002 secs] [Times: user=0.00 sys=0.00, real=0.01 secs] 
2015-10-30T16:16:48.246+0000: 6275.426: [GC (CMS Initial Mark) [1 CMS-initial-mark: 66489K(206664K)] 101577K(242952K), 0.0039888 secs] [Times: user=0.02 sys=0.00, real=0.00 secs] 
2015-10-30T16:16:48.250+0000: 6275.430: [CMS-concurrent-mark-start]
2015-10-30T16:16:48.287+0000: 6275.468: [CMS-concurrent-mark: 0.038/0.038 secs] [Times: user=0.03 sys=0.00, real=0.04 secs] 
2015-10-30T16:16:48.287+0000: 6275.468: [CMS-concurrent-preclean-start]
2015-10-30T16:16:48.289+0000: 6275.470: [CMS-concurrent-preclean: 0.002/0.002 secs] [Times: user=0.01 sys=0.00, real=0.00 secs] 
2015-10-30T16:16:48.289+0000: 6275.470: [CMS-concurrent-abortable-preclean-start]
2015-10-30T16:16:48.567+0000: 6275.747: [GC (Allocation Failure) 6275.747: [ParNew: 36249K->1936K(36288K), 0.0019667 secs] 102739K->71695K(242952K), 0.0020306 secs] [Times: user=0.01 sys=0.00, real=0.00 secs] 
2015-10-30T16:16:48.611+0000: 6275.791: [GC (Allocation Failure) 6275.791: [ParNew: 34256K->3968K(36288K), 0.0147267 secs] 104015K->84928K(242952K), 0.0148055 secs] [Times: user=0.05 sys=0.00, real=0.02 secs] 
2015-10-30T16:16:48.648+0000: 6275.829: [GC (Allocation Failure) 6275.829: [ParNew: 36288K->1879K(36288K), 0.0042098 secs] 117248K->86624K(242952K), 0.0042851 secs] [Times: user=0.02 sys=0.00, real=0.00 secs] 
2015-10-30T16:16:48.673+0000: 6275.853: [CMS-concurrent-abortable-preclean: 0.112/0.383 secs] [Times: user=0.36 sys=0.01, real=0.38 secs] 
2015-10-30T16:16:48.677+0000: 6275.858: [GC (CMS Final Remark) [YG occupancy: 32876 K (36288 K)]6275.858: [Rescan (parallel) , 0.0196871 secs]6275.878: [weak refs processing, 0.0000265 secs]6275.878: [class unloading, 0.0146840 secs]6275.892: [scrub symbol table, 0.0065466 secs]6275.899: [scrub string table, 0.0007485 secs][1 CMS-remark: 84744K(206664K)] 117620K(242952K), 0.0431932 secs] [Times: user=0.10 sys=0.00, real=0.04 secs] 
2015-10-30T16:16:48.722+0000: 6275.902: [CMS-concurrent-sweep-start]
2015-10-30T16:16:48.722+0000: 6275.902: [GC (Allocation Failure) 6275.902: [ParNew: 34199K->2103K(36288K), 0.0024883 secs] 118944K->86848K(242952K), 0.0025284 secs] [Times: user=0.01 sys=0.00, real=0.00 secs] 
2015-10-30T16:16:48.747+0000: 6275.927: [GC (Allocation Failure) 6275.927: [ParNew: 34423K->2897K(36288K), 0.0029092 secs] 118843K->87317K(242952K), 0.0029652 secs] [Times: user=0.01 sys=0.00, real=0.00 secs] 
2015-10-30T16:16:48.754+0000: 6275.934: [CMS-concurrent-sweep: 0.029/0.032 secs] [Times: user=0.12 sys=0.00, real=0.03 secs] 
2015-10-30T16:16:48.754+0000: 6275.934: [CMS-concurrent-reset-start]
2015-10-30T16:16:48.757+0000: 6275.937: [CMS-concurrent-reset: 0.003/0.003 secs] [Times: user=0.01 sys=0.00, real=0.00 secs] 
2015-10-30T16:16:48.773+0000: 6275.953: [GC (Allocation Failure) 6275.953: [ParNew: 35217K->3002K(36288K), 0.0061338 secs] 119541K->88088K(242952K), 0.0061894 secs] [Times: user=0.02 sys=0.00, real=0.01 secs] 
2015-10-30T16:16:48.798+0000: 6275.979: [GC (Allocation Failure) 6275.979: [ParNew: 35322K->3824K(36288K), 0.0048854 secs] 120408K->89611K(242952K), 0.0049473 secs] [Times: user=0.02 sys=0.00, real=0.00 secs] 
2015-10-30T16:16:48.821+0000: 6276.002: [GC (Allocation Failure) 6276.002: [ParNew: 36144K->2053K(36288K), 0.0039003 secs] 121931K->88470K(242952K), 0.0039635 secs] [Times: user=0.01 sys=0.00, real=0.01 secs] 
2015-10-30T16:16:48.845+0000: 6276.026: [GC (Allocation Failure) 6276.026: [ParNew: 34373K->2416K(36288K), 0.0031303 secs] 120790K->88834K(242952K), 0.0031885 secs] [Times: user=0.01 sys=0.00, real=0.00 secs] 
2015-10-30T16:16:48.882+0000: 6276.062: [GC (Allocation Failure) 6276.062: [ParNew: 34567K->3968K(36288K), 0.0043099 secs] 120984K->92454K(242952K), 0.0043844 secs] [Times: user=0.01 sys=0.00, real=0.01 secs] 
2015-10-30T16:16:58.543+0000: 6285.723: [GC (Allocation Failure) 6285.723: [ParNew: 36225K->3968K(36288K), 0.0051881 secs] 124711K->96613K(242952K), 0.0052625 secs] [Times: user=0.02 sys=0.00, real=0.01 secs] 
2015-10-30T16:16:58.589+0000: 6285.770: [GC (Allocation Failure) 6285.770: [ParNew: 36288K->3968K(36288K), 0.0140752 secs] 128933K->108391K(242952K), 0.0141542 secs] [Times: user=0.05 sys=0.00, real=0.01 secs] 
2015-10-30T16:16:58.622+0000: 6285.803: [GC (Allocation Failure) 6285.803: [ParNew: 36288K->2440K(36288K), 0.0052747 secs] 140711K->110635K(242952K), 0.0053323 secs] [Times: user=0.02 sys=0.00, real=0.01 secs] 
2015-10-30T16:16:58.649+0000: 6285.830: [GC (Allocation Failure) 6285.830: [ParNew: 34760K->2046K(36288K), 0.0023969 secs] 142955K->110242K(242952K), 0.0024548 secs] [Times: user=0.01 sys=0.00, real=0.00 secs] 
2015-10-30T16:16:58.673+0000: 6285.854: [GC (Allocation Failure) 6285.854: [ParNew: 34366K->2807K(36288K), 0.0030546 secs] 142562K->111003K(242952K), 0.0031134 secs] [Times: user=0.01 sys=0.00, real=0.00 secs] 
2015-10-30T16:16:58.697+0000: 6285.877: [GC (Allocation Failure) 6285.877: [ParNew: 35127K->3016K(36288K), 0.0042973 secs] 143323K->111982K(242952K), 0.0043569 secs] [Times: user=0.00 sys=0.02, real=0.01 secs] 
2015-10-30T16:16:58.725+0000: 6285.906: [GC (Allocation Failure) 6285.906: [ParNew: 35336K->3194K(36288K), 0.0045162 secs] 144302K->112866K(242952K), 0.0045758 secs] [Times: user=0.01 sys=0.00, real=0.00 secs] 
2015-10-30T16:16:58.749+0000: 6285.930: [GC (Allocation Failure) 6285.930: [ParNew: 35514K->3157K(36288K), 0.0051928 secs] 145186K->113432K(242952K), 0.0052508 secs] [Times: user=0.02 sys=0.00, real=0.00 secs] 
2015-10-30T16:16:58.774+0000: 6285.954: [GC (Allocation Failure) 6285.954: [ParNew: 35477K->2604K(36288K), 0.0027258 secs] 145752K->112880K(242952K), 0.0027840 secs] [Times: user=0.01 sys=0.00, real=0.00 secs] 
2015-10-30T16:16:58.811+0000: 6285.992: [GC (Allocation Failure) 6285.992: [ParNew: 34430K->3968K(36288K), 0.0033780 secs] 144706K->116912K(242952K), 0.0034494 secs] [Times: user=0.01 sys=0.00, real=0.00 secs] 
2015-10-30T16:16:58.815+0000: 6285.996: [GC (CMS Initial Mark) [1 CMS-initial-mark: 112944K(206664K)] 117424K(242952K), 0.0018242 secs] [Times: user=0.01 sys=0.00, real=0.00 secs] 
2015-10-30T16:16:58.817+0000: 6285.998: [CMS-concurrent-mark-start]
2015-10-30T16:16:58.874+0000: 6286.054: [CMS-concurrent-mark: 0.057/0.057 secs] [Times: user=0.11 sys=0.00, real=0.05 secs] 
2015-10-30T16:16:58.874+0000: 6286.054: [CMS-concurrent-preclean-start]
2015-10-30T16:16:58.876+0000: 6286.056: [CMS-concurrent-preclean: 0.002/0.002 secs] [Times: user=0.01 sys=0.00, real=0.00 secs] 
2015-10-30T16:16:58.876+0000: 6286.056: [CMS-concurrent-abortable-preclean-start]
2015-10-30T16:17:00.239+0000: 6287.419: [GC (Allocation Failure) 6287.419: [ParNew: 36288K->2281K(36288K), 0.0066250 secs] 149232K->119810K(242952K), 0.0066839 secs] [Times: user=0.01 sys=0.01, real=0.01 secs] 
2015-10-30T16:17:00.706+0000: 6287.886: [GC (Allocation Failure) 6287.886: [ParNew: 34601K->2765K(36288K), 0.0023091 secs] 152130K->120294K(242952K), 0.0023595 secs] [Times: user=0.01 sys=0.00, real=0.00 secs] 
2015-10-30T16:17:00.733+0000: 6287.914: [GC (Allocation Failure) 6287.914: [ParNew: 35085K->3968K(36288K), 0.0055352 secs] 152614K->123043K(242952K), 0.0056042 secs] [Times: user=0.02 sys=0.00, real=0.01 secs] 
2015-10-30T16:17:00.751+0000: 6287.932: [CMS-concurrent-abortable-preclean: 0.438/1.875 secs] [Times: user=0.77 sys=0.01, real=1.88 secs] 
2015-10-30T16:17:00.752+0000: 6287.932: [GC (CMS Final Remark) [YG occupancy: 23313 K (36288 K)]6287.932: [Rescan (parallel) , 0.0126244 secs]6287.945: [weak refs processing, 0.0000180 secs]6287.945: [class unloading, 0.0146405 secs]6287.959: [scrub symbol table, 0.0065971 secs]6287.966: [scrub string table, 0.0007451 secs][1 CMS-remark: 119075K(206664K)] 142389K(242952K), 0.0360886 secs] [Times: user=0.07 sys=0.00, real=0.04 secs] 
2015-10-30T16:17:00.789+0000: 6287.970: [CMS-concurrent-sweep-start]
2015-10-30T16:17:00.824+0000: 6288.005: [CMS-concurrent-sweep: 0.035/0.035 secs] [Times: user=0.05 sys=0.00, real=0.03 secs] 
2015-10-30T16:17:00.824+0000: 6288.005: [CMS-concurrent-reset-start]
2015-10-30T16:17:00.827+0000: 6288.007: [CMS-concurrent-reset: 0.002/0.002 secs] [Times: user=0.00 sys=0.00, real=0.01 secs] 
2015-10-30T16:17:13.450+0000: 6300.631: [GC (Allocation Failure) 6300.631: [ParNew: 36288K->3328K(36288K), 0.0044704 secs] 113464K->82711K(242952K), 0.0045436 secs] [Times: user=0.02 sys=0.00, real=0.00 secs] 
2015-10-30T16:17:18.573+0000: 6305.754: [GC (Allocation Failure) 6305.754: [ParNew: 35579K->3968K(36288K), 0.0137324 secs] 114961K->84989K(242952K), 0.0138060 secs] [Times: user=0.01 sys=0.00, real=0.02 secs] 
2015-10-30T16:17:18.625+0000: 6305.805: [GC (Allocation Failure) 6305.805: [ParNew: 36288K->3968K(36288K), 0.0159681 secs] 117309K->97472K(242952K), 0.0160531 secs] [Times: user=0.06 sys=0.00, real=0.02 secs] 
2015-10-30T16:17:18.661+0000: 6305.842: [GC (Allocation Failure) 6305.842: [ParNew: 36288K->3523K(36288K), 0.0052162 secs] 129792K->100904K(242952K), 0.0052906 secs] [Times: user=0.02 sys=0.00, real=0.01 secs] 
2015-10-30T16:17:18.689+0000: 6305.869: [GC (Allocation Failure) 6305.869: [ParNew: 35843K->2250K(36288K), 0.0028824 secs] 133224K->99632K(242952K), 0.0029500 secs] [Times: user=0.01 sys=0.00, real=0.00 secs] 
2015-10-30T16:17:18.713+0000: 6305.894: [GC (Allocation Failure) 6305.894: [ParNew: 34570K->2547K(36288K), 0.0037644 secs] 131952K->99929K(242952K), 0.0038219 secs] [Times: user=0.01 sys=0.00, real=0.01 secs] 
2015-10-30T16:17:18.741+0000: 6305.922: [GC (Allocation Failure) 6305.922: [ParNew: 34867K->3433K(36288K), 0.0054305 secs] 132249K->101595K(242952K), 0.0054847 secs] [Times: user=0.02 sys=0.00, real=0.01 secs] 
2015-10-30T16:17:18.767+0000: 6305.948: [GC (Allocation Failure) 6305.948: [ParNew: 35753K->3165K(36288K), 0.0048570 secs] 133915K->102051K(242952K), 0.0049270 secs] [Times: user=0.02 sys=0.00, real=0.00 secs] 
2015-10-30T16:17:18.791+0000: 6305.971: [GC (Allocation Failure) 6305.971: [ParNew: 35485K->2650K(36288K), 0.0042249 secs] 134371K->102123K(242952K), 0.0042798 secs] [Times: user=0.01 sys=0.00, real=0.00 secs] 
2015-10-30T16:17:18.817+0000: 6305.998: [GC (Allocation Failure) 6305.998: [ParNew: 34970K->2700K(36288K), 0.0029516 secs] 134443K->102174K(242952K), 0.0030239 secs] [Times: user=0.01 sys=0.00, real=0.00 secs] 
2015-10-30T16:17:18.855+0000: 6306.035: [GC (Allocation Failure) 6306.035: [ParNew: 33464K->3968K(36288K), 0.0034392 secs] 132937K->106676K(242952K), 0.0035148 secs] [Times: user=0.01 sys=0.00, real=0.01 secs] 
2015-10-30T16:17:18.859+0000: 6306.039: [GC (CMS Initial Mark) [1 CMS-initial-mark: 102708K(206664K)] 111993K(242952K), 0.0020223 secs] [Times: user=0.00 sys=0.00, real=0.00 secs] 
2015-10-30T16:17:18.861+0000: 6306.042: [CMS-concurrent-mark-start]
2015-10-30T16:17:18.899+0000: 6306.080: [CMS-concurrent-mark: 0.038/0.038 secs] [Times: user=0.08 sys=0.00, real=0.04 secs] 
2015-10-30T16:17:18.900+0000: 6306.080: [CMS-concurrent-preclean-start]
2015-10-30T16:17:18.901+0000: 6306.081: [CMS-concurrent-preclean: 0.001/0.001 secs] [Times: user=0.00 sys=0.00, real=0.00 secs] 
2015-10-30T16:17:18.901+0000: 6306.081: [CMS-concurrent-abortable-preclean-start]
 CMS: abort preclean due to time 2015-10-30T16:17:23.949+0000: 6311.130: [CMS-concurrent-abortable-preclean: 1.282/5.048 secs] [Times: user=1.36 sys=0.01, real=5.05 secs] 
2015-10-30T16:17:23.950+0000: 6311.130: [GC (CMS Final Remark) [YG occupancy: 30830 K (36288 K)]6311.130: [Rescan (parallel) , 0.0023272 secs]6311.132: [weak refs processing, 0.0000252 secs]6311.133: [class unloading, 0.0154538 secs]6311.148: [scrub symbol table, 0.0065829 secs]6311.155: [scrub string table, 0.0007499 secs][1 CMS-remark: 102708K(206664K)] 133538K(242952K), 0.0265982 secs] [Times: user=0.03 sys=0.00, real=0.02 secs] 
2015-10-30T16:17:23.976+0000: 6311.157: [CMS-concurrent-sweep-start]
2015-10-30T16:17:24.010+0000: 6311.191: [CMS-concurrent-sweep: 0.034/0.034 secs] [Times: user=0.04 sys=0.00, real=0.04 secs] 
2015-10-30T16:17:24.010+0000: 6311.191: [CMS-concurrent-reset-start]
2015-10-30T16:17:24.013+0000: 6311.193: [CMS-concurrent-reset: 0.002/0.002 secs] [Times: user=0.00 sys=0.00, real=0.00 secs] 
2015-10-30T16:17:26.012+0000: 6313.193: [GC (CMS Initial Mark) [1 CMS-initial-mark: 69080K(206664K)] 100129K(242952K), 0.0024529 secs] [Times: user=0.00 sys=0.00, real=0.00 secs] 
2015-10-30T16:17:26.015+0000: 6313.195: [CMS-concurrent-mark-start]
2015-10-30T16:17:26.052+0000: 6313.232: [CMS-concurrent-mark: 0.037/0.037 secs] [Times: user=0.04 sys=0.00, real=0.04 secs] 
2015-10-30T16:17:26.052+0000: 6313.232: [CMS-concurrent-preclean-start]
2015-10-30T16:17:26.054+0000: 6313.235: [CMS-concurrent-preclean: 0.002/0.002 secs] [Times: user=0.00 sys=0.00, real=0.00 secs] 
2015-10-30T16:17:26.054+0000: 6313.235: [CMS-concurrent-abortable-preclean-start]
2015-10-30T16:17:28.570+0000: 6315.750: [GC (Allocation Failure) 6315.750: [ParNew: 36270K->3968K(36288K), 0.0053595 secs] 105350K->79019K(242952K), 0.0054361 secs] [Times: user=0.02 sys=0.00, real=0.00 secs] 
2015-10-30T16:17:28.613+0000: 6315.793: [GC (Allocation Failure) 6315.793: [ParNew: 36288K->3968K(36288K), 0.0143491 secs] 111339K->89944K(242952K), 0.0144328 secs] [Times: user=0.05 sys=0.00, real=0.02 secs] 
2015-10-30T16:17:28.648+0000: 6315.828: [GC (Allocation Failure) 6315.828: [ParNew: 36288K->3467K(36288K), 0.0054854 secs] 122264K->93366K(242952K), 0.0055457 secs] [Times: user=0.02 sys=0.00, real=0.00 secs] 
2015-10-30T16:17:28.673+0000: 6315.854: [GC (Allocation Failure) 6315.854: [ParNew: 35787K->2171K(36288K), 0.0025800 secs] 125686K->92070K(242952K), 0.0026392 secs] [Times: user=0.01 sys=0.00, real=0.00 secs] 
2015-10-30T16:17:28.688+0000: 6315.868: [CMS-concurrent-abortable-preclean: 0.677/2.634 secs] [Times: user=1.01 sys=0.01, real=2.64 secs] 
2015-10-30T16:17:28.689+0000: 6315.870: [GC (CMS Final Remark) [YG occupancy: 18547 K (36288 K)]6315.870: [Rescan (parallel) , 0.0108726 secs]6315.881: [weak refs processing, 0.0000194 secs]6315.881: [class unloading, 0.0152797 secs]6315.896: [scrub symbol table, 0.0065355 secs]6315.903: [scrub string table, 0.0007473 secs][1 CMS-remark: 89898K(206664K)] 108446K(242952K), 0.0349355 secs] [Times: user=0.07 sys=0.00, real=0.03 secs] 
2015-10-30T16:17:28.724+0000: 6315.905: [CMS-concurrent-sweep-start]
2015-10-30T16:17:28.738+0000: 6315.918: [GC (Allocation Failure) 6315.918: [ParNew: 34491K->2477K(36288K), 0.0034622 secs] 123326K->91313K(242952K), 0.0035094 secs] [Times: user=0.01 sys=0.00, real=0.00 secs] 
2015-10-30T16:17:28.762+0000: 6315.943: [CMS-concurrent-sweep: 0.034/0.038 secs] [Times: user=0.14 sys=0.00, real=0.04 secs] 
2015-10-30T16:17:28.762+0000: 6315.943: [CMS-concurrent-reset-start]
2015-10-30T16:17:28.765+0000: 6315.945: [CMS-concurrent-reset: 0.002/0.002 secs] [Times: user=0.01 sys=0.00, real=0.00 secs] 
2015-10-30T16:17:28.765+0000: 6315.946: [GC (Allocation Failure) 6315.946: [ParNew: 34797K->2893K(36288K), 0.0046566 secs] 120626K->89473K(242952K), 0.0047130 secs] [Times: user=0.01 sys=0.00, real=0.01 secs] 
2015-10-30T16:17:28.789+0000: 6315.969: [GC (Allocation Failure) 6315.969: [ParNew: 35213K->3040K(36288K), 0.0041596 secs] 121793K->90297K(242952K), 0.0042196 secs] [Times: user=0.01 sys=0.00, real=0.00 secs] 
2015-10-30T16:17:28.813+0000: 6315.993: [GC (Allocation Failure) 6315.994: [ParNew: 35360K->2877K(36288K), 0.0035872 secs] 122617K->90762K(242952K), 0.0036405 secs] [Times: user=0.01 sys=0.00, real=0.00 secs] 
2015-10-30T16:17:28.837+0000: 6316.018: [GC (Allocation Failure) 6316.018: [ParNew: 35197K->2085K(36288K), 0.0029781 secs] 123082K->89970K(242952K), 0.0030350 secs] [Times: user=0.01 sys=0.00, real=0.00 secs] 
2015-10-30T16:17:28.873+0000: 6316.054: [GC (Allocation Failure) 6316.054: [ParNew: 32106K->3968K(36288K), 0.0029843 secs] 119991K->95055K(242952K), 0.0030544 secs] [Times: user=0.01 sys=0.00, real=0.00 secs] 
2015-10-30T16:17:28.877+0000: 6316.058: [GC (CMS Initial Mark) [1 CMS-initial-mark: 91087K(206664K)] 100373K(242952K), 0.0017140 secs] [Times: user=0.01 sys=0.00, real=0.00 secs] 
2015-10-30T16:17:28.879+0000: 6316.060: [CMS-concurrent-mark-start]
2015-10-30T16:17:28.917+0000: 6316.097: [CMS-concurrent-mark: 0.038/0.038 secs] [Times: user=0.08 sys=0.00, real=0.03 secs] 
2015-10-30T16:17:28.917+0000: 6316.097: [CMS-concurrent-preclean-start]
2015-10-30T16:17:28.918+0000: 6316.099: [CMS-concurrent-preclean: 0.002/0.002 secs] [Times: user=0.00 sys=0.00, real=0.01 secs] 
2015-10-30T16:17:28.918+0000: 6316.099: [CMS-concurrent-abortable-preclean-start]
 CMS: abort preclean due to time 2015-10-30T16:17:33.947+0000: 6321.128: [CMS-concurrent-abortable-preclean: 1.317/5.029 secs] [Times: user=1.39 sys=0.01, real=5.03 secs] 
2015-10-30T16:17:33.948+0000: 6321.128: [GC (CMS Final Remark) [YG occupancy: 30835 K (36288 K)]6321.128: [Rescan (parallel) , 0.0022493 secs]6321.130: [weak refs processing, 0.0000258 secs]6321.130: [class unloading, 0.0150199 secs]6321.146: [scrub symbol table, 0.0065873 secs]6321.152: [scrub string table, 0.0007591 secs][1 CMS-remark: 91087K(206664K)] 121923K(242952K), 0.0261351 secs] [Times: user=0.03 sys=0.00, real=0.02 secs] 
2015-10-30T16:17:33.974+0000: 6321.154: [CMS-concurrent-sweep-start]
2015-10-30T16:17:34.008+0000: 6321.189: [CMS-concurrent-sweep: 0.034/0.034 secs] [Times: user=0.04 sys=0.00, real=0.04 secs] 
2015-10-30T16:17:34.008+0000: 6321.189: [CMS-concurrent-reset-start]
2015-10-30T16:17:34.011+0000: 6321.191: [CMS-concurrent-reset: 0.002/0.002 secs] [Times: user=0.00 sys=0.00, real=0.00 secs] 
2015-10-30T16:17:36.011+0000: 6323.191: [GC (CMS Initial Mark) [1 CMS-initial-mark: 70267K(206664K)] 101346K(242952K), 0.0022000 secs] [Times: user=0.00 sys=0.00, real=0.00 secs] 
2015-10-30T16:17:36.013+0000: 6323.194: [CMS-concurrent-mark-start]
2015-10-30T16:17:36.051+0000: 6323.232: [CMS-concurrent-mark: 0.038/0.038 secs] [Times: user=0.04 sys=0.00, real=0.04 secs] 
2015-10-30T16:17:36.051+0000: 6323.232: [CMS-concurrent-preclean-start]
2015-10-30T16:17:36.053+0000: 6323.234: [CMS-concurrent-preclean: 0.002/0.002 secs] [Times: user=0.00 sys=0.00, real=0.00 secs] 
2015-10-30T16:17:36.053+0000: 6323.234: [CMS-concurrent-abortable-preclean-start]
 CMS: abort preclean due to time 2015-10-30T16:17:41.122+0000: 6328.302: [CMS-concurrent-abortable-preclean: 1.285/5.068 secs] [Times: user=1.34 sys=0.00, real=5.07 secs] 
2015-10-30T16:17:41.122+0000: 6328.302: [GC (CMS Final Remark) [YG occupancy: 33412 K (36288 K)]6328.302: [Rescan (parallel) , 0.0030845 secs]6328.305: [weak refs processing, 0.0000210 secs]6328.305: [class unloading, 0.0149566 secs]6328.320: [scrub symbol table, 0.0065509 secs]6328.327: [scrub string table, 0.0007490 secs][1 CMS-remark: 70267K(206664K)] 103679K(242952K), 0.0268267 secs] [Times: user=0.04 sys=0.00, real=0.03 secs] 
2015-10-30T16:17:41.149+0000: 6328.329: [CMS-concurrent-sweep-start]
2015-10-30T16:17:41.195+0000: 6328.376: [CMS-concurrent-sweep: 0.046/0.046 secs] [Times: user=0.05 sys=0.00, real=0.04 secs] 
2015-10-30T16:17:41.195+0000: 6328.376: [CMS-concurrent-reset-start]
2015-10-30T16:17:41.198+0000: 6328.378: [CMS-concurrent-reset: 0.002/0.002 secs] [Times: user=0.00 sys=0.00, real=0.01 secs] 
2015-10-30T16:17:43.197+0000: 6330.378: [GC (CMS Initial Mark) [1 CMS-initial-mark: 66135K(206664K)] 99729K(242952K), 0.0034279 secs] [Times: user=0.01 sys=0.00, real=0.00 secs] 
2015-10-30T16:17:43.201+0000: 6330.381: [CMS-concurrent-mark-start]
2015-10-30T16:17:43.238+0000: 6330.418: [CMS-concurrent-mark: 0.037/0.037 secs] [Times: user=0.03 sys=0.00, real=0.04 secs] 
2015-10-30T16:17:43.238+0000: 6330.418: [CMS-concurrent-preclean-start]
2015-10-30T16:17:43.240+0000: 6330.420: [CMS-concurrent-preclean: 0.002/0.002 secs] [Times: user=0.01 sys=0.00, real=0.00 secs] 
2015-10-30T16:17:43.240+0000: 6330.420: [CMS-concurrent-abortable-preclean-start]
2015-10-30T16:17:43.578+0000: 6330.758: [GC (Allocation Failure) 6330.758: [ParNew: 36272K->3875K(36288K), 0.0027361 secs] 102407K->73219K(242952K), 0.0028027 secs] [Times: user=0.01 sys=0.00, real=0.00 secs] 
2015-10-30T16:17:43.622+0000: 6330.802: [GC (Allocation Failure) 6330.802: [ParNew: 36195K->3968K(36288K), 0.0137118 secs] 105539K->84286K(242952K), 0.0137900 secs] [Times: user=0.05 sys=0.00, real=0.01 secs] 
2015-10-30T16:17:43.661+0000: 6330.842: [GC (Allocation Failure) 6330.842: [ParNew: 36288K->3515K(36288K), 0.0066171 secs] 116606K->87724K(242952K), 0.0066838 secs] [Times: user=0.02 sys=0.00, real=0.01 secs] 
2015-10-30T16:17:43.692+0000: 6330.873: [GC (Allocation Failure) 6330.873: [ParNew: 35835K->2243K(36288K), 0.0026312 secs] 120044K->86452K(242952K), 0.0026892 secs] [Times: user=0.01 sys=0.00, real=0.00 secs] 
2015-10-30T16:17:43.696+0000: 6330.876: [CMS-concurrent-abortable-preclean: 0.135/0.456 secs] [Times: user=0.41 sys=0.01, real=0.45 secs] 
2015-10-30T16:17:43.697+0000: 6330.878: [GC (CMS Final Remark) [YG occupancy: 3830 K (36288 K)]6330.878: [Rescan (parallel) , 0.0023198 secs]6330.880: [weak refs processing, 0.0000123 secs]6330.880: [class unloading, 0.0145742 secs]6330.895: [scrub symbol table, 0.0065218 secs]6330.901: [scrub string table, 0.0007573 secs][1 CMS-remark: 84208K(206664K)] 88038K(242952K), 0.0256057 secs] [Times: user=0.03 sys=0.00, real=0.02 secs] 
2015-10-30T16:17:43.723+0000: 6330.904: [CMS-concurrent-sweep-start]
2015-10-30T16:17:43.743+0000: 6330.923: [GC (Allocation Failure) 6330.923: [ParNew: 34563K->3481K(36288K), 0.0037324 secs] 118771K->87689K(242952K), 0.0037998 secs] [Times: user=0.01 sys=0.00, real=0.01 secs] 
2015-10-30T16:17:43.770+0000: 6330.950: [GC (Allocation Failure) 6330.950: [ParNew: 35801K->3001K(36288K), 0.0057549 secs] 119976K->88656K(242952K), 0.0058154 secs] [Times: user=0.02 sys=0.00, real=0.00 secs] 
2015-10-30T16:17:43.778+0000: 6330.959: [CMS-concurrent-sweep: 0.045/0.055 secs] [Times: user=0.21 sys=0.00, real=0.06 secs] 
2015-10-30T16:17:43.778+0000: 6330.959: [CMS-concurrent-reset-start]
2015-10-30T16:17:43.781+0000: 6330.962: [CMS-concurrent-reset: 0.003/0.003 secs] [Times: user=0.02 sys=0.00, real=0.00 secs] 
2015-10-30T16:17:43.799+0000: 6330.980: [GC (Allocation Failure) 6330.980: [ParNew: 35321K->3137K(36288K), 0.0034406 secs] 120975K->88792K(242952K), 0.0035203 secs] [Times: user=0.01 sys=0.00, real=0.00 secs] 
2015-10-30T16:17:43.824+0000: 6331.005: [GC (Allocation Failure) 6331.005: [ParNew: 35457K->3118K(36288K), 0.0038603 secs] 121112K->89432K(242952K), 0.0039206 secs] [Times: user=0.02 sys=0.00, real=0.01 secs] 
2015-10-30T16:17:43.849+0000: 6331.029: [GC (Allocation Failure) 6331.029: [ParNew: 35438K->2187K(36288K), 0.0025311 secs] 121752K->88500K(242952K), 0.0025864 secs] [Times: user=0.01 sys=0.00, real=0.00 secs] 
2015-10-30T16:17:43.886+0000: 6331.066: [GC (Allocation Failure) 6331.066: [ParNew: 32904K->3968K(36288K), 0.0037853 secs] 119217K->93209K(242952K), 0.0038549 secs] [Times: user=0.01 sys=0.00, real=0.00 secs] 
2015-10-30T16:17:53.573+0000: 6340.753: [GC (Allocation Failure) 6340.753: [ParNew: 36273K->3968K(36288K), 0.0052047 secs] 125514K->98503K(242952K), 0.0052852 secs] [Times: user=0.02 sys=0.00, real=0.01 secs] 
2015-10-30T16:17:53.616+0000: 6340.796: [GC (Allocation Failure) 6340.796: [ParNew: 36288K->3968K(36288K), 0.0146421 secs] 130823K->109755K(242952K), 0.0147233 secs] [Times: user=0.05 sys=0.00, real=0.02 secs] 
2015-10-30T16:17:53.650+0000: 6340.831: [GC (Allocation Failure) 6340.831: [ParNew: 36288K->3356K(36288K), 0.0053232 secs] 142075K->112923K(242952K), 0.0053801 secs] [Times: user=0.02 sys=0.00, real=0.00 secs] 
2015-10-30T16:17:53.677+0000: 6340.858: [GC (Allocation Failure) 6340.858: [ParNew: 35676K->2145K(36288K), 0.0030524 secs] 145243K->111712K(242952K), 0.0031127 secs] [Times: user=0.01 sys=0.00, real=0.00 secs] 
2015-10-30T16:17:53.699+0000: 6340.879: [GC (Allocation Failure) 6340.879: [ParNew: 34465K->2944K(36288K), 0.0033724 secs] 144032K->112510K(242952K), 0.0034329 secs] [Times: user=0.01 sys=0.00, real=0.00 secs] 
2015-10-30T16:17:53.725+0000: 6340.906: [GC (Allocation Failure) 6340.906: [ParNew: 35264K->2486K(36288K), 0.0049561 secs] 144830K->112860K(242952K), 0.0050151 secs] [Times: user=0.02 sys=0.00, real=0.00 secs] 
2015-10-30T16:17:53.753+0000: 6340.934: [GC (Allocation Failure) 6340.934: [ParNew: 34806K->3143K(36288K), 0.0045749 secs] 145180K->114231K(242952K), 0.0046350 secs] [Times: user=0.02 sys=0.00, real=0.01 secs] 
2015-10-30T16:17:53.777+0000: 6340.958: [GC (Allocation Failure) 6340.958: [ParNew: 35463K->3968K(36288K), 0.0034284 secs] 146551K->115056K(242952K), 0.0034882 secs] [Times: user=0.02 sys=0.00, real=0.00 secs] 
2015-10-30T16:17:53.801+0000: 6340.982: [GC (Allocation Failure) 6340.982: [ParNew: 36288K->2372K(36288K), 0.0041713 secs] 147376K->114039K(242952K), 0.0042447 secs] [Times: user=0.02 sys=0.00, real=0.01 secs] 
2015-10-30T16:17:53.841+0000: 6341.022: [GC (Allocation Failure) 6341.022: [ParNew: 33437K->3968K(36288K), 0.0034354 secs] 145104K->118792K(242952K), 0.0035034 secs] [Times: user=0.01 sys=0.00, real=0.00 secs] 
2015-10-30T16:17:53.846+0000: 6341.026: [GC (CMS Initial Mark) [1 CMS-initial-mark: 114824K(206664K)] 124109K(242952K), 0.0018167 secs] [Times: user=0.01 sys=0.00, real=0.00 secs] 
2015-10-30T16:17:53.848+0000: 6341.028: [CMS-concurrent-mark-start]
2015-10-30T16:17:53.885+0000: 6341.066: [CMS-concurrent-mark: 0.037/0.037 secs] [Times: user=0.07 sys=0.00, real=0.04 secs] 
2015-10-30T16:17:53.885+0000: 6341.066: [CMS-concurrent-preclean-start]
2015-10-30T16:17:53.887+0000: 6341.067: [CMS-concurrent-preclean: 0.002/0.002 secs] [Times: user=0.01 sys=0.00, real=0.00 secs] 
2015-10-30T16:17:53.887+0000: 6341.067: [CMS-concurrent-abortable-preclean-start]
 CMS: abort preclean due to time 2015-10-30T16:17:58.899+0000: 6346.080: [CMS-concurrent-abortable-preclean: 1.340/5.013 secs] [Times: user=1.43 sys=0.01, real=5.01 secs] 
2015-10-30T16:17:58.900+0000: 6346.080: [GC (CMS Final Remark) [YG occupancy: 32080 K (36288 K)]6346.080: [Rescan (parallel) , 0.0026299 secs]6346.083: [weak refs processing, 0.0000167 secs]6346.083: [class unloading, 0.0152984 secs]6346.098: [scrub symbol table, 0.0065514 secs]6346.105: [scrub string table, 0.0007431 secs][1 CMS-remark: 114824K(206664K)] 146904K(242952K), 0.0266879 secs] [Times: user=0.03 sys=0.00, real=0.03 secs] 
2015-10-30T16:17:58.926+0000: 6346.107: [CMS-concurrent-sweep-start]
2015-10-30T16:17:58.961+0000: 6346.141: [CMS-concurrent-sweep: 0.034/0.034 secs] [Times: user=0.03 sys=0.00, real=0.03 secs] 
2015-10-30T16:17:58.961+0000: 6346.141: [CMS-concurrent-reset-start]
2015-10-30T16:17:58.963+0000: 6346.144: [CMS-concurrent-reset: 0.002/0.002 secs] [Times: user=0.01 sys=0.00, real=0.00 secs] 
2015-10-30T16:18:00.055+0000: 6347.236: [GC (Allocation Failure) 6347.236: [ParNew: 36202K->2519K(36288K), 0.0054140 secs] 107317K->78747K(242952K), 0.0054849 secs] [Times: user=0.02 sys=0.00, real=0.01 secs] 
2015-10-30T16:18:00.079+0000: 6347.260: [GC (Allocation Failure) 6347.260: [ParNew: 34839K->3968K(36288K), 0.0083937 secs] 111067K->86971K(242952K), 0.0084766 secs] [Times: user=0.04 sys=0.00, real=0.01 secs] 
2015-10-30T16:18:00.109+0000: 6347.290: [GC (Allocation Failure) 6347.290: [ParNew: 36288K->3968K(36288K), 0.0173643 secs] 119291K->98657K(242952K), 0.0174438 secs] [Times: user=0.07 sys=0.00, real=0.02 secs] 
2015-10-30T16:18:00.145+0000: 6347.326: [GC (Allocation Failure) 6347.326: [ParNew: 36288K->3968K(36288K), 0.0069499 secs] 130977K->102404K(242952K), 0.0070308 secs] [Times: user=0.02 sys=0.00, real=0.00 secs] 
2015-10-30T16:18:00.167+0000: 6347.347: [GC (Allocation Failure) 6347.347: [ParNew: 36288K->2795K(36288K), 0.0047766 secs] 134724K->102327K(242952K), 0.0048583 secs] [Times: user=0.01 sys=0.00, real=0.00 secs] 
2015-10-30T16:18:00.193+0000: 6347.374: [GC (Allocation Failure) 6347.374: [ParNew: 35018K->3321K(36288K), 0.0038866 secs] 134550K->102854K(242952K), 0.0039619 secs] [Times: user=0.01 sys=0.00, real=0.01 secs] 
2015-10-30T16:18:00.249+0000: 6347.430: [GC (Allocation Failure) 6347.430: [ParNew: 35641K->3787K(36288K), 0.0046318 secs] 135174K->104699K(242952K), 0.0046936 secs] [Times: user=0.01 sys=0.00, real=0.00 secs] 
2015-10-30T16:18:00.294+0000: 6347.475: [GC (Allocation Failure) 6347.475: [ParNew: 36107K->3923K(36288K), 0.0058840 secs] 137019K->107462K(242952K), 0.0059579 secs] [Times: user=0.01 sys=0.00, real=0.01 secs] 
2015-10-30T16:18:00.301+0000: 6347.481: [GC (CMS Initial Mark) [1 CMS-initial-mark: 103538K(206664K)] 107471K(242952K), 0.0021444 secs] [Times: user=0.01 sys=0.00, real=0.00 secs] 
2015-10-30T16:18:00.303+0000: 6347.483: [CMS-concurrent-mark-start]
2015-10-30T16:18:00.336+0000: 6347.517: [GC (Allocation Failure) 6347.517: [ParNew: 36243K->3968K(36288K), 0.0117684 secs] 139782K->114476K(242952K), 0.0118559 secs] [Times: user=0.03 sys=0.00, real=0.02 secs] 
2015-10-30T16:18:00.370+0000: 6347.550: [CMS-concurrent-mark: 0.054/0.067 secs] [Times: user=0.21 sys=0.01, real=0.07 secs] 
2015-10-30T16:18:00.370+0000: 6347.550: [CMS-concurrent-preclean-start]
2015-10-30T16:18:00.375+0000: 6347.555: [GC (Allocation Failure) 6347.556: [ParNew: 36288K->3968K(36288K), 0.0087182 secs] 146796K->117365K(242952K), 0.0088020 secs] [Times: user=0.02 sys=0.00, real=0.01 secs] 
2015-10-30T16:18:00.393+0000: 6347.574: [CMS-concurrent-preclean: 0.013/0.024 secs] [Times: user=0.07 sys=0.00, real=0.02 secs] 
2015-10-30T16:18:00.393+0000: 6347.574: [CMS-concurrent-abortable-preclean-start]
2015-10-30T16:18:00.408+0000: 6347.589: [GC (Allocation Failure) 6347.589: [ParNew: 35929K->3497K(36288K), 0.0057578 secs] 149326K->118740K(242952K), 0.0058310 secs] [Times: user=0.02 sys=0.00, real=0.00 secs] 
2015-10-30T16:18:00.418+0000: 6347.599: [CMS-concurrent-abortable-preclean: 0.018/0.025 secs] [Times: user=0.08 sys=0.00, real=0.03 secs] 
2015-10-30T16:18:00.420+0000: 6347.600: [GC (CMS Final Remark) [YG occupancy: 6558 K (36288 K)]6347.600: [Rescan (parallel) , 0.0024375 secs]6347.603: [weak refs processing, 0.0000243 secs]6347.603: [class unloading, 0.0168747 secs]6347.620: [scrub symbol table, 0.0068647 secs]6347.627: [scrub string table, 0.0007702 secs][1 CMS-remark: 115242K(206664K)] 121801K(242952K), 0.0284843 secs] [Times: user=0.04 sys=0.00, real=0.03 secs] 
2015-10-30T16:18:00.449+0000: 6347.629: [CMS-concurrent-sweep-start]
2015-10-30T16:18:00.500+0000: 6347.680: [CMS-concurrent-sweep: 0.051/0.051 secs] [Times: user=0.11 sys=0.00, real=0.05 secs] 
2015-10-30T16:18:00.500+0000: 6347.680: [CMS-concurrent-reset-start]
2015-10-30T16:18:00.502+0000: 6347.683: [CMS-concurrent-reset: 0.002/0.002 secs] [Times: user=0.00 sys=0.00, real=0.00 secs] 
2015-10-30T16:18:02.502+0000: 6349.682: [GC (CMS Initial Mark) [1 CMS-initial-mark: 74961K(206664K)] 106769K(242952K), 0.0110363 secs] [Times: user=0.04 sys=0.00, real=0.01 secs] 
2015-10-30T16:18:02.513+0000: 6349.694: [CMS-concurrent-mark-start]
2015-10-30T16:18:02.547+0000: 6349.728: [CMS-concurrent-mark: 0.034/0.034 secs] [Times: user=0.03 sys=0.00, real=0.04 secs] 
2015-10-30T16:18:02.547+0000: 6349.728: [CMS-concurrent-preclean-start]
2015-10-30T16:18:02.550+0000: 6349.730: [CMS-concurrent-preclean: 0.002/0.002 secs] [Times: user=0.01 sys=0.00, real=0.00 secs] 
2015-10-30T16:18:02.550+0000: 6349.730: [CMS-concurrent-abortable-preclean-start]
 CMS: abort preclean due to time 2015-10-30T16:18:07.647+0000: 6354.828: [CMS-concurrent-abortable-preclean: 1.004/5.098 secs] [Times: user=1.07 sys=0.01, real=5.10 secs] 
2015-10-30T16:18:07.648+0000: 6354.828: [GC (CMS Final Remark) [YG occupancy: 33418 K (36288 K)]6354.837: [Rescan (parallel) , 0.0132627 secs]6354.850: [weak refs processing, 0.0000201 secs]6354.850: [class unloading, 0.0154065 secs]6354.865: [scrub symbol table, 0.0070932 secs]6354.872: [scrub string table, 0.0007612 secs][1 CMS-remark: 74961K(206664K)] 108380K(242952K), 0.0465194 secs] [Times: user=0.07 sys=0.00, real=0.04 secs] 
2015-10-30T16:18:07.694+0000: 6354.875: [CMS-concurrent-sweep-start]
2015-10-30T16:18:07.726+0000: 6354.906: [CMS-concurrent-sweep: 0.031/0.031 secs] [Times: user=0.03 sys=0.00, real=0.04 secs] 
2015-10-30T16:18:07.726+0000: 6354.906: [CMS-concurrent-reset-start]
2015-10-30T16:18:07.728+0000: 6354.909: [CMS-concurrent-reset: 0.002/0.002 secs] [Times: user=0.00 sys=0.00, real=0.00 secs] 
2015-10-30T16:18:09.728+0000: 6356.909: [GC (CMS Initial Mark) [1 CMS-initial-mark: 64587K(206664K)] 100004K(242952K), 0.0118111 secs] [Times: user=0.05 sys=0.00, real=0.01 secs] 
2015-10-30T16:18:09.740+0000: 6356.920: [CMS-concurrent-mark-start]
2015-10-30T16:18:09.775+0000: 6356.956: [CMS-concurrent-mark: 0.035/0.035 secs] [Times: user=0.03 sys=0.00, real=0.03 secs] 
2015-10-30T16:18:09.775+0000: 6356.956: [CMS-concurrent-preclean-start]
2015-10-30T16:18:09.777+0000: 6356.958: [CMS-concurrent-preclean: 0.002/0.002 secs] [Times: user=0.01 sys=0.00, real=0.01 secs] 
2015-10-30T16:18:09.777+0000: 6356.958: [CMS-concurrent-abortable-preclean-start]
2015-10-30T16:18:12.275+0000: 6359.455: [GC (Allocation Failure) 6359.456: [ParNew: 35817K->3968K(36288K), 0.0028286 secs] 100405K->68555K(242952K), 0.0029005 secs] [Times: user=0.01 sys=0.00, real=0.01 secs] 
2015-10-30T16:18:13.609+0000: 6360.790: [GC (Allocation Failure) 6360.790: [ParNew: 36288K->3968K(36288K), 0.0175931 secs] 100875K->82850K(242952K), 0.0176796 secs] [Times: user=0.06 sys=0.00, real=0.02 secs] 
2015-10-30T16:18:13.648+0000: 6360.828: [GC (Allocation Failure) 6360.828: [ParNew: 36288K->3050K(36288K), 0.0053989 secs] 115170K->85817K(242952K), 0.0054809 secs] [Times: user=0.02 sys=0.00, real=0.00 secs] 
2015-10-30T16:18:13.677+0000: 6360.858: [GC (Allocation Failure) 6360.858: [ParNew: 35370K->1713K(36288K), 0.0029376 secs] 118137K->84480K(242952K), 0.0029966 secs] [Times: user=0.01 sys=0.00, real=0.00 secs] 
2015-10-30T16:18:13.682+0000: 6360.863: [CMS-concurrent-abortable-preclean: 0.785/3.905 secs] [Times: user=1.10 sys=0.01, real=3.90 secs] 
2015-10-30T16:18:13.683+0000: 6360.863: [GC (CMS Final Remark) [YG occupancy: 3887 K (36288 K)]6360.863: [Rescan (parallel) , 0.0027820 secs]6360.866: [weak refs processing, 0.0000168 secs]6360.866: [class unloading, 0.0149752 secs]6360.881: [scrub symbol table, 0.0066683 secs]6360.888: [scrub string table, 0.0007651 secs][1 CMS-remark: 82767K(206664K)] 86654K(242952K), 0.0267083 secs] [Times: user=0.03 sys=0.00, real=0.03 secs] 
2015-10-30T16:18:13.710+0000: 6360.890: [CMS-concurrent-sweep-start]
2015-10-30T16:18:13.734+0000: 6360.915: [GC (Allocation Failure) 6360.915: [ParNew: 34033K->2704K(36288K), 0.0033377 secs] 116772K->85443K(242952K), 0.0034083 secs] [Times: user=0.01 sys=0.00, real=0.01 secs] 
2015-10-30T16:18:13.758+0000: 6360.938: [CMS-concurrent-sweep: 0.045/0.048 secs] [Times: user=0.18 sys=0.00, real=0.05 secs] 
2015-10-30T16:18:13.758+0000: 6360.939: [CMS-concurrent-reset-start]
2015-10-30T16:18:13.761+0000: 6360.941: [CMS-concurrent-reset: 0.003/0.003 secs] [Times: user=0.01 sys=0.00, real=0.00 secs] 
2015-10-30T16:18:13.762+0000: 6360.942: [GC (Allocation Failure) 6360.942: [ParNew: 35024K->2862K(36288K), 0.0047125 secs] 117733K->86362K(242952K), 0.0047638 secs] [Times: user=0.02 sys=0.00, real=0.01 secs] 
2015-10-30T16:18:13.788+0000: 6360.968: [GC (Allocation Failure) 6360.968: [ParNew: 35182K->2588K(36288K), 0.0039830 secs] 118682K->86811K(242952K), 0.0040469 secs] [Times: user=0.02 sys=0.00, real=0.00 secs] 
2015-10-30T16:18:13.809+0000: 6360.990: [GC (Allocation Failure) 6360.990: [ParNew: 34908K->3160K(36288K), 0.0041134 secs] 119131K->87994K(242952K), 0.0041832 secs] [Times: user=0.01 sys=0.00, real=0.00 secs] 
2015-10-30T16:18:13.836+0000: 6361.016: [GC (Allocation Failure) 6361.016: [ParNew: 35480K->2384K(36288K), 0.0028222 secs] 120314K->87217K(242952K), 0.0028811 secs] [Times: user=0.01 sys=0.00, real=0.01 secs] 
2015-10-30T16:18:13.870+0000: 6361.050: [GC (Allocation Failure) 6361.050: [ParNew: 34233K->3968K(36288K), 0.0030813 secs] 119066K->90466K(242952K), 0.0031480 secs] [Times: user=0.01 sys=0.00, real=0.00 secs] 
2015-10-30T16:18:20.207+0000: 6367.388: [GC (GCLocker Initiated GC) 6367.388: [ParNew: 36249K->2266K(36288K), 0.0048441 secs] 122811K->93411K(242952K), 0.0049048 secs] [Times: user=0.02 sys=0.00, real=0.00 secs] 
2015-10-30T16:18:20.255+0000: 6367.436: [GC (Allocation Failure) 6367.436: [ParNew: 35535K->3968K(36288K), 0.0035767 secs] 126680K->95179K(242952K), 0.0036355 secs] [Times: user=0.01 sys=0.00, real=0.01 secs] 
2015-10-30T16:18:20.261+0000: 6367.442: [GC (GCLocker Initiated GC) 6367.442: [ParNew: 6941K->2216K(36288K), 0.0046895 secs] 98153K->96654K(242952K), 0.0047340 secs] [Times: user=0.01 sys=0.00, real=0.01 secs] 
2015-10-30T16:18:20.292+0000: 6367.473: [GC (Allocation Failure) 6367.473: [ParNew: 34536K->3968K(36288K), 0.0088108 secs] 128974K->100457K(242952K), 0.0088819 secs] [Times: user=0.03 sys=0.00, real=0.01 secs] 
2015-10-30T16:18:22.533+0000: 6369.714: [GC (Allocation Failure) 6369.714: [ParNew: 36288K->3776K(36288K), 0.0077397 secs] 132777K->104271K(242952K), 0.0078149 secs] [Times: user=0.03 sys=0.00, real=0.01 secs] 
2015-10-30T16:18:27.301+0000: 6374.481: [GC (Allocation Failure) 6374.481: [ParNew: 36096K->3686K(36288K), 0.0025849 secs] 136591K->104181K(242952K), 0.0026394 secs] [Times: user=0.01 sys=0.00, real=0.00 secs] 
2015-10-30T16:18:29.945+0000: 6377.125: [GC (Allocation Failure) 6377.125: [ParNew: 36006K->3968K(36288K), 0.0165171 secs] 136501K->118391K(242952K), 0.0165993 secs] [Times: user=0.06 sys=0.00, real=0.02 secs] 
2015-10-30T16:18:29.981+0000: 6377.161: [GC (Allocation Failure) 6377.161: [ParNew: 36288K->3535K(36288K), 0.0045574 secs] 150711K->121746K(242952K), 0.0046224 secs] [Times: user=0.01 sys=0.00, real=0.01 secs] 
2015-10-30T16:18:30.005+0000: 6377.186: [GC (Allocation Failure) 6377.186: [ParNew: 35855K->2204K(36288K), 0.0029014 secs] 154066K->120416K(242952K), 0.0029649 secs] [Times: user=0.01 sys=0.00, real=0.00 secs] 
2015-10-30T16:18:30.026+0000: 6377.206: [GC (Allocation Failure) 6377.206: [ParNew: 34524K->2961K(36288K), 0.0036025 secs] 152736K->121173K(242952K), 0.0036527 secs] [Times: user=0.01 sys=0.00, real=0.00 secs] 
2015-10-30T16:18:30.052+0000: 6377.232: [GC (Allocation Failure) 6377.232: [ParNew: 35281K->3054K(36288K), 0.0049345 secs] 153493K->122077K(242952K), 0.0049870 secs] [Times: user=0.02 sys=0.00, real=0.00 secs] 
2015-10-30T16:18:30.077+0000: 6377.258: [GC (Allocation Failure) 6377.258: [ParNew: 35374K->2604K(36288K), 0.0044653 secs] 154397K->122311K(242952K), 0.0045278 secs] [Times: user=0.01 sys=0.00, real=0.00 secs] 
2015-10-30T16:18:30.101+0000: 6377.282: [GC (Allocation Failure) 6377.282: [ParNew: 34924K->3008K(36288K), 0.0037037 secs] 154631K->122715K(242952K), 0.0037634 secs] [Times: user=0.01 sys=0.00, real=0.00 secs] 
2015-10-30T16:18:30.125+0000: 6377.306: [GC (Allocation Failure) 6377.306: [ParNew: 35328K->2847K(36288K), 0.0042273 secs] 155035K->123167K(242952K), 0.0042911 secs] [Times: user=0.01 sys=0.00, real=0.00 secs] 
2015-10-30T16:18:30.149+0000: 6377.330: [GC (Allocation Failure) 6377.330: [ParNew: 34761K->2976K(36288K), 0.0032115 secs] 155081K->123296K(242952K), 0.0032710 secs] [Times: user=0.01 sys=0.00, real=0.00 secs] 
2015-10-30T16:18:30.632+0000: 6377.813: [GC (Allocation Failure) 6377.813: [ParNew: 35296K->3027K(36288K), 0.0039191 secs] 155616K->126586K(242952K), 0.0039924 secs] [Times: user=0.01 sys=0.00, real=0.00 secs] 
2015-10-30T16:18:39.963+0000: 6387.144: [GC (Allocation Failure) 6387.144: [ParNew: 35347K->3968K(36288K), 0.0183551 secs] 158906K->140543K(242952K), 0.0184377 secs] [Times: user=0.06 sys=0.00, real=0.02 secs] 
2015-10-30T16:18:40.000+0000: 6387.181: [GC (Allocation Failure) 6387.181: [ParNew: 36288K->3348K(36288K), 0.0059837 secs] 172863K->143809K(242952K), 0.0060435 secs] [Times: user=0.03 sys=0.00, real=0.01 secs] 
2015-10-30T16:18:40.029+0000: 6387.209: [GC (Allocation Failure) 6387.209: [ParNew: 35668K->2128K(36288K), 0.0030282 secs] 176129K->142589K(242952K), 0.0030881 secs] [Times: user=0.01 sys=0.00, real=0.00 secs] 
2015-10-30T16:18:40.053+0000: 6387.234: [GC (Allocation Failure) 6387.234: [ParNew: 34448K->3096K(36288K), 0.0033399 secs] 174909K->143557K(242952K), 0.0033882 secs] [Times: user=0.01 sys=0.00, real=0.00 secs] 
2015-10-30T16:18:40.077+0000: 6387.258: [GC (Allocation Failure) 6387.258: [ParNew: 35416K->2529K(36288K), 0.0052245 secs] 175877K->143836K(242952K), 0.0052759 secs] [Times: user=0.01 sys=0.00, real=0.00 secs] 
2015-10-30T16:18:40.102+0000: 6387.282: [GC (Allocation Failure) 6387.282: [ParNew: 34849K->3088K(36288K), 0.0046792 secs] 176156K->145066K(242952K), 0.0047446 secs] [Times: user=0.01 sys=0.00, real=0.01 secs] 
2015-10-30T16:18:40.125+0000: 6387.306: [GC (Allocation Failure) 6387.306: [ParNew: 35408K->3968K(36288K), 0.0036061 secs] 177386K->145946K(242952K), 0.0036641 secs] [Times: user=0.01 sys=0.00, real=0.00 secs] 
2015-10-30T16:18:40.147+0000: 6387.328: [GC (Allocation Failure) 6387.328: [ParNew: 36288K->2416K(36288K), 0.0042988 secs] 178266K->145034K(242952K), 0.0043584 secs] [Times: user=0.02 sys=0.00, real=0.00 secs] 
2015-10-30T16:18:40.175+0000: 6387.355: [GC (Allocation Failure) 6387.355: [ParNew: 34736K->3968K(36288K), 0.0033142 secs] 177354K->146630K(242952K), 0.0033768 secs] [Times: user=0.01 sys=0.00, real=0.01 secs] 
2015-10-30T16:18:47.782+0000: 6394.962: [GC (Allocation Failure) 6394.962: [ParNew: 36288K->1934K(36288K), 0.0055778 secs] 178950K->148997K(242952K), 0.0056506 secs] [Times: user=0.01 sys=0.00, real=0.01 secs] 
2015-10-30T16:18:55.965+0000: 6403.146: [GC (Allocation Failure) 6403.146: [ParNew: 34254K->3968K(36288K), 0.0151374 secs] 181317K->163055K(242952K), 0.0152157 secs] [Times: user=0.05 sys=0.00, real=0.01 secs] 
2015-10-30T16:18:55.999+0000: 6403.179: [GC (Allocation Failure) 6403.179: [ParNew: 36288K->2029K(36288K), 0.0050299 secs] 195375K->164941K(242952K), 0.0050856 secs] [Times: user=0.02 sys=0.00, real=0.00 secs] 
2015-10-30T16:18:56.025+0000: 6403.206: [GC (Allocation Failure) 6403.206: [ParNew: 34349K->1914K(36288K), 0.0033303 secs] 197261K->164825K(242952K), 0.0033968 secs] [Times: user=0.01 sys=0.00, real=0.00 secs] 
2015-10-30T16:18:56.047+0000: 6403.227: [GC (Allocation Failure) 6403.227: [ParNew: 34234K->2648K(36288K), 0.0032960 secs] 197145K->165559K(242952K), 0.0033491 secs] [Times: user=0.01 sys=0.00, real=0.00 secs] 
2015-10-30T16:18:56.073+0000: 6403.253: [GC (Allocation Failure) 6403.253: [ParNew: 34968K->2994K(36288K), 0.0044985 secs] 197879K->166746K(242952K), 0.0045567 secs] [Times: user=0.01 sys=0.00, real=0.01 secs] 
2015-10-30T16:18:56.099+0000: 6403.280: [GC (Allocation Failure) 6403.280: [ParNew: 35314K->3086K(36288K), 0.0040193 secs] 199066K->167515K(242952K), 0.0040925 secs] [Times: user=0.02 sys=0.00, real=0.00 secs] 
2015-10-30T16:18:56.122+0000: 6403.302: [GC (Allocation Failure) 6403.302: [ParNew: 35406K->3671K(36288K), 0.0047343 secs] 199835K->168741K(242952K), 0.0048021 secs] [Times: user=0.01 sys=0.00, real=0.01 secs] 
2015-10-30T16:18:56.146+0000: 6403.327: [GC (Allocation Failure) 6403.327: [ParNew: 35991K->2268K(36288K), 0.0031674 secs] 201061K->167894K(242952K), 0.0032249 secs] [Times: user=0.01 sys=0.00, real=0.00 secs] 
2015-10-30T16:18:56.153+0000: 6403.334: [GC (CMS Initial Mark) [1 CMS-initial-mark: 165626K(206664K)] 173133K(242952K), 0.0044061 secs] [Times: user=0.01 sys=0.00, real=0.01 secs] 
2015-10-30T16:18:56.158+0000: 6403.338: [CMS-concurrent-mark-start]
2015-10-30T16:18:56.186+0000: 6403.367: [GC (Allocation Failure) 6403.367: [ParNew: 34212K->3686K(36288K), 0.0024286 secs] 199839K->169313K(242952K), 0.0024864 secs] [Times: user=0.01 sys=0.00, real=0.00 secs] 
2015-10-30T16:18:56.224+0000: 6403.404: [CMS-concurrent-mark: 0.063/0.066 secs] [Times: user=0.17 sys=0.00, real=0.06 secs] 
2015-10-30T16:18:56.224+0000: 6403.404: [CMS-concurrent-preclean-start]
2015-10-30T16:18:56.226+0000: 6403.406: [CMS-concurrent-preclean: 0.002/0.002 secs] [Times: user=0.00 sys=0.00, real=0.01 secs] 
2015-10-30T16:18:56.226+0000: 6403.406: [CMS-concurrent-abortable-preclean-start]
2015-10-30T16:18:58.805+0000: 6405.985: [GC (Allocation Failure) 6405.985: [ParNew: 35984K->1882K(36288K), 0.0044464 secs] 201611K->171385K(242952K), 0.0045210 secs] [Times: user=0.01 sys=0.00, real=0.01 secs] 
2015-10-30T16:19:00.257+0000: 6407.438: [GC (Allocation Failure) 6407.438: [ParNew: 34202K->3968K(36288K), 0.0081899 secs] 203705K->175017K(242952K), 0.0082648 secs] [Times: user=0.02 sys=0.00, real=0.01 secs] 
2015-10-30T16:19:00.272+0000: 6407.452: [CMS-concurrent-abortable-preclean: 0.789/4.046 secs] [Times: user=1.36 sys=0.01, real=4.04 secs] 
2015-10-30T16:19:00.276+0000: 6407.456: [GC (CMS Final Remark) [YG occupancy: 13981 K (36288 K)]6407.456: [Rescan (parallel) , 0.0139224 secs]6407.470: [weak refs processing, 0.0000323 secs]6407.470: [class unloading, 0.0156817 secs]6407.486: [scrub symbol table, 0.0068432 secs]6407.493: [scrub string table, 0.0007781 secs][1 CMS-remark: 171049K(206664K)] 185031K(242952K), 0.0388967 secs] [Times: user=0.10 sys=0.00, real=0.04 secs] 
2015-10-30T16:19:00.315+0000: 6407.495: [CMS-concurrent-sweep-start]
2015-10-30T16:19:00.346+0000: 6407.526: [GC (Allocation Failure) 6407.526: [ParNew: 36288K->3095K(36288K), 0.0040595 secs] 200504K->168382K(242952K), 0.0041378 secs] [Times: user=0.01 sys=0.00, real=0.00 secs] 
2015-10-30T16:19:00.353+0000: 6407.533: [GC (GCLocker Initiated GC) 6407.533: [ParNew: 5363K->2039K(36288K), 0.0034866 secs] 168274K->166885K(242952K), 0.0035427 secs] [Times: user=0.01 sys=0.00, real=0.00 secs] 
2015-10-30T16:19:00.378+0000: 6407.559: [GC (Allocation Failure) 6407.559: [ParNew: 34359K->3968K(36288K), 0.0056415 secs] 197237K->168062K(242952K), 0.0057261 secs] [Times: user=0.02 sys=0.00, real=0.00 secs] 
2015-10-30T16:19:00.447+0000: 6407.628: [CMS-concurrent-sweep: 0.115/0.132 secs] [Times: user=0.36 sys=0.01, real=0.14 secs] 
2015-10-30T16:19:00.447+0000: 6407.628: [CMS-concurrent-reset-start]
2015-10-30T16:19:00.450+0000: 6407.630: [CMS-concurrent-reset: 0.003/0.003 secs] [Times: user=0.00 sys=0.00, real=0.00 secs] 
2015-10-30T16:19:05.939+0000: 6413.120: [GC (Allocation Failure) 6413.120: [ParNew: 36247K->3968K(36288K), 0.0133067 secs] 122546K->106970K(242952K), 0.0134057 secs] [Times: user=0.05 sys=0.00, real=0.01 secs] 
2015-10-30T16:19:05.978+0000: 6413.159: [GC (Allocation Failure) 6413.159: [ParNew: 36288K->3968K(36288K), 0.0062495 secs] 139290K->112082K(242952K), 0.0063316 secs] [Times: user=0.02 sys=0.00, real=0.00 secs] 
2015-10-30T16:19:06.005+0000: 6413.186: [GC (Allocation Failure) 6413.186: [ParNew: 36288K->3786K(36288K), 0.0048887 secs] 144402K->115671K(242952K), 0.0049683 secs] [Times: user=0.02 sys=0.00, real=0.00 secs] 
2015-10-30T16:19:06.029+0000: 6413.210: [GC (Allocation Failure) 6413.210: [ParNew: 36106K->2328K(36288K), 0.0024561 secs] 147991K->114214K(242952K), 0.0025154 secs] [Times: user=0.01 sys=0.00, real=0.00 secs] 
2015-10-30T16:19:06.051+0000: 6413.232: [GC (Allocation Failure) 6413.232: [ParNew: 34648K->3238K(36288K), 0.0032669 secs] 146534K->115124K(242952K), 0.0033291 secs] [Times: user=0.01 sys=0.00, real=0.00 secs] 
2015-10-30T16:19:06.076+0000: 6413.257: [GC (Allocation Failure) 6413.257: [ParNew: 35558K->3428K(36288K), 0.0039756 secs] 147444K->116043K(242952K), 0.0040380 secs] [Times: user=0.02 sys=0.00, real=0.01 secs] 
2015-10-30T16:19:06.101+0000: 6413.282: [GC (Allocation Failure) 6413.282: [ParNew: 35748K->3968K(36288K), 0.0046831 secs] 148363K->117247K(242952K), 0.0047505 secs] [Times: user=0.01 sys=0.00, real=0.01 secs] 
2015-10-30T16:19:06.125+0000: 6413.305: [GC (Allocation Failure) 6413.305: [ParNew: 36288K->2353K(36288K), 0.0033913 secs] 149567K->116268K(242952K), 0.0034542 secs] [Times: user=0.01 sys=0.00, real=0.01 secs] 
2015-10-30T16:19:06.149+0000: 6413.330: [GC (Allocation Failure) 6413.330: [ParNew: 34673K->2119K(36288K), 0.0027531 secs] 148588K->116035K(242952K), 0.0028118 secs] [Times: user=0.01 sys=0.00, real=0.00 secs] 
2015-10-30T16:19:06.178+0000: 6413.359: [GC (Allocation Failure) 6413.359: [ParNew: 28968K->2837K(36288K), 0.0030067 secs] 142884K->122070K(242952K), 0.0030776 secs] [Times: user=0.01 sys=0.00, real=0.00 secs] 
2015-10-30T16:19:06.183+0000: 6413.363: [GC (CMS Initial Mark) [1 CMS-initial-mark: 119233K(206664K)] 130049K(242952K), 0.0018779 secs] [Times: user=0.00 sys=0.00, real=0.00 secs] 
2015-10-30T16:19:06.185+0000: 6413.365: [CMS-concurrent-mark-start]
2015-10-30T16:19:06.242+0000: 6413.422: [CMS-concurrent-mark: 0.057/0.057 secs] [Times: user=0.12 sys=0.00, real=0.06 secs] 
2015-10-30T16:19:06.242+0000: 6413.422: [CMS-concurrent-preclean-start]
2015-10-30T16:19:06.243+0000: 6413.424: [CMS-concurrent-preclean: 0.002/0.002 secs] [Times: user=0.00 sys=0.00, real=0.00 secs] 
2015-10-30T16:19:06.243+0000: 6413.424: [CMS-concurrent-abortable-preclean-start]
 CMS: abort preclean due to time 2015-10-30T16:19:11.309+0000: 6418.490: [CMS-concurrent-abortable-preclean: 1.229/5.066 secs] [Times: user=1.33 sys=0.00, real=5.07 secs] 
2015-10-30T16:19:11.309+0000: 6418.490: [GC (CMS Final Remark) [YG occupancy: 20501 K (36288 K)]6418.490: [Rescan (parallel) , 0.0025658 secs]6418.492: [weak refs processing, 0.0000180 secs]6418.492: [class unloading, 0.0155953 secs]6418.508: [scrub symbol table, 0.0065447 secs]6418.515: [scrub string table, 0.0007511 secs][1 CMS-remark: 119233K(206664K)] 139734K(242952K), 0.0269698 secs] [Times: user=0.03 sys=0.00, real=0.02 secs] 
2015-10-30T16:19:11.337+0000: 6418.517: [CMS-concurrent-sweep-start]
2015-10-30T16:19:11.396+0000: 6418.576: [CMS-concurrent-sweep: 0.059/0.059 secs] [Times: user=0.06 sys=0.00, real=0.06 secs] 
2015-10-30T16:19:11.396+0000: 6418.576: [CMS-concurrent-reset-start]
2015-10-30T16:19:11.398+0000: 6418.579: [CMS-concurrent-reset: 0.002/0.002 secs] [Times: user=0.00 sys=0.00, real=0.01 secs] 
2015-10-30T16:19:13.398+0000: 6420.579: [GC (CMS Initial Mark) [1 CMS-initial-mark: 72698K(206664K)] 93422K(242952K), 0.0028337 secs] [Times: user=0.00 sys=0.00, real=0.00 secs] 
2015-10-30T16:19:13.401+0000: 6420.581: [CMS-concurrent-mark-start]
2015-10-30T16:19:13.438+0000: 6420.618: [CMS-concurrent-mark: 0.037/0.037 secs] [Times: user=0.04 sys=0.00, real=0.04 secs] 
2015-10-30T16:19:13.438+0000: 6420.618: [CMS-concurrent-preclean-start]
2015-10-30T16:19:13.440+0000: 6420.620: [CMS-concurrent-preclean: 0.002/0.002 secs] [Times: user=0.00 sys=0.00, real=0.00 secs] 
2015-10-30T16:19:13.440+0000: 6420.620: [CMS-concurrent-abortable-preclean-start]
2015-10-30T16:19:15.931+0000: 6423.112: [GC (Allocation Failure) 6423.112: [ParNew: 35157K->3968K(36288K), 0.0095710 secs] 107855K->89753K(242952K), 0.0096629 secs] [Times: user=0.04 sys=0.00, real=0.01 secs] 
2015-10-30T16:19:15.978+0000: 6423.158: [GC (Allocation Failure) 6423.158: [ParNew: 36288K->3968K(36288K), 0.0090882 secs] 122073K->97191K(242952K), 0.0091894 secs] [Times: user=0.04 sys=0.00, real=0.01 secs] 
2015-10-30T16:19:15.987+0000: 6423.168: [CMS-concurrent-abortable-preclean: 0.640/2.547 secs] [Times: user=0.83 sys=0.01, real=2.55 secs] 
2015-10-30T16:19:15.989+0000: 6423.170: [GC (CMS Final Remark) [YG occupancy: 4183 K (36288 K)]6423.170: [Rescan (parallel) , 0.0040869 secs]6423.174: [weak refs processing, 0.0000156 secs]6423.174: [class unloading, 0.0147506 secs]6423.189: [scrub symbol table, 0.0065393 secs]6423.195: [scrub string table, 0.0007452 secs][1 CMS-remark: 93223K(206664K)] 97406K(242952K), 0.0275682 secs] [Times: user=0.04 sys=0.00, real=0.02 secs] 
2015-10-30T16:19:16.017+0000: 6423.197: [CMS-concurrent-sweep-start]
2015-10-30T16:19:16.038+0000: 6423.219: [GC (Allocation Failure) 6423.219: [ParNew: 36288K->3468K(36288K), 0.0055139 secs] 128821K->99690K(242952K), 0.0055818 secs] [Times: user=0.01 sys=0.00, real=0.00 secs] 
2015-10-30T16:19:16.066+0000: 6423.247: [GC (Allocation Failure) 6423.247: [ParNew: 35788K->2043K(36288K), 0.0030811 secs] 131190K->97444K(242952K), 0.0031292 secs] [Times: user=0.00 sys=0.00, real=0.00 secs] 
2015-10-30T16:19:16.082+0000: 6423.262: [CMS-concurrent-sweep: 0.055/0.065 secs] [Times: user=0.24 sys=0.00, real=0.07 secs] 
2015-10-30T16:19:16.082+0000: 6423.262: [CMS-concurrent-reset-start]
2015-10-30T16:19:16.084+0000: 6423.265: [CMS-concurrent-reset: 0.003/0.003 secs] [Times: user=0.01 sys=0.00, real=0.00 secs] 
2015-10-30T16:19:16.093+0000: 6423.274: [GC (Allocation Failure) 6423.274: [ParNew: 34363K->2713K(36288K), 0.0037673 secs] 124151K->92502K(242952K), 0.0038097 secs] [Times: user=0.01 sys=0.00, real=0.01 secs] 
2015-10-30T16:19:16.117+0000: 6423.298: [GC (Allocation Failure) 6423.298: [ParNew: 35033K->3263K(36288K), 0.0046637 secs] 124822K->93788K(242952K), 0.0047293 secs] [Times: user=0.01 sys=0.00, real=0.00 secs] 
2015-10-30T16:19:16.141+0000: 6423.322: [GC (Allocation Failure) 6423.322: [ParNew: 35583K->3757K(36288K), 0.0044636 secs] 126108K->94991K(242952K), 0.0045278 secs] [Times: user=0.01 sys=0.00, real=0.01 secs] 
2015-10-30T16:19:16.165+0000: 6423.346: [GC (Allocation Failure) 6423.346: [ParNew: 36077K->2409K(36288K), 0.0032120 secs] 127311K->94283K(242952K), 0.0032702 secs] [Times: user=0.01 sys=0.00, real=0.00 secs] 
2015-10-30T16:19:16.188+0000: 6423.368: [GC (Allocation Failure) 6423.368: [ParNew: 34729K->2284K(36288K), 0.0024340 secs] 126603K->94158K(242952K), 0.0025036 secs] [Times: user=0.01 sys=0.00, real=0.00 secs] 
2015-10-30T16:19:16.219+0000: 6423.400: [GC (Allocation Failure) 6423.400: [ParNew: 32162K->3038K(36288K), 0.0031060 secs] 124036K->100229K(242952K), 0.0031820 secs] [Times: user=0.01 sys=0.00, real=0.00 secs] 
2015-10-30T16:19:16.224+0000: 6423.404: [GC (CMS Initial Mark) [1 CMS-initial-mark: 97191K(206664K)] 108222K(242952K), 0.0017017 secs] [Times: user=0.01 sys=0.00, real=0.01 secs] 
2015-10-30T16:19:16.225+0000: 6423.406: [CMS-concurrent-mark-start]
2015-10-30T16:19:16.263+0000: 6423.443: [CMS-concurrent-mark: 0.038/0.038 secs] [Times: user=0.07 sys=0.00, real=0.03 secs] 
2015-10-30T16:19:16.263+0000: 6423.443: [CMS-concurrent-preclean-start]
2015-10-30T16:19:16.265+0000: 6423.445: [CMS-concurrent-preclean: 0.001/0.002 secs] [Times: user=0.01 sys=0.00, real=0.00 secs] 
2015-10-30T16:19:16.265+0000: 6423.445: [CMS-concurrent-abortable-preclean-start]
 CMS: abort preclean due to time 2015-10-30T16:19:21.360+0000: 6428.541: [CMS-concurrent-abortable-preclean: 1.292/5.096 secs] [Times: user=1.39 sys=0.01, real=5.10 secs] 
2015-10-30T16:19:21.360+0000: 6428.541: [GC (CMS Final Remark) [YG occupancy: 21582 K (36288 K)]6428.541: [Rescan (parallel) , 0.0028651 secs]6428.544: [weak refs processing, 0.0000201 secs]6428.544: [class unloading, 0.0147373 secs]6428.559: [scrub symbol table, 0.0065349 secs]6428.565: [scrub string table, 0.0007509 secs][1 CMS-remark: 97191K(206664K)] 118773K(242952K), 0.0263319 secs] [Times: user=0.03 sys=0.00, real=0.03 secs] 
2015-10-30T16:19:21.387+0000: 6428.567: [CMS-concurrent-sweep-start]
2015-10-30T16:19:21.467+0000: 6428.647: [CMS-concurrent-sweep: 0.080/0.080 secs] [Times: user=0.08 sys=0.00, real=0.08 secs] 
2015-10-30T16:19:21.467+0000: 6428.647: [CMS-concurrent-reset-start]
2015-10-30T16:19:21.469+0000: 6428.650: [CMS-concurrent-reset: 0.002/0.002 secs] [Times: user=0.01 sys=0.00, real=0.00 secs] 
2015-10-30T16:19:23.469+0000: 6430.649: [GC (CMS Initial Mark) [1 CMS-initial-mark: 72605K(206664K)] 94383K(242952K), 0.0034947 secs] [Times: user=0.01 sys=0.00, real=0.00 secs] 
2015-10-30T16:19:23.472+0000: 6430.653: [CMS-concurrent-mark-start]
2015-10-30T16:19:23.509+0000: 6430.690: [CMS-concurrent-mark: 0.037/0.037 secs] [Times: user=0.04 sys=0.00, real=0.04 secs] 
2015-10-30T16:19:23.509+0000: 6430.690: [CMS-concurrent-preclean-start]
2015-10-30T16:19:23.511+0000: 6430.692: [CMS-concurrent-preclean: 0.002/0.002 secs] [Times: user=0.00 sys=0.00, real=0.00 secs] 
2015-10-30T16:19:23.511+0000: 6430.692: [CMS-concurrent-abortable-preclean-start]
2015-10-30T16:19:25.978+0000: 6433.158: [GC (Allocation Failure) 6433.158: [ParNew: 35358K->3968K(36288K), 0.0110646 secs] 107963K->89288K(242952K), 0.0111542 secs] [Times: user=0.04 sys=0.01, real=0.01 secs] 
2015-10-30T16:19:26.019+0000: 6433.199: [GC (Allocation Failure) 6433.199: [ParNew: 36288K->3968K(36288K), 0.0092514 secs] 121608K->97425K(242952K), 0.0093368 secs] [Times: user=0.03 sys=0.00, real=0.01 secs] 
2015-10-30T16:19:26.028+0000: 6433.209: [CMS-concurrent-abortable-preclean: 0.563/2.517 secs] [Times: user=0.74 sys=0.01, real=2.52 secs] 
2015-10-30T16:19:26.029+0000: 6433.210: [GC (CMS Final Remark) [YG occupancy: 4348 K (36288 K)]6433.210: [Rescan (parallel) , 0.0048493 secs]6433.215: [weak refs processing, 0.0000123 secs]6433.215: [class unloading, 0.0146767 secs]6433.229: [scrub symbol table, 0.0065314 secs]6433.236: [scrub string table, 0.0007464 secs][1 CMS-remark: 93457K(206664K)] 97806K(242952K), 0.0282541 secs] [Times: user=0.04 sys=0.00, real=0.03 secs] 
2015-10-30T16:19:26.058+0000: 6433.238: [CMS-concurrent-sweep-start]
2015-10-30T16:19:26.080+0000: 6433.260: [GC (Allocation Failure) 6433.260: [ParNew: 36288K->3241K(36288K), 0.0055557 secs] 128745K->99468K(242952K), 0.0056186 secs] [Times: user=0.02 sys=0.00, real=0.01 secs] 
2015-10-30T16:19:26.092+0000: 6433.273: [CMS-concurrent-sweep: 0.029/0.035 secs] [Times: user=0.13 sys=0.00, real=0.03 secs] 
2015-10-30T16:19:26.092+0000: 6433.273: [CMS-concurrent-reset-start]
2015-10-30T16:19:26.095+0000: 6433.275: [CMS-concurrent-reset: 0.003/0.003 secs] [Times: user=0.01 sys=0.00, real=0.00 secs] 
2015-10-30T16:19:26.105+0000: 6433.286: [GC (Allocation Failure) 6433.286: [ParNew: 35561K->2266K(36288K), 0.0025874 secs] 125482K->92187K(242952K), 0.0026387 secs] [Times: user=0.01 sys=0.00, real=0.00 secs] 
2015-10-30T16:19:26.129+0000: 6433.309: [GC (Allocation Failure) 6433.309: [ParNew: 34586K->3223K(36288K), 0.0031755 secs] 124507K->93143K(242952K), 0.0032379 secs] [Times: user=0.01 sys=0.00, real=0.00 secs] 
2015-10-30T16:19:26.157+0000: 6433.338: [GC (Allocation Failure) 6433.338: [ParNew: 35543K->2715K(36288K), 0.0038039 secs] 125463K->93371K(242952K), 0.0038617 secs] [Times: user=0.02 sys=0.00, real=0.00 secs] 
2015-10-30T16:19:26.181+0000: 6433.362: [GC (Allocation Failure) 6433.362: [ParNew: 35035K->3945K(36288K), 0.0034956 secs] 125691K->94600K(242952K), 0.0035547 secs] [Times: user=0.01 sys=0.00, real=0.00 secs] 
2015-10-30T16:19:26.203+0000: 6433.384: [GC (Allocation Failure) 6433.384: [ParNew: 36265K->3253K(36288K), 0.0051806 secs] 126920K->95142K(242952K), 0.0052503 secs] [Times: user=0.01 sys=0.00, real=0.01 secs] 
2015-10-30T16:19:26.229+0000: 6433.410: [GC (Allocation Failure) 6433.410: [ParNew: 35573K->2138K(36288K), 0.0028486 secs] 127462K->94027K(242952K), 0.0029058 secs] [Times: user=0.00 sys=0.00, real=0.00 secs] 
2015-10-30T16:19:26.262+0000: 6433.443: [GC (Allocation Failure) 6433.443: [ParNew: 32528K->3087K(36288K), 0.0028574 secs] 124417K->100294K(242952K), 0.0029288 secs] [Times: user=0.01 sys=0.00, real=0.01 secs] 
2015-10-30T16:19:26.266+0000: 6433.447: [GC (CMS Initial Mark) [1 CMS-initial-mark: 97206K(206664K)] 108271K(242952K), 0.0016529 secs] [Times: user=0.01 sys=0.00, real=0.00 secs] 
2015-10-30T16:19:26.268+0000: 6433.449: [CMS-concurrent-mark-start]
2015-10-30T16:19:26.305+0000: 6433.486: [CMS-concurrent-mark: 0.037/0.037 secs] [Times: user=0.07 sys=0.00, real=0.04 secs] 
2015-10-30T16:19:26.305+0000: 6433.486: [CMS-concurrent-preclean-start]
2015-10-30T16:19:26.307+0000: 6433.487: [CMS-concurrent-preclean: 0.001/0.001 secs] [Times: user=0.01 sys=0.00, real=0.00 secs] 
2015-10-30T16:19:26.307+0000: 6433.487: [CMS-concurrent-abortable-preclean-start]
 CMS: abort preclean due to time 2015-10-30T16:19:31.360+0000: 6438.540: [CMS-concurrent-abortable-preclean: 1.196/5.053 secs] [Times: user=1.27 sys=0.01, real=5.05 secs] 
2015-10-30T16:19:31.360+0000: 6438.541: [GC (CMS Final Remark) [YG occupancy: 20873 K (36288 K)]6438.541: [Rescan (parallel) , 0.0024849 secs]6438.543: [weak refs processing, 0.0000205 secs]6438.543: [class unloading, 0.0147905 secs]6438.558: [scrub symbol table, 0.0065218 secs]6438.564: [scrub string table, 0.0007492 secs][1 CMS-remark: 97206K(206664K)] 118080K(242952K), 0.0260112 secs] [Times: user=0.03 sys=0.00, real=0.03 secs] 
2015-10-30T16:19:31.386+0000: 6438.567: [CMS-concurrent-sweep-start]
2015-10-30T16:19:31.413+0000: 6438.594: [CMS-concurrent-sweep: 0.027/0.027 secs] [Times: user=0.03 sys=0.00, real=0.02 secs] 
2015-10-30T16:19:31.413+0000: 6438.594: [CMS-concurrent-reset-start]
2015-10-30T16:19:31.416+0000: 6438.596: [CMS-concurrent-reset: 0.002/0.002 secs] [Times: user=0.00 sys=0.00, real=0.00 secs] 
2015-10-30T16:19:33.415+0000: 6440.595: [GC (CMS Initial Mark) [1 CMS-initial-mark: 70333K(206664K)] 91411K(242952K), 0.0031097 secs] [Times: user=0.01 sys=0.00, real=0.01 secs] 
2015-10-30T16:19:33.418+0000: 6440.599: [CMS-concurrent-mark-start]
2015-10-30T16:19:33.456+0000: 6440.637: [CMS-concurrent-mark: 0.038/0.038 secs] [Times: user=0.04 sys=0.00, real=0.03 secs] 
2015-10-30T16:19:33.456+0000: 6440.637: [CMS-concurrent-preclean-start]
2015-10-30T16:19:33.458+0000: 6440.639: [CMS-concurrent-preclean: 0.002/0.002 secs] [Times: user=0.00 sys=0.00, real=0.01 secs] 
2015-10-30T16:19:33.458+0000: 6440.639: [CMS-concurrent-abortable-preclean-start]
2015-10-30T16:19:35.952+0000: 6443.133: [GC (Allocation Failure) 6443.133: [ParNew: 35407K->3968K(36288K), 0.0110808 secs] 105741K->87203K(242952K), 0.0111790 secs] [Times: user=0.04 sys=0.00, real=0.01 secs] 
2015-10-30T16:19:35.994+0000: 6443.175: [CMS-concurrent-abortable-preclean: 0.690/2.536 secs] [Times: user=0.83 sys=0.01, real=2.53 secs] 
2015-10-30T16:19:35.999+0000: 6443.180: [GC (CMS Final Remark) [YG occupancy: 31159 K (36288 K)]6443.180: [Rescan (parallel) , 0.0136661 secs]6443.194: [weak refs processing, 0.0000205 secs]6443.194: [class unloading, 0.0154458 secs]6443.209: [scrub symbol table, 0.0068348 secs]6443.216: [scrub string table, 0.0007571 secs][1 CMS-remark: 83235K(206664K)] 114395K(242952K), 0.0382504 secs] [Times: user=0.08 sys=0.00, real=0.04 secs] 
2015-10-30T16:19:36.038+0000: 6443.218: [CMS-concurrent-sweep-start]
2015-10-30T16:19:36.043+0000: 6443.223: [GC (Allocation Failure) 6443.223: [ParNew: 36288K->3968K(36288K), 0.0091101 secs] 119520K->95453K(242952K), 0.0091967 secs] [Times: user=0.04 sys=0.00, real=0.01 secs] 
2015-10-30T16:19:36.073+0000: 6443.254: [GC (Allocation Failure) 6443.254: [ParNew: 36288K->2698K(36288K), 0.0059134 secs] 127702K->97791K(242952K), 0.0059942 secs] [Times: user=0.02 sys=0.00, real=0.01 secs] 
2015-10-30T16:19:36.080+0000: 6443.261: [CMS-concurrent-sweep: 0.026/0.042 secs] [Times: user=0.15 sys=0.00, real=0.04 secs] 
2015-10-30T16:19:36.080+0000: 6443.261: [CMS-concurrent-reset-start]
2015-10-30T16:19:36.083+0000: 6443.263: [CMS-concurrent-reset: 0.003/0.003 secs] [Times: user=0.01 sys=0.00, real=0.00 secs] 
2015-10-30T16:19:36.097+0000: 6443.278: [GC (Allocation Failure) 6443.278: [ParNew: 35018K->2234K(36288K), 0.0024783 secs] 124793K->92009K(242952K), 0.0025460 secs] [Times: user=0.01 sys=0.00, real=0.00 secs] 
2015-10-30T16:19:36.119+0000: 6443.299: [GC (Allocation Failure) 6443.299: [ParNew: 34554K->2834K(36288K), 0.0031317 secs] 124329K->92609K(242952K), 0.0032214 secs] [Times: user=0.02 sys=0.00, real=0.00 secs] 
2015-10-30T16:19:36.143+0000: 6443.324: [GC (Allocation Failure) 6443.324: [ParNew: 35154K->3288K(36288K), 0.0041958 secs] 124929K->93838K(242952K), 0.0042677 secs] [Times: user=0.01 sys=0.00, real=0.01 secs] 
2015-10-30T16:19:36.165+0000: 6443.346: [GC (Allocation Failure) 6443.346: [ParNew: 35608K->3540K(36288K), 0.0041657 secs] 126158K->94090K(242952K), 0.0042425 secs] [Times: user=0.01 sys=0.00, real=0.00 secs] 
2015-10-30T16:19:36.189+0000: 6443.370: [GC (Allocation Failure) 6443.370: [ParNew: 35860K->3079K(36288K), 0.0047831 secs] 126410K->94874K(242952K), 0.0048649 secs] [Times: user=0.01 sys=0.00, real=0.00 secs] 
2015-10-30T16:19:36.217+0000: 6443.398: [GC (Allocation Failure) 6443.398: [ParNew: 35399K->2104K(36288K), 0.0029940 secs] 127194K->93899K(242952K), 0.0030653 secs] [Times: user=0.01 sys=0.00, real=0.00 secs] 
2015-10-30T16:19:36.251+0000: 6443.431: [GC (Allocation Failure) 6443.431: [ParNew: 33277K->3172K(36288K), 0.0040617 secs] 125072K->100285K(242952K), 0.0041485 secs] [Times: user=0.01 sys=0.00, real=0.00 secs] 
2015-10-30T16:19:36.256+0000: 6443.437: [GC (CMS Initial Mark) [1 CMS-initial-mark: 97112K(206664K)] 108262K(242952K), 0.0020108 secs] [Times: user=0.01 sys=0.00, real=0.01 secs] 
2015-10-30T16:19:36.258+0000: 6443.439: [CMS-concurrent-mark-start]
2015-10-30T16:19:36.296+0000: 6443.476: [CMS-concurrent-mark: 0.038/0.038 secs] [Times: user=0.07 sys=0.00, real=0.03 secs] 
2015-10-30T16:19:36.296+0000: 6443.476: [CMS-concurrent-preclean-start]
2015-10-30T16:19:36.297+0000: 6443.478: [CMS-concurrent-preclean: 0.001/0.001 secs] [Times: user=0.01 sys=0.00, real=0.01 secs] 
2015-10-30T16:19:36.297+0000: 6443.478: [CMS-concurrent-abortable-preclean-start]
 CMS: abort preclean due to time 2015-10-30T16:19:41.306+0000: 6448.486: [CMS-concurrent-abortable-preclean: 1.299/5.008 secs] [Times: user=1.39 sys=0.00, real=5.01 secs] 
2015-10-30T16:19:41.306+0000: 6448.486: [GC (CMS Final Remark) [YG occupancy: 20844 K (36288 K)]6448.486: [Rescan (parallel) , 0.0025613 secs]6448.489: [weak refs processing, 0.0000167 secs]6448.489: [class unloading, 0.0148101 secs]6448.504: [scrub symbol table, 0.0065443 secs]6448.510: [scrub string table, 0.0007452 secs][1 CMS-remark: 97112K(206664K)] 117957K(242952K), 0.0261157 secs] [Times: user=0.03 sys=0.00, real=0.02 secs] 
2015-10-30T16:19:41.332+0000: 6448.513: [CMS-concurrent-sweep-start]
2015-10-30T16:19:41.362+0000: 6448.542: [CMS-concurrent-sweep: 0.029/0.029 secs] [Times: user=0.03 sys=0.00, real=0.03 secs] 
2015-10-30T16:19:41.362+0000: 6448.542: [CMS-concurrent-reset-start]
2015-10-30T16:19:41.364+0000: 6448.544: [CMS-concurrent-reset: 0.002/0.002 secs] [Times: user=0.01 sys=0.00, real=0.00 secs] 
2015-10-30T16:19:43.364+0000: 6450.544: [GC (CMS Initial Mark) [1 CMS-initial-mark: 72172K(206664K)] 93246K(242952K), 0.0028099 secs] [Times: user=0.01 sys=0.00, real=0.01 secs] 
2015-10-30T16:19:43.366+0000: 6450.547: [CMS-concurrent-mark-start]
2015-10-30T16:19:43.403+0000: 6450.583: [CMS-concurrent-mark: 0.037/0.037 secs] [Times: user=0.03 sys=0.00, real=0.03 secs] 
2015-10-30T16:19:43.403+0000: 6450.584: [CMS-concurrent-preclean-start]
2015-10-30T16:19:43.405+0000: 6450.585: [CMS-concurrent-preclean: 0.002/0.002 secs] [Times: user=0.00 sys=0.00, real=0.00 secs] 
2015-10-30T16:19:43.405+0000: 6450.586: [CMS-concurrent-abortable-preclean-start]
2015-10-30T16:19:45.976+0000: 6453.157: [GC (Allocation Failure) 6453.157: [ParNew: 35492K->3968K(36288K), 0.0114340 secs] 107665K->89730K(242952K), 0.0115344 secs] [Times: user=0.04 sys=0.00, real=0.02 secs] 
2015-10-30T16:19:46.016+0000: 6453.197: [GC (Allocation Failure) 6453.197: [ParNew: 36288K->3968K(36288K), 0.0094961 secs] 122050K->96824K(242952K), 0.0095828 secs] [Times: user=0.03 sys=0.00, real=0.02 secs] 
2015-10-30T16:19:46.043+0000: 6453.224: [CMS-concurrent-abortable-preclean: 0.709/2.638 secs] [Times: user=0.93 sys=0.02, real=2.64 secs] 
2015-10-30T16:19:46.048+0000: 6453.229: [GC (CMS Final Remark) [YG occupancy: 31168 K (36288 K)]6453.229: [Rescan (parallel) , 0.0179709 secs]6453.247: [weak refs processing, 0.0000191 secs]6453.247: [class unloading, 0.0146928 secs]6453.261: [scrub symbol table, 0.0065176 secs]6453.268: [scrub string table, 0.0007435 secs][1 CMS-remark: 92856K(206664K)] 124025K(242952K), 0.0413952 secs] [Times: user=0.08 sys=0.00, real=0.04 secs] 
2015-10-30T16:19:46.090+0000: 6453.270: [CMS-concurrent-sweep-start]
2015-10-30T16:19:46.094+0000: 6453.274: [GC (Allocation Failure) 6453.274: [ParNew: 36288K->3631K(36288K), 0.0067713 secs] 129143K->100232K(242952K), 0.0068274 secs] [Times: user=0.02 sys=0.00, real=0.01 secs] 
2015-10-30T16:19:46.122+0000: 6453.302: [GC (Allocation Failure) 6453.302: [ParNew: 35951K->2258K(36288K), 0.0025470 secs] 130994K->97302K(242952K), 0.0026087 secs] [Times: user=0.01 sys=0.00, real=0.00 secs] 
2015-10-30T16:19:46.125+0000: 6453.306: [CMS-concurrent-sweep: 0.025/0.035 secs] [Times: user=0.14 sys=0.00, real=0.03 secs] 
2015-10-30T16:19:46.125+0000: 6453.306: [CMS-concurrent-reset-start]
2015-10-30T16:19:46.128+0000: 6453.308: [CMS-concurrent-reset: 0.003/0.003 secs] [Times: user=0.00 sys=0.00, real=0.00 secs] 
2015-10-30T16:19:46.143+0000: 6453.323: [GC (Allocation Failure) 6453.323: [ParNew: 34578K->3741K(36288K), 0.0036148 secs] 124304K->93466K(242952K), 0.0036719 secs] [Times: user=0.02 sys=0.00, real=0.01 secs] 
2015-10-30T16:19:46.169+0000: 6453.349: [GC (Allocation Failure) 6453.349: [ParNew: 36061K->3501K(36288K), 0.0045038 secs] 125786K->93986K(242952K), 0.0045685 secs] [Times: user=0.02 sys=0.00, real=0.00 secs] 
2015-10-30T16:19:46.193+0000: 6453.374: [GC (Allocation Failure) 6453.374: [ParNew: 35821K->2732K(36288K), 0.0043640 secs] 126306K->93910K(242952K), 0.0044320 secs] [Times: user=0.02 sys=0.00, real=0.01 secs] 
2015-10-30T16:19:46.217+0000: 6453.398: [GC (Allocation Failure) 6453.398: [ParNew: 35052K->2964K(36288K), 0.0034070 secs] 126230K->94716K(242952K), 0.0034671 secs] [Times: user=0.01 sys=0.00, real=0.00 secs] 
2015-10-30T16:19:46.240+0000: 6453.420: [GC (Allocation Failure) 6453.420: [ParNew: 35284K->2364K(36288K), 0.0025662 secs] 127036K->94116K(242952K), 0.0026261 secs] [Times: user=0.01 sys=0.00, real=0.00 secs] 
2015-10-30T16:19:46.271+0000: 6453.452: [GC (Allocation Failure) 6453.452: [ParNew: 32067K->3293K(36288K), 0.0027491 secs] 123819K->100363K(242952K), 0.0028190 secs] [Times: user=0.01 sys=0.00, real=0.00 secs] 
2015-10-30T16:19:46.275+0000: 6453.456: [GC (CMS Initial Mark) [1 CMS-initial-mark: 97069K(206664K)] 108340K(242952K), 0.0018531 secs] [Times: user=0.00 sys=0.00, real=0.00 secs] 
2015-10-30T16:19:46.277+0000: 6453.457: [CMS-concurrent-mark-start]
2015-10-30T16:19:46.333+0000: 6453.514: [CMS-concurrent-mark: 0.056/0.056 secs] [Times: user=0.12 sys=0.00, real=0.06 secs] 
2015-10-30T16:19:46.333+0000: 6453.514: [CMS-concurrent-preclean-start]
2015-10-30T16:19:46.335+0000: 6453.516: [CMS-concurrent-preclean: 0.002/0.002 secs] [Times: user=0.00 sys=0.00, real=0.00 secs] 
2015-10-30T16:19:46.350+0000: 6453.530: [CMS-concurrent-abortable-preclean-start]
 CMS: abort preclean due to time 2015-10-30T16:19:51.433+0000: 6458.613: [CMS-concurrent-abortable-preclean: 1.277/5.083 secs] [Times: user=1.36 sys=0.00, real=5.08 secs] 
2015-10-30T16:19:51.433+0000: 6458.613: [GC (CMS Final Remark) [YG occupancy: 21012 K (36288 K)]6458.614: [Rescan (parallel) , 0.0023544 secs]6458.617: [weak refs processing, 0.0000234 secs]6458.617: [class unloading, 0.0153459 secs]6458.632: [scrub symbol table, 0.0066903 secs]6458.639: [scrub string table, 0.0007577 secs][1 CMS-remark: 97069K(206664K)] 118082K(242952K), 0.0276747 secs] [Times: user=0.04 sys=0.00, real=0.03 secs] 
2015-10-30T16:19:51.461+0000: 6458.641: [CMS-concurrent-sweep-start]
2015-10-30T16:19:51.487+0000: 6458.667: [CMS-concurrent-sweep: 0.026/0.026 secs] [Times: user=0.02 sys=0.00, real=0.03 secs] 
2015-10-30T16:19:51.487+0000: 6458.667: [CMS-concurrent-reset-start]
2015-10-30T16:19:51.489+0000: 6458.670: [CMS-concurrent-reset: 0.002/0.002 secs] [Times: user=0.01 sys=0.00, real=0.00 secs] 
2015-10-30T16:19:53.489+0000: 6460.669: [GC (CMS Initial Mark) [1 CMS-initial-mark: 72398K(206664K)] 93646K(242952K), 0.0028590 secs] [Times: user=0.01 sys=0.00, real=0.00 secs] 
2015-10-30T16:19:53.492+0000: 6460.672: [CMS-concurrent-mark-start]
2015-10-30T16:19:53.528+0000: 6460.709: [CMS-concurrent-mark: 0.037/0.037 secs] [Times: user=0.03 sys=0.00, real=0.04 secs] 
2015-10-30T16:19:53.528+0000: 6460.709: [CMS-concurrent-preclean-start]
2015-10-30T16:19:53.530+0000: 6460.711: [CMS-concurrent-preclean: 0.002/0.002 secs] [Times: user=0.01 sys=0.00, real=0.00 secs] 
2015-10-30T16:19:53.530+0000: 6460.711: [CMS-concurrent-abortable-preclean-start]
2015-10-30T16:19:55.904+0000: 6463.085: [GC (Allocation Failure) 6463.085: [ParNew: 35613K->3968K(36288K), 0.0105880 secs] 108012K->89752K(242952K), 0.0106787 secs] [Times: user=0.04 sys=0.00, real=0.01 secs] 
2015-10-30T16:19:55.951+0000: 6463.132: [GC (Allocation Failure) 6463.132: [ParNew: 36288K->3968K(36288K), 0.0093380 secs] 122072K->95808K(242952K), 0.0094171 secs] [Times: user=0.04 sys=0.00, real=0.01 secs] 
2015-10-30T16:19:55.961+0000: 6463.141: [CMS-concurrent-abortable-preclean: 0.601/2.430 secs] [Times: user=0.78 sys=0.01, real=2.43 secs] 
2015-10-30T16:19:55.962+0000: 6463.143: [GC (CMS Final Remark) [YG occupancy: 7450 K (36288 K)]6463.143: [Rescan (parallel) , 0.0064780 secs]6463.149: [weak refs processing, 0.0000209 secs]6463.149: [class unloading, 0.0148526 secs]6463.164: [scrub symbol table, 0.0065512 secs]6463.171: [scrub string table, 0.0007462 secs][1 CMS-remark: 91840K(206664K)] 99290K(242952K), 0.0300797 secs] [Times: user=0.05 sys=0.00, real=0.03 secs] 
2015-10-30T16:19:55.993+0000: 6463.173: [CMS-concurrent-sweep-start]
2015-10-30T16:19:56.011+0000: 6463.191: [GC (Allocation Failure) 6463.191: [ParNew: 36288K->3022K(36288K), 0.0059428 secs] 127192K->97659K(242952K), 0.0060101 secs] [Times: user=0.02 sys=0.00, real=0.00 secs] 
2015-10-30T16:19:56.030+0000: 6463.210: [CMS-concurrent-sweep: 0.031/0.037 secs] [Times: user=0.14 sys=0.00, real=0.04 secs] 
2015-10-30T16:19:56.030+0000: 6463.210: [CMS-concurrent-reset-start]
2015-10-30T16:19:56.032+0000: 6463.213: [CMS-concurrent-reset: 0.003/0.003 secs] [Times: user=0.02 sys=0.00, real=0.00 secs] 
2015-10-30T16:19:56.037+0000: 6463.217: [GC (Allocation Failure) 6463.217: [ParNew: 35342K->2181K(36288K), 0.0025932 secs] 124037K->90876K(242952K), 0.0026386 secs] [Times: user=0.01 sys=0.00, real=0.01 secs] 
2015-10-30T16:19:56.057+0000: 6463.237: [GC (Allocation Failure) 6463.237: [ParNew: 34501K->3234K(36288K), 0.0032090 secs] 123196K->91929K(242952K), 0.0032659 secs] [Times: user=0.02 sys=0.00, real=0.01 secs] 
2015-10-30T16:19:56.081+0000: 6463.262: [GC (Allocation Failure) 6463.262: [ParNew: 35554K->2837K(36288K), 0.0041848 secs] 124249K->92275K(242952K), 0.0042420 secs] [Times: user=0.02 sys=0.00, real=0.01 secs] 
2015-10-30T16:19:56.105+0000: 6463.285: [GC (Allocation Failure) 6463.285: [ParNew: 35157K->3968K(36288K), 0.0036756 secs] 124595K->93406K(242952K), 0.0037381 secs] [Times: user=0.02 sys=0.00, real=0.01 secs] 
2015-10-30T16:19:56.129+0000: 6463.310: [GC (Allocation Failure) 6463.310: [ParNew: 36288K->3395K(36288K), 0.0049657 secs] 125726K->94089K(242952K), 0.0050323 secs] [Times: user=0.02 sys=0.00, real=0.00 secs] 
2015-10-30T16:19:56.157+0000: 6463.338: [GC (Allocation Failure) 6463.338: [ParNew: 35715K->2521K(36288K), 0.0025039 secs] 126409K->93214K(242952K), 0.0025650 secs] [Times: user=0.01 sys=0.00, real=0.00 secs] 
2015-10-30T16:19:56.189+0000: 6463.369: [GC (Allocation Failure) 6463.369: [ParNew: 32195K->3503K(36288K), 0.0027276 secs] 122889K->99514K(242952K), 0.0027996 secs] [Times: user=0.01 sys=0.00, real=0.00 secs] 
2015-10-30T16:19:56.193+0000: 6463.373: [GC (CMS Initial Mark) [1 CMS-initial-mark: 96011K(206664K)] 107491K(242952K), 0.0017302 secs] [Times: user=0.01 sys=0.00, real=0.00 secs] 
2015-10-30T16:19:56.194+0000: 6463.375: [CMS-concurrent-mark-start]
2015-10-30T16:19:56.250+0000: 6463.431: [CMS-concurrent-mark: 0.056/0.056 secs] [Times: user=0.11 sys=0.00, real=0.06 secs] 
2015-10-30T16:19:56.250+0000: 6463.431: [CMS-concurrent-preclean-start]
2015-10-30T16:19:56.252+0000: 6463.432: [CMS-concurrent-preclean: 0.002/0.002 secs] [Times: user=0.00 sys=0.00, real=0.00 secs] 
2015-10-30T16:19:56.252+0000: 6463.432: [CMS-concurrent-abortable-preclean-start]
2015-10-30T16:20:00.068+0000: 6467.249: [GC (Allocation Failure) 6467.249: [ParNew: 35823K->3968K(36288K), 0.0073971 secs] 131834K->105026K(242952K), 0.0074772 secs] [Times: user=0.02 sys=0.01, real=0.00 secs] 
2015-10-30T16:20:00.103+0000: 6467.284: [GC (Allocation Failure) 6467.284: [ParNew: 36288K->3968K(36288K), 0.0101384 secs] 137346K->110370K(242952K), 0.0102237 secs] [Times: user=0.03 sys=0.00, real=0.01 secs] 
2015-10-30T16:20:00.114+0000: 6467.294: [CMS-concurrent-abortable-preclean: 1.071/3.862 secs] [Times: user=1.29 sys=0.01, real=3.86 secs] 
2015-10-30T16:20:00.115+0000: 6467.295: [GC (CMS Final Remark) [YG occupancy: 4885 K (36288 K)]6467.295: [Rescan (parallel) , 0.0044552 secs]6467.300: [weak refs processing, 0.0000200 secs]6467.300: [class unloading, 0.0151655 secs]6467.315: [scrub symbol table, 0.0065575 secs]6467.321: [scrub string table, 0.0007642 secs][1 CMS-remark: 106402K(206664K)] 111288K(242952K), 0.0284188 secs] [Times: user=0.04 sys=0.00, real=0.03 secs] 
2015-10-30T16:20:00.143+0000: 6467.324: [CMS-concurrent-sweep-start]
2015-10-30T16:20:00.168+0000: 6467.348: [GC (Allocation Failure) 6467.348: [ParNew: 36288K->3968K(36288K), 0.0076825 secs] 127783K->99457K(242952K), 0.0077778 secs] [Times: user=0.03 sys=0.00, real=0.00 secs] 
2015-10-30T16:20:00.186+0000: 6467.367: [CMS-concurrent-sweep: 0.035/0.043 secs] [Times: user=0.14 sys=0.00, real=0.05 secs] 
2015-10-30T16:20:00.186+0000: 6467.367: [CMS-concurrent-reset-start]
2015-10-30T16:20:00.189+0000: 6467.369: [CMS-concurrent-reset: 0.003/0.003 secs] [Times: user=0.00 sys=0.00, real=0.00 secs] 
2015-10-30T16:20:00.354+0000: 6467.535: [GC (Allocation Failure) 6467.535: [ParNew: 36288K->3968K(36288K), 0.0029152 secs] 122511K->90192K(242952K), 0.0029668 secs] [Times: user=0.01 sys=0.00, real=0.00 secs] 
2015-10-30T16:20:00.619+0000: 6467.799: [GC (Allocation Failure) 6467.799: [ParNew: 36288K->2771K(36288K), 0.0045923 secs] 122512K->91644K(242952K), 0.0046596 secs] [Times: user=0.01 sys=0.00, real=0.00 secs] 
2015-10-30T16:20:00.668+0000: 6467.848: [GC (Allocation Failure) 6467.848: [ParNew: 35091K->3968K(36288K), 0.0032433 secs] 123964K->93927K(242952K), 0.0033079 secs] [Times: user=0.01 sys=0.00, real=0.00 secs] 
2015-10-30T16:20:05.922+0000: 6473.103: [GC (Allocation Failure) 6473.103: [ParNew: 36279K->3039K(36288K), 0.0027390 secs] 126238K->93752K(242952K), 0.0028103 secs] [Times: user=0.01 sys=0.00, real=0.00 secs] 
2015-10-30T16:20:05.968+0000: 6473.149: [GC (Allocation Failure) 6473.149: [ParNew: 35359K->3968K(36288K), 0.0139088 secs] 126072K->106365K(242952K), 0.0139926 secs] [Times: user=0.04 sys=0.00, real=0.01 secs] 
2015-10-30T16:20:06.005+0000: 6473.186: [GC (Allocation Failure) 6473.186: [ParNew: 36288K->2195K(36288K), 0.0036230 secs] 138685K->108374K(242952K), 0.0036874 secs] [Times: user=0.01 sys=0.00, real=0.00 secs] 
2015-10-30T16:20:06.027+0000: 6473.207: [GC (Allocation Failure) 6473.207: [ParNew: 34515K->1865K(36288K), 0.0024190 secs] 140694K->108044K(242952K), 0.0024780 secs] [Times: user=0.01 sys=0.00, real=0.00 secs] 
2015-10-30T16:20:06.047+0000: 6473.228: [GC (Allocation Failure) 6473.228: [ParNew: 34185K->2592K(36288K), 0.0028688 secs] 140364K->108771K(242952K), 0.0029192 secs] [Times: user=0.01 sys=0.00, real=0.00 secs] 
2015-10-30T16:20:06.073+0000: 6473.253: [GC (Allocation Failure) 6473.253: [ParNew: 34912K->3253K(36288K), 0.0047591 secs] 141091K->110196K(242952K), 0.0048151 secs] [Times: user=0.02 sys=0.00, real=0.01 secs] 
2015-10-30T16:20:06.097+0000: 6473.278: [GC (Allocation Failure) 6473.278: [ParNew: 35573K->3141K(36288K), 0.0042040 secs] 142516K->110804K(242952K), 0.0042662 secs] [Times: user=0.01 sys=0.00, real=0.00 secs] 
2015-10-30T16:20:06.118+0000: 6473.299: [GC (Allocation Failure) 6473.299: [ParNew: 35461K->3968K(36288K), 0.0030447 secs] 143124K->111630K(242952K), 0.0031247 secs] [Times: user=0.01 sys=0.00, real=0.00 secs] 
2015-10-30T16:20:06.141+0000: 6473.322: [GC (Allocation Failure) 6473.322: [ParNew: 36288K->2343K(36288K), 0.0052917 secs] 143950K->110597K(242952K), 0.0053548 secs] [Times: user=0.01 sys=0.00, real=0.01 secs] 
2015-10-30T16:20:06.181+0000: 6473.361: [GC (Allocation Failure) 6473.361: [ParNew: 34336K->3968K(36288K), 0.0037044 secs] 142590K->114908K(242952K), 0.0037738 secs] [Times: user=0.01 sys=0.00, real=0.00 secs] 
2015-10-30T16:20:06.185+0000: 6473.365: [GC (CMS Initial Mark) [1 CMS-initial-mark: 110940K(206664K)] 115420K(242952K), 0.0019047 secs] [Times: user=0.01 sys=0.00, real=0.01 secs] 
2015-10-30T16:20:06.187+0000: 6473.367: [CMS-concurrent-mark-start]
2015-10-30T16:20:06.244+0000: 6473.424: [CMS-concurrent-mark: 0.057/0.057 secs] [Times: user=0.11 sys=0.00, real=0.05 secs] 
2015-10-30T16:20:06.244+0000: 6473.425: [CMS-concurrent-preclean-start]
2015-10-30T16:20:06.246+0000: 6473.426: [CMS-concurrent-preclean: 0.002/0.002 secs] [Times: user=0.00 sys=0.00, real=0.01 secs] 
2015-10-30T16:20:06.246+0000: 6473.426: [CMS-concurrent-abortable-preclean-start]
2015-10-30T16:20:09.482+0000: 6476.662: [GC (Allocation Failure) 6476.662: [ParNew: 36288K->2715K(36288K), 0.0062474 secs] 147228K->118237K(242952K), 0.0063201 secs] [Times: user=0.02 sys=0.00, real=0.01 secs] 
2015-10-30T16:20:09.517+0000: 6476.698: [GC (Allocation Failure) 6476.698: [ParNew: 35035K->3788K(36288K), 0.0037570 secs] 150557K->119311K(242952K), 0.0038073 secs] [Times: user=0.01 sys=0.00, real=0.00 secs] 
2015-10-30T16:20:09.548+0000: 6476.728: [CMS-concurrent-abortable-preclean: 0.936/3.302 secs] [Times: user=1.21 sys=0.03, real=3.30 secs] 
2015-10-30T16:20:09.548+0000: 6476.729: [GC (CMS Final Remark) [YG occupancy: 36164 K (36288 K)]6476.729: [Rescan (parallel) , 0.0127935 secs]6476.741: [weak refs processing, 0.0000192 secs]6476.741: [class unloading, 0.0151804 secs]6476.757: [scrub symbol table, 0.0066018 secs]6476.763: [scrub string table, 0.0007522 secs][1 CMS-remark: 115522K(206664K)] 151687K(242952K), 0.0368278 secs] [Times: user=0.07 sys=0.00, real=0.03 secs] 
2015-10-30T16:20:09.585+0000: 6476.766: [CMS-concurrent-sweep-start]
2015-10-30T16:20:09.585+0000: 6476.766: [GC (GCLocker Initiated GC) 6476.766: [ParNew: 36185K->3644K(36288K), 0.0040597 secs] 151707K->121119K(242952K), 0.0041129 secs] [Times: user=0.02 sys=0.00, real=0.00 secs] 
2015-10-30T16:20:09.616+0000: 6476.797: [GC (Allocation Failure) 6476.797: [ParNew: 35964K->3968K(36288K), 0.0049092 secs] 144680K->114068K(242952K), 0.0049680 secs] [Times: user=0.02 sys=0.00, real=0.01 secs] 
2015-10-30T16:20:09.646+0000: 6476.827: [CMS-concurrent-sweep: 0.056/0.061 secs] [Times: user=0.16 sys=0.01, real=0.06 secs] 
2015-10-30T16:20:09.646+0000: 6476.827: [CMS-concurrent-reset-start]
2015-10-30T16:20:09.649+0000: 6476.829: [CMS-concurrent-reset: 0.002/0.002 secs] [Times: user=0.01 sys=0.00, real=0.00 secs] 
2015-10-30T16:20:15.981+0000: 6483.161: [GC (Allocation Failure) 6483.161: [ParNew: 36288K->3968K(36288K), 0.0170266 secs] 114641K->96158K(242952K), 0.0171086 secs] [Times: user=0.06 sys=0.00, real=0.02 secs] 
2015-10-30T16:20:16.021+0000: 6483.202: [GC (Allocation Failure) 6483.202: [ParNew: 36288K->3665K(36288K), 0.0049238 secs] 128478K->99661K(242952K), 0.0049823 secs] [Times: user=0.01 sys=0.00, real=0.01 secs] 
2015-10-30T16:20:16.045+0000: 6483.225: [GC (Allocation Failure) 6483.225: [ParNew: 35985K->2295K(36288K), 0.0027309 secs] 131981K->98291K(242952K), 0.0027927 secs] [Times: user=0.01 sys=0.00, real=0.01 secs] 
2015-10-30T16:20:16.065+0000: 6483.245: [GC (Allocation Failure) 6483.245: [ParNew: 34615K->3146K(36288K), 0.0028802 secs] 130611K->99141K(242952K), 0.0029320 secs] [Times: user=0.01 sys=0.00, real=0.01 secs] 
2015-10-30T16:20:16.089+0000: 6483.270: [GC (Allocation Failure) 6483.270: [ParNew: 35466K->2974K(36288K), 0.0044802 secs] 131461K->99764K(242952K), 0.0045356 secs] [Times: user=0.02 sys=0.00, real=0.00 secs] 
2015-10-30T16:20:16.117+0000: 6483.298: [GC (Allocation Failure) 6483.298: [ParNew: 35294K->2531K(36288K), 0.0038693 secs] 132084K->100013K(242952K), 0.0039297 secs] [Times: user=0.02 sys=0.00, real=0.00 secs] 
2015-10-30T16:20:16.138+0000: 6483.319: [GC (Allocation Failure) 6483.319: [ParNew: 34851K->2525K(36288K), 0.0041851 secs] 132333K->100637K(242952K), 0.0042432 secs] [Times: user=0.02 sys=0.00, real=0.00 secs] 
2015-10-30T16:20:16.161+0000: 6483.342: [GC (Allocation Failure) 6483.342: [ParNew: 34845K->2656K(36288K), 0.0026122 secs] 132957K->100768K(242952K), 0.0026697 secs] [Times: user=0.01 sys=0.00, real=0.00 secs] 
2015-10-30T16:20:16.189+0000: 6483.370: [GC (Allocation Failure) 6483.370: [ParNew: 34505K->3968K(36288K), 0.0033910 secs] 132617K->102142K(242952K), 0.0034507 secs] [Times: user=0.01 sys=0.00, real=0.00 secs] 
2015-10-30T16:20:22.369+0000: 6489.550: [GC (Allocation Failure) 6489.550: [ParNew: 36288K->1885K(36288K), 0.0066024 secs] 134462K->104707K(242952K), 0.0066747 secs] [Times: user=0.02 sys=0.00, real=0.00 secs] 
2015-10-30T16:20:25.958+0000: 6493.138: [GC (Allocation Failure) 6493.138: [ParNew: 34205K->3968K(36288K), 0.0139039 secs] 137027K->118517K(242952K), 0.0139851 secs] [Times: user=0.05 sys=0.00, real=0.01 secs] 
2015-10-30T16:20:25.990+0000: 6493.170: [GC (Allocation Failure) 6493.170: [ParNew: 36288K->1701K(36288K), 0.0039232 secs] 150837K->120005K(242952K), 0.0039844 secs] [Times: user=0.02 sys=0.00, real=0.00 secs] 
2015-10-30T16:20:26.013+0000: 6493.194: [GC (Allocation Failure) 6493.194: [ParNew: 34021K->2117K(36288K), 0.0027442 secs] 152325K->120422K(242952K), 0.0028065 secs] [Times: user=0.01 sys=0.00, real=0.00 secs] 
2015-10-30T16:20:26.037+0000: 6493.218: [GC (Allocation Failure) 6493.218: [ParNew: 34437K->3011K(36288K), 0.0030142 secs] 152742K->121316K(242952K), 0.0030649 secs] [Times: user=0.01 sys=0.00, real=0.00 secs] 
2015-10-30T16:20:26.061+0000: 6493.241: [GC (Allocation Failure) 6493.241: [ParNew: 35331K->3056K(36288K), 0.0043996 secs] 153636K->122153K(242952K), 0.0044532 secs] [Times: user=0.01 sys=0.00, real=0.01 secs] 
2015-10-30T16:20:26.084+0000: 6493.264: [GC (Allocation Failure) 6493.264: [ParNew: 35376K->3179K(36288K), 0.0039825 secs] 154473K->122954K(242952K), 0.0040623 secs] [Times: user=0.01 sys=0.00, real=0.01 secs] 
2015-10-30T16:20:26.109+0000: 6493.290: [GC (Allocation Failure) 6493.290: [ParNew: 35499K->3024K(36288K), 0.0038296 secs] 155274K->122798K(242952K), 0.0038938 secs] [Times: user=0.01 sys=0.00, real=0.00 secs] 
2015-10-30T16:20:26.132+0000: 6493.312: [GC (Allocation Failure) 6493.312: [ParNew: 35344K->2926K(36288K), 0.0036107 secs] 155118K->123332K(242952K), 0.0036722 secs] [Times: user=0.01 sys=0.00, real=0.00 secs] 
2015-10-30T16:20:26.165+0000: 6493.345: [GC (Allocation Failure) 6493.345: [ParNew: 35018K->3968K(36288K), 0.0029826 secs] 155423K->125912K(242952K), 0.0030510 secs] [Times: user=0.02 sys=0.00, real=0.01 secs] 
2015-10-30T16:20:26.168+0000: 6493.348: [GC (CMS Initial Mark) [1 CMS-initial-mark: 121944K(206664K)] 126424K(242952K), 0.0017368 secs] [Times: user=0.00 sys=0.00, real=0.00 secs] 
2015-10-30T16:20:26.170+0000: 6493.350: [CMS-concurrent-mark-start]
2015-10-30T16:20:26.221+0000: 6493.401: [CMS-concurrent-mark: 0.051/0.051 secs] [Times: user=0.10 sys=0.00, real=0.05 secs] 
2015-10-30T16:20:26.221+0000: 6493.401: [CMS-concurrent-preclean-start]
2015-10-30T16:20:26.222+0000: 6493.403: [CMS-concurrent-preclean: 0.002/0.002 secs] [Times: user=0.01 sys=0.00, real=0.00 secs] 
2015-10-30T16:20:26.222+0000: 6493.403: [CMS-concurrent-abortable-preclean-start]
 CMS: abort preclean due to time 2015-10-30T16:20:31.256+0000: 6498.436: [CMS-concurrent-abortable-preclean: 1.453/5.034 secs] [Times: user=1.58 sys=0.00, real=5.03 secs] 
2015-10-30T16:20:31.256+0000: 6498.437: [GC (CMS Final Remark) [YG occupancy: 34698 K (36288 K)]6498.437: [Rescan (parallel) , 0.0032600 secs]6498.440: [weak refs processing, 0.0000202 secs]6498.440: [class unloading, 0.0146096 secs]6498.455: [scrub symbol table, 0.0065305 secs]6498.461: [scrub string table, 0.0007603 secs][1 CMS-remark: 121944K(206664K)] 156643K(242952K), 0.0265996 secs] [Times: user=0.03 sys=0.00, real=0.03 secs] 
2015-10-30T16:20:31.283+0000: 6498.464: [CMS-concurrent-sweep-start]
2015-10-30T16:20:31.321+0000: 6498.501: [CMS-concurrent-sweep: 0.038/0.038 secs] [Times: user=0.04 sys=0.00, real=0.04 secs] 
2015-10-30T16:20:31.321+0000: 6498.501: [CMS-concurrent-reset-start]
2015-10-30T16:20:31.323+0000: 6498.504: [CMS-concurrent-reset: 0.002/0.002 secs] [Times: user=0.00 sys=0.00, real=0.00 secs] 
2015-10-30T16:20:35.922+0000: 6503.103: [GC (Allocation Failure) 6503.103: [ParNew: 36286K->2969K(36288K), 0.0075607 secs] 105193K->76321K(242952K), 0.0076398 secs] [Times: user=0.02 sys=0.00, real=0.01 secs] 
2015-10-30T16:20:35.973+0000: 6503.154: [GC (Allocation Failure) 6503.154: [ParNew: 35289K->3968K(36288K), 0.0140225 secs] 108641K->88981K(242952K), 0.0141101 secs] [Times: user=0.05 sys=0.00, real=0.02 secs] 
2015-10-30T16:20:36.006+0000: 6503.187: [GC (Allocation Failure) 6503.187: [ParNew: 36288K->2288K(36288K), 0.0048637 secs] 121301K->91048K(242952K), 0.0049473 secs] [Times: user=0.01 sys=0.00, real=0.00 secs] 
2015-10-30T16:20:36.030+0000: 6503.210: [GC (Allocation Failure) 6503.210: [ParNew: 34608K->1960K(36288K), 0.0029805 secs] 123368K->90720K(242952K), 0.0030424 secs] [Times: user=0.00 sys=0.00, real=0.00 secs] 
2015-10-30T16:20:36.051+0000: 6503.231: [GC (Allocation Failure) 6503.231: [ParNew: 34280K->2594K(36288K), 0.0033199 secs] 123040K->91354K(242952K), 0.0033838 secs] [Times: user=0.01 sys=0.00, real=0.00 secs] 
2015-10-30T16:20:36.077+0000: 6503.258: [GC (Allocation Failure) 6503.258: [ParNew: 34914K->3326K(36288K), 0.0046647 secs] 123674K->92850K(242952K), 0.0047403 secs] [Times: user=0.01 sys=0.00, real=0.00 secs] 
2015-10-30T16:20:36.105+0000: 6503.286: [GC (Allocation Failure) 6503.286: [ParNew: 35646K->2553K(36288K), 0.0046419 secs] 125170K->92787K(242952K), 0.0047220 secs] [Times: user=0.01 sys=0.00, real=0.00 secs] 
2015-10-30T16:20:36.127+0000: 6503.308: [GC (Allocation Failure) 6503.308: [ParNew: 34873K->3160K(36288K), 0.0035444 secs] 125107K->93988K(242952K), 0.0036192 secs] [Times: user=0.02 sys=0.00, real=0.00 secs] 
2015-10-30T16:20:36.153+0000: 6503.334: [GC (Allocation Failure) 6503.334: [ParNew: 35480K->2279K(36288K), 0.0026543 secs] 126308K->93107K(242952K), 0.0027191 secs] [Times: user=0.01 sys=0.00, real=0.00 secs] 
2015-10-30T16:20:36.191+0000: 6503.372: [GC (Allocation Failure) 6503.372: [ParNew: 34115K->3968K(36288K), 0.0037542 secs] 124943K->97822K(242952K), 0.0038369 secs] [Times: user=0.01 sys=0.00, real=0.00 secs] 
2015-10-30T16:20:36.196+0000: 6503.377: [GC (CMS Initial Mark) [1 CMS-initial-mark: 93854K(206664K)] 103140K(242952K), 0.0017382 secs] [Times: user=0.01 sys=0.00, real=0.01 secs] 
2015-10-30T16:20:36.198+0000: 6503.378: [CMS-concurrent-mark-start]
2015-10-30T16:20:36.260+0000: 6503.440: [CMS-concurrent-mark: 0.062/0.062 secs] [Times: user=0.12 sys=0.00, real=0.06 secs] 
2015-10-30T16:20:36.260+0000: 6503.440: [CMS-concurrent-preclean-start]
2015-10-30T16:20:36.262+0000: 6503.442: [CMS-concurrent-preclean: 0.002/0.002 secs] [Times: user=0.00 sys=0.00, real=0.00 secs] 
2015-10-30T16:20:36.262+0000: 6503.442: [CMS-concurrent-abortable-preclean-start]
 CMS: abort preclean due to time 2015-10-30T16:20:41.318+0000: 6508.499: [CMS-concurrent-abortable-preclean: 1.196/5.056 secs] [Times: user=1.29 sys=0.02, real=5.06 secs] 
2015-10-30T16:20:41.319+0000: 6508.499: [GC (CMS Final Remark) [YG occupancy: 32174 K (36288 K)]6508.512: [Rescan (parallel) , 0.0022895 secs]6508.514: [weak refs processing, 0.0000234 secs]6508.514: [class unloading, 0.0148381 secs]6508.529: [scrub symbol table, 0.0065771 secs]6508.535: [scrub string table, 0.0007500 secs][1 CMS-remark: 93854K(206664K)] 126029K(242952K), 0.0384269 secs] [Times: user=0.03 sys=0.00, real=0.03 secs] 
2015-10-30T16:20:41.357+0000: 6508.538: [CMS-concurrent-sweep-start]
2015-10-30T16:20:41.392+0000: 6508.572: [CMS-concurrent-sweep: 0.034/0.034 secs] [Times: user=0.03 sys=0.00, real=0.03 secs] 
2015-10-30T16:20:41.392+0000: 6508.572: [CMS-concurrent-reset-start]
2015-10-30T16:20:41.394+0000: 6508.575: [CMS-concurrent-reset: 0.002/0.002 secs] [Times: user=0.01 sys=0.00, real=0.00 secs] 
2015-10-30T16:20:43.394+0000: 6510.574: [GC (CMS Initial Mark) [1 CMS-initial-mark: 71516K(206664K)] 103942K(242952K), 0.0026043 secs] [Times: user=0.01 sys=0.00, real=0.00 secs] 
2015-10-30T16:20:43.396+0000: 6510.577: [CMS-concurrent-mark-start]
2015-10-30T16:20:43.434+0000: 6510.614: [CMS-concurrent-mark: 0.037/0.037 secs] [Times: user=0.04 sys=0.00, real=0.04 secs] 
2015-10-30T16:20:43.434+0000: 6510.614: [CMS-concurrent-preclean-start]
2015-10-30T16:20:43.436+0000: 6510.616: [CMS-concurrent-preclean: 0.002/0.002 secs] [Times: user=0.00 sys=0.00, real=0.00 secs] 
2015-10-30T16:20:43.436+0000: 6510.616: [CMS-concurrent-abortable-preclean-start]
2015-10-30T16:20:45.920+0000: 6513.100: [GC (Allocation Failure) 6513.100: [ParNew: 36271K->3968K(36288K), 0.0045231 secs] 107787K->80370K(242952K), 0.0045952 secs] [Times: user=0.01 sys=0.00, real=0.00 secs] 
2015-10-30T16:20:45.964+0000: 6513.144: [GC (Allocation Failure) 6513.144: [ParNew: 36288K->3968K(36288K), 0.0130409 secs] 112690K->91195K(242952K), 0.0131201 secs] [Times: user=0.04 sys=0.00, real=0.01 secs] 
2015-10-30T16:20:45.997+0000: 6513.178: [GC (Allocation Failure) 6513.178: [ParNew: 36288K->3405K(36288K), 0.0053277 secs] 123515K->94455K(242952K), 0.0053890 secs] [Times: user=0.02 sys=0.00, real=0.00 secs] 
2015-10-30T16:20:46.024+0000: 6513.204: [GC (Allocation Failure) 6513.204: [ParNew: 35725K->2125K(36288K), 0.0027931 secs] 126775K->93175K(242952K), 0.0028514 secs] [Times: user=0.01 sys=0.00, real=0.01 secs] 
2015-10-30T16:20:46.028+0000: 6513.209: [CMS-concurrent-abortable-preclean: 0.617/2.592 secs] [Times: user=0.92 sys=0.01, real=2.60 secs] 
2015-10-30T16:20:46.037+0000: 6513.218: [GC (CMS Final Remark) [YG occupancy: 13749 K (36288 K)]6513.218: [Rescan (parallel) , 0.0082923 secs]6513.226: [weak refs processing, 0.0000233 secs]6513.226: [class unloading, 0.0147195 secs]6513.241: [scrub symbol table, 0.0066067 secs]6513.247: [scrub string table, 0.0007506 secs][1 CMS-remark: 91049K(206664K)] 104799K(242952K), 0.0318671 secs] [Times: user=0.06 sys=0.00, real=0.03 secs] 
2015-10-30T16:20:46.069+0000: 6513.250: [CMS-concurrent-sweep-start]
2015-10-30T16:20:46.085+0000: 6513.265: [GC (Allocation Failure) 6513.265: [ParNew: 34445K->2926K(36288K), 0.0029132 secs] 122466K->90947K(242952K), 0.0029642 secs] [Times: user=0.01 sys=0.00, real=0.01 secs] 
2015-10-30T16:20:46.110+0000: 6513.290: [CMS-concurrent-sweep: 0.037/0.040 secs] [Times: user=0.15 sys=0.00, real=0.04 secs] 
2015-10-30T16:20:46.110+0000: 6513.290: [CMS-concurrent-reset-start]
2015-10-30T16:20:46.111+0000: 6513.291: [GC (Allocation Failure) 6513.291: [ParNew: 35246K->2432K(36288K), 0.0040721 secs] 121663K->89603K(242952K), 0.0041172 secs] [Times: user=0.01 sys=0.00, real=0.00 secs] 
2015-10-30T16:20:46.117+0000: 6513.297: [CMS-concurrent-reset: 0.003/0.007 secs] [Times: user=0.03 sys=0.00, real=0.00 secs] 
2015-10-30T16:20:46.137+0000: 6513.318: [GC (Allocation Failure) 6513.318: [ParNew: 34752K->2562K(36288K), 0.0037731 secs] 121923K->90433K(242952K), 0.0038321 secs] [Times: user=0.02 sys=0.00, real=0.00 secs] 
2015-10-30T16:20:46.161+0000: 6513.342: [GC (Allocation Failure) 6513.342: [ParNew: 34882K->3966K(36288K), 0.0033457 secs] 122753K->91836K(242952K), 0.0034058 secs] [Times: user=0.01 sys=0.00, real=0.00 secs] 
2015-10-30T16:20:46.185+0000: 6513.366: [GC (Allocation Failure) 6513.366: [ParNew: 36286K->3080K(36288K), 0.0038101 secs] 124156K->92126K(242952K), 0.0038703 secs] [Times: user=0.02 sys=0.00, real=0.00 secs] 
2015-10-30T16:20:46.225+0000: 6513.405: [GC (Allocation Failure) 6513.405: [ParNew: 32404K->3968K(36288K), 0.0024774 secs] 121450K->95622K(242952K), 0.0025393 secs] [Times: user=0.01 sys=0.00, real=0.01 secs] 
2015-10-30T16:20:46.228+0000: 6513.409: [GC (CMS Initial Mark) [1 CMS-initial-mark: 91654K(206664K)] 100940K(242952K), 0.0015634 secs] [Times: user=0.01 sys=0.00, real=0.00 secs] 
2015-10-30T16:20:46.230+0000: 6513.410: [CMS-concurrent-mark-start]
2015-10-30T16:20:46.268+0000: 6513.448: [CMS-concurrent-mark: 0.038/0.038 secs] [Times: user=0.07 sys=0.00, real=0.04 secs] 
2015-10-30T16:20:46.268+0000: 6513.449: [CMS-concurrent-preclean-start]
2015-10-30T16:20:46.270+0000: 6513.450: [CMS-concurrent-preclean: 0.001/0.001 secs] [Times: user=0.00 sys=0.00, real=0.00 secs] 
2015-10-30T16:20:46.270+0000: 6513.450: [CMS-concurrent-abortable-preclean-start]
 CMS: abort preclean due to time 2015-10-30T16:20:51.274+0000: 6518.454: [CMS-concurrent-abortable-preclean: 1.067/5.004 secs] [Times: user=1.16 sys=0.01, real=5.00 secs] 
2015-10-30T16:20:51.274+0000: 6518.454: [GC (CMS Final Remark) [YG occupancy: 32156 K (36288 K)]6518.454: [Rescan (parallel) , 0.0021818 secs]6518.456: [weak refs processing, 0.0000221 secs]6518.456: [class unloading, 0.0153590 secs]6518.472: [scrub symbol table, 0.0066906 secs]6518.479: [scrub string table, 0.0007573 secs][1 CMS-remark: 91654K(206664K)] 123811K(242952K), 0.0265398 secs] [Times: user=0.03 sys=0.00, real=0.03 secs] 
2015-10-30T16:20:51.301+0000: 6518.481: [CMS-concurrent-sweep-start]
2015-10-30T16:20:51.340+0000: 6518.521: [CMS-concurrent-sweep: 0.040/0.040 secs] [Times: user=0.04 sys=0.00, real=0.04 secs] 
2015-10-30T16:20:51.340+0000: 6518.521: [CMS-concurrent-reset-start]
2015-10-30T16:20:51.343+0000: 6518.523: [CMS-concurrent-reset: 0.002/0.002 secs] [Times: user=0.01 sys=0.00, real=0.00 secs] 
2015-10-30T16:20:53.342+0000: 6520.523: [GC (CMS Initial Mark) [1 CMS-initial-mark: 71735K(206664K)] 104133K(242952K), 0.0028534 secs] [Times: user=0.01 sys=0.00, real=0.01 secs] 
2015-10-30T16:20:53.345+0000: 6520.526: [CMS-concurrent-mark-start]
2015-10-30T16:20:53.383+0000: 6520.564: [CMS-concurrent-mark: 0.038/0.038 secs] [Times: user=0.04 sys=0.00, real=0.03 secs] 
2015-10-30T16:20:53.383+0000: 6520.564: [CMS-concurrent-preclean-start]
2015-10-30T16:20:53.385+0000: 6520.566: [CMS-concurrent-preclean: 0.002/0.002 secs] [Times: user=0.00 sys=0.00, real=0.01 secs] 
2015-10-30T16:20:53.385+0000: 6520.566: [CMS-concurrent-abortable-preclean-start]
2015-10-30T16:20:55.916+0000: 6523.097: [GC (Allocation Failure) 6523.097: [ParNew: 36288K->3968K(36288K), 0.0048437 secs] 108023K->79834K(242952K), 0.0049453 secs] [Times: user=0.02 sys=0.00, real=0.01 secs] 
2015-10-30T16:20:55.960+0000: 6523.141: [GC (Allocation Failure) 6523.141: [ParNew: 36288K->3968K(36288K), 0.0146272 secs] 112154K->92120K(242952K), 0.0147148 secs] [Times: user=0.05 sys=0.00, real=0.01 secs] 
2015-10-30T16:20:55.996+0000: 6523.176: [GC (Allocation Failure) 6523.176: [ParNew: 36288K->2322K(36288K), 0.0065077 secs] 124440K->94368K(242952K), 0.0065784 secs] [Times: user=0.02 sys=0.00, real=0.01 secs] 
2015-10-30T16:20:56.025+0000: 6523.205: [GC (Allocation Failure) 6523.205: [ParNew: 34642K->1929K(36288K), 0.0026188 secs] 126688K->93975K(242952K), 0.0026788 secs] [Times: user=0.01 sys=0.00, real=0.01 secs] 
2015-10-30T16:20:56.028+0000: 6523.209: [CMS-concurrent-abortable-preclean: 0.600/2.643 secs] [Times: user=0.90 sys=0.01, real=2.64 secs] 
2015-10-30T16:20:56.029+0000: 6523.210: [GC (CMS Final Remark) [YG occupancy: 3226 K (36288 K)]6523.210: [Rescan (parallel) , 0.0021088 secs]6523.212: [weak refs processing, 0.0000160 secs]6523.212: [class unloading, 0.0148500 secs]6523.227: [scrub symbol table, 0.0065317 secs]6523.233: [scrub string table, 0.0007523 secs][1 CMS-remark: 92045K(206664K)] 95271K(242952K), 0.0256935 secs] [Times: user=0.03 sys=0.00, real=0.02 secs] 
2015-10-30T16:20:56.057+0000: 6523.237: [CMS-concurrent-sweep-start]
2015-10-30T16:20:56.077+0000: 6523.257: [GC (Allocation Failure) 6523.258: [ParNew: 34249K->3386K(36288K), 0.0031821 secs] 123150K->92286K(242952K), 0.0032369 secs] [Times: user=0.01 sys=0.01, real=0.01 secs] 
2015-10-30T16:20:56.093+0000: 6523.274: [CMS-concurrent-sweep: 0.033/0.036 secs] [Times: user=0.13 sys=0.01, real=0.04 secs] 
2015-10-30T16:20:56.093+0000: 6523.274: [CMS-concurrent-reset-start]
2015-10-30T16:20:56.096+0000: 6523.276: [CMS-concurrent-reset: 0.003/0.003 secs] [Times: user=0.01 sys=0.00, real=0.00 secs] 
2015-10-30T16:20:56.105+0000: 6523.286: [GC (Allocation Failure) 6523.286: [ParNew: 35706K->2780K(36288K), 0.0040542 secs] 124569K->92398K(242952K), 0.0041089 secs] [Times: user=0.02 sys=0.00, real=0.00 secs] 
2015-10-30T16:20:56.128+0000: 6523.309: [GC (Allocation Failure) 6523.309: [ParNew: 35100K->3110K(36288K), 0.0042416 secs] 124718K->93432K(242952K), 0.0043026 secs] [Times: user=0.02 sys=0.00, real=0.00 secs] 
2015-10-30T16:20:56.153+0000: 6523.334: [GC (Allocation Failure) 6523.334: [ParNew: 35430K->2681K(36288K), 0.0036439 secs] 125752K->93578K(242952K), 0.0037018 secs] [Times: user=0.01 sys=0.00, real=0.00 secs] 
2015-10-30T16:20:56.178+0000: 6523.358: [GC (Allocation Failure) 6523.358: [ParNew: 35001K->2624K(36288K), 0.0025838 secs] 125898K->93521K(242952K), 0.0026437 secs] [Times: user=0.01 sys=0.00, real=0.00 secs] 
2015-10-30T16:20:56.214+0000: 6523.395: [GC (Allocation Failure) 6523.395: [ParNew: 31641K->3968K(36288K), 0.0029476 secs] 122538K->98007K(242952K), 0.0030110 secs] [Times: user=0.01 sys=0.00, real=0.01 secs] 
2015-10-30T16:20:56.218+0000: 6523.399: [GC (CMS Initial Mark) [1 CMS-initial-mark: 94039K(206664K)] 103324K(242952K), 0.0016643 secs] [Times: user=0.01 sys=0.00, real=0.00 secs] 
2015-10-30T16:20:56.220+0000: 6523.400: [CMS-concurrent-mark-start]
2015-10-30T16:20:56.259+0000: 6523.439: [CMS-concurrent-mark: 0.039/0.039 secs] [Times: user=0.07 sys=0.00, real=0.04 secs] 
2015-10-30T16:20:56.259+0000: 6523.439: [CMS-concurrent-preclean-start]
2015-10-30T16:20:56.260+0000: 6523.441: [CMS-concurrent-preclean: 0.002/0.002 secs] [Times: user=0.01 sys=0.00, real=0.00 secs] 
2015-10-30T16:20:56.260+0000: 6523.441: [CMS-concurrent-abortable-preclean-start]
2015-10-30T16:21:00.467+0000: 6527.647: [GC (Allocation Failure) 6527.647: [ParNew: 36288K->2166K(36288K), 0.0081668 secs] 130327K->101243K(242952K), 0.0082501 secs] [Times: user=0.02 sys=0.00, real=0.00 secs] 
2015-10-30T16:21:00.507+0000: 6527.688: [GC (Allocation Failure) 6527.688: [ParNew: 34486K->3764K(36288K), 0.0039425 secs] 133563K->102842K(242952K), 0.0040115 secs] [Times: user=0.01 sys=0.00, real=0.00 secs] 
2015-10-30T16:21:00.555+0000: 6527.736: [CMS-concurrent-abortable-preclean: 1.225/4.295 secs] [Times: user=1.52 sys=0.02, real=4.29 secs] 
2015-10-30T16:21:00.556+0000: 6527.736: [GC (CMS Final Remark) [YG occupancy: 29016 K (36288 K)]6527.736: [Rescan (parallel) , 0.0119562 secs]6527.748: [weak refs processing, 0.0000202 secs]6527.748: [class unloading, 0.0150212 secs]6527.763: [scrub symbol table, 0.0065985 secs]6527.770: [scrub string table, 0.0007551 secs][1 CMS-remark: 99077K(206664K)] 128094K(242952K), 0.0358699 secs] [Times: user=0.07 sys=0.00, real=0.04 secs] 
2015-10-30T16:21:00.593+0000: 6527.774: [CMS-concurrent-sweep-start]
2015-10-30T16:21:00.601+0000: 6527.781: [GC (Allocation Failure) 6527.781: [ParNew: 36060K->3968K(36288K), 0.0060237 secs] 127463K->98868K(242952K), 0.0060987 secs] [Times: user=0.02 sys=0.00, real=0.01 secs] 
2015-10-30T16:21:00.634+0000: 6527.815: [GC (Allocation Failure) 6527.815: [ParNew: 36288K->2933K(36288K), 0.0043632 secs] 119585K->88657K(242952K), 0.0044282 secs] [Times: user=0.02 sys=0.00, real=0.01 secs] 
2015-10-30T16:21:00.643+0000: 6527.823: [CMS-concurrent-sweep: 0.038/0.049 secs] [Times: user=0.15 sys=0.00, real=0.05 secs] 
2015-10-30T16:21:00.643+0000: 6527.823: [CMS-concurrent-reset-start]
2015-10-30T16:21:00.645+0000: 6527.826: [CMS-concurrent-reset: 0.003/0.003 secs] [Times: user=0.02 sys=0.00, real=0.01 secs] 
2015-10-30T16:21:00.663+0000: 6527.844: [GC (Allocation Failure) 6527.844: [ParNew: 34206K->3968K(36288K), 0.0035610 secs] 118294K->88163K(242952K), 0.0036233 secs] [Times: user=0.02 sys=0.00, real=0.01 secs] 
2015-10-30T16:21:05.933+0000: 6533.114: [GC (Allocation Failure) 6533.114: [ParNew: 36288K->3968K(36288K), 0.0186444 secs] 120483K->101032K(242952K), 0.0187195 secs] [Times: user=0.07 sys=0.00, real=0.02 secs] 
2015-10-30T16:21:05.970+0000: 6533.150: [GC (Allocation Failure) 6533.150: [ParNew: 36288K->2878K(36288K), 0.0051628 secs] 133352K->103728K(242952K), 0.0052457 secs] [Times: user=0.02 sys=0.00, real=0.00 secs] 
2015-10-30T16:21:05.997+0000: 6533.178: [GC (Allocation Failure) 6533.178: [ParNew: 35198K->2090K(36288K), 0.0028136 secs] 136048K->102939K(242952K), 0.0028771 secs] [Times: user=0.01 sys=0.00, real=0.00 secs] 
2015-10-30T16:21:06.019+0000: 6533.199: [GC (Allocation Failure) 6533.199: [ParNew: 34410K->2791K(36288K), 0.0035742 secs] 135259K->103641K(242952K), 0.0036293 secs] [Times: user=0.02 sys=0.00, real=0.00 secs] 
2015-10-30T16:21:06.043+0000: 6533.223: [GC (Allocation Failure) 6533.223: [ParNew: 35111K->3072K(36288K), 0.0049154 secs] 135961K->104713K(242952K), 0.0049733 secs] [Times: user=0.01 sys=0.00, real=0.01 secs] 
2015-10-30T16:21:06.067+0000: 6533.247: [GC (Allocation Failure) 6533.247: [ParNew: 35392K->2658K(36288K), 0.0053983 secs] 137033K->104994K(242952K), 0.0054696 secs] [Times: user=0.01 sys=0.00, real=0.00 secs] 
2015-10-30T16:21:06.093+0000: 6533.274: [GC (Allocation Failure) 6533.274: [ParNew: 34978K->3528K(36288K), 0.0039372 secs] 137314K->105864K(242952K), 0.0040052 secs] [Times: user=0.01 sys=0.00, real=0.01 secs] 
2015-10-30T16:21:06.117+0000: 6533.298: [GC (Allocation Failure) 6533.298: [ParNew: 35848K->2866K(36288K), 0.0043565 secs] 138184K->105789K(242952K), 0.0044198 secs] [Times: user=0.01 sys=0.00, real=0.00 secs] 
2015-10-30T16:21:06.140+0000: 6533.321: [GC (Allocation Failure) 6533.321: [ParNew: 35186K->3075K(36288K), 0.0032930 secs] 138109K->105999K(242952K), 0.0033562 secs] [Times: user=0.01 sys=0.00, real=0.00 secs] 
2015-10-30T16:21:06.234+0000: 6533.414: [GC (Allocation Failure) 6533.414: [ParNew: 35049K->3649K(36288K), 0.0046403 secs] 137972K->109849K(242952K), 0.0047114 secs] [Times: user=0.01 sys=0.00, real=0.01 secs] 
2015-10-30T16:21:06.239+0000: 6533.419: [GC (CMS Initial Mark) [1 CMS-initial-mark: 106200K(206664K)] 110450K(242952K), 0.0018497 secs] [Times: user=0.00 sys=0.00, real=0.00 secs] 
2015-10-30T16:21:06.241+0000: 6533.421: [CMS-concurrent-mark-start]
2015-10-30T16:21:06.279+0000: 6533.460: [CMS-concurrent-mark: 0.039/0.039 secs] [Times: user=0.03 sys=0.01, real=0.04 secs] 
2015-10-30T16:21:06.280+0000: 6533.460: [CMS-concurrent-preclean-start]
2015-10-30T16:21:06.281+0000: 6533.462: [CMS-concurrent-preclean: 0.002/0.002 secs] [Times: user=0.00 sys=0.00, real=0.00 secs] 
2015-10-30T16:21:06.281+0000: 6533.462: [GC (CMS Final Remark) [YG occupancy: 4639 K (36288 K)]6533.462: [Rescan (parallel) , 0.0013983 secs]6533.463: [weak refs processing, 0.0000161 secs]6533.463: [class unloading, 0.0156151 secs]6533.479: [scrub symbol table, 0.0065131 secs]6533.485: [scrub string table, 0.0007797 secs][1 CMS-remark: 106200K(206664K)] 110839K(242952K), 0.0257680 secs] [Times: user=0.03 sys=0.00, real=0.03 secs] 
2015-10-30T16:21:06.307+0000: 6533.488: [CMS-concurrent-sweep-start]
2015-10-30T16:21:06.337+0000: 6533.517: [CMS-concurrent-sweep: 0.030/0.030 secs] [Times: user=0.03 sys=0.00, real=0.02 secs] 
2015-10-30T16:21:06.337+0000: 6533.517: [CMS-concurrent-reset-start]
2015-10-30T16:21:06.339+0000: 6533.520: [CMS-concurrent-reset: 0.002/0.002 secs] [Times: user=0.01 sys=0.00, real=0.01 secs] 
2015-10-30T16:21:10.543+0000: 6537.723: [GC (Allocation Failure) 6537.723: [ParNew: 35969K->3062K(36288K), 0.0025711 secs] 104796K->71953K(242952K), 0.0026404 secs] [Times: user=0.01 sys=0.00, real=0.01 secs] 
2015-10-30T16:21:16.031+0000: 6543.211: [GC (Allocation Failure) 6543.212: [ParNew: 35382K->3968K(36288K), 0.0163129 secs] 104273K->85175K(242952K), 0.0163997 secs] [Times: user=0.06 sys=0.00, real=0.02 secs] 
2015-10-30T16:21:16.069+0000: 6543.250: [GC (Allocation Failure) 6543.250: [ParNew: 36288K->2049K(36288K), 0.0043039 secs] 117495K->87064K(242952K), 0.0043746 secs] [Times: user=0.02 sys=0.00, real=0.00 secs] 
2015-10-30T16:21:16.093+0000: 6543.274: [GC (Allocation Failure) 6543.274: [ParNew: 34369K->2213K(36288K), 0.0029766 secs] 119384K->87229K(242952K), 0.0030393 secs] [Times: user=0.01 sys=0.00, real=0.00 secs] 
2015-10-30T16:21:16.115+0000: 6543.295: [GC (Allocation Failure) 6543.295: [ParNew: 34533K->2948K(36288K), 0.0036070 secs] 119549K->87964K(242952K), 0.0036912 secs] [Times: user=0.02 sys=0.00, real=0.01 secs] 
2015-10-30T16:21:16.139+0000: 6543.319: [GC (Allocation Failure) 6543.320: [ParNew: 35268K->3279K(36288K), 0.0048982 secs] 120284K->89105K(242952K), 0.0049527 secs] [Times: user=0.02 sys=0.00, real=0.00 secs] 
2015-10-30T16:21:16.165+0000: 6543.346: [GC (Allocation Failure) 6543.346: [ParNew: 35599K->2631K(36288K), 0.0044359 secs] 121425K->89144K(242952K), 0.0045089 secs] [Times: user=0.01 sys=0.00, real=0.00 secs] 
2015-10-30T16:21:16.187+0000: 6543.368: [GC (Allocation Failure) 6543.368: [ParNew: 34951K->3968K(36288K), 0.0037557 secs] 121464K->90481K(242952K), 0.0038194 secs] [Times: user=0.02 sys=0.00, real=0.00 secs] 
2015-10-30T16:21:16.210+0000: 6543.390: [GC (Allocation Failure) 6543.390: [ParNew: 36288K->2943K(36288K), 0.0044231 secs] 122801K->90080K(242952K), 0.0044919 secs] [Times: user=0.02 sys=0.00, real=0.00 secs] 
2015-10-30T16:21:16.232+0000: 6543.413: [GC (Allocation Failure) 6543.413: [ParNew: 35263K->3968K(36288K), 0.0033218 secs] 122400K->91104K(242952K), 0.0033937 secs] [Times: user=0.01 sys=0.00, real=0.00 secs] 
2015-10-30T16:21:16.271+0000: 6543.451: [GC (Allocation Failure) 6543.451: [ParNew: 36279K->2851K(36288K), 0.0039913 secs] 123415K->95908K(242952K), 0.0040722 secs] [Times: user=0.01 sys=0.00, real=0.00 secs] 
2015-10-30T16:21:16.275+0000: 6543.456: [GC (CMS Initial Mark) [1 CMS-initial-mark: 93057K(206664K)] 96172K(242952K), 0.0021521 secs] [Times: user=0.01 sys=0.00, real=0.01 secs] 
2015-10-30T16:21:16.277+0000: 6543.458: [CMS-concurrent-mark-start]
2015-10-30T16:21:16.316+0000: 6543.496: [CMS-concurrent-mark: 0.038/0.038 secs] [Times: user=0.08 sys=0.00, real=0.03 secs] 
2015-10-30T16:21:16.316+0000: 6543.496: [CMS-concurrent-preclean-start]
2015-10-30T16:21:16.317+0000: 6543.498: [CMS-concurrent-preclean: 0.002/0.002 secs] [Times: user=0.00 sys=0.00, real=0.01 secs] 
2015-10-30T16:21:16.318+0000: 6543.498: [GC (CMS Final Remark) [YG occupancy: 3420 K (36288 K)]6543.498: [Rescan (parallel) , 0.0019164 secs]6543.500: [weak refs processing, 0.0000157 secs]6543.500: [class unloading, 0.0152404 secs]6543.515: [scrub symbol table, 0.0065702 secs]6543.522: [scrub string table, 0.0007522 secs][1 CMS-remark: 93057K(206664K)] 96478K(242952K), 0.0259484 secs] [Times: user=0.03 sys=0.00, real=0.02 secs] 
2015-10-30T16:21:16.344+0000: 6543.524: [CMS-concurrent-sweep-start]
2015-10-30T16:21:16.373+0000: 6543.553: [CMS-concurrent-sweep: 0.029/0.029 secs] [Times: user=0.04 sys=0.00, real=0.03 secs] 
2015-10-30T16:21:16.373+0000: 6543.553: [CMS-concurrent-reset-start]
2015-10-30T16:21:16.375+0000: 6543.556: [CMS-concurrent-reset: 0.002/0.002 secs] [Times: user=0.01 sys=0.00, real=0.00 secs] 
2015-10-30T16:21:25.962+0000: 6553.142: [GC (Allocation Failure) 6553.142: [ParNew: 35171K->3968K(36288K), 0.0148234 secs] 107718K->88166K(242952K), 0.0149076 secs] [Times: user=0.05 sys=0.00, real=0.01 secs] 
2015-10-30T16:21:25.993+0000: 6553.174: [GC (Allocation Failure) 6553.174: [ParNew: 36288K->2642K(36288K), 0.0037660 secs] 120486K->90612K(242952K), 0.0038245 secs] [Times: user=0.02 sys=0.00, real=0.01 secs] 
2015-10-30T16:21:26.017+0000: 6553.198: [GC (Allocation Failure) 6553.198: [ParNew: 34962K->1990K(36288K), 0.0028066 secs] 122932K->89961K(242952K), 0.0028655 secs] [Times: user=0.01 sys=0.00, real=0.00 secs] 
2015-10-30T16:21:26.039+0000: 6553.219: [GC (Allocation Failure) 6553.219: [ParNew: 34310K->2769K(36288K), 0.0034100 secs] 122281K->90740K(242952K), 0.0034619 secs] [Times: user=0.01 sys=0.00, real=0.00 secs] 
2015-10-30T16:21:26.065+0000: 6553.246: [GC (Allocation Failure) 6553.246: [ParNew: 35089K->3090K(36288K), 0.0047509 secs] 123060K->91860K(242952K), 0.0048105 secs] [Times: user=0.02 sys=0.00, real=0.00 secs] 
2015-10-30T16:21:26.093+0000: 6553.274: [GC (Allocation Failure) 6553.274: [ParNew: 35410K->2662K(36288K), 0.0039278 secs] 124180K->92130K(242952K), 0.0039964 secs] [Times: user=0.01 sys=0.00, real=0.01 secs] 
2015-10-30T16:21:26.117+0000: 6553.297: [GC (Allocation Failure) 6553.297: [ParNew: 34982K->3968K(36288K), 0.0030874 secs] 124450K->93435K(242952K), 0.0031633 secs] [Times: user=0.01 sys=0.00, real=0.01 secs] 
2015-10-30T16:21:26.139+0000: 6553.320: [GC (Allocation Failure) 6553.320: [ParNew: 36288K->2868K(36288K), 0.0037152 secs] 125755K->92925K(242952K), 0.0037743 secs] [Times: user=0.01 sys=0.00, real=0.00 secs] 
2015-10-30T16:21:26.161+0000: 6553.341: [GC (Allocation Failure) 6553.341: [ParNew: 35188K->3550K(36288K), 0.0033287 secs] 125245K->93607K(242952K), 0.0033858 secs] [Times: user=0.01 sys=0.00, real=0.00 secs] 
2015-10-30T16:21:26.253+0000: 6553.433: [GC (Allocation Failure) 6553.434: [ParNew: 35701K->3149K(36288K), 0.0038755 secs] 125758K->96478K(242952K), 0.0039432 secs] [Times: user=0.01 sys=0.00, real=0.00 secs] 
2015-10-30T16:21:35.961+0000: 6563.142: [GC (Allocation Failure) 6563.142: [ParNew: 35469K->3968K(36288K), 0.0176166 secs] 128798K->110368K(242952K), 0.0177045 secs] [Times: user=0.06 sys=0.00, real=0.02 secs] 
2015-10-30T16:21:35.997+0000: 6563.177: [GC (Allocation Failure) 6563.177: [ParNew: 36288K->3077K(36288K), 0.0051194 secs] 142688K->113200K(242952K), 0.0051895 secs] [Times: user=0.01 sys=0.00, real=0.01 secs] 
2015-10-30T16:21:36.020+0000: 6563.200: [GC (Allocation Failure) 6563.200: [ParNew: 35397K->2232K(36288K), 0.0027190 secs] 145520K->112355K(242952K), 0.0027844 secs] [Times: user=0.01 sys=0.00, real=0.00 secs] 
2015-10-30T16:21:36.041+0000: 6563.222: [GC (Allocation Failure) 6563.222: [ParNew: 34552K->2988K(36288K), 0.0030477 secs] 144675K->113111K(242952K), 0.0031084 secs] [Times: user=0.01 sys=0.01, real=0.00 secs] 
2015-10-30T16:21:36.069+0000: 6563.250: [GC (Allocation Failure) 6563.250: [ParNew: 35308K->2927K(36288K), 0.0044354 secs] 145431K->113870K(242952K), 0.0045059 secs] [Times: user=0.01 sys=0.00, real=0.00 secs] 
2015-10-30T16:21:36.094+0000: 6563.274: [GC (Allocation Failure) 6563.274: [ParNew: 35247K->2995K(36288K), 0.0039244 secs] 146190K->114603K(242952K), 0.0040021 secs] [Times: user=0.01 sys=0.00, real=0.01 secs] 
2015-10-30T16:21:36.117+0000: 6563.298: [GC (Allocation Failure) 6563.298: [ParNew: 35315K->3934K(36288K), 0.0032111 secs] 146923K->115542K(242952K), 0.0032890 secs] [Times: user=0.01 sys=0.00, real=0.00 secs] 
2015-10-30T16:21:36.139+0000: 6563.320: [GC (Allocation Failure) 6563.320: [ParNew: 36254K->2405K(36288K), 0.0036925 secs] 147862K->114663K(242952K), 0.0037598 secs] [Times: user=0.01 sys=0.00, real=0.00 secs] 
2015-10-30T16:21:36.166+0000: 6563.346: [GC (Allocation Failure) 6563.346: [ParNew: 34725K->3968K(36288K), 0.0030895 secs] 146983K->116254K(242952K), 0.0031557 secs] [Times: user=0.01 sys=0.00, real=0.00 secs] 
2015-10-30T16:21:38.849+0000: 6566.030: [GC (Allocation Failure) 6566.030: [ParNew: 36288K->1894K(36288K), 0.0054109 secs] 148574K->118538K(242952K), 0.0055091 secs] [Times: user=0.02 sys=0.00, real=0.00 secs] 
2015-10-30T16:21:45.957+0000: 6573.138: [GC (Allocation Failure) 6573.138: [ParNew: 34214K->3968K(36288K), 0.0148146 secs] 150858K->132628K(242952K), 0.0148864 secs] [Times: user=0.05 sys=0.00, real=0.01 secs] 
2015-10-30T16:21:45.993+0000: 6573.174: [GC (Allocation Failure) 6573.174: [ParNew: 36288K->2223K(36288K), 0.0047332 secs] 164948K->134733K(242952K), 0.0048031 secs] [Times: user=0.02 sys=0.00, real=0.01 secs] 
2015-10-30T16:21:46.017+0000: 6573.198: [GC (Allocation Failure) 6573.198: [ParNew: 34543K->2231K(36288K), 0.0026719 secs] 167053K->134741K(242952K), 0.0027306 secs] [Times: user=0.01 sys=0.00, real=0.00 secs] 
2015-10-30T16:21:46.039+0000: 6573.219: [GC (Allocation Failure) 6573.219: [ParNew: 34551K->3005K(36288K), 0.0033362 secs] 167061K->135515K(242952K), 0.0033849 secs] [Times: user=0.01 sys=0.00, real=0.00 secs] 
2015-10-30T16:21:46.065+0000: 6573.246: [GC (Allocation Failure) 6573.246: [ParNew: 35325K->3019K(36288K), 0.0047232 secs] 167835K->136299K(242952K), 0.0047757 secs] [Times: user=0.02 sys=0.00, real=0.00 secs] 
2015-10-30T16:21:46.093+0000: 6573.274: [GC (Allocation Failure) 6573.274: [ParNew: 35339K->2510K(36288K), 0.0038732 secs] 168619K->136468K(242952K), 0.0039497 secs] [Times: user=0.02 sys=0.01, real=0.01 secs] 
2015-10-30T16:21:46.117+0000: 6573.298: [GC (Allocation Failure) 6573.298: [ParNew: 34830K->3956K(36288K), 0.0030960 secs] 168788K->137914K(242952K), 0.0031532 secs] [Times: user=0.02 sys=0.00, real=0.00 secs] 
2015-10-30T16:21:46.139+0000: 6573.319: [GC (Allocation Failure) 6573.319: [ParNew: 36276K->2852K(36288K), 0.0036983 secs] 170234K->137452K(242952K), 0.0037581 secs] [Times: user=0.01 sys=0.00, real=0.00 secs] 
2015-10-30T16:21:46.172+0000: 6573.353: [GC (Allocation Failure) 6573.353: [ParNew: 35158K->3968K(36288K), 0.0029695 secs] 169758K->139670K(242952K), 0.0030332 secs] [Times: user=0.02 sys=0.00, real=0.00 secs] 
2015-10-30T16:21:55.928+0000: 6583.108: [GC (Allocation Failure) 6583.108: [ParNew: 36225K->2810K(36288K), 0.0050606 secs] 171927K->143133K(242952K), 0.0051285 secs] [Times: user=0.01 sys=0.00, real=0.00 secs] 
2015-10-30T16:21:55.975+0000: 6583.156: [GC (Allocation Failure) 6583.156: [ParNew: 35130K->3968K(36288K), 0.0141144 secs] 175453K->155949K(242952K), 0.0141958 secs] [Times: user=0.05 sys=0.00, real=0.02 secs] 
2015-10-30T16:21:56.008+0000: 6583.188: [GC (Allocation Failure) 6583.188: [ParNew: 36288K->1884K(36288K), 0.0038922 secs] 188269K->157675K(242952K), 0.0039568 secs] [Times: user=0.02 sys=0.00, real=0.00 secs] 
2015-10-30T16:21:56.033+0000: 6583.214: [GC (Allocation Failure) 6583.214: [ParNew: 34204K->2030K(36288K), 0.0031844 secs] 189995K->157821K(242952K), 0.0032432 secs] [Times: user=0.01 sys=0.00, real=0.00 secs] 
2015-10-30T16:21:56.054+0000: 6583.235: [GC (Allocation Failure) 6583.235: [ParNew: 34350K->2955K(36288K), 0.0031747 secs] 190141K->158747K(242952K), 0.0032220 secs] [Times: user=0.01 sys=0.00, real=0.01 secs] 
2015-10-30T16:21:56.081+0000: 6583.262: [GC (Allocation Failure) 6583.262: [ParNew: 35275K->2927K(36288K), 0.0047839 secs] 191067K->159469K(242952K), 0.0048381 secs] [Times: user=0.02 sys=0.00, real=0.01 secs] 
2015-10-30T16:21:56.109+0000: 6583.289: [GC (Allocation Failure) 6583.289: [ParNew: 35247K->2690K(36288K), 0.0039836 secs] 191789K->159915K(242952K), 0.0040437 secs] [Times: user=0.02 sys=0.00, real=0.00 secs] 
2015-10-30T16:21:56.133+0000: 6583.314: [GC (Allocation Failure) 6583.314: [ParNew: 35010K->3189K(36288K), 0.0038143 secs] 192235K->161060K(242952K), 0.0039021 secs] [Times: user=0.01 sys=0.00, real=0.01 secs] 
2015-10-30T16:21:56.157+0000: 6583.338: [GC (Allocation Failure) 6583.338: [ParNew: 35509K->2429K(36288K), 0.0030217 secs] 193380K->160300K(242952K), 0.0030797 secs] [Times: user=0.01 sys=0.00, real=0.00 secs] 
2015-10-30T16:21:56.192+0000: 6583.372: [GC (Allocation Failure) 6583.372: [ParNew: 34749K->3968K(36288K), 0.0033535 secs] 192620K->164019K(242952K), 0.0034278 secs] [Times: user=0.01 sys=0.00, real=0.00 secs] 
2015-10-30T16:22:00.035+0000: 6587.215: [GC (Allocation Failure) 6587.215: [ParNew: 36258K->3968K(36288K), 0.0058071 secs] 196310K->166885K(242952K), 0.0058802 secs] [Times: user=0.02 sys=0.00, real=0.01 secs] 
2015-10-30T16:22:00.085+0000: 6587.266: [GC (Allocation Failure) 6587.266: [ParNew: 36272K->3259K(36288K), 0.0047712 secs] 199190K->169256K(242952K), 0.0048401 secs] [Times: user=0.01 sys=0.00, real=0.00 secs] 
2015-10-30T16:22:00.122+0000: 6587.302: [GC (Allocation Failure) 6587.302: [ParNew: 35579K->3968K(36288K), 0.0106888 secs] 201576K->177049K(242952K), 0.0107810 secs] [Times: user=0.04 sys=0.00, real=0.01 secs] 
2015-10-30T16:22:00.153+0000: 6587.333: [GC (Allocation Failure) 6587.333: [ParNew: 36288K->3383K(36288K), 0.0059890 secs] 209369K->180512K(242952K), 0.0060794 secs] [Times: user=0.02 sys=0.01, real=0.01 secs] 
2015-10-30T16:22:00.159+0000: 6587.340: [GC (CMS Initial Mark) [1 CMS-initial-mark: 177129K(206664K)] 180600K(242952K), 0.0016656 secs] [Times: user=0.01 sys=0.00, real=0.00 secs] 
2015-10-30T16:22:00.161+0000: 6587.342: [CMS-concurrent-mark-start]
2015-10-30T16:22:00.187+0000: 6587.367: [GC (Allocation Failure) 6587.367: [ParNew: 35498K->3968K(36288K), 0.0023872 secs] 212627K->181097K(242952K), 0.0024563 secs] [Times: user=0.01 sys=0.00, real=0.00 secs] 
2015-10-30T16:22:00.212+0000: 6587.392: [CMS-concurrent-mark: 0.048/0.051 secs] [Times: user=0.11 sys=0.00, real=0.05 secs] 
2015-10-30T16:22:00.212+0000: 6587.392: [CMS-concurrent-preclean-start]
2015-10-30T16:22:00.214+0000: 6587.395: [CMS-concurrent-preclean: 0.002/0.002 secs] [Times: user=0.01 sys=0.00, real=0.00 secs] 
2015-10-30T16:22:00.214+0000: 6587.395: [CMS-concurrent-abortable-preclean-start]
2015-10-30T16:22:00.357+0000: 6587.538: [GC (Allocation Failure) 6587.538: [ParNew: 36288K->3968K(36288K), 0.0064085 secs] 213417K->183203K(242952K), 0.0064926 secs] [Times: user=0.03 sys=0.00, real=0.01 secs] 
2015-10-30T16:22:00.397+0000: 6587.578: [GC (Allocation Failure) 6587.578: [ParNew: 36288K->3531K(36288K), 0.0059656 secs] 215523K->184809K(242952K), 0.0060375 secs] [Times: user=0.02 sys=0.00, real=0.00 secs] 
2015-10-30T16:22:00.416+0000: 6587.597: [CMS-concurrent-abortable-preclean: 0.083/0.202 secs] [Times: user=0.37 sys=0.03, real=0.20 secs] 
2015-10-30T16:22:00.417+0000: 6587.598: [GC (CMS Final Remark) [YG occupancy: 18611 K (36288 K)]6587.598: [Rescan (parallel) , 0.0091629 secs]6587.607: [weak refs processing, 0.0000280 secs]6587.607: [class unloading, 0.0154262 secs]6587.622: [scrub symbol table, 0.0067348 secs]6587.629: [scrub string table, 0.0007938 secs][1 CMS-remark: 181278K(206664K)] 199889K(242952K), 0.0337082 secs] [Times: user=0.05 sys=0.00, real=0.03 secs] 
2015-10-30T16:22:00.451+0000: 6587.632: [CMS-concurrent-sweep-start]
2015-10-30T16:22:00.468+0000: 6587.649: [GC (Allocation Failure) 6587.649: [ParNew: 35851K->3968K(36288K), 0.0046153 secs] 205656K->175490K(242952K), 0.0046894 secs] [Times: user=0.02 sys=0.00, real=0.00 secs] 
2015-10-30T16:22:00.508+0000: 6587.688: [GC (Allocation Failure) 6587.689: [ParNew: 36288K->3968K(36288K), 0.0073571 secs] 178666K->150211K(242952K), 0.0074458 secs] [Times: user=0.03 sys=0.00, real=0.00 secs] 
2015-10-30T16:22:00.540+0000: 6587.720: [GC (Allocation Failure) 6587.720: [ParNew: 36288K->2693K(36288K), 0.0245412 secs] 171868K->141793K(242952K), 0.0246211 secs] [Times: user=0.07 sys=0.00, real=0.02 secs] 
2015-10-30T16:22:00.626+0000: 6587.806: [CMS-concurrent-sweep: 0.137/0.175 secs] [Times: user=0.58 sys=0.02, real=0.18 secs] 
2015-10-30T16:22:00.626+0000: 6587.806: [CMS-concurrent-reset-start]
2015-10-30T16:22:00.629+0000: 6587.809: [CMS-concurrent-reset: 0.002/0.002 secs] [Times: user=0.00 sys=0.00, real=0.00 secs] 
2015-10-30T16:22:04.641+0000: 6591.821: [GC (Allocation Failure) 6591.821: [ParNew: 35001K->3583K(36288K), 0.0036027 secs] 117770K->86352K(242952K), 0.0036716 secs] [Times: user=0.01 sys=0.00, real=0.00 secs] 
2015-10-30T16:22:10.961+0000: 6598.142: [GC (Allocation Failure) 6598.142: [ParNew: 35903K->3968K(36288K), 0.0150677 secs] 118672K->100914K(242952K), 0.0151519 secs] [Times: user=0.06 sys=0.00, real=0.01 secs] 
2015-10-30T16:22:10.996+0000: 6598.176: [GC (Allocation Failure) 6598.177: [ParNew: 36288K->2370K(36288K), 0.0043818 secs] 133234K->103196K(242952K), 0.0044419 secs] [Times: user=0.02 sys=0.00, real=0.01 secs] 
2015-10-30T16:22:11.021+0000: 6598.202: [GC (Allocation Failure) 6598.202: [ParNew: 34690K->1848K(36288K), 0.0031745 secs] 135516K->102674K(242952K), 0.0032363 secs] [Times: user=0.01 sys=0.00, real=0.00 secs] 
2015-10-30T16:22:11.049+0000: 6598.230: [GC (Allocation Failure) 6598.230: [ParNew: 34168K->3968K(36288K), 0.0057437 secs] 134994K->105168K(242952K), 0.0058074 secs] [Times: user=0.02 sys=0.00, real=0.00 secs] 
2015-10-30T16:22:11.081+0000: 6598.262: [GC (Allocation Failure) 6598.262: [ParNew: 36288K->3968K(36288K), 0.0076213 secs] 137601K->108712K(242952K), 0.0076918 secs] [Times: user=0.03 sys=0.00, real=0.01 secs] 
2015-10-30T16:22:11.090+0000: 6598.271: [GC (GCLocker Initiated GC) 6598.271: [ParNew: 5794K->3304K(36288K), 0.0053665 secs] 110539K->111375K(242952K), 0.0054108 secs] [Times: user=0.02 sys=0.00, real=0.00 secs] 
2015-10-30T16:22:11.121+0000: 6598.302: [GC (Allocation Failure) 6598.302: [ParNew: 35624K->3968K(36288K), 0.0051595 secs] 143695K->112493K(242952K), 0.0052339 secs] [Times: user=0.02 sys=0.00, real=0.01 secs] 
2015-10-30T16:22:11.148+0000: 6598.328: [GC (Allocation Failure) 6598.328: [ParNew: 36288K->3968K(36288K), 0.0087854 secs] 144813K->116346K(242952K), 0.0088515 secs] [Times: user=0.03 sys=0.00, real=0.00 secs] 
2015-10-30T16:22:11.175+0000: 6598.356: [GC (Allocation Failure) 6598.356: [ParNew: 36288K->1982K(36288K), 0.0065709 secs] 148666K->116518K(242952K), 0.0066338 secs] [Times: user=0.02 sys=0.00, real=0.01 secs] 
2015-10-30T16:22:11.204+0000: 6598.384: [GC (GCLocker Initiated GC) 6598.384: [ParNew: 34302K->3625K(36288K), 0.0037570 secs] 148838K->118161K(242952K), 0.0038100 secs] [Times: user=0.01 sys=0.00, real=0.01 secs] 
2015-10-30T16:22:11.229+0000: 6598.410: [GC (Allocation Failure) 6598.410: [ParNew: 35945K->3968K(36288K), 0.0060519 secs] 150481K->119795K(242952K), 0.0061094 secs] [Times: user=0.02 sys=0.00, real=0.00 secs] 
2015-10-30T16:22:11.257+0000: 6598.438: [GC (Allocation Failure) 6598.438: [ParNew: 36288K->3040K(36288K), 0.0052612 secs] 152115K->120790K(242952K), 0.0053319 secs] [Times: user=0.02 sys=0.00, real=0.00 secs] 
2015-10-30T16:22:11.295+0000: 6598.475: [GC (Allocation Failure) 6598.475: [ParNew: 34561K->3327K(36288K), 0.0034452 secs] 152311K->129054K(242952K), 0.0035258 secs] [Times: user=0.01 sys=0.00, real=0.01 secs] 
2015-10-30T16:22:11.299+0000: 6598.479: [GC (CMS Initial Mark) [1 CMS-initial-mark: 125727K(206664K)] 131736K(242952K), 0.0023699 secs] [Times: user=0.01 sys=0.00, real=0.00 secs] 
2015-10-30T16:22:11.301+0000: 6598.482: [CMS-concurrent-mark-start]
2015-10-30T16:22:11.346+0000: 6598.526: [CMS-concurrent-mark: 0.045/0.045 secs] [Times: user=0.09 sys=0.00, real=0.05 secs] 
2015-10-30T16:22:11.346+0000: 6598.526: [CMS-concurrent-preclean-start]
2015-10-30T16:22:11.348+0000: 6598.529: [CMS-concurrent-preclean: 0.002/0.002 secs] [Times: user=0.00 sys=0.00, real=0.00 secs] 
2015-10-30T16:22:11.348+0000: 6598.529: [CMS-concurrent-abortable-preclean-start]
2015-10-30T16:22:15.941+0000: 6603.121: [GC (Allocation Failure) 6603.122: [ParNew: 35647K->3968K(36288K), 0.0051183 secs] 161374K->138603K(242952K), 0.0052045 secs] [Times: user=0.02 sys=0.00, real=0.01 secs] 
2015-10-30T16:22:15.969+0000: 6603.150: [CMS-concurrent-abortable-preclean: 0.921/4.621 secs] [Times: user=1.09 sys=0.01, real=4.62 secs] 
2015-10-30T16:22:15.980+0000: 6603.164: [GC (Allocation Failure) 6603.164: [ParNew: 36288K->3968K(36288K), 0.0150875 secs] 170923K->149562K(242952K), 0.0151585 secs] [Times: user=0.05 sys=0.00, real=0.02 secs] 
2015-10-30T16:22:16.001+0000: 6603.182: [GC (CMS Final Remark) [YG occupancy: 4943 K (36288 K)]6603.182: [Rescan (parallel) , 0.0058202 secs]6603.188: [weak refs processing, 0.0000252 secs]6603.188: [class unloading, 0.0154203 secs]6603.203: [scrub symbol table, 0.0066507 secs]6603.210: [scrub string table, 0.0007804 secs][1 CMS-remark: 145594K(206664K)] 150537K(242952K), 0.0302459 secs] [Times: user=0.05 sys=0.01, real=0.03 secs] 
2015-10-30T16:22:16.032+0000: 6603.212: [CMS-concurrent-sweep-start]
2015-10-30T16:22:16.053+0000: 6603.233: [GC (Allocation Failure) 6603.233: [ParNew: 36288K->3538K(36288K), 0.0051897 secs] 167013K->138150K(242952K), 0.0052513 secs] [Times: user=0.02 sys=0.00, real=0.01 secs] 
2015-10-30T16:22:16.080+0000: 6603.260: [GC (Allocation Failure) 6603.260: [ParNew: 35858K->2204K(36288K), 0.0026562 secs] 155305K->121651K(242952K), 0.0027142 secs] [Times: user=0.01 sys=0.00, real=0.00 secs] 
2015-10-30T16:22:16.106+0000: 6603.287: [GC (Allocation Failure) 6603.287: [ParNew: 34524K->3194K(36288K), 0.0034206 secs] 144093K->112764K(242952K), 0.0034804 secs] [Times: user=0.02 sys=0.00, real=0.00 secs] 
2015-10-30T16:22:16.122+0000: 6603.303: [CMS-concurrent-sweep: 0.078/0.090 secs] [Times: user=0.33 sys=0.00, real=0.09 secs] 
2015-10-30T16:22:16.122+0000: 6603.303: [CMS-concurrent-reset-start]
2015-10-30T16:22:16.125+0000: 6603.305: [CMS-concurrent-reset: 0.003/0.003 secs] [Times: user=0.01 sys=0.00, real=0.00 secs] 
2015-10-30T16:22:16.133+0000: 6603.314: [GC (Allocation Failure) 6603.314: [ParNew: 35514K->3103K(36288K), 0.0042279 secs] 134805K->103848K(242952K), 0.0042973 secs] [Times: user=0.02 sys=0.00, real=0.01 secs] 
2015-10-30T16:22:16.157+0000: 6603.338: [GC (Allocation Failure) 6603.338: [ParNew: 35423K->3085K(36288K), 0.0039211 secs] 136168K->103830K(242952K), 0.0039859 secs] [Times: user=0.01 sys=0.00, real=0.00 secs] 
2015-10-30T16:22:16.181+0000: 6603.362: [GC (Allocation Failure) 6603.362: [ParNew: 35405K->2202K(36288K), 0.0039722 secs] 136150K->103646K(242952K), 0.0040421 secs] [Times: user=0.01 sys=0.00, real=0.01 secs] 
2015-10-30T16:22:16.205+0000: 6603.386: [GC (Allocation Failure) 6603.386: [ParNew: 34522K->2147K(36288K), 0.0024936 secs] 135966K->103591K(242952K), 0.0025561 secs] [Times: user=0.01 sys=0.00, real=0.00 secs] 
2015-10-30T16:22:16.240+0000: 6603.421: [GC (Allocation Failure) 6603.421: [ParNew: 33409K->3968K(36288K), 0.0032147 secs] 134853K->113834K(242952K), 0.0032943 secs] [Times: user=0.01 sys=0.00, real=0.00 secs] 
2015-10-30T16:22:16.245+0000: 6603.425: [GC (CMS Initial Mark) [1 CMS-initial-mark: 109866K(206664K)] 119151K(242952K), 0.0020503 secs] [Times: user=0.01 sys=0.00, real=0.01 secs] 
2015-10-30T16:22:16.247+0000: 6603.427: [CMS-concurrent-mark-start]
2015-10-30T16:22:16.305+0000: 6603.485: [CMS-concurrent-mark: 0.058/0.058 secs] [Times: user=0.11 sys=0.00, real=0.05 secs] 
2015-10-30T16:22:16.305+0000: 6603.485: [CMS-concurrent-preclean-start]
2015-10-30T16:22:16.307+0000: 6603.487: [CMS-concurrent-preclean: 0.002/0.002 secs] [Times: user=0.01 sys=0.00, real=0.01 secs] 
2015-10-30T16:22:16.307+0000: 6603.487: [CMS-concurrent-abortable-preclean-start]
 CMS: abort preclean due to time 2015-10-30T16:22:21.403+0000: 6608.583: [CMS-concurrent-abortable-preclean: 1.265/5.096 secs] [Times: user=1.35 sys=0.01, real=5.09 secs] 
2015-10-30T16:22:21.403+0000: 6608.583: [GC (CMS Final Remark) [YG occupancy: 27013 K (36288 K)]6608.641: [Rescan (parallel) , 0.0024304 secs]6608.643: [weak refs processing, 0.0000228 secs]6608.643: [class unloading, 0.0149062 secs]6608.658: [scrub symbol table, 0.0065452 secs]6608.665: [scrub string table, 0.0007542 secs][1 CMS-remark: 109866K(206664K)] 136879K(242952K), 0.0833916 secs] [Times: user=0.04 sys=0.00, real=0.09 secs] 
2015-10-30T16:22:21.486+0000: 6608.667: [CMS-concurrent-sweep-start]
2015-10-30T16:22:21.555+0000: 6608.736: [CMS-concurrent-sweep: 0.069/0.069 secs] [Times: user=0.07 sys=0.00, real=0.06 secs] 
2015-10-30T16:22:21.556+0000: 6608.736: [CMS-concurrent-reset-start]
2015-10-30T16:22:21.558+0000: 6608.738: [CMS-concurrent-reset: 0.002/0.002 secs] [Times: user=0.00 sys=0.00, real=0.01 secs] 
2015-10-30T16:22:23.558+0000: 6610.738: [GC (CMS Initial Mark) [1 CMS-initial-mark: 69720K(206664K)] 96982K(242952K), 0.0027529 secs] [Times: user=0.01 sys=0.00, real=0.00 secs] 
2015-10-30T16:22:23.560+0000: 6610.741: [CMS-concurrent-mark-start]
2015-10-30T16:22:23.598+0000: 6610.778: [CMS-concurrent-mark: 0.037/0.037 secs] [Times: user=0.04 sys=0.00, real=0.04 secs] 
2015-10-30T16:22:23.598+0000: 6610.778: [CMS-concurrent-preclean-start]
2015-10-30T16:22:23.600+0000: 6610.780: [CMS-concurrent-preclean: 0.002/0.002 secs] [Times: user=0.00 sys=0.00, real=0.00 secs] 
2015-10-30T16:22:23.600+0000: 6610.780: [CMS-concurrent-abortable-preclean-start]
2015-10-30T16:22:25.953+0000: 6613.133: [GC (Allocation Failure) 6613.133: [ParNew: 36288K->3968K(36288K), 0.0070741 secs] 106008K->82880K(242952K), 0.0071595 secs] [Times: user=0.02 sys=0.00, real=0.01 secs] 
2015-10-30T16:22:25.992+0000: 6613.173: [GC (Allocation Failure) 6613.173: [ParNew: 36288K->3968K(36288K), 0.0125522 secs] 115200K->94864K(242952K), 0.0126271 secs] [Times: user=0.05 sys=0.00, real=0.01 secs] 
2015-10-30T16:22:26.026+0000: 6613.207: [GC (Allocation Failure) 6613.207: [ParNew: 36288K->2292K(36288K), 0.0063100 secs] 127184K->97027K(242952K), 0.0063719 secs] [Times: user=0.02 sys=0.00, real=0.00 secs] 
2015-10-30T16:22:26.055+0000: 6613.235: [GC (Allocation Failure) 6613.235: [ParNew: 34612K->2225K(36288K), 0.0024114 secs] 129347K->96959K(242952K), 0.0024722 secs] [Times: user=0.01 sys=0.00, real=0.01 secs] 
2015-10-30T16:22:26.058+0000: 6613.238: [CMS-concurrent-abortable-preclean: 0.634/2.458 secs] [Times: user=0.94 sys=0.01, real=2.46 secs] 
2015-10-30T16:22:26.058+0000: 6613.239: [GC (CMS Final Remark) [YG occupancy: 3430 K (36288 K)]6613.239: [Rescan (parallel) , 0.0021376 secs]6613.241: [weak refs processing, 0.0000133 secs]6613.241: [class unloading, 0.0148732 secs]6613.256: [scrub symbol table, 0.0066445 secs]6613.262: [scrub string table, 0.0007659 secs][1 CMS-remark: 94734K(206664K)] 98164K(242952K), 0.0259256 secs] [Times: user=0.03 sys=0.00, real=0.02 secs] 
2015-10-30T16:22:26.084+0000: 6613.265: [CMS-concurrent-sweep-start]
2015-10-30T16:22:26.106+0000: 6613.287: [GC (Allocation Failure) 6613.287: [ParNew: 34545K->3103K(36288K), 0.0029762 secs] 127738K->96296K(242952K), 0.0030327 secs] [Times: user=0.02 sys=0.00, real=0.00 secs] 
2015-10-30T16:22:26.137+0000: 6613.318: [GC (Allocation Failure) 6613.318: [ParNew: 35423K->2504K(36288K), 0.0041168 secs] 126466K->94323K(242952K), 0.0041794 secs] [Times: user=0.02 sys=0.00, real=0.00 secs] 
2015-10-30T16:22:26.143+0000: 6613.323: [CMS-concurrent-sweep: 0.049/0.058 secs] [Times: user=0.21 sys=0.01, real=0.06 secs] 
2015-10-30T16:22:26.145+0000: 6613.326: [CMS-concurrent-reset-start]
2015-10-30T16:22:26.148+0000: 6613.328: [CMS-concurrent-reset: 0.003/0.003 secs] [Times: user=0.01 sys=0.00, real=0.00 secs] 
2015-10-30T16:22:26.161+0000: 6613.342: [GC (Allocation Failure) 6613.342: [ParNew: 34824K->2998K(36288K), 0.0045166 secs] 126643K->95518K(242952K), 0.0045730 secs] [Times: user=0.02 sys=0.00, real=0.01 secs] 
2015-10-30T16:22:26.185+0000: 6613.366: [GC (Allocation Failure) 6613.366: [ParNew: 35318K->2749K(36288K), 0.0034839 secs] 127838K->95856K(242952K), 0.0035423 secs] [Times: user=0.02 sys=0.00, real=0.00 secs] 
2015-10-30T16:22:26.207+0000: 6613.388: [GC (Allocation Failure) 6613.388: [ParNew: 35069K->2314K(36288K), 0.0024706 secs] 128176K->95422K(242952K), 0.0025278 secs] [Times: user=0.01 sys=0.00, real=0.00 secs] 
2015-10-30T16:22:26.242+0000: 6613.423: [GC (Allocation Failure) 6613.423: [ParNew: 33211K->3968K(36288K), 0.0033066 secs] 126319K->105614K(242952K), 0.0033886 secs] [Times: user=0.01 sys=0.00, real=0.01 secs] 
2015-10-30T16:22:26.247+0000: 6613.427: [GC (CMS Initial Mark) [1 CMS-initial-mark: 101646K(206664K)] 110932K(242952K), 0.0018479 secs] [Times: user=0.01 sys=0.00, real=0.00 secs] 
2015-10-30T16:22:26.249+0000: 6613.429: [CMS-concurrent-mark-start]
2015-10-30T16:22:26.308+0000: 6613.488: [CMS-concurrent-mark: 0.059/0.059 secs] [Times: user=0.12 sys=0.00, real=0.06 secs] 
2015-10-30T16:22:26.308+0000: 6613.488: [CMS-concurrent-preclean-start]
2015-10-30T16:22:26.309+0000: 6613.490: [CMS-concurrent-preclean: 0.002/0.002 secs] [Times: user=0.00 sys=0.00, real=0.00 secs] 
2015-10-30T16:22:26.309+0000: 6613.490: [CMS-concurrent-abortable-preclean-start]
 CMS: abort preclean due to time 2015-10-30T16:22:31.399+0000: 6618.580: [CMS-concurrent-abortable-preclean: 1.218/5.090 secs] [Times: user=1.31 sys=0.01, real=5.09 secs] 
2015-10-30T16:22:31.400+0000: 6618.580: [GC (CMS Final Remark) [YG occupancy: 26937 K (36288 K)]6618.580: [Rescan (parallel) , 0.0025476 secs]6618.583: [weak refs processing, 0.0000163 secs]6618.583: [class unloading, 0.0148008 secs]6618.598: [scrub symbol table, 0.0065255 secs]6618.604: [scrub string table, 0.0007400 secs][1 CMS-remark: 101646K(206664K)] 128584K(242952K), 0.0260631 secs] [Times: user=0.03 sys=0.00, real=0.03 secs] 
2015-10-30T16:22:31.426+0000: 6618.606: [CMS-concurrent-sweep-start]
2015-10-30T16:22:31.483+0000: 6618.664: [CMS-concurrent-sweep: 0.057/0.057 secs] [Times: user=0.06 sys=0.00, real=0.05 secs] 
2015-10-30T16:22:31.483+0000: 6618.664: [CMS-concurrent-reset-start]
2015-10-30T16:22:31.486+0000: 6618.666: [CMS-concurrent-reset: 0.002/0.002 secs] [Times: user=0.01 sys=0.00, real=0.01 secs] 
2015-10-30T16:22:33.486+0000: 6620.666: [GC (CMS Initial Mark) [1 CMS-initial-mark: 70996K(206664K)] 98242K(242952K), 0.0027717 secs] [Times: user=0.01 sys=0.00, real=0.00 secs] 
2015-10-30T16:22:33.489+0000: 6620.669: [CMS-concurrent-mark-start]
2015-10-30T16:22:33.526+0000: 6620.707: [CMS-concurrent-mark: 0.038/0.038 secs] [Times: user=0.04 sys=0.00, real=0.04 secs] 
2015-10-30T16:22:33.526+0000: 6620.707: [CMS-concurrent-preclean-start]
2015-10-30T16:22:33.528+0000: 6620.709: [CMS-concurrent-preclean: 0.002/0.002 secs] [Times: user=0.00 sys=0.00, real=0.00 secs] 
2015-10-30T16:22:33.528+0000: 6620.709: [CMS-concurrent-abortable-preclean-start]
2015-10-30T16:22:35.942+0000: 6623.122: [GC (Allocation Failure) 6623.122: [ParNew: 36288K->3968K(36288K), 0.0098498 secs] 107284K->84187K(242952K), 0.0099395 secs] [Times: user=0.03 sys=0.00, real=0.01 secs] 
2015-10-30T16:22:35.985+0000: 6623.166: [GC (Allocation Failure) 6623.166: [ParNew: 36288K->3968K(36288K), 0.0144621 secs] 116507K->95830K(242952K), 0.0145396 secs] [Times: user=0.05 sys=0.00, real=0.01 secs] 
2015-10-30T16:22:36.022+0000: 6623.202: [GC (Allocation Failure) 6623.202: [ParNew: 36288K->3118K(36288K), 0.0062749 secs] 128150K->98904K(242952K), 0.0063613 secs] [Times: user=0.03 sys=0.00, real=0.01 secs] 
2015-10-30T16:22:36.052+0000: 6623.232: [CMS-concurrent-abortable-preclean: 0.661/2.523 secs] [Times: user=0.98 sys=0.02, real=2.52 secs] 
2015-10-30T16:22:36.053+0000: 6623.234: [GC (CMS Final Remark) [YG occupancy: 31894 K (36288 K)]6623.234: [Rescan (parallel) , 0.0179956 secs]6623.252: [weak refs processing, 0.0000197 secs]6623.252: [class unloading, 0.0151342 secs]6623.267: [scrub symbol table, 0.0066940 secs]6623.274: [scrub string table, 0.0007580 secs][1 CMS-remark: 95785K(206664K)] 127680K(242952K), 0.0421291 secs] [Times: user=0.10 sys=0.00, real=0.04 secs] 
2015-10-30T16:22:36.096+0000: 6623.276: [CMS-concurrent-sweep-start]
2015-10-30T16:22:36.099+0000: 6623.279: [GC (Allocation Failure) 6623.279: [ParNew: 35438K->1992K(36288K), 0.0026530 secs] 131222K->97775K(242952K), 0.0027168 secs] [Times: user=0.01 sys=0.00, real=0.00 secs] 
2015-10-30T16:22:36.129+0000: 6623.310: [GC (Allocation Failure) 6623.310: [ParNew: 34312K->3229K(36288K), 0.0040882 secs] 125958K->94875K(242952K), 0.0041577 secs] [Times: user=0.01 sys=0.00, real=0.00 secs] 
2015-10-30T16:22:36.136+0000: 6623.317: [CMS-concurrent-sweep: 0.029/0.041 secs] [Times: user=0.14 sys=0.00, real=0.04 secs] 
2015-10-30T16:22:36.136+0000: 6623.317: [CMS-concurrent-reset-start]
2015-10-30T16:22:36.139+0000: 6623.319: [CMS-concurrent-reset: 0.003/0.003 secs] [Times: user=0.01 sys=0.00, real=0.01 secs] 
2015-10-30T16:22:36.157+0000: 6623.338: [GC (Allocation Failure) 6623.338: [ParNew: 35549K->2368K(36288K), 0.0052625 secs] 126187K->94445K(242952K), 0.0053412 secs] [Times: user=0.01 sys=0.00, real=0.00 secs] 
2015-10-30T16:22:36.181+0000: 6623.362: [GC (Allocation Failure) 6623.362: [ParNew: 34688K->2988K(36288K), 0.0031396 secs] 126765K->95065K(242952K), 0.0032026 secs] [Times: user=0.02 sys=0.00, real=0.00 secs] 
2015-10-30T16:22:36.202+0000: 6623.382: [GC (Allocation Failure) 6623.383: [ParNew: 35308K->3039K(36288K), 0.0036484 secs] 127385K->95755K(242952K), 0.0037131 secs] [Times: user=0.01 sys=0.00, real=0.01 secs] 
2015-10-30T16:22:36.225+0000: 6623.405: [GC (Allocation Failure) 6623.405: [ParNew: 35359K->2122K(36288K), 0.0024341 secs] 128075K->94838K(242952K), 0.0025040 secs] [Times: user=0.01 sys=0.00, real=0.01 secs] 
2015-10-30T16:22:36.259+0000: 6623.439: [GC (Allocation Failure) 6623.439: [ParNew: 31202K->3968K(36288K), 0.0032138 secs] 123918K->105141K(242952K), 0.0032980 secs] [Times: user=0.01 sys=0.00, real=0.00 secs] 
2015-10-30T16:22:36.263+0000: 6623.444: [GC (CMS Initial Mark) [1 CMS-initial-mark: 101173K(206664K)] 110461K(242952K), 0.0020235 secs] [Times: user=0.01 sys=0.00, real=0.01 secs] 
2015-10-30T16:22:36.265+0000: 6623.446: [CMS-concurrent-mark-start]
2015-10-30T16:22:36.305+0000: 6623.486: [CMS-concurrent-mark: 0.040/0.040 secs] [Times: user=0.08 sys=0.00, real=0.04 secs] 
2015-10-30T16:22:36.306+0000: 6623.486: [CMS-concurrent-preclean-start]
2015-10-30T16:22:36.307+0000: 6623.488: [CMS-concurrent-preclean: 0.002/0.002 secs] [Times: user=0.00 sys=0.00, real=0.00 secs] 
2015-10-30T16:22:36.307+0000: 6623.488: [CMS-concurrent-abortable-preclean-start]
 CMS: abort preclean due to time 2015-10-30T16:22:41.313+0000: 6628.493: [CMS-concurrent-abortable-preclean: 1.264/5.006 secs] [Times: user=1.37 sys=0.00, real=5.00 secs] 
2015-10-30T16:22:41.313+0000: 6628.494: [GC (CMS Final Remark) [YG occupancy: 27089 K (36288 K)]6628.494: [Rescan (parallel) , 0.0025980 secs]6628.496: [weak refs processing, 0.0000162 secs]6628.496: [class unloading, 0.0149311 secs]6628.511: [scrub symbol table, 0.0065926 secs]6628.518: [scrub string table, 0.0007586 secs][1 CMS-remark: 101173K(206664K)] 128263K(242952K), 0.0263639 secs] [Times: user=0.04 sys=0.00, real=0.03 secs] 
2015-10-30T16:22:41.340+0000: 6628.520: [CMS-concurrent-sweep-start]
2015-10-30T16:22:41.367+0000: 6628.548: [CMS-concurrent-sweep: 0.028/0.028 secs] [Times: user=0.02 sys=0.00, real=0.03 secs] 
2015-10-30T16:22:41.368+0000: 6628.548: [CMS-concurrent-reset-start]
2015-10-30T16:22:41.370+0000: 6628.550: [CMS-concurrent-reset: 0.002/0.002 secs] [Times: user=0.01 sys=0.00, real=0.00 secs] 
2015-10-30T16:22:43.370+0000: 6630.551: [GC (CMS Initial Mark) [1 CMS-initial-mark: 71074K(206664K)] 98387K(242952K), 0.0027688 secs] [Times: user=0.00 sys=0.00, real=0.00 secs] 
2015-10-30T16:22:43.373+0000: 6630.554: [CMS-concurrent-mark-start]
2015-10-30T16:22:43.412+0000: 6630.592: [CMS-concurrent-mark: 0.039/0.039 secs] [Times: user=0.04 sys=0.00, real=0.04 secs] 
2015-10-30T16:22:43.412+0000: 6630.593: [CMS-concurrent-preclean-start]
2015-10-30T16:22:43.414+0000: 6630.594: [CMS-concurrent-preclean: 0.002/0.002 secs] [Times: user=0.01 sys=0.00, real=0.00 secs] 
2015-10-30T16:22:43.414+0000: 6630.595: [CMS-concurrent-abortable-preclean-start]
2015-10-30T16:22:45.833+0000: 6633.014: [GC (Allocation Failure) 6633.014: [ParNew: 36288K->1551K(36288K), 0.0054313 secs] 107362K->77495K(242952K), 0.0055148 secs] [Times: user=0.02 sys=0.00, real=0.01 secs] 
2015-10-30T16:22:46.821+0000: 6634.002: [CMS-concurrent-abortable-preclean: 0.709/3.407 secs] [Times: user=0.85 sys=0.00, real=3.41 secs] 
2015-10-30T16:22:46.821+0000: 6634.002: [GC (CMS Final Remark) [YG occupancy: 19311 K (36288 K)]6634.002: [Rescan (parallel) , 0.0071410 secs]6634.009: [weak refs processing, 0.0000172 secs]6634.009: [class unloading, 0.0147316 secs]6634.024: [scrub symbol table, 0.0065367 secs]6634.030: [scrub string table, 0.0007469 secs][1 CMS-remark: 75944K(206664K)] 95255K(242952K), 0.0306046 secs] [Times: user=0.05 sys=0.00, real=0.03 secs] 
2015-10-30T16:22:46.852+0000: 6634.033: [CMS-concurrent-sweep-start]
2015-10-30T16:22:46.876+0000: 6634.056: [CMS-concurrent-sweep: 0.023/0.023 secs] [Times: user=0.02 sys=0.00, real=0.02 secs] 
2015-10-30T16:22:46.876+0000: 6634.056: [CMS-concurrent-reset-start]
2015-10-30T16:22:46.878+0000: 6634.058: [CMS-concurrent-reset: 0.002/0.002 secs] [Times: user=0.01 sys=0.00, real=0.01 secs] 
2015-10-30T16:22:55.782+0000: 6642.963: [GC (Allocation Failure) 6642.963: [ParNew: 33871K->1396K(36288K), 0.0019063 secs] 104008K->71533K(242952K), 0.0019679 secs] [Times: user=0.01 sys=0.00, real=0.00 secs] 
2015-10-30T16:22:55.975+0000: 6643.155: [GC (Allocation Failure) 6643.155: [ParNew: 33716K->3968K(36288K), 0.0157572 secs] 103853K->86109K(242952K), 0.0158316 secs] [Times: user=0.05 sys=0.00, real=0.02 secs] 
2015-10-30T16:22:56.010+0000: 6643.191: [GC (Allocation Failure) 6643.191: [ParNew: 36288K->2124K(36288K), 0.0039493 secs] 118429K->88101K(242952K), 0.0040108 secs] [Times: user=0.02 sys=0.00, real=0.00 secs] 
2015-10-30T16:22:56.033+0000: 6643.213: [GC (Allocation Failure) 6643.213: [ParNew: 34444K->1940K(36288K), 0.0026245 secs] 120421K->87917K(242952K), 0.0026814 secs] [Times: user=0.01 sys=0.00, real=0.00 secs] 
2015-10-30T16:22:56.053+0000: 6643.234: [GC (Allocation Failure) 6643.234: [ParNew: 34260K->3092K(36288K), 0.0029470 secs] 120237K->89069K(242952K), 0.0029944 secs] [Times: user=0.02 sys=0.00, real=0.00 secs] 
2015-10-30T16:22:56.077+0000: 6643.258: [GC (Allocation Failure) 6643.258: [ParNew: 35412K->3027K(36288K), 0.0045090 secs] 121389K->89813K(242952K), 0.0045655 secs] [Times: user=0.02 sys=0.00, real=0.00 secs] 
2015-10-30T16:22:56.101+0000: 6643.281: [GC (Allocation Failure) 6643.281: [ParNew: 35347K->2757K(36288K), 0.0040555 secs] 122133K->90220K(242952K), 0.0041191 secs] [Times: user=0.01 sys=0.00, real=0.00 secs] 
2015-10-30T16:22:56.122+0000: 6643.302: [GC (Allocation Failure) 6643.302: [ParNew: 35077K->3075K(36288K), 0.0040087 secs] 122540K->91159K(242952K), 0.0040676 secs] [Times: user=0.01 sys=0.00, real=0.01 secs] 
2015-10-30T16:22:56.145+0000: 6643.326: [GC (Allocation Failure) 6643.326: [ParNew: 35395K->2706K(36288K), 0.0025720 secs] 123479K->90790K(242952K), 0.0026296 secs] [Times: user=0.01 sys=0.00, real=0.00 secs] 
2015-10-30T16:22:56.180+0000: 6643.361: [GC (Allocation Failure) 6643.361: [ParNew: 35026K->3968K(36288K), 0.0031470 secs] 123110K->94200K(242952K), 0.0032116 secs] [Times: user=0.01 sys=0.00, real=0.00 secs] 
2015-10-30T16:22:56.184+0000: 6643.364: [GC (CMS Initial Mark) [1 CMS-initial-mark: 90232K(206664K)] 94331K(242952K), 0.0019227 secs] [Times: user=0.00 sys=0.00, real=0.01 secs] 
2015-10-30T16:22:56.186+0000: 6643.366: [CMS-concurrent-mark-start]
2015-10-30T16:22:56.225+0000: 6643.405: [CMS-concurrent-mark: 0.039/0.039 secs] [Times: user=0.08 sys=0.00, real=0.03 secs] 
2015-10-30T16:22:56.225+0000: 6643.405: [CMS-concurrent-preclean-start]
2015-10-30T16:22:56.226+0000: 6643.407: [CMS-concurrent-preclean: 0.002/0.002 secs] [Times: user=0.01 sys=0.00, real=0.01 secs] 
2015-10-30T16:22:56.226+0000: 6643.407: [CMS-concurrent-abortable-preclean-start]
2015-10-30T16:23:00.059+0000: 6647.240: [GC (Allocation Failure) 6647.240: [ParNew: 36228K->2287K(36288K), 0.0064600 secs] 126460K->97180K(242952K), 0.0065353 secs] [Times: user=0.03 sys=0.00, real=0.01 secs] 
2015-10-30T16:23:00.266+0000: 6647.447: [GC (Allocation Failure) 6647.447: [ParNew: 35481K->3615K(36288K), 0.0033489 secs] 130374K->98508K(242952K), 0.0034086 secs] [Times: user=0.01 sys=0.00, real=0.00 secs] 
2015-10-30T16:23:00.270+0000: 6647.450: [GC (GCLocker Initiated GC) 6647.451: [ParNew: 3904K->1840K(36288K), 0.0037974 secs] 98797K->100104K(242952K), 0.0038297 secs] [Times: user=0.02 sys=0.00, real=0.00 secs] 
2015-10-30T16:23:00.276+0000: 6647.456: [CMS-concurrent-abortable-preclean: 1.137/4.049 secs] [Times: user=1.40 sys=0.03, real=4.04 secs] 
2015-10-30T16:23:00.277+0000: 6647.458: [GC (CMS Final Remark) [YG occupancy: 3505 K (36288 K)]6647.458: [Rescan (parallel) , 0.0027436 secs]6647.460: [weak refs processing, 0.0000154 secs]6647.460: [class unloading, 0.0153077 secs]6647.476: [scrub symbol table, 0.0066272 secs]6647.482: [scrub string table, 0.0007577 secs][1 CMS-remark: 98264K(206664K)] 101769K(242952K), 0.0269554 secs] [Times: user=0.03 sys=0.00, real=0.02 secs] 
2015-10-30T16:23:00.304+0000: 6647.485: [CMS-concurrent-sweep-start]
2015-10-30T16:23:00.331+0000: 6647.511: [GC (Allocation Failure) 6647.511: [ParNew: 34160K->3968K(36288K), 0.0051207 secs] 119434K->90968K(242952K), 0.0051922 secs] [Times: user=0.02 sys=0.00, real=0.00 secs] 
2015-10-30T16:23:00.346+0000: 6647.527: [CMS-concurrent-sweep: 0.036/0.042 secs] [Times: user=0.15 sys=0.00, real=0.05 secs] 
2015-10-30T16:23:00.346+0000: 6647.527: [CMS-concurrent-reset-start]
2015-10-30T16:23:00.349+0000: 6647.529: [CMS-concurrent-reset: 0.003/0.003 secs] [Times: user=0.01 sys=0.00, real=0.00 secs] 
2015-10-30T16:23:00.932+0000: 6648.113: [GC (Allocation Failure) 6648.113: [ParNew: 36288K->3561K(36288K), 0.0058427 secs] 115153K->86820K(242952K), 0.0059290 secs] [Times: user=0.02 sys=0.00, real=0.01 secs] 
2015-10-30T16:23:00.981+0000: 6648.162: [GC (Allocation Failure) 6648.162: [ParNew: 35881K->3968K(36288K), 0.0131204 secs] 119140K->99659K(242952K), 0.0132013 secs] [Times: user=0.05 sys=0.00, real=0.01 secs] 
2015-10-30T16:23:00.995+0000: 6648.176: [GC (CMS Initial Mark) [1 CMS-initial-mark: 95691K(206664K)] 99963K(242952K), 0.0020073 secs] [Times: user=0.00 sys=0.00, real=0.01 secs] 
2015-10-30T16:23:00.998+0000: 6648.178: [CMS-concurrent-mark-start]
2015-10-30T16:23:01.021+0000: 6648.202: [GC (Allocation Failure) 6648.202: [ParNew: 36288K->3540K(36288K), 0.0055779 secs] 131979K->103038K(242952K), 0.0056574 secs] [Times: user=0.02 sys=0.00, real=0.01 secs] 
2015-10-30T16:23:01.053+0000: 6648.234: [GC (Allocation Failure) 6648.234: [ParNew: 35860K->2218K(36288K), 0.0023935 secs] 135358K->101715K(242952K), 0.0024507 secs] [Times: user=0.01 sys=0.00, real=0.00 secs] 
2015-10-30T16:23:01.067+0000: 6648.247: [CMS-concurrent-mark: 0.057/0.069 secs] [Times: user=0.24 sys=0.00, real=0.07 secs] 
2015-10-30T16:23:01.067+0000: 6648.247: [CMS-concurrent-preclean-start]
2015-10-30T16:23:01.075+0000: 6648.255: [CMS-concurrent-preclean: 0.007/0.008 secs] [Times: user=0.03 sys=0.00, real=0.00 secs] 
2015-10-30T16:23:01.075+0000: 6648.255: [CMS-concurrent-abortable-preclean-start]
2015-10-30T16:23:01.078+0000: 6648.259: [GC (Allocation Failure) 6648.259: [ParNew: 34538K->2516K(36288K), 0.0030876 secs] 134035K->102014K(242952K), 0.0031311 secs] [Times: user=0.01 sys=0.00, real=0.00 secs] 
2015-10-30T16:23:01.107+0000: 6648.287: [GC (Allocation Failure) 6648.287: [ParNew: 34836K->3442K(36288K), 0.0045352 secs] 134334K->103761K(242952K), 0.0045969 secs] [Times: user=0.02 sys=0.00, real=0.00 secs] 
2015-10-30T16:23:01.117+0000: 6648.297: [CMS-concurrent-abortable-preclean: 0.033/0.042 secs] [Times: user=0.15 sys=0.00, real=0.04 secs] 
2015-10-30T16:23:01.119+0000: 6648.299: [GC (CMS Final Remark) [YG occupancy: 11079 K (36288 K)]6648.299: [Rescan (parallel) , 0.0064876 secs]6648.306: [weak refs processing, 0.0000273 secs]6648.306: [class unloading, 0.0150325 secs]6648.321: [scrub symbol table, 0.0066546 secs]6648.327: [scrub string table, 0.0007645 secs][1 CMS-remark: 100318K(206664K)] 111398K(242952K), 0.0304438 secs] [Times: user=0.05 sys=0.00, real=0.03 secs] 
2015-10-30T16:23:01.153+0000: 6648.334: [CMS-concurrent-sweep-start]
2015-10-30T16:23:01.166+0000: 6648.347: [GC (Allocation Failure) 6648.347: [ParNew: 35762K->3786K(36288K), 0.0044498 secs] 128149K->96880K(242952K), 0.0045177 secs] [Times: user=0.02 sys=0.00, real=0.00 secs] 
2015-10-30T16:23:01.191+0000: 6648.372: [GC (Allocation Failure) 6648.372: [ParNew: 36106K->3430K(36288K), 0.0038459 secs] 124558K->92484K(242952K), 0.0039076 secs] [Times: user=0.01 sys=0.00, real=0.00 secs] 
2015-10-30T16:23:01.213+0000: 6648.393: [CMS-concurrent-sweep: 0.050/0.060 secs] [Times: user=0.23 sys=0.00, real=0.06 secs] 
2015-10-30T16:23:01.213+0000: 6648.393: [CMS-concurrent-reset-start]
2015-10-30T16:23:01.215+0000: 6648.396: [CMS-concurrent-reset: 0.003/0.003 secs] [Times: user=0.01 sys=0.00, real=0.00 secs] 
2015-10-30T16:23:01.219+0000: 6648.399: [GC (Allocation Failure) 6648.399: [ParNew: 35750K->2492K(36288K), 0.0025959 secs] 113966K->80709K(242952K), 0.0026402 secs] [Times: user=0.01 sys=0.00, real=0.00 secs] 
2015-10-30T16:23:01.256+0000: 6648.437: [GC (Allocation Failure) 6648.437: [ParNew: 34437K->3968K(36288K), 0.0032432 secs] 112653K->85410K(242952K), 0.0033211 secs] [Times: user=0.01 sys=0.00, real=0.01 secs] 
2015-10-30T16:23:01.261+0000: 6648.441: [GC (CMS Initial Mark) [1 CMS-initial-mark: 81442K(206664K)] 90730K(242952K), 0.0018035 secs] [Times: user=0.01 sys=0.00, real=0.00 secs] 
2015-10-30T16:23:01.263+0000: 6648.443: [CMS-concurrent-mark-start]
2015-10-30T16:23:01.322+0000: 6648.502: [CMS-concurrent-mark: 0.059/0.059 secs] [Times: user=0.12 sys=0.00, real=0.06 secs] 
2015-10-30T16:23:01.322+0000: 6648.502: [CMS-concurrent-preclean-start]
2015-10-30T16:23:01.323+0000: 6648.504: [CMS-concurrent-preclean: 0.002/0.002 secs] [Times: user=0.00 sys=0.00, real=0.00 secs] 
2015-10-30T16:23:01.323+0000: 6648.504: [CMS-concurrent-abortable-preclean-start]
2015-10-30T16:23:02.857+0000: 6650.037: [GC (Allocation Failure) 6650.037: [ParNew: 36288K->1732K(36288K), 0.0053833 secs] 117730K->88235K(242952K), 0.0054504 secs] [Times: user=0.02 sys=0.00, real=0.01 secs] 
2015-10-30T16:23:02.891+0000: 6650.071: [GC (Allocation Failure) 6650.071: [ParNew: 34052K->3968K(36288K), 0.0159220 secs] 120555K->101678K(242952K), 0.0160080 secs] [Times: user=0.06 sys=0.00, real=0.02 secs] 
2015-10-30T16:23:02.907+0000: 6650.088: [CMS-concurrent-abortable-preclean: 0.443/1.584 secs] [Times: user=0.68 sys=0.01, real=1.59 secs] 
2015-10-30T16:23:02.914+0000: 6650.095: [GC (CMS Final Remark) [YG occupancy: 15994 K (36288 K)]6650.095: [Rescan (parallel) , 0.0121917 secs]6650.107: [weak refs processing, 0.0000228 secs]6650.107: [class unloading, 0.0150289 secs]6650.122: [scrub symbol table, 0.0065575 secs]6650.129: [scrub string table, 0.0007505 secs][1 CMS-remark: 97710K(206664K)] 113705K(242952K), 0.0360441 secs] [Times: user=0.06 sys=0.00, real=0.04 secs] 
2015-10-30T16:23:02.957+0000: 6650.138: [CMS-concurrent-sweep-start]
2015-10-30T16:23:02.963+0000: 6650.144: [GC (Allocation Failure) 6650.144: [ParNew: 36288K->3968K(36288K), 0.0126038 secs] 133169K->108267K(242952K), 0.0126825 secs] [Times: user=0.04 sys=0.00, real=0.01 secs] 
2015-10-30T16:23:03.001+0000: 6650.182: [GC (Allocation Failure) 6650.182: [ParNew: 36288K->3968K(36288K), 0.0091529 secs] 133871K->105662K(242952K), 0.0092294 secs] [Times: user=0.03 sys=0.00, real=0.01 secs] 
2015-10-30T16:23:03.018+0000: 6650.198: [CMS-concurrent-sweep: 0.038/0.061 secs] [Times: user=0.21 sys=0.01, real=0.06 secs] 
2015-10-30T16:23:03.018+0000: 6650.198: [CMS-concurrent-reset-start]
2015-10-30T16:23:03.021+0000: 6650.201: [CMS-concurrent-reset: 0.003/0.003 secs] [Times: user=0.01 sys=0.00, real=0.00 secs] 
2015-10-30T16:23:03.029+0000: 6650.210: [GC (Allocation Failure) 6650.210: [ParNew: 36288K->3852K(36288K), 0.0062791 secs] 135485K->105509K(242952K), 0.0063371 secs] [Times: user=0.02 sys=0.00, real=0.00 secs] 
2015-10-30T16:23:03.049+0000: 6650.230: [GC (CMS Initial Mark) [1 CMS-initial-mark: 101657K(206664K)] 126266K(242952K), 0.0125320 secs] [Times: user=0.04 sys=0.00, real=0.01 secs] 
2015-10-30T16:23:03.062+0000: 6650.242: [CMS-concurrent-mark-start]
2015-10-30T16:23:03.068+0000: 6650.249: [GC (Allocation Failure) 6650.249: [ParNew: 36172K->2942K(36288K), 0.0030329 secs] 137829K->104599K(242952K), 0.0030845 secs] [Times: user=0.01 sys=0.00, real=0.00 secs] 
2015-10-30T16:23:03.095+0000: 6650.276: [GC (GCLocker Initiated GC) 6650.276: [ParNew: 35528K->3568K(36288K), 0.0037764 secs] 141927K->111738K(242952K), 0.0038447 secs] [Times: user=0.01 sys=0.00, real=0.01 secs] 
2015-10-30T16:23:03.125+0000: 6650.306: [CMS-concurrent-mark: 0.056/0.063 secs] [Times: user=0.18 sys=0.00, real=0.07 secs] 
2015-10-30T16:23:03.125+0000: 6650.306: [CMS-concurrent-preclean-start]
2015-10-30T16:23:03.128+0000: 6650.309: [CMS-concurrent-preclean: 0.003/0.003 secs] [Times: user=0.00 sys=0.00, real=0.00 secs] 
2015-10-30T16:23:03.129+0000: 6650.309: [GC (CMS Final Remark) [YG occupancy: 5370 K (36288 K)]6650.309: [Rescan (parallel) , 0.0018031 secs]6650.311: [weak refs processing, 0.0000201 secs]6650.311: [class unloading, 0.0148508 secs]6650.326: [scrub symbol table, 0.0066064 secs]6650.332: [scrub string table, 0.0007578 secs][1 CMS-remark: 108169K(206664K)] 113540K(242952K), 0.0255573 secs] [Times: user=0.03 sys=0.00, real=0.02 secs] 
2015-10-30T16:23:03.154+0000: 6650.335: [CMS-concurrent-sweep-start]
2015-10-30T16:23:03.185+0000: 6650.366: [CMS-concurrent-sweep: 0.031/0.031 secs] [Times: user=0.05 sys=0.00, real=0.04 secs] 
2015-10-30T16:23:03.185+0000: 6650.366: [CMS-concurrent-reset-start]
2015-10-30T16:23:03.188+0000: 6650.368: [CMS-concurrent-reset: 0.002/0.002 secs] [Times: user=0.00 sys=0.00, real=0.00 secs] 
2015-10-30T16:23:03.394+0000: 6650.574: [GC (Allocation Failure) 6650.574: [ParNew: 35888K->1971K(36288K), 0.0038081 secs] 116250K->84214K(242952K), 0.0038679 secs] [Times: user=0.01 sys=0.00, real=0.01 secs] 
2015-10-30T16:23:03.421+0000: 6650.601: [GC (Allocation Failure) 6650.601: [ParNew: 34291K->3448K(36288K), 0.0029389 secs] 116534K->85691K(242952K), 0.0029931 secs] [Times: user=0.01 sys=0.00, real=0.00 secs] 
2015-10-30T16:23:03.447+0000: 6650.628: [GC (Allocation Failure) 6650.628: [ParNew: 35535K->3410K(36288K), 0.0031761 secs] 117779K->87043K(242952K), 0.0032407 secs] [Times: user=0.01 sys=0.00, real=0.00 secs] 
2015-10-30T16:23:06.022+0000: 6653.203: [GC (Allocation Failure) 6653.203: [ParNew: 35730K->3968K(36288K), 0.0147725 secs] 119363K->99929K(242952K), 0.0148697 secs] [Times: user=0.05 sys=0.00, real=0.02 secs] 
2015-10-30T16:23:06.056+0000: 6653.237: [GC (Allocation Failure) 6653.237: [ParNew: 36288K->3148K(36288K), 0.0043692 secs] 132249K->102892K(242952K), 0.0044423 secs] [Times: user=0.01 sys=0.00, real=0.01 secs] 
2015-10-30T16:23:06.079+0000: 6653.260: [GC (Allocation Failure) 6653.260: [ParNew: 35468K->2010K(36288K), 0.0028374 secs] 135212K->101754K(242952K), 0.0028962 secs] [Times: user=0.00 sys=0.00, real=0.00 secs] 
2015-10-30T16:23:06.105+0000: 6653.286: [GC (Allocation Failure) 6653.286: [ParNew: 34330K->3220K(36288K), 0.0039118 secs] 134074K->102964K(242952K), 0.0039734 secs] [Times: user=0.01 sys=0.00, real=0.00 secs] 
2015-10-30T16:23:06.133+0000: 6653.314: [GC (Allocation Failure) 6653.314: [ParNew: 35540K->3078K(36288K), 0.0044990 secs] 135284K->103642K(242952K), 0.0045649 secs] [Times: user=0.02 sys=0.00, real=0.01 secs] 
2015-10-30T16:23:06.157+0000: 6653.338: [GC (Allocation Failure) 6653.338: [ParNew: 35398K->2607K(36288K), 0.0038653 secs] 135962K->103842K(242952K), 0.0039273 secs] [Times: user=0.01 sys=0.00, real=0.00 secs] 
2015-10-30T16:23:06.179+0000: 6653.359: [GC (Allocation Failure) 6653.359: [ParNew: 34927K->3431K(36288K), 0.0034454 secs] 136162K->104665K(242952K), 0.0035049 secs] [Times: user=0.02 sys=0.00, real=0.00 secs] 
2015-10-30T16:23:06.200+0000: 6653.381: [GC (Allocation Failure) 6653.381: [ParNew: 35751K->2824K(36288K), 0.0037633 secs] 136985K->104683K(242952K), 0.0038247 secs] [Times: user=0.01 sys=0.00, real=0.00 secs] 
2015-10-30T16:23:06.222+0000: 6653.403: [GC (Allocation Failure) 6653.403: [ParNew: 35144K->3496K(36288K), 0.0031340 secs] 137003K->105355K(242952K), 0.0031923 secs] [Times: user=0.01 sys=0.00, real=0.01 secs] 
2015-10-30T16:23:06.300+0000: 6653.481: [GC (Allocation Failure) 6653.481: [ParNew: 35518K->3063K(36288K), 0.0048234 secs] 137377K->110862K(242952K), 0.0049009 secs] [Times: user=0.01 sys=0.00, real=0.00 secs] 
2015-10-30T16:23:12.306+0000: 6659.486: [GC (Allocation Failure) 6659.486: [ParNew: 35383K->3968K(36288K), 0.0052954 secs] 143182K->112183K(242952K), 0.0053598 secs] [Times: user=0.02 sys=0.00, real=0.00 secs] 
2015-10-30T16:23:16.581+0000: 6663.762: [GC (Allocation Failure) 6663.762: [ParNew: 36288K->3968K(36288K), 0.0086075 secs] 144503K->115360K(242952K), 0.0086866 secs] [Times: user=0.03 sys=0.00, real=0.01 secs] 
2015-10-30T16:23:18.907+0000: 6666.087: [GC (GCLocker Initiated GC) 6666.087: [ParNew: 36288K->2952K(36288K), 0.0075132 secs] 148476K->118514K(243144K), 0.0075731 secs] [Times: user=0.02 sys=0.00, real=0.00 secs] 
2015-10-30T16:23:18.915+0000: 6666.096: [GC (CMS Initial Mark) [1 CMS-initial-mark: 115562K(206856K)] 119122K(243144K), 0.0012452 secs] [Times: user=0.00 sys=0.00, real=0.00 secs] 
2015-10-30T16:23:18.917+0000: 6666.097: [CMS-concurrent-mark-start]
2015-10-30T16:23:18.943+0000: 6666.124: [GC (Allocation Failure) 6666.124: [ParNew: 35272K->3265K(36288K), 0.0035902 secs] 150834K->118827K(243144K), 0.0036416 secs] [Times: user=0.01 sys=0.00, real=0.01 secs] 
2015-10-30T16:23:18.974+0000: 6666.154: [CMS-concurrent-mark: 0.053/0.057 secs] [Times: user=0.14 sys=0.00, real=0.06 secs] 
2015-10-30T16:23:18.974+0000: 6666.155: [CMS-concurrent-preclean-start]
2015-10-30T16:23:18.977+0000: 6666.157: [CMS-concurrent-preclean: 0.003/0.003 secs] [Times: user=0.00 sys=0.00, real=0.00 secs] 
2015-10-30T16:23:18.977+0000: 6666.157: [CMS-concurrent-abortable-preclean-start]
2015-10-30T16:23:20.619+0000: 6667.799: [GC (Allocation Failure) 6667.799: [ParNew: 35585K->3968K(36288K), 0.0064873 secs] 151147K->121406K(243144K), 0.0065451 secs] [Times: user=0.02 sys=0.00, real=0.01 secs] 
2015-10-30T16:23:20.733+0000: 6667.914: [GC (Allocation Failure) 6667.914: [ParNew: 36288K->2869K(36288K), 0.0031122 secs] 153726K->121389K(243144K), 0.0031630 secs] [Times: user=0.02 sys=0.00, real=0.00 secs] 
2015-10-30T16:23:20.766+0000: 6667.946: [CMS-concurrent-abortable-preclean: 0.318/1.789 secs] [Times: user=0.59 sys=0.02, real=1.80 secs] 
2015-10-30T16:23:20.766+0000: 6667.946: [GC (CMS Final Remark) [YG occupancy: 22944 K (36288 K)]6667.946: [Rescan (parallel) , 0.0079317 secs]6667.954: [weak refs processing, 0.0000186 secs]6667.954: [class unloading, 0.0153303 secs]6667.970: [scrub symbol table, 0.0065867 secs]6667.976: [scrub string table, 0.0007571 secs][1 CMS-remark: 118519K(206856K)] 141464K(243144K), 0.0321506 secs] [Times: user=0.05 sys=0.01, real=0.03 secs] 
2015-10-30T16:23:20.798+0000: 6667.979: [CMS-concurrent-sweep-start]
2015-10-30T16:23:20.837+0000: 6668.017: [CMS-concurrent-sweep: 0.038/0.038 secs] [Times: user=0.04 sys=0.00, real=0.03 secs] 
2015-10-30T16:23:20.837+0000: 6668.017: [CMS-concurrent-reset-start]
2015-10-30T16:23:20.839+0000: 6668.020: [CMS-concurrent-reset: 0.002/0.002 secs] [Times: user=0.00 sys=0.00, real=0.01 secs] 
2015-10-30T16:23:22.422+0000: 6669.603: [GC (Allocation Failure) 6669.603: [ParNew: 35189K->3968K(36288K), 0.0050430 secs] 101986K->71651K(243144K), 0.0051099 secs] [Times: user=0.02 sys=0.00, real=0.01 secs] 
2015-10-30T16:23:22.465+0000: 6669.646: [GC (Allocation Failure) 6669.646: [ParNew: 36255K->3968K(36288K), 0.0105462 secs] 103939K->79845K(243144K), 0.0106262 secs] [Times: user=0.04 sys=0.00, real=0.00 secs] 
2015-10-30T16:23:22.494+0000: 6669.675: [GC (Allocation Failure) 6669.675: [ParNew: 36288K->3968K(36288K), 0.0116319 secs] 112165K->90691K(243144K), 0.0117137 secs] [Times: user=0.04 sys=0.00, real=0.02 secs] 
2015-10-30T16:23:22.522+0000: 6669.703: [GC (Allocation Failure) 6669.703: [ParNew: 36288K->3968K(36288K), 0.0174166 secs] 123011K->102011K(243144K), 0.0175071 secs] [Times: user=0.07 sys=0.00, real=0.02 secs] 
2015-10-30T16:23:22.545+0000: 6669.726: [GC (CMS Initial Mark) [1 CMS-initial-mark: 98043K(206856K)] 107942K(243144K), 0.0038131 secs] [Times: user=0.01 sys=0.00, real=0.00 secs] 
2015-10-30T16:23:22.549+0000: 6669.730: [CMS-concurrent-mark-start]
2015-10-30T16:23:22.568+0000: 6669.749: [GC (Allocation Failure) 6669.749: [ParNew: 36288K->3968K(36288K), 0.0101202 secs] 134331K->106702K(243144K), 0.0101967 secs] [Times: user=0.04 sys=0.00, real=0.01 secs] 
2015-10-30T16:23:22.599+0000: 6669.779: [GC (Allocation Failure) 6669.779: [ParNew: 36288K->3852K(36288K), 0.0086773 secs] 139022K->109529K(243144K), 0.0087554 secs] [Times: user=0.03 sys=0.00, real=0.01 secs] 
2015-10-30T16:23:22.626+0000: 6669.806: [GC (Allocation Failure) 6669.806: [ParNew: 36172K->2271K(36288K), 0.0052904 secs] 141849K->109162K(243144K), 0.0053418 secs] [Times: user=0.02 sys=0.00, real=0.00 secs] 
2015-10-30T16:23:22.649+0000: 6669.829: [GC (Allocation Failure) 6669.829: [ParNew: 34591K->3266K(36288K), 0.0033722 secs] 141482K->110157K(243144K), 0.0034310 secs] [Times: user=0.01 sys=0.00, real=0.00 secs] 
2015-10-30T16:23:22.667+0000: 6669.848: [CMS-concurrent-mark: 0.086/0.118 secs] [Times: user=0.45 sys=0.00, real=0.12 secs] 
2015-10-30T16:23:22.667+0000: 6669.848: [CMS-concurrent-preclean-start]
2015-10-30T16:23:22.668+0000: 6669.848: [GC (Allocation Failure) 6669.848: [ParNew: 34622K->3725K(36288K), 0.0039968 secs] 141513K->111304K(243144K), 0.0040380 secs] [Times: user=0.01 sys=0.00, real=0.00 secs] 
2015-10-30T16:23:22.680+0000: 6669.860: [CMS-concurrent-preclean: 0.007/0.013 secs] [Times: user=0.04 sys=0.00, real=0.01 secs] 
2015-10-30T16:23:22.680+0000: 6669.860: [CMS-concurrent-abortable-preclean-start]
2015-10-30T16:23:22.703+0000: 6669.883: [CMS-concurrent-abortable-preclean: 0.023/0.023 secs] [Times: user=0.08 sys=0.00, real=0.02 secs] 
2015-10-30T16:23:22.703+0000: 6669.884: [GC (CMS Final Remark) [YG occupancy: 34881 K (36288 K)]6669.884: [Rescan (parallel) , 0.0131884 secs]6669.897: [weak refs processing, 0.0000189 secs]6669.897: [class unloading, 0.0148632 secs]6669.912: [scrub symbol table, 0.0065293 secs]6669.918: [scrub string table, 0.0007546 secs][1 CMS-remark: 107578K(206856K)] 142459K(243144K), 0.0368553 secs] [Times: user=0.07 sys=0.00, real=0.04 secs] 
2015-10-30T16:23:22.740+0000: 6669.921: [CMS-concurrent-sweep-start]
2015-10-30T16:23:22.767+0000: 6669.947: [CMS-concurrent-sweep: 0.026/0.026 secs] [Times: user=0.03 sys=0.01, real=0.03 secs] 
2015-10-30T16:23:22.767+0000: 6669.947: [CMS-concurrent-reset-start]
2015-10-30T16:23:22.769+0000: 6669.950: [CMS-concurrent-reset: 0.003/0.003 secs] [Times: user=0.00 sys=0.00, real=0.00 secs] 
2015-10-30T16:23:22.795+0000: 6669.976: [GC (Allocation Failure) 6669.976: [ParNew: 36031K->3827K(36288K), 0.0040950 secs] 125981K->95530K(243144K), 0.0041430 secs] [Times: user=0.01 sys=0.00, real=0.01 secs] 
2015-10-30T16:23:25.457+0000: 6672.637: [GC (Allocation Failure) 6672.637: [ParNew: 35890K->3327K(36288K), 0.0040606 secs] 127593K->97831K(243144K), 0.0041322 secs] [Times: user=0.01 sys=0.00, real=0.01 secs] 
2015-10-30T16:23:26.749+0000: 6673.929: [GC (Allocation Failure) 6673.929: [ParNew: 35647K->2363K(36288K), 0.0030787 secs] 130151K->97670K(243144K), 0.0031357 secs] [Times: user=0.01 sys=0.00, real=0.00 secs] 
2015-10-30T16:23:26.775+0000: 6673.955: [GC (Allocation Failure) 6673.955: [ParNew: 34601K->1828K(36288K), 0.0031569 secs] 129908K->98733K(243144K), 0.0032176 secs] [Times: user=0.01 sys=0.00, real=0.01 secs] 
2015-10-30T16:23:29.571+0000: 6676.752: [GC (Allocation Failure) 6676.752: [ParNew: 33747K->3628K(36288K), 0.0030773 secs] 130652K->100532K(243144K), 0.0031411 secs] [Times: user=0.01 sys=0.00, real=0.00 secs] 
2015-10-30T16:23:33.415+0000: 6680.595: [GC (Allocation Failure) 6680.596: [ParNew: 35690K->3919K(36288K), 0.0041557 secs] 132595K->103553K(243144K), 0.0042282 secs] [Times: user=0.02 sys=0.00, real=0.01 secs] 
2015-10-30T16:23:36.270+0000: 6683.451: [GC (Allocation Failure) 6683.451: [ParNew: 36239K->3968K(36288K), 0.0038050 secs] 135873K->104753K(243144K), 0.0038810 secs] [Times: user=0.01 sys=0.00, real=0.00 secs] 
2015-10-30T16:23:37.361+0000: 6684.542: [GC (Allocation Failure) 6684.542: [ParNew: 36288K->3668K(36288K), 0.0026391 secs] 137073K->106070K(243144K), 0.0026941 secs] [Times: user=0.01 sys=0.00, real=0.00 secs] 
2015-10-30T16:23:37.364+0000: 6684.545: [GC (GCLocker Initiated GC) 6684.545: [ParNew: 4324K->1416K(36288K), 0.0021767 secs] 106726K->105866K(243144K), 0.0022082 secs] [Times: user=0.01 sys=0.00, real=0.01 secs] 
2015-10-30T16:23:37.585+0000: 6684.765: [GC (Allocation Failure) 6684.765: [ParNew: 33736K->2525K(36288K), 0.0031427 secs] 138186K->106976K(243144K), 0.0031957 secs] [Times: user=0.01 sys=0.00, real=0.01 secs] 
2015-10-30T16:23:38.389+0000: 6685.569: [GC (Allocation Failure) 6685.569: [ParNew: 34309K->3553K(36288K), 0.0067020 secs] 138760K->110072K(243144K), 0.0067734 secs] [Times: user=0.01 sys=0.00, real=0.00 secs] 
2015-10-30T16:23:40.091+0000: 6687.271: [GC (Allocation Failure) 6687.271: [ParNew: 35873K->3483K(36288K), 0.0037122 secs] 142392K->110926K(243144K), 0.0037889 secs] [Times: user=0.01 sys=0.00, real=0.00 secs] 
2015-10-30T16:23:41.024+0000: 6688.205: [GC (Allocation Failure) 6688.205: [ParNew: 35803K->3968K(36288K), 0.0139922 secs] 143246K->123636K(243144K), 0.0140745 secs] [Times: user=0.05 sys=0.00, real=0.02 secs] 
2015-10-30T16:23:41.059+0000: 6688.239: [GC (Allocation Failure) 6688.239: [ParNew: 36288K->3060K(36288K), 0.0039772 secs] 155956K->126520K(243144K), 0.0040380 secs] [Times: user=0.02 sys=0.00, real=0.00 secs] 
2015-10-30T16:23:41.081+0000: 6688.262: [GC (Allocation Failure) 6688.262: [ParNew: 35380K->2240K(36288K), 0.0031486 secs] 158840K->125700K(243144K), 0.0032075 secs] [Times: user=0.01 sys=0.00, real=0.00 secs] 
2015-10-30T16:23:41.103+0000: 6688.283: [GC (Allocation Failure) 6688.283: [ParNew: 34560K->3027K(36288K), 0.0031675 secs] 158020K->126487K(243144K), 0.0032267 secs] [Times: user=0.01 sys=0.00, real=0.01 secs] 
2015-10-30T16:23:41.129+0000: 6688.309: [GC (Allocation Failure) 6688.309: [ParNew: 35347K->2693K(36288K), 0.0045525 secs] 158807K->126998K(243144K), 0.0046294 secs] [Times: user=0.02 sys=0.00, real=0.00 secs] 
2015-10-30T16:23:41.154+0000: 6688.334: [GC (Allocation Failure) 6688.334: [ParNew: 35013K->3198K(36288K), 0.0044746 secs] 159318K->128197K(243144K), 0.0045420 secs] [Times: user=0.01 sys=0.00, real=0.01 secs] 
2015-10-30T16:23:41.177+0000: 6688.358: [GC (Allocation Failure) 6688.358: [ParNew: 35518K->3167K(36288K), 0.0037901 secs] 160517K->128760K(243144K), 0.0038737 secs] [Times: user=0.01 sys=0.00, real=0.00 secs] 
2015-10-30T16:23:41.200+0000: 6688.381: [GC (Allocation Failure) 6688.381: [ParNew: 35487K->2504K(36288K), 0.0027014 secs] 161080K->128096K(243144K), 0.0027609 secs] [Times: user=0.01 sys=0.00, real=0.00 secs] 
2015-10-30T16:23:41.225+0000: 6688.406: [GC (Allocation Failure) 6688.406: [ParNew: 34824K->2500K(36288K), 0.0035724 secs] 160416K->128711K(243144K), 0.0036391 secs] [Times: user=0.01 sys=0.00, real=0.00 secs] 
2015-10-30T16:23:41.258+0000: 6688.438: [GC (Allocation Failure) 6688.438: [ParNew: 33028K->2326K(36288K), 0.0025382 secs] 159240K->131205K(243144K), 0.0025994 secs] [Times: user=0.01 sys=0.00, real=0.00 secs] 
2015-10-30T16:23:42.270+0000: 6689.450: [GC (Allocation Failure) 6689.450: [ParNew: 34646K->3968K(36288K), 0.0042917 secs] 163525K->133363K(243144K), 0.0043649 secs] [Times: user=0.02 sys=0.01, real=0.00 secs] 
2015-10-30T16:23:46.250+0000: 6693.430: [GC (Allocation Failure) 6693.430: [ParNew: 36288K->3968K(36288K), 0.0067439 secs] 165683K->136405K(243144K), 0.0068146 secs] [Times: user=0.03 sys=0.00, real=0.00 secs] 
2015-10-30T16:23:50.930+0000: 6698.110: [GC (Allocation Failure) 6698.111: [ParNew: 36288K->3968K(36288K), 0.0149736 secs] 168725K->153356K(243144K), 0.0150926 secs] [Times: user=0.05 sys=0.00, real=0.02 secs] 
2015-10-30T16:23:50.968+0000: 6698.148: [GC (Allocation Failure) 6698.148: [ParNew: 36288K->3968K(36288K), 0.0056292 secs] 185676K->157621K(243144K), 0.0056977 secs] [Times: user=0.01 sys=0.00, real=0.00 secs] 
2015-10-30T16:23:50.993+0000: 6698.174: [GC (Allocation Failure) 6698.174: [ParNew: 36288K->2503K(36288K), 0.0053791 secs] 189941K->159464K(243144K), 0.0054398 secs] [Times: user=0.02 sys=0.00, real=0.01 secs] 
2015-10-30T16:23:51.017+0000: 6698.198: [GC (Allocation Failure) 6698.198: [ParNew: 34823K->2073K(36288K), 0.0024392 secs] 191784K->159035K(243144K), 0.0024986 secs] [Times: user=0.01 sys=0.00, real=0.00 secs] 
2015-10-30T16:23:51.041+0000: 6698.222: [GC (Allocation Failure) 6698.222: [ParNew: 34393K->2689K(36288K), 0.0035105 secs] 191355K->159650K(243144K), 0.0035694 secs] [Times: user=0.01 sys=0.00, real=0.00 secs] 
2015-10-30T16:23:51.065+0000: 6698.245: [GC (Allocation Failure) 6698.245: [ParNew: 35009K->3356K(36288K), 0.0046448 secs] 191970K->161017K(243144K), 0.0047038 secs] [Times: user=0.01 sys=0.00, real=0.01 secs] 
2015-10-30T16:23:51.087+0000: 6698.267: [GC (Allocation Failure) 6698.267: [ParNew: 35676K->3030K(36288K), 0.0047080 secs] 193337K->161355K(243144K), 0.0047749 secs] [Times: user=0.01 sys=0.00, real=0.00 secs] 
2015-10-30T16:23:51.111+0000: 6698.291: [GC (Allocation Failure) 6698.291: [ParNew: 35350K->2491K(36288K), 0.0032646 secs] 193675K->161456K(243144K), 0.0033280 secs] [Times: user=0.02 sys=0.00, real=0.00 secs] 
2015-10-30T16:23:51.133+0000: 6698.314: [GC (Allocation Failure) 6698.314: [ParNew: 34811K->2258K(36288K), 0.0024102 secs] 193776K->161223K(243144K), 0.0024698 secs] [Times: user=0.01 sys=0.00, real=0.00 secs] 
2015-10-30T16:23:51.161+0000: 6698.342: [GC (Allocation Failure) 6698.342: [ParNew: 27494K->2936K(36288K), 0.0031672 secs] 186459K->167218K(243144K), 0.0032423 secs] [Times: user=0.01 sys=0.00, real=0.00 secs] 
2015-10-30T16:23:51.166+0000: 6698.346: [GC (CMS Initial Mark) [1 CMS-initial-mark: 164282K(206856K)] 175195K(243144K), 0.0019050 secs] [Times: user=0.01 sys=0.00, real=0.00 secs] 
2015-10-30T16:23:51.168+0000: 6698.348: [CMS-concurrent-mark-start]
2015-10-30T16:23:51.206+0000: 6698.387: [CMS-concurrent-mark: 0.039/0.039 secs] [Times: user=0.08 sys=0.00, real=0.04 secs] 
2015-10-30T16:23:51.207+0000: 6698.387: [CMS-concurrent-preclean-start]
2015-10-30T16:23:51.208+0000: 6698.388: [CMS-concurrent-preclean: 0.001/0.001 secs] [Times: user=0.00 sys=0.00, real=0.00 secs] 
2015-10-30T16:23:51.208+0000: 6698.388: [CMS-concurrent-abortable-preclean-start]
 CMS: abort preclean due to time 2015-10-30T16:23:56.219+0000: 6703.399: [CMS-concurrent-abortable-preclean: 1.186/5.011 secs] [Times: user=1.27 sys=0.00, real=5.01 secs] 
2015-10-30T16:23:56.234+0000: 6703.414: [GC (CMS Final Remark) [YG occupancy: 19291 K (36288 K)]6703.414: [Rescan (parallel) , 0.0018750 secs]6703.416: [weak refs processing, 0.0000299 secs]6703.416: [class unloading, 0.0153431 secs]6703.431: [scrub symbol table, 0.0065590 secs]6703.438: [scrub string table, 0.0007513 secs][1 CMS-remark: 164282K(206856K)] 183573K(243144K), 0.0260035 secs] [Times: user=0.03 sys=0.00, real=0.03 secs] 
2015-10-30T16:23:56.260+0000: 6703.440: [CMS-concurrent-sweep-start]
2015-10-30T16:23:56.314+0000: 6703.495: [CMS-concurrent-sweep: 0.054/0.054 secs] [Times: user=0.05 sys=0.00, real=0.05 secs] 
2015-10-30T16:23:56.314+0000: 6703.495: [CMS-concurrent-reset-start]
2015-10-30T16:23:56.317+0000: 6703.497: [CMS-concurrent-reset: 0.002/0.002 secs] [Times: user=0.01 sys=0.00, real=0.00 secs] 
2015-10-30T16:23:58.316+0000: 6705.497: [GC (CMS Initial Mark) [1 CMS-initial-mark: 73914K(206856K)] 94745K(243144K), 0.0028374 secs] [Times: user=0.01 sys=0.00, real=0.01 secs] 
2015-10-30T16:23:58.319+0000: 6705.499: [CMS-concurrent-mark-start]
2015-10-30T16:23:58.357+0000: 6705.537: [CMS-concurrent-mark: 0.038/0.038 secs] [Times: user=0.04 sys=0.00, real=0.03 secs] 
2015-10-30T16:23:58.357+0000: 6705.537: [CMS-concurrent-preclean-start]
2015-10-30T16:23:58.359+0000: 6705.540: [CMS-concurrent-preclean: 0.002/0.002 secs] [Times: user=0.00 sys=0.00, real=0.01 secs] 
2015-10-30T16:23:58.359+0000: 6705.540: [CMS-concurrent-abortable-preclean-start]
2015-10-30T16:24:00.082+0000: 6707.263: [GC (Allocation Failure) 6707.263: [ParNew: 35256K->3968K(36288K), 0.0176647 secs] 109170K->84608K(243144K), 0.0177536 secs] [Times: user=0.06 sys=0.00, real=0.02 secs] 
2015-10-30T16:24:00.125+0000: 6707.306: [GC (Allocation Failure) 6707.306: [ParNew: 36288K->3968K(36288K), 0.0169464 secs] 116928K->96567K(243144K), 0.0170378 secs] [Times: user=0.07 sys=0.00, real=0.01 secs] 
2015-10-30T16:24:00.171+0000: 6707.351: [CMS-concurrent-abortable-preclean: 0.451/1.812 secs] [Times: user=0.85 sys=0.01, real=1.81 secs] 
2015-10-30T16:24:00.171+0000: 6707.352: [GC (CMS Final Remark) [YG occupancy: 33844 K (36288 K)]6707.352: [Rescan (parallel) , 0.0160544 secs]6707.368: [weak refs processing, 0.0000256 secs]6707.368: [class unloading, 0.0151893 secs]6707.383: [scrub symbol table, 0.0065691 secs]6707.390: [scrub string table, 0.0007504 secs][1 CMS-remark: 92599K(206856K)] 126443K(243144K), 0.0400789 secs] [Times: user=0.09 sys=0.00, real=0.04 secs] 
2015-10-30T16:24:00.211+0000: 6707.392: [CMS-concurrent-sweep-start]
2015-10-30T16:24:00.215+0000: 6707.395: [GC (Allocation Failure) 6707.395: [ParNew: 36288K->3968K(36288K), 0.0143747 secs] 128886K->104910K(243144K), 0.0144549 secs] [Times: user=0.05 sys=0.00, real=0.02 secs] 
2015-10-30T16:24:00.249+0000: 6707.429: [GC (Allocation Failure) 6707.429: [ParNew: 36288K->3844K(36288K), 0.0079086 secs] 137185K->108514K(243144K), 0.0079987 secs] [Times: user=0.02 sys=0.00, real=0.00 secs] 
2015-10-30T16:24:00.284+0000: 6707.465: [GC (Allocation Failure) 6707.465: [ParNew: 36164K->2667K(36288K), 0.0048976 secs] 140231K->107615K(243144K), 0.0049654 secs] [Times: user=0.02 sys=0.00, real=0.01 secs] 
2015-10-30T16:24:00.310+0000: 6707.490: [GC (Allocation Failure) 6707.490: [ParNew: 34987K->3204K(36288K), 0.0028946 secs] 139111K->107328K(243144K), 0.0029518 secs] [Times: user=0.01 sys=0.00, real=0.00 secs] 
2015-10-30T16:24:00.320+0000: 6707.500: [CMS-concurrent-sweep: 0.075/0.108 secs] [Times: user=0.40 sys=0.00, real=0.11 secs] 
2015-10-30T16:24:00.320+0000: 6707.500: [CMS-concurrent-reset-start]
2015-10-30T16:24:00.322+0000: 6707.503: [CMS-concurrent-reset: 0.003/0.003 secs] [Times: user=0.00 sys=0.00, real=0.00 secs] 
2015-10-30T16:24:00.766+0000: 6707.947: [GC (Allocation Failure) 6707.947: [ParNew: 35524K->3934K(36288K), 0.0033000 secs] 134011K->103609K(243144K), 0.0033570 secs] [Times: user=0.01 sys=0.00, real=0.00 secs] 
2015-10-30T16:24:00.795+0000: 6707.976: [GC (Allocation Failure) 6707.976: [ParNew: 36288K->3092K(36288K), 0.0044782 secs] 136023K->105359K(243144K), 0.0045452 secs] [Times: user=0.02 sys=0.00, real=0.01 secs] 
2015-10-30T16:24:00.800+0000: 6707.981: [GC (GCLocker Initiated GC) 6707.981: [ParNew: 3169K->2135K(36288K), 0.0015763 secs] 105436K->104403K(243144K), 0.0016044 secs] [Times: user=0.00 sys=0.00, real=0.00 secs] 
2015-10-30T16:24:03.277+0000: 6710.458: [GC (Allocation Failure) 6710.458: [ParNew: 34455K->3418K(36288K), 0.0024548 secs] 136723K->105686K(243144K), 0.0025186 secs] [Times: user=0.01 sys=0.00, real=0.00 secs] 
2015-10-30T16:24:04.207+0000: 6711.388: [GC (Allocation Failure) 6711.388: [ParNew: 36171K->3968K(36288K), 0.0054180 secs] 138438K->108089K(243144K), 0.0054984 secs] [Times: user=0.02 sys=0.00, real=0.00 secs] 
2015-10-30T16:24:04.218+0000: 6711.398: [GC (GCLocker Initiated GC) 6711.398: [ParNew: 12090K->2867K(36288K), 0.0051426 secs] 116211K->110283K(243144K), 0.0052410 secs] [Times: user=0.01 sys=0.00, real=0.00 secs] 
2015-10-30T16:24:04.258+0000: 6711.439: [GC (Allocation Failure) 6711.439: [ParNew: 35919K->3968K(36288K), 0.0091879 secs] 143334K->113580K(243144K), 0.0092875 secs] [Times: user=0.03 sys=0.00, real=0.01 secs] 
2015-10-30T16:24:04.268+0000: 6711.449: [GC (GCLocker Initiated GC) 6711.449: [ParNew: 4358K->3245K(36288K), 0.0063544 secs] 113970K->116897K(243144K), 0.0064101 secs] [Times: user=0.02 sys=0.00, real=0.00 secs] 
2015-10-30T16:24:06.006+0000: 6713.187: [GC (Allocation Failure) 6713.187: [ParNew: 35565K->3968K(36288K), 0.0159400 secs] 149217K->129108K(243144K), 0.0160243 secs] [Times: user=0.05 sys=0.00, real=0.01 secs] 
2015-10-30T16:24:06.042+0000: 6713.222: [GC (Allocation Failure) 6713.222: [ParNew: 36288K->2311K(36288K), 0.0048344 secs] 161428K->131273K(243144K), 0.0049061 secs] [Times: user=0.01 sys=0.00, real=0.01 secs] 
2015-10-30T16:24:06.065+0000: 6713.245: [GC (Allocation Failure) 6713.245: [ParNew: 34631K->1816K(36288K), 0.0033323 secs] 163593K->130777K(243144K), 0.0033981 secs] [Times: user=0.01 sys=0.00, real=0.01 secs] 
2015-10-30T16:24:06.086+0000: 6713.266: [GC (Allocation Failure) 6713.266: [ParNew: 34136K->2874K(36288K), 0.0038968 secs] 163097K->131836K(243144K), 0.0039543 secs] [Times: user=0.01 sys=0.00, real=0.00 secs] 
2015-10-30T16:24:06.113+0000: 6713.294: [GC (Allocation Failure) 6713.294: [ParNew: 35194K->3037K(36288K), 0.0048158 secs] 164156K->132812K(243144K), 0.0048808 secs] [Times: user=0.02 sys=0.00, real=0.01 secs] 
2015-10-30T16:24:06.139+0000: 6713.319: [GC (Allocation Failure) 6713.319: [ParNew: 35357K->3545K(36288K), 0.0043823 secs] 165132K->133988K(243144K), 0.0044479 secs] [Times: user=0.01 sys=0.00, real=0.00 secs] 
2015-10-30T16:24:06.161+0000: 6713.342: [GC (Allocation Failure) 6713.342: [ParNew: 35865K->2217K(36288K), 0.0043507 secs] 166308K->133276K(243144K), 0.0044324 secs] [Times: user=0.01 sys=0.00, real=0.01 secs] 
2015-10-30T16:24:06.185+0000: 6713.366: [GC (Allocation Failure) 6713.366: [ParNew: 34537K->2895K(36288K), 0.0031232 secs] 165596K->133953K(243144K), 0.0032052 secs] [Times: user=0.02 sys=0.00, real=0.00 secs] 
2015-10-30T16:24:06.213+0000: 6713.393: [GC (Allocation Failure) 6713.393: [ParNew: 34750K->3968K(36288K), 0.0036520 secs] 165809K->135029K(243144K), 0.0037288 secs] [Times: user=0.01 sys=0.00, real=0.00 secs] 
2015-10-30T16:24:08.893+0000: 6716.073: [GC (Allocation Failure) 6716.073: [ParNew: 36230K->1978K(36288K), 0.0052146 secs] 167291K->137487K(243144K), 0.0052888 secs] [Times: user=0.01 sys=0.00, real=0.01 secs] 
2015-10-30T16:24:09.454+0000: 6716.634: [GC (GCLocker Initiated GC) 6716.634: [ParNew: 35128K->3968K(36288K), 0.0039468 secs] 170638K->139479K(243144K), 0.0040071 secs] [Times: user=0.01 sys=0.00, real=0.01 secs] 
2015-10-30T16:24:09.486+0000: 6716.666: [GC (Allocation Failure) 6716.666: [ParNew: 36288K->2192K(36288K), 0.0034196 secs] 171832K->139599K(243144K), 0.0034781 secs] [Times: user=0.02 sys=0.00, real=0.00 secs] 
2015-10-30T16:24:09.492+0000: 6716.672: [GC (GCLocker Initiated GC) 6716.672: [ParNew: 3226K->1686K(36288K), 0.0012805 secs] 140633K->139092K(243144K), 0.0013116 secs] [Times: user=0.01 sys=0.00, real=0.00 secs] 
2015-10-30T16:24:10.985+0000: 6718.166: [GC (Allocation Failure) 6718.166: [ParNew: 34006K->3968K(36288K), 0.0166183 secs] 171412K->153719K(243144K), 0.0167041 secs] [Times: user=0.06 sys=0.00, real=0.01 secs] 
2015-10-30T16:24:11.021+0000: 6718.202: [GC (Allocation Failure) 6718.202: [ParNew: 36288K->2819K(36288K), 0.0050496 secs] 186039K->156495K(243144K), 0.0051259 secs] [Times: user=0.02 sys=0.00, real=0.01 secs] 
2015-10-30T16:24:11.049+0000: 6718.230: [GC (Allocation Failure) 6718.230: [ParNew: 35139K->1894K(36288K), 0.0031999 secs] 188815K->155570K(243144K), 0.0032722 secs] [Times: user=0.01 sys=0.00, real=0.00 secs] 
2015-10-30T16:24:11.073+0000: 6718.253: [GC (Allocation Failure) 6718.253: [ParNew: 34214K->3061K(36288K), 0.0035484 secs] 187890K->156737K(243144K), 0.0036061 secs] [Times: user=0.01 sys=0.00, real=0.00 secs] 
2015-10-30T16:24:11.099+0000: 6718.280: [GC (Allocation Failure) 6718.280: [ParNew: 35381K->3071K(36288K), 0.0052732 secs] 189057K->157578K(243144K), 0.0053270 secs] [Times: user=0.02 sys=0.00, real=0.00 secs] 
2015-10-30T16:24:11.125+0000: 6718.306: [GC (Allocation Failure) 6718.306: [ParNew: 35391K->3159K(36288K), 0.0047208 secs] 189898K->158329K(243144K), 0.0047881 secs] [Times: user=0.02 sys=0.00, real=0.00 secs] 
2015-10-30T16:24:11.149+0000: 6718.329: [GC (Allocation Failure) 6718.329: [ParNew: 35479K->3596K(36288K), 0.0046262 secs] 190649K->159415K(243144K), 0.0047068 secs] [Times: user=0.02 sys=0.00, real=0.00 secs] 
2015-10-30T16:24:11.157+0000: 6718.338: [GC (CMS Initial Mark) [1 CMS-initial-mark: 155819K(206856K)] 159886K(243144K), 0.0020653 secs] [Times: user=0.01 sys=0.00, real=0.00 secs] 
2015-10-30T16:24:11.159+0000: 6718.340: [CMS-concurrent-mark-start]
2015-10-30T16:24:11.184+0000: 6718.364: [GC (Allocation Failure) 6718.365: [ParNew: 35916K->1958K(36288K), 0.0033809 secs] 191735K->158358K(243144K), 0.0034445 secs] [Times: user=0.01 sys=0.00, real=0.01 secs] 
2015-10-30T16:24:11.222+0000: 6718.403: [CMS-concurrent-mark: 0.059/0.063 secs] [Times: user=0.21 sys=0.00, real=0.06 secs] 
2015-10-30T16:24:11.222+0000: 6718.403: [GC (Allocation Failure) 6718.403: [ParNew: 34190K->3968K(36288K), 0.0032577 secs] 190590K->161473K(243144K), 0.0033119 secs] [Times: user=0.01 sys=0.00, real=0.01 secs] 
2015-10-30T16:24:11.226+0000: 6718.406: [CMS-concurrent-preclean-start]
2015-10-30T16:24:11.228+0000: 6718.408: [CMS-concurrent-preclean: 0.002/0.002 secs] [Times: user=0.01 sys=0.00, real=0.00 secs] 
2015-10-30T16:24:11.228+0000: 6718.409: [GC (CMS Final Remark) [YG occupancy: 5173 K (36288 K)]6718.409: [Rescan (parallel) , 0.0018060 secs]6718.410: [weak refs processing, 0.0000213 secs]6718.411: [class unloading, 0.0156649 secs]6718.426: [scrub symbol table, 0.0065948 secs]6718.433: [scrub string table, 0.0007672 secs][1 CMS-remark: 157505K(206856K)] 162679K(243144K), 0.0263421 secs] [Times: user=0.03 sys=0.00, real=0.02 secs] 
2015-10-30T16:24:11.255+0000: 6718.435: [CMS-concurrent-sweep-start]
2015-10-30T16:24:11.317+0000: 6718.498: [CMS-concurrent-sweep: 0.063/0.063 secs] [Times: user=0.12 sys=0.00, real=0.07 secs] 
2015-10-30T16:24:11.317+0000: 6718.498: [CMS-concurrent-reset-start]
2015-10-30T16:24:11.320+0000: 6718.500: [CMS-concurrent-reset: 0.002/0.002 secs] [Times: user=0.01 sys=0.00, real=0.00 secs] 
2015-10-30T16:24:12.607+0000: 6719.788: [GC (Allocation Failure) 6719.788: [ParNew: 36288K->3925K(36288K), 0.0056668 secs] 116809K->88554K(243144K), 0.0057534 secs] [Times: user=0.02 sys=0.00, real=0.00 secs] 
2015-10-30T16:24:14.393+0000: 6721.574: [GC (Allocation Failure) 6721.574: [ParNew: 36221K->3968K(36288K), 0.0049017 secs] 120850K->89532K(243144K), 0.0049974 secs] [Times: user=0.01 sys=0.00, real=0.01 secs] 
2015-10-30T16:24:16.111+0000: 6723.292: [GC (Allocation Failure) 6723.292: [ParNew: 36288K->3968K(36288K), 0.0045628 secs] 121852K->91593K(243144K), 0.0046323 secs] [Times: user=0.02 sys=0.00, real=0.00 secs] 
2015-10-30T16:24:16.932+0000: 6724.112: [GC (Allocation Failure) 6724.112: [ParNew: 35305K->3968K(36288K), 0.0040975 secs] 122931K->94904K(243144K), 0.0042067 secs] [Times: user=0.02 sys=0.00, real=0.00 secs] 
2015-10-30T16:24:19.556+0000: 6726.737: [GC (Allocation Failure) 6726.737: [ParNew: 36288K->3968K(36288K), 0.0220611 secs] 127224K->96461K(243144K), 0.0221564 secs] [Times: user=0.01 sys=0.00, real=0.03 secs] 
2015-10-30T16:24:20.928+0000: 6728.108: [GC (Allocation Failure) 6728.108: [ParNew: 36288K->3968K(36288K), 0.0082023 secs] 128781K->109179K(243144K), 0.0082955 secs] [Times: user=0.03 sys=0.00, real=0.00 secs] 
2015-10-30T16:24:20.973+0000: 6728.153: [GC (Allocation Failure) 6728.153: [ParNew: 36288K->3968K(36288K), 0.0083389 secs] 141499K->114231K(243144K), 0.0084146 secs] [Times: user=0.02 sys=0.00, real=0.01 secs] 
2015-10-30T16:24:20.997+0000: 6728.177: [GC (Allocation Failure) 6728.177: [ParNew: 36288K->3833K(36288K), 0.0060462 secs] 146551K->117702K(243144K), 0.0061209 secs] [Times: user=0.02 sys=0.00, real=0.01 secs] 
2015-10-30T16:24:21.021+0000: 6728.202: [GC (Allocation Failure) 6728.202: [ParNew: 36153K->2180K(36288K), 0.0031787 secs] 150022K->116049K(243144K), 0.0032375 secs] [Times: user=0.01 sys=0.00, real=0.00 secs] 
2015-10-30T16:24:21.043+0000: 6728.224: [GC (Allocation Failure) 6728.224: [ParNew: 34500K->3175K(36288K), 0.0034193 secs] 148369K->117043K(243144K), 0.0034848 secs] [Times: user=0.01 sys=0.00, real=0.01 secs] 
2015-10-30T16:24:21.065+0000: 6728.246: [GC (Allocation Failure) 6728.246: [ParNew: 35495K->3643K(36288K), 0.0045502 secs] 149363K->118319K(243144K), 0.0046191 secs] [Times: user=0.02 sys=0.00, real=0.00 secs] 
2015-10-30T16:24:21.089+0000: 6728.270: [GC (Allocation Failure) 6728.270: [ParNew: 35963K->2943K(36288K), 0.0047010 secs] 150639K->118316K(243144K), 0.0047742 secs] [Times: user=0.02 sys=0.00, real=0.00 secs] 
2015-10-30T16:24:21.113+0000: 6728.294: [GC (Allocation Failure) 6728.294: [ParNew: 35263K->2070K(36288K), 0.0031232 secs] 150636K->118030K(243144K), 0.0031839 secs] [Times: user=0.02 sys=0.00, real=0.00 secs] 
2015-10-30T16:24:21.137+0000: 6728.318: [GC (Allocation Failure) 6728.318: [ParNew: 34390K->1970K(36288K), 0.0023428 secs] 150350K->117930K(243144K), 0.0024008 secs] [Times: user=0.01 sys=0.00, real=0.00 secs] 
2015-10-30T16:24:21.168+0000: 6728.348: [GC (Allocation Failure) 6728.348: [ParNew: 31321K->3514K(36288K), 0.0027285 secs] 147281K->124792K(243144K), 0.0028013 secs] [Times: user=0.01 sys=0.00, real=0.00 secs] 
2015-10-30T16:24:21.172+0000: 6728.352: [GC (CMS Initial Mark) [1 CMS-initial-mark: 121277K(206856K)] 132771K(243144K), 0.0020138 secs] [Times: user=0.00 sys=0.00, real=0.00 secs] 
2015-10-30T16:24:21.174+0000: 6728.354: [CMS-concurrent-mark-start]
2015-10-30T16:24:21.232+0000: 6728.413: [CMS-concurrent-mark: 0.058/0.058 secs] [Times: user=0.12 sys=0.00, real=0.06 secs] 
2015-10-30T16:24:21.232+0000: 6728.413: [CMS-concurrent-preclean-start]
2015-10-30T16:24:21.234+0000: 6728.415: [CMS-concurrent-preclean: 0.002/0.002 secs] [Times: user=0.00 sys=0.00, real=0.00 secs] 
2015-10-30T16:24:21.234+0000: 6728.415: [CMS-concurrent-abortable-preclean-start]
2015-10-30T16:24:22.476+0000: 6729.656: [GC (Allocation Failure) 6729.656: [ParNew: 35598K->3968K(36288K), 0.0076064 secs] 156876K->130304K(243144K), 0.0076847 secs] [Times: user=0.03 sys=0.00, real=0.01 secs] 
2015-10-30T16:24:23.011+0000: 6730.191: [GC (GCLocker Initiated GC) 6730.191: [ParNew: 36288K->2766K(36288K), 0.0038357 secs] 162689K->130851K(243144K), 0.0038948 secs] [Times: user=0.01 sys=0.00, real=0.00 secs] 
2015-10-30T16:24:23.021+0000: 6730.202: [CMS-concurrent-abortable-preclean: 0.461/1.787 secs] [Times: user=0.73 sys=0.02, real=1.79 secs] 
2015-10-30T16:24:23.030+0000: 6730.210: [GC (CMS Final Remark) [YG occupancy: 19968 K (36288 K)]6730.210: [Rescan (parallel) , 0.0075019 secs]6730.218: [weak refs processing, 0.0000218 secs]6730.218: [class unloading, 0.0155094 secs]6730.233: [scrub symbol table, 0.0065703 secs]6730.240: [scrub string table, 0.0007476 secs][1 CMS-remark: 128085K(206856K)] 148054K(243144K), 0.0318529 secs] [Times: user=0.05 sys=0.00, real=0.03 secs] 
2015-10-30T16:24:23.064+0000: 6730.244: [CMS-concurrent-sweep-start]
2015-10-30T16:24:23.125+0000: 6730.305: [CMS-concurrent-sweep: 0.061/0.061 secs] [Times: user=0.11 sys=0.01, real=0.06 secs] 
2015-10-30T16:24:23.125+0000: 6730.305: [CMS-concurrent-reset-start]
2015-10-30T16:24:23.127+0000: 6730.308: [CMS-concurrent-reset: 0.002/0.002 secs] [Times: user=0.00 sys=0.00, real=0.01 secs] 
2015-10-30T16:24:23.238+0000: 6730.419: [GC (Allocation Failure) 6730.419: [ParNew: 35086K->1933K(36288K), 0.0064065 secs] 116044K->83980K(243144K), 0.0064662 secs] [Times: user=0.02 sys=0.00, real=0.00 secs] 
2015-10-30T16:24:23.846+0000: 6731.027: [GC (Allocation Failure) 6731.027: [ParNew: 34253K->3968K(36288K), 0.0051327 secs] 116300K->86225K(243144K), 0.0052093 secs] [Times: user=0.02 sys=0.00, real=0.00 secs] 
2015-10-30T16:24:25.954+0000: 6733.135: [GC (Allocation Failure) 6733.135: [ParNew: 36288K->3968K(36288K), 0.0061671 secs] 118545K->95855K(243144K), 0.0062578 secs] [Times: user=0.02 sys=0.00, real=0.01 secs] 
2015-10-30T16:24:25.989+0000: 6733.170: [GC (Allocation Failure) 6733.170: [ParNew: 36288K->3968K(36288K), 0.0082936 secs] 128175K->104149K(243144K), 0.0083782 secs] [Times: user=0.03 sys=0.00, real=0.01 secs] 
2015-10-30T16:24:26.016+0000: 6733.196: [GC (Allocation Failure) 6733.197: [ParNew: 36288K->3864K(36288K), 0.0049818 secs] 136469K->107851K(243144K), 0.0050653 secs] [Times: user=0.02 sys=0.00, real=0.01 secs] 
2015-10-30T16:24:26.041+0000: 6733.221: [GC (Allocation Failure) 6733.221: [ParNew: 36184K->2339K(36288K), 0.0024710 secs] 140171K->106327K(243144K), 0.0025323 secs] [Times: user=0.00 sys=0.00, real=0.00 secs] 
2015-10-30T16:24:26.063+0000: 6733.243: [GC (Allocation Failure) 6733.243: [ParNew: 34659K->2885K(36288K), 0.0033965 secs] 138647K->106872K(243144K), 0.0034506 secs] [Times: user=0.01 sys=0.00, real=0.01 secs] 
2015-10-30T16:24:26.089+0000: 6733.270: [GC (Allocation Failure) 6733.270: [ParNew: 35205K->2735K(36288K), 0.0039259 secs] 139192K->107509K(243144K), 0.0039871 secs] [Times: user=0.02 sys=0.00, real=0.00 secs] 
2015-10-30T16:24:26.113+0000: 6733.294: [GC (Allocation Failure) 6733.294: [ParNew: 35055K->3582K(36288K), 0.0047327 secs] 139829K->109021K(243144K), 0.0047869 secs] [Times: user=0.01 sys=0.00, real=0.01 secs] 
2015-10-30T16:24:26.137+0000: 6733.318: [GC (Allocation Failure) 6733.318: [ParNew: 35902K->2853K(36288K), 0.0036168 secs] 141341K->108859K(243144K), 0.0036739 secs] [Times: user=0.01 sys=0.00, real=0.00 secs] 
2015-10-30T16:24:26.160+0000: 6733.340: [GC (Allocation Failure) 6733.340: [ParNew: 35173K->2374K(36288K), 0.0025352 secs] 141179K->108380K(243144K), 0.0025961 secs] [Times: user=0.01 sys=0.00, real=0.00 secs] 
2015-10-30T16:24:26.192+0000: 6733.373: [GC (Allocation Failure) 6733.373: [ParNew: 33877K->3568K(36288K), 0.0029192 secs] 139884K->114892K(243144K), 0.0029926 secs] [Times: user=0.01 sys=0.00, real=0.00 secs] 
2015-10-30T16:24:26.197+0000: 6733.377: [GC (CMS Initial Mark) [1 CMS-initial-mark: 111324K(206856K)] 122869K(243144K), 0.0017320 secs] [Times: user=0.01 sys=0.00, real=0.01 secs] 
2015-10-30T16:24:26.198+0000: 6733.379: [CMS-concurrent-mark-start]
2015-10-30T16:24:26.236+0000: 6733.417: [CMS-concurrent-mark: 0.038/0.038 secs] [Times: user=0.07 sys=0.00, real=0.03 secs] 
2015-10-30T16:24:26.236+0000: 6733.417: [CMS-concurrent-preclean-start]
2015-10-30T16:24:26.238+0000: 6733.418: [CMS-concurrent-preclean: 0.001/0.001 secs] [Times: user=0.01 sys=0.00, real=0.01 secs] 
2015-10-30T16:24:26.238+0000: 6733.418: [CMS-concurrent-abortable-preclean-start]
2015-10-30T16:24:28.081+0000: 6735.261: [GC (Allocation Failure) 6735.261: [ParNew: 35462K->3968K(36288K), 0.0081262 secs] 146786K->119061K(243144K), 0.0081972 secs] [Times: user=0.03 sys=0.00, real=0.01 secs] 
2015-10-30T16:24:30.147+0000: 6737.328: [CMS-concurrent-abortable-preclean: 0.730/3.909 secs] [Times: user=0.96 sys=0.02, real=3.91 secs] 
2015-10-30T16:24:30.147+0000: 6737.328: [GC (CMS Final Remark) [YG occupancy: 31338 K (36288 K)]6737.328: [Rescan (parallel) , 0.0082807 secs]6737.336: [weak refs processing, 0.0000194 secs]6737.336: [class unloading, 0.0147126 secs]6737.351: [scrub symbol table, 0.0065307 secs]6737.358: [scrub string table, 0.0007437 secs][1 CMS-remark: 115093K(206856K)] 146432K(243144K), 0.0317299 secs] [Times: user=0.05 sys=0.00, real=0.03 secs] 
2015-10-30T16:24:30.179+0000: 6737.360: [CMS-concurrent-sweep-start]
2015-10-30T16:24:30.227+0000: 6737.408: [CMS-concurrent-sweep: 0.048/0.048 secs] [Times: user=0.05 sys=0.00, real=0.05 secs] 
2015-10-30T16:24:30.227+0000: 6737.408: [CMS-concurrent-reset-start]
2015-10-30T16:24:30.230+0000: 6737.410: [CMS-concurrent-reset: 0.002/0.002 secs] [Times: user=0.00 sys=0.00, real=0.00 secs] 
2015-10-30T16:24:31.426+0000: 6738.606: [GC (Allocation Failure) 6738.606: [ParNew: 36288K->3968K(36288K), 0.0040455 secs] 115257K->86768K(243144K), 0.0041147 secs] [Times: user=0.02 sys=0.00, real=0.00 secs] 
2015-10-30T16:24:41.026+0000: 6748.207: [GC (Allocation Failure) 6748.207: [ParNew: 36288K->3968K(36288K), 0.0130685 secs] 119088K->100226K(243144K), 0.0131525 secs] [Times: user=0.05 sys=0.00, real=0.01 secs] 
2015-10-30T16:24:41.061+0000: 6748.242: [GC (Allocation Failure) 6748.242: [ParNew: 36288K->2519K(36288K), 0.0035875 secs] 132546K->102556K(243144K), 0.0036455 secs] [Times: user=0.01 sys=0.00, real=0.00 secs] 
2015-10-30T16:24:41.083+0000: 6748.264: [GC (Allocation Failure) 6748.264: [ParNew: 34839K->1966K(36288K), 0.0025561 secs] 134876K->102003K(243144K), 0.0026145 secs] [Times: user=0.01 sys=0.00, real=0.01 secs] 
2015-10-30T16:24:41.105+0000: 6748.286: [GC (Allocation Failure) 6748.286: [ParNew: 34286K->2847K(36288K), 0.0030806 secs] 134323K->102884K(243144K), 0.0031350 secs] [Times: user=0.01 sys=0.00, real=0.00 secs] 
2015-10-30T16:24:41.129+0000: 6748.310: [GC (Allocation Failure) 6748.310: [ParNew: 35167K->3591K(36288K), 0.0047671 secs] 135204K->104457K(243144K), 0.0048298 secs] [Times: user=0.02 sys=0.00, real=0.00 secs] 
2015-10-30T16:24:41.157+0000: 6748.338: [GC (Allocation Failure) 6748.338: [ParNew: 35911K->2309K(36288K), 0.0046921 secs] 136777K->103872K(243144K), 0.0047525 secs] [Times: user=0.01 sys=0.00, real=0.00 secs] 
2015-10-30T16:24:41.180+0000: 6748.360: [GC (Allocation Failure) 6748.360: [ParNew: 34629K->3549K(36288K), 0.0032272 secs] 136192K->105111K(243144K), 0.0032891 secs] [Times: user=0.01 sys=0.00, real=0.00 secs] 
2015-10-30T16:24:41.205+0000: 6748.386: [GC (Allocation Failure) 6748.386: [ParNew: 35869K->2787K(36288K), 0.0035853 secs] 137431K->104988K(243144K), 0.0036425 secs] [Times: user=0.01 sys=0.00, real=0.00 secs] 
2015-10-30T16:24:41.228+0000: 6748.409: [GC (Allocation Failure) 6748.409: [ParNew: 35107K->2481K(36288K), 0.0029261 secs] 137308K->104682K(243144K), 0.0029898 secs] [Times: user=0.01 sys=0.00, real=0.00 secs] 
2015-10-30T16:24:41.261+0000: 6748.441: [GC (Allocation Failure) 6748.441: [ParNew: 33875K->3188K(36288K), 0.0033773 secs] 136076K->108655K(243144K), 0.0034453 secs] [Times: user=0.02 sys=0.00, real=0.00 secs] 
2015-10-30T16:24:41.265+0000: 6748.445: [GC (CMS Initial Mark) [1 CMS-initial-mark: 105466K(206856K)] 111322K(243144K), 0.0017778 secs] [Times: user=0.00 sys=0.00, real=0.01 secs] 
2015-10-30T16:24:41.267+0000: 6748.447: [CMS-concurrent-mark-start]
2015-10-30T16:24:41.325+0000: 6748.505: [CMS-concurrent-mark: 0.058/0.058 secs] [Times: user=0.12 sys=0.00, real=0.05 secs] 
2015-10-30T16:24:41.325+0000: 6748.505: [CMS-concurrent-preclean-start]
2015-10-30T16:24:41.326+0000: 6748.507: [CMS-concurrent-preclean: 0.002/0.002 secs] [Times: user=0.00 sys=0.00, real=0.01 secs] 
2015-10-30T16:24:41.327+0000: 6748.507: [CMS-concurrent-abortable-preclean-start]
 CMS: abort preclean due to time 2015-10-30T16:24:46.411+0000: 6753.592: [CMS-concurrent-abortable-preclean: 1.276/5.085 secs] [Times: user=1.36 sys=0.00, real=5.08 secs] 
2015-10-30T16:24:46.412+0000: 6753.592: [GC (CMS Final Remark) [YG occupancy: 8847 K (36288 K)]6753.592: [Rescan (parallel) , 0.0020372 secs]6753.594: [weak refs processing, 0.0000235 secs]6753.594: [class unloading, 0.0154371 secs]6753.610: [scrub symbol table, 0.0065452 secs]6753.616: [scrub string table, 0.0007544 secs][1 CMS-remark: 105466K(206856K)] 114313K(243144K), 0.0262987 secs] [Times: user=0.04 sys=0.00, real=0.03 secs] 
2015-10-30T16:24:46.438+0000: 6753.619: [CMS-concurrent-sweep-start]
2015-10-30T16:24:46.482+0000: 6753.662: [CMS-concurrent-sweep: 0.044/0.044 secs] [Times: user=0.04 sys=0.00, real=0.04 secs] 
2015-10-30T16:24:46.482+0000: 6753.662: [CMS-concurrent-reset-start]
2015-10-30T16:24:46.484+0000: 6753.665: [CMS-concurrent-reset: 0.002/0.002 secs] [Times: user=0.00 sys=0.00, real=0.00 secs] 
2015-10-30T16:24:48.484+0000: 6755.664: [GC (CMS Initial Mark) [1 CMS-initial-mark: 72467K(206856K)] 83000K(243144K), 0.0025798 secs] [Times: user=0.01 sys=0.00, real=0.01 secs] 
2015-10-30T16:24:48.487+0000: 6755.667: [CMS-concurrent-mark-start]
2015-10-30T16:24:48.524+0000: 6755.704: [CMS-concurrent-mark: 0.037/0.037 secs] [Times: user=0.04 sys=0.00, real=0.03 secs] 
2015-10-30T16:24:48.524+0000: 6755.704: [CMS-concurrent-preclean-start]
2015-10-30T16:24:48.526+0000: 6755.706: [CMS-concurrent-preclean: 0.002/0.002 secs] [Times: user=0.00 sys=0.00, real=0.01 secs] 
2015-10-30T16:24:48.526+0000: 6755.706: [CMS-concurrent-abortable-preclean-start]
 CMS: abort preclean due to time 2015-10-30T16:24:53.541+0000: 6760.722: [CMS-concurrent-abortable-preclean: 1.211/5.015 secs] [Times: user=1.27 sys=0.00, real=5.01 secs] 
2015-10-30T16:24:53.542+0000: 6760.722: [GC (CMS Final Remark) [YG occupancy: 11508 K (36288 K)]6760.722: [Rescan (parallel) , 0.0027348 secs]6760.725: [weak refs processing, 0.0000161 secs]6760.725: [class unloading, 0.0147940 secs]6760.740: [scrub symbol table, 0.0065495 secs]6760.746: [scrub string table, 0.0007479 secs][1 CMS-remark: 72467K(206856K)] 83975K(243144K), 0.0262801 secs] [Times: user=0.04 sys=0.00, real=0.03 secs] 
2015-10-30T16:24:53.568+0000: 6760.749: [CMS-concurrent-sweep-start]
2015-10-30T16:24:53.679+0000: 6760.859: [CMS-concurrent-sweep: 0.111/0.111 secs] [Times: user=0.11 sys=0.00, real=0.11 secs] 
2015-10-30T16:24:53.679+0000: 6760.859: [CMS-concurrent-reset-start]
2015-10-30T16:24:53.681+0000: 6760.862: [CMS-concurrent-reset: 0.002/0.002 secs] [Times: user=0.00 sys=0.00, real=0.00 secs] 
2015-10-30T16:24:55.681+0000: 6762.862: [GC (CMS Initial Mark) [1 CMS-initial-mark: 70904K(206856K)] 83057K(243144K), 0.0031359 secs] [Times: user=0.01 sys=0.00, real=0.00 secs] 
2015-10-30T16:24:55.684+0000: 6762.865: [CMS-concurrent-mark-start]
2015-10-30T16:24:55.722+0000: 6762.902: [CMS-concurrent-mark: 0.038/0.038 secs] [Times: user=0.04 sys=0.00, real=0.04 secs] 
2015-10-30T16:24:55.722+0000: 6762.902: [CMS-concurrent-preclean-start]
2015-10-30T16:24:55.724+0000: 6762.904: [CMS-concurrent-preclean: 0.002/0.002 secs] [Times: user=0.00 sys=0.00, real=0.00 secs] 
2015-10-30T16:24:55.724+0000: 6762.904: [CMS-concurrent-abortable-preclean-start]
2015-10-30T16:24:55.986+0000: 6763.167: [GC (Allocation Failure) 6763.167: [ParNew: 35508K->3968K(36288K), 0.0140918 secs] 106412K->86227K(243144K), 0.0141702 secs] [Times: user=0.05 sys=0.00, real=0.01 secs] 
2015-10-30T16:24:56.024+0000: 6763.204: [GC (Allocation Failure) 6763.204: [ParNew: 36288K->2692K(36288K), 0.0039255 secs] 118547K->88725K(243144K), 0.0039817 secs] [Times: user=0.01 sys=0.00, real=0.01 secs] 
2015-10-30T16:24:56.042+0000: 6763.222: [CMS-concurrent-abortable-preclean: 0.095/0.318 secs] [Times: user=0.30 sys=0.01, real=0.32 secs] 
2015-10-30T16:24:56.048+0000: 6763.229: [GC (CMS Final Remark) [YG occupancy: 24547 K (36288 K)]6763.229: [Rescan (parallel) , 0.0141892 secs]6763.243: [weak refs processing, 0.0000183 secs]6763.243: [class unloading, 0.0147261 secs]6763.258: [scrub symbol table, 0.0065232 secs]6763.264: [scrub string table, 0.0007485 secs][1 CMS-remark: 86033K(206856K)] 110580K(243144K), 0.0376648 secs] [Times: user=0.08 sys=0.00, real=0.04 secs] 
2015-10-30T16:24:56.086+0000: 6763.267: [CMS-concurrent-sweep-start]
2015-10-30T16:24:56.094+0000: 6763.274: [GC (Allocation Failure) 6763.274: [ParNew: 35012K->1837K(36288K), 0.0025839 secs] 121045K->87870K(243144K), 0.0026357 secs] [Times: user=0.01 sys=0.00, real=0.00 secs] 
2015-10-30T16:24:56.116+0000: 6763.297: [CMS-concurrent-sweep: 0.027/0.030 secs] [Times: user=0.12 sys=0.00, real=0.02 secs] 
2015-10-30T16:24:56.116+0000: 6763.297: [CMS-concurrent-reset-start]
2015-10-30T16:24:56.119+0000: 6763.300: [CMS-concurrent-reset: 0.003/0.003 secs] [Times: user=0.01 sys=0.00, real=0.01 secs] 
2015-10-30T16:24:56.121+0000: 6763.301: [GC (Allocation Failure) 6763.301: [ParNew: 34157K->3303K(36288K), 0.0040382 secs] 120157K->89304K(243144K), 0.0040933 secs] [Times: user=0.01 sys=0.00, real=0.00 secs] 
2015-10-30T16:24:56.145+0000: 6763.326: [GC (Allocation Failure) 6763.326: [ParNew: 35623K->2699K(36288K), 0.0041400 secs] 121624K->89550K(243144K), 0.0042046 secs] [Times: user=0.02 sys=0.00, real=0.00 secs] 
2015-10-30T16:24:56.169+0000: 6763.350: [GC (Allocation Failure) 6763.350: [ParNew: 35019K->2577K(36288K), 0.0039263 secs] 121870K->90151K(243144K), 0.0039905 secs] [Times: user=0.01 sys=0.00, real=0.00 secs] 
2015-10-30T16:24:56.193+0000: 6763.374: [GC (Allocation Failure) 6763.374: [ParNew: 34897K->3869K(36288K), 0.0032507 secs] 122471K->91444K(243144K), 0.0033149 secs] [Times: user=0.01 sys=0.00, real=0.00 secs] 
2015-10-30T16:24:56.219+0000: 6763.400: [GC (Allocation Failure) 6763.400: [ParNew: 36189K->2861K(36288K), 0.0038086 secs] 123764K->91068K(243144K), 0.0038768 secs] [Times: user=0.01 sys=0.00, real=0.00 secs] 
2015-10-30T16:24:56.245+0000: 6763.426: [GC (Allocation Failure) 6763.426: [ParNew: 35181K->2460K(36288K), 0.0028491 secs] 123388K->90667K(243144K), 0.0029073 secs] [Times: user=0.01 sys=0.00, real=0.00 secs] 
2015-10-30T16:24:56.278+0000: 6763.458: [GC (Allocation Failure) 6763.458: [ParNew: 32984K->3129K(36288K), 0.0038050 secs] 121191K->94581K(243144K), 0.0038711 secs] [Times: user=0.01 sys=0.00, real=0.00 secs] 
2015-10-30T16:24:56.282+0000: 6763.463: [GC (CMS Initial Mark) [1 CMS-initial-mark: 91451K(206856K)] 97250K(243144K), 0.0018121 secs] [Times: user=0.01 sys=0.00, real=0.00 secs] 
2015-10-30T16:24:56.284+0000: 6763.464: [CMS-concurrent-mark-start]
2015-10-30T16:24:56.341+0000: 6763.522: [CMS-concurrent-mark: 0.057/0.057 secs] [Times: user=0.11 sys=0.00, real=0.06 secs] 
2015-10-30T16:24:56.341+0000: 6763.522: [CMS-concurrent-preclean-start]
2015-10-30T16:24:56.343+0000: 6763.523: [CMS-concurrent-preclean: 0.002/0.002 secs] [Times: user=0.01 sys=0.00, real=0.00 secs] 
2015-10-30T16:24:56.343+0000: 6763.523: [CMS-concurrent-abortable-preclean-start]
2015-10-30T16:25:00.273+0000: 6767.454: [GC (Allocation Failure) 6767.454: [ParNew: 35449K->3968K(36288K), 0.0037947 secs] 126901K->95829K(243144K), 0.0038526 secs] [Times: user=0.01 sys=0.00, real=0.01 secs] 
2015-10-30T16:25:00.306+0000: 6767.486: [CMS-concurrent-abortable-preclean: 0.999/3.963 secs] [Times: user=1.25 sys=0.02, real=3.97 secs] 
2015-10-30T16:25:00.306+0000: 6767.487: [GC (CMS Final Remark) [YG occupancy: 30198 K (36288 K)]6767.487: [Rescan (parallel) , 0.0121664 secs]6767.499: [weak refs processing, 0.0000269 secs]6767.499: [class unloading, 0.0152322 secs]6767.514: [scrub symbol table, 0.0067119 secs]6767.521: [scrub string table, 0.0007749 secs][1 CMS-remark: 91861K(206856K)] 122060K(243144K), 0.0364774 secs] [Times: user=0.07 sys=0.00, real=0.03 secs] 
2015-10-30T16:25:00.343+0000: 6767.524: [CMS-concurrent-sweep-start]
2015-10-30T16:25:00.348+0000: 6767.528: [GC (Allocation Failure) 6767.528: [ParNew: 36288K->3968K(36288K), 0.0059866 secs] 127579K->96980K(243144K), 0.0060583 secs] [Times: user=0.02 sys=0.00, real=0.00 secs] 
2015-10-30T16:25:00.382+0000: 6767.563: [CMS-concurrent-sweep: 0.033/0.039 secs] [Times: user=0.08 sys=0.01, real=0.04 secs] 
2015-10-30T16:25:00.382+0000: 6767.563: [CMS-concurrent-reset-start]
2015-10-30T16:25:00.385+0000: 6767.565: [CMS-concurrent-reset: 0.002/0.002 secs] [Times: user=0.00 sys=0.00, real=0.00 secs] 
2015-10-30T16:25:00.971+0000: 6768.151: [GC (Allocation Failure) 6768.151: [ParNew: 36288K->3968K(36288K), 0.0139469 secs] 110966K->91274K(243144K), 0.0140276 secs] [Times: user=0.05 sys=0.00, real=0.01 secs] 
2015-10-30T16:25:01.009+0000: 6768.190: [GC (Allocation Failure) 6768.190: [ParNew: 36288K->3551K(36288K), 0.0064768 secs] 123594K->94539K(243144K), 0.0065499 secs] [Times: user=0.02 sys=0.00, real=0.00 secs] 
2015-10-30T16:25:01.036+0000: 6768.216: [GC (Allocation Failure) 6768.216: [ParNew: 35871K->2243K(36288K), 0.0038993 secs] 126859K->93231K(243144K), 0.0039684 secs] [Times: user=0.01 sys=0.00, real=0.01 secs] 
2015-10-30T16:25:01.061+0000: 6768.242: [GC (Allocation Failure) 6768.242: [ParNew: 34563K->3095K(36288K), 0.0031759 secs] 125551K->94083K(243144K), 0.0032377 secs] [Times: user=0.01 sys=0.00, real=0.00 secs] 
2015-10-30T16:25:01.085+0000: 6768.266: [GC (Allocation Failure) 6768.266: [ParNew: 35415K->2759K(36288K), 0.0042194 secs] 126403K->94571K(243144K), 0.0042875 secs] [Times: user=0.02 sys=0.00, real=0.00 secs] 
2015-10-30T16:25:01.113+0000: 6768.294: [GC (Allocation Failure) 6768.294: [ParNew: 35079K->3315K(36288K), 0.0038129 secs] 126891K->95838K(243144K), 0.0038795 secs] [Times: user=0.02 sys=0.00, real=0.01 secs] 
2015-10-30T16:25:01.137+0000: 6768.317: [GC (Allocation Failure) 6768.317: [ParNew: 35635K->3208K(36288K), 0.0035928 secs] 128158K->95731K(243144K), 0.0036561 secs] [Times: user=0.01 sys=0.00, real=0.01 secs] 
2015-10-30T16:25:01.161+0000: 6768.342: [GC (Allocation Failure) 6768.342: [ParNew: 35528K->3272K(36288K), 0.0067806 secs] 128051K->96408K(243144K), 0.0068543 secs] [Times: user=0.01 sys=0.00, real=0.01 secs] 
2015-10-30T16:25:01.189+0000: 6768.370: [GC (Allocation Failure) 6768.370: [ParNew: 35592K->2549K(36288K), 0.0028851 secs] 128728K->95685K(243144K), 0.0029517 secs] [Times: user=0.01 sys=0.00, real=0.00 secs] 
2015-10-30T16:25:01.222+0000: 6768.403: [GC (Allocation Failure) 6768.403: [ParNew: 33968K->2976K(36288K), 0.0037245 secs] 127104K->99392K(243144K), 0.0037994 secs] [Times: user=0.01 sys=0.00, real=0.01 secs] 
2015-10-30T16:25:01.226+0000: 6768.407: [GC (CMS Initial Mark) [1 CMS-initial-mark: 96415K(206856K)] 102060K(243144K), 0.0020106 secs] [Times: user=0.00 sys=0.00, real=0.00 secs] 
2015-10-30T16:25:01.229+0000: 6768.409: [CMS-concurrent-mark-start]
2015-10-30T16:25:01.269+0000: 6768.449: [CMS-concurrent-mark: 0.040/0.040 secs] [Times: user=0.08 sys=0.00, real=0.04 secs] 
2015-10-30T16:25:01.269+0000: 6768.449: [CMS-concurrent-preclean-start]
2015-10-30T16:25:01.271+0000: 6768.451: [CMS-concurrent-preclean: 0.002/0.002 secs] [Times: user=0.01 sys=0.00, real=0.00 secs] 
2015-10-30T16:25:01.271+0000: 6768.451: [CMS-concurrent-abortable-preclean-start]
2015-10-30T16:25:05.977+0000: 6773.157: [GC (Allocation Failure) 6773.157: [ParNew: 35296K->3968K(36288K), 0.0188083 secs] 131712K->113468K(243144K), 0.0188938 secs] [Times: user=0.07 sys=0.00, real=0.02 secs] 
2015-10-30T16:25:06.017+0000: 6773.198: [GC (Allocation Failure) 6773.198: [ParNew: 36288K->3146K(36288K), 0.0053703 secs] 145788K->116402K(243144K), 0.0054401 secs] [Times: user=0.02 sys=0.00, real=0.00 secs] 
2015-10-30T16:25:06.042+0000: 6773.223: [CMS-concurrent-abortable-preclean: 1.157/4.772 secs] [Times: user=1.48 sys=0.00, real=4.77 secs] 
2015-10-30T16:25:06.043+0000: 6773.223: [GC (CMS Final Remark) [YG occupancy: 31888 K (36288 K)]6773.223: [Rescan (parallel) , 0.0187044 secs]6773.242: [weak refs processing, 0.0000198 secs]6773.242: [class unloading, 0.0154150 secs]6773.258: [scrub symbol table, 0.0065662 secs]6773.264: [scrub string table, 0.0007512 secs][1 CMS-remark: 113256K(206856K)] 145144K(243144K), 0.0429459 secs] [Times: user=0.09 sys=0.00, real=0.05 secs] 
2015-10-30T16:25:06.086+0000: 6773.266: [CMS-concurrent-sweep-start]
2015-10-30T16:25:06.090+0000: 6773.271: [GC (Allocation Failure) 6773.271: [ParNew: 35466K->1767K(36288K), 0.0024839 secs] 147122K->113423K(243144K), 0.0025293 secs] [Times: user=0.01 sys=0.00, real=0.00 secs] 
2015-10-30T16:25:06.115+0000: 6773.296: [GC (Allocation Failure) 6773.296: [ParNew: 34087K->3538K(36288K), 0.0034043 secs] 135288K->104739K(243144K), 0.0034593 secs] [Times: user=0.01 sys=0.00, real=0.01 secs] 
2015-10-30T16:25:06.136+0000: 6773.317: [CMS-concurrent-sweep: 0.044/0.050 secs] [Times: user=0.19 sys=0.00, real=0.04 secs] 
2015-10-30T16:25:06.137+0000: 6773.317: [CMS-concurrent-reset-start]
2015-10-30T16:25:06.139+0000: 6773.320: [CMS-concurrent-reset: 0.003/0.003 secs] [Times: user=0.01 sys=0.00, real=0.01 secs] 
2015-10-30T16:25:06.143+0000: 6773.324: [GC (Allocation Failure) 6773.324: [ParNew: 35858K->3704K(36288K), 0.0047875 secs] 126324K->94969K(243144K), 0.0048477 secs] [Times: user=0.02 sys=0.00, real=0.01 secs] 
2015-10-30T16:25:06.169+0000: 6773.350: [GC (Allocation Failure) 6773.350: [ParNew: 36024K->2999K(36288K), 0.0050059 secs] 127289K->94960K(243144K), 0.0050811 secs] [Times: user=0.01 sys=0.01, real=0.00 secs] 
2015-10-30T16:25:06.193+0000: 6773.374: [GC (Allocation Failure) 6773.374: [ParNew: 35319K->3296K(36288K), 0.0039006 secs] 127280K->95891K(243144K), 0.0039630 secs] [Times: user=0.01 sys=0.00, real=0.01 secs] 
2015-10-30T16:25:06.217+0000: 6773.398: [GC (Allocation Failure) 6773.398: [ParNew: 35616K->2783K(36288K), 0.0026607 secs] 128211K->95377K(243144K), 0.0027188 secs] [Times: user=0.01 sys=0.00, real=0.00 secs] 
2015-10-30T16:25:06.239+0000: 6773.419: [GC (Allocation Failure) 6773.419: [ParNew: 35103K->3044K(36288K), 0.0030628 secs] 127697K->95638K(243144K), 0.0031237 secs] [Times: user=0.01 sys=0.00, real=0.00 secs] 
2015-10-30T16:25:06.333+0000: 6773.513: [GC (Allocation Failure) 6773.513: [ParNew: 35029K->3436K(36288K), 0.0034154 secs] 127623K->99341K(243144K), 0.0034878 secs] [Times: user=0.02 sys=0.00, real=0.00 secs] 
2015-10-30T16:25:06.336+0000: 6773.517: [GC (CMS Initial Mark) [1 CMS-initial-mark: 95904K(206856K)] 99941K(243144K), 0.0016370 secs] [Times: user=0.00 sys=0.00, real=0.01 secs] 
2015-10-30T16:25:06.338+0000: 6773.519: [CMS-concurrent-mark-start]
2015-10-30T16:25:06.378+0000: 6773.558: [CMS-concurrent-mark: 0.040/0.040 secs] [Times: user=0.04 sys=0.00, real=0.04 secs] 
2015-10-30T16:25:06.378+0000: 6773.558: [CMS-concurrent-preclean-start]
2015-10-30T16:25:06.380+0000: 6773.560: [CMS-concurrent-preclean: 0.002/0.002 secs] [Times: user=0.01 sys=0.00, real=0.00 secs] 
2015-10-30T16:25:06.380+0000: 6773.560: [GC (CMS Final Remark) [YG occupancy: 4106 K (36288 K)]6773.560: [Rescan (parallel) , 0.0013773 secs]6773.562: [weak refs processing, 0.0000192 secs]6773.562: [class unloading, 0.0147730 secs]6773.576: [scrub symbol table, 0.0065408 secs]6773.583: [scrub string table, 0.0007520 secs][1 CMS-remark: 95904K(206856K)] 100010K(243144K), 0.0249132 secs] [Times: user=0.02 sys=0.00, real=0.02 secs] 
2015-10-30T16:25:06.405+0000: 6773.585: [CMS-concurrent-sweep-start]
2015-10-30T16:25:06.440+0000: 6773.620: [CMS-concurrent-sweep: 0.035/0.035 secs] [Times: user=0.03 sys=0.00, real=0.04 secs] 
2015-10-30T16:25:06.440+0000: 6773.620: [CMS-concurrent-reset-start]
2015-10-30T16:25:06.442+0000: 6773.623: [CMS-concurrent-reset: 0.002/0.002 secs] [Times: user=0.00 sys=0.00, real=0.00 secs] 
2015-10-30T16:25:15.981+0000: 6783.162: [GC (Allocation Failure) 6783.162: [ParNew: 35756K->3968K(36288K), 0.0143337 secs] 108778K->88716K(243144K), 0.0144110 secs] [Times: user=0.04 sys=0.00, real=0.01 secs] 
2015-10-30T16:25:16.014+0000: 6783.194: [GC (Allocation Failure) 6783.194: [ParNew: 36288K->2987K(36288K), 0.0051253 secs] 121036K->91518K(243144K), 0.0051954 secs] [Times: user=0.02 sys=0.00, real=0.01 secs] 
2015-10-30T16:25:16.041+0000: 6783.222: [GC (Allocation Failure) 6783.222: [ParNew: 35307K->1930K(36288K), 0.0025635 secs] 123838K->90461K(243144K), 0.0026222 secs] [Times: user=0.01 sys=0.00, real=0.00 secs] 
2015-10-30T16:25:16.065+0000: 6783.246: [GC (Allocation Failure) 6783.246: [ParNew: 34250K->2892K(36288K), 0.0029125 secs] 122781K->91423K(243144K), 0.0029628 secs] [Times: user=0.01 sys=0.00, real=0.00 secs] 
2015-10-30T16:25:16.089+0000: 6783.270: [GC (Allocation Failure) 6783.270: [ParNew: 35212K->2433K(36288K), 0.0043241 secs] 123743K->91816K(243144K), 0.0043759 secs] [Times: user=0.02 sys=0.00, real=0.00 secs] 
2015-10-30T16:25:16.117+0000: 6783.298: [GC (Allocation Failure) 6783.298: [ParNew: 34753K->2550K(36288K), 0.0040353 secs] 124136K->92595K(243144K), 0.0040942 secs] [Times: user=0.01 sys=0.00, real=0.00 secs] 
2015-10-30T16:25:16.140+0000: 6783.320: [GC (Allocation Failure) 6783.320: [ParNew: 34870K->3917K(36288K), 0.0035324 secs] 124915K->93962K(243144K), 0.0035921 secs] [Times: user=0.01 sys=0.00, real=0.00 secs] 
2015-10-30T16:25:16.165+0000: 6783.346: [GC (Allocation Failure) 6783.346: [ParNew: 36237K->3118K(36288K), 0.0040310 secs] 126282K->94355K(243144K), 0.0041020 secs] [Times: user=0.01 sys=0.00, real=0.00 secs] 
2015-10-30T16:25:16.192+0000: 6783.373: [GC (Allocation Failure) 6783.373: [ParNew: 35319K->3273K(36288K), 0.0023642 secs] 126555K->94510K(243144K), 0.0024233 secs] [Times: user=0.01 sys=0.00, real=0.00 secs] 
2015-10-30T16:25:17.798+0000: 6784.978: [GC (Allocation Failure) 6784.978: [ParNew: 35593K->1868K(36288K), 0.0041138 secs] 126830K->96577K(243144K), 0.0041757 secs] [Times: user=0.01 sys=0.00, real=0.00 secs] 
2015-10-30T16:25:22.005+0000: 6789.186: [GC (Allocation Failure) 6789.186: [ParNew: 34188K->2488K(36288K), 0.0030763 secs] 128897K->97197K(243144K), 0.0031322 secs] [Times: user=0.01 sys=0.00, real=0.00 secs] 
2015-10-30T16:25:25.939+0000: 6793.119: [GC (Allocation Failure) 6793.119: [ParNew: 34658K->3968K(36288K), 0.0113415 secs] 129367K->112374K(243144K), 0.0114338 secs] [Times: user=0.04 sys=0.00, real=0.01 secs] 
2015-10-30T16:25:25.975+0000: 6793.155: [GC (Allocation Failure) 6793.155: [ParNew: 36288K->3968K(36288K), 0.0069535 secs] 144694K->117581K(243144K), 0.0070271 secs] [Times: user=0.02 sys=0.00, real=0.01 secs] 
2015-10-30T16:25:26.000+0000: 6793.180: [GC (Allocation Failure) 6793.180: [ParNew: 36288K->3637K(36288K), 0.0051807 secs] 149901K->121098K(243144K), 0.0052558 secs] [Times: user=0.02 sys=0.00, real=0.00 secs] 
2015-10-30T16:25:26.025+0000: 6793.206: [GC (Allocation Failure) 6793.206: [ParNew: 35957K->2214K(36288K), 0.0023315 secs] 153418K->119675K(243144K), 0.0023892 secs] [Times: user=0.00 sys=0.00, real=0.00 secs] 
2015-10-30T16:25:26.046+0000: 6793.226: [GC (Allocation Failure) 6793.226: [ParNew: 34534K->3100K(36288K), 0.0035984 secs] 151995K->120561K(243144K), 0.0036605 secs] [Times: user=0.01 sys=0.00, real=0.00 secs] 
2015-10-30T16:25:26.070+0000: 6793.251: [GC (Allocation Failure) 6793.251: [ParNew: 35420K->2808K(36288K), 0.0041248 secs] 152881K->120990K(243144K), 0.0041918 secs] [Times: user=0.02 sys=0.00, real=0.00 secs] 
2015-10-30T16:25:26.093+0000: 6793.274: [GC (Allocation Failure) 6793.274: [ParNew: 35128K->3199K(36288K), 0.0042000 secs] 153310K->122059K(243144K), 0.0042610 secs] [Times: user=0.02 sys=0.00, real=0.01 secs] 
2015-10-30T16:25:26.117+0000: 6793.298: [GC (Allocation Failure) 6793.298: [ParNew: 35519K->2798K(36288K), 0.0033503 secs] 154379K->122275K(243144K), 0.0034082 secs] [Times: user=0.02 sys=0.00, real=0.00 secs] 
2015-10-30T16:25:26.141+0000: 6793.321: [GC (Allocation Failure) 6793.321: [ParNew: 35118K->1952K(36288K), 0.0029373 secs] 154595K->121428K(243144K), 0.0029857 secs] [Times: user=0.01 sys=0.00, real=0.00 secs] 
2015-10-30T16:25:26.171+0000: 6793.351: [GC (Allocation Failure) 6793.351: [ParNew: 28839K->3087K(36288K), 0.0031227 secs] 148315K->127881K(243144K), 0.0031944 secs] [Times: user=0.01 sys=0.00, real=0.00 secs] 
2015-10-30T16:25:26.175+0000: 6793.355: [GC (CMS Initial Mark) [1 CMS-initial-mark: 124794K(206856K)] 135858K(243144K), 0.0017340 secs] [Times: user=0.00 sys=0.00, real=0.00 secs] 
2015-10-30T16:25:26.177+0000: 6793.357: [CMS-concurrent-mark-start]
2015-10-30T16:25:26.215+0000: 6793.395: [CMS-concurrent-mark: 0.038/0.038 secs] [Times: user=0.08 sys=0.00, real=0.04 secs] 
2015-10-30T16:25:26.215+0000: 6793.395: [CMS-concurrent-preclean-start]
2015-10-30T16:25:26.216+0000: 6793.397: [CMS-concurrent-preclean: 0.001/0.001 secs] [Times: user=0.00 sys=0.00, real=0.00 secs] 
2015-10-30T16:25:26.216+0000: 6793.397: [CMS-concurrent-abortable-preclean-start]
 CMS: abort preclean due to time 2015-10-30T16:25:31.304+0000: 6798.484: [CMS-concurrent-abortable-preclean: 1.216/5.087 secs] [Times: user=1.31 sys=0.00, real=5.09 secs] 
2015-10-30T16:25:31.304+0000: 6798.485: [GC (CMS Final Remark) [YG occupancy: 20694 K (36288 K)]6798.485: [Rescan (parallel) , 0.0024099 secs]6798.487: [weak refs processing, 0.0000223 secs]6798.487: [class unloading, 0.0154477 secs]6798.502: [scrub symbol table, 0.0066475 secs]6798.509: [scrub string table, 0.0007743 secs][1 CMS-remark: 124794K(206856K)] 145488K(243144K), 0.0267799 secs] [Times: user=0.04 sys=0.00, real=0.03 secs] 
2015-10-30T16:25:31.331+0000: 6798.511: [CMS-concurrent-sweep-start]
2015-10-30T16:25:31.365+0000: 6798.546: [CMS-concurrent-sweep: 0.034/0.034 secs] [Times: user=0.03 sys=0.00, real=0.04 secs] 
2015-10-30T16:25:31.365+0000: 6798.546: [CMS-concurrent-reset-start]
2015-10-30T16:25:31.368+0000: 6798.548: [CMS-concurrent-reset: 0.002/0.002 secs] [Times: user=0.00 sys=0.00, real=0.00 secs] 
2015-10-30T16:25:33.368+0000: 6800.549: [GC (CMS Initial Mark) [1 CMS-initial-mark: 74818K(206856K)] 95733K(243144K), 0.0028255 secs] [Times: user=0.01 sys=0.00, real=0.00 secs] 
2015-10-30T16:25:33.371+0000: 6800.552: [CMS-concurrent-mark-start]
2015-10-30T16:25:33.408+0000: 6800.589: [CMS-concurrent-mark: 0.037/0.037 secs] [Times: user=0.03 sys=0.00, real=0.04 secs] 
2015-10-30T16:25:33.408+0000: 6800.589: [CMS-concurrent-preclean-start]
2015-10-30T16:25:33.410+0000: 6800.590: [CMS-concurrent-preclean: 0.002/0.002 secs] [Times: user=0.01 sys=0.00, real=0.00 secs] 
2015-10-30T16:25:33.410+0000: 6800.590: [CMS-concurrent-abortable-preclean-start]
2015-10-30T16:25:35.961+0000: 6803.142: [GC (Allocation Failure) 6803.142: [ParNew: 35407K->3968K(36288K), 0.0108788 secs] 110226K->92179K(243144K), 0.0109743 secs] [Times: user=0.04 sys=0.00, real=0.01 secs] 
2015-10-30T16:25:36.013+0000: 6803.194: [GC (Allocation Failure) 6803.194: [ParNew: 36288K->3968K(36288K), 0.0094681 secs] 124499K->99109K(243144K), 0.0095647 secs] [Times: user=0.03 sys=0.00, real=0.01 secs] 
2015-10-30T16:25:36.045+0000: 6803.226: [GC (Allocation Failure) 6803.226: [ParNew: 36288K->3640K(36288K), 0.0057283 secs] 131429K->102546K(243144K), 0.0058104 secs] [Times: user=0.02 sys=0.00, real=0.00 secs] 
2015-10-30T16:25:36.051+0000: 6803.232: [CMS-concurrent-abortable-preclean: 0.669/2.641 secs] [Times: user=0.94 sys=0.01, real=2.64 secs] 
2015-10-30T16:25:36.052+0000: 6803.233: [GC (CMS Final Remark) [YG occupancy: 4033 K (36288 K)]6803.233: [Rescan (parallel) , 0.0052709 secs]6803.238: [weak refs processing, 0.0000161 secs]6803.238: [class unloading, 0.0151004 secs]6803.253: [scrub symbol table, 0.0066365 secs]6803.260: [scrub string table, 0.0007653 secs][1 CMS-remark: 98906K(206856K)] 102939K(243144K), 0.0293224 secs] [Times: user=0.05 sys=0.00, real=0.03 secs] 
2015-10-30T16:25:36.082+0000: 6803.262: [CMS-concurrent-sweep-start]
2015-10-30T16:25:36.105+0000: 6803.286: [GC (Allocation Failure) 6803.286: [ParNew: 35960K->2233K(36288K), 0.0025392 secs] 133479K->99751K(243144K), 0.0025991 secs] [Times: user=0.01 sys=0.00, real=0.00 secs] 
2015-10-30T16:25:36.122+0000: 6803.302: [CMS-concurrent-sweep: 0.036/0.040 secs] [Times: user=0.15 sys=0.00, real=0.04 secs] 
2015-10-30T16:25:36.122+0000: 6803.302: [CMS-concurrent-reset-start]
2015-10-30T16:25:36.125+0000: 6803.305: [CMS-concurrent-reset: 0.003/0.003 secs] [Times: user=0.01 sys=0.00, real=0.00 secs] 
2015-10-30T16:25:36.130+0000: 6803.310: [GC (Allocation Failure) 6803.310: [ParNew: 34553K->3179K(36288K), 0.0033524 secs] 126028K->94654K(243144K), 0.0034168 secs] [Times: user=0.01 sys=0.00, real=0.00 secs] 
2015-10-30T16:25:36.155+0000: 6803.336: [GC (Allocation Failure) 6803.336: [ParNew: 35499K->2894K(36288K), 0.0041596 secs] 126974K->95089K(243144K), 0.0042272 secs] [Times: user=0.01 sys=0.00, real=0.01 secs] 
2015-10-30T16:25:36.178+0000: 6803.359: [GC (Allocation Failure) 6803.359: [ParNew: 35214K->2631K(36288K), 0.0043196 secs] 127409K->95512K(243144K), 0.0043894 secs] [Times: user=0.02 sys=0.00, real=0.00 secs] 
2015-10-30T16:25:36.205+0000: 6803.386: [GC (Allocation Failure) 6803.386: [ParNew: 34951K->2302K(36288K), 0.0033877 secs] 127832K->95817K(243144K), 0.0034532 secs] [Times: user=0.01 sys=0.00, real=0.00 secs] 
2015-10-30T16:25:36.229+0000: 6803.410: [GC (Allocation Failure) 6803.410: [ParNew: 34622K->1717K(36288K), 0.0024044 secs] 128137K->95231K(243144K), 0.0024799 secs] [Times: user=0.01 sys=0.00, real=0.00 secs] 
2015-10-30T16:25:36.261+0000: 6803.442: [GC (Allocation Failure) 6803.442: [ParNew: 31509K->3617K(36288K), 0.0027977 secs] 125023K->102449K(243144K), 0.0028759 secs] [Times: user=0.01 sys=0.00, real=0.00 secs] 
2015-10-30T16:25:36.265+0000: 6803.446: [GC (CMS Initial Mark) [1 CMS-initial-mark: 98832K(206856K)] 110426K(243144K), 0.0020338 secs] [Times: user=0.00 sys=0.00, real=0.00 secs] 
2015-10-30T16:25:36.267+0000: 6803.448: [CMS-concurrent-mark-start]
2015-10-30T16:25:36.326+0000: 6803.506: [CMS-concurrent-mark: 0.058/0.058 secs] [Times: user=0.12 sys=0.00, real=0.06 secs] 
2015-10-30T16:25:36.326+0000: 6803.506: [CMS-concurrent-preclean-start]
2015-10-30T16:25:36.328+0000: 6803.508: [CMS-concurrent-preclean: 0.002/0.002 secs] [Times: user=0.00 sys=0.00, real=0.00 secs] 
2015-10-30T16:25:36.328+0000: 6803.508: [CMS-concurrent-abortable-preclean-start]
 CMS: abort preclean due to time 2015-10-30T16:25:41.331+0000: 6808.511: [CMS-concurrent-abortable-preclean: 1.297/5.003 secs] [Times: user=1.39 sys=0.00, real=5.00 secs] 
2015-10-30T16:25:41.331+0000: 6808.511: [GC (CMS Final Remark) [YG occupancy: 21286 K (36288 K)]6808.511: [Rescan (parallel) , 0.0024556 secs]6808.514: [weak refs processing, 0.0000242 secs]6808.514: [class unloading, 0.0150570 secs]6808.529: [scrub symbol table, 0.0065489 secs]6808.536: [scrub string table, 0.0007525 secs][1 CMS-remark: 98832K(206856K)] 120118K(243144K), 0.0262975 secs] [Times: user=0.03 sys=0.00, real=0.03 secs] 
2015-10-30T16:25:41.357+0000: 6808.538: [CMS-concurrent-sweep-start]
2015-10-30T16:25:41.389+0000: 6808.569: [CMS-concurrent-sweep: 0.031/0.031 secs] [Times: user=0.04 sys=0.00, real=0.03 secs] 
2015-10-30T16:25:41.389+0000: 6808.569: [CMS-concurrent-reset-start]
2015-10-30T16:25:41.391+0000: 6808.572: [CMS-concurrent-reset: 0.002/0.002 secs] [Times: user=0.00 sys=0.00, real=0.00 secs] 
2015-10-30T16:25:43.390+0000: 6810.571: [GC (CMS Initial Mark) [1 CMS-initial-mark: 74370K(206856K)] 95882K(243144K), 0.0028041 secs] [Times: user=0.01 sys=0.00, real=0.00 secs] 
2015-10-30T16:25:43.393+0000: 6810.574: [CMS-concurrent-mark-start]
2015-10-30T16:25:43.430+0000: 6810.611: [CMS-concurrent-mark: 0.037/0.037 secs] [Times: user=0.04 sys=0.00, real=0.04 secs] 
2015-10-30T16:25:43.431+0000: 6810.611: [CMS-concurrent-preclean-start]
2015-10-30T16:25:43.432+0000: 6810.613: [CMS-concurrent-preclean: 0.002/0.002 secs] [Times: user=0.00 sys=0.00, real=0.00 secs] 
2015-10-30T16:25:43.432+0000: 6810.613: [CMS-concurrent-abortable-preclean-start]
2015-10-30T16:25:45.968+0000: 6813.148: [GC (Allocation Failure) 6813.148: [ParNew: 35937K->3968K(36288K), 0.0096725 secs] 110307K->91230K(243144K), 0.0097626 secs] [Times: user=0.04 sys=0.00, real=0.01 secs] 
2015-10-30T16:25:46.009+0000: 6813.190: [GC (Allocation Failure) 6813.190: [ParNew: 36288K->3968K(36288K), 0.0101001 secs] 123550K->98488K(243144K), 0.0101868 secs] [Times: user=0.03 sys=0.00, real=0.01 secs] 
2015-10-30T16:25:46.031+0000: 6813.212: [CMS-concurrent-abortable-preclean: 0.670/2.599 secs] [Times: user=0.87 sys=0.01, real=2.60 secs] 
2015-10-30T16:25:46.031+0000: 6813.212: [GC (CMS Final Remark) [YG occupancy: 21098 K (36288 K)]6813.212: [Rescan (parallel) , 0.0114377 secs]6813.223: [weak refs processing, 0.0000200 secs]6813.223: [class unloading, 0.0152616 secs]6813.239: [scrub symbol table, 0.0071182 secs]6813.246: [scrub string table, 0.0007630 secs][1 CMS-remark: 94520K(206856K)] 115618K(243144K), 0.0361423 secs] [Times: user=0.06 sys=0.00, real=0.04 secs] 
2015-10-30T16:25:46.068+0000: 6813.248: [CMS-concurrent-sweep-start]
2015-10-30T16:25:46.081+0000: 6813.262: [GC (Allocation Failure) 6813.262: [ParNew: 36288K->3184K(36288K), 0.0052110 secs] 130794K->101375K(243144K), 0.0052816 secs] [Times: user=0.01 sys=0.00, real=0.01 secs] 
2015-10-30T16:25:46.107+0000: 6813.288: [GC (Allocation Failure) 6813.288: [ParNew: 35504K->2034K(36288K), 0.0026488 secs] 133633K->100162K(243144K), 0.0027103 secs] [Times: user=0.01 sys=0.00, real=0.00 secs] 
2015-10-30T16:25:46.122+0000: 6813.302: [CMS-concurrent-sweep: 0.037/0.054 secs] [Times: user=0.20 sys=0.01, real=0.05 secs] 
2015-10-30T16:25:46.122+0000: 6813.302: [CMS-concurrent-reset-start]
2015-10-30T16:25:46.124+0000: 6813.305: [CMS-concurrent-reset: 0.003/0.003 secs] [Times: user=0.01 sys=0.00, real=0.00 secs] 
2015-10-30T16:25:46.130+0000: 6813.311: [GC (Allocation Failure) 6813.311: [ParNew: 34354K->2906K(36288K), 0.0030403 secs] 127131K->95684K(243144K), 0.0030848 secs] [Times: user=0.01 sys=0.00, real=0.00 secs] 
2015-10-30T16:25:46.157+0000: 6813.338: [GC (Allocation Failure) 6813.338: [ParNew: 35226K->3343K(36288K), 0.0047668 secs] 128004K->96896K(243144K), 0.0048175 secs] [Times: user=0.02 sys=0.00, real=0.00 secs] 
2015-10-30T16:25:46.181+0000: 6813.361: [GC (Allocation Failure) 6813.361: [ParNew: 35663K->2604K(36288K), 0.0041939 secs] 129216K->96856K(243144K), 0.0042500 secs] [Times: user=0.02 sys=0.00, real=0.00 secs] 
2015-10-30T16:25:46.202+0000: 6813.383: [GC (Allocation Failure) 6813.383: [ParNew: 34924K->3288K(36288K), 0.0032486 secs] 129176K->98100K(243144K), 0.0033103 secs] [Times: user=0.01 sys=0.00, real=0.01 secs] 
2015-10-30T16:25:46.225+0000: 6813.406: [GC (Allocation Failure) 6813.406: [ParNew: 35608K->1691K(36288K), 0.0028872 secs] 130420K->96502K(243144K), 0.0029499 secs] [Times: user=0.01 sys=0.00, real=0.00 secs] 
2015-10-30T16:25:46.259+0000: 6813.440: [GC (Allocation Failure) 6813.440: [ParNew: 32879K->2760K(36288K), 0.0030706 secs] 127691K->102890K(243144K), 0.0031411 secs] [Times: user=0.01 sys=0.00, real=0.00 secs] 
2015-10-30T16:25:46.263+0000: 6813.444: [GC (CMS Initial Mark) [1 CMS-initial-mark: 100129K(206856K)] 110867K(243144K), 0.0016344 secs] [Times: user=0.01 sys=0.00, real=0.01 secs] 
2015-10-30T16:25:46.265+0000: 6813.446: [CMS-concurrent-mark-start]
2015-10-30T16:25:46.303+0000: 6813.483: [CMS-concurrent-mark: 0.037/0.037 secs] [Times: user=0.07 sys=0.00, real=0.03 secs] 
2015-10-30T16:25:46.303+0000: 6813.483: [CMS-concurrent-preclean-start]
2015-10-30T16:25:46.304+0000: 6813.485: [CMS-concurrent-preclean: 0.001/0.001 secs] [Times: user=0.00 sys=0.00, real=0.00 secs] 
2015-10-30T16:25:46.304+0000: 6813.485: [CMS-concurrent-abortable-preclean-start]
 CMS: abort preclean due to time 2015-10-30T16:25:51.339+0000: 6818.520: [CMS-concurrent-abortable-preclean: 1.325/5.035 secs] [Times: user=1.41 sys=0.00, real=5.04 secs] 
2015-10-30T16:25:51.339+0000: 6818.520: [GC (CMS Final Remark) [YG occupancy: 20384 K (36288 K)]6818.520: [Rescan (parallel) , 0.0024247 secs]6818.522: [weak refs processing, 0.0000202 secs]6818.522: [class unloading, 0.0148451 secs]6818.537: [scrub symbol table, 0.0065751 secs]6818.544: [scrub string table, 0.0007520 secs][1 CMS-remark: 100129K(206856K)] 120514K(243144K), 0.0261595 secs] [Times: user=0.04 sys=0.00, real=0.03 secs] 
2015-10-30T16:25:51.366+0000: 6818.546: [CMS-concurrent-sweep-start]
2015-10-30T16:25:51.407+0000: 6818.587: [CMS-concurrent-sweep: 0.041/0.041 secs] [Times: user=0.04 sys=0.00, real=0.04 secs] 
2015-10-30T16:25:51.407+0000: 6818.587: [CMS-concurrent-reset-start]
2015-10-30T16:25:51.409+0000: 6818.590: [CMS-concurrent-reset: 0.002/0.002 secs] [Times: user=0.00 sys=0.00, real=0.00 secs] 
2015-10-30T16:25:53.409+0000: 6820.590: [GC (CMS Initial Mark) [1 CMS-initial-mark: 75592K(206856K)] 96175K(243144K), 0.0027761 secs] [Times: user=0.01 sys=0.01, real=0.00 secs] 
2015-10-30T16:25:53.412+0000: 6820.592: [CMS-concurrent-mark-start]
2015-10-30T16:25:53.449+0000: 6820.629: [CMS-concurrent-mark: 0.037/0.037 secs] [Times: user=0.03 sys=0.00, real=0.04 secs] 
2015-10-30T16:25:53.449+0000: 6820.629: [CMS-concurrent-preclean-start]
2015-10-30T16:25:53.451+0000: 6820.631: [CMS-concurrent-preclean: 0.002/0.002 secs] [Times: user=0.01 sys=0.00, real=0.00 secs] 
2015-10-30T16:25:53.451+0000: 6820.631: [CMS-concurrent-abortable-preclean-start]
2015-10-30T16:25:55.928+0000: 6823.109: [GC (Allocation Failure) 6823.109: [ParNew: 35080K->3968K(36288K), 0.0095942 secs] 110673K->92467K(243144K), 0.0096854 secs] [Times: user=0.04 sys=0.00, real=0.01 secs] 
2015-10-30T16:25:55.959+0000: 6823.140: [CMS-concurrent-abortable-preclean: 0.642/2.509 secs] [Times: user=0.75 sys=0.00, real=2.51 secs] 
2015-10-30T16:25:55.961+0000: 6823.142: [GC (CMS Final Remark) [YG occupancy: 25378 K (36288 K)]6823.142: [Rescan (parallel) , 0.0103469 secs]6823.152: [weak refs processing, 0.0000173 secs]6823.152: [class unloading, 0.0147366 secs]6823.167: [scrub symbol table, 0.0065205 secs]6823.173: [scrub string table, 0.0007859 secs][1 CMS-remark: 88499K(206856K)] 113878K(243144K), 0.0338449 secs] [Times: user=0.06 sys=0.00, real=0.03 secs] 
2015-10-30T16:25:55.995+0000: 6823.176: [CMS-concurrent-sweep-start]
2015-10-30T16:25:56.003+0000: 6823.184: [GC (Allocation Failure) 6823.184: [ParNew: 36288K->3968K(36288K), 0.0089283 secs] 124577K->99998K(243144K), 0.0090030 secs] [Times: user=0.04 sys=0.00, real=0.01 secs] 
2015-10-30T16:25:56.034+0000: 6823.214: [GC (Allocation Failure) 6823.214: [ParNew: 36288K->3614K(36288K), 0.0053691 secs] 125652K->96703K(243144K), 0.0054377 secs] [Times: user=0.02 sys=0.00, real=0.01 secs] 
2015-10-30T16:25:56.039+0000: 6823.220: [CMS-concurrent-sweep: 0.035/0.044 secs] [Times: user=0.17 sys=0.00, real=0.05 secs] 
2015-10-30T16:25:56.039+0000: 6823.220: [CMS-concurrent-reset-start]
2015-10-30T16:25:56.042+0000: 6823.222: [CMS-concurrent-reset: 0.003/0.003 secs] [Times: user=0.01 sys=0.00, real=0.00 secs] 
2015-10-30T16:25:56.057+0000: 6823.237: [GC (Allocation Failure) 6823.237: [ParNew: 35934K->2213K(36288K), 0.0024871 secs] 129023K->95302K(243144K), 0.0025460 secs] [Times: user=0.01 sys=0.00, real=0.01 secs] 
2015-10-30T16:25:56.081+0000: 6823.262: [GC (Allocation Failure) 6823.262: [ParNew: 34533K->2879K(36288K), 0.0030758 secs] 127622K->95968K(243144K), 0.0031283 secs] [Times: user=0.01 sys=0.00, real=0.00 secs] 
2015-10-30T16:25:56.109+0000: 6823.290: [GC (Allocation Failure) 6823.290: [ParNew: 35199K->2742K(36288K), 0.0043844 secs] 128288K->96616K(243144K), 0.0044445 secs] [Times: user=0.01 sys=0.00, real=0.00 secs] 
2015-10-30T16:25:56.133+0000: 6823.314: [GC (Allocation Failure) 6823.314: [ParNew: 35062K->3968K(36288K), 0.0042379 secs] 128936K->97841K(243144K), 0.0042986 secs] [Times: user=0.01 sys=0.00, real=0.01 secs] 
2015-10-30T16:25:56.156+0000: 6823.336: [GC (Allocation Failure) 6823.336: [ParNew: 36288K->2879K(36288K), 0.0062866 secs] 130161K->98485K(243144K), 0.0063471 secs] [Times: user=0.01 sys=0.00, real=0.01 secs] 
2015-10-30T16:25:56.182+0000: 6823.362: [GC (Allocation Failure) 6823.362: [ParNew: 35199K->1997K(36288K), 0.0022094 secs] 130805K->97603K(243144K), 0.0022664 secs] [Times: user=0.00 sys=0.00, real=0.00 secs] 
2015-10-30T16:25:56.215+0000: 6823.395: [GC (Allocation Failure) 6823.395: [ParNew: 32527K->2297K(36288K), 0.0027189 secs] 128134K->103221K(243144K), 0.0027885 secs] [Times: user=0.01 sys=0.00, real=0.01 secs] 
2015-10-30T16:25:56.219+0000: 6823.399: [GC (CMS Initial Mark) [1 CMS-initial-mark: 100924K(206856K)] 111198K(243144K), 0.0015888 secs] [Times: user=0.01 sys=0.00, real=0.00 secs] 
2015-10-30T16:25:56.220+0000: 6823.401: [CMS-concurrent-mark-start]
2015-10-30T16:25:56.282+0000: 6823.462: [CMS-concurrent-mark: 0.061/0.061 secs] [Times: user=0.12 sys=0.00, real=0.06 secs] 
2015-10-30T16:25:56.282+0000: 6823.463: [CMS-concurrent-preclean-start]
2015-10-30T16:25:56.284+0000: 6823.464: [CMS-concurrent-preclean: 0.002/0.002 secs] [Times: user=0.00 sys=0.00, real=0.00 secs] 
2015-10-30T16:25:56.284+0000: 6823.464: [CMS-concurrent-abortable-preclean-start]
2015-10-30T16:26:00.063+0000: 6827.243: [GC (Allocation Failure) 6827.243: [ParNew2015-10-30T16:26:00.069+0000: 6827.250: [CMS-concurrent-abortable-preclean: 0.777/3.785 secs] [Times: user=0.91 sys=0.01, real=3.79 secs] 
: 34617K->3968K(36288K), 0.0125782 secs] 135541K->111358K(243144K), 0.0126481 secs] [Times: user=0.04 sys=0.00, real=0.01 secs] 
2015-10-30T16:26:00.077+0000: 6827.258: [GC (CMS Final Remark) [YG occupancy: 4073 K (36288 K)]6827.258: [Rescan (parallel) , 0.0048782 secs]6827.263: [weak refs processing, 0.0000263 secs]6827.263: [class unloading, 0.0149704 secs]6827.278: [scrub symbol table, 0.0066025 secs]6827.284: [scrub string table, 0.0007560 secs][1 CMS-remark: 107390K(206856K)] 111463K(243144K), 0.0288069 secs] [Times: user=0.04 sys=0.00, real=0.03 secs] 
2015-10-30T16:26:00.113+0000: 6827.293: [CMS-concurrent-sweep-start]
2015-10-30T16:26:00.125+0000: 6827.305: [GC (Allocation Failure) 6827.305: [ParNew: 36288K->3968K(36288K), 0.0109942 secs] 137913K->116094K(243144K), 0.0110826 secs] [Times: user=0.04 sys=0.00, real=0.01 secs] 
2015-10-30T16:26:00.162+0000: 6827.342: [GC (Allocation Failure) 6827.342: [ParNew: 36288K->3968K(36288K), 0.0161690 secs] 130159K->107830K(243144K), 0.0162481 secs] [Times: user=0.06 sys=0.00, real=0.02 secs] 
2015-10-30T16:26:00.180+0000: 6827.361: [CMS-concurrent-sweep: 0.038/0.067 secs] [Times: user=0.23 sys=0.00, real=0.07 secs] 
2015-10-30T16:26:00.180+0000: 6827.361: [CMS-concurrent-reset-start]
2015-10-30T16:26:00.183+0000: 6827.363: [CMS-concurrent-reset: 0.003/0.003 secs] [Times: user=0.01 sys=0.00, real=0.00 secs] 
2015-10-30T16:26:00.197+0000: 6827.378: [GC (Allocation Failure) 6827.378: [ParNew: 36288K->3968K(36288K), 0.0071655 secs] 139315K->110448K(243144K), 0.0072681 secs] [Times: user=0.02 sys=0.00, real=0.01 secs] 
2015-10-30T16:26:00.210+0000: 6827.390: [GC (CMS Initial Mark) [1 CMS-initial-mark: 106480K(206856K)] 114461K(243144K), 0.0033698 secs] [Times: user=0.01 sys=0.00, real=0.00 secs] 
2015-10-30T16:26:00.213+0000: 6827.393: [CMS-concurrent-mark-start]
2015-10-30T16:26:00.232+0000: 6827.413: [GC (Allocation Failure) 6827.413: [ParNew: 36288K->2813K(36288K), 0.0055412 secs] 142768K->110465K(243144K), 0.0056155 secs] [Times: user=0.02 sys=0.00, real=0.01 secs] 
2015-10-30T16:26:00.257+0000: 6827.438: [GC (Allocation Failure) 6827.438: [ParNew: 35133K->3090K(36288K), 0.0029725 secs] 142785K->110742K(243144K), 0.0030239 secs] [Times: user=0.01 sys=0.00, real=0.00 secs] 
2015-10-30T16:26:00.302+0000: 6827.482: [CMS-concurrent-mark: 0.077/0.089 secs] [Times: user=0.30 sys=0.01, real=0.09 secs] 
2015-10-30T16:26:00.302+0000: 6827.482: [CMS-concurrent-preclean-start]
2015-10-30T16:26:00.306+0000: 6827.486: [CMS-concurrent-preclean: 0.004/0.004 secs] [Times: user=0.00 sys=0.00, real=0.01 secs] 
2015-10-30T16:26:00.306+0000: 6827.486: [CMS-concurrent-abortable-preclean-start]
2015-10-30T16:26:00.401+0000: 6827.582: [GC (Allocation Failure) 6827.582: [ParNew: 35410K->3968K(36288K), 0.0033020 secs] 143062K->112245K(243144K), 0.0033555 secs] [Times: user=0.02 sys=0.00, real=0.00 secs] 
2015-10-30T16:26:00.434+0000: 6827.615: [CMS-concurrent-abortable-preclean: 0.049/0.128 secs] [Times: user=0.14 sys=0.02, real=0.12 secs] 
2015-10-30T16:26:00.434+0000: 6827.615: [GC (CMS Final Remark) [YG occupancy: 22354 K (36288 K)]6827.615: [Rescan (parallel) , 0.0096946 secs]6827.625: [weak refs processing, 0.0000256 secs]6827.625: [class unloading, 0.0149781 secs]6827.640: [scrub symbol table, 0.0065807 secs]6827.646: [scrub string table, 0.0007536 secs][1 CMS-remark: 108277K(206856K)] 130632K(243144K), 0.0335451 secs] [Times: user=0.06 sys=0.01, real=0.04 secs] 
2015-10-30T16:26:00.468+0000: 6827.649: [CMS-concurrent-sweep-start]
2015-10-30T16:26:00.487+0000: 6827.667: [GC (Allocation Failure) 6827.667: [ParNew: 36288K->3968K(36288K), 0.0082395 secs] 136583K->109148K(243144K), 0.0083269 secs] [Times: user=0.02 sys=0.00, real=0.00 secs] 
2015-10-30T16:26:00.519+0000: 6827.699: [GC (Allocation Failure) 6827.700: [ParNew: 36288K->3439K(36288K), 0.0052840 secs] 129350K->100222K(243144K), 0.0053487 secs] [Times: user=0.02 sys=0.00, real=0.00 secs] 
2015-10-30T16:26:00.527+0000: 6827.708: [CMS-concurrent-sweep: 0.045/0.059 secs] [Times: user=0.18 sys=0.00, real=0.06 secs] 
2015-10-30T16:26:00.527+0000: 6827.708: [CMS-concurrent-reset-start]
2015-10-30T16:26:00.530+0000: 6827.710: [CMS-concurrent-reset: 0.003/0.003 secs] [Times: user=0.01 sys=0.00, real=0.00 secs] 
2015-10-30T16:26:00.550+0000: 6827.730: [GC (Allocation Failure) 6827.730: [ParNew: 35154K->3180K(36288K), 0.0031643 secs] 123453K->91479K(243144K), 0.0032544 secs] [Times: user=0.01 sys=0.00, real=0.00 secs] 
2015-10-30T16:26:08.594+0000: 6835.774: [GC (Allocation Failure) 6835.774: [ParNew: 36288K->3968K(36288K), 0.0054937 secs] 124884K->94090K(243144K), 0.0055658 secs] [Times: user=0.02 sys=0.00, real=0.01 secs] 
2015-10-30T16:26:08.601+0000: 6835.782: [GC (GCLocker Initiated GC) 6835.782: [ParNew: 7512K->2454K(36288K), 0.0043847 secs] 97634K->95541K(243144K), 0.0044280 secs] [Times: user=0.01 sys=0.00, real=0.01 secs] 
2015-10-30T16:26:08.637+0000: 6835.817: [GC (Allocation Failure) 6835.817: [ParNew: 35321K->3968K(36288K), 0.0065608 secs] 128408K->97863K(243144K), 0.0066306 secs] [Times: user=0.02 sys=0.00, real=0.01 secs] 
2015-10-30T16:26:08.649+0000: 6835.830: [GC (GCLocker Initiated GC) 6835.830: [ParNew: 7130K->3158K(36288K), 0.0080472 secs] 101025K->100935K(243144K), 0.0081191 secs] [Times: user=0.02 sys=0.00, real=0.01 secs] 
2015-10-30T16:26:08.927+0000: 6836.108: [GC (Allocation Failure) 6836.108: [ParNew: 35478K->1806K(36288K), 0.0024651 secs] 133255K->99583K(243144K), 0.0025394 secs] [Times: user=0.01 sys=0.00, real=0.00 secs] 
2015-10-30T16:26:15.939+0000: 6843.119: [GC (Allocation Failure) 6843.119: [ParNew: 34126K->3968K(36288K), 0.0138726 secs] 131903K->117198K(243144K), 0.0139734 secs] [Times: user=0.05 sys=0.00, real=0.01 secs] 
2015-10-30T16:26:15.975+0000: 6843.155: [GC (Allocation Failure) 6843.155: [ParNew: 36288K->3817K(36288K), 0.0046891 secs] 149518K->120442K(243144K), 0.0047607 secs] [Times: user=0.02 sys=0.00, real=0.01 secs] 
2015-10-30T16:26:16.001+0000: 6843.182: [GC (Allocation Failure) 6843.182: [ParNew: 36137K->2474K(36288K), 0.0048988 secs] 152762K->121498K(243144K), 0.0049631 secs] [Times: user=0.01 sys=0.00, real=0.01 secs] 
2015-10-30T16:26:16.024+0000: 6843.204: [GC (Allocation Failure) 6843.204: [ParNew: 34794K->1904K(36288K), 0.0025424 secs] 153818K->120929K(243144K), 0.0026022 secs] [Times: user=0.01 sys=0.00, real=0.01 secs] 
2015-10-30T16:26:16.047+0000: 6843.228: [GC (Allocation Failure) 6843.228: [ParNew: 34224K->2662K(36288K), 0.0032920 secs] 153249K->121686K(243144K), 0.0033530 secs] [Times: user=0.01 sys=0.00, real=0.00 secs] 
2015-10-30T16:26:16.073+0000: 6843.253: [GC (Allocation Failure) 6843.253: [ParNew: 34982K->2470K(36288K), 0.0039550 secs] 154006K->122169K(243144K), 0.0040143 secs] [Times: user=0.02 sys=0.00, real=0.00 secs] 
2015-10-30T16:26:16.094+0000: 6843.275: [GC (Allocation Failure) 6843.275: [ParNew: 34790K->3034K(36288K), 0.0038018 secs] 154489K->123377K(243144K), 0.0038661 secs] [Times: user=0.02 sys=0.00, real=0.01 secs] 
2015-10-30T16:26:16.117+0000: 6843.298: [GC (Allocation Failure) 6843.298: [ParNew: 35354K->2903K(36288K), 0.0031702 secs] 155697K->123247K(243144K), 0.0032313 secs] [Times: user=0.01 sys=0.00, real=0.00 secs] 
2015-10-30T16:26:16.141+0000: 6843.322: [GC (Allocation Failure) 6843.322: [ParNew: 35223K->2469K(36288K), 0.0036687 secs] 155567K->123446K(243144K), 0.0037276 secs] [Times: user=0.01 sys=0.00, real=0.00 secs] 
2015-10-30T16:26:16.175+0000: 6843.355: [GC (Allocation Failure) 6843.355: [ParNew: 33252K->2626K(36288K), 0.0030984 secs] 154229K->131580K(243144K), 0.0031654 secs] [Times: user=0.01 sys=0.00, real=0.01 secs] 
2015-10-30T16:26:16.179+0000: 6843.359: [GC (CMS Initial Mark) [1 CMS-initial-mark: 128954K(206856K)] 134435K(243144K), 0.0017361 secs] [Times: user=0.01 sys=0.00, real=0.00 secs] 
2015-10-30T16:26:16.180+0000: 6843.361: [CMS-concurrent-mark-start]
2015-10-30T16:26:16.218+0000: 6843.399: [CMS-concurrent-mark: 0.038/0.038 secs] [Times: user=0.07 sys=0.00, real=0.04 secs] 
2015-10-30T16:26:16.219+0000: 6843.399: [CMS-concurrent-preclean-start]
2015-10-30T16:26:16.220+0000: 6843.401: [CMS-concurrent-preclean: 0.002/0.002 secs] [Times: user=0.01 sys=0.00, real=0.00 secs] 
2015-10-30T16:26:16.220+0000: 6843.401: [CMS-concurrent-abortable-preclean-start]
 CMS: abort preclean due to time 2015-10-30T16:26:21.301+0000: 6848.482: [CMS-concurrent-abortable-preclean: 1.155/5.081 secs] [Times: user=1.24 sys=0.01, real=5.08 secs] 
2015-10-30T16:26:21.302+0000: 6848.482: [GC (CMS Final Remark) [YG occupancy: 12031 K (36288 K)]6848.500: [Rescan (parallel) , 0.0034209 secs]6848.503: [weak refs processing, 0.0000215 secs]6848.503: [class unloading, 0.0149910 secs]6848.518: [scrub symbol table, 0.0065862 secs]6848.525: [scrub string table, 0.0007692 secs][1 CMS-remark: 128954K(206856K)] 140985K(243144K), 0.0448997 secs] [Times: user=0.03 sys=0.00, real=0.05 secs] 
2015-10-30T16:26:21.347+0000: 6848.527: [CMS-concurrent-sweep-start]
2015-10-30T16:26:21.388+0000: 6848.568: [CMS-concurrent-sweep: 0.041/0.041 secs] [Times: user=0.05 sys=0.00, real=0.04 secs] 
2015-10-30T16:26:21.388+0000: 6848.568: [CMS-concurrent-reset-start]
2015-10-30T16:26:21.390+0000: 6848.571: [CMS-concurrent-reset: 0.002/0.002 secs] [Times: user=0.00 sys=0.00, real=0.00 secs] 
2015-10-30T16:26:23.390+0000: 6850.571: [GC (CMS Initial Mark) [1 CMS-initial-mark: 68074K(206856K)] 80305K(243144K), 0.0028158 secs] [Times: user=0.01 sys=0.00, real=0.00 secs] 
2015-10-30T16:26:23.393+0000: 6850.574: [CMS-concurrent-mark-start]
2015-10-30T16:26:23.430+0000: 6850.611: [CMS-concurrent-mark: 0.037/0.037 secs] [Times: user=0.04 sys=0.00, real=0.04 secs] 
2015-10-30T16:26:23.430+0000: 6850.611: [CMS-concurrent-preclean-start]
2015-10-30T16:26:23.432+0000: 6850.613: [CMS-concurrent-preclean: 0.002/0.002 secs] [Times: user=0.00 sys=0.00, real=0.00 secs] 
2015-10-30T16:26:23.432+0000: 6850.613: [CMS-concurrent-abortable-preclean-start]
2015-10-30T16:26:25.971+0000: 6853.152: [GC (Allocation Failure) 6853.152: [ParNew: 34946K->3968K(36288K), 0.0186564 secs] 103021K->91724K(243144K), 0.0187514 secs] [Times: user=0.06 sys=0.00, real=0.02 secs] 
2015-10-30T16:26:26.015+0000: 6853.196: [GC (Allocation Failure) 6853.196: [ParNew: 36288K->3484K(36288K), 0.0047367 secs] 124044K->95190K(243144K), 0.0047964 secs] [Times: user=0.02 sys=0.00, real=0.01 secs] 
2015-10-30T16:26:26.029+0000: 6853.210: [CMS-concurrent-abortable-preclean: 0.636/2.597 secs] [Times: user=0.87 sys=0.00, real=2.60 secs] 
2015-10-30T16:26:26.030+0000: 6853.210: [GC (CMS Final Remark) [YG occupancy: 18252 K (36288 K)]6853.210: [Rescan (parallel) , 0.0094045 secs]6853.219: [weak refs processing, 0.0000174 secs]6853.219: [class unloading, 0.0149505 secs]6853.234: [scrub symbol table, 0.0065584 secs]6853.241: [scrub string table, 0.0007647 secs][1 CMS-remark: 91705K(206856K)] 109958K(243144K), 0.0331572 secs] [Times: user=0.06 sys=0.00, real=0.03 secs] 
2015-10-30T16:26:26.063+0000: 6853.243: [CMS-concurrent-sweep-start]
2015-10-30T16:26:26.075+0000: 6853.256: [GC (Allocation Failure) 6853.256: [ParNew: 35804K->3428K(36288K), 0.0032800 secs] 127060K->94685K(243144K), 0.0033431 secs] [Times: user=0.01 sys=0.00, real=0.01 secs] 
2015-10-30T16:26:26.098+0000: 6853.278: [GC (Allocation Failure) 6853.278: [ParNew: 35748K->2915K(36288K), 0.0044146 secs] 126994K->95848K(243144K), 0.0044819 secs] [Times: user=0.02 sys=0.00, real=0.00 secs] 
2015-10-30T16:26:26.123+0000: 6853.304: [CMS-concurrent-sweep: 0.052/0.060 secs] [Times: user=0.23 sys=0.00, real=0.06 secs] 
2015-10-30T16:26:26.123+0000: 6853.304: [CMS-concurrent-reset-start]
2015-10-30T16:26:26.126+0000: 6853.306: [GC (Allocation Failure) 6853.306: [ParNew: 35235K->2687K(36288K), 0.0034660 secs] 127988K->95440K(243144K), 0.0035103 secs] [Times: user=0.01 sys=0.00, real=0.00 secs] 
2015-10-30T16:26:26.130+0000: 6853.310: [CMS-concurrent-reset: 0.003/0.006 secs] [Times: user=0.02 sys=0.00, real=0.01 secs] 
2015-10-30T16:26:26.152+0000: 6853.333: [GC (Allocation Failure) 6853.333: [ParNew: 35007K->2886K(36288K), 0.0046864 secs] 127760K->96340K(243144K), 0.0047456 secs] [Times: user=0.01 sys=0.00, real=0.00 secs] 
2015-10-30T16:26:26.174+0000: 6853.354: [GC (Allocation Failure) 6853.354: [ParNew: 35206K->2483K(36288K), 0.0048967 secs] 128660K->96560K(243144K), 0.0049580 secs] [Times: user=0.01 sys=0.00, real=0.01 secs] 
2015-10-30T16:26:26.199+0000: 6853.380: [GC (Allocation Failure) 6853.380: [ParNew: 34803K->2873K(36288K), 0.0032215 secs] 128880K->96951K(243144K), 0.0032782 secs] [Times: user=0.01 sys=0.00, real=0.00 secs] 
2015-10-30T16:26:26.225+0000: 6853.406: [GC (Allocation Failure) 6853.406: [ParNew: 35193K->3438K(36288K), 0.0033618 secs] 129271K->97515K(243144K), 0.0034200 secs] [Times: user=0.01 sys=0.00, real=0.00 secs] 
2015-10-30T16:26:26.259+0000: 6853.439: [GC (Allocation Failure) 6853.439: [ParNew: 34297K->3202K(36288K), 0.0041786 secs] 128375K->105899K(243144K), 0.0042648 secs] [Times: user=0.02 sys=0.00, real=0.00 secs] 
2015-10-30T16:26:26.264+0000: 6853.444: [GC (CMS Initial Mark) [1 CMS-initial-mark: 102696K(206856K)] 108803K(243144K), 0.0020712 secs] [Times: user=0.00 sys=0.00, real=0.01 secs] 
2015-10-30T16:26:26.266+0000: 6853.446: [CMS-concurrent-mark-start]
2015-10-30T16:26:26.304+0000: 6853.485: [CMS-concurrent-mark: 0.039/0.039 secs] [Times: user=0.08 sys=0.00, real=0.03 secs] 
2015-10-30T16:26:26.304+0000: 6853.485: [CMS-concurrent-preclean-start]
2015-10-30T16:26:26.306+0000: 6853.486: [CMS-concurrent-preclean: 0.001/0.002 secs] [Times: user=0.01 sys=0.00, real=0.01 secs] 
2015-10-30T16:26:26.306+0000: 6853.486: [CMS-concurrent-abortable-preclean-start]
 CMS: abort preclean due to time 2015-10-30T16:26:31.360+0000: 6858.541: [CMS-concurrent-abortable-preclean: 1.189/5.054 secs] [Times: user=1.27 sys=0.00, real=5.05 secs] 
2015-10-30T16:26:31.360+0000: 6858.541: [GC (CMS Final Remark) [YG occupancy: 12693 K (36288 K)]6858.558: [Rescan (parallel) , 0.0033998 secs]6858.562: [weak refs processing, 0.0000274 secs]6858.562: [class unloading, 0.0147953 secs]6858.576: [scrub symbol table, 0.0065276 secs]6858.583: [scrub string table, 0.0007454 secs][1 CMS-remark: 102696K(206856K)] 115390K(243144K), 0.0441691 secs] [Times: user=0.04 sys=0.00, real=0.04 secs] 
2015-10-30T16:26:31.405+0000: 6858.585: [CMS-concurrent-sweep-start]
2015-10-30T16:26:31.452+0000: 6858.632: [CMS-concurrent-sweep: 0.047/0.047 secs] [Times: user=0.05 sys=0.00, real=0.05 secs] 
2015-10-30T16:26:31.452+0000: 6858.633: [CMS-concurrent-reset-start]
2015-10-30T16:26:31.454+0000: 6858.635: [CMS-concurrent-reset: 0.002/0.002 secs] [Times: user=0.00 sys=0.00, real=0.00 secs] 
2015-10-30T16:26:33.454+0000: 6860.634: [GC (CMS Initial Mark) [1 CMS-initial-mark: 69467K(206856K)] 82340K(243144K), 0.0028969 secs] [Times: user=0.01 sys=0.00, real=0.00 secs] 
2015-10-30T16:26:33.457+0000: 6860.637: [CMS-concurrent-mark-start]
2015-10-30T16:26:33.495+0000: 6860.675: [CMS-concurrent-mark: 0.038/0.038 secs] [Times: user=0.04 sys=0.00, real=0.04 secs] 
2015-10-30T16:26:33.495+0000: 6860.675: [CMS-concurrent-preclean-start]
2015-10-30T16:26:33.497+0000: 6860.677: [CMS-concurrent-preclean: 0.002/0.002 secs] [Times: user=0.00 sys=0.00, real=0.00 secs] 
2015-10-30T16:26:33.497+0000: 6860.677: [CMS-concurrent-abortable-preclean-start]
2015-10-30T16:26:35.980+0000: 6863.160: [GC (Allocation Failure) 6863.160: [ParNew: 35509K->3968K(36288K), 0.0187468 secs] 104977K->92916K(243144K), 0.0188414 secs] [Times: user=0.06 sys=0.00, real=0.02 secs] 
2015-10-30T16:26:36.022+0000: 6863.202: [CMS-concurrent-abortable-preclean: 0.600/2.525 secs] [Times: user=0.78 sys=0.01, real=2.53 secs] 
2015-10-30T16:26:36.022+0000: 6863.203: [GC (CMS Final Remark) [YG occupancy: 29125 K (36288 K)]6863.203: [Rescan (parallel) , 0.0157535 secs]6863.218: [weak refs processing, 0.0000203 secs]6863.218: [class unloading, 0.0152259 secs]6863.234: [scrub symbol table, 0.0066736 secs]6863.240: [scrub string table, 0.0007543 secs][1 CMS-remark: 88948K(206856K)] 118073K(243144K), 0.0399494 secs] [Times: user=0.09 sys=0.00, real=0.04 secs] 
2015-10-30T16:26:36.062+0000: 6863.243: [CMS-concurrent-sweep-start]
2015-10-30T16:26:36.068+0000: 6863.249: [GC (Allocation Failure) 6863.249: [ParNew: 36288K->3755K(36288K), 0.0033956 secs] 125146K->94468K(243144K), 0.0034569 secs] [Times: user=0.01 sys=0.00, real=0.00 secs] 
2015-10-30T16:26:36.094+0000: 6863.274: [GC (Allocation Failure) 6863.274: [ParNew: 36075K->1497K(36288K), 0.0044530 secs] 125156K->92480K(243144K), 0.0045217 secs] [Times: user=0.01 sys=0.00, real=0.01 secs] 
2015-10-30T16:26:36.104+0000: 6863.285: [CMS-concurrent-sweep: 0.033/0.042 secs] [Times: user=0.15 sys=0.00, real=0.04 secs] 
2015-10-30T16:26:36.104+0000: 6863.285: [CMS-concurrent-reset-start]
2015-10-30T16:26:36.107+0000: 6863.287: [CMS-concurrent-reset: 0.003/0.003 secs] [Times: user=0.01 sys=0.00, real=0.01 secs] 
2015-10-30T16:26:36.121+0000: 6863.302: [GC (Allocation Failure) 6863.302: [ParNew: 33817K->1848K(36288K), 0.0024408 secs] 124570K->92600K(243144K), 0.0025019 secs] [Times: user=0.01 sys=0.00, real=0.00 secs] 
2015-10-30T16:26:36.145+0000: 6863.325: [GC (Allocation Failure) 6863.325: [ParNew: 34168K->2625K(36288K), 0.0030141 secs] 124920K->93377K(243144K), 0.0030764 secs] [Times: user=0.01 sys=0.00, real=0.01 secs] 
2015-10-30T16:26:36.173+0000: 6863.353: [GC (Allocation Failure) 6863.353: [ParNew: 34945K->2966K(36288K), 0.0038886 secs] 125697K->94416K(243144K), 0.0039610 secs] [Times: user=0.02 sys=0.00, real=0.00 secs] 
2015-10-30T16:26:36.196+0000: 6863.376: [GC (Allocation Failure) 6863.377: [ParNew: 35286K->2991K(36288K), 0.0038079 secs] 126736K->95075K(243144K), 0.0038737 secs] [Times: user=0.01 sys=0.01, real=0.01 secs] 
2015-10-30T16:26:36.221+0000: 6863.402: [GC (Allocation Failure) 6863.402: [ParNew: 35311K->3753K(36288K), 0.0032626 secs] 127395K->95837K(243144K), 0.0033234 secs] [Times: user=0.01 sys=0.00, real=0.00 secs] 
2015-10-30T16:26:36.245+0000: 6863.426: [GC (Allocation Failure) 6863.426: [ParNew: 36073K->2458K(36288K), 0.0037925 secs] 128157K->95162K(243144K), 0.0038545 secs] [Times: user=0.01 sys=0.00, real=0.00 secs] 
2015-10-30T16:26:36.279+0000: 6863.460: [GC (Allocation Failure) 6863.460: [ParNew: 33198K->2817K(36288K), 0.0032259 secs] 125903K->103498K(243144K), 0.0033065 secs] [Times: user=0.01 sys=0.00, real=0.00 secs] 
2015-10-30T16:26:36.283+0000: 6863.464: [GC (CMS Initial Mark) [1 CMS-initial-mark: 100681K(206856K)] 106353K(243144K), 0.0017054 secs] [Times: user=0.00 sys=0.00, real=0.00 secs] 
2015-10-30T16:26:36.285+0000: 6863.465: [CMS-concurrent-mark-start]
2015-10-30T16:26:36.323+0000: 6863.504: [CMS-concurrent-mark: 0.038/0.038 secs] [Times: user=0.08 sys=0.00, real=0.04 secs] 
2015-10-30T16:26:36.323+0000: 6863.504: [CMS-concurrent-preclean-start]
2015-10-30T16:26:36.325+0000: 6863.505: [CMS-concurrent-preclean: 0.001/0.001 secs] [Times: user=0.00 sys=0.00, real=0.00 secs] 
2015-10-30T16:26:36.325+0000: 6863.505: [CMS-concurrent-abortable-preclean-start]
 CMS: abort preclean due to time 2015-10-30T16:26:41.403+0000: 6868.584: [CMS-concurrent-abortable-preclean: 1.222/5.079 secs] [Times: user=1.31 sys=0.00, real=5.08 secs] 
2015-10-30T16:26:41.404+0000: 6868.584: [GC (CMS Final Remark) [YG occupancy: 12400 K (36288 K)]6868.584: [Rescan (parallel) , 0.0026150 secs]6868.587: [weak refs processing, 0.0000161 secs]6868.587: [class unloading, 0.0149860 secs]6868.602: [scrub symbol table, 0.0065653 secs]6868.608: [scrub string table, 0.0007488 secs][1 CMS-remark: 100681K(206856K)] 113082K(243144K), 0.0263951 secs] [Times: user=0.03 sys=0.00, real=0.03 secs] 
2015-10-30T16:26:41.430+0000: 6868.611: [CMS-concurrent-sweep-start]
2015-10-30T16:26:41.465+0000: 6868.646: [CMS-concurrent-sweep: 0.035/0.035 secs] [Times: user=0.04 sys=0.00, real=0.04 secs] 
2015-10-30T16:26:41.465+0000: 6868.646: [CMS-concurrent-reset-start]
2015-10-30T16:26:41.468+0000: 6868.648: [CMS-concurrent-reset: 0.002/0.002 secs] [Times: user=0.00 sys=0.00, real=0.00 secs] 
2015-10-30T16:26:43.467+0000: 6870.648: [GC (CMS Initial Mark) [1 CMS-initial-mark: 69442K(206856K)] 82030K(243144K), 0.0025713 secs] [Times: user=0.01 sys=0.00, real=0.00 secs] 
2015-10-30T16:26:43.470+0000: 6870.650: [CMS-concurrent-mark-start]
2015-10-30T16:26:43.508+0000: 6870.688: [CMS-concurrent-mark: 0.038/0.038 secs] [Times: user=0.04 sys=0.00, real=0.04 secs] 
2015-10-30T16:26:43.508+0000: 6870.689: [CMS-concurrent-preclean-start]
2015-10-30T16:26:43.510+0000: 6870.691: [CMS-concurrent-preclean: 0.002/0.002 secs] [Times: user=0.00 sys=0.00, real=0.00 secs] 
2015-10-30T16:26:43.510+0000: 6870.691: [CMS-concurrent-abortable-preclean-start]
2015-10-30T16:26:45.944+0000: 6873.125: [GC (Allocation Failure) 6873.125: [ParNew: 35137K->3968K(36288K), 0.0199402 secs] 104579K->93455K(243144K), 0.0200504 secs] [Times: user=0.07 sys=0.00, real=0.02 secs] 
2015-10-30T16:26:45.990+0000: 6873.171: [GC (Allocation Failure) 6873.171: [ParNew: 36288K->2427K(36288K), 0.0041641 secs] 125775K->94821K(243144K), 0.0042342 secs] [Times: user=0.01 sys=0.00, real=0.00 secs] 
2015-10-30T16:26:46.008+0000: 6873.189: [CMS-concurrent-abortable-preclean: 0.614/2.498 secs] [Times: user=0.85 sys=0.01, real=2.50 secs] 
2015-10-30T16:26:46.013+0000: 6873.194: [GC (CMS Final Remark) [YG occupancy: 23628 K (36288 K)]6873.194: [Rescan (parallel) , 0.0136670 secs]6873.207: [weak refs processing, 0.0000188 secs]6873.207: [class unloading, 0.0149418 secs]6873.222: [scrub symbol table, 0.0066029 secs]6873.229: [scrub string table, 0.0007622 secs][1 CMS-remark: 92394K(206856K)] 116022K(243144K), 0.0374834 secs] [Times: user=0.08 sys=0.00, real=0.04 secs] 
2015-10-30T16:26:46.051+0000: 6873.231: [CMS-concurrent-sweep-start]
2015-10-30T16:26:46.059+0000: 6873.239: [GC (Allocation Failure) 6873.239: [ParNew: 34747K->2465K(36288K), 0.0027486 secs] 126750K->94468K(243144K), 0.0028006 secs] [Times: user=0.01 sys=0.00, real=0.00 secs] 
2015-10-30T16:26:46.080+0000: 6873.261: [CMS-concurrent-sweep: 0.026/0.029 secs] [Times: user=0.11 sys=0.00, real=0.03 secs] 
2015-10-30T16:26:46.080+0000: 6873.261: [CMS-concurrent-reset-start]
2015-10-30T16:26:46.083+0000: 6873.263: [CMS-concurrent-reset: 0.003/0.003 secs] [Times: user=0.01 sys=0.00, real=0.00 secs] 
2015-10-30T16:26:46.089+0000: 6873.270: [GC (Allocation Failure) 6873.270: [ParNew: 34785K->2271K(36288K), 0.0043435 secs] 125172K->93885K(243144K), 0.0043864 secs] [Times: user=0.02 sys=0.00, real=0.00 secs] 
2015-10-30T16:26:46.113+0000: 6873.294: [GC (Allocation Failure) 6873.294: [ParNew: 34591K->3159K(36288K), 0.0029649 secs] 126205K->94774K(243144K), 0.0030232 secs] [Times: user=0.01 sys=0.00, real=0.00 secs] 
2015-10-30T16:26:46.135+0000: 6873.316: [GC (Allocation Failure) 6873.316: [ParNew: 35479K->3009K(36288K), 0.0041095 secs] 127094K->95305K(243144K), 0.0041678 secs] [Times: user=0.02 sys=0.00, real=0.01 secs] 
2015-10-30T16:26:46.157+0000: 6873.338: [GC (Allocation Failure) 6873.338: [ParNew: 35329K->3905K(36288K), 0.0032107 secs] 127625K->96201K(243144K), 0.0032722 secs] [Times: user=0.02 sys=0.00, real=0.00 secs] 
2015-10-30T16:26:46.181+0000: 6873.362: [GC (Allocation Failure) 6873.362: [ParNew: 36225K->2921K(36288K), 0.0039115 secs] 128521K->95877K(243144K), 0.0039719 secs] [Times: user=0.01 sys=0.00, real=0.01 secs] 
2015-10-30T16:26:46.204+0000: 6873.384: [GC (Allocation Failure) 6873.384: [ParNew: 35241K->3518K(36288K), 0.0048396 secs] 128197K->96474K(243144K), 0.0049004 secs] [Times: user=0.01 sys=0.00, real=0.01 secs] 
2015-10-30T16:26:46.238+0000: 6873.418: [GC (Allocation Failure) 6873.418: [ParNew: 33178K->3251K(36288K), 0.0043034 secs] 126133K->104788K(243144K), 0.0043790 secs] [Times: user=0.01 sys=0.00, real=0.00 secs] 
2015-10-30T16:26:46.243+0000: 6873.423: [GC (CMS Initial Mark) [1 CMS-initial-mark: 101536K(206856K)] 107659K(243144K), 0.0018468 secs] [Times: user=0.01 sys=0.00, real=0.00 secs] 
2015-10-30T16:26:46.245+0000: 6873.425: [CMS-concurrent-mark-start]
2015-10-30T16:26:46.283+0000: 6873.463: [CMS-concurrent-mark: 0.038/0.038 secs] [Times: user=0.07 sys=0.00, real=0.04 secs] 
2015-10-30T16:26:46.283+0000: 6873.463: [CMS-concurrent-preclean-start]
2015-10-30T16:26:46.284+0000: 6873.465: [CMS-concurrent-preclean: 0.001/0.001 secs] [Times: user=0.01 sys=0.00, real=0.00 secs] 
2015-10-30T16:26:46.284+0000: 6873.465: [CMS-concurrent-abortable-preclean-start]
 CMS: abort preclean due to time 2015-10-30T16:26:51.333+0000: 6878.513: [CMS-concurrent-abortable-preclean: 1.194/5.048 secs] [Times: user=1.28 sys=0.00, real=5.05 secs] 
2015-10-30T16:26:51.333+0000: 6878.514: [GC (CMS Final Remark) [YG occupancy: 12729 K (36288 K)]6878.514: [Rescan (parallel) , 0.0022016 secs]6878.516: [weak refs processing, 0.0000289 secs]6878.516: [class unloading, 0.0153343 secs]6878.531: [scrub symbol table, 0.0067019 secs]6878.538: [scrub string table, 0.0007685 secs][1 CMS-remark: 101536K(206856K)] 114266K(243144K), 0.0265896 secs] [Times: user=0.03 sys=0.00, real=0.03 secs] 
2015-10-30T16:26:51.360+0000: 6878.540: [CMS-concurrent-sweep-start]
2015-10-30T16:26:51.386+0000: 6878.567: [CMS-concurrent-sweep: 0.026/0.026 secs] [Times: user=0.03 sys=0.00, real=0.03 secs] 
2015-10-30T16:26:51.386+0000: 6878.567: [CMS-concurrent-reset-start]
2015-10-30T16:26:51.389+0000: 6878.569: [CMS-concurrent-reset: 0.002/0.002 secs] [Times: user=0.00 sys=0.00, real=0.00 secs] 
2015-10-30T16:26:53.388+0000: 6880.569: [GC (CMS Initial Mark) [1 CMS-initial-mark: 69149K(206856K)] 82042K(243144K), 0.0025891 secs] [Times: user=0.01 sys=0.00, real=0.00 secs] 
2015-10-30T16:26:53.391+0000: 6880.572: [CMS-concurrent-mark-start]
2015-10-30T16:26:53.429+0000: 6880.609: [CMS-concurrent-mark: 0.038/0.038 secs] [Times: user=0.04 sys=0.00, real=0.04 secs] 
2015-10-30T16:26:53.429+0000: 6880.609: [CMS-concurrent-preclean-start]
2015-10-30T16:26:53.431+0000: 6880.611: [CMS-concurrent-preclean: 0.002/0.002 secs] [Times: user=0.00 sys=0.00, real=0.00 secs] 
2015-10-30T16:26:53.431+0000: 6880.611: [CMS-concurrent-abortable-preclean-start]
 CMS: abort preclean due to time 2015-10-30T16:26:58.489+0000: 6885.669: [CMS-concurrent-abortable-preclean: 1.192/5.058 secs] [Times: user=1.31 sys=0.01, real=5.06 secs] 
2015-10-30T16:26:58.489+0000: 6885.669: [GC (CMS Final Remark) [YG occupancy: 15288 K (36288 K)]6885.669: [Rescan (parallel) , 0.0030221 secs]6885.672: [weak refs processing, 0.0000213 secs]6885.673: [class unloading, 0.0149908 secs]6885.688: [scrub symbol table, 0.0065719 secs]6885.694: [scrub string table, 0.0007546 secs][1 CMS-remark: 69149K(206856K)] 84437K(243144K), 0.0268692 secs] [Times: user=0.03 sys=0.00, real=0.02 secs] 
2015-10-30T16:26:58.516+0000: 6885.696: [CMS-concurrent-sweep-start]
2015-10-30T16:26:58.542+0000: 6885.722: [CMS-concurrent-sweep: 0.026/0.026 secs] [Times: user=0.03 sys=0.00, real=0.03 secs] 
2015-10-30T16:26:58.542+0000: 6885.722: [CMS-concurrent-reset-start]
2015-10-30T16:26:58.544+0000: 6885.725: [CMS-concurrent-reset: 0.002/0.002 secs] [Times: user=0.00 sys=0.00, real=0.00 secs] 
2015-10-30T16:27:00.227+0000: 6887.407: [GC (Allocation Failure) 6887.407: [ParNew: 35571K->3968K(36288K), 0.0032491 secs] 103159K->72353K(243144K), 0.0033254 secs] [Times: user=0.01 sys=0.00, real=0.00 secs] 
2015-10-30T16:27:00.429+0000: 6887.610: [GC (Allocation Failure) 6887.610: [ParNew: 36286K->1935K(36288K), 0.0032303 secs] 104672K->73840K(243144K), 0.0032921 secs] [Times: user=0.01 sys=0.00, real=0.00 secs] 
2015-10-30T16:27:00.461+0000: 6887.641: [GC (Allocation Failure) 6887.641: [ParNew: 34255K->3968K(36288K), 0.0063958 secs] 106160K->78542K(243144K), 0.0064785 secs] [Times: user=0.02 sys=0.00, real=0.01 secs] 
2015-10-30T16:27:00.489+0000: 6887.669: [GC (Allocation Failure) 6887.669: [ParNew: 36288K->2962K(36288K), 0.0056120 secs] 110862K->81321K(243144K), 0.0056785 secs] [Times: user=0.03 sys=0.00, real=0.00 secs] 
2015-10-30T16:27:09.535+0000: 6896.715: [GC (GCLocker Initiated GC) 6896.715: [ParNew: 35563K->3664K(36288K), 0.0043999 secs] 113922K->82023K(243144K), 0.0044727 secs] [Times: user=0.01 sys=0.00, real=0.01 secs] 
2015-10-30T16:27:10.995+0000: 6898.175: [GC (Allocation Failure) 6898.175: [ParNew: 35984K->3968K(36288K), 0.0195120 secs] 114343K->96232K(243144K), 0.0196035 secs] [Times: user=0.06 sys=0.00, real=0.02 secs] 
2015-10-30T16:27:11.033+0000: 6898.213: [GC (Allocation Failure) 6898.213: [ParNew: 36288K->3327K(36288K), 0.0045596 secs] 128552K->99356K(243144K), 0.0046359 secs] [Times: user=0.01 sys=0.00, real=0.01 secs] 
2015-10-30T16:27:11.057+0000: 6898.238: [GC (Allocation Failure) 6898.238: [ParNew: 35647K->1856K(36288K), 0.0032413 secs] 131676K->97886K(243144K), 0.0033162 secs] [Times: user=0.01 sys=0.00, real=0.00 secs] 
2015-10-30T16:27:11.079+0000: 6898.259: [GC (Allocation Failure) 6898.259: [ParNew: 34176K->3359K(36288K), 0.0035898 secs] 130206K->99389K(243144K), 0.0036535 secs] [Times: user=0.01 sys=0.00, real=0.00 secs] 
2015-10-30T16:27:11.103+0000: 6898.284: [GC (Allocation Failure) 6898.284: [ParNew: 35679K->2707K(36288K), 0.0044530 secs] 131709K->99563K(243144K), 0.0045181 secs] [Times: user=0.02 sys=0.00, real=0.01 secs] 
2015-10-30T16:27:11.127+0000: 6898.307: [GC (Allocation Failure) 6898.307: [ParNew: 35027K->2585K(36288K), 0.0045071 secs] 131883K->100128K(243144K), 0.0045739 secs] [Times: user=0.02 sys=0.00, real=0.00 secs] 
2015-10-30T16:27:11.149+0000: 6898.330: [GC (Allocation Failure) 6898.330: [ParNew: 34905K->3904K(36288K), 0.0031936 secs] 132448K->101447K(243144K), 0.0032595 secs] [Times: user=0.01 sys=0.00, real=0.00 secs] 
2015-10-30T16:27:11.173+0000: 6898.354: [GC (Allocation Failure) 6898.354: [ParNew: 36224K->2858K(36288K), 0.0036110 secs] 133767K->100999K(243144K), 0.0036811 secs] [Times: user=0.01 sys=0.00, real=0.00 secs] 
2015-10-30T16:27:11.195+0000: 6898.376: [GC (Allocation Failure) 6898.376: [ParNew: 35178K->2978K(36288K), 0.0028935 secs] 133319K->101120K(243144K), 0.0029541 secs] [Times: user=0.02 sys=0.00, real=0.01 secs] 
2015-10-30T16:27:11.251+0000: 6898.432: [GC (Allocation Failure) 6898.432: [ParNew: 35234K->3183K(36288K), 0.0037408 secs] 133375K->107280K(243144K), 0.0038159 secs] [Times: user=0.02 sys=0.00, real=0.00 secs] 
2015-10-30T16:27:11.256+0000: 6898.436: [GC (CMS Initial Mark) [1 CMS-initial-mark: 104096K(206856K)] 107536K(243144K), 0.0017479 secs] [Times: user=0.00 sys=0.00, real=0.01 secs] 
2015-10-30T16:27:11.257+0000: 6898.438: [CMS-concurrent-mark-start]
2015-10-30T16:27:11.295+0000: 6898.476: [CMS-concurrent-mark: 0.038/0.038 secs] [Times: user=0.07 sys=0.00, real=0.03 secs] 
2015-10-30T16:27:11.295+0000: 6898.476: [CMS-concurrent-preclean-start]
2015-10-30T16:27:11.297+0000: 6898.477: [CMS-concurrent-preclean: 0.002/0.002 secs] [Times: user=0.00 sys=0.00, real=0.00 secs] 
2015-10-30T16:27:11.297+0000: 6898.478: [GC (CMS Final Remark) [YG occupancy: 4925 K (36288 K)]6898.478: [Rescan (parallel) , 0.0016603 secs]6898.479: [weak refs processing, 0.0000170 secs]6898.479: [class unloading, 0.0157690 secs]6898.495: [scrub symbol table, 0.0066953 secs]6898.502: [scrub string table, 0.0007615 secs][1 CMS-remark: 104096K(206856K)] 109021K(243144K), 0.0264235 secs] [Times: user=0.03 sys=0.00, real=0.02 secs] 
2015-10-30T16:27:11.324+0000: 6898.504: [CMS-concurrent-sweep-start]
2015-10-30T16:27:11.353+0000: 6898.534: [CMS-concurrent-sweep: 0.029/0.029 secs] [Times: user=0.03 sys=0.00, real=0.03 secs] 
2015-10-30T16:27:11.353+0000: 6898.534: [CMS-concurrent-reset-start]
2015-10-30T16:27:11.356+0000: 6898.536: [CMS-concurrent-reset: 0.002/0.002 secs] [Times: user=0.01 sys=0.00, real=0.00 secs] 
2015-10-30T16:27:13.355+0000: 6900.536: [GC (CMS Initial Mark) [1 CMS-initial-mark: 75185K(206856K)] 80345K(243144K), 0.0020032 secs] [Times: user=0.00 sys=0.00, real=0.01 secs] 
2015-10-30T16:27:13.357+0000: 6900.538: [CMS-concurrent-mark-start]
2015-10-30T16:27:13.396+0000: 6900.576: [CMS-concurrent-mark: 0.038/0.038 secs] [Times: user=0.04 sys=0.00, real=0.03 secs] 
2015-10-30T16:27:13.396+0000: 6900.576: [CMS-concurrent-preclean-start]
2015-10-30T16:27:13.398+0000: 6900.578: [CMS-concurrent-preclean: 0.002/0.002 secs] [Times: user=0.00 sys=0.00, real=0.01 secs] 
2015-10-30T16:27:13.398+0000: 6900.579: [GC (CMS Final Remark) [YG occupancy: 5160 K (36288 K)]6900.579: [Rescan (parallel) , 0.0019467 secs]6900.581: [weak refs processing, 0.0000159 secs]6900.581: [class unloading, 0.0147729 secs]6900.595: [scrub symbol table, 0.0065807 secs]6900.602: [scrub string table, 0.0007532 secs][1 CMS-remark: 75185K(206856K)] 80345K(243144K), 0.0255220 secs] [Times: user=0.03 sys=0.00, real=0.02 secs] 
2015-10-30T16:27:13.424+0000: 6900.604: [CMS-concurrent-sweep-start]
2015-10-30T16:27:13.458+0000: 6900.638: [CMS-concurrent-sweep: 0.034/0.034 secs] [Times: user=0.04 sys=0.00, real=0.04 secs] 
2015-10-30T16:27:13.458+0000: 6900.638: [CMS-concurrent-reset-start]
2015-10-30T16:27:13.460+0000: 6900.641: [CMS-concurrent-reset: 0.002/0.002 secs] [Times: user=0.00 sys=0.00, real=0.00 secs] 
2015-10-30T16:27:20.981+0000: 6908.162: [GC (Allocation Failure) 6908.162: [ParNew: 35503K->3968K(36288K), 0.0143325 secs] 107312K->87408K(243144K), 0.0144253 secs] [Times: user=0.05 sys=0.00, real=0.01 secs] 
2015-10-30T16:27:21.014+0000: 6908.194: [GC (Allocation Failure) 6908.194: [ParNew: 36288K->2586K(36288K), 0.0047265 secs] 119728K->89938K(243144K), 0.0047806 secs] [Times: user=0.02 sys=0.00, real=0.01 secs] 
2015-10-30T16:27:21.037+0000: 6908.218: [GC (Allocation Failure) 6908.218: [ParNew: 34906K->1938K(36288K), 0.0024130 secs] 122258K->89290K(243144K), 0.0024711 secs] [Times: user=0.01 sys=0.00, real=0.00 secs] 
2015-10-30T16:27:21.060+0000: 6908.241: [GC (Allocation Failure) 6908.241: [ParNew: 34258K->2771K(36288K), 0.0031039 secs] 121610K->90122K(243144K), 0.0031529 secs] [Times: user=0.01 sys=0.00, real=0.00 secs] 
2015-10-30T16:27:21.085+0000: 6908.266: [GC (Allocation Failure) 6908.266: [ParNew: 35091K->3557K(36288K), 0.0053394 secs] 122442K->91717K(243144K), 0.0053967 secs] [Times: user=0.01 sys=0.00, real=0.00 secs] 
2015-10-30T16:27:21.110+0000: 6908.291: [GC (Allocation Failure) 6908.291: [ParNew: 35877K->3725K(36288K), 0.0043718 secs] 124037K->92574K(243144K), 0.0044311 secs] [Times: user=0.02 sys=0.00, real=0.00 secs] 
2015-10-30T16:27:21.133+0000: 6908.314: [GC (Allocation Failure) 6908.314: [ParNew: 36045K->2589K(36288K), 0.0041793 secs] 124894K->92048K(243144K), 0.0042384 secs] [Times: user=0.01 sys=0.00, real=0.01 secs] 
2015-10-30T16:27:21.157+0000: 6908.337: [GC (Allocation Failure) 6908.337: [ParNew: 34909K->3351K(36288K), 0.0026812 secs] 124368K->92810K(243144K), 0.0027388 secs] [Times: user=0.02 sys=0.00, real=0.01 secs] 
2015-10-30T16:27:21.180+0000: 6908.361: [GC (Allocation Failure) 6908.361: [ParNew: 35671K->2825K(36288K), 0.0027298 secs] 125130K->92285K(243144K), 0.0027883 secs] [Times: user=0.01 sys=0.00, real=0.00 secs] 
2015-10-30T16:27:23.950+0000: 6911.130: [GC (Allocation Failure) 6911.130: [ParNew: 35145K->2767K(36288K), 0.0043746 secs] 124605K->95928K(243144K), 0.0044432 secs] [Times: user=0.02 sys=0.00, real=0.00 secs] 
2015-10-30T16:27:30.950+0000: 6918.131: [GC (Allocation Failure) 6918.131: [ParNew: 35087K->3968K(36288K), 0.0165870 secs] 128248K->109967K(243144K), 0.0166744 secs] [Times: user=0.06 sys=0.00, real=0.02 secs] 
2015-10-30T16:27:30.986+0000: 6918.166: [GC (Allocation Failure) 6918.166: [ParNew: 36288K->2916K(36288K), 0.0056323 secs] 142287K->112737K(243144K), 0.0056876 secs] [Times: user=0.02 sys=0.00, real=0.00 secs] 
2015-10-30T16:27:31.013+0000: 6918.194: [GC (Allocation Failure) 6918.194: [ParNew: 35236K->2069K(36288K), 0.0032432 secs] 145057K->111891K(243144K), 0.0033044 secs] [Times: user=0.01 sys=0.00, real=0.00 secs] 
2015-10-30T16:27:31.034+0000: 6918.215: [GC (Allocation Failure) 6918.215: [ParNew: 34389K->3062K(36288K), 0.0032945 secs] 144211K->112883K(243144K), 0.0033433 secs] [Times: user=0.01 sys=0.00, real=0.01 secs] 
2015-10-30T16:27:31.059+0000: 6918.239: [GC (Allocation Failure) 6918.239: [ParNew: 35382K->2555K(36288K), 0.0050246 secs] 145203K->113236K(243144K), 0.0050775 secs] [Times: user=0.02 sys=0.00, real=0.00 secs] 
2015-10-30T16:27:31.085+0000: 6918.266: [GC (Allocation Failure) 6918.266: [ParNew: 34875K->3101K(36288K), 0.0038953 secs] 145556K->114450K(243144K), 0.0039544 secs] [Times: user=0.01 sys=0.00, real=0.00 secs] 
2015-10-30T16:27:31.107+0000: 6918.287: [GC (Allocation Failure) 6918.287: [ParNew: 35421K->3068K(36288K), 0.0037096 secs] 146770K->115067K(243144K), 0.0037681 secs] [Times: user=0.02 sys=0.00, real=0.00 secs] 
2015-10-30T16:27:31.129+0000: 6918.310: [GC (Allocation Failure) 6918.310: [ParNew: 35388K->2387K(36288K), 0.0025439 secs] 147387K->114386K(243144K), 0.0026048 secs] [Times: user=0.01 sys=0.00, real=0.00 secs] 
2015-10-30T16:27:31.156+0000: 6918.336: [GC (Allocation Failure) 6918.336: [ParNew: 34707K->3968K(36288K), 0.0028336 secs] 146706K->116039K(243144K), 0.0028958 secs] [Times: user=0.01 sys=0.00, real=0.01 secs] 
2015-10-30T16:27:37.791+0000: 6924.972: [GC (Allocation Failure) 6924.972: [ParNew: 36288K->2359K(36288K), 0.0047709 secs] 148359K->118809K(243144K), 0.0048573 secs] [Times: user=0.02 sys=0.00, real=0.00 secs] 
2015-10-30T16:27:40.987+0000: 6928.167: [GC (Allocation Failure) 6928.167: [ParNew: 34679K->3968K(36288K), 0.0153859 secs] 151129K->132523K(243144K), 0.0154721 secs] [Times: user=0.05 sys=0.01, real=0.01 secs] 
2015-10-30T16:27:41.021+0000: 6928.201: [GC (Allocation Failure) 6928.201: [ParNew: 36288K->2145K(36288K), 0.0039174 secs] 164843K->134359K(243144K), 0.0039778 secs] [Times: user=0.02 sys=0.00, real=0.00 secs] 
2015-10-30T16:27:41.042+0000: 6928.223: [GC (Allocation Failure) 6928.223: [ParNew: 34465K->1934K(36288K), 0.0030846 secs] 166679K->134149K(243144K), 0.0031492 secs] [Times: user=0.00 sys=0.00, real=0.01 secs] 
2015-10-30T16:27:41.063+0000: 6928.244: [GC (Allocation Failure) 6928.244: [ParNew: 34254K->2929K(36288K), 0.0030004 secs] 166469K->135144K(243144K), 0.0030502 secs] [Times: user=0.01 sys=0.00, real=0.01 secs] 
2015-10-30T16:27:41.089+0000: 6928.269: [GC (Allocation Failure) 6928.269: [ParNew: 35249K->3091K(36288K), 0.0048960 secs] 167464K->136085K(243144K), 0.0049500 secs] [Times: user=0.02 sys=0.00, real=0.00 secs] 
2015-10-30T16:27:41.113+0000: 6928.294: [GC (Allocation Failure) 6928.294: [ParNew: 35411K->2673K(36288K), 0.0038809 secs] 168405K->136346K(243144K), 0.0039403 secs] [Times: user=0.01 sys=0.00, real=0.01 secs] 
2015-10-30T16:27:41.135+0000: 6928.315: [GC (Allocation Failure) 6928.315: [ParNew: 34993K->2544K(36288K), 0.0037059 secs] 168666K->136858K(243144K), 0.0037651 secs] [Times: user=0.01 sys=0.00, real=0.01 secs] 
2015-10-30T16:27:41.159+0000: 6928.340: [GC (Allocation Failure) 6928.340: [ParNew: 34864K->2762K(36288K), 0.0028329 secs] 169178K->137076K(243144K), 0.0028912 secs] [Times: user=0.01 sys=0.00, real=0.00 secs] 
2015-10-30T16:27:41.191+0000: 6928.371: [GC (Allocation Failure) 6928.371: [ParNew: 34955K->3968K(36288K), 0.0029231 secs] 169269K->138849K(243144K), 0.0029838 secs] [Times: user=0.01 sys=0.00, real=0.00 secs] 
2015-10-30T16:27:53.244+0000: 6940.424: [GC (Allocation Failure) 6940.424: [ParNew: 36284K->2397K(36288K), 0.0051579 secs] 171165K->141982K(243144K), 0.0052227 secs] [Times: user=0.02 sys=0.00, real=0.01 secs] 
2015-10-30T16:27:55.984+0000: 6943.164: [GC (Allocation Failure) 6943.164: [ParNew: 34717K->3968K(36288K), 0.0140106 secs] 174302K->155023K(243144K), 0.0140942 secs] [Times: user=0.05 sys=0.01, real=0.02 secs] 
2015-10-30T16:27:56.017+0000: 6943.198: [GC (Allocation Failure) 6943.198: [ParNew: 36288K->1464K(36288K), 0.0042509 secs] 187343K->156357K(243144K), 0.0043092 secs] [Times: user=0.01 sys=0.00, real=0.00 secs] 
2015-10-30T16:27:56.041+0000: 6943.222: [GC (Allocation Failure) 6943.222: [ParNew: 33784K->2043K(36288K), 0.0026455 secs] 188677K->156936K(243144K), 0.0027035 secs] [Times: user=0.01 sys=0.00, real=0.00 secs] 
2015-10-30T16:27:56.065+0000: 6943.246: [GC (Allocation Failure) 6943.246: [ParNew: 34363K->2462K(36288K), 0.0034605 secs] 189256K->157355K(243144K), 0.0035115 secs] [Times: user=0.01 sys=0.00, real=0.00 secs] 
2015-10-30T16:27:56.093+0000: 6943.274: [GC (Allocation Failure) 6943.274: [ParNew: 34782K->2448K(36288K), 0.0046364 secs] 189675K->158096K(243144K), 0.0046916 secs] [Times: user=0.02 sys=0.00, real=0.01 secs] 
2015-10-30T16:27:56.119+0000: 6943.299: [GC (Allocation Failure) 6943.299: [ParNew: 34768K->2579K(36288K), 0.0040796 secs] 190416K->158901K(243144K), 0.0041490 secs] [Times: user=0.01 sys=0.00, real=0.00 secs] 
2015-10-30T16:27:56.141+0000: 6943.322: [GC (Allocation Failure) 6943.322: [ParNew: 34899K->3085K(36288K), 0.0040970 secs] 191221K->160025K(243144K), 0.0041613 secs] [Times: user=0.01 sys=0.00, real=0.01 secs] 
2015-10-30T16:27:56.165+0000: 6943.345: [GC (Allocation Failure) 6943.345: [ParNew: 35405K->2338K(36288K), 0.0025807 secs] 192345K->159279K(243144K), 0.0026403 secs] [Times: user=0.01 sys=0.00, real=0.01 secs] 
2015-10-30T16:27:56.198+0000: 6943.379: [GC (Allocation Failure) 6943.379: [ParNew: 34366K->3968K(36288K), 0.0029675 secs] 191306K->162530K(243144K), 0.0030289 secs] [Times: user=0.00 sys=0.00, real=0.00 secs] 
2015-10-30T16:28:00.039+0000: 6947.220: [GC (Allocation Failure) 6947.220: [ParNew: 36288K->2276K(36288K), 0.0049899 secs] 194850K->165450K(243144K), 0.0050571 secs] [Times: user=0.02 sys=0.00, real=0.00 secs] 
2015-10-30T16:28:00.077+0000: 6947.258: [GC (Allocation Failure) 6947.258: [ParNew: 34596K->3968K(36288K), 0.0085095 secs] 197770K->174487K(243144K), 0.0085897 secs] [Times: user=0.02 sys=0.01, real=0.01 secs] 
2015-10-30T16:28:00.109+0000: 6947.289: [GC (Allocation Failure) 6947.289: [ParNew: 36288K->3968K(36288K), 0.0175420 secs] 206807K->185604K(243144K), 0.0176291 secs] [Times: user=0.07 sys=0.00, real=0.02 secs] 
2015-10-30T16:28:00.127+0000: 6947.307: [GC (CMS Initial Mark) [1 CMS-initial-mark: 181636K(206856K)] 185828K(243144K), 0.0020737 secs] [Times: user=0.00 sys=0.00, real=0.00 secs] 
2015-10-30T16:28:00.129+0000: 6947.309: [CMS-concurrent-mark-start]
2015-10-30T16:28:00.146+0000: 6947.327: [GC (Allocation Failure) 6947.327: [ParNew: 36288K->3968K(36288K), 0.0087524 secs] 217924K->189302K(243144K), 0.0088287 secs] [Times: user=0.04 sys=0.00, real=0.00 secs] 
2015-10-30T16:28:00.173+0000: 6947.354: [GC (Allocation Failure) 6947.354: [ParNew: 36288K->1965K(36288K), 0.0055749 secs] 221622K->188566K(243144K), 0.0056373 secs] [Times: user=0.02 sys=0.00, real=0.01 secs] 
2015-10-30T16:28:00.197+0000: 6947.377: [GC (Allocation Failure) 6947.377: [ParNew: 34285K->2507K(36288K), 0.0039612 secs] 220886K->189108K(243144K), 0.0040281 secs] [Times: user=0.01 sys=0.00, real=0.01 secs] 
2015-10-30T16:28:00.230+0000: 6947.410: [CMS-concurrent-mark: 0.078/0.101 secs] [Times: user=0.35 sys=0.00, real=0.10 secs] 
2015-10-30T16:28:00.230+0000: 6947.410: [CMS-concurrent-preclean-start]
2015-10-30T16:28:00.234+0000: 6947.414: [CMS-concurrent-preclean: 0.004/0.004 secs] [Times: user=0.00 sys=0.00, real=0.00 secs] 
2015-10-30T16:28:00.234+0000: 6947.415: [CMS-concurrent-abortable-preclean-start]
2015-10-30T16:28:00.303+0000: 6947.484: [GC (Allocation Failure) 6947.484: [ParNew: 34827K->3968K(36288K), 0.0033183 secs] 221428K->191210K(243144K), 0.0033801 secs] [Times: user=0.02 sys=0.00, real=0.01 secs] 
2015-10-30T16:28:00.348+0000: 6947.528: [GC (Allocation Failure) 6947.528: [ParNew: 36288K->3968K(36288K), 0.0094949 secs] 223530K->196173K(243144K), 0.0095720 secs] [Times: user=0.03 sys=0.00, real=0.01 secs] 
2015-10-30T16:28:00.367+0000: 6947.547: [CMS-concurrent-abortable-preclean: 0.113/0.133 secs] [Times: user=0.32 sys=0.03, real=0.14 secs] 
2015-10-30T16:28:00.370+0000: 6947.551: [GC (CMS Final Remark) [YG occupancy: 13746 K (36288 K)]6947.551: [Rescan (parallel) , 0.0052954 secs]6947.556: [weak refs processing, 0.0000273 secs]6947.556: [class unloading, 0.0155263 secs]6947.572: [scrub symbol table, 0.0066190 secs]6947.578: [scrub string table, 0.0007573 secs][1 CMS-remark: 192205K(206856K)] 205951K(243144K), 0.0297157 secs] [Times: user=0.05 sys=0.00, real=0.03 secs] 
2015-10-30T16:28:00.400+0000: 6947.580: [CMS-concurrent-sweep-start]
2015-10-30T16:28:00.421+0000: 6947.602: [GC (Allocation Failure) 6947.602: [ParNew: 36288K->3968K(36288K), 0.0072886 secs] 220835K->191242K(243144K), 0.0073785 secs] [Times: user=0.03 sys=0.00, real=0.01 secs] 
2015-10-30T16:28:00.456+0000: 6947.637: [GC (Allocation Failure) 6947.637: [ParNew: 36288K->3968K(36288K), 0.0069534 secs] 215890K->186439K(243144K), 0.0070182 secs] [Times: user=0.02 sys=0.00, real=0.01 secs] 
2015-10-30T16:28:00.539+0000: 6947.720: [CMS-concurrent-sweep: 0.101/0.139 secs] [Times: user=0.35 sys=0.00, real=0.14 secs] 
2015-10-30T16:28:00.539+0000: 6947.720: [CMS-concurrent-reset-start]
2015-10-30T16:28:00.542+0000: 6947.722: [CMS-concurrent-reset: 0.002/0.002 secs] [Times: user=0.00 sys=0.00, real=0.00 secs] 
2015-10-30T16:28:13.321+0000: 6960.502: [GC (GCLocker Initiated GC) 6960.502: [ParNew: 36288K->3895K(36288K), 0.0054095 secs] 129004K->97860K(243144K), 0.0054838 secs] [Times: user=0.01 sys=0.00, real=0.01 secs] 
2015-10-30T16:28:13.352+0000: 6960.532: [GC (Allocation Failure) 6960.532: [ParNew: 36216K->3361K(36288K), 0.0049226 secs] 130180K->99237K(243144K), 0.0049817 secs] [Times: user=0.01 sys=0.00, real=0.00 secs] 
2015-10-30T16:28:13.357+0000: 6960.538: [GC (GCLocker Initiated GC) 6960.538: [ParNew: 3578K->2316K(36288K), 0.0031094 secs] 99454K->100427K(243144K), 0.0031413 secs] [Times: user=0.01 sys=0.00, real=0.00 secs] 
2015-10-30T16:28:13.389+0000: 6960.570: [GC (Allocation Failure) 6960.570: [ParNew: 34636K->3968K(36288K), 0.0061245 secs] 132747K->102580K(243144K), 0.0061790 secs] [Times: user=0.02 sys=0.01, real=0.00 secs] 
2015-10-30T16:28:17.735+0000: 6964.915: [GC (Allocation Failure) 6964.915: [ParNew: 36288K->3968K(36288K), 0.0159812 secs] 134900K->106012K(243144K), 0.0160647 secs] [Times: user=0.04 sys=0.00, real=0.02 secs] 
2015-10-30T16:28:25.967+0000: 6973.148: [GC (Allocation Failure) 6973.148: [ParNew: 36281K->3968K(36288K), 0.0055734 secs] 138325K->113800K(243144K), 0.0056702 secs] [Times: user=0.02 sys=0.00, real=0.00 secs] 
2015-10-30T16:28:26.004+0000: 6973.184: [GC (Allocation Failure) 6973.184: [ParNew: 36288K->3968K(36288K), 0.0119000 secs] 146120K->124653K(243144K), 0.0119889 secs] [Times: user=0.05 sys=0.00, real=0.01 secs] 
2015-10-30T16:28:26.034+0000: 6973.215: [GC (Allocation Failure) 6973.215: [ParNew: 36288K->3634K(36288K), 0.0048846 secs] 156973K->128152K(243144K), 0.0049483 secs] [Times: user=0.02 sys=0.00, real=0.01 secs] 
2015-10-30T16:28:26.056+0000: 6973.237: [GC (Allocation Failure) 6973.237: [ParNew: 35954K->2306K(36288K), 0.0025070 secs] 160472K->126824K(243144K), 0.0025682 secs] [Times: user=0.01 sys=0.00, real=0.01 secs] 
2015-10-30T16:28:26.077+0000: 6973.258: [GC (Allocation Failure) 6973.258: [ParNew: 34626K->3254K(36288K), 0.0032011 secs] 159144K->127772K(243144K), 0.0032544 secs] [Times: user=0.02 sys=0.00, real=0.00 secs] 
2015-10-30T16:28:26.104+0000: 6973.285: [GC (Allocation Failure) 6973.285: [ParNew: 35574K->2910K(36288K), 0.0039273 secs] 160092K->128191K(243144K), 0.0039838 secs] [Times: user=0.02 sys=0.00, real=0.01 secs] 
2015-10-30T16:28:26.128+0000: 6973.308: [GC (Allocation Failure) 6973.308: [ParNew: 35230K->3625K(36288K), 0.0040789 secs] 160511K->129607K(243144K), 0.0041420 secs] [Times: user=0.02 sys=0.00, real=0.00 secs] 
2015-10-30T16:28:26.149+0000: 6973.329: [GC (Allocation Failure) 6973.329: [ParNew: 35945K->2770K(36288K), 0.0031765 secs] 161927K->129298K(243144K), 0.0032356 secs] [Times: user=0.01 sys=0.00, real=0.00 secs] 
2015-10-30T16:28:26.173+0000: 6973.354: [GC (Allocation Failure) 6973.354: [ParNew: 35090K->2319K(36288K), 0.0024670 secs] 161618K->128847K(243144K), 0.0025248 secs] [Times: user=0.01 sys=0.00, real=0.00 secs] 
2015-10-30T16:28:26.206+0000: 6973.386: [GC (Allocation Failure) 6973.386: [ParNew: 31115K->3968K(36288K), 0.0032972 secs] 157644K->139054K(243144K), 0.0033799 secs] [Times: user=0.02 sys=0.00, real=0.00 secs] 
2015-10-30T16:28:26.211+0000: 6973.391: [GC (CMS Initial Mark) [1 CMS-initial-mark: 135086K(206856K)] 144374K(243144K), 0.0020308 secs] [Times: user=0.00 sys=0.00, real=0.00 secs] 
2015-10-30T16:28:26.213+0000: 6973.393: [CMS-concurrent-mark-start]
2015-10-30T16:28:26.251+0000: 6973.431: [CMS-concurrent-mark: 0.038/0.038 secs] [Times: user=0.08 sys=0.00, real=0.04 secs] 
2015-10-30T16:28:26.251+0000: 6973.431: [CMS-concurrent-preclean-start]
2015-10-30T16:28:26.253+0000: 6973.433: [CMS-concurrent-preclean: 0.002/0.002 secs] [Times: user=0.00 sys=0.00, real=0.00 secs] 
2015-10-30T16:28:26.253+0000: 6973.433: [CMS-concurrent-abortable-preclean-start]
 CMS: abort preclean due to time 2015-10-30T16:28:31.337+0000: 6978.518: [CMS-concurrent-abortable-preclean: 1.236/5.085 secs] [Times: user=1.35 sys=0.00, real=5.09 secs] 
2015-10-30T16:28:31.339+0000: 6978.519: [GC (CMS Final Remark) [YG occupancy: 26937 K (36288 K)]6978.519: [Rescan (parallel) , 0.0024298 secs]6978.522: [weak refs processing, 0.0000281 secs]6978.522: [class unloading, 0.0153115 secs]6978.537: [scrub symbol table, 0.0065431 secs]6978.544: [scrub string table, 0.0007521 secs][1 CMS-remark: 135086K(206856K)] 162023K(243144K), 0.0265412 secs] [Times: user=0.03 sys=0.00, real=0.03 secs] 
2015-10-30T16:28:31.366+0000: 6978.546: [CMS-concurrent-sweep-start]
2015-10-30T16:28:31.432+0000: 6978.612: [CMS-concurrent-sweep: 0.066/0.066 secs] [Times: user=0.07 sys=0.00, real=0.06 secs] 
2015-10-30T16:28:31.432+0000: 6978.613: [CMS-concurrent-reset-start]
2015-10-30T16:28:31.434+0000: 6978.615: [CMS-concurrent-reset: 0.002/0.002 secs] [Times: user=0.00 sys=0.00, real=0.00 secs] 
2015-10-30T16:28:33.435+0000: 6980.615: [GC (CMS Initial Mark) [1 CMS-initial-mark: 73461K(206856K)] 100621K(243144K), 0.0027391 secs] [Times: user=0.01 sys=0.00, real=0.01 secs] 
2015-10-30T16:28:33.438+0000: 6980.618: [CMS-concurrent-mark-start]
2015-10-30T16:28:33.475+0000: 6980.656: [CMS-concurrent-mark: 0.038/0.038 secs] [Times: user=0.04 sys=0.00, real=0.03 secs] 
2015-10-30T16:28:33.475+0000: 6980.656: [CMS-concurrent-preclean-start]
2015-10-30T16:28:33.477+0000: 6980.658: [CMS-concurrent-preclean: 0.002/0.002 secs] [Times: user=0.00 sys=0.01, real=0.01 secs] 
2015-10-30T16:28:33.477+0000: 6980.658: [CMS-concurrent-abortable-preclean-start]
2015-10-30T16:28:35.973+0000: 6983.153: [GC (Allocation Failure) 6983.153: [ParNew: 36288K->3968K(36288K), 0.0063354 secs] 109749K->86530K(243144K), 0.0064267 secs] [Times: user=0.02 sys=0.00, real=0.01 secs] 
2015-10-30T16:28:36.016+0000: 6983.197: [GC (Allocation Failure) 6983.197: [ParNew: 36288K->3968K(36288K), 0.0133395 secs] 118850K->97520K(243144K), 0.0134280 secs] [Times: user=0.05 sys=0.00, real=0.02 secs] 
2015-10-30T16:28:36.057+0000: 6983.238: [GC (Allocation Failure) 6983.238: [ParNew: 36288K->2636K(36288K), 0.0057740 secs] 129840K->100037K(243144K), 0.0058463 secs] [Times: user=0.02 sys=0.00, real=0.00 secs] 
2015-10-30T16:28:36.078+0000: 6983.258: [CMS-concurrent-abortable-preclean: 0.663/2.600 secs] [Times: user=0.96 sys=0.00, real=2.60 secs] 
2015-10-30T16:28:36.079+0000: 6983.259: [GC (CMS Final Remark) [YG occupancy: 23745 K (36288 K)]6983.259: [Rescan (parallel) , 0.0138423 secs]6983.273: [weak refs processing, 0.0000244 secs]6983.273: [class unloading, 0.0153628 secs]6983.288: [scrub symbol table, 0.0067905 secs]6983.295: [scrub string table, 0.0007599 secs][1 CMS-remark: 97401K(206856K)] 121147K(243144K), 0.0383260 secs] [Times: user=0.08 sys=0.00, real=0.03 secs] 
2015-10-30T16:28:36.117+0000: 6983.298: [CMS-concurrent-sweep-start]
2015-10-30T16:28:36.125+0000: 6983.305: [GC (Allocation Failure) 6983.305: [ParNew: 34956K->2192K(36288K), 0.0025571 secs] 132348K->99584K(243144K), 0.0026223 secs] [Times: user=0.01 sys=0.00, real=0.01 secs] 
2015-10-30T16:28:36.151+0000: 6983.331: [GC (Allocation Failure) 6983.331: [ParNew: 34512K->3211K(36288K), 0.0038183 secs] 128321K->97020K(243144K), 0.0038821 secs] [Times: user=0.01 sys=0.00, real=0.00 secs] 
2015-10-30T16:28:36.180+0000: 6983.361: [CMS-concurrent-sweep: 0.056/0.063 secs] [Times: user=0.22 sys=0.01, real=0.06 secs] 
2015-10-30T16:28:36.180+0000: 6983.361: [CMS-concurrent-reset-start]
2015-10-30T16:28:36.183+0000: 6983.363: [CMS-concurrent-reset: 0.003/0.003 secs] [Times: user=0.01 sys=0.00, real=0.00 secs] 
2015-10-30T16:28:36.184+0000: 6983.365: [GC (Allocation Failure) 6983.365: [ParNew: 35531K->2791K(36288K), 0.0042301 secs] 127123K->95186K(243144K), 0.0042812 secs] [Times: user=0.02 sys=0.00, real=0.01 secs] 
2015-10-30T16:28:36.209+0000: 6983.390: [GC (Allocation Failure) 6983.390: [ParNew: 35111K->3138K(36288K), 0.0040663 secs] 127506K->96240K(243144K), 0.0041287 secs] [Times: user=0.02 sys=0.00, real=0.00 secs] 
2015-10-30T16:28:36.233+0000: 6983.413: [GC (Allocation Failure) 6983.413: [ParNew: 35458K->2205K(36288K), 0.0033969 secs] 128560K->95855K(243144K), 0.0034633 secs] [Times: user=0.01 sys=0.00, real=0.00 secs] 
2015-10-30T16:28:36.257+0000: 6983.438: [GC (Allocation Failure) 6983.438: [ParNew: 34525K->2234K(36288K), 0.0025850 secs] 128175K->95884K(243144K), 0.0026500 secs] [Times: user=0.01 sys=0.00, real=0.00 secs] 
2015-10-30T16:28:36.294+0000: 6983.474: [GC (Allocation Failure) 6983.474: [ParNew: 32746K->3968K(36288K), 0.0043051 secs] 126396K->105926K(243144K), 0.0043862 secs] [Times: user=0.01 sys=0.00, real=0.01 secs] 
2015-10-30T16:28:36.299+0000: 6983.480: [GC (CMS Initial Mark) [1 CMS-initial-mark: 101958K(206856K)] 111244K(243144K), 0.0018068 secs] [Times: user=0.00 sys=0.00, real=0.00 secs] 
2015-10-30T16:28:36.301+0000: 6983.482: [CMS-concurrent-mark-start]
2015-10-30T16:28:36.341+0000: 6983.521: [CMS-concurrent-mark: 0.040/0.040 secs] [Times: user=0.08 sys=0.00, real=0.04 secs] 
2015-10-30T16:28:36.341+0000: 6983.521: [CMS-concurrent-preclean-start]
2015-10-30T16:28:36.342+0000: 6983.523: [CMS-concurrent-preclean: 0.001/0.001 secs] [Times: user=0.00 sys=0.00, real=0.00 secs] 
2015-10-30T16:28:36.361+0000: 6983.541: [CMS-concurrent-abortable-preclean-start]
 CMS: abort preclean due to time 2015-10-30T16:28:41.366+0000: 6988.546: [CMS-concurrent-abortable-preclean: 1.120/5.005 secs] [Times: user=1.19 sys=0.01, real=5.01 secs] 
2015-10-30T16:28:41.366+0000: 6988.546: [GC (CMS Final Remark) [YG occupancy: 26965 K (36288 K)]6988.547: [Rescan (parallel) , 0.0022480 secs]6988.550: [weak refs processing, 0.0000272 secs]6988.550: [class unloading, 0.0149642 secs]6988.565: [scrub symbol table, 0.0065264 secs]6988.571: [scrub string table, 0.0007530 secs][1 CMS-remark: 101958K(206856K)] 128924K(243144K), 0.0268200 secs] [Times: user=0.02 sys=0.00, real=0.02 secs] 
2015-10-30T16:28:41.393+0000: 6988.573: [CMS-concurrent-sweep-start]
2015-10-30T16:28:41.476+0000: 6988.657: [CMS-concurrent-sweep: 0.083/0.083 secs] [Times: user=0.09 sys=0.00, real=0.08 secs] 
2015-10-30T16:28:41.477+0000: 6988.657: [CMS-concurrent-reset-start]
2015-10-30T16:28:41.479+0000: 6988.659: [CMS-concurrent-reset: 0.002/0.002 secs] [Times: user=0.00 sys=0.00, real=0.01 secs] 
2015-10-30T16:28:43.478+0000: 6990.659: [GC (CMS Initial Mark) [1 CMS-initial-mark: 72983K(206856K)] 100184K(243144K), 0.0028573 secs] [Times: user=0.01 sys=0.00, real=0.00 secs] 
2015-10-30T16:28:43.481+0000: 6990.662: [CMS-concurrent-mark-start]
2015-10-30T16:28:43.520+0000: 6990.701: [CMS-concurrent-mark: 0.039/0.039 secs] [Times: user=0.04 sys=0.00, real=0.04 secs] 
2015-10-30T16:28:43.520+0000: 6990.701: [CMS-concurrent-preclean-start]
2015-10-30T16:28:43.522+0000: 6990.703: [CMS-concurrent-preclean: 0.002/0.002 secs] [Times: user=0.00 sys=0.00, real=0.00 secs] 
2015-10-30T16:28:43.522+0000: 6990.703: [CMS-concurrent-abortable-preclean-start]
2015-10-30T16:28:45.963+0000: 6993.143: [GC (Allocation Failure) 6993.143: [ParNew2015-10-30T16:28:45.963+0000: 6993.143: [CMS-concurrent-abortable-preclean: 0.505/2.441 secs] [Times: user=0.55 sys=0.00, real=2.44 secs] 
: 36288K->3968K(36288K), 0.0058575 secs] 109271K->85956K(243144K), 0.0059431 secs] [Times: user=0.02 sys=0.00, real=0.01 secs] 
2015-10-30T16:28:45.969+0000: 6993.149: [GC (CMS Final Remark) [YG occupancy: 4088 K (36288 K)]6993.149: [Rescan (parallel) , 0.0026530 secs]6993.152: [weak refs processing, 0.0000131 secs]6993.152: [class unloading, 0.0151623 secs]6993.167: [scrub symbol table, 0.0065627 secs]6993.174: [scrub string table, 0.0007574 secs][1 CMS-remark: 81988K(206856K)] 86077K(243144K), 0.0266336 secs] [Times: user=0.04 sys=0.00, real=0.02 secs] 
2015-10-30T16:28:45.996+0000: 6993.176: [CMS-concurrent-sweep-start]
2015-10-30T16:28:46.044+0000: 6993.224: [GC (Allocation Failure) 6993.225: [ParNew: 36288K->3968K(36288K), 0.0121612 secs] 115771K->94137K(243144K), 0.0122448 secs] [Times: user=0.04 sys=0.00, real=0.01 secs] 
2015-10-30T16:28:46.065+0000: 6993.246: [CMS-concurrent-sweep: 0.057/0.070 secs] [Times: user=0.20 sys=0.00, real=0.08 secs] 
2015-10-30T16:28:46.065+0000: 6993.246: [CMS-concurrent-reset-start]
2015-10-30T16:28:46.068+0000: 6993.248: [CMS-concurrent-reset: 0.003/0.003 secs] [Times: user=0.01 sys=0.00, real=0.00 secs] 
2015-10-30T16:28:46.077+0000: 6993.258: [GC (Allocation Failure) 6993.258: [ParNew: 36288K->3547K(36288K), 0.0049451 secs] 125329K->96458K(243144K), 0.0049964 secs] [Times: user=0.02 sys=0.00, real=0.00 secs] 
2015-10-30T16:28:46.099+0000: 6993.280: [GC (Allocation Failure) 6993.280: [ParNew: 35867K->2199K(36288K), 0.0024764 secs] 128778K->95110K(243144K), 0.0025361 secs] [Times: user=0.01 sys=0.00, real=0.00 secs] 
2015-10-30T16:28:46.121+0000: 6993.302: [GC (Allocation Failure) 6993.302: [ParNew: 34519K->2864K(36288K), 0.0031361 secs] 127430K->95775K(243144K), 0.0031850 secs] [Times: user=0.01 sys=0.00, real=0.00 secs] 
2015-10-30T16:28:46.145+0000: 6993.326: [GC (Allocation Failure) 6993.326: [ParNew: 35184K->3263K(36288K), 0.0042757 secs] 128095K->96955K(243144K), 0.0043340 secs] [Times: user=0.01 sys=0.00, real=0.00 secs] 
2015-10-30T16:28:46.169+0000: 6993.350: [GC (Allocation Failure) 6993.350: [ParNew: 35583K->3060K(36288K), 0.0041954 secs] 129275K->97446K(243144K), 0.0042629 secs] [Times: user=0.01 sys=0.00, real=0.00 secs] 
2015-10-30T16:28:46.192+0000: 6993.372: [GC (Allocation Failure) 6993.372: [ParNew: 35380K->2811K(36288K), 0.0036075 secs] 129766K->97771K(243144K), 0.0036684 secs] [Times: user=0.01 sys=0.00, real=0.00 secs] 
2015-10-30T16:28:46.217+0000: 6993.398: [GC (Allocation Failure) 6993.398: [ParNew: 35131K->2329K(36288K), 0.0025761 secs] 130091K->97289K(243144K), 0.0026355 secs] [Times: user=0.01 sys=0.00, real=0.00 secs] 
2015-10-30T16:28:46.252+0000: 6993.432: [GC (Allocation Failure) 6993.433: [ParNew: 33262K->3968K(36288K), 0.0033834 secs] 128222K->107453K(243144K), 0.0034644 secs] [Times: user=0.01 sys=0.00, real=0.00 secs] 
2015-10-30T16:28:46.257+0000: 6993.437: [GC (CMS Initial Mark) [1 CMS-initial-mark: 103485K(206856K)] 112771K(243144K), 0.0019298 secs] [Times: user=0.01 sys=0.00, real=0.01 secs] 
2015-10-30T16:28:46.259+0000: 6993.439: [CMS-concurrent-mark-start]
2015-10-30T16:28:46.300+0000: 6993.480: [CMS-concurrent-mark: 0.041/0.041 secs] [Times: user=0.08 sys=0.00, real=0.04 secs] 
2015-10-30T16:28:46.300+0000: 6993.480: [CMS-concurrent-preclean-start]
2015-10-30T16:28:46.302+0000: 6993.482: [CMS-concurrent-preclean: 0.002/0.002 secs] [Times: user=0.00 sys=0.00, real=0.00 secs] 
2015-10-30T16:28:46.302+0000: 6993.482: [CMS-concurrent-abortable-preclean-start]
 CMS: abort preclean due to time 2015-10-30T16:28:51.399+0000: 6998.579: [CMS-concurrent-abortable-preclean: 1.264/5.097 secs] [Times: user=1.37 sys=0.00, real=5.10 secs] 
2015-10-30T16:28:51.399+0000: 6998.579: [GC (CMS Final Remark) [YG occupancy: 27023 K (36288 K)]6998.579: [Rescan (parallel) , 0.0023796 secs]6998.582: [weak refs processing, 0.0000217 secs]6998.582: [class unloading, 0.0146931 secs]6998.597: [scrub symbol table, 0.0065692 secs]6998.603: [scrub string table, 0.0007535 secs][1 CMS-remark: 103485K(206856K)] 130509K(243144K), 0.0258703 secs] [Times: user=0.03 sys=0.00, real=0.02 secs] 
2015-10-30T16:28:51.425+0000: 6998.606: [CMS-concurrent-sweep-start]
2015-10-30T16:28:51.455+0000: 6998.635: [CMS-concurrent-sweep: 0.030/0.030 secs] [Times: user=0.03 sys=0.00, real=0.03 secs] 
2015-10-30T16:28:51.455+0000: 6998.635: [CMS-concurrent-reset-start]
2015-10-30T16:28:51.457+0000: 6998.638: [CMS-concurrent-reset: 0.002/0.002 secs] [Times: user=0.00 sys=0.00, real=0.01 secs] 
2015-10-30T16:28:53.457+0000: 7000.637: [GC (CMS Initial Mark) [1 CMS-initial-mark: 74193K(206856K)] 101415K(243144K), 0.0027660 secs] [Times: user=0.01 sys=0.00, real=0.01 secs] 
2015-10-30T16:28:53.460+0000: 7000.640: [CMS-concurrent-mark-start]
2015-10-30T16:28:53.497+0000: 7000.677: [CMS-concurrent-mark: 0.037/0.037 secs] [Times: user=0.04 sys=0.00, real=0.03 secs] 
2015-10-30T16:28:53.497+0000: 7000.677: [CMS-concurrent-preclean-start]
2015-10-30T16:28:53.499+0000: 7000.679: [CMS-concurrent-preclean: 0.002/0.002 secs] [Times: user=0.00 sys=0.00, real=0.01 secs] 
2015-10-30T16:28:53.499+0000: 7000.679: [CMS-concurrent-abortable-preclean-start]
2015-10-30T16:28:55.962+0000: 7003.143: [GC (Allocation Failure) 7003.143: [ParNew: 36288K->3968K(36288K), 0.0064942 secs] 110481K->87376K(243144K), 0.0065795 secs] [Times: user=0.02 sys=0.00, real=0.01 secs] 
2015-10-30T16:28:56.009+0000: 7003.189: [GC (Allocation Failure) 7003.189: [ParNew: 36288K->3968K(36288K), 0.0140289 secs] 119696K->97960K(243144K), 0.0141079 secs] [Times: user=0.04 sys=0.00, real=0.01 secs] 
2015-10-30T16:28:56.045+0000: 7003.225: [GC (Allocation Failure) 7003.225: [ParNew: 36288K->3510K(36288K), 0.0054096 secs] 130280K->101386K(243144K), 0.0054882 secs] [Times: user=0.02 sys=0.00, real=0.01 secs] 
2015-10-30T16:28:56.077+0000: 7003.258: [GC (Allocation Failure) 7003.258: [ParNew: 35830K->2224K(36288K), 0.0025032 secs] 133706K->100100K(243144K), 0.0025604 secs] [Times: user=0.01 sys=0.00, real=0.00 secs] 
2015-10-30T16:28:56.081+0000: 7003.261: [CMS-concurrent-abortable-preclean: 0.677/2.582 secs] [Times: user=1.01 sys=0.01, real=2.58 secs] 
2015-10-30T16:28:56.081+0000: 7003.261: [GC (CMS Final Remark) [YG occupancy: 3427 K (36288 K)]7003.261: [Rescan (parallel) , 0.0021205 secs]7003.263: [weak refs processing, 0.0000128 secs]7003.263: [class unloading, 0.0147815 secs]7003.278: [scrub symbol table, 0.0065172 secs]7003.285: [scrub string table, 0.0007518 secs][1 CMS-remark: 97875K(206856K)] 101303K(243144K), 0.0256200 secs] [Times: user=0.03 sys=0.00, real=0.03 secs] 
2015-10-30T16:28:56.107+0000: 7003.287: [CMS-concurrent-sweep-start]
2015-10-30T16:28:56.130+0000: 7003.311: [GC (Allocation Failure) 7003.311: [ParNew: 34544K->3005K(36288K), 0.0028587 secs] 129366K->97828K(243144K), 0.0029161 secs] [Times: user=0.01 sys=0.00, real=0.00 secs] 
2015-10-30T16:28:56.135+0000: 7003.316: [CMS-concurrent-sweep: 0.025/0.029 secs] [Times: user=0.11 sys=0.00, real=0.02 secs] 
2015-10-30T16:28:56.135+0000: 7003.316: [CMS-concurrent-reset-start]
2015-10-30T16:28:56.138+0000: 7003.318: [CMS-concurrent-reset: 0.003/0.003 secs] [Times: user=0.01 sys=0.00, real=0.01 secs] 
2015-10-30T16:28:56.157+0000: 7003.338: [GC (Allocation Failure) 7003.338: [ParNew: 35325K->2895K(36288K), 0.0045054 secs] 129122K->97479K(243144K), 0.0045572 secs] [Times: user=0.01 sys=0.00, real=0.00 secs] 
2015-10-30T16:28:56.181+0000: 7003.362: [GC (Allocation Failure) 7003.362: [ParNew: 35215K->2975K(36288K), 0.0042144 secs] 129799K->98272K(243144K), 0.0042755 secs] [Times: user=0.01 sys=0.00, real=0.01 secs] 
2015-10-30T16:28:56.203+0000: 7003.384: [GC (Allocation Failure) 7003.384: [ParNew: 35295K->2761K(36288K), 0.0042621 secs] 130592K->98624K(243144K), 0.0043202 secs] [Times: user=0.01 sys=0.00, real=0.01 secs] 
2015-10-30T16:28:56.229+0000: 7003.410: [GC (Allocation Failure) 7003.410: [ParNew: 35081K->2741K(36288K), 0.0025833 secs] 130944K->98604K(243144K), 0.0026440 secs] [Times: user=0.00 sys=0.00, real=0.00 secs] 
2015-10-30T16:28:56.265+0000: 7003.445: [GC (Allocation Failure) 7003.445: [ParNew: 34102K->3968K(36288K), 0.0032496 secs] 129964K->108302K(243144K), 0.0033292 secs] [Times: user=0.02 sys=0.00, real=0.01 secs] 
2015-10-30T16:28:56.269+0000: 7003.450: [GC (CMS Initial Mark) [1 CMS-initial-mark: 104334K(206856K)] 113620K(243144K), 0.0017352 secs] [Times: user=0.00 sys=0.00, real=0.00 secs] 
2015-10-30T16:28:56.271+0000: 7003.451: [CMS-concurrent-mark-start]
2015-10-30T16:28:56.329+0000: 7003.510: [CMS-concurrent-mark: 0.058/0.058 secs] [Times: user=0.12 sys=0.00, real=0.06 secs] 
2015-10-30T16:28:56.329+0000: 7003.510: [CMS-concurrent-preclean-start]
2015-10-30T16:28:56.331+0000: 7003.512: [CMS-concurrent-preclean: 0.002/0.002 secs] [Times: user=0.00 sys=0.00, real=0.00 secs] 
2015-10-30T16:28:56.331+0000: 7003.512: [CMS-concurrent-abortable-preclean-start]
2015-10-30T16:29:00.407+0000: 7007.588: [GC (Allocation Failure) 7007.588: [ParNew: 36288K->1697K(36288K), 0.0071782 secs] 140622K->111061K(243144K), 0.0072557 secs] [Times: user=0.03 sys=0.00, real=0.00 secs] 
2015-10-30T16:29:00.439+0000: 7007.620: [CMS-concurrent-abortable-preclean: 1.062/4.108 secs] [Times: user=1.27 sys=0.02, real=4.11 secs] 
2015-10-30T16:29:00.443+0000: 7007.624: [GC (CMS Final Remark) [YG occupancy: 19160 K (36288 K)]7007.624: [Rescan (parallel) , 0.0076914 secs]7007.632: [weak refs processing, 0.0000184 secs]7007.632: [class unloading, 0.0150721 secs]7007.647: [scrub symbol table, 0.0065433 secs]7007.653: [scrub string table, 0.0007787 secs][1 CMS-remark: 109363K(206856K)] 128524K(243144K), 0.0315889 secs] [Times: user=0.05 sys=0.00, real=0.03 secs] 
2015-10-30T16:29:00.477+0000: 7007.657: [CMS-concurrent-sweep-start]
2015-10-30T16:29:00.488+0000: 7007.669: [GC (Allocation Failure) 7007.669: [ParNew: 34017K->3968K(36288K), 0.0046035 secs] 142617K->113659K(243144K), 0.0046746 secs] [Times: user=0.02 sys=0.00, real=0.00 secs] 
2015-10-30T16:29:00.514+0000: 7007.694: [GC (Allocation Failure) 7007.694: [ParNew: 35943K->2874K(36288K), 0.0049704 secs] 137006K->106656K(243144K), 0.0050440 secs] [Times: user=0.01 sys=0.00, real=0.01 secs] 
2015-10-30T16:29:00.535+0000: 7007.715: [CMS-concurrent-sweep: 0.045/0.058 secs] [Times: user=0.18 sys=0.00, real=0.06 secs] 
2015-10-30T16:29:00.535+0000: 7007.715: [CMS-concurrent-reset-start]
2015-10-30T16:29:00.537+0000: 7007.718: [CMS-concurrent-reset: 0.002/0.002 secs] [Times: user=0.00 sys=0.00, real=0.01 secs] 
2015-10-30T16:29:00.997+0000: 7008.178: [GC (Allocation Failure) 7008.178: [ParNew: 35194K->3968K(36288K), 0.0146244 secs] 119628K->101210K(243144K), 0.0147034 secs] [Times: user=0.06 sys=0.00, real=0.01 secs] 
2015-10-30T16:29:01.033+0000: 7008.214: [GC (Allocation Failure) 7008.214: [ParNew: 36288K->2246K(36288K), 0.0044919 secs] 133530K->103381K(243144K), 0.0045686 secs] [Times: user=0.02 sys=0.00, real=0.01 secs] 
2015-10-30T16:29:01.038+0000: 7008.219: [GC (CMS Initial Mark) [1 CMS-initial-mark: 101135K(206856K)] 103474K(243144K), 0.0015769 secs] [Times: user=0.00 sys=0.00, real=0.00 secs] 
2015-10-30T16:29:01.040+0000: 7008.220: [CMS-concurrent-mark-start]
2015-10-30T16:29:01.062+0000: 7008.243: [GC (Allocation Failure) 7008.243: [ParNew: 34566K->2340K(36288K), 0.0026511 secs] 135701K->103475K(243144K), 0.0027086 secs] [Times: user=0.01 sys=0.00, real=0.00 secs] 
2015-10-30T16:29:01.087+0000: 7008.267: [GC (Allocation Failure) 7008.267: [ParNew: 34660K->3613K(36288K), 0.0039712 secs] 135795K->104749K(243144K), 0.0040428 secs] [Times: user=0.02 sys=0.00, real=0.00 secs] 
2015-10-30T16:29:01.107+0000: 7008.288: [CMS-concurrent-mark: 0.060/0.067 secs] [Times: user=0.26 sys=0.00, real=0.07 secs] 
2015-10-30T16:29:01.107+0000: 7008.288: [CMS-concurrent-preclean-start]
2015-10-30T16:29:01.109+0000: 7008.290: [CMS-concurrent-preclean: 0.002/0.002 secs] [Times: user=0.01 sys=0.00, real=0.00 secs] 
2015-10-30T16:29:01.109+0000: 7008.290: [CMS-concurrent-abortable-preclean-start]
2015-10-30T16:29:01.117+0000: 7008.298: [GC (Allocation Failure) 7008.298: [ParNew: 35933K->3184K(36288K), 0.0051174 secs] 137069K->105855K(243144K), 0.0051835 secs] [Times: user=0.01 sys=0.00, real=0.00 secs] 
2015-10-30T16:29:01.147+0000: 7008.328: [GC (Allocation Failure) 7008.328: [ParNew: 35504K->2242K(36288K), 0.0026775 secs] 138175K->104913K(243144K), 0.0027490 secs] [Times: user=0.01 sys=0.00, real=0.00 secs] 
2015-10-30T16:29:01.150+0000: 7008.330: [CMS-concurrent-abortable-preclean: 0.028/0.041 secs] [Times: user=0.14 sys=0.00, real=0.04 secs] 
2015-10-30T16:29:01.157+0000: 7008.338: [GC (CMS Final Remark) [YG occupancy: 8036 K (36288 K)]7008.338: [Rescan (parallel) , 0.0052166 secs]7008.343: [weak refs processing, 0.0000167 secs]7008.343: [class unloading, 0.0150573 secs]7008.358: [scrub symbol table, 0.0065705 secs]7008.365: [scrub string table, 0.0007557 secs][1 CMS-remark: 102670K(206856K)] 110707K(243144K), 0.0291331 secs] [Times: user=0.05 sys=0.00, real=0.03 secs] 
2015-10-30T16:29:01.187+0000: 7008.367: [CMS-concurrent-sweep-start]
2015-10-30T16:29:01.203+0000: 7008.384: [GC (Allocation Failure) 7008.384: [ParNew: 34562K->3508K(36288K), 0.0033327 secs] 131187K->100133K(243144K), 0.0033951 secs] [Times: user=0.01 sys=0.00, real=0.01 secs] 
2015-10-30T16:29:01.230+0000: 7008.411: [GC (Allocation Failure) 7008.411: [ParNew: 35828K->2738K(36288K), 0.0039306 secs] 121256K->88780K(243144K), 0.0039919 secs] [Times: user=0.02 sys=0.00, real=0.00 secs] 
2015-10-30T16:29:01.241+0000: 7008.421: [CMS-concurrent-sweep: 0.043/0.054 secs] [Times: user=0.20 sys=0.00, real=0.05 secs] 
2015-10-30T16:29:01.241+0000: 7008.421: [CMS-concurrent-reset-start]
2015-10-30T16:29:01.244+0000: 7008.424: [CMS-concurrent-reset: 0.003/0.003 secs] [Times: user=0.01 sys=0.00, real=0.00 secs] 
2015-10-30T16:29:01.259+0000: 7008.439: [GC (Allocation Failure) 7008.439: [ParNew: 35019K->3968K(36288K), 0.0028076 secs] 115494K->84442K(243144K), 0.0028692 secs] [Times: user=0.01 sys=0.00, real=0.00 secs] 
2015-10-30T16:29:02.883+0000: 7010.063: [GC (Allocation Failure) 7010.063: [ParNew: 36272K->2908K(36288K), 0.0046179 secs] 116747K->87544K(243144K), 0.0046782 secs] [Times: user=0.01 sys=0.00, real=0.01 secs] 
2015-10-30T16:29:10.990+0000: 7018.170: [GC (Allocation Failure) 7018.170: [ParNew: 35228K->3968K(36288K), 0.0155965 secs] 119864K->100852K(243144K), 0.0156789 secs] [Times: user=0.05 sys=0.00, real=0.02 secs] 
2015-10-30T16:29:11.024+0000: 7018.205: [GC (Allocation Failure) 7018.205: [ParNew: 36288K->2053K(36288K), 0.0040335 secs] 133172K->102690K(243144K), 0.0040868 secs] [Times: user=0.01 sys=0.00, real=0.01 secs] 
2015-10-30T16:29:11.049+0000: 7018.230: [GC (Allocation Failure) 7018.230: [ParNew: 34373K->2198K(36288K), 0.0025858 secs] 135010K->102835K(243144K), 0.0026447 secs] [Times: user=0.01 sys=0.00, real=0.00 secs] 
2015-10-30T16:29:11.071+0000: 7018.251: [GC (Allocation Failure) 7018.251: [ParNew: 34518K->2901K(36288K), 0.0031486 secs] 135155K->103537K(243144K), 0.0031977 secs] [Times: user=0.01 sys=0.00, real=0.00 secs] 
2015-10-30T16:29:11.097+0000: 7018.278: [GC (Allocation Failure) 7018.278: [ParNew: 35221K->2964K(36288K), 0.0041967 secs] 135857K->104408K(243144K), 0.0042466 secs] [Times: user=0.02 sys=0.00, real=0.00 secs] 
2015-10-30T16:29:11.121+0000: 7018.301: [GC (Allocation Failure) 7018.301: [ParNew: 35284K->2573K(36288K), 0.0039517 secs] 136728K->104705K(243144K), 0.0040130 secs] [Times: user=0.02 sys=0.00, real=0.00 secs] 
2015-10-30T16:29:11.142+0000: 7018.322: [GC (Allocation Failure) 7018.322: [ParNew: 34893K->2523K(36288K), 0.0037944 secs] 137025K->105299K(243144K), 0.0038554 secs] [Times: user=0.01 sys=0.00, real=0.01 secs] 
2015-10-30T16:29:11.164+0000: 7018.345: [GC (Allocation Failure) 7018.345: [ParNew: 34843K->2808K(36288K), 0.0027647 secs] 137619K->105584K(243144K), 0.0028275 secs] [Times: user=0.01 sys=0.00, real=0.01 secs] 
2015-10-30T16:29:11.190+0000: 7018.370: [GC (Allocation Failure) 7018.370: [ParNew: 35128K->3877K(36288K), 0.0027475 secs] 137904K->106652K(243144K), 0.0028064 secs] [Times: user=0.01 sys=0.00, real=0.00 secs] 
2015-10-30T16:29:13.981+0000: 7021.161: [GC (Allocation Failure) 7021.161: [ParNew: 36197K->2479K(36288K), 0.0053419 secs] 138972K->109450K(243144K), 0.0054183 secs] [Times: user=0.02 sys=0.00, real=0.01 secs] 
2015-10-30T16:29:20.990+0000: 7028.170: [GC (Allocation Failure) 7028.170: [ParNew: 34799K->3968K(36288K), 0.0151893 secs] 141770K->123421K(243144K), 0.0152695 secs] [Times: user=0.05 sys=0.00, real=0.01 secs] 
2015-10-30T16:29:21.024+0000: 7028.204: [GC (Allocation Failure) 7028.204: [ParNew: 36288K->2685K(36288K), 0.0055739 secs] 155741K->125990K(243144K), 0.0056359 secs] [Times: user=0.02 sys=0.00, real=0.01 secs] 
2015-10-30T16:29:21.049+0000: 7028.230: [GC (Allocation Failure) 7028.230: [ParNew: 35005K->2259K(36288K), 0.0026347 secs] 158310K->125565K(243144K), 0.0026916 secs] [Times: user=0.01 sys=0.00, real=0.00 secs] 
2015-10-30T16:29:21.070+0000: 7028.250: [GC (Allocation Failure) 7028.250: [ParNew: 34579K->3024K(36288K), 0.0028559 secs] 157885K->126329K(243144K), 0.0029128 secs] [Times: user=0.01 sys=0.00, real=0.00 secs] 
2015-10-30T16:29:21.097+0000: 7028.278: [GC (Allocation Failure) 7028.278: [ParNew: 35344K->2944K(36288K), 0.0042864 secs] 158649K->127055K(243144K), 0.0043371 secs] [Times: user=0.02 sys=0.00, real=0.00 secs] 
2015-10-30T16:29:21.125+0000: 7028.306: [GC (Allocation Failure) 7028.306: [ParNew: 35264K->3068K(36288K), 0.0038183 secs] 159375K->127848K(243144K), 0.0038806 secs] [Times: user=0.02 sys=0.00, real=0.00 secs] 
2015-10-30T16:29:21.148+0000: 7028.328: [GC (Allocation Failure) 7028.328: [ParNew: 35388K->3914K(36288K), 0.0036025 secs] 160168K->128694K(243144K), 0.0036654 secs] [Times: user=0.01 sys=0.00, real=0.00 secs] 
2015-10-30T16:29:21.173+0000: 7028.354: [GC (Allocation Failure) 7028.354: [ParNew: 36234K->3281K(36288K), 0.0045474 secs] 161014K->129258K(243144K), 0.0046223 secs] [Times: user=0.01 sys=0.00, real=0.01 secs] 
2015-10-30T16:29:21.202+0000: 7028.382: [GC (Allocation Failure) 7028.382: [ParNew: 35219K->3849K(36288K), 0.0024178 secs] 161196K->129826K(243144K), 0.0024777 secs] [Times: user=0.01 sys=0.00, real=0.00 secs] 
2015-10-30T16:29:27.792+0000: 7034.972: [GC (Allocation Failure) 7034.972: [ParNew: 36169K->1903K(36288K), 0.0043627 secs] 162146K->131762K(243144K), 0.0044394 secs] [Times: user=0.02 sys=0.00, real=0.00 secs] 
2015-10-30T16:29:31.013+0000: 7038.194: [GC (Allocation Failure) 7038.194: [ParNew: 34223K->3968K(36288K), 0.0160761 secs] 164082K->145905K(243144K), 0.0161696 secs] [Times: user=0.06 sys=0.00, real=0.02 secs] 
2015-10-30T16:29:31.048+0000: 7038.229: [GC (Allocation Failure) 7038.229: [ParNew: 36288K->2014K(36288K), 0.0044606 secs] 178225K->147665K(243144K), 0.0045141 secs] [Times: user=0.02 sys=0.00, real=0.00 secs] 
2015-10-30T16:29:31.071+0000: 7038.251: [GC (Allocation Failure) 7038.251: [ParNew: 34334K->2117K(36288K), 0.0031728 secs] 179985K->147768K(243144K), 0.0032342 secs] [Times: user=0.01 sys=0.00, real=0.00 secs] 
2015-10-30T16:29:31.093+0000: 7038.274: [GC (Allocation Failure) 7038.274: [ParNew: 34437K->3030K(36288K), 0.0036878 secs] 180088K->148681K(243144K), 0.0037376 secs] [Times: user=0.01 sys=0.00, real=0.00 secs] 
2015-10-30T16:29:31.119+0000: 7038.299: [GC (Allocation Failure) 7038.299: [ParNew: 35350K->3033K(36288K), 0.0050674 secs] 181001K->149475K(243144K), 0.0051188 secs] [Times: user=0.02 sys=0.00, real=0.00 secs] 
2015-10-30T16:29:31.144+0000: 7038.325: [GC (Allocation Failure) 7038.325: [ParNew: 35353K->2554K(36288K), 0.0045509 secs] 181795K->149666K(243144K), 0.0046241 secs] [Times: user=0.01 sys=0.00, real=0.01 secs] 
2015-10-30T16:29:31.166+0000: 7038.346: [GC (Allocation Failure) 7038.346: [ParNew: 34874K->3039K(36288K), 0.0041937 secs] 181986K->150787K(243144K), 0.0042561 secs] [Times: user=0.02 sys=0.00, real=0.00 secs] 
2015-10-30T16:29:31.193+0000: 7038.374: [GC (Allocation Failure) 7038.374: [ParNew: 35359K->2357K(36288K), 0.0032663 secs] 183107K->150106K(243144K), 0.0033253 secs] [Times: user=0.01 sys=0.00, real=0.00 secs] 
2015-10-30T16:29:31.223+0000: 7038.403: [GC (Allocation Failure) 7038.403: [ParNew: 34677K->3968K(36288K), 0.0035928 secs] 182426K->152360K(243144K), 0.0036667 secs] [Times: user=0.01 sys=0.00, real=0.01 secs] 
2015-10-30T16:29:38.993+0000: 7046.174: [GC (Allocation Failure) 7046.174: [ParNew: 36288K->2370K(36288K), 0.0053155 secs] 184680K->155410K(243144K), 0.0053845 secs] [Times: user=0.02 sys=0.00, real=0.01 secs] 
2015-10-30T16:29:40.990+0000: 7048.170: [GC (Allocation Failure) 7048.170: [ParNew: 34690K->3968K(36288K), 0.0155963 secs] 187730K->168619K(243144K), 0.0156807 secs] [Times: user=0.06 sys=0.00, real=0.02 secs] 
2015-10-30T16:29:41.022+0000: 7048.202: [GC (Allocation Failure) 7048.202: [ParNew: 36288K->1716K(36288K), 0.0043557 secs] 200939K->170125K(243144K), 0.0044243 secs] [Times: user=0.02 sys=0.00, real=0.01 secs] 
2015-10-30T16:29:41.045+0000: 7048.226: [GC (Allocation Failure) 7048.226: [ParNew: 34036K->2029K(36288K), 0.0030348 secs] 202445K->170439K(243144K), 0.0031023 secs] [Times: user=0.02 sys=0.00, real=0.00 secs] 
2015-10-30T16:29:41.069+0000: 7048.249: [GC (Allocation Failure) 7048.249: [ParNew: 34349K->2717K(36288K), 0.0034609 secs] 202759K->171126K(243144K), 0.0035125 secs] [Times: user=0.01 sys=0.00, real=0.00 secs] 
2015-10-30T16:29:41.093+0000: 7048.273: [GC (Allocation Failure) 7048.273: [ParNew: 35037K->3435K(36288K), 0.0050745 secs] 203446K->172594K(243144K), 0.0051277 secs] [Times: user=0.02 sys=0.00, real=0.01 secs] 
2015-10-30T16:29:41.117+0000: 7048.298: [GC (Allocation Failure) 7048.298: [ParNew: 35755K->3245K(36288K), 0.0045936 secs] 204914K->173094K(243144K), 0.0046574 secs] [Times: user=0.02 sys=0.00, real=0.00 secs] 
2015-10-30T16:29:41.139+0000: 7048.319: [GC (Allocation Failure) 7048.319: [ParNew: 35565K->2573K(36288K), 0.0041832 secs] 205414K->173034K(243144K), 0.0042477 secs] [Times: user=0.02 sys=0.00, real=0.00 secs] 
2015-10-30T16:29:41.165+0000: 7048.346: [GC (Allocation Failure) 7048.346: [ParNew: 34893K->2724K(36288K), 0.0031550 secs] 205354K->173185K(243144K), 0.0032291 secs] [Times: user=0.01 sys=0.00, real=0.00 secs] 
2015-10-30T16:29:41.202+0000: 7048.382: [GC (Allocation Failure) 7048.382: [ParNew: 35044K->3968K(36288K), 0.0043756 secs] 205505K->176990K(243144K), 0.0044413 secs] [Times: user=0.01 sys=0.00, real=0.01 secs] 
2015-10-30T16:29:41.206+0000: 7048.387: [GC (CMS Initial Mark) [1 CMS-initial-mark: 173022K(206856K)] 177032K(243144K), 0.0016967 secs] [Times: user=0.01 sys=0.00, real=0.00 secs] 
2015-10-30T16:29:41.208+0000: 7048.389: [CMS-concurrent-mark-start]
2015-10-30T16:29:41.246+0000: 7048.427: [CMS-concurrent-mark: 0.038/0.038 secs] [Times: user=0.08 sys=0.00, real=0.04 secs] 
2015-10-30T16:29:41.246+0000: 7048.427: [CMS-concurrent-preclean-start]
2015-10-30T16:29:41.248+0000: 7048.428: [CMS-concurrent-preclean: 0.001/0.001 secs] [Times: user=0.00 sys=0.00, real=0.00 secs] 
2015-10-30T16:29:41.248+0000: 7048.428: [CMS-concurrent-abortable-preclean-start]
 CMS: abort preclean due to time 2015-10-30T16:29:46.306+0000: 7053.487: [CMS-concurrent-abortable-preclean: 1.151/5.059 secs] [Times: user=1.24 sys=0.00, real=5.06 secs] 
2015-10-30T16:29:46.307+0000: 7053.487: [GC (CMS Final Remark) [YG occupancy: 31511 K (36288 K)]7053.487: [Rescan (parallel) , 0.0018676 secs]7053.489: [weak refs processing, 0.0000280 secs]7053.489: [class unloading, 0.0152311 secs]7053.504: [scrub symbol table, 0.0065419 secs]7053.511: [scrub string table, 0.0007502 secs][1 CMS-remark: 173022K(206856K)] 204533K(243144K), 0.0258593 secs] [Times: user=0.04 sys=0.00, real=0.02 secs] 
2015-10-30T16:29:46.333+0000: 7053.513: [CMS-concurrent-sweep-start]
2015-10-30T16:29:46.407+0000: 7053.588: [CMS-concurrent-sweep: 0.074/0.074 secs] [Times: user=0.07 sys=0.00, real=0.08 secs] 
2015-10-30T16:29:46.407+0000: 7053.588: [CMS-concurrent-reset-start]
2015-10-30T16:29:46.410+0000: 7053.590: [CMS-concurrent-reset: 0.002/0.002 secs] [Times: user=0.00 sys=0.00, real=0.00 secs] 
2015-10-30T16:29:48.410+0000: 7055.590: [GC (CMS Initial Mark) [1 CMS-initial-mark: 75452K(206856K)] 108513K(243144K), 0.0025784 secs] [Times: user=0.01 sys=0.00, real=0.00 secs] 
2015-10-30T16:29:48.412+0000: 7055.593: [CMS-concurrent-mark-start]
2015-10-30T16:29:48.450+0000: 7055.630: [CMS-concurrent-mark: 0.037/0.037 secs] [Times: user=0.03 sys=0.00, real=0.04 secs] 
2015-10-30T16:29:48.450+0000: 7055.630: [CMS-concurrent-preclean-start]
2015-10-30T16:29:48.451+0000: 7055.632: [CMS-concurrent-preclean: 0.002/0.002 secs] [Times: user=0.01 sys=0.00, real=0.00 secs] 
2015-10-30T16:29:48.451+0000: 7055.632: [CMS-concurrent-abortable-preclean-start]
2015-10-30T16:29:50.953+0000: 7058.133: [GC (Allocation Failure) 7058.133: [ParNew: 36267K->3967K(36288K), 0.0050231 secs] 111719K->83659K(243144K), 0.0050954 secs] [Times: user=0.02 sys=0.00, real=0.01 secs] 
2015-10-30T16:29:50.997+0000: 7058.178: [GC (Allocation Failure) 7058.178: [ParNew: 36287K->3968K(36288K), 0.0127203 secs] 115979K->94825K(243144K), 0.0127984 secs] [Times: user=0.05 sys=0.00, real=0.01 secs] 
2015-10-30T16:29:51.031+0000: 7058.211: [GC (Allocation Failure) 7058.211: [ParNew: 36288K->3253K(36288K), 0.0055596 secs] 127145K->98111K(243144K), 0.0056288 secs] [Times: user=0.02 sys=0.00, real=0.00 secs] 
2015-10-30T16:29:51.056+0000: 7058.237: [GC (Allocation Failure) 7058.237: [ParNew: 35573K->2091K(36288K), 0.0024788 secs] 130431K->96950K(243144K), 0.0025378 secs] [Times: user=0.01 sys=0.00, real=0.01 secs] 
2015-10-30T16:29:51.074+0000: 7058.254: [CMS-concurrent-abortable-preclean: 0.617/2.622 secs] [Times: user=0.96 sys=0.00, real=2.62 secs] 
2015-10-30T16:29:51.077+0000: 7058.258: [GC (CMS Final Remark) [YG occupancy: 34411 K (36288 K)]7058.258: [Rescan (parallel) , 0.0202371 secs]7058.278: [weak refs processing, 0.0000248 secs]7058.278: [class unloading, 0.0146272 secs]7058.293: [scrub symbol table, 0.0065154 secs]7058.299: [scrub string table, 0.0007438 secs][1 CMS-remark: 94858K(206856K)] 129270K(243144K), 0.0436082 secs] [Times: user=0.10 sys=0.00, real=0.04 secs] 
2015-10-30T16:29:51.121+0000: 7058.302: [CMS-concurrent-sweep-start]
2015-10-30T16:29:51.122+0000: 7058.302: [GC (Allocation Failure) 7058.302: [ParNew: 34411K->3127K(36288K), 0.0036062 secs] 129270K->97986K(243144K), 0.0036451 secs] [Times: user=0.02 sys=0.00, real=0.01 secs] 
2015-10-30T16:29:51.150+0000: 7058.330: [GC (Allocation Failure) 7058.330: [ParNew: 35447K->3091K(36288K), 0.0048998 secs] 126716K->95098K(243144K), 0.0049612 secs] [Times: user=0.02 sys=0.00, real=0.00 secs] 
2015-10-30T16:29:51.177+0000: 7058.358: [GC (Allocation Failure) 7058.358: [ParNew: 35411K->3810K(36288K), 0.0052357 secs] 127385K->96504K(243144K), 0.0053036 secs] [Times: user=0.02 sys=0.00, real=0.00 secs] 
2015-10-30T16:29:51.194+0000: 7058.375: [CMS-concurrent-sweep: 0.058/0.073 secs] [Times: user=0.28 sys=0.00, real=0.07 secs] 
2015-10-30T16:29:51.194+0000: 7058.375: [CMS-concurrent-reset-start]
2015-10-30T16:29:51.197+0000: 7058.377: [CMS-concurrent-reset: 0.003/0.003 secs] [Times: user=0.01 sys=0.00, real=0.00 secs] 
2015-10-30T16:29:51.204+0000: 7058.385: [GC (Allocation Failure) 7058.385: [ParNew: 36130K->2383K(36288K), 0.0040026 secs] 127798K->94651K(243144K), 0.0040679 secs] [Times: user=0.02 sys=0.00, real=0.01 secs] 
2015-10-30T16:29:51.229+0000: 7058.410: [GC (Allocation Failure) 7058.410: [ParNew: 34703K->2304K(36288K), 0.0027568 secs] 126971K->94572K(243144K), 0.0028142 secs] [Times: user=0.01 sys=0.00, real=0.00 secs] 
2015-10-30T16:29:51.265+0000: 7058.445: [GC (Allocation Failure) 7058.445: [ParNew: 32513K->3968K(36288K), 0.0034378 secs] 124781K->99385K(243144K), 0.0035007 secs] [Times: user=0.02 sys=0.00, real=0.01 secs] 
2015-10-30T16:29:51.269+0000: 7058.449: [GC (CMS Initial Mark) [1 CMS-initial-mark: 95417K(206856K)] 104703K(243144K), 0.0015908 secs] [Times: user=0.00 sys=0.00, real=0.00 secs] 
2015-10-30T16:29:51.271+0000: 7058.451: [CMS-concurrent-mark-start]
2015-10-30T16:29:51.328+0000: 7058.509: [CMS-concurrent-mark: 0.058/0.058 secs] [Times: user=0.12 sys=0.00, real=0.06 secs] 
2015-10-30T16:29:51.329+0000: 7058.509: [CMS-concurrent-preclean-start]
2015-10-30T16:29:51.331+0000: 7058.511: [CMS-concurrent-preclean: 0.002/0.002 secs] [Times: user=0.00 sys=0.00, real=0.00 secs] 
2015-10-30T16:29:51.345+0000: 7058.526: [CMS-concurrent-abortable-preclean-start]
 CMS: abort preclean due to time 2015-10-30T16:29:56.360+0000: 7063.540: [CMS-concurrent-abortable-preclean: 1.308/5.015 secs] [Times: user=1.37 sys=0.01, real=5.01 secs] 
2015-10-30T16:29:56.360+0000: 7063.541: [GC (CMS Final Remark) [YG occupancy: 30807 K (36288 K)]7063.542: [Rescan (parallel) , 0.0019329 secs]7063.544: [weak refs processing, 0.0000230 secs]7063.544: [class unloading, 0.0154896 secs]7063.559: [scrub symbol table, 0.0066326 secs]7063.566: [scrub string table, 0.0007593 secs][1 CMS-remark: 95417K(206856K)] 126225K(243144K), 0.0275066 secs] [Times: user=0.04 sys=0.00, real=0.03 secs] 
2015-10-30T16:29:56.388+0000: 7063.568: [CMS-concurrent-sweep-start]
2015-10-30T16:29:56.490+0000: 7063.671: [CMS-concurrent-sweep: 0.103/0.103 secs] [Times: user=0.10 sys=0.01, real=0.10 secs] 
2015-10-30T16:29:56.490+0000: 7063.671: [CMS-concurrent-reset-start]
2015-10-30T16:29:56.493+0000: 7063.673: [CMS-concurrent-reset: 0.002/0.002 secs] [Times: user=0.00 sys=0.00, real=0.00 secs] 
2015-10-30T16:29:58.493+0000: 7065.674: [GC (CMS Initial Mark) [1 CMS-initial-mark: 74137K(206856K)] 106481K(243144K), 0.0030183 secs] [Times: user=0.01 sys=0.00, real=0.00 secs] 
2015-10-30T16:29:58.496+0000: 7065.677: [CMS-concurrent-mark-start]
2015-10-30T16:29:58.533+0000: 7065.714: [CMS-concurrent-mark: 0.037/0.037 secs] [Times: user=0.04 sys=0.00, real=0.04 secs] 
2015-10-30T16:29:58.533+0000: 7065.714: [CMS-concurrent-preclean-start]
2015-10-30T16:29:58.535+0000: 7065.716: [CMS-concurrent-preclean: 0.002/0.002 secs] [Times: user=0.00 sys=0.00, real=0.00 secs] 
2015-10-30T16:29:58.535+0000: 7065.716: [CMS-concurrent-abortable-preclean-start]
2015-10-30T16:30:00.063+0000: 7067.243: [GC (Allocation Failure) 7067.243: [ParNew: 36268K->3968K(36288K), 0.0058473 secs] 110406K->80588K(243144K), 0.0059321 secs] [Times: user=0.02 sys=0.00, real=0.01 secs] 
2015-10-30T16:30:00.093+0000: 7067.274: [GC (Allocation Failure) 7067.274: [ParNew: 36288K->3968K(36288K), 0.0151444 secs] 112908K->95281K(243144K), 0.0152375 secs] [Times: user=0.05 sys=0.00, real=0.02 secs] 
2015-10-30T16:30:00.131+0000: 7067.311: [GC (Allocation Failure) 7067.311: [ParNew: 36288K->3968K(36288K), 0.0130364 secs] 127601K->105797K(243144K), 0.0131266 secs] [Times: user=0.05 sys=0.00, real=0.01 secs] 
2015-10-30T16:30:00.166+0000: 7067.346: [GC (Allocation Failure) 7067.346: [ParNew: 36288K->3968K(36288K), 0.0172414 secs] 138117K->116986K(243144K), 0.0173370 secs] [Times: user=0.06 sys=0.00, real=0.01 secs] 
2015-10-30T16:30:00.183+0000: 7067.363: [CMS-concurrent-abortable-preclean: 0.435/1.648 secs] [Times: user=0.85 sys=0.00, real=1.65 secs] 
2015-10-30T16:30:00.185+0000: 7067.366: [GC (CMS Final Remark) [YG occupancy: 7179 K (36288 K)]7067.366: [Rescan (parallel) , 0.0089014 secs]7067.375: [weak refs processing, 0.0000190 secs]7067.375: [class unloading, 0.0152244 secs]7067.390: [scrub symbol table, 0.0066071 secs]7067.397: [scrub string table, 0.0007592 secs][1 CMS-remark: 113018K(206856K)] 120198K(243144K), 0.0330428 secs] [Times: user=0.05 sys=0.00, real=0.03 secs] 
2015-10-30T16:30:00.219+0000: 7067.399: [CMS-concurrent-sweep-start]
2015-10-30T16:30:00.238+0000: 7067.418: [GC (Allocation Failure) 7067.418: [ParNew: 36288K->3968K(36288K), 0.0080344 secs] 145920K->117569K(243144K), 0.0081122 secs] [Times: user=0.03 sys=0.00, real=0.01 secs] 
2015-10-30T16:30:00.264+0000: 7067.445: [CMS-concurrent-sweep: 0.037/0.046 secs] [Times: user=0.18 sys=0.00, real=0.04 secs] 
2015-10-30T16:30:00.265+0000: 7067.445: [CMS-concurrent-reset-start]
2015-10-30T16:30:00.267+0000: 7067.448: [CMS-concurrent-reset: 0.003/0.003 secs] [Times: user=0.01 sys=0.00, real=0.01 secs] 
2015-10-30T16:30:00.268+0000: 7067.449: [GC (Allocation Failure) 7067.449: [ParNew: 36288K->2701K(36288K), 0.0056822 secs] 148929K->116571K(243144K), 0.0057342 secs] [Times: user=0.02 sys=0.00, real=0.00 secs] 
2015-10-30T16:30:00.279+0000: 7067.460: [GC (CMS Initial Mark) [1 CMS-initial-mark: 113869K(206856K)] 124070K(243144K), 0.0055729 secs] [Times: user=0.02 sys=0.00, real=0.00 secs] 
2015-10-30T16:30:00.285+0000: 7067.465: [CMS-concurrent-mark-start]
2015-10-30T16:30:00.299+0000: 7067.480: [GC (Allocation Failure) 7067.480: [ParNew: 35021K->3137K(36288K), 0.0037548 secs] 148891K->117007K(243144K), 0.0038313 secs] [Times: user=0.01 sys=0.00, real=0.00 secs] 
2015-10-30T16:30:00.323+0000: 7067.504: [GC (Allocation Failure) 7067.504: [ParNew: 35457K->3942K(36288K), 0.0062804 secs] 149327K->119109K(243144K), 0.0063603 secs] [Times: user=0.02 sys=0.00, real=0.01 secs] 
2015-10-30T16:30:00.348+0000: 7067.529: [GC (Allocation Failure) 7067.529: [ParNew: 36022K->2995K(36288K), 0.0036357 secs] 151190K->118514K(243144K), 0.0036953 secs] [Times: user=0.01 sys=0.00, real=0.00 secs] 
2015-10-30T16:30:00.387+0000: 7067.567: [GC (Allocation Failure) 7067.567: [ParNew: 35543K->3968K(36288K), 0.0088611 secs] 151062K->123815K(243144K), 0.0089393 secs] [Times: user=0.03 sys=0.00, real=0.00 secs] 
2015-10-30T16:30:00.420+0000: 7067.600: [GC (GCLocker Initiated GC) 7067.600: [ParNew: 33177K->3633K(36288K), 0.0170040 secs] 153025K->125438K(243144K), 0.0170872 secs] [Times: user=0.05 sys=0.00, real=0.01 secs] 
2015-10-30T16:30:00.470+0000: 7067.650: [CMS-concurrent-mark: 0.124/0.185 secs] [Times: user=0.64 sys=0.03, real=0.19 secs] 
2015-10-30T16:30:00.470+0000: 7067.650: [CMS-concurrent-preclean-start]
2015-10-30T16:30:00.474+0000: 7067.654: [GC (Allocation Failure) 7067.654: [ParNew: 35953K->3968K(36288K), 0.0077906 secs] 157758K->129234K(243144K), 0.0078489 secs] [Times: user=0.03 sys=0.00, real=0.01 secs] 
2015-10-30T16:30:00.494+0000: 7067.675: [CMS-concurrent-preclean: 0.015/0.025 secs] [Times: user=0.08 sys=0.00, real=0.02 secs] 
2015-10-30T16:30:00.494+0000: 7067.675: [CMS-concurrent-abortable-preclean-start]
2015-10-30T16:30:00.515+0000: 7067.696: [CMS-concurrent-abortable-preclean: 0.021/0.021 secs] [Times: user=0.05 sys=0.00, real=0.02 secs] 
2015-10-30T16:30:00.516+0000: 7067.696: [GC (CMS Final Remark) [YG occupancy: 30675 K (36288 K)]7067.696: [Rescan (parallel) , 0.0142051 secs]7067.710: [weak refs processing, 0.0000304 secs]7067.710: [class unloading, 0.0147149 secs]7067.725: [scrub symbol table, 0.0066595 secs]7067.732: [scrub string table, 0.0007515 secs][1 CMS-remark: 125266K(206856K)] 155942K(243144K), 0.0378414 secs] [Times: user=0.08 sys=0.00, real=0.04 secs] 
2015-10-30T16:30:00.554+0000: 7067.734: [CMS-concurrent-sweep-start]
2015-10-30T16:30:00.590+0000: 7067.770: [CMS-concurrent-sweep: 0.036/0.036 secs] [Times: user=0.04 sys=0.00, real=0.04 secs] 
2015-10-30T16:30:00.590+0000: 7067.770: [CMS-concurrent-reset-start]
2015-10-30T16:30:00.592+0000: 7067.773: [CMS-concurrent-reset: 0.003/0.003 secs] [Times: user=0.00 sys=0.00, real=0.00 secs] 
2015-10-30T16:30:00.958+0000: 7068.139: [GC (Allocation Failure) 7068.139: [ParNew: 36266K->3968K(36288K), 0.0048127 secs] 129973K->99457K(243144K), 0.0048856 secs] [Times: user=0.02 sys=0.00, real=0.00 secs] 
2015-10-30T16:30:01.006+0000: 7068.186: [GC (Allocation Failure) 7068.186: [ParNew: 36288K->3968K(36288K), 0.0152259 secs] 131777K->112383K(243144K), 0.0153083 secs] [Times: user=0.05 sys=0.00, real=0.01 secs] 
2015-10-30T16:30:01.022+0000: 7068.202: [GC (CMS Initial Mark) [1 CMS-initial-mark: 108415K(206856K)] 113603K(243144K), 0.0020668 secs] [Times: user=0.01 sys=0.00, real=0.00 secs] 
2015-10-30T16:30:01.024+0000: 7068.204: [CMS-concurrent-mark-start]
2015-10-30T16:30:01.045+0000: 7068.226: [GC (Allocation Failure) 7068.226: [ParNew: 36288K->2755K(36288K), 0.0043750 secs] 144703K->114990K(243144K), 0.0044443 secs] [Times: user=0.02 sys=0.00, real=0.00 secs] 
2015-10-30T16:30:01.077+0000: 7068.258: [GC (Allocation Failure) 7068.258: [ParNew: 35075K->1759K(36288K), 0.0024890 secs] 147310K->113995K(243144K), 0.0025476 secs] [Times: user=0.01 sys=0.00, real=0.00 secs] 
2015-10-30T16:30:01.095+0000: 7068.276: [CMS-concurrent-mark: 0.059/0.071 secs] [Times: user=0.24 sys=0.01, real=0.07 secs] 
2015-10-30T16:30:01.095+0000: 7068.276: [CMS-concurrent-preclean-start]
2015-10-30T16:30:01.099+0000: 7068.279: [CMS-concurrent-preclean: 0.003/0.004 secs] [Times: user=0.02 sys=0.00, real=0.01 secs] 
2015-10-30T16:30:01.099+0000: 7068.279: [CMS-concurrent-abortable-preclean-start]
2015-10-30T16:30:01.102+0000: 7068.283: [GC (Allocation Failure) 7068.283: [ParNew: 34079K->2761K(36288K), 0.0026507 secs] 146315K->114996K(243144K), 0.0026911 secs] [Times: user=0.01 sys=0.00, real=0.00 secs] 
2015-10-30T16:30:01.115+0000: 7068.295: [CMS-concurrent-abortable-preclean: 0.005/0.016 secs] [Times: user=0.05 sys=0.00, real=0.01 secs] 
2015-10-30T16:30:01.115+0000: 7068.296: [GC (CMS Final Remark) [YG occupancy: 19894 K (36288 K)]7068.296: [Rescan (parallel) , 0.0115330 secs]7068.307: [weak refs processing, 0.0000252 secs]7068.307: [class unloading, 0.0151828 secs]7068.322: [scrub symbol table, 0.0065253 secs]7068.329: [scrub string table, 0.0007657 secs][1 CMS-remark: 112235K(206856K)] 132130K(243144K), 0.0355479 secs] [Times: user=0.07 sys=0.00, real=0.04 secs] 
2015-10-30T16:30:01.151+0000: 7068.331: [CMS-concurrent-sweep-start]
2015-10-30T16:30:01.163+0000: 7068.344: [GC (Allocation Failure) 7068.344: [ParNew: 35081K->2950K(36288K), 0.0042949 secs] 145229K->113856K(243144K), 0.0043450 secs] [Times: user=0.02 sys=0.00, real=0.01 secs] 
2015-10-30T16:30:01.189+0000: 7068.369: [GC (Allocation Failure) 7068.369: [ParNew: 35270K->3194K(36288K), 0.0046944 secs] 141787K->110429K(243144K), 0.0047648 secs] [Times: user=0.02 sys=0.00, real=0.00 secs] 
2015-10-30T16:30:01.219+0000: 7068.399: [GC (Allocation Failure) 7068.399: [ParNew: 35514K->2518K(36288K), 0.0042420 secs] 130625K->98762K(243144K), 0.0043027 secs] [Times: user=0.01 sys=0.00, real=0.00 secs] 
2015-10-30T16:30:01.249+0000: 7068.429: [GC (Allocation Failure) 7068.429: [ParNew: 34838K->2190K(36288K), 0.0041181 secs] 117867K->85219K(243144K), 0.0041859 secs] [Times: user=0.01 sys=0.00, real=0.00 secs] 
2015-10-30T16:30:01.256+0000: 7068.437: [CMS-concurrent-sweep: 0.083/0.105 secs] [Times: user=0.38 sys=0.00, real=0.10 secs] 
2015-10-30T16:30:01.256+0000: 7068.437: [CMS-concurrent-reset-start]
2015-10-30T16:30:01.264+0000: 7068.445: [CMS-concurrent-reset: 0.008/0.008 secs] [Times: user=0.03 sys=0.00, real=0.01 secs] 
2015-10-30T16:30:01.289+0000: 7068.470: [GC (Allocation Failure) 7068.470: [ParNew: 34342K->3968K(36288K), 0.0026523 secs] 115884K->87605K(243144K), 0.0027146 secs] [Times: user=0.01 sys=0.00, real=0.00 secs] 
2015-10-30T16:30:08.348+0000: 7075.529: [GC (Allocation Failure) 7075.529: [ParNew: 36288K->1742K(36288K), 0.0041901 secs] 119925K->89511K(243144K), 0.0042688 secs] [Times: user=0.02 sys=0.00, real=0.00 secs] 
2015-10-30T16:30:08.430+0000: 7075.610: [GC (Allocation Failure) 7075.610: [ParNew: 35221K->3494K(36288K), 0.0033569 secs] 122990K->91263K(243144K), 0.0034302 secs] [Times: user=0.01 sys=0.00, real=0.00 secs] 
2015-10-30T16:30:08.434+0000: 7075.614: [GC (GCLocker Initiated GC) 7075.614: [ParNew: 3902K->1709K(36288K), 0.0048041 secs] 91671K->92687K(243144K), 0.0048655 secs] [Times: user=0.02 sys=0.00, real=0.01 secs] 
2015-10-30T16:30:08.467+0000: 7075.647: [GC (Allocation Failure) 7075.647: [ParNew: 34029K->3105K(36288K), 0.0039496 secs] 125007K->94083K(243144K), 0.0040071 secs] [Times: user=0.02 sys=0.00, real=0.00 secs] 
2015-10-30T16:30:08.638+0000: 7075.818: [GC (GCLocker Initiated GC) 7075.818: [ParNew: 35653K->2438K(36288K), 0.0050848 secs] 126631K->96065K(243144K), 0.0051482 secs] [Times: user=0.02 sys=0.00, real=0.00 secs] 
2015-10-30T16:30:15.999+0000: 7083.180: [GC (Allocation Failure) 7083.180: [ParNew: 34758K->3968K(36288K), 0.0142370 secs] 128385K->109454K(243144K), 0.0143241 secs] [Times: user=0.05 sys=0.00, real=0.01 secs] 
2015-10-30T16:30:16.032+0000: 7083.213: [GC (Allocation Failure) 7083.213: [ParNew: 36288K->2637K(36288K), 0.0047922 secs] 141774K->111877K(243144K), 0.0048658 secs] [Times: user=0.02 sys=0.00, real=0.01 secs] 
2015-10-30T16:30:16.057+0000: 7083.237: [GC (Allocation Failure) 7083.237: [ParNew: 34957K->2235K(36288K), 0.0028279 secs] 144197K->111474K(243144K), 0.0028879 secs] [Times: user=0.01 sys=0.00, real=0.01 secs] 
2015-10-30T16:30:16.081+0000: 7083.262: [GC (Allocation Failure) 7083.262: [ParNew: 34555K->3003K(36288K), 0.0029478 secs] 143794K->112242K(243144K), 0.0029968 secs] [Times: user=0.02 sys=0.00, real=0.00 secs] 
2015-10-30T16:30:16.105+0000: 7083.285: [GC (Allocation Failure) 7083.285: [ParNew: 35323K->2489K(36288K), 0.0042326 secs] 144562K->112508K(243144K), 0.0042903 secs] [Times: user=0.02 sys=0.00, real=0.01 secs] 
2015-10-30T16:30:16.129+0000: 7083.310: [GC (Allocation Failure) 7083.310: [ParNew: 34797K->3098K(36288K), 0.0043410 secs] 144816K->113799K(243144K), 0.0044006 secs] [Times: user=0.01 sys=0.00, real=0.00 secs] 
2015-10-30T16:30:16.153+0000: 7083.334: [GC (Allocation Failure) 7083.334: [ParNew: 35418K->3053K(36288K), 0.0040432 secs] 146119K->114391K(243144K), 0.0041099 secs] [Times: user=0.01 sys=0.00, real=0.01 secs] 
2015-10-30T16:30:16.177+0000: 7083.358: [GC (Allocation Failure) 7083.358: [ParNew: 35373K->2376K(36288K), 0.0025537 secs] 146711K->113714K(243144K), 0.0026150 secs] [Times: user=0.01 sys=0.00, real=0.00 secs] 
2015-10-30T16:30:16.210+0000: 7083.391: [GC (Allocation Failure) 7083.391: [ParNew: 34591K->3968K(36288K), 0.0039363 secs] 145929K->116416K(243144K), 0.0040101 secs] [Times: user=0.02 sys=0.00, real=0.00 secs] 
2015-10-30T16:30:25.971+0000: 7093.152: [GC (Allocation Failure) 7093.152: [ParNew: 36272K->2712K(36288K), 0.0041644 secs] 148720K->119329K(243144K), 0.0042444 secs] [Times: user=0.02 sys=0.00, real=0.00 secs] 
2015-10-30T16:30:26.017+0000: 7093.197: [GC (Allocation Failure) 7093.197: [ParNew: 35032K->3968K(36288K), 0.0133250 secs] 151649K->132281K(243144K), 0.0134085 secs] [Times: user=0.05 sys=0.00, real=0.02 secs] 
2015-10-30T16:30:26.053+0000: 7093.234: [GC (Allocation Failure) 7093.234: [ParNew: 36288K->1623K(36288K), 0.0036790 secs] 164601K->133774K(243144K), 0.0037425 secs] [Times: user=0.02 sys=0.00, real=0.01 secs] 
2015-10-30T16:30:26.076+0000: 7093.257: [GC (Allocation Failure) 7093.257: [ParNew: 33943K->1880K(36288K), 0.0026458 secs] 166094K->134030K(243144K), 0.0027139 secs] [Times: user=0.01 sys=0.00, real=0.01 secs] 
2015-10-30T16:30:26.099+0000: 7093.280: [GC (Allocation Failure) 7093.280: [ParNew: 34200K->2647K(36288K), 0.0029583 secs] 166350K->134797K(243144K), 0.0030097 secs] [Times: user=0.01 sys=0.00, real=0.00 secs] 
2015-10-30T16:30:26.124+0000: 7093.305: [GC (Allocation Failure) 7093.305: [ParNew: 34967K->3293K(36288K), 0.0060598 secs] 167117K->136219K(243144K), 0.0061366 secs] [Times: user=0.02 sys=0.00, real=0.01 secs] 
2015-10-30T16:30:26.151+0000: 7093.332: [GC (Allocation Failure) 7093.332: [ParNew: 35613K->3155K(36288K), 0.0043341 secs] 168539K->136767K(243144K), 0.0043952 secs] [Times: user=0.02 sys=0.00, real=0.00 secs] 
2015-10-30T16:30:26.174+0000: 7093.355: [GC (Allocation Failure) 7093.355: [ParNew: 35475K->2603K(36288K), 0.0036888 secs] 169087K->136842K(243144K), 0.0037517 secs] [Times: user=0.01 sys=0.00, real=0.01 secs] 
2015-10-30T16:30:26.197+0000: 7093.377: [GC (Allocation Failure) 7093.377: [ParNew: 34923K->3157K(36288K), 0.0025472 secs] 169162K->137396K(243144K), 0.0026060 secs] [Times: user=0.01 sys=0.00, real=0.01 secs] 
2015-10-30T16:30:26.234+0000: 7093.415: [GC (Allocation Failure) 7093.415: [ParNew: 35042K->3968K(36288K), 0.0036539 secs] 169282K->140786K(243144K), 0.0037243 secs] [Times: user=0.02 sys=0.00, real=0.01 secs] 
2015-10-30T16:30:35.965+0000: 7103.146: [GC (Allocation Failure) 7103.146: [ParNew: 36280K->3968K(36288K), 0.0043987 secs] 173098K->145042K(243144K), 0.0044855 secs] [Times: user=0.02 sys=0.00, real=0.00 secs] 
2015-10-30T16:30:36.009+0000: 7103.190: [GC (Allocation Failure) 7103.190: [ParNew: 36288K->3968K(36288K), 0.0147091 secs] 177362K->156736K(243144K), 0.0147964 secs] [Times: user=0.04 sys=0.00, real=0.01 secs] 
2015-10-30T16:30:36.045+0000: 7103.226: [GC (Allocation Failure) 7103.226: [ParNew: 36288K->3665K(36288K), 0.0050411 secs] 189056K->160135K(243144K), 0.0051129 secs] [Times: user=0.02 sys=0.00, real=0.00 secs] 
2015-10-30T16:30:36.069+0000: 7103.250: [GC (Allocation Failure) 7103.250: [ParNew: 35985K->1952K(36288K), 0.0024905 secs] 192455K->158421K(243144K), 0.0025519 secs] [Times: user=0.01 sys=0.00, real=0.00 secs] 
2015-10-30T16:30:36.091+0000: 7103.271: [GC (Allocation Failure) 7103.271: [ParNew: 34272K->2784K(36288K), 0.0032136 secs] 190741K->159253K(243144K), 0.0032737 secs] [Times: user=0.01 sys=0.00, real=0.00 secs] 
2015-10-30T16:30:36.115+0000: 7103.295: [GC (Allocation Failure) 7103.295: [ParNew: 35104K->2926K(36288K), 0.0042588 secs] 191573K->160206K(243144K), 0.0043267 secs] [Times: user=0.02 sys=0.00, real=0.01 secs] 
2015-10-30T16:30:36.141+0000: 7103.322: [GC (Allocation Failure) 7103.322: [ParNew: 35246K->2568K(36288K), 0.0043939 secs] 192526K->160565K(243144K), 0.0044602 secs] [Times: user=0.01 sys=0.00, real=0.01 secs] 
2015-10-30T16:30:36.165+0000: 7103.346: [GC (Allocation Failure) 7103.346: [ParNew: 34888K->3024K(36288K), 0.0052381 secs] 192885K->161613K(243144K), 0.0053011 secs] [Times: user=0.02 sys=0.00, real=0.00 secs] 
2015-10-30T16:30:36.189+0000: 7103.370: [GC (Allocation Failure) 7103.370: [ParNew: 35344K->2276K(36288K), 0.0026069 secs] 193933K->160865K(243144K), 0.0026723 secs] [Times: user=0.01 sys=0.00, real=0.00 secs] 
2015-10-30T16:30:36.226+0000: 7103.406: [GC (Allocation Failure) 7103.406: [ParNew: 33849K->3968K(36288K), 0.0032439 secs] 192437K->165779K(243144K), 0.0033546 secs] [Times: user=0.01 sys=0.00, real=0.00 secs] 
2015-10-30T16:30:36.230+0000: 7103.411: [GC (CMS Initial Mark) [1 CMS-initial-mark: 161811K(206856K)] 171101K(243144K), 0.0018447 secs] [Times: user=0.01 sys=0.00, real=0.00 secs] 
2015-10-30T16:30:36.232+0000: 7103.412: [CMS-concurrent-mark-start]
2015-10-30T16:30:36.271+0000: 7103.451: [CMS-concurrent-mark: 0.039/0.039 secs] [Times: user=0.08 sys=0.00, real=0.04 secs] 
2015-10-30T16:30:36.271+0000: 7103.451: [CMS-concurrent-preclean-start]
2015-10-30T16:30:36.272+0000: 7103.453: [CMS-concurrent-preclean: 0.002/0.002 secs] [Times: user=0.00 sys=0.00, real=0.00 secs] 
2015-10-30T16:30:36.272+0000: 7103.453: [CMS-concurrent-abortable-preclean-start]
 CMS: abort preclean due to time 2015-10-30T16:30:41.327+0000: 7108.508: [CMS-concurrent-abortable-preclean: 1.334/5.055 secs] [Times: user=1.43 sys=0.01, real=5.06 secs] 
2015-10-30T16:30:41.328+0000: 7108.508: [GC (CMS Final Remark) [YG occupancy: 32072 K (36288 K)]7108.541: [Rescan (parallel) , 0.0028040 secs]7108.544: [weak refs processing, 0.0000206 secs]7108.544: [class unloading, 0.0151800 secs]7108.559: [scrub symbol table, 0.0065163 secs]7108.566: [scrub string table, 0.0007522 secs][1 CMS-remark: 161811K(206856K)] 193884K(243144K), 0.0597361 secs] [Times: user=0.04 sys=0.00, real=0.06 secs] 
2015-10-30T16:30:41.388+0000: 7108.568: [CMS-concurrent-sweep-start]
2015-10-30T16:30:41.443+0000: 7108.624: [CMS-concurrent-sweep: 0.056/0.056 secs] [Times: user=0.05 sys=0.00, real=0.05 secs] 
2015-10-30T16:30:41.443+0000: 7108.624: [CMS-concurrent-reset-start]
2015-10-30T16:30:41.446+0000: 7108.626: [CMS-concurrent-reset: 0.003/0.003 secs] [Times: user=0.01 sys=0.00, real=0.01 secs] 
2015-10-30T16:30:43.446+0000: 7110.627: [GC (CMS Initial Mark) [1 CMS-initial-mark: 73781K(206856K)] 106069K(243144K), 0.0027370 secs] [Times: user=0.01 sys=0.00, real=0.00 secs] 
2015-10-30T16:30:43.449+0000: 7110.630: [CMS-concurrent-mark-start]
2015-10-30T16:30:43.486+0000: 7110.667: [CMS-concurrent-mark: 0.037/0.037 secs] [Times: user=0.04 sys=0.00, real=0.04 secs] 
2015-10-30T16:30:43.486+0000: 7110.667: [CMS-concurrent-preclean-start]
2015-10-30T16:30:43.488+0000: 7110.669: [CMS-concurrent-preclean: 0.002/0.002 secs] [Times: user=0.00 sys=0.00, real=0.00 secs] 
2015-10-30T16:30:43.488+0000: 7110.669: [CMS-concurrent-abortable-preclean-start]
2015-10-30T16:30:45.963+0000: 7113.144: [GC (Allocation Failure) 7113.144: [ParNew: 36263K->3968K(36288K), 0.0051873 secs] 110044K->83321K(243144K), 0.0052664 secs] [Times: user=0.02 sys=0.00, real=0.01 secs] 
2015-10-30T16:30:46.006+0000: 7113.186: [GC (Allocation Failure) 7113.186: [ParNew: 36288K->3968K(36288K), 0.0142997 secs] 115641K->94553K(243144K), 0.0143827 secs] [Times: user=0.05 sys=0.00, real=0.01 secs] 
2015-10-30T16:30:46.042+0000: 7113.223: [GC (Allocation Failure) 7113.223: [ParNew: 36288K->3353K(36288K), 0.0049952 secs] 126873K->97694K(243144K), 0.0050601 secs] [Times: user=0.02 sys=0.00, real=0.01 secs] 
2015-10-30T16:30:46.065+0000: 7113.245: [CMS-concurrent-abortable-preclean: 0.689/2.576 secs] [Times: user=0.98 sys=0.01, real=2.57 secs] 
2015-10-30T16:30:46.069+0000: 7113.249: [GC (CMS Final Remark) [YG occupancy: 28938 K (36288 K)]7113.249: [Rescan (parallel) , 0.0162726 secs]7113.266: [weak refs processing, 0.0000195 secs]7113.266: [class unloading, 0.0148900 secs]7113.281: [scrub symbol table, 0.0066539 secs]7113.287: [scrub string table, 0.0007593 secs][1 CMS-remark: 94340K(206856K)] 123279K(243144K), 0.0400724 secs] [Times: user=0.09 sys=0.00, real=0.04 secs] 
2015-10-30T16:30:46.113+0000: 7113.293: [CMS-concurrent-sweep-start]
2015-10-30T16:30:46.113+0000: 7113.294: [GC (Allocation Failure) 7113.294: [ParNew: 35673K->2169K(36288K), 0.0024489 secs] 130014K->96510K(243144K), 0.0024910 secs] [Times: user=0.01 sys=0.00, real=0.00 secs] 
2015-10-30T16:30:46.139+0000: 7113.319: [GC (Allocation Failure) 7113.319: [ParNew: 34489K->2887K(36288K), 0.0029969 secs] 127722K->96120K(243144K), 0.0030588 secs] [Times: user=0.01 sys=0.00, real=0.00 secs] 
2015-10-30T16:30:46.169+0000: 7113.350: [GC (Allocation Failure) 7113.350: [ParNew: 35207K->2941K(36288K), 0.0047316 secs] 128417K->96944K(243144K), 0.0047847 secs] [Times: user=0.01 sys=0.00, real=0.00 secs] 
2015-10-30T16:30:46.176+0000: 7113.357: [CMS-concurrent-sweep: 0.052/0.064 secs] [Times: user=0.23 sys=0.00, real=0.06 secs] 
2015-10-30T16:30:46.176+0000: 7113.357: [CMS-concurrent-reset-start]
2015-10-30T16:30:46.179+0000: 7113.359: [CMS-concurrent-reset: 0.003/0.003 secs] [Times: user=0.01 sys=0.00, real=0.01 secs] 
2015-10-30T16:30:46.194+0000: 7113.374: [GC (Allocation Failure) 7113.374: [ParNew: 35261K->3792K(36288K), 0.0043906 secs] 126703K->95966K(243144K), 0.0044651 secs] [Times: user=0.01 sys=0.00, real=0.01 secs] 
2015-10-30T16:30:46.221+0000: 7113.401: [GC (Allocation Failure) 7113.401: [ParNew: 36112K->2460K(36288K), 0.0038695 secs] 128286K->95786K(243144K), 0.0039342 secs] [Times: user=0.01 sys=0.00, real=0.00 secs] 
2015-10-30T16:30:46.245+0000: 7113.425: [GC (Allocation Failure) 7113.425: [ParNew: 34780K->2093K(36288K), 0.0021943 secs] 128106K->95419K(243144K), 0.0022528 secs] [Times: user=0.01 sys=0.00, real=0.01 secs] 
2015-10-30T16:30:46.284+0000: 7113.464: [GC (Allocation Failure) 7113.464: [ParNew: 32835K->3968K(36288K), 0.0034795 secs] 126161K->99896K(243144K), 0.0035517 secs] [Times: user=0.01 sys=0.00, real=0.01 secs] 
2015-10-30T16:30:46.288+0000: 7113.468: [GC (CMS Initial Mark) [1 CMS-initial-mark: 95928K(206856K)] 105214K(243144K), 0.0020126 secs] [Times: user=0.01 sys=0.00, real=0.00 secs] 
2015-10-30T16:30:46.290+0000: 7113.471: [CMS-concurrent-mark-start]
2015-10-30T16:30:46.352+0000: 7113.532: [CMS-concurrent-mark: 0.062/0.062 secs] [Times: user=0.18 sys=0.00, real=0.06 secs] 
2015-10-30T16:30:46.352+0000: 7113.532: [CMS-concurrent-preclean-start]
2015-10-30T16:30:46.354+0000: 7113.534: [CMS-concurrent-preclean: 0.002/0.002 secs] [Times: user=0.00 sys=0.00, real=0.00 secs] 
2015-10-30T16:30:46.354+0000: 7113.534: [CMS-concurrent-abortable-preclean-start]
 CMS: abort preclean due to time 2015-10-30T16:30:51.356+0000: 7118.536: [CMS-concurrent-abortable-preclean: 1.229/5.002 secs] [Times: user=2.09 sys=0.02, real=5.00 secs] 
2015-10-30T16:30:51.356+0000: 7118.536: [GC (CMS Final Remark) [YG occupancy: 32021 K (36288 K)]7118.541: [Rescan (parallel) , 0.0024784 secs]7118.543: [weak refs processing, 0.0000168 secs]7118.543: [class unloading, 0.0162214 secs]7118.559: [scrub symbol table, 0.0068673 secs]7118.566: [scrub string table, 0.0007676 secs][1 CMS-remark: 95928K(206856K)] 127949K(243144K), 0.0319855 secs] [Times: user=0.03 sys=0.00, real=0.04 secs] 
2015-10-30T16:30:51.388+0000: 7118.569: [CMS-concurrent-sweep-start]
2015-10-30T16:30:51.442+0000: 7118.623: [CMS-concurrent-sweep: 0.054/0.054 secs] [Times: user=0.06 sys=0.00, real=0.05 secs] 
2015-10-30T16:30:51.442+0000: 7118.623: [CMS-concurrent-reset-start]
2015-10-30T16:30:51.445+0000: 7118.625: [CMS-concurrent-reset: 0.002/0.002 secs] [Times: user=0.00 sys=0.00, real=0.00 secs] 
2015-10-30T16:30:53.444+0000: 7120.625: [GC (CMS Initial Mark) [1 CMS-initial-mark: 73708K(206856K)] 106025K(243144K), 0.0025930 secs] [Times: user=0.01 sys=0.00, real=0.01 secs] 
2015-10-30T16:30:53.447+0000: 7120.627: [CMS-concurrent-mark-start]
2015-10-30T16:30:53.485+0000: 7120.666: [CMS-concurrent-mark: 0.038/0.038 secs] [Times: user=0.04 sys=0.00, real=0.04 secs] 
2015-10-30T16:30:53.485+0000: 7120.666: [CMS-concurrent-preclean-start]
2015-10-30T16:30:53.487+0000: 7120.667: [CMS-concurrent-preclean: 0.002/0.002 secs] [Times: user=0.00 sys=0.00, real=0.00 secs] 
2015-10-30T16:30:53.487+0000: 7120.667: [CMS-concurrent-abortable-preclean-start]
2015-10-30T16:30:55.966+0000: 7123.146: [GC (Allocation Failure) 7123.146: [ParNew: 36236K->3968K(36288K), 0.0062899 secs] 109944K->81942K(243144K), 0.0063736 secs] [Times: user=0.01 sys=0.00, real=0.00 secs] 
2015-10-30T16:30:56.015+0000: 7123.196: [GC (Allocation Failure) 7123.196: [ParNew: 36288K->3968K(36288K), 0.0137305 secs] 114262K->94957K(243144K), 0.0138132 secs] [Times: user=0.05 sys=0.00, real=0.02 secs] 
2015-10-30T16:30:56.057+0000: 7123.238: [GC (Allocation Failure) 7123.238: [ParNew: 36288K->3343K(36288K), 0.0054249 secs] 127277K->98281K(243144K), 0.0054895 secs] [Times: user=0.02 sys=0.00, real=0.00 secs] 
2015-10-30T16:30:56.078+0000: 7123.258: [CMS-concurrent-abortable-preclean: 0.626/2.591 secs] [Times: user=0.92 sys=0.00, real=2.59 secs] 
2015-10-30T16:30:56.078+0000: 7123.259: [GC (CMS Final Remark) [YG occupancy: 24868 K (36288 K)]7123.259: [Rescan (parallel) , 0.0143766 secs]7123.273: [weak refs processing, 0.0000239 secs]7123.273: [class unloading, 0.0148543 secs]7123.288: [scrub symbol table, 0.0068428 secs]7123.295: [scrub string table, 0.0007595 secs][1 CMS-remark: 94937K(206856K)] 119806K(243144K), 0.0383547 secs] [Times: user=0.08 sys=0.00, real=0.03 secs] 
2015-10-30T16:30:56.117+0000: 7123.297: [CMS-concurrent-sweep-start]
2015-10-30T16:30:56.124+0000: 7123.305: [GC (Allocation Failure) 7123.305: [ParNew: 35663K->1753K(36288K), 0.0028481 secs] 130594K->96684K(243144K), 0.0029301 secs] [Times: user=0.01 sys=0.00, real=0.01 secs] 
2015-10-30T16:30:56.148+0000: 7123.329: [GC (Allocation Failure) 7123.329: [ParNew: 34073K->3130K(36288K), 0.0035943 secs] 126347K->95404K(243144K), 0.0036835 secs] [Times: user=0.02 sys=0.00, real=0.00 secs] 
2015-10-30T16:30:56.174+0000: 7123.354: [GC (Allocation Failure) 7123.354: [ParNew: 35450K->2877K(36288K), 0.0045337 secs] 127719K->95886K(243144K), 0.0046244 secs] [Times: user=0.02 sys=0.00, real=0.01 secs] 
2015-10-30T16:30:56.201+0000: 7123.382: [GC (Allocation Failure) 7123.382: [ParNew: 35197K->3277K(36288K), 0.0041623 secs] 128206K->97001K(243144K), 0.0042393 secs] [Times: user=0.01 sys=0.00, real=0.01 secs] 
2015-10-30T16:30:56.216+0000: 7123.396: [CMS-concurrent-sweep: 0.070/0.099 secs] [Times: user=0.38 sys=0.00, real=0.10 secs] 
2015-10-30T16:30:56.217+0000: 7123.398: [CMS-concurrent-reset-start]
2015-10-30T16:30:56.220+0000: 7123.400: [CMS-concurrent-reset: 0.003/0.003 secs] [Times: user=0.01 sys=0.00, real=0.00 secs] 
2015-10-30T16:30:56.229+0000: 7123.410: [GC (Allocation Failure) 7123.410: [ParNew: 35597K->2112K(36288K), 0.0033953 secs] 128808K->95923K(243144K), 0.0034425 secs] [Times: user=0.01 sys=0.00, real=0.00 secs] 
2015-10-30T16:30:56.253+0000: 7123.434: [GC (Allocation Failure) 7123.434: [ParNew: 34432K->2569K(36288K), 0.0029664 secs] 128243K->96381K(243144K), 0.0030256 secs] [Times: user=0.01 sys=0.00, real=0.00 secs] 
2015-10-30T16:30:56.289+0000: 7123.470: [GC (Allocation Failure) 7123.470: [ParNew: 32144K->3968K(36288K), 0.0029903 secs] 125956K->100966K(243144K), 0.0030591 secs] [Times: user=0.02 sys=0.00, real=0.00 secs] 
2015-10-30T16:30:56.293+0000: 7123.474: [GC (CMS Initial Mark) [1 CMS-initial-mark: 96998K(206856K)] 106284K(243144K), 0.0017033 secs] [Times: user=0.00 sys=0.00, real=0.00 secs] 
2015-10-30T16:30:56.295+0000: 7123.476: [CMS-concurrent-mark-start]
2015-10-30T16:30:56.333+0000: 7123.514: [CMS-concurrent-mark: 0.038/0.038 secs] [Times: user=0.08 sys=0.00, real=0.04 secs] 
2015-10-30T16:30:56.333+0000: 7123.514: [CMS-concurrent-preclean-start]
2015-10-30T16:30:56.335+0000: 7123.515: [CMS-concurrent-preclean: 0.001/0.002 secs] [Times: user=0.00 sys=0.00, real=0.00 secs] 
2015-10-30T16:30:56.335+0000: 7123.515: [CMS-concurrent-abortable-preclean-start]
2015-10-30T16:31:00.054+0000: 7127.234: [GC (Allocation Failure) 7127.234: [ParNew: 36270K->1740K(36288K), 0.0050288 secs] 133268K->103716K(243144K), 0.0050993 secs] [Times: user=0.02 sys=0.00, real=0.01 secs] 
2015-10-30T16:31:00.262+0000: 7127.443: [GC (Allocation Failure) 7127.443: [ParNew: 34060K->3152K(36288K), 0.0029405 secs] 136036K->105128K(243144K), 0.0029964 secs] [Times: user=0.01 sys=0.00, real=0.00 secs] 
2015-10-30T16:31:00.279+0000: 7127.460: [CMS-concurrent-abortable-preclean: 1.005/3.945 secs] [Times: user=1.26 sys=0.01, real=3.95 secs] 
2015-10-30T16:31:00.281+0000: 7127.461: [GC (CMS Final Remark) [YG occupancy: 20418 K (36288 K)]7127.461: [Rescan (parallel) , 0.0093512 secs]7127.470: [weak refs processing, 0.0000237 secs]7127.470: [class unloading, 0.0157445 secs]7127.486: [scrub symbol table, 0.0066369 secs]7127.493: [scrub string table, 0.0007712 secs][1 CMS-remark: 101976K(206856K)] 122394K(243144K), 0.0340499 secs] [Times: user=0.05 sys=0.00, real=0.03 secs] 
2015-10-30T16:31:00.315+0000: 7127.495: [CMS-concurrent-sweep-start]
2015-10-30T16:31:00.326+0000: 7127.506: [GC (Allocation Failure) 7127.506: [ParNew: 35472K->3968K(36288K), 0.0039265 secs] 135953K->105785K(243144K), 0.0039927 secs] [Times: user=0.02 sys=0.00, real=0.00 secs] 
2015-10-30T16:31:00.366+0000: 7127.547: [GC (Allocation Failure) 7127.547: [ParNew: 36288K->3968K(36288K), 0.0069498 secs] 130556K->102296K(243144K), 0.0070321 secs] [Times: user=0.02 sys=0.00, real=0.00 secs] 
2015-10-30T16:31:00.398+0000: 7127.578: [GC (Allocation Failure) 7127.579: [ParNew: 36288K->3582K(36288K), 0.0054428 secs] 128514K->99321K(243144K), 0.0055098 secs] [Times: user=0.02 sys=0.00, real=0.00 secs] 
2015-10-30T16:31:00.424+0000: 7127.605: [CMS-concurrent-sweep: 0.091/0.109 secs] [Times: user=0.33 sys=0.00, real=0.11 secs] 
2015-10-30T16:31:00.424+0000: 7127.605: [CMS-concurrent-reset-start]
2015-10-30T16:31:00.427+0000: 7127.607: [CMS-concurrent-reset: 0.002/0.002 secs] [Times: user=0.01 sys=0.00, real=0.01 secs] 
2015-10-30T16:31:05.942+0000: 7133.123: [GC (Allocation Failure) 7133.123: [ParNew: 35902K->3968K(36288K), 0.0062261 secs] 125184K->100322K(243144K), 0.0063167 secs] [Times: user=0.01 sys=0.00, real=0.01 secs] 
2015-10-30T16:31:05.982+0000: 7133.162: [GC (Allocation Failure) 7133.162: [ParNew: 36288K->3968K(36288K), 0.0117374 secs] 132642K->111963K(243144K), 0.0118275 secs] [Times: user=0.04 sys=0.00, real=0.01 secs] 
2015-10-30T16:31:06.013+0000: 7133.194: [GC (Allocation Failure) 7133.194: [ParNew: 36288K->3490K(36288K), 0.0060035 secs] 144283K->115341K(243144K), 0.0060817 secs] [Times: user=0.01 sys=0.00, real=0.01 secs] 
2015-10-30T16:31:06.041+0000: 7133.222: [GC (Allocation Failure) 7133.222: [ParNew: 35810K->2203K(36288K), 0.0024492 secs] 147661K->114054K(243144K), 0.0025086 secs] [Times: user=0.00 sys=0.00, real=0.00 secs] 
2015-10-30T16:31:06.065+0000: 7133.246: [GC (Allocation Failure) 7133.246: [ParNew: 34523K->3437K(36288K), 0.0034755 secs] 146374K->115288K(243144K), 0.0035283 secs] [Times: user=0.01 sys=0.00, real=0.00 secs] 
2015-10-30T16:31:06.093+0000: 7133.274: [GC (Allocation Failure) 7133.274: [ParNew: 35757K->2639K(36288K), 0.0040196 secs] 147608K->115256K(243144K), 0.0040835 secs] [Times: user=0.01 sys=0.00, real=0.01 secs] 
2015-10-30T16:31:06.119+0000: 7133.299: [GC (Allocation Failure) 7133.299: [ParNew: 34959K->3051K(36288K), 0.0043147 secs] 147576K->116374K(243144K), 0.0043810 secs] [Times: user=0.01 sys=0.00, real=0.00 secs] 
2015-10-30T16:31:06.141+0000: 7133.322: [GC (Allocation Failure) 7133.322: [ParNew: 35371K->3046K(36288K), 0.0032944 secs] 148694K->116923K(243144K), 0.0033550 secs] [Times: user=0.01 sys=0.00, real=0.00 secs] 
2015-10-30T16:31:06.163+0000: 7133.344: [GC (Allocation Failure) 7133.344: [ParNew: 35366K->1982K(36288K), 0.0027005 secs] 149243K->115860K(243144K), 0.0027592 secs] [Times: user=0.01 sys=0.00, real=0.01 secs] 
2015-10-30T16:31:06.199+0000: 7133.379: [GC (Allocation Failure) 7133.379: [ParNew: 31936K->3968K(36288K), 0.0033554 secs] 145814K->126380K(243144K), 0.0034362 secs] [Times: user=0.01 sys=0.00, real=0.00 secs] 
2015-10-30T16:31:06.206+0000: 7133.387: [GC (CMS Initial Mark) [1 CMS-initial-mark: 122412K(206856K)] 131728K(243144K), 0.0020303 secs] [Times: user=0.01 sys=0.00, real=0.00 secs] 
2015-10-30T16:31:06.208+0000: 7133.389: [CMS-concurrent-mark-start]
2015-10-30T16:31:06.246+0000: 7133.427: [CMS-concurrent-mark: 0.038/0.038 secs] [Times: user=0.08 sys=0.00, real=0.04 secs] 
2015-10-30T16:31:06.246+0000: 7133.427: [CMS-concurrent-preclean-start]
2015-10-30T16:31:06.248+0000: 7133.429: [CMS-concurrent-preclean: 0.002/0.002 secs] [Times: user=0.00 sys=0.00, real=0.00 secs] 
2015-10-30T16:31:06.248+0000: 7133.429: [CMS-concurrent-abortable-preclean-start]
2015-10-30T16:31:09.469+0000: 7136.649: [GC (Allocation Failure) 7136.649: [ParNew: 36288K->1639K(36288K), 0.0067528 secs] 158700K->129015K(243144K), 0.0068277 secs] [Times: user=0.02 sys=0.01, real=0.00 secs] 
2015-10-30T16:31:09.608+0000: 7136.789: [CMS-concurrent-abortable-preclean: 0.787/3.360 secs] [Times: user=0.98 sys=0.03, real=3.36 secs] 
2015-10-30T16:31:09.608+0000: 7136.789: [GC (CMS Final Remark) [YG occupancy: 24135 K (36288 K)]7136.789: [Rescan (parallel) , 0.0100745 secs]7136.799: [weak refs processing, 0.0000246 secs]7136.799: [class unloading, 0.0152437 secs]7136.814: [scrub symbol table, 0.0066188 secs]7136.821: [scrub string table, 0.0007676 secs][1 CMS-remark: 127376K(206856K)] 151511K(243144K), 0.0342184 secs] [Times: user=0.06 sys=0.00, real=0.03 secs] 
2015-10-30T16:31:09.643+0000: 7136.823: [CMS-concurrent-sweep-start]
2015-10-30T16:31:09.676+0000: 7136.856: [CMS-concurrent-sweep: 0.033/0.033 secs] [Times: user=0.04 sys=0.00, real=0.03 secs] 
2015-10-30T16:31:09.676+0000: 7136.856: [CMS-concurrent-reset-start]
2015-10-30T16:31:09.678+0000: 7136.859: [CMS-concurrent-reset: 0.002/0.002 secs] [Times: user=0.00 sys=0.00, real=0.01 secs] 
2015-10-30T16:31:10.982+0000: 7138.163: [GC (Allocation Failure) 7138.163: [ParNew: 33959K->3968K(36288K), 0.0050460 secs] 112473K->88541K(243144K), 0.0051341 secs] [Times: user=0.01 sys=0.00, real=0.01 secs] 
2015-10-30T16:31:11.019+0000: 7138.199: [GC (Allocation Failure) 7138.199: [ParNew: 36288K->3968K(36288K), 0.0117380 secs] 120861K->98923K(243144K), 0.0118241 secs] [Times: user=0.04 sys=0.00, real=0.01 secs] 
2015-10-30T16:31:11.049+0000: 7138.230: [GC (Allocation Failure) 7138.230: [ParNew: 36288K->3595K(36288K), 0.0049277 secs] 131243K->102342K(243144K), 0.0050014 secs] [Times: user=0.02 sys=0.00, real=0.00 secs] 
2015-10-30T16:31:11.073+0000: 7138.254: [GC (Allocation Failure) 7138.254: [ParNew: 35915K->2295K(36288K), 0.0023997 secs] 134662K->101042K(243144K), 0.0024600 secs] [Times: user=0.00 sys=0.00, real=0.00 secs] 
2015-10-30T16:31:11.097+0000: 7138.278: [GC (Allocation Failure) 7138.278: [ParNew: 34615K->2798K(36288K), 0.0033806 secs] 133362K->101544K(243144K), 0.0034365 secs] [Times: user=0.01 sys=0.00, real=0.00 secs] 
2015-10-30T16:31:11.123+0000: 7138.304: [GC (Allocation Failure) 7138.304: [ParNew: 35118K->2759K(36288K), 0.0040994 secs] 133864K->102280K(243144K), 0.0041584 secs] [Times: user=0.02 sys=0.00, real=0.01 secs] 
2015-10-30T16:31:11.147+0000: 7138.327: [GC (Allocation Failure) 7138.327: [ParNew: 35079K->3578K(36288K), 0.0044674 secs] 134600K->103804K(243144K), 0.0045372 secs] [Times: user=0.01 sys=0.00, real=0.00 secs] 
2015-10-30T16:31:11.170+0000: 7138.350: [GC (Allocation Failure) 7138.350: [ParNew: 35898K->2422K(36288K), 0.0037928 secs] 136124K->103739K(243144K), 0.0038545 secs] [Times: user=0.01 sys=0.00, real=0.00 secs] 
2015-10-30T16:31:11.174+0000: 7138.354: [GC (CMS Initial Mark) [1 CMS-initial-mark: 101317K(206856K)] 104217K(243144K), 0.0016086 secs] [Times: user=0.00 sys=0.00, real=0.00 secs] 
2015-10-30T16:31:11.176+0000: 7138.356: [CMS-concurrent-mark-start]
2015-10-30T16:31:11.197+0000: 7138.378: [GC (Allocation Failure) 7138.378: [ParNew: 34742K->1792K(36288K), 0.0021003 secs] 136059K->103110K(243144K), 0.0021590 secs] [Times: user=0.00 sys=0.00, real=0.00 secs] 
2015-10-30T16:31:11.234+0000: 7138.415: [GC (Allocation Failure) 7138.415: [ParNew: 30698K->3968K(36288K), 0.0037148 secs] 132016K->113111K(243144K), 0.0037932 secs] [Times: user=0.01 sys=0.00, real=0.01 secs] 
2015-10-30T16:31:11.243+0000: 7138.424: [CMS-concurrent-mark: 0.060/0.068 secs] [Times: user=0.20 sys=0.00, real=0.07 secs] 
2015-10-30T16:31:11.243+0000: 7138.424: [CMS-concurrent-preclean-start]
2015-10-30T16:31:11.246+0000: 7138.426: [CMS-concurrent-preclean: 0.003/0.003 secs] [Times: user=0.01 sys=0.00, real=0.01 secs] 
2015-10-30T16:31:11.246+0000: 7138.427: [CMS-concurrent-abortable-preclean-start]
 CMS: abort preclean due to time 2015-10-30T16:31:16.311+0000: 7143.492: [CMS-concurrent-abortable-preclean: 0.658/5.065 secs] [Times: user=0.76 sys=0.01, real=5.06 secs] 
2015-10-30T16:31:16.312+0000: 7143.492: [GC (CMS Final Remark) [YG occupancy: 25451 K (36288 K)]7143.492: [Rescan (parallel) , 0.0018767 secs]7143.494: [weak refs processing, 0.0000182 secs]7143.494: [class unloading, 0.0148618 secs]7143.509: [scrub symbol table, 0.0066007 secs]7143.516: [scrub string table, 0.0007505 secs][1 CMS-remark: 109143K(206856K)] 134594K(243144K), 0.0255588 secs] [Times: user=0.03 sys=0.00, real=0.03 secs] 
2015-10-30T16:31:16.338+0000: 7143.518: [CMS-concurrent-sweep-start]
2015-10-30T16:31:16.365+0000: 7143.545: [CMS-concurrent-sweep: 0.027/0.027 secs] [Times: user=0.03 sys=0.00, real=0.02 secs] 
2015-10-30T16:31:16.365+0000: 7143.546: [CMS-concurrent-reset-start]
2015-10-30T16:31:16.367+0000: 7143.548: [CMS-concurrent-reset: 0.002/0.002 secs] [Times: user=0.00 sys=0.00, real=0.00 secs] 
2015-10-30T16:31:18.368+0000: 7145.548: [GC (CMS Initial Mark) [1 CMS-initial-mark: 86421K(206856K)] 113490K(243144K), 0.0023294 secs] [Times: user=0.01 sys=0.00, real=0.00 secs] 
2015-10-30T16:31:18.370+0000: 7145.551: [CMS-concurrent-mark-start]
2015-10-30T16:31:18.409+0000: 7145.590: [CMS-concurrent-mark: 0.039/0.039 secs] [Times: user=0.04 sys=0.00, real=0.04 secs] 
2015-10-30T16:31:18.409+0000: 7145.590: [CMS-concurrent-preclean-start]
2015-10-30T16:31:18.411+0000: 7145.592: [CMS-concurrent-preclean: 0.002/0.002 secs] [Times: user=0.00 sys=0.00, real=0.00 secs] 
2015-10-30T16:31:18.411+0000: 7145.592: [CMS-concurrent-abortable-preclean-start]
2015-10-30T16:31:20.973+0000: 7148.154: [GC (Allocation Failure) 7148.154: [ParNew: 36288K->3968K(36288K), 0.0054123 secs] 122709K->98580K(243144K), 0.0054933 secs] [Times: user=0.01 sys=0.00, real=0.01 secs] 
2015-10-30T16:31:21.011+0000: 7148.191: [GC (Allocation Failure) 7148.191: [ParNew: 36288K->3968K(36288K), 0.0128924 secs] 130900K->110632K(243144K), 0.0129731 secs] [Times: user=0.05 sys=0.00, real=0.01 secs] 
2015-10-30T16:31:21.045+0000: 7148.226: [GC (Allocation Failure) 7148.226: [ParNew: 36288K->3531K(36288K), 0.0061024 secs] 142952K->114138K(243144K), 0.0061681 secs] [Times: user=0.01 sys=0.01, real=0.00 secs] 
2015-10-30T16:31:21.073+0000: 7148.254: [GC (Allocation Failure) 7148.254: [ParNew: 35851K->2061K(36288K), 0.0029921 secs] 146458K->112667K(243144K), 0.0030520 secs] [Times: user=0.01 sys=0.00, real=0.00 secs] 
2015-10-30T16:31:21.082+0000: 7148.263: [CMS-concurrent-abortable-preclean: 0.352/2.671 secs] [Times: user=0.67 sys=0.02, real=2.67 secs] 
2015-10-30T16:31:21.085+0000: 7148.266: [GC (CMS Final Remark) [YG occupancy: 11278 K (36288 K)]7148.266: [Rescan (parallel) , 0.0063923 secs]7148.272: [weak refs processing, 0.0000163 secs]7148.272: [class unloading, 0.0147305 secs]7148.287: [scrub symbol table, 0.0066234 secs]7148.294: [scrub string table, 0.0007547 secs][1 CMS-remark: 110606K(206856K)] 121885K(243144K), 0.0299556 secs] [Times: user=0.05 sys=0.00, real=0.02 secs] 
2015-10-30T16:31:21.115+0000: 7148.296: [CMS-concurrent-sweep-start]
2015-10-30T16:31:21.130+0000: 7148.310: [GC (Allocation Failure) 7148.310: [ParNew: 34381K->2786K(36288K), 0.0031519 secs] 144494K->112898K(243144K), 0.0032109 secs] [Times: user=0.01 sys=0.00, real=0.00 secs] 
2015-10-30T16:31:21.158+0000: 7148.339: [GC (Allocation Failure) 7148.339: [ParNew: 35106K->2694K(36288K), 0.0041652 secs] 133444K->101749K(243144K), 0.0042242 secs] [Times: user=0.01 sys=0.00, real=0.00 secs] 
2015-10-30T16:31:21.171+0000: 7148.352: [CMS-concurrent-sweep: 0.048/0.056 secs] [Times: user=0.21 sys=0.00, real=0.06 secs] 
2015-10-30T16:31:21.171+0000: 7148.352: [CMS-concurrent-reset-start]
2015-10-30T16:31:21.174+0000: 7148.354: [CMS-concurrent-reset: 0.003/0.003 secs] [Times: user=0.01 sys=0.00, real=0.00 secs] 
2015-10-30T16:31:21.185+0000: 7148.366: [GC (Allocation Failure) 7148.366: [ParNew: 35014K->3073K(36288K), 0.0041473 secs] 127872K->96649K(243144K), 0.0042000 secs] [Times: user=0.01 sys=0.00, real=0.00 secs] 
2015-10-30T16:31:21.209+0000: 7148.390: [GC (Allocation Failure) 7148.390: [ParNew: 35393K->2549K(36288K), 0.0033551 secs] 128969K->96672K(243144K), 0.0034120 secs] [Times: user=0.01 sys=0.00, real=0.00 secs] 
2015-10-30T16:31:21.233+0000: 7148.414: [GC (Allocation Failure) 7148.414: [ParNew: 34869K->2103K(36288K), 0.0028896 secs] 128992K->96226K(243144K), 0.0029484 secs] [Times: user=0.01 sys=0.00, real=0.00 secs] 
2015-10-30T16:31:21.268+0000: 7148.449: [GC (Allocation Failure) 7148.449: [ParNew: 32076K->3968K(36288K), 0.0032648 secs] 126199K->106584K(243144K), 0.0033429 secs] [Times: user=0.01 sys=0.00, real=0.00 secs] 
2015-10-30T16:31:21.273+0000: 7148.453: [GC (CMS Initial Mark) [1 CMS-initial-mark: 102616K(206856K)] 111904K(243144K), 0.0020841 secs] [Times: user=0.01 sys=0.00, real=0.00 secs] 
2015-10-30T16:31:21.275+0000: 7148.456: [CMS-concurrent-mark-start]
2015-10-30T16:31:21.313+0000: 7148.493: [CMS-concurrent-mark: 0.038/0.038 secs] [Times: user=0.07 sys=0.00, real=0.04 secs] 
2015-10-30T16:31:21.313+0000: 7148.493: [CMS-concurrent-preclean-start]
2015-10-30T16:31:21.314+0000: 7148.495: [CMS-concurrent-preclean: 0.001/0.001 secs] [Times: user=0.01 sys=0.00, real=0.00 secs] 
2015-10-30T16:31:21.314+0000: 7148.495: [CMS-concurrent-abortable-preclean-start]
 CMS: abort preclean due to time 2015-10-30T16:31:26.401+0000: 7153.581: [CMS-concurrent-abortable-preclean: 1.270/5.087 secs] [Times: user=1.35 sys=0.00, real=5.09 secs] 
2015-10-30T16:31:26.401+0000: 7153.582: [GC (CMS Final Remark) [YG occupancy: 25489 K (36288 K)]7153.582: [Rescan (parallel) , 0.0018754 secs]7153.584: [weak refs processing, 0.0000280 secs]7153.584: [class unloading, 0.0149412 secs]7153.599: [scrub symbol table, 0.0066427 secs]7153.605: [scrub string table, 0.0007816 secs][1 CMS-remark: 102616K(206856K)] 128105K(243144K), 0.0257904 secs] [Times: user=0.03 sys=0.00, real=0.03 secs] 
2015-10-30T16:31:26.427+0000: 7153.608: [CMS-concurrent-sweep-start]
2015-10-30T16:31:26.466+0000: 7153.647: [CMS-concurrent-sweep: 0.039/0.039 secs] [Times: user=0.04 sys=0.00, real=0.04 secs] 
2015-10-30T16:31:26.466+0000: 7153.647: [CMS-concurrent-reset-start]
2015-10-30T16:31:26.469+0000: 7153.649: [CMS-concurrent-reset: 0.002/0.002 secs] [Times: user=0.00 sys=0.00, real=0.00 secs] 
2015-10-30T16:31:28.468+0000: 7155.649: [GC (CMS Initial Mark) [1 CMS-initial-mark: 72336K(206856K)] 99421K(243144K), 0.0027206 secs] [Times: user=0.01 sys=0.00, real=0.00 secs] 
2015-10-30T16:31:28.471+0000: 7155.651: [CMS-concurrent-mark-start]
2015-10-30T16:31:28.510+0000: 7155.691: [CMS-concurrent-mark: 0.039/0.039 secs] [Times: user=0.04 sys=0.00, real=0.04 secs] 
2015-10-30T16:31:28.510+0000: 7155.691: [CMS-concurrent-preclean-start]
2015-10-30T16:31:28.513+0000: 7155.693: [CMS-concurrent-preclean: 0.002/0.002 secs] [Times: user=0.01 sys=0.00, real=0.00 secs] 
2015-10-30T16:31:28.513+0000: 7155.693: [CMS-concurrent-abortable-preclean-start]
2015-10-30T16:31:30.989+0000: 7158.169: [GC (Allocation Failure) 7158.169: [ParNew: 36288K->3968K(36288K), 0.0062323 secs] 108624K->85666K(243144K), 0.0063194 secs] [Times: user=0.02 sys=0.00, real=0.00 secs] 
2015-10-30T16:31:31.033+0000: 7158.214: [GC (Allocation Failure) 7158.214: [ParNew: 36288K->3968K(36288K), 0.0163033 secs] 117986K->97534K(243144K), 0.0163921 secs] [Times: user=0.05 sys=0.00, real=0.02 secs] 
2015-10-30T16:31:31.071+0000: 7158.251: [GC (Allocation Failure) 7158.251: [ParNew: 36288K->3495K(36288K), 0.0063954 secs] 129854K->100992K(243144K), 0.0064684 secs] [Times: user=0.02 sys=0.00, real=0.01 secs] 
2015-10-30T16:31:31.096+0000: 7158.277: [GC (Allocation Failure) 7158.277: [ParNew: 35815K->2250K(36288K), 0.0026019 secs] 133312K->99747K(243144K), 0.0026643 secs] [Times: user=0.01 sys=0.00, real=0.01 secs] 
2015-10-30T16:31:31.115+0000: 7158.296: [CMS-concurrent-abortable-preclean: 0.643/2.603 secs] [Times: user=1.00 sys=0.01, real=2.60 secs] 
2015-10-30T16:31:31.116+0000: 7158.296: [GC (CMS Final Remark) [YG occupancy: 24582 K (36288 K)]7158.296: [Rescan (parallel) , 0.0143374 secs]7158.311: [weak refs processing, 0.0000197 secs]7158.311: [class unloading, 0.0147682 secs]7158.326: [scrub symbol table, 0.0066445 secs]7158.332: [scrub string table, 0.0007596 secs][1 CMS-remark: 97496K(206856K)] 122079K(243144K), 0.0380315 secs] [Times: user=0.08 sys=0.00, real=0.04 secs] 
2015-10-30T16:31:31.160+0000: 7158.340: [GC (Allocation Failure) 7158.340: [ParNew: 34570K->3016K(36288K), 0.0036939 secs] 132067K->100513K(243144K), 0.0037551 secs] [Times: user=0.02 sys=0.00, real=0.00 secs] 
2015-10-30T16:31:31.164+0000: 7158.344: [CMS-concurrent-sweep-start]
2015-10-30T16:31:31.185+0000: 7158.366: [GC (Allocation Failure) 7158.366: [ParNew: 35336K->3048K(36288K), 0.0056352 secs] 128489K->97703K(243144K), 0.0057025 secs] [Times: user=0.02 sys=0.00, real=0.00 secs] 
2015-10-30T16:31:31.212+0000: 7158.393: [CMS-concurrent-sweep: 0.040/0.049 secs] [Times: user=0.18 sys=0.00, real=0.05 secs] 
2015-10-30T16:31:31.212+0000: 7158.393: [CMS-concurrent-reset-start]
2015-10-30T16:31:31.213+0000: 7158.393: [GC (Allocation Failure) 7158.393: [ParNew: 35368K->2860K(36288K), 0.0030548 secs] 128683K->96174K(243144K), 0.0030947 secs] [Times: user=0.00 sys=0.00, real=0.00 secs] 
2015-10-30T16:31:31.218+0000: 7158.399: [CMS-concurrent-reset: 0.003/0.006 secs] [Times: user=0.02 sys=0.00, real=0.01 secs] 
2015-10-30T16:31:31.237+0000: 7158.418: [GC (Allocation Failure) 7158.418: [ParNew: 35180K->3080K(36288K), 0.0047648 secs] 128494K->97038K(243144K), 0.0048244 secs] [Times: user=0.02 sys=0.00, real=0.00 secs] 
2015-10-30T16:31:31.261+0000: 7158.442: [GC (Allocation Failure) 7158.442: [ParNew: 35400K->2148K(36288K), 0.0024278 secs] 129358K->96106K(243144K), 0.0024885 secs] [Times: user=0.01 sys=0.00, real=0.00 secs] 
2015-10-30T16:31:31.298+0000: 7158.478: [GC (Allocation Failure) 7158.478: [ParNew: 32824K->3968K(36288K), 0.0032646 secs] 126782K->106390K(243144K), 0.0033596 secs] [Times: user=0.01 sys=0.00, real=0.00 secs] 
2015-10-30T16:31:31.302+0000: 7158.483: [GC (CMS Initial Mark) [1 CMS-initial-mark: 102422K(206856K)] 111710K(243144K), 0.0020788 secs] [Times: user=0.00 sys=0.00, real=0.00 secs] 
2015-10-30T16:31:31.305+0000: 7158.485: [CMS-concurrent-mark-start]
2015-10-30T16:31:31.343+0000: 7158.523: [CMS-concurrent-mark: 0.038/0.038 secs] [Times: user=0.08 sys=0.00, real=0.04 secs] 
2015-10-30T16:31:31.343+0000: 7158.523: [CMS-concurrent-preclean-start]
2015-10-30T16:31:31.344+0000: 7158.525: [CMS-concurrent-preclean: 0.001/0.001 secs] [Times: user=0.00 sys=0.00, real=0.00 secs] 
2015-10-30T16:31:31.344+0000: 7158.525: [CMS-concurrent-abortable-preclean-start]
 CMS: abort preclean due to time 2015-10-30T16:31:36.365+0000: 7163.546: [CMS-concurrent-abortable-preclean: 1.220/5.021 secs] [Times: user=1.30 sys=0.00, real=5.03 secs] 
2015-10-30T16:31:36.366+0000: 7163.546: [GC (CMS Final Remark) [YG occupancy: 25589 K (36288 K)]7163.546: [Rescan (parallel) , 0.0020230 secs]7163.548: [weak refs processing, 0.0000317 secs]7163.548: [class unloading, 0.0150006 secs]7163.563: [scrub symbol table, 0.0066561 secs]7163.570: [scrub string table, 0.0007615 secs][1 CMS-remark: 102422K(206856K)] 128012K(243144K), 0.0259775 secs] [Times: user=0.03 sys=0.00, real=0.02 secs] 
2015-10-30T16:31:36.392+0000: 7163.572: [CMS-concurrent-sweep-start]
2015-10-30T16:31:36.424+0000: 7163.604: [CMS-concurrent-sweep: 0.032/0.032 secs] [Times: user=0.03 sys=0.00, real=0.03 secs] 
2015-10-30T16:31:36.424+0000: 7163.604: [CMS-concurrent-reset-start]
2015-10-30T16:31:36.426+0000: 7163.607: [CMS-concurrent-reset: 0.002/0.002 secs] [Times: user=0.01 sys=0.00, real=0.01 secs] 
2015-10-30T16:31:38.426+0000: 7165.606: [GC (CMS Initial Mark) [1 CMS-initial-mark: 72248K(206856K)] 99412K(243144K), 0.0026771 secs] [Times: user=0.01 sys=0.00, real=0.00 secs] 
2015-10-30T16:31:38.428+0000: 7165.609: [CMS-concurrent-mark-start]
2015-10-30T16:31:38.467+0000: 7165.647: [CMS-concurrent-mark: 0.038/0.038 secs] [Times: user=0.04 sys=0.00, real=0.04 secs] 
2015-10-30T16:31:38.467+0000: 7165.647: [CMS-concurrent-preclean-start]
2015-10-30T16:31:38.469+0000: 7165.649: [CMS-concurrent-preclean: 0.002/0.002 secs] [Times: user=0.00 sys=0.00, real=0.00 secs] 
2015-10-30T16:31:38.469+0000: 7165.649: [CMS-concurrent-abortable-preclean-start]
2015-10-30T16:31:40.977+0000: 7168.157: [GC (Allocation Failure) 7168.157: [ParNew: 36288K->3968K(36288K), 0.0066195 secs] 108536K->85488K(243144K), 0.0067102 secs] [Times: user=0.02 sys=0.00, real=0.01 secs] 
2015-10-30T16:31:41.016+0000: 7168.196: [GC (Allocation Failure) 7168.197: [ParNew: 36288K->3968K(36288K), 0.0141382 secs] 117808K->96388K(243144K), 0.0142244 secs] [Times: user=0.05 sys=0.00, real=0.02 secs] 
2015-10-30T16:31:41.056+0000: 7168.237: [GC (Allocation Failure) 7168.237: [ParNew: 36288K->3549K(36288K), 0.0057764 secs] 128708K->99840K(243144K), 0.0058552 secs] [Times: user=0.03 sys=0.00, real=0.01 secs] 
2015-10-30T16:31:41.064+0000: 7168.244: [CMS-concurrent-abortable-preclean: 0.620/2.595 secs] [Times: user=0.87 sys=0.01, real=2.59 secs] 
2015-10-30T16:31:41.064+0000: 7168.245: [GC (CMS Final Remark) [YG occupancy: 6444 K (36288 K)]7168.245: [Rescan (parallel) , 0.0085814 secs]7168.253: [weak refs processing, 0.0000142 secs]7168.253: [class unloading, 0.0147310 secs]7168.268: [scrub symbol table, 0.0066432 secs]7168.275: [scrub string table, 0.0007596 secs][1 CMS-remark: 96291K(206856K)] 102735K(243144K), 0.0322618 secs] [Times: user=0.06 sys=0.00, real=0.03 secs] 
2015-10-30T16:31:41.097+0000: 7168.277: [CMS-concurrent-sweep-start]
2015-10-30T16:31:41.117+0000: 7168.298: [GC (Allocation Failure) 7168.298: [ParNew: 35869K->2255K(36288K), 0.0026934 secs] 128034K->94420K(243144K), 0.0027538 secs] [Times: user=0.01 sys=0.00, real=0.00 secs] 
2015-10-30T16:31:41.130+0000: 7168.311: [CMS-concurrent-sweep: 0.029/0.034 secs] [Times: user=0.13 sys=0.00, real=0.04 secs] 
2015-10-30T16:31:41.130+0000: 7168.311: [CMS-concurrent-reset-start]
2015-10-30T16:31:41.133+0000: 7168.314: [CMS-concurrent-reset: 0.003/0.003 secs] [Times: user=0.01 sys=0.00, real=0.00 secs] 
2015-10-30T16:31:41.142+0000: 7168.323: [GC (Allocation Failure) 7168.323: [ParNew: 34575K->2997K(36288K), 0.0028763 secs] 125725K->94148K(243144K), 0.0029242 secs] [Times: user=0.01 sys=0.00, real=0.00 secs] 
2015-10-30T16:31:41.169+0000: 7168.349: [GC (Allocation Failure) 7168.350: [ParNew: 35317K->2936K(36288K), 0.0044706 secs] 126468K->94878K(243144K), 0.0045226 secs] [Times: user=0.01 sys=0.00, real=0.00 secs] 
2015-10-30T16:31:41.193+0000: 7168.373: [GC (Allocation Failure) 7168.373: [ParNew: 35256K->3021K(36288K), 0.0045221 secs] 127198K->95688K(243144K), 0.0045840 secs] [Times: user=0.01 sys=0.00, real=0.01 secs] 
2015-10-30T16:31:41.217+0000: 7168.398: [GC (Allocation Failure) 7168.398: [ParNew: 35341K->2732K(36288K), 0.0040705 secs] 128008K->95947K(243144K), 0.0041351 secs] [Times: user=0.01 sys=0.00, real=0.00 secs] 
2015-10-30T16:31:41.241+0000: 7168.422: [GC (Allocation Failure) 7168.422: [ParNew: 35052K->2311K(36288K), 0.0024534 secs] 128267K->95526K(243144K), 0.0025122 secs] [Times: user=0.01 sys=0.00, real=0.00 secs] 
2015-10-30T16:31:41.276+0000: 7168.457: [GC (Allocation Failure) 7168.457: [ParNew: 32898K->3968K(36288K), 0.0033263 secs] 126114K->105714K(243144K), 0.0034029 secs] [Times: user=0.01 sys=0.00, real=0.01 secs] 
2015-10-30T16:31:41.281+0000: 7168.461: [GC (CMS Initial Mark) [1 CMS-initial-mark: 101746K(206856K)] 111034K(243144K), 0.0018082 secs] [Times: user=0.01 sys=0.00, real=0.00 secs] 
2015-10-30T16:31:41.283+0000: 7168.463: [CMS-concurrent-mark-start]
2015-10-30T16:31:41.340+0000: 7168.520: [CMS-concurrent-mark: 0.057/0.057 secs] [Times: user=0.11 sys=0.00, real=0.06 secs] 
2015-10-30T16:31:41.340+0000: 7168.521: [CMS-concurrent-preclean-start]
2015-10-30T16:31:41.342+0000: 7168.523: [CMS-concurrent-preclean: 0.002/0.002 secs] [Times: user=0.00 sys=0.00, real=0.00 secs] 
2015-10-30T16:31:41.342+0000: 7168.523: [CMS-concurrent-abortable-preclean-start]
 CMS: abort preclean due to time 2015-10-30T16:31:46.457+0000: 7173.637: [CMS-concurrent-abortable-preclean: 1.305/5.115 secs] [Times: user=1.39 sys=0.01, real=5.11 secs] 
2015-10-30T16:31:46.457+0000: 7173.638: [GC (CMS Final Remark) [YG occupancy: 25799 K (36288 K)]7173.638: [Rescan (parallel) , 0.0022789 secs]7173.640: [weak refs processing, 0.0000173 secs]7173.640: [class unloading, 0.0151391 secs]7173.655: [scrub symbol table, 0.0066212 secs]7173.662: [scrub string table, 0.0007611 secs][1 CMS-remark: 101746K(206856K)] 127546K(243144K), 0.0263481 secs] [Times: user=0.03 sys=0.00, real=0.02 secs] 
2015-10-30T16:31:46.484+0000: 7173.664: [CMS-concurrent-sweep-start]
2015-10-30T16:31:46.510+0000: 7173.691: [CMS-concurrent-sweep: 0.026/0.026 secs] [Times: user=0.02 sys=0.00, real=0.03 secs] 
2015-10-30T16:31:46.510+0000: 7173.691: [CMS-concurrent-reset-start]
2015-10-30T16:31:46.513+0000: 7173.693: [CMS-concurrent-reset: 0.002/0.002 secs] [Times: user=0.01 sys=0.00, real=0.00 secs] 
2015-10-30T16:31:48.513+0000: 7175.693: [GC (CMS Initial Mark) [1 CMS-initial-mark: 72651K(206856K)] 99897K(243144K), 0.0027808 secs] [Times: user=0.01 sys=0.00, real=0.00 secs] 
2015-10-30T16:31:48.515+0000: 7175.696: [CMS-concurrent-mark-start]
2015-10-30T16:31:48.552+0000: 7175.733: [CMS-concurrent-mark: 0.037/0.037 secs] [Times: user=0.04 sys=0.00, real=0.04 secs] 
2015-10-30T16:31:48.553+0000: 7175.733: [CMS-concurrent-preclean-start]
2015-10-30T16:31:48.555+0000: 7175.735: [CMS-concurrent-preclean: 0.002/0.002 secs] [Times: user=0.00 sys=0.00, real=0.00 secs] 
2015-10-30T16:31:48.555+0000: 7175.735: [CMS-concurrent-abortable-preclean-start]
2015-10-30T16:31:50.973+0000: 7178.154: [GC (Allocation Failure) 7178.154: [ParNew: 36288K->3968K(36288K), 0.0068007 secs] 108939K->85950K(243144K), 0.0068848 secs] [Times: user=0.02 sys=0.00, real=0.01 secs] 
2015-10-30T16:31:51.013+0000: 7178.193: [GC (Allocation Failure) 7178.193: [ParNew: 36288K->3968K(36288K), 0.0134349 secs] 118270K->97692K(243144K), 0.0135191 secs] [Times: user=0.05 sys=0.00, real=0.02 secs] 
2015-10-30T16:31:51.053+0000: 7178.234: [GC (Allocation Failure) 7178.234: [ParNew: 36288K->3601K(36288K), 0.0054460 secs] 130012K->101312K(243144K), 0.0055085 secs] [Times: user=0.02 sys=0.00, real=0.01 secs] 
2015-10-30T16:31:51.081+0000: 7178.261: [GC (Allocation Failure) 7178.261: [ParNew: 35921K->2223K(36288K), 0.0024921 secs] 133632K->99934K(243144K), 0.0025509 secs] [Times: user=0.01 sys=0.00, real=0.00 secs] 
2015-10-30T16:31:51.084+0000: 7178.264: [CMS-concurrent-abortable-preclean: 0.631/2.529 secs] [Times: user=0.96 sys=0.00, real=2.53 secs] 
2015-10-30T16:31:51.088+0000: 7178.269: [GC (CMS Final Remark) [YG occupancy: 3286 K (36288 K)]7178.269: [Rescan (parallel) , 0.0020173 secs]7178.271: [weak refs processing, 0.0000126 secs]7178.271: [class unloading, 0.0148956 secs]7178.286: [scrub symbol table, 0.0066766 secs]7178.293: [scrub string table, 0.0007533 secs][1 CMS-remark: 97711K(206856K)] 100997K(243144K), 0.0258908 secs] [Times: user=0.03 sys=0.00, real=0.02 secs] 
2015-10-30T16:31:51.115+0000: 7178.295: [CMS-concurrent-sweep-start]
2015-10-30T16:31:51.137+0000: 7178.317: [GC (Allocation Failure) 7178.317: [ParNew: 34543K->3496K(36288K), 0.0040556 secs] 127489K->96443K(243144K), 0.0041236 secs] [Times: user=0.01 sys=0.00, real=0.01 secs] 
2015-10-30T16:31:51.147+0000: 7178.327: [CMS-concurrent-sweep: 0.028/0.032 secs] [Times: user=0.12 sys=0.00, real=0.04 secs] 
2015-10-30T16:31:51.147+0000: 7178.327: [CMS-concurrent-reset-start]
2015-10-30T16:31:51.149+0000: 7178.330: [CMS-concurrent-reset: 0.003/0.003 secs] [Times: user=0.01 sys=0.00, real=0.00 secs] 
2015-10-30T16:31:51.162+0000: 7178.343: [GC (Allocation Failure) 7178.343: [ParNew: 35816K->2903K(36288K), 0.0040267 secs] 128392K->96186K(243144K), 0.0040887 secs] [Times: user=0.02 sys=0.00, real=0.01 secs] 
2015-10-30T16:31:51.185+0000: 7178.366: [GC (Allocation Failure) 7178.366: [ParNew: 35223K->3181K(36288K), 0.0049028 secs] 128506K->97198K(243144K), 0.0049683 secs] [Times: user=0.01 sys=0.00, real=0.00 secs] 
2015-10-30T16:31:51.209+0000: 7178.390: [GC (Allocation Failure) 7178.390: [ParNew: 35501K->2807K(36288K), 0.0036722 secs] 129518K->97431K(243144K), 0.0037365 secs] [Times: user=0.02 sys=0.00, real=0.00 secs] 
2015-10-30T16:31:51.233+0000: 7178.414: [GC (Allocation Failure) 7178.414: [ParNew: 35127K->1966K(36288K), 0.0028911 secs] 129751K->96589K(243144K), 0.0029499 secs] [Times: user=0.01 sys=0.00, real=0.00 secs] 
2015-10-30T16:31:51.269+0000: 7178.449: [GC (Allocation Failure) 7178.449: [ParNew: 31771K->3968K(36288K), 0.0042690 secs] 126395K->106768K(243144K), 0.0043487 secs] [Times: user=0.01 sys=0.00, real=0.00 secs] 
2015-10-30T16:31:51.274+0000: 7178.455: [GC (CMS Initial Mark) [1 CMS-initial-mark: 102800K(206856K)] 112088K(243144K), 0.0019092 secs] [Times: user=0.01 sys=0.00, real=0.00 secs] 
2015-10-30T16:31:51.276+0000: 7178.457: [CMS-concurrent-mark-start]
2015-10-30T16:31:51.316+0000: 7178.496: [CMS-concurrent-mark: 0.040/0.040 secs] [Times: user=0.08 sys=0.00, real=0.04 secs] 
2015-10-30T16:31:51.316+0000: 7178.497: [CMS-concurrent-preclean-start]
2015-10-30T16:31:51.318+0000: 7178.498: [CMS-concurrent-preclean: 0.002/0.002 secs] [Times: user=0.00 sys=0.00, real=0.01 secs] 
2015-10-30T16:31:51.318+0000: 7178.498: [CMS-concurrent-abortable-preclean-start]
 CMS: abort preclean due to time 2015-10-30T16:31:56.374+0000: 7183.554: [CMS-concurrent-abortable-preclean: 1.149/5.056 secs] [Times: user=1.23 sys=0.00, real=5.05 secs] 
2015-10-30T16:31:56.374+0000: 7183.555: [GC (CMS Final Remark) [YG occupancy: 25712 K (36288 K)]7183.555: [Rescan (parallel) , 0.0018390 secs]7183.557: [weak refs processing, 0.0000170 secs]7183.557: [class unloading, 0.0148625 secs]7183.572: [scrub symbol table, 0.0066077 secs]7183.578: [scrub string table, 0.0007542 secs][1 CMS-remark: 102800K(206856K)] 128512K(243144K), 0.0255253 secs] [Times: user=0.03 sys=0.00, real=0.03 secs] 
2015-10-30T16:31:56.400+0000: 7183.581: [CMS-concurrent-sweep-start]
2015-10-30T16:31:56.426+0000: 7183.607: [CMS-concurrent-sweep: 0.026/0.026 secs] [Times: user=0.03 sys=0.00, real=0.03 secs] 
2015-10-30T16:31:56.426+0000: 7183.607: [CMS-concurrent-reset-start]
2015-10-30T16:31:56.429+0000: 7183.609: [CMS-concurrent-reset: 0.002/0.002 secs] [Times: user=0.00 sys=0.00, real=0.00 secs] 
2015-10-30T16:31:58.428+0000: 7185.608: [GC (CMS Initial Mark) [1 CMS-initial-mark: 72064K(206856K)] 99160K(243144K), 0.0026063 secs] [Times: user=0.01 sys=0.00, real=0.00 secs] 
2015-10-30T16:31:58.431+0000: 7185.611: [CMS-concurrent-mark-start]
2015-10-30T16:31:58.468+0000: 7185.648: [CMS-concurrent-mark: 0.037/0.037 secs] [Times: user=0.04 sys=0.00, real=0.04 secs] 
2015-10-30T16:31:58.468+0000: 7185.648: [CMS-concurrent-preclean-start]
2015-10-30T16:31:58.470+0000: 7185.650: [CMS-concurrent-preclean: 0.002/0.002 secs] [Times: user=0.00 sys=0.00, real=0.00 secs] 
2015-10-30T16:31:58.470+0000: 7185.650: [CMS-concurrent-abortable-preclean-start]
2015-10-30T16:32:00.047+0000: 7187.228: [GC (Allocation Failure) 7187.228: [ParNew: 36288K->3968K(36288K), 0.0081733 secs] 108352K->80472K(243144K), 0.0082634 secs] [Times: user=0.03 sys=0.00, real=0.00 secs] 
2015-10-30T16:32:00.072+0000: 7187.253: [CMS-concurrent-abortable-preclean: 0.390/1.602 secs] [Times: user=0.49 sys=0.01, real=1.60 secs] 
2015-10-30T16:32:00.073+0000: 7187.254: [GC (CMS Final Remark) [YG occupancy: 26867 K (36288 K)]7187.254: [Rescan (parallel) , 0.0109451 secs]7187.265: [weak refs processing, 0.0000184 secs]7187.265: [class unloading, 0.0148135 secs]7187.280: [scrub symbol table, 0.0066287 secs]7187.286: [scrub string table, 0.0007586 secs][1 CMS-remark: 76504K(206856K)] 103372K(243144K), 0.0346188 secs] [Times: user=0.07 sys=0.00, real=0.04 secs] 
2015-10-30T16:32:00.108+0000: 7187.289: [CMS-concurrent-sweep-start]
2015-10-30T16:32:00.116+0000: 7187.296: [GC (Allocation Failure) 7187.296: [ParNew: 36288K->3968K(36288K), 0.0100621 secs] 110228K->89020K(243144K), 0.0101404 secs] [Times: user=0.03 sys=0.00, real=0.02 secs] 
2015-10-30T16:32:00.148+0000: 7187.328: [GC (Allocation Failure) 7187.328: [ParNew: 36288K->3968K(36288K), 0.0174271 secs] 120733K->98760K(243144K), 0.0175229 secs] [Times: user=0.06 sys=0.00, real=0.02 secs] 
2015-10-30T16:32:00.170+0000: 7187.351: [CMS-concurrent-sweep: 0.034/0.062 secs] [Times: user=0.23 sys=0.00, real=0.06 secs] 
2015-10-30T16:32:00.170+0000: 7187.351: [CMS-concurrent-reset-start]
2015-10-30T16:32:00.173+0000: 7187.354: [CMS-concurrent-reset: 0.003/0.003 secs] [Times: user=0.01 sys=0.00, real=0.00 secs] 
2015-10-30T16:32:00.182+0000: 7187.363: [GC (Allocation Failure) 7187.363: [ParNew: 36288K->3586K(36288K), 0.0082643 secs] 131079K->102043K(243144K), 0.0083531 secs] [Times: user=0.03 sys=0.00, real=0.01 secs] 
2015-10-30T16:32:00.208+0000: 7187.388: [GC (Allocation Failure) 7187.388: [ParNew: 35906K->3327K(36288K), 0.0035066 secs] 134363K->101785K(243144K), 0.0035682 secs] [Times: user=0.01 sys=0.00, real=0.00 secs] 
2015-10-30T16:32:00.229+0000: 7187.409: [GC (Allocation Failure) 7187.409: [ParNew: 35647K->3260K(36288K), 0.0041089 secs] 134105K->102288K(243144K), 0.0041665 secs] [Times: user=0.02 sys=0.00, real=0.00 secs] 
2015-10-30T16:32:00.264+0000: 7187.445: [GC (Allocation Failure) 7187.445: [ParNew: 35660K->3968K(36288K), 0.0034497 secs] 134688K->105204K(243144K), 0.0035084 secs] [Times: user=0.01 sys=0.00, real=0.01 secs] 
2015-10-30T16:32:00.269+0000: 7187.449: [GC (GCLocker Initiated GC) 7187.449: [ParNew: 4699K->906K(36288K), 0.0026954 secs] 105935K->104882K(243144K), 0.0027480 secs] [Times: user=0.01 sys=0.00, real=0.00 secs] 
2015-10-30T16:32:00.274+0000: 7187.455: [GC (CMS Initial Mark) [1 CMS-initial-mark: 103975K(206856K)] 106855K(243144K), 0.0018340 secs] [Times: user=0.00 sys=0.00, real=0.00 secs] 
2015-10-30T16:32:00.277+0000: 7187.457: [CMS-concurrent-mark-start]
2015-10-30T16:32:00.317+0000: 7187.498: [GC (Allocation Failure) 7187.498: [ParNew: 34773K->3968K(36288K), 0.0045534 secs] 138748K->108904K(243144K), 0.0046251 secs] [Times: user=0.01 sys=0.00, real=0.00 secs] 
2015-10-30T16:32:00.322+0000: 7187.503: [GC (GCLocker Initiated GC) 7187.503: [ParNew: 4142K->1143K(36288K), 0.0050305 secs] 109079K->110108K(243144K), 0.0050719 secs] [Times: user=0.01 sys=0.00, real=0.01 secs] 
2015-10-30T16:32:00.340+0000: 7187.520: [CMS-concurrent-mark: 0.049/0.063 secs] [Times: user=0.19 sys=0.01, real=0.07 secs] 
2015-10-30T16:32:00.340+0000: 7187.520: [CMS-concurrent-preclean-start]
2015-10-30T16:32:00.348+0000: 7187.528: [CMS-concurrent-preclean: 0.007/0.008 secs] [Times: user=0.03 sys=0.00, real=0.01 secs] 
2015-10-30T16:32:00.348+0000: 7187.529: [CMS-concurrent-abortable-preclean-start]
2015-10-30T16:32:00.352+0000: 7187.533: [GC (Allocation Failure) 7187.533: [ParNew: 33463K->3968K(36288K), 0.0045494 secs] 142428K->114019K(243144K), 0.0046126 secs] [Times: user=0.02 sys=0.00, real=0.00 secs] 
2015-10-30T16:32:00.387+0000: 7187.567: [CMS-concurrent-abortable-preclean: 0.030/0.038 secs] [Times: user=0.10 sys=0.01, real=0.04 secs] 
2015-10-30T16:32:00.387+0000: 7187.567: [GC (CMS Final Remark) [YG occupancy: 30137 K (36288 K)]7187.567: [Rescan (parallel) , 0.0139820 secs]7187.581: [weak refs processing, 0.0000267 secs]7187.581: [class unloading, 0.0151113 secs]7187.596: [scrub symbol table, 0.0068556 secs]7187.603: [scrub string table, 0.0007637 secs][1 CMS-remark: 110051K(206856K)] 140188K(243144K), 0.0382709 secs] [Times: user=0.08 sys=0.00, real=0.03 secs] 
2015-10-30T16:32:00.425+0000: 7187.606: [CMS-concurrent-sweep-start]
2015-10-30T16:32:00.463+0000: 7187.643: [CMS-concurrent-sweep: 0.037/0.037 secs] [Times: user=0.04 sys=0.00, real=0.03 secs] 
2015-10-30T16:32:00.463+0000: 7187.643: [CMS-concurrent-reset-start]
2015-10-30T16:32:00.465+0000: 7187.646: [CMS-concurrent-reset: 0.003/0.003 secs] [Times: user=0.00 sys=0.00, real=0.01 secs] 
2015-10-30T16:32:01.034+0000: 7188.214: [GC (Allocation Failure) 7188.214: [ParNew: 36272K->3968K(36288K), 0.0058917 secs] 109312K->84436K(243144K), 0.0059738 secs] [Times: user=0.02 sys=0.00, real=0.01 secs] 
2015-10-30T16:32:01.074+0000: 7188.255: [GC (Allocation Failure) 7188.255: [ParNew: 36288K->3968K(36288K), 0.0141778 secs] 116756K->98171K(243144K), 0.0142629 secs] [Times: user=0.05 sys=0.00, real=0.02 secs] 
2015-10-30T16:32:01.107+0000: 7188.288: [GC (Allocation Failure) 7188.288: [ParNew: 36288K->2719K(36288K), 0.0051567 secs] 130491K->100877K(243144K), 0.0052143 secs] [Times: user=0.02 sys=0.00, real=0.00 secs] 
2015-10-30T16:32:01.117+0000: 7188.298: [GC (CMS Initial Mark) [1 CMS-initial-mark: 98157K(206856K)] 102544K(243144K), 0.0021109 secs] [Times: user=0.01 sys=0.00, real=0.00 secs] 
2015-10-30T16:32:01.119+0000: 7188.300: [CMS-concurrent-mark-start]
2015-10-30T16:32:01.141+0000: 7188.322: [GC (Allocation Failure) 7188.322: [ParNew: 35039K->1934K(36288K), 0.0031162 secs] 133197K->100091K(243144K), 0.0031753 secs] [Times: user=0.01 sys=0.00, real=0.00 secs] 
2015-10-30T16:32:01.168+0000: 7188.348: [GC (Allocation Failure) 7188.348: [ParNew: 34254K->3209K(36288K), 0.0033855 secs] 132411K->101366K(243144K), 0.0034503 secs] [Times: user=0.01 sys=0.00, real=0.00 secs] 
2015-10-30T16:32:01.189+0000: 7188.369: [CMS-concurrent-mark: 0.061/0.069 secs] [Times: user=0.26 sys=0.00, real=0.07 secs] 
2015-10-30T16:32:01.189+0000: 7188.369: [CMS-concurrent-preclean-start]
2015-10-30T16:32:01.191+0000: 7188.371: [CMS-concurrent-preclean: 0.002/0.002 secs] [Times: user=0.01 sys=0.01, real=0.00 secs] 
2015-10-30T16:32:01.191+0000: 7188.371: [CMS-concurrent-abortable-preclean-start]
2015-10-30T16:32:01.197+0000: 7188.378: [GC (Allocation Failure) 7188.378: [ParNew: 35529K->2977K(36288K), 0.0052115 secs] 133686K->102580K(243144K), 0.0052769 secs] [Times: user=0.02 sys=0.00, real=0.00 secs] 
2015-10-30T16:32:01.228+0000: 7188.408: [GC (Allocation Failure) 7188.408: [ParNew: 35297K->3347K(36288K), 0.0033850 secs] 134900K->102951K(243144K), 0.0034446 secs] [Times: user=0.02 sys=0.00, real=0.00 secs] 
2015-10-30T16:32:01.232+0000: 7188.413: [CMS-concurrent-abortable-preclean: 0.030/0.042 secs] [Times: user=0.14 sys=0.00, real=0.04 secs] 
2015-10-30T16:32:01.233+0000: 7188.414: [GC (CMS Final Remark) [YG occupancy: 6462 K (36288 K)]7188.414: [Rescan (parallel) , 0.0036836 secs]7188.417: [weak refs processing, 0.0000153 secs]7188.417: [class unloading, 0.0150655 secs]7188.433: [scrub symbol table, 0.0066332 secs]7188.439: [scrub string table, 0.0007624 secs][1 CMS-remark: 99603K(206856K)] 106065K(243144K), 0.0276420 secs] [Times: user=0.04 sys=0.00, real=0.03 secs] 
2015-10-30T16:32:01.261+0000: 7188.442: [CMS-concurrent-sweep-start]
2015-10-30T16:32:01.284+0000: 7188.465: [GC (Allocation Failure) 7188.465: [ParNew: 35667K->2297K(36288K), 0.0036219 secs] 124664K->91965K(243144K), 0.0036853 secs] [Times: user=0.01 sys=0.00, real=0.01 secs] 
2015-10-30T16:32:01.306+0000: 7188.486: [CMS-concurrent-sweep: 0.041/0.045 secs] [Times: user=0.17 sys=0.00, real=0.05 secs] 
2015-10-30T16:32:01.306+0000: 7188.486: [CMS-concurrent-reset-start]
2015-10-30T16:32:01.308+0000: 7188.489: [CMS-concurrent-reset: 0.003/0.003 secs] [Times: user=0.01 sys=0.00, real=0.00 secs] 
2015-10-30T16:32:01.311+0000: 7188.492: [GC (Allocation Failure) 7188.492: [ParNew: 34617K->2134K(36288K), 0.0024976 secs] 115488K->83006K(243144K), 0.0025432 secs] [Times: user=0.01 sys=0.00, real=0.00 secs] 
2015-10-30T16:32:01.346+0000: 7188.527: [GC (Allocation Failure) 7188.527: [ParNew: 34376K->3968K(36288K), 0.0033216 secs] 115247K->93316K(243144K), 0.0034009 secs] [Times: user=0.01 sys=0.00, real=0.00 secs] 
2015-10-30T16:32:01.351+0000: 7188.531: [GC (CMS Initial Mark) [1 CMS-initial-mark: 89348K(206856K)] 98636K(243144K), 0.0021009 secs] [Times: user=0.01 sys=0.00, real=0.00 secs] 
2015-10-30T16:32:01.353+0000: 7188.534: [CMS-concurrent-mark-start]
2015-10-30T16:32:01.391+0000: 7188.572: [CMS-concurrent-mark: 0.038/0.038 secs] [Times: user=0.07 sys=0.00, real=0.04 secs] 
2015-10-30T16:32:01.391+0000: 7188.572: [CMS-concurrent-preclean-start]
2015-10-30T16:32:01.393+0000: 7188.573: [CMS-concurrent-preclean: 0.002/0.002 secs] [Times: user=0.00 sys=0.00, real=0.00 secs] 
2015-10-30T16:32:01.393+0000: 7188.573: [CMS-concurrent-abortable-preclean-start]
 CMS: abort preclean due to time 2015-10-30T16:32:06.448+0000: 7193.629: [CMS-concurrent-abortable-preclean: 1.291/5.056 secs] [Times: user=1.39 sys=0.01, real=5.06 secs] 
2015-10-30T16:32:06.449+0000: 7193.629: [GC (CMS Final Remark) [YG occupancy: 26543 K (36288 K)]7193.629: [Rescan (parallel) , 0.0020911 secs]7193.631: [weak refs processing, 0.0000168 secs]7193.631: [class unloading, 0.0153415 secs]7193.647: [scrub symbol table, 0.0067078 secs]7193.653: [scrub string table, 0.0007843 secs][1 CMS-remark: 89348K(206856K)] 115891K(243144K), 0.0264580 secs] [Times: user=0.03 sys=0.00, real=0.02 secs] 
2015-10-30T16:32:06.475+0000: 7193.656: [CMS-concurrent-sweep-start]
2015-10-30T16:32:06.503+0000: 7193.683: [CMS-concurrent-sweep: 0.027/0.027 secs] [Times: user=0.03 sys=0.00, real=0.03 secs] 
2015-10-30T16:32:06.503+0000: 7193.683: [CMS-concurrent-reset-start]
2015-10-30T16:32:06.505+0000: 7193.686: [CMS-concurrent-reset: 0.003/0.003 secs] [Times: user=0.00 sys=0.00, real=0.01 secs] 
2015-10-30T16:32:06.956+0000: 7194.136: [GC (Allocation Failure) 7194.136: [ParNew: 36288K->3968K(36288K), 0.0087014 secs] 110388K->81403K(243144K), 0.0087816 secs] [Times: user=0.03 sys=0.00, real=0.01 secs] 
2015-10-30T16:32:06.993+0000: 7194.173: [GC (Allocation Failure) 7194.173: [ParNew: 36288K->3968K(36288K), 0.0061078 secs] 113723K->84978K(243144K), 0.0061843 secs] [Times: user=0.02 sys=0.00, real=0.01 secs] 
2015-10-30T16:32:07.029+0000: 7194.209: [GC (Allocation Failure) 7194.209: [ParNew: 36288K->3968K(36288K), 0.0101769 secs] 117298K->89268K(243144K), 0.0102582 secs] [Times: user=0.04 sys=0.00, real=0.01 secs] 
2015-10-30T16:32:11.047+0000: 7198.228: [GC (Allocation Failure) 7198.228: [ParNew: 36286K->3968K(36288K), 0.0114394 secs] 121587K->100033K(243144K), 0.0115384 secs] [Times: user=0.05 sys=0.00, real=0.01 secs] 
2015-10-30T16:32:11.089+0000: 7198.269: [GC (Allocation Failure) 7198.269: [ParNew: 36288K->3968K(36288K), 0.0114214 secs] 132353K->109831K(243144K), 0.0114989 secs] [Times: user=0.04 sys=0.00, real=0.01 secs] 
2015-10-30T16:32:11.121+0000: 7198.302: [GC (Allocation Failure) 7198.302: [ParNew: 36288K->3858K(36288K), 0.0059077 secs] 142151K->113664K(243144K), 0.0059837 secs] [Times: user=0.01 sys=0.00, real=0.01 secs] 
2015-10-30T16:32:11.149+0000: 7198.330: [GC (Allocation Failure) 7198.330: [ParNew: 36178K->2368K(36288K), 0.0027789 secs] 145984K->112175K(243144K), 0.0028498 secs] [Times: user=0.01 sys=0.00, real=0.00 secs] 
2015-10-30T16:32:11.173+0000: 7198.353: [GC (Allocation Failure) 7198.353: [ParNew: 34688K->3263K(36288K), 0.0035619 secs] 144495K->113070K(243144K), 0.0036178 secs] [Times: user=0.01 sys=0.00, real=0.00 secs] 
2015-10-30T16:32:11.197+0000: 7198.378: [GC (Allocation Failure) 7198.378: [ParNew: 35583K->2765K(36288K), 0.0046438 secs] 145390K->113340K(243144K), 0.0047044 secs] [Times: user=0.02 sys=0.01, real=0.00 secs] 
2015-10-30T16:32:11.221+0000: 7198.401: [GC (Allocation Failure) 7198.401: [ParNew: 35085K->3968K(36288K), 0.0042687 secs] 145660K->114543K(243144K), 0.0043306 secs] [Times: user=0.02 sys=0.00, real=0.00 secs] 
2015-10-30T16:32:11.245+0000: 7198.426: [GC (Allocation Failure) 7198.426: [ParNew: 36288K->2786K(36288K), 0.0052244 secs] 146863K->114603K(243144K), 0.0052923 secs] [Times: user=0.01 sys=0.00, real=0.00 secs] 
2015-10-30T16:32:11.273+0000: 7198.454: [GC (Allocation Failure) 7198.454: [ParNew: 35106K->2588K(36288K), 0.0028704 secs] 146923K->114404K(243144K), 0.0029287 secs] [Times: user=0.01 sys=0.00, real=0.00 secs] 
2015-10-30T16:32:11.307+0000: 7198.487: [GC (Allocation Failure) 7198.487: [ParNew: 30196K->3968K(36288K), 0.0036120 secs] 142012K->124283K(243144K), 0.0036998 secs] [Times: user=0.01 sys=0.00, real=0.00 secs] 
2015-10-30T16:32:11.312+0000: 7198.492: [GC (CMS Initial Mark) [1 CMS-initial-mark: 120315K(206856K)] 129603K(243144K), 0.0018200 secs] [Times: user=0.00 sys=0.00, real=0.00 secs] 
2015-10-30T16:32:11.313+0000: 7198.494: [CMS-concurrent-mark-start]
2015-10-30T16:32:11.354+0000: 7198.534: [CMS-concurrent-mark: 0.040/0.040 secs] [Times: user=0.08 sys=0.00, real=0.04 secs] 
2015-10-30T16:32:11.354+0000: 7198.534: [CMS-concurrent-preclean-start]
2015-10-30T16:32:11.356+0000: 7198.536: [CMS-concurrent-preclean: 0.002/0.002 secs] [Times: user=0.01 sys=0.00, real=0.00 secs] 
2015-10-30T16:32:11.356+0000: 7198.536: [CMS-concurrent-abortable-preclean-start]
 CMS: abort preclean due to time 2015-10-30T16:32:16.444+0000: 7203.625: [CMS-concurrent-abortable-preclean: 1.243/5.089 secs] [Times: user=1.32 sys=0.01, real=5.09 secs] 
2015-10-30T16:32:16.445+0000: 7203.625: [GC (CMS Final Remark) [YG occupancy: 25487 K (36288 K)]7203.638: [Rescan (parallel) , 0.0026487 secs]7203.641: [weak refs processing, 0.0000333 secs]7203.641: [class unloading, 0.0154526 secs]7203.657: [scrub symbol table, 0.0066468 secs]7203.663: [scrub string table, 0.0007626 secs][1 CMS-remark: 120315K(206856K)] 145803K(243144K), 0.0403789 secs] [Times: user=0.03 sys=0.00, real=0.04 secs] 
2015-10-30T16:32:16.485+0000: 7203.666: [CMS-concurrent-sweep-start]
2015-10-30T16:32:16.517+0000: 7203.697: [CMS-concurrent-sweep: 0.032/0.032 secs] [Times: user=0.03 sys=0.00, real=0.02 secs] 
2015-10-30T16:32:16.517+0000: 7203.697: [CMS-concurrent-reset-start]
2015-10-30T16:32:16.519+0000: 7203.700: [CMS-concurrent-reset: 0.002/0.002 secs] [Times: user=0.00 sys=0.00, real=0.01 secs] 
2015-10-30T16:32:18.519+0000: 7205.700: [GC (CMS Initial Mark) [1 CMS-initial-mark: 73418K(206856K)] 100524K(243144K), 0.0030008 secs] [Times: user=0.01 sys=0.00, real=0.00 secs] 
2015-10-30T16:32:18.522+0000: 7205.703: [CMS-concurrent-mark-start]
2015-10-30T16:32:18.560+0000: 7205.740: [CMS-concurrent-mark: 0.037/0.037 secs] [Times: user=0.04 sys=0.01, real=0.04 secs] 
2015-10-30T16:32:18.560+0000: 7205.740: [CMS-concurrent-preclean-start]
2015-10-30T16:32:18.562+0000: 7205.742: [CMS-concurrent-preclean: 0.002/0.002 secs] [Times: user=0.00 sys=0.00, real=0.00 secs] 
2015-10-30T16:32:18.562+0000: 7205.742: [CMS-concurrent-abortable-preclean-start]
2015-10-30T16:32:20.978+0000: 7208.158: [GC (Allocation Failure) 7208.158: [ParNew: 36288K->3968K(36288K), 0.0063681 secs] 109706K->86999K(243144K), 0.0064539 secs] [Times: user=0.02 sys=0.00, real=0.00 secs] 
2015-10-30T16:32:21.017+0000: 7208.198: [GC (Allocation Failure) 7208.198: [ParNew: 36288K->3968K(36288K), 0.0130899 secs] 119319K->97292K(243144K), 0.0131739 secs] [Times: user=0.05 sys=0.00, real=0.01 secs] 
2015-10-30T16:32:21.054+0000: 7208.235: [GC (Allocation Failure) 7208.235: [ParNew: 36288K->3580K(36288K), 0.0062854 secs] 129612K->100801K(243144K), 0.0063501 secs] [Times: user=0.02 sys=0.00, real=0.01 secs] 
2015-10-30T16:32:21.083+0000: 7208.264: [GC (Allocation Failure) 7208.264: [ParNew: 35900K->2174K(36288K), 0.0025129 secs] 133121K->99396K(243144K), 0.0025714 secs] [Times: user=0.01 sys=0.00, real=0.01 secs] 
2015-10-30T16:32:21.086+0000: 7208.267: [CMS-concurrent-abortable-preclean: 0.663/2.525 secs] [Times: user=0.99 sys=0.00, real=2.53 secs] 
2015-10-30T16:32:21.089+0000: 7208.270: [GC (CMS Final Remark) [YG occupancy: 8796 K (36288 K)]7208.270: [Rescan (parallel) , 0.0055949 secs]7208.275: [weak refs processing, 0.0000158 secs]7208.275: [class unloading, 0.0147970 secs]7208.290: [scrub symbol table, 0.0066001 secs]7208.297: [scrub string table, 0.0007575 secs][1 CMS-remark: 97221K(206856K)] 106018K(243144K), 0.0291932 secs] [Times: user=0.05 sys=0.00, real=0.03 secs] 
2015-10-30T16:32:21.119+0000: 7208.299: [CMS-concurrent-sweep-start]
2015-10-30T16:32:21.137+0000: 7208.318: [GC (Allocation Failure) 7208.318: [ParNew: 34494K->3280K(36288K), 0.0031062 secs] 128984K->97770K(243144K), 0.0031624 secs] [Times: user=0.01 sys=0.00, real=0.00 secs] 
2015-10-30T16:32:21.154+0000: 7208.335: [CMS-concurrent-sweep: 0.032/0.036 secs] [Times: user=0.13 sys=0.01, real=0.03 secs] 
2015-10-30T16:32:21.154+0000: 7208.335: [CMS-concurrent-reset-start]
2015-10-30T16:32:21.157+0000: 7208.337: [CMS-concurrent-reset: 0.002/0.002 secs] [Times: user=0.01 sys=0.00, real=0.00 secs] 
2015-10-30T16:32:21.165+0000: 7208.345: [GC (Allocation Failure) 7208.345: [ParNew: 35600K->2792K(36288K), 0.0040228 secs] 127396K->95325K(243144K), 0.0040752 secs] [Times: user=0.01 sys=0.00, real=0.01 secs] 
2015-10-30T16:32:21.188+0000: 7208.368: [GC (Allocation Failure) 7208.368: [ParNew: 35112K->3156K(36288K), 0.0038674 secs] 127645K->96393K(243144K), 0.0039283 secs] [Times: user=0.01 sys=0.00, real=0.00 secs] 
2015-10-30T16:32:21.209+0000: 7208.389: [GC (Allocation Failure) 7208.389: [ParNew: 35476K->3494K(36288K), 0.0034020 secs] 128713K->96731K(243144K), 0.0034613 secs] [Times: user=0.01 sys=0.00, real=0.00 secs] 
2015-10-30T16:32:21.233+0000: 7208.414: [GC (Allocation Failure) 7208.414: [ParNew: 35814K->2544K(36288K), 0.0034821 secs] 129051K->96363K(243144K), 0.0035394 secs] [Times: user=0.02 sys=0.00, real=0.00 secs] 
2015-10-30T16:32:21.268+0000: 7208.449: [GC (Allocation Failure) 7208.449: [ParNew: 32232K->3968K(36288K), 0.0030956 secs] 126050K->106292K(243144K), 0.0031712 secs] [Times: user=0.01 sys=0.00, real=0.00 secs] 
2015-10-30T16:32:21.273+0000: 7208.453: [GC (CMS Initial Mark) [1 CMS-initial-mark: 102324K(206856K)] 111616K(243144K), 0.0017767 secs] [Times: user=0.01 sys=0.00, real=0.00 secs] 
2015-10-30T16:32:21.275+0000: 7208.455: [CMS-concurrent-mark-start]
2015-10-30T16:32:21.313+0000: 7208.493: [CMS-concurrent-mark: 0.038/0.038 secs] [Times: user=0.07 sys=0.00, real=0.04 secs] 
2015-10-30T16:32:21.313+0000: 7208.493: [CMS-concurrent-preclean-start]
2015-10-30T16:32:21.315+0000: 7208.495: [CMS-concurrent-preclean: 0.002/0.002 secs] [Times: user=0.00 sys=0.00, real=0.00 secs] 
2015-10-30T16:32:21.315+0000: 7208.495: [CMS-concurrent-abortable-preclean-start]
 CMS: abort preclean due to time 2015-10-30T16:32:26.411+0000: 7213.592: [CMS-concurrent-abortable-preclean: 1.318/5.097 secs] [Times: user=1.41 sys=0.00, real=5.10 secs] 
2015-10-30T16:32:26.412+0000: 7213.592: [GC (CMS Final Remark) [YG occupancy: 25603 K (36288 K)]7213.592: [Rescan (parallel) , 0.0018899 secs]7213.594: [weak refs processing, 0.0000216 secs]7213.594: [class unloading, 0.0152060 secs]7213.609: [scrub symbol table, 0.0066557 secs]7213.616: [scrub string table, 0.0007514 secs][1 CMS-remark: 102324K(206856K)] 127927K(243144K), 0.0259752 secs] [Times: user=0.03 sys=0.00, real=0.03 secs] 
2015-10-30T16:32:26.438+0000: 7213.618: [CMS-concurrent-sweep-start]
2015-10-30T16:32:26.474+0000: 7213.654: [CMS-concurrent-sweep: 0.036/0.036 secs] [Times: user=0.04 sys=0.00, real=0.03 secs] 
2015-10-30T16:32:26.474+0000: 7213.654: [CMS-concurrent-reset-start]
2015-10-30T16:32:26.476+0000: 7213.657: [CMS-concurrent-reset: 0.002/0.002 secs] [Times: user=0.00 sys=0.00, real=0.00 secs] 
2015-10-30T16:32:28.477+0000: 7215.657: [GC (CMS Initial Mark) [1 CMS-initial-mark: 73291K(206856K)] 100446K(243144K), 0.0027762 secs] [Times: user=0.01 sys=0.00, real=0.01 secs] 
2015-10-30T16:32:28.479+0000: 7215.660: [CMS-concurrent-mark-start]
2015-10-30T16:32:28.517+0000: 7215.697: [CMS-concurrent-mark: 0.037/0.037 secs] [Times: user=0.04 sys=0.00, real=0.03 secs] 
2015-10-30T16:32:28.517+0000: 7215.697: [CMS-concurrent-preclean-start]
2015-10-30T16:32:28.519+0000: 7215.699: [CMS-concurrent-preclean: 0.002/0.002 secs] [Times: user=0.00 sys=0.00, real=0.01 secs] 
2015-10-30T16:32:28.519+0000: 7215.699: [CMS-concurrent-abortable-preclean-start]
2015-10-30T16:32:30.977+0000: 7218.157: [GC (Allocation Failure) 7218.157: [ParNew: 36288K->3968K(36288K), 0.0062900 secs] 109579K->86619K(243144K), 0.0063698 secs] [Times: user=0.02 sys=0.00, real=0.01 secs] 
2015-10-30T16:32:31.016+0000: 7218.197: [GC (Allocation Failure) 7218.197: [ParNew: 36288K->3968K(36288K), 0.0119729 secs] 118939K->96569K(243144K), 0.0120492 secs] [Times: user=0.05 sys=0.00, real=0.02 secs] 
2015-10-30T16:32:31.050+0000: 7218.230: [GC (Allocation Failure) 7218.231: [ParNew: 36288K->3581K(36288K), 0.0059926 secs] 128889K->100159K(243144K), 0.0060597 secs] [Times: user=0.02 sys=0.00, real=0.00 secs] 
2015-10-30T16:32:31.081+0000: 7218.261: [GC (Allocation Failure) 7218.261: [ParNew: 35901K->2238K(36288K), 0.0026950 secs] 132479K->98815K(243144K), 0.0027540 secs] [Times: user=0.01 sys=0.00, real=0.00 secs] 
2015-10-30T16:32:31.086+0000: 7218.267: [CMS-concurrent-abortable-preclean: 0.675/2.568 secs] [Times: user=1.01 sys=0.01, real=2.57 secs] 
2015-10-30T16:32:31.099+0000: 7218.280: [GC (CMS Final Remark) [YG occupancy: 26375 K (36288 K)]7218.280: [Rescan (parallel) , 0.0157712 secs]7218.296: [weak refs processing, 0.0000187 secs]7218.296: [class unloading, 0.0147000 secs]7218.310: [scrub symbol table, 0.0065932 secs]7218.317: [scrub string table, 0.0007659 secs][1 CMS-remark: 96577K(206856K)] 122952K(243144K), 0.0393535 secs] [Times: user=0.09 sys=0.00, real=0.04 secs] 
2015-10-30T16:32:31.139+0000: 7218.319: [CMS-concurrent-sweep-start]
2015-10-30T16:32:31.145+0000: 7218.325: [GC (Allocation Failure) 7218.325: [ParNew: 34558K->3061K(36288K), 0.0038040 secs] 130945K->99449K(243144K), 0.0038512 secs] [Times: user=0.01 sys=0.00, real=0.01 secs] 
2015-10-30T16:32:31.173+0000: 7218.353: [CMS-concurrent-sweep: 0.030/0.034 secs] [Times: user=0.12 sys=0.01, real=0.03 secs] 
2015-10-30T16:32:31.173+0000: 7218.353: [CMS-concurrent-reset-start]
2015-10-30T16:32:31.177+0000: 7218.358: [GC (Allocation Failure) 7218.358: [ParNew: 35381K->2951K(36288K), 0.0040803 secs] 126820K->95102K(243144K), 0.0041438 secs] [Times: user=0.01 sys=0.00, real=0.00 secs] 
2015-10-30T16:32:31.183+0000: 7218.364: [CMS-concurrent-reset: 0.003/0.010 secs] [Times: user=0.03 sys=0.00, real=0.01 secs] 
2015-10-30T16:32:31.205+0000: 7218.386: [GC (Allocation Failure) 7218.386: [ParNew: 35271K->3371K(36288K), 0.0038803 secs] 127422K->96214K(243144K), 0.0039385 secs] [Times: user=0.01 sys=0.00, real=0.00 secs] 
2015-10-30T16:32:31.229+0000: 7218.409: [GC (Allocation Failure) 7218.409: [ParNew: 35691K->2670K(36288K), 0.0033348 secs] 128534K->96130K(243144K), 0.0033957 secs] [Times: user=0.01 sys=0.00, real=0.00 secs] 
2015-10-30T16:32:31.253+0000: 7218.434: [GC (Allocation Failure) 7218.434: [ParNew: 34990K->2246K(36288K), 0.0024727 secs] 128450K->95706K(243144K), 0.0025316 secs] [Times: user=0.01 sys=0.00, real=0.00 secs] 
2015-10-30T16:32:31.287+0000: 7218.467: [GC (Allocation Failure) 7218.467: [ParNew: 31432K->3968K(36288K), 0.0031792 secs] 124892K->105941K(243144K), 0.0032585 secs] [Times: user=0.02 sys=0.00, real=0.00 secs] 
2015-10-30T16:32:31.291+0000: 7218.472: [GC (CMS Initial Mark) [1 CMS-initial-mark: 101973K(206856K)] 111267K(243144K), 0.0020320 secs] [Times: user=0.00 sys=0.00, real=0.00 secs] 
2015-10-30T16:32:31.294+0000: 7218.474: [CMS-concurrent-mark-start]
2015-10-30T16:32:31.331+0000: 7218.512: [CMS-concurrent-mark: 0.038/0.038 secs] [Times: user=0.08 sys=0.00, real=0.04 secs] 
2015-10-30T16:32:31.331+0000: 7218.512: [CMS-concurrent-preclean-start]
2015-10-30T16:32:31.333+0000: 7218.514: [CMS-concurrent-preclean: 0.002/0.002 secs] [Times: user=0.00 sys=0.00, real=0.00 secs] 
2015-10-30T16:32:31.333+0000: 7218.514: [CMS-concurrent-abortable-preclean-start]
 CMS: abort preclean due to time 2015-10-30T16:32:36.336+0000: 7223.516: [CMS-concurrent-abortable-preclean: 1.258/5.002 secs] [Times: user=1.34 sys=0.01, real=5.00 secs] 
2015-10-30T16:32:36.336+0000: 7223.516: [GC (CMS Final Remark) [YG occupancy: 25626 K (36288 K)]7223.516: [Rescan (parallel) , 0.0019837 secs]7223.518: [weak refs processing, 0.0000240 secs]7223.518: [class unloading, 0.0151530 secs]7223.534: [scrub symbol table, 0.0066355 secs]7223.540: [scrub string table, 0.0007645 secs][1 CMS-remark: 101973K(206856K)] 127600K(243144K), 0.0260525 secs] [Times: user=0.03 sys=0.00, real=0.03 secs] 
2015-10-30T16:32:36.362+0000: 7223.543: [CMS-concurrent-sweep-start]
2015-10-30T16:32:36.392+0000: 7223.572: [CMS-concurrent-sweep: 0.030/0.030 secs] [Times: user=0.03 sys=0.00, real=0.03 secs] 
2015-10-30T16:32:36.392+0000: 7223.572: [CMS-concurrent-reset-start]
2015-10-30T16:32:36.394+0000: 7223.575: [CMS-concurrent-reset: 0.002/0.002 secs] [Times: user=0.01 sys=0.00, real=0.00 secs] 
2015-10-30T16:32:38.394+0000: 7225.574: [GC (CMS Initial Mark) [1 CMS-initial-mark: 72716K(206856K)] 99956K(243144K), 0.0027507 secs] [Times: user=0.01 sys=0.00, real=0.00 secs] 
2015-10-30T16:32:38.397+0000: 7225.577: [CMS-concurrent-mark-start]
2015-10-30T16:32:38.434+0000: 7225.614: [CMS-concurrent-mark: 0.037/0.037 secs] [Times: user=0.04 sys=0.00, real=0.04 secs] 
2015-10-30T16:32:38.434+0000: 7225.615: [CMS-concurrent-preclean-start]
2015-10-30T16:32:38.436+0000: 7225.617: [CMS-concurrent-preclean: 0.002/0.002 secs] [Times: user=0.00 sys=0.00, real=0.00 secs] 
2015-10-30T16:32:38.436+0000: 7225.617: [CMS-concurrent-abortable-preclean-start]
2015-10-30T16:32:40.994+0000: 7228.175: [GC (Allocation Failure) 7228.175: [ParNew: 36269K->3968K(36288K), 0.0065638 secs] 108985K->86000K(243144K), 0.0066529 secs] [Times: user=0.03 sys=0.00, real=0.01 secs] 
2015-10-30T16:32:41.034+0000: 7228.214: [GC (Allocation Failure) 7228.214: [ParNew: 36288K->3968K(36288K), 0.0138017 secs] 118320K->94749K(243144K), 0.0138839 secs] [Times: user=0.05 sys=0.00, real=0.02 secs] 
2015-10-30T16:32:41.070+0000: 7228.250: [GC (Allocation Failure) 7228.250: [ParNew: 36288K->3580K(36288K), 0.0057257 secs] 127069K->98263K(243144K), 0.0057940 secs] [Times: user=0.02 sys=0.00, real=0.00 secs] 
2015-10-30T16:32:41.095+0000: 7228.276: [GC (Allocation Failure) 7228.276: [ParNew: 35900K->2262K(36288K), 0.0024726 secs] 130583K->96946K(243144K), 0.0025321 secs] [Times: user=0.01 sys=0.00, real=0.01 secs] 
2015-10-30T16:32:41.117+0000: 7228.298: [GC (Allocation Failure) 7228.298: [ParNew: 34582K->3161K(36288K), 0.0036667 secs] 129266K->97845K(243144K), 0.0037242 secs] [Times: user=0.01 sys=0.00, real=0.00 secs] 
2015-10-30T16:32:41.135+0000: 7228.315: [CMS-concurrent-abortable-preclean: 0.706/2.699 secs] [Times: user=1.14 sys=0.01, real=2.70 secs] 
2015-10-30T16:32:41.139+0000: 7228.319: [GC (CMS Final Remark) [YG occupancy: 21845 K (36288 K)]7228.319: [Rescan (parallel) , 0.0126375 secs]7228.332: [weak refs processing, 0.0000225 secs]7228.332: [class unloading, 0.0146378 secs]7228.346: [scrub symbol table, 0.0065738 secs]7228.353: [scrub string table, 0.0007603 secs][1 CMS-remark: 94683K(206856K)] 116529K(243144K), 0.0360724 secs] [Times: user=0.08 sys=0.00, real=0.03 secs] 
2015-10-30T16:32:41.175+0000: 7228.355: [CMS-concurrent-sweep-start]
2015-10-30T16:32:41.186+0000: 7228.366: [GC (Allocation Failure) 7228.366: [ParNew: 35481K->2773K(36288K), 0.0041842 secs] 127466K->95475K(243144K), 0.0042432 secs] [Times: user=0.01 sys=0.00, real=0.00 secs] 
2015-10-30T16:32:41.208+0000: 7228.389: [CMS-concurrent-sweep: 0.029/0.033 secs] [Times: user=0.13 sys=0.00, real=0.04 secs] 
2015-10-30T16:32:41.208+0000: 7228.389: [CMS-concurrent-reset-start]
2015-10-30T16:32:41.211+0000: 7228.391: [CMS-concurrent-reset: 0.003/0.003 secs] [Times: user=0.01 sys=0.00, real=0.00 secs] 
2015-10-30T16:32:41.212+0000: 7228.393: [GC (Allocation Failure) 7228.393: [ParNew: 35093K->2639K(36288K), 0.0042475 secs] 125357K->93626K(243144K), 0.0042938 secs] [Times: user=0.02 sys=0.00, real=0.00 secs] 
2015-10-30T16:32:41.237+0000: 7228.418: [GC (Allocation Failure) 7228.418: [ParNew: 34959K->3387K(36288K), 0.0030553 secs] 125946K->94374K(243144K), 0.0031123 secs] [Times: user=0.02 sys=0.00, real=0.00 secs] 
2015-10-30T16:32:41.260+0000: 7228.441: [GC (Allocation Failure) 7228.441: [ParNew: 35707K->2557K(36288K), 0.0033911 secs] 126694K->94097K(243144K), 0.0034500 secs] [Times: user=0.01 sys=0.00, real=0.00 secs] 
2015-10-30T16:32:41.295+0000: 7228.476: [GC (Allocation Failure) 7228.476: [ParNew: 32065K->3968K(36288K), 0.0032763 secs] 123606K->103969K(243144K), 0.0033558 secs] [Times: user=0.01 sys=0.00, real=0.01 secs] 
2015-10-30T16:32:41.300+0000: 7228.480: [GC (CMS Initial Mark) [1 CMS-initial-mark: 100001K(206856K)] 109291K(243144K), 0.0020287 secs] [Times: user=0.00 sys=0.00, real=0.00 secs] 
2015-10-30T16:32:41.302+0000: 7228.482: [CMS-concurrent-mark-start]
2015-10-30T16:32:41.358+0000: 7228.539: [CMS-concurrent-mark: 0.056/0.056 secs] [Times: user=0.11 sys=0.00, real=0.06 secs] 
2015-10-30T16:32:41.358+0000: 7228.539: [CMS-concurrent-preclean-start]
2015-10-30T16:32:41.360+0000: 7228.541: [CMS-concurrent-preclean: 0.002/0.002 secs] [Times: user=0.01 sys=0.00, real=0.00 secs] 
2015-10-30T16:32:41.360+0000: 7228.541: [CMS-concurrent-abortable-preclean-start]
2015-10-30T16:32:45.564+0000: 7232.744: [GC (Allocation Failure) 7232.744: [ParNew: 36288K->1685K(36288K), 0.0058281 secs] 136289K->106644K(243144K), 0.0058934 secs] [Times: user=0.02 sys=0.00, real=0.01 secs] 
2015-10-30T16:32:46.006+0000: 7233.186: [GC (Allocation Failure) 7233.201: [ParNew: 34005K->3968K(36288K), 0.0159214 secs] 138964K->120338K(243144K), 0.0308017 secs] [Times: user=0.06 sys=0.00, real=0.02 secs] 
2015-10-30T16:32:46.039+0000: 7233.220: [CMS-concurrent-abortable-preclean: 1.130/4.679 secs] [Times: user=1.38 sys=0.00, real=4.68 secs] 
2015-10-30T16:32:46.040+0000: 7233.221: [GC (CMS Final Remark) [YG occupancy: 10388 K (36288 K)]7233.221: [Rescan (parallel) , 0.0150777 secs]7233.236: [weak refs processing, 0.0000211 secs]7233.236: [class unloading, 0.0151682 secs]7233.251: [scrub symbol table, 0.0066713 secs]7233.258: [scrub string table, 0.0007616 secs][1 CMS-remark: 116370K(206856K)] 126758K(243144K), 0.0391712 secs] [Times: user=0.08 sys=0.00, real=0.04 secs] 
2015-10-30T16:32:46.080+0000: 7233.260: [CMS-concurrent-sweep-start]
2015-10-30T16:32:46.099+0000: 7233.280: [GC (Allocation Failure) 7233.280: [ParNew: 36288K->2058K(36288K), 0.0041889 secs] 142483K->111977K(243144K), 0.0042697 secs] [Times: user=0.01 sys=0.00, real=0.00 secs] 
2015-10-30T16:32:46.125+0000: 7233.306: [GC (Allocation Failure) 7233.306: [ParNew: 34378K->2082K(36288K), 0.0033813 secs] 135797K->103501K(243144K), 0.0034431 secs] [Times: user=0.01 sys=0.00, real=0.00 secs] 
2015-10-30T16:32:46.133+0000: 7233.313: [CMS-concurrent-sweep: 0.043/0.053 secs] [Times: user=0.19 sys=0.00, real=0.05 secs] 
2015-10-30T16:32:46.133+0000: 7233.313: [CMS-concurrent-reset-start]
2015-10-30T16:32:46.135+0000: 7233.316: [CMS-concurrent-reset: 0.003/0.003 secs] [Times: user=0.01 sys=0.00, real=0.00 secs] 
2015-10-30T16:32:46.149+0000: 7233.330: [GC (Allocation Failure) 7233.330: [ParNew: 34402K->3008K(36288K), 0.0030240 secs] 125722K->94328K(243144K), 0.0030727 secs] [Times: user=0.01 sys=0.00, real=0.00 secs] 
2015-10-30T16:32:46.171+0000: 7233.352: [GC (Allocation Failure) 7233.352: [ParNew: 35328K->3011K(36288K), 0.0047794 secs] 126648K->95134K(243144K), 0.0048353 secs] [Times: user=0.01 sys=0.00, real=0.00 secs] 
2015-10-30T16:32:46.197+0000: 7233.378: [GC (Allocation Failure) 7233.378: [ParNew: 35331K->3083K(36288K), 0.0054157 secs] 127454K->95889K(243144K), 0.0054862 secs] [Times: user=0.02 sys=0.00, real=0.00 secs] 
2015-10-30T16:32:46.225+0000: 7233.406: [GC (Allocation Failure) 7233.406: [ParNew: 35403K->3596K(36288K), 0.0044594 secs] 128209K->97058K(243144K), 0.0045299 secs] [Times: user=0.01 sys=0.00, real=0.00 secs] 
2015-10-30T16:32:46.248+0000: 7233.429: [GC (Allocation Failure) 7233.429: [ParNew: 35916K->2256K(36288K), 0.0030150 secs] 129378K->96250K(243144K), 0.0030753 secs] [Times: user=0.01 sys=0.00, real=0.00 secs] 
2015-10-30T16:32:46.275+0000: 7233.456: [GC (Allocation Failure) 7233.456: [ParNew: 34118K->3968K(36288K), 0.0024338 secs] 128112K->97962K(243144K), 0.0024952 secs] [Times: user=0.01 sys=0.00, real=0.01 secs] 
2015-10-30T16:32:46.599+0000: 7233.780: [GC (Allocation Failure) 7233.780: [ParNew: 36288K->1948K(36288K), 0.0042159 secs] 130282K->99804K(243144K), 0.0042929 secs] [Times: user=0.01 sys=0.00, real=0.00 secs] 
2015-10-30T16:32:50.966+0000: 7238.146: [GC (Allocation Failure) 7238.146: [ParNew: 34268K->3968K(36288K), 0.0132998 secs] 132124K->117239K(243144K), 0.0133936 secs] [Times: user=0.04 sys=0.00, real=0.01 secs] 
2015-10-30T16:32:51.002+0000: 7238.183: [GC (Allocation Failure) 7238.183: [ParNew: 36288K->2797K(36288K), 0.0043031 secs] 149559K->118868K(243144K), 0.0043905 secs] [Times: user=0.02 sys=0.00, real=0.01 secs] 
2015-10-30T16:32:51.025+0000: 7238.206: [GC (Allocation Failure) 7238.206: [ParNew: 35117K->2408K(36288K), 0.0044064 secs] 151188K->120649K(243144K), 0.0044722 secs] [Times: user=0.02 sys=0.00, real=0.00 secs] 
2015-10-30T16:32:51.049+0000: 7238.230: [GC (Allocation Failure) 7238.230: [ParNew: 34728K->1795K(36288K), 0.0024720 secs] 152969K->120037K(243144K), 0.0025337 secs] [Times: user=0.01 sys=0.01, real=0.00 secs] 
2015-10-30T16:32:51.072+0000: 7238.253: [GC (Allocation Failure) 7238.253: [ParNew: 34115K->2652K(36288K), 0.0029083 secs] 152357K->120893K(243144K), 0.0029702 secs] [Times: user=0.01 sys=0.00, real=0.00 secs] 
2015-10-30T16:32:51.097+0000: 7238.278: [GC (Allocation Failure) 7238.278: [ParNew: 34972K->2959K(36288K), 0.0039498 secs] 153213K->121881K(243144K), 0.0040161 secs] [Times: user=0.00 sys=0.01, real=0.00 secs] 
2015-10-30T16:32:51.119+0000: 7238.300: [GC (Allocation Failure) 7238.300: [ParNew: 35279K->3488K(36288K), 0.0042794 secs] 154201K->123067K(243144K), 0.0043386 secs] [Times: user=0.02 sys=0.00, real=0.00 secs] 
2015-10-30T16:32:51.142+0000: 7238.323: [GC (Allocation Failure) 7238.323: [ParNew: 35808K->2773K(36288K), 0.0034862 secs] 155387K->122965K(243144K), 0.0035450 secs] [Times: user=0.01 sys=0.00, real=0.01 secs] 
2015-10-30T16:32:51.169+0000: 7238.349: [GC (Allocation Failure) 7238.349: [ParNew: 35093K->2164K(36288K), 0.0024662 secs] 155285K->122356K(243144K), 0.0025253 secs] [Times: user=0.01 sys=0.00, real=0.00 secs] 
2015-10-30T16:32:51.200+0000: 7238.381: [GC (Allocation Failure) 7238.381: [ParNew: 32890K->3093K(36288K), 0.0030150 secs] 153083K->131262K(243144K), 0.0030898 secs] [Times: user=0.01 sys=0.00, real=0.00 secs] 
2015-10-30T16:32:51.204+0000: 7238.385: [GC (CMS Initial Mark) [1 CMS-initial-mark: 128168K(206856K)] 134125K(243144K), 0.0018802 secs] [Times: user=0.00 sys=0.00, real=0.01 secs] 
2015-10-30T16:32:51.206+0000: 7238.387: [CMS-concurrent-mark-start]
2015-10-30T16:32:51.264+0000: 7238.444: [CMS-concurrent-mark: 0.058/0.058 secs] [Times: user=0.12 sys=0.00, real=0.05 secs] 
2015-10-30T16:32:51.264+0000: 7238.444: [CMS-concurrent-preclean-start]
2015-10-30T16:32:51.266+0000: 7238.446: [CMS-concurrent-preclean: 0.002/0.002 secs] [Times: user=0.00 sys=0.00, real=0.01 secs] 
2015-10-30T16:32:51.266+0000: 7238.446: [CMS-concurrent-abortable-preclean-start]
 CMS: abort preclean due to time 2015-10-30T16:32:56.297+0000: 7243.478: [CMS-concurrent-abortable-preclean: 1.148/5.031 secs] [Times: user=1.22 sys=0.00, real=5.03 secs] 
2015-10-30T16:32:56.298+0000: 7243.478: [GC (CMS Final Remark) [YG occupancy: 11351 K (36288 K)]7243.479: [Rescan (parallel) , 0.0019586 secs]7243.481: [weak refs processing, 0.0000169 secs]7243.481: [class unloading, 0.0150119 secs]7243.497: [scrub symbol table, 0.0066537 secs]7243.503: [scrub string table, 0.0007593 secs][1 CMS-remark: 128168K(206856K)] 139520K(243144K), 0.0271466 secs] [Times: user=0.03 sys=0.00, real=0.02 secs] 
2015-10-30T16:32:56.325+0000: 7243.506: [CMS-concurrent-sweep-start]
2015-10-30T16:32:56.362+0000: 7243.542: [CMS-concurrent-sweep: 0.037/0.037 secs] [Times: user=0.04 sys=0.00, real=0.03 secs] 
2015-10-30T16:32:56.362+0000: 7243.542: [CMS-concurrent-reset-start]
2015-10-30T16:32:56.364+0000: 7243.545: [CMS-concurrent-reset: 0.002/0.002 secs] [Times: user=0.00 sys=0.00, real=0.00 secs] 
2015-10-30T16:32:58.364+0000: 7245.545: [GC (CMS Initial Mark) [1 CMS-initial-mark: 69469K(206856K)] 82384K(243144K), 0.0029695 secs] [Times: user=0.01 sys=0.00, real=0.01 secs] 
2015-10-30T16:32:58.367+0000: 7245.548: [CMS-concurrent-mark-start]
2015-10-30T16:32:58.404+0000: 7245.584: [CMS-concurrent-mark: 0.037/0.037 secs] [Times: user=0.04 sys=0.00, real=0.03 secs] 
2015-10-30T16:32:58.404+0000: 7245.584: [CMS-concurrent-preclean-start]
2015-10-30T16:32:58.406+0000: 7245.586: [CMS-concurrent-preclean: 0.002/0.002 secs] [Times: user=0.00 sys=0.00, real=0.01 secs] 
2015-10-30T16:32:58.406+0000: 7245.586: [CMS-concurrent-abortable-preclean-start]
2015-10-30T16:33:00.099+0000: 7247.279: [GC (Allocation Failure) 7247.279: [ParNew: 35413K->3399K(36288K), 0.0040209 secs] 104882K->76015K(243144K), 0.0040800 secs] [Times: user=0.02 sys=0.00, real=0.00 secs] 
2015-10-30T16:33:00.374+0000: 7247.555: [CMS-concurrent-abortable-preclean: 0.459/1.969 secs] [Times: user=0.65 sys=0.01, real=1.96 secs] 
2015-10-30T16:33:00.375+0000: 7247.555: [GC (CMS Final Remark) [YG occupancy: 25068 K (36288 K)]7247.555: [Rescan (parallel) , 0.0096618 secs]7247.565: [weak refs processing, 0.0000204 secs]7247.565: [class unloading, 0.0147567 secs]7247.580: [scrub symbol table, 0.0066650 secs]7247.586: [scrub string table, 0.0007618 secs][1 CMS-remark: 72615K(206856K)] 97683K(243144K), 0.0333783 secs] [Times: user=0.06 sys=0.00, real=0.04 secs] 
2015-10-30T16:33:00.408+0000: 7247.589: [CMS-concurrent-sweep-start]
2015-10-30T16:33:00.458+0000: 7247.639: [CMS-concurrent-sweep: 0.050/0.050 secs] [Times: user=0.05 sys=0.00, real=0.05 secs] 
2015-10-30T16:33:00.458+0000: 7247.639: [CMS-concurrent-reset-start]
2015-10-30T16:33:00.461+0000: 7247.641: [CMS-concurrent-reset: 0.002/0.002 secs] [Times: user=0.01 sys=0.00, real=0.00 secs] 
2015-10-30T16:33:00.529+0000: 7247.709: [GC (Allocation Failure) 7247.710: [ParNew: 35719K->3846K(36288K), 0.0026324 secs] 107775K->76414K(243144K), 0.0026852 secs] [Times: user=0.01 sys=0.00, real=0.00 secs] 
2015-10-30T16:33:00.555+0000: 7247.736: [GC (Allocation Failure) 7247.736: [ParNew: 36166K->3968K(36288K), 0.0061306 secs] 108734K->79188K(243144K), 0.0062081 secs] [Times: user=0.01 sys=0.00, real=0.01 secs] 
2015-10-30T16:33:00.581+0000: 7247.761: [GC (Allocation Failure) 7247.761: [ParNew: 36288K->3968K(36288K), 0.0078776 secs] 111508K->84283K(243144K), 0.0079574 secs] [Times: user=0.02 sys=0.00, real=0.01 secs] 
2015-10-30T16:33:00.609+0000: 7247.789: [GC (Allocation Failure) 7247.789: [ParNew: 36288K->3968K(36288K), 0.0075396 secs] 116887K->90000K(243144K), 0.0076161 secs] [Times: user=0.03 sys=0.00, real=0.00 secs] 
2015-10-30T16:33:00.617+0000: 7247.797: [GC (GCLocker Initiated GC) 7247.797: [ParNew: 4094K->2687K(36288K), 0.0043285 secs] 90127K->92752K(243144K), 0.0043657 secs] [Times: user=0.02 sys=0.00, real=0.01 secs] 
2015-10-30T16:33:00.621+0000: 7247.802: [GC (CMS Initial Mark) [1 CMS-initial-mark: 90065K(206856K)] 92881K(243144K), 0.0013919 secs] [Times: user=0.00 sys=0.00, real=0.00 secs] 
2015-10-30T16:33:00.623+0000: 7247.803: [CMS-concurrent-mark-start]
2015-10-30T16:33:00.651+0000: 7247.831: [GC (Allocation Failure) 7247.831: [ParNew: 35007K->1793K(36288K), 0.0026266 secs] 125072K->91858K(243144K), 0.0026803 secs] [Times: user=0.01 sys=0.00, real=0.00 secs] 
2015-10-30T16:33:00.676+0000: 7247.856: [CMS-concurrent-mark: 0.050/0.053 secs] [Times: user=0.16 sys=0.00, real=0.05 secs] 
2015-10-30T16:33:00.676+0000: 7247.856: [CMS-concurrent-preclean-start]
2015-10-30T16:33:00.678+0000: 7247.858: [CMS-concurrent-preclean: 0.002/0.002 secs] [Times: user=0.01 sys=0.00, real=0.01 secs] 
2015-10-30T16:33:00.678+0000: 7247.858: [CMS-concurrent-abortable-preclean-start]
2015-10-30T16:33:00.683+0000: 7247.864: [GC (Allocation Failure) 7247.864: [ParNew: 33574K->3968K(36288K), 0.0033104 secs] 123639K->94263K(243144K), 0.0033664 secs] [Times: user=0.01 sys=0.00, real=0.01 secs] 
 CMS: abort preclean due to time 2015-10-30T16:33:05.714+0000: 7252.895: [CMS-concurrent-abortable-preclean: 1.052/5.037 secs] [Times: user=1.14 sys=0.01, real=5.03 secs] 
2015-10-30T16:33:05.714+0000: 7252.895: [GC (CMS Final Remark) [YG occupancy: 7971 K (36288 K)]7252.895: [Rescan (parallel) , 0.0021686 secs]7252.897: [weak refs processing, 0.0000169 secs]7252.897: [class unloading, 0.0155679 secs]7252.913: [scrub symbol table, 0.0068450 secs]7252.920: [scrub string table, 0.0007856 secs][1 CMS-remark: 90295K(206856K)] 98266K(243144K), 0.0268985 secs] [Times: user=0.03 sys=0.00, real=0.03 secs] 
2015-10-30T16:33:05.742+0000: 7252.922: [CMS-concurrent-sweep-start]
2015-10-30T16:33:05.768+0000: 7252.949: [CMS-concurrent-sweep: 0.027/0.027 secs] [Times: user=0.03 sys=0.00, real=0.03 secs] 
2015-10-30T16:33:05.768+0000: 7252.949: [CMS-concurrent-reset-start]
2015-10-30T16:33:05.771+0000: 7252.951: [CMS-concurrent-reset: 0.002/0.002 secs] [Times: user=0.00 sys=0.00, real=0.00 secs] 
2015-10-30T16:33:06.065+0000: 7253.246: [GC (Allocation Failure) 7253.246: [ParNew: 36288K->3968K(36288K), 0.0171820 secs] 107741K->89095K(243144K), 0.0172713 secs] [Times: user=0.06 sys=0.00, real=0.01 secs] 
2015-10-30T16:33:06.102+0000: 7253.282: [GC (Allocation Failure) 7253.282: [ParNew: 36288K->2398K(36288K), 0.0045299 secs] 121415K->91426K(243144K), 0.0046078 secs] [Times: user=0.02 sys=0.00, real=0.01 secs] 
2015-10-30T16:33:06.125+0000: 7253.305: [GC (Allocation Failure) 7253.305: [ParNew: 34718K->2094K(36288K), 0.0026489 secs] 123746K->91122K(243144K), 0.0027128 secs] [Times: user=0.01 sys=0.00, real=0.01 secs] 
2015-10-30T16:33:06.149+0000: 7253.329: [GC (Allocation Failure) 7253.329: [ParNew: 34414K->2949K(36288K), 0.0028993 secs] 123442K->91977K(243144K), 0.0029502 secs] [Times: user=0.01 sys=0.00, real=0.00 secs] 
2015-10-30T16:33:06.173+0000: 7253.354: [GC (Allocation Failure) 7253.354: [ParNew: 35269K->2398K(36288K), 0.0041381 secs] 124297K->92230K(243144K), 0.0042045 secs] [Times: user=0.02 sys=0.00, real=0.01 secs] 
2015-10-30T16:33:06.201+0000: 7253.382: [GC (Allocation Failure) 7253.382: [ParNew: 34718K->3001K(36288K), 0.0044597 secs] 124550K->93508K(243144K), 0.0045253 secs] [Times: user=0.02 sys=0.00, real=0.01 secs] 
2015-10-30T16:33:06.225+0000: 7253.405: [GC (Allocation Failure) 7253.405: [ParNew: 35321K->3890K(36288K), 0.0031253 secs] 125828K->94397K(243144K), 0.0032042 secs] [Times: user=0.02 sys=0.00, real=0.01 secs] 
2015-10-30T16:33:06.248+0000: 7253.428: [GC (Allocation Failure) 7253.428: [ParNew: 36210K->2356K(36288K), 0.0040961 secs] 126717K->93503K(243144K), 0.0041581 secs] [Times: user=0.02 sys=0.00, real=0.00 secs] 
2015-10-30T16:33:06.276+0000: 7253.456: [GC (Allocation Failure) 7253.456: [ParNew: 34208K->3968K(36288K), 0.0030574 secs] 125355K->95156K(243144K), 0.0031272 secs] [Times: user=0.01 sys=0.00, real=0.01 secs] 
2015-10-30T16:33:06.484+0000: 7253.664: [GC (Allocation Failure) 7253.664: [ParNew: 36262K->2337K(36288K), 0.0055214 secs] 127451K->97843K(243144K), 0.0055907 secs] [Times: user=0.02 sys=0.00, real=0.01 secs] 
2015-10-30T16:33:15.976+0000: 7263.157: [GC (Allocation Failure) 7263.157: [ParNew: 34657K->3968K(36288K), 0.0049107 secs] 130163K->105514K(243144K), 0.0050035 secs] [Times: user=0.02 sys=0.00, real=0.01 secs] 
2015-10-30T16:33:16.014+0000: 7263.195: [GC (Allocation Failure) 7263.195: [ParNew: 36288K->3968K(36288K), 0.0140849 secs] 137834K->116970K(243144K), 0.0141688 secs] [Times: user=0.04 sys=0.00, real=0.02 secs] 
2015-10-30T16:33:16.049+0000: 7263.230: [GC (Allocation Failure) 7263.230: [ParNew: 36288K->3261K(36288K), 0.0054896 secs] 149290K->120150K(243144K), 0.0055638 secs] [Times: user=0.02 sys=0.00, real=0.00 secs] 
2015-10-30T16:33:16.072+0000: 7263.253: [GC (Allocation Failure) 7263.253: [ParNew: 35581K->2006K(36288K), 0.0024478 secs] 152470K->118895K(243144K), 0.0025085 secs] [Times: user=0.01 sys=0.00, real=0.00 secs] 
2015-10-30T16:33:16.097+0000: 7263.278: [GC (Allocation Failure) 7263.278: [ParNew: 34326K->3279K(36288K), 0.0031926 secs] 151215K->120169K(243144K), 0.0032532 secs] [Times: user=0.01 sys=0.00, real=0.00 secs] 
2015-10-30T16:33:16.125+0000: 7263.306: [GC (Allocation Failure) 7263.306: [ParNew: 35599K->2730K(36288K), 0.0040578 secs] 152489K->120335K(243144K), 0.0041224 secs] [Times: user=0.02 sys=0.00, real=0.00 secs] 
2015-10-30T16:33:16.149+0000: 7263.329: [GC (Allocation Failure) 7263.329: [ParNew: 35050K->3968K(36288K), 0.0033362 secs] 152655K->121573K(243144K), 0.0033982 secs] [Times: user=0.02 sys=0.00, real=0.00 secs] 
2015-10-30T16:33:16.172+0000: 7263.352: [GC (Allocation Failure) 7263.352: [ParNew: 36288K->3658K(36288K), 0.0039396 secs] 153893K->121952K(243144K), 0.0040036 secs] [Times: user=0.01 sys=0.00, real=0.00 secs] 
2015-10-30T16:33:16.197+0000: 7263.378: [GC (Allocation Failure) 7263.378: [ParNew: 35978K->2447K(36288K), 0.0033045 secs] 154272K->121285K(243144K), 0.0033639 secs] [Times: user=0.01 sys=0.00, real=0.00 secs] 
2015-10-30T16:33:16.231+0000: 7263.412: [GC (Allocation Failure) 7263.412: [ParNew: 30973K->3968K(36288K), 0.0032129 secs] 149810K->131312K(243144K), 0.0032971 secs] [Times: user=0.02 sys=0.00, real=0.00 secs] 
2015-10-30T16:33:16.236+0000: 7263.416: [GC (CMS Initial Mark) [1 CMS-initial-mark: 127344K(206856K)] 136630K(243144K), 0.0018538 secs] [Times: user=0.00 sys=0.00, real=0.01 secs] 
2015-10-30T16:33:16.238+0000: 7263.418: [CMS-concurrent-mark-start]
2015-10-30T16:33:16.275+0000: 7263.456: [CMS-concurrent-mark: 0.038/0.038 secs] [Times: user=0.08 sys=0.00, real=0.03 secs] 
2015-10-30T16:33:16.275+0000: 7263.456: [CMS-concurrent-preclean-start]
2015-10-30T16:33:16.277+0000: 7263.457: [CMS-concurrent-preclean: 0.002/0.002 secs] [Times: user=0.00 sys=0.00, real=0.00 secs] 
2015-10-30T16:33:16.277+0000: 7263.457: [CMS-concurrent-abortable-preclean-start]
 CMS: abort preclean due to time 2015-10-30T16:33:21.385+0000: 7268.565: [CMS-concurrent-abortable-preclean: 1.249/5.108 secs] [Times: user=1.35 sys=0.00, real=5.11 secs] 
2015-10-30T16:33:21.385+0000: 7268.565: [GC (CMS Final Remark) [YG occupancy: 26909 K (36288 K)]7268.580: [Rescan (parallel) , 0.0025937 secs]7268.582: [weak refs processing, 0.0000192 secs]7268.582: [class unloading, 0.0150421 secs]7268.597: [scrub symbol table, 0.0066177 secs]7268.604: [scrub string table, 0.0007555 secs][1 CMS-remark: 127344K(206856K)] 154254K(243144K), 0.0407092 secs] [Times: user=0.03 sys=0.01, real=0.05 secs] 
2015-10-30T16:33:21.426+0000: 7268.606: [CMS-concurrent-sweep-start]
2015-10-30T16:33:21.460+0000: 7268.640: [CMS-concurrent-sweep: 0.034/0.034 secs] [Times: user=0.03 sys=0.00, real=0.03 secs] 
2015-10-30T16:33:21.460+0000: 7268.640: [CMS-concurrent-reset-start]
2015-10-30T16:33:21.462+0000: 7268.643: [CMS-concurrent-reset: 0.003/0.003 secs] [Times: user=0.00 sys=0.00, real=0.00 secs] 
2015-10-30T16:33:23.462+0000: 7270.642: [GC (CMS Initial Mark) [1 CMS-initial-mark: 73196K(206856K)] 100314K(243144K), 0.0026368 secs] [Times: user=0.01 sys=0.00, real=0.00 secs] 
2015-10-30T16:33:23.464+0000: 7270.645: [CMS-concurrent-mark-start]
2015-10-30T16:33:23.502+0000: 7270.683: [CMS-concurrent-mark: 0.038/0.038 secs] [Times: user=0.04 sys=0.00, real=0.04 secs] 
2015-10-30T16:33:23.502+0000: 7270.683: [CMS-concurrent-preclean-start]
2015-10-30T16:33:23.504+0000: 7270.685: [CMS-concurrent-preclean: 0.002/0.002 secs] [Times: user=0.00 sys=0.00, real=0.00 secs] 
2015-10-30T16:33:23.504+0000: 7270.685: [CMS-concurrent-abortable-preclean-start]
2015-10-30T16:33:25.998+0000: 7273.179: [GC (Allocation Failure) 7273.179: [ParNew: 36288K->3968K(36288K), 0.0086213 secs] 109484K->86161K(243144K), 0.0087096 secs] [Times: user=0.02 sys=0.00, real=0.01 secs] 
2015-10-30T16:33:26.049+0000: 7273.230: [GC (Allocation Failure) 7273.230: [ParNew: 36288K->3968K(36288K), 0.0132173 secs] 118481K->98174K(243144K), 0.0133030 secs] [Times: user=0.05 sys=0.00, real=0.01 secs] 
2015-10-30T16:33:26.089+0000: 7273.270: [GC (Allocation Failure) 7273.270: [ParNew: 36288K->3283K(36288K), 0.0063849 secs] 130494K->101356K(243144K), 0.0064637 secs] [Times: user=0.03 sys=0.00, real=0.00 secs] 
2015-10-30T16:33:26.117+0000: 7273.298: [GC (Allocation Failure) 7273.298: [ParNew: 35603K->1878K(36288K), 0.0028066 secs] 133676K->99952K(243144K), 0.0028682 secs] [Times: user=0.01 sys=0.00, real=0.00 secs] 
2015-10-30T16:33:26.121+0000: 7273.301: [CMS-concurrent-abortable-preclean: 0.688/2.616 secs] [Times: user=1.02 sys=0.01, real=2.62 secs] 
2015-10-30T16:33:26.121+0000: 7273.301: [GC (CMS Final Remark) [YG occupancy: 2316 K (36288 K)]7273.301: [Rescan (parallel) , 0.0016817 secs]7273.303: [weak refs processing, 0.0000134 secs]7273.303: [class unloading, 0.0153180 secs]7273.318: [scrub symbol table, 0.0069149 secs]7273.325: [scrub string table, 0.0007797 secs][1 CMS-remark: 98073K(206856K)] 100390K(243144K), 0.0262004 secs] [Times: user=0.03 sys=0.00, real=0.03 secs] 
2015-10-30T16:33:26.147+0000: 7273.328: [CMS-concurrent-sweep-start]
2015-10-30T16:33:26.171+0000: 7273.352: [GC (Allocation Failure) 7273.352: [ParNew: 34198K->3106K(36288K), 0.0032609 secs] 127713K->96621K(243144K), 0.0033236 secs] [Times: user=0.02 sys=0.00, real=0.00 secs] 
2015-10-30T16:33:26.188+0000: 7273.368: [CMS-concurrent-sweep: 0.037/0.041 secs] [Times: user=0.16 sys=0.00, real=0.04 secs] 
2015-10-30T16:33:26.188+0000: 7273.368: [CMS-concurrent-reset-start]
2015-10-30T16:33:26.190+0000: 7273.371: [CMS-concurrent-reset: 0.003/0.003 secs] [Times: user=0.01 sys=0.00, real=0.00 secs] 
2015-10-30T16:33:26.198+0000: 7273.378: [GC (Allocation Failure) 7273.378: [ParNew: 35426K->3496K(36288K), 0.0041575 secs] 127693K->96490K(243144K), 0.0042088 secs] [Times: user=0.01 sys=0.00, real=0.00 secs] 
2015-10-30T16:33:26.221+0000: 7273.402: [GC (Allocation Failure) 7273.402: [ParNew: 35816K->3441K(36288K), 0.0047643 secs] 128810K->97143K(243144K), 0.0048315 secs] [Times: user=0.02 sys=0.00, real=0.01 secs] 
2015-10-30T16:33:26.244+0000: 7273.425: [GC (Allocation Failure) 7273.425: [ParNew: 35761K->2439K(36288K), 0.0033913 secs] 129463K->96771K(243144K), 0.0034504 secs] [Times: user=0.01 sys=0.00, real=0.01 secs] 
2015-10-30T16:33:26.269+0000: 7273.450: [GC (Allocation Failure) 7273.450: [ParNew: 34759K->2257K(36288K), 0.0029371 secs] 129091K->96589K(243144K), 0.0029960 secs] [Times: user=0.01 sys=0.00, real=0.00 secs] 
2015-10-30T16:33:26.305+0000: 7273.485: [GC (Allocation Failure) 7273.485: [ParNew: 32491K->3968K(36288K), 0.0033481 secs] 126823K->106809K(243144K), 0.0034377 secs] [Times: user=0.01 sys=0.00, real=0.01 secs] 
2015-10-30T16:33:26.309+0000: 7273.490: [GC (CMS Initial Mark) [1 CMS-initial-mark: 102841K(206856K)] 112127K(243144K), 0.0022697 secs] [Times: user=0.00 sys=0.00, real=0.00 secs] 
2015-10-30T16:33:26.312+0000: 7273.492: [CMS-concurrent-mark-start]
2015-10-30T16:33:26.351+0000: 7273.531: [CMS-concurrent-mark: 0.039/0.039 secs] [Times: user=0.08 sys=0.00, real=0.04 secs] 
2015-10-30T16:33:26.351+0000: 7273.531: [CMS-concurrent-preclean-start]
2015-10-30T16:33:26.352+0000: 7273.533: [CMS-concurrent-preclean: 0.001/0.001 secs] [Times: user=0.00 sys=0.00, real=0.00 secs] 
2015-10-30T16:33:26.352+0000: 7273.533: [CMS-concurrent-abortable-preclean-start]
 CMS: abort preclean due to time 2015-10-30T16:33:31.466+0000: 7278.647: [CMS-concurrent-abortable-preclean: 1.269/5.114 secs] [Times: user=1.36 sys=0.01, real=5.12 secs] 
2015-10-30T16:33:31.467+0000: 7278.647: [GC (CMS Final Remark) [YG occupancy: 26935 K (36288 K)]7278.647: [Rescan (parallel) , 0.0031123 secs]7278.650: [weak refs processing, 0.0000267 secs]7278.650: [class unloading, 0.0149883 secs]7278.665: [scrub symbol table, 0.0066121 secs]7278.672: [scrub string table, 0.0007519 secs][1 CMS-remark: 102841K(206856K)] 129776K(243144K), 0.0269504 secs] [Times: user=0.03 sys=0.00, real=0.02 secs] 
2015-10-30T16:33:31.494+0000: 7278.674: [CMS-concurrent-sweep-start]
2015-10-30T16:33:31.532+0000: 7278.712: [CMS-concurrent-sweep: 0.038/0.038 secs] [Times: user=0.04 sys=0.00, real=0.04 secs] 
2015-10-30T16:33:31.532+0000: 7278.712: [CMS-concurrent-reset-start]
2015-10-30T16:33:31.534+0000: 7278.715: [CMS-concurrent-reset: 0.002/0.002 secs] [Times: user=0.00 sys=0.00, real=0.00 secs] 
2015-10-30T16:33:33.535+0000: 7280.715: [GC (CMS Initial Mark) [1 CMS-initial-mark: 72692K(206856K)] 99837K(243144K), 0.0026855 secs] [Times: user=0.01 sys=0.00, real=0.01 secs] 
2015-10-30T16:33:33.537+0000: 7280.718: [CMS-concurrent-mark-start]
2015-10-30T16:33:33.575+0000: 7280.756: [CMS-concurrent-mark: 0.038/0.038 secs] [Times: user=0.04 sys=0.00, real=0.03 secs] 
2015-10-30T16:33:33.575+0000: 7280.756: [CMS-concurrent-preclean-start]
2015-10-30T16:33:33.577+0000: 7280.758: [CMS-concurrent-preclean: 0.002/0.002 secs] [Times: user=0.00 sys=0.00, real=0.01 secs] 
2015-10-30T16:33:33.577+0000: 7280.758: [CMS-concurrent-abortable-preclean-start]
2015-10-30T16:33:35.946+0000: 7283.126: [GC (Allocation Failure) 7283.126: [ParNew: 36288K->3968K(36288K), 0.0065655 secs] 108980K->85820K(243144K), 0.0066648 secs] [Times: user=0.02 sys=0.00, real=0.00 secs] 
2015-10-30T16:33:35.985+0000: 7283.165: [GC (Allocation Failure) 7283.165: [ParNew: 36288K->3968K(36288K), 0.0131839 secs] 118140K->97876K(243144K), 0.0132747 secs] [Times: user=0.04 sys=0.01, real=0.02 secs] 
2015-10-30T16:33:36.019+0000: 7283.199: [GC (Allocation Failure) 7283.199: [ParNew: 36288K->3079K(36288K), 0.0060179 secs] 130196K->100866K(243144K), 0.0061065 secs] [Times: user=0.02 sys=0.00, real=0.00 secs] 
2015-10-30T16:33:36.049+0000: 7283.229: [GC (Allocation Failure) 7283.229: [ParNew: 35399K->2000K(36288K), 0.0027200 secs] 133186K->99787K(243144K), 0.0027872 secs] [Times: user=0.01 sys=0.00, real=0.00 secs] 
2015-10-30T16:33:36.057+0000: 7283.237: [CMS-concurrent-abortable-preclean: 0.618/2.479 secs] [Times: user=0.93 sys=0.03, real=2.47 secs] 
2015-10-30T16:33:36.072+0000: 7283.253: [GC (CMS Final Remark) [YG occupancy: 32651 K (36288 K)]7283.253: [Rescan (parallel) , 0.0194756 secs]7283.272: [weak refs processing, 0.0000195 secs]7283.272: [class unloading, 0.0152196 secs]7283.288: [scrub symbol table, 0.0067385 secs]7283.294: [scrub string table, 0.0007648 secs][1 CMS-remark: 97786K(206856K)] 130437K(243144K), 0.0437678 secs] [Times: user=0.10 sys=0.00, real=0.04 secs] 
2015-10-30T16:33:36.118+0000: 7283.298: [GC (Allocation Failure) 7283.298: [ParNew: 34320K->3419K(36288K), 0.0031628 secs] 132107K->101205K(243144K), 0.0032111 secs] [Times: user=0.01 sys=0.00, real=0.00 secs] 
2015-10-30T16:33:36.121+0000: 7283.301: [CMS-concurrent-sweep-start]
2015-10-30T16:33:36.146+0000: 7283.327: [GC (Allocation Failure) 7283.327: [ParNew: 35739K->2862K(36288K), 0.0045549 secs] 130345K->98254K(243144K), 0.0046516 secs] [Times: user=0.02 sys=0.00, real=0.00 secs] 
2015-10-30T16:33:36.155+0000: 7283.336: [CMS-concurrent-sweep: 0.029/0.034 secs] [Times: user=0.13 sys=0.00, real=0.03 secs] 
2015-10-30T16:33:36.155+0000: 7283.336: [CMS-concurrent-reset-start]
2015-10-30T16:33:36.158+0000: 7283.338: [CMS-concurrent-reset: 0.003/0.003 secs] [Times: user=0.01 sys=0.00, real=0.01 secs] 
2015-10-30T16:33:36.173+0000: 7283.353: [GC (Allocation Failure) 7283.353: [ParNew: 35091K->3268K(36288K), 0.0040069 secs] 129971K->98840K(243144K), 0.0040844 secs] [Times: user=0.02 sys=0.00, real=0.00 secs] 
2015-10-30T16:33:36.197+0000: 7283.378: [GC (Allocation Failure) 7283.378: [ParNew: 35588K->2611K(36288K), 0.0051331 secs] 131160K->98795K(243144K), 0.0052056 secs] [Times: user=0.01 sys=0.00, real=0.00 secs] 
2015-10-30T16:33:36.221+0000: 7283.402: [GC (Allocation Failure) 7283.402: [ParNew: 34931K->2572K(36288K), 0.0024920 secs] 131115K->98755K(243144K), 0.0025522 secs] [Times: user=0.01 sys=0.00, real=0.00 secs] 
2015-10-30T16:33:36.257+0000: 7283.437: [GC (Allocation Failure) 7283.437: [ParNew: 33967K->3968K(36288K), 0.0033156 secs] 130150K->108609K(243144K), 0.0034020 secs] [Times: user=0.01 sys=0.00, real=0.01 secs] 
2015-10-30T16:33:36.261+0000: 7283.442: [GC (CMS Initial Mark) [1 CMS-initial-mark: 104641K(206856K)] 113929K(243144K), 0.0018801 secs] [Times: user=0.00 sys=0.00, real=0.00 secs] 
2015-10-30T16:33:36.263+0000: 7283.444: [CMS-concurrent-mark-start]
2015-10-30T16:33:36.321+0000: 7283.502: [CMS-concurrent-mark: 0.058/0.058 secs] [Times: user=0.11 sys=0.00, real=0.06 secs] 
2015-10-30T16:33:36.322+0000: 7283.502: [CMS-concurrent-preclean-start]
2015-10-30T16:33:36.324+0000: 7283.504: [CMS-concurrent-preclean: 0.002/0.002 secs] [Times: user=0.01 sys=0.00, real=0.00 secs] 
2015-10-30T16:33:36.324+0000: 7283.504: [CMS-concurrent-abortable-preclean-start]
 CMS: abort preclean due to time 2015-10-30T16:33:41.441+0000: 7288.621: [CMS-concurrent-abortable-preclean: 1.311/5.117 secs] [Times: user=1.41 sys=0.01, real=5.12 secs] 
2015-10-30T16:33:41.441+0000: 7288.621: [GC (CMS Final Remark) [YG occupancy: 26973 K (36288 K)]7288.621: [Rescan (parallel) , 0.0024276 secs]7288.624: [weak refs processing, 0.0000168 secs]7288.624: [class unloading, 0.0152450 secs]7288.639: [scrub symbol table, 0.0067690 secs]7288.646: [scrub string table, 0.0007676 secs][1 CMS-remark: 104641K(206856K)] 131615K(243144K), 0.0267420 secs] [Times: user=0.03 sys=0.00, real=0.03 secs] 
2015-10-30T16:33:41.468+0000: 7288.648: [CMS-concurrent-sweep-start]
2015-10-30T16:33:41.500+0000: 7288.680: [CMS-concurrent-sweep: 0.032/0.032 secs] [Times: user=0.03 sys=0.00, real=0.03 secs] 
2015-10-30T16:33:41.500+0000: 7288.680: [CMS-concurrent-reset-start]
2015-10-30T16:33:41.502+0000: 7288.683: [CMS-concurrent-reset: 0.002/0.002 secs] [Times: user=0.01 sys=0.00, real=0.00 secs] 
2015-10-30T16:33:43.503+0000: 7290.683: [GC (CMS Initial Mark) [1 CMS-initial-mark: 74497K(206856K)] 101687K(243144K), 0.0026967 secs] [Times: user=0.01 sys=0.00, real=0.01 secs] 
2015-10-30T16:33:43.505+0000: 7290.686: [CMS-concurrent-mark-start]
2015-10-30T16:33:43.542+0000: 7290.722: [CMS-concurrent-mark: 0.036/0.036 secs] [Times: user=0.03 sys=0.00, real=0.03 secs] 
2015-10-30T16:33:43.542+0000: 7290.722: [CMS-concurrent-preclean-start]
2015-10-30T16:33:43.544+0000: 7290.724: [CMS-concurrent-preclean: 0.002/0.002 secs] [Times: user=0.00 sys=0.00, real=0.00 secs] 
2015-10-30T16:33:43.544+0000: 7290.724: [CMS-concurrent-abortable-preclean-start]
2015-10-30T16:33:45.974+0000: 7293.155: [GC (Allocation Failure) 7293.155: [ParNew: 36265K->3968K(36288K), 0.0063879 secs] 110762K->87817K(243144K), 0.0064733 secs] [Times: user=0.02 sys=0.00, real=0.01 secs] 
2015-10-30T16:33:46.018+0000: 7293.199: [GC (Allocation Failure) 7293.199: [ParNew: 36288K->3968K(36288K), 0.0134975 secs] 120137K->99634K(243144K), 0.0135866 secs] [Times: user=0.05 sys=0.00, real=0.01 secs] 
2015-10-30T16:33:46.055+0000: 7293.236: [GC (Allocation Failure) 7293.236: [ParNew: 36288K->3646K(36288K), 0.0055790 secs] 131954K->103197K(243144K), 0.0056670 secs] [Times: user=0.03 sys=0.00, real=0.01 secs] 
2015-10-30T16:33:46.062+0000: 7293.243: [CMS-concurrent-abortable-preclean: 0.666/2.519 secs] [Times: user=0.93 sys=0.00, real=2.52 secs] 
2015-10-30T16:33:46.065+0000: 7293.246: [GC (CMS Final Remark) [YG occupancy: 5781 K (36288 K)]7293.246: [Rescan (parallel) , 0.0081602 secs]7293.254: [weak refs processing, 0.0000138 secs]7293.254: [class unloading, 0.0146665 secs]7293.269: [scrub symbol table, 0.0066626 secs]7293.275: [scrub string table, 0.0007635 secs][1 CMS-remark: 99551K(206856K)] 105332K(243144K), 0.0317681 secs] [Times: user=0.06 sys=0.00, real=0.02 secs] 
2015-10-30T16:33:46.097+0000: 7293.278: [CMS-concurrent-sweep-start]
2015-10-30T16:33:46.121+0000: 7293.302: [GC (Allocation Failure) 7293.302: [ParNew: 35966K->2284K(36288K), 0.0026033 secs] 131180K->97498K(243144K), 0.0026632 secs] [Times: user=0.01 sys=0.00, real=0.00 secs] 
2015-10-30T16:33:46.128+0000: 7293.308: [CMS-concurrent-sweep: 0.026/0.031 secs] [Times: user=0.10 sys=0.00, real=0.03 secs] 
2015-10-30T16:33:46.128+0000: 7293.309: [CMS-concurrent-reset-start]
2015-10-30T16:33:46.131+0000: 7293.311: [CMS-concurrent-reset: 0.003/0.003 secs] [Times: user=0.01 sys=0.00, real=0.00 secs] 
2015-10-30T16:33:46.145+0000: 7293.326: [GC (Allocation Failure) 7293.326: [ParNew: 34604K->2874K(36288K), 0.0031341 secs] 129013K->97282K(243144K), 0.0031842 secs] [Times: user=0.01 sys=0.00, real=0.00 secs] 
2015-10-30T16:33:46.170+0000: 7293.350: [GC (Allocation Failure) 7293.350: [ParNew: 35194K->2743K(36288K), 0.0040113 secs] 129602K->97878K(243144K), 0.0040679 secs] [Times: user=0.02 sys=0.00, real=0.00 secs] 
2015-10-30T16:33:46.193+0000: 7293.373: [GC (Allocation Failure) 7293.373: [ParNew: 35063K->3076K(36288K), 0.0041303 secs] 130198K->98924K(243144K), 0.0041897 secs] [Times: user=0.02 sys=0.00, real=0.01 secs] 
2015-10-30T16:33:46.214+0000: 7293.394: [GC (Allocation Failure) 7293.395: [ParNew: 35396K->2723K(36288K), 0.0035869 secs] 131244K->99140K(243144K), 0.0036466 secs] [Times: user=0.02 sys=0.00, real=0.01 secs] 
2015-10-30T16:33:46.237+0000: 7293.418: [GC (Allocation Failure) 7293.418: [ParNew: 35043K->2265K(36288K), 0.0025265 secs] 131460K->98682K(243144K), 0.0025852 secs] [Times: user=0.00 sys=0.00, real=0.00 secs] 
2015-10-30T16:33:46.273+0000: 7293.453: [GC (Allocation Failure) 7293.453: [ParNew: 32557K->3968K(36288K), 0.0033352 secs] 128974K->108888K(243144K), 0.0034133 secs] [Times: user=0.02 sys=0.00, real=0.00 secs] 
2015-10-30T16:33:46.277+0000: 7293.458: [GC (CMS Initial Mark) [1 CMS-initial-mark: 104920K(206856K)] 114206K(243144K), 0.0019968 secs] [Times: user=0.00 sys=0.00, real=0.00 secs] 
2015-10-30T16:33:46.279+0000: 7293.460: [CMS-concurrent-mark-start]
2015-10-30T16:33:46.317+0000: 7293.497: [CMS-concurrent-mark: 0.037/0.037 secs] [Times: user=0.08 sys=0.00, real=0.03 secs] 
2015-10-30T16:33:46.317+0000: 7293.497: [CMS-concurrent-preclean-start]
2015-10-30T16:33:46.318+0000: 7293.499: [CMS-concurrent-preclean: 0.001/0.001 secs] [Times: user=0.00 sys=0.00, real=0.01 secs] 
2015-10-30T16:33:46.318+0000: 7293.499: [CMS-concurrent-abortable-preclean-start]
 CMS: abort preclean due to time 2015-10-30T16:33:51.340+0000: 7298.521: [CMS-concurrent-abortable-preclean: 1.287/5.022 secs] [Times: user=1.38 sys=0.00, real=5.02 secs] 
2015-10-30T16:33:51.340+0000: 7298.521: [GC (CMS Final Remark) [YG occupancy: 26863 K (36288 K)]7298.521: [Rescan (parallel) , 0.0027496 secs]7298.524: [weak refs processing, 0.0000211 secs]7298.524: [class unloading, 0.0151180 secs]7298.539: [scrub symbol table, 0.0066552 secs]7298.546: [scrub string table, 0.0007725 secs][1 CMS-remark: 104920K(206856K)] 131783K(243144K), 0.0268278 secs] [Times: user=0.03 sys=0.00, real=0.03 secs] 
2015-10-30T16:33:51.367+0000: 7298.548: [CMS-concurrent-sweep-start]
2015-10-30T16:33:51.393+0000: 7298.574: [CMS-concurrent-sweep: 0.026/0.026 secs] [Times: user=0.03 sys=0.00, real=0.02 secs] 
2015-10-30T16:33:51.393+0000: 7298.574: [CMS-concurrent-reset-start]
2015-10-30T16:33:51.396+0000: 7298.576: [CMS-concurrent-reset: 0.002/0.002 secs] [Times: user=0.00 sys=0.00, real=0.00 secs] 
2015-10-30T16:33:53.395+0000: 7300.576: [GC (CMS Initial Mark) [1 CMS-initial-mark: 74539K(206856K)] 101591K(243144K), 0.0027796 secs] [Times: user=0.01 sys=0.00, real=0.01 secs] 
2015-10-30T16:33:53.398+0000: 7300.579: [CMS-concurrent-mark-start]
2015-10-30T16:33:53.435+0000: 7300.616: [CMS-concurrent-mark: 0.037/0.037 secs] [Times: user=0.04 sys=0.00, real=0.03 secs] 
2015-10-30T16:33:53.435+0000: 7300.616: [CMS-concurrent-preclean-start]
2015-10-30T16:33:53.437+0000: 7300.618: [CMS-concurrent-preclean: 0.002/0.002 secs] [Times: user=0.00 sys=0.00, real=0.01 secs] 
2015-10-30T16:33:53.437+0000: 7300.618: [CMS-concurrent-abortable-preclean-start]
2015-10-30T16:33:55.979+0000: 7303.159: [GC (Allocation Failure) 7303.159: [ParNew: 36288K->3968K(36288K), 0.0064974 secs] 110827K->87702K(243144K), 0.0065861 secs] [Times: user=0.02 sys=0.01, real=0.01 secs] 
